<<< Welcome to the RAWSimO CLI >>>
The time is: 04/14/2026 00:31:35
Starting RAWSimO wrapper with the following arguments:
Instance: Material/Instances/PP/1-4-4-32-550.xinst
Setting: Material/Instances/PP/PPMinimal.xsett
ControlConfig: Material/Instances/PP/aesop-ecbs.xconf
StatisticsDir: C:\Users\Aesop\Desktop\rawsim-o-rmfs-world-models\output_exp\ecbs\seed_4
Seed: 4
Adding handler for unhandled exceptions ...
Initializing ... 
Instance recognized!
Parsing setting config ...
Parsing control config ...
Parsing instance ...
StatisticsFolder: 1-4-4-32-550-PPMinimal-aesop-ecbs-4
Done!
Executing ... 
 00:31:37 | >>> Warming up ...
 00:00:00 | >>> Warmup finished - starting simulation ...
 Realtime |   ETA    |  Sim.Time  | Progress | #Orders | #Bundles | Inv. | Distance | #Coll. |   Memory    
 00:00:00 |   n/a    | 0.00:00:00 |  0.00%   |    0    |    0     | 60%  |    0     |   0    | 123.27MB  
 00:00:05 | 04:00:30 | 0.00:00:10 |  0.03%   |    0    |    0     | 60%  |   207    |   0    | 165.68MB  
 00:00:07 | WARNING! Aborting ECBS - could not obtain an initial solution for the following agents: Agent2(19->18)
 00:00:07 | WARNING! Aborting ECBS - could not obtain an initial solution for the following agents: Agent2(19->18)
 00:00:10 | 02:17:54 | 0.00:00:34 |  0.12%   |    0    |    0     | 60%  |   802    |   0    | 173.32MB  
 00:00:15 | 03:00:11 | 0.00:00:39 |  0.14%   |    0    |    0     | 60%  |   917    |   0    | 181.36MB  
 00:00:20 | 03:21:57 | 0.00:00:47 |  0.16%   |    2    |    0     | 60%  |   1066   |   0    | 185.15MB  
 00:00:24 | WARNING! Aborting ECBS - could not obtain an initial solution for the following agents: Agent8(41->40)
 00:00:24 | WARNING! Aborting ECBS - could not obtain an initial solution for the following agents: Agent8(41->40)
 00:00:25 | 02:49:41 | 0.00:01:10 |  0.25%   |    8    |    2     | 60%  |   1540   |   0    | 184.44MB  
 00:00:25 | WARNING! Aborting ECBS - could not obtain an initial solution for the following agents: Agent0(17->16)
 00:00:25 | WARNING! Aborting ECBS - could not obtain an initial solution for the following agents: Agent0(17->16)
 00:00:25 | WARNING! Aborting ECBS - could not obtain an initial solution for the following agents: Agent4(9->8)
 00:00:25 | WARNING! Aborting ECBS - could not obtain an initial solution for the following agents: Agent31(105->98)
 00:00:25 | WARNING! Aborting ECBS - could not obtain an initial solution for the following agents: Agent31(105->98)
 00:00:26 | WARNING! Aborting ECBS - could not obtain an initial solution for the following agents: Agent17(73->72)
 00:00:26 | WARNING! Aborting ECBS - could not obtain an initial solution for the following agents: Agent17(73->72)
 00:00:27 | WARNING! Aborting ECBS - could not obtain an initial solution for the following agents: Agent5(56->55)
 00:00:27 | WARNING! Aborting ECBS - could not obtain an initial solution for the following agents: Agent5(56->55)
 00:00:27 | WARNING! Aborting ECBS - could not obtain an initial solution for the following agents: Agent5(56->55)
 00:00:28 | WARNING! Aborting ECBS - could not obtain an initial solution for the following agents: Agent4(9->8)
 00:00:28 | WARNING! Aborting ECBS - could not obtain an initial solution for the following agents: Agent9(57->56)
 00:00:30 | 00:26:15 | 0.00:08:58 |  1.87%   |   194   |   182    | 60%  |   4748   |   0    | 185.77MB  
 00:00:31 | WARNING! Aborting ECBS - could not obtain an initial solution for the following agents: Agent29(57->56)
 00:00:31 | WARNING! Aborting ECBS - could not obtain an initial solution for the following agents: Agent29(57->56)
 00:00:35 | 00:15:26 | 0.00:17:29 |  3.64%   |   396   |   381    | 60%  |   8332   |   0    | 184.60MB  
 00:00:35 | WARNING! Aborting ECBS - could not obtain an initial solution for the following agents: Agent14(9->8)
 00:00:38 | WARNING! Aborting ECBS - could not obtain an initial solution for the following agents: Agent7(57->56)
 00:00:38 | WARNING! Aborting ECBS - could not obtain an initial solution for the following agents: Agent7(57->56)
 00:00:38 | WARNING! Aborting ECBS - could not obtain an initial solution for the following agents: Agent7(57->56)
 00:00:40 | 00:12:29 | 0.00:24:18 |  5.07%   |   555   |   541    | 60%  |  12000   |   0    | 186.58MB  
 00:00:45 | 00:10:45 | 0.00:31:16 |  6.51%   |   718   |   705    | 60%  |  15413   |   0    | 185.69MB  
 00:00:45 | WARNING! Aborting ECBS - could not obtain an initial solution for the following agents: Agent16(57->56)
 00:00:45 | WARNING! Aborting ECBS - could not obtain an initial solution for the following agents: Agent28(41->40)
 00:00:49 | WARNING! Aborting ECBS - could not obtain an initial solution for the following agents: Agent1(9->8)
 00:00:49 | WARNING! Aborting ECBS - could not obtain an initial solution for the following agents: Agent1(9->8)
 00:00:49 | WARNING! Aborting ECBS - could not obtain an initial solution for the following agents: Agent1(9->8)
 00:00:50 | 00:09:32 | 0.00:38:31 |  8.03%   |   890   |   874    | 60%  |  19157   |   0    | 185.47MB  
 00:00:52 | WARNING! Aborting ECBS - could not obtain an initial solution for the following agents: Agent27(3->1)
 00:00:52 | WARNING! Aborting ECBS - could not obtain an initial solution for the following agents: Agent27(3->1)
 00:00:52 | WARNING! Aborting ECBS - could not obtain an initial solution for the following agents: Agent27(3->1)
 00:00:55 | 00:08:28 | 0.00:46:50 |  9.76%   |  1082   |   1069   | 60%  |  23598   |   0    | 186.41MB  
 00:00:55 | WARNING! Aborting ECBS - could not obtain an initial solution for the following agents: Agent26(24->23)
 00:00:55 | WARNING! Aborting ECBS - could not obtain an initial solution for the following agents: Agent26(24->23)
 00:00:56 | WARNING! Aborting ECBS - could not obtain an initial solution for the following agents: Agent28(40->39)
 00:00:56 | WARNING! Aborting ECBS - could not obtain an initial solution for the following agents: Agent1(9->8)
 00:00:57 | WARNING! Aborting ECBS - could not obtain an initial solution for the following agents: Agent0(25->24)
 00:00:57 | WARNING! Aborting ECBS - could not obtain an initial solution for the following agents: Agent0(25->24)
 00:00:57 | WARNING! Aborting ECBS - could not obtain an initial solution for the following agents: Agent0(25->24)
 00:00:58 | WARNING! Aborting ECBS - could not obtain an initial solution for the following agents: Agent24(25->23)
 00:00:58 | WARNING! Aborting ECBS - could not obtain an initial solution for the following agents: Agent24(25->23)
 00:00:58 | WARNING! Aborting ECBS - could not obtain an initial solution for the following agents: Agent24(25->24)
 00:00:59 | WARNING! Aborting ECBS - could not obtain an initial solution for the following agents: Agent29(57->56)
 00:00:59 | WARNING! Aborting ECBS - could not obtain an initial solution for the following agents: Agent29(57->56)
 00:01:00 | 00:07:19 | 0.00:57:37 |  12.01%  |  1337   |   1321   | 60%  |  29306   |   0    | 185.87MB  
 00:01:00 | WARNING! Aborting ECBS - could not obtain an initial solution for the following agents: Agent9(56->55)
 00:01:01 | WARNING! Aborting ECBS - could not obtain an initial solution for the following agents: Agent7(56->50)
 00:01:01 | WARNING! Aborting ECBS - could not obtain an initial solution for the following agents: Agent7(56->49)
 00:01:01 | WARNING! Aborting ECBS - could not obtain an initial solution for the following agents: Agent7(56->50)
 00:01:03 | WARNING! Aborting ECBS - could not obtain an initial solution for the following agents: Agent2(25->24)
 00:01:03 | WARNING! Aborting ECBS - could not obtain an initial solution for the following agents: Agent11(25->24)
 00:01:05 | 00:06:44 | 0.01:06:29 |  13.85%  |  1545   |   1529   | 60%  |  33830   |   0    | 185.85MB  
 00:01:06 | WARNING! Aborting ECBS - could not obtain an initial solution for the following agents: Agent9(57->56)
 00:01:10 | 00:06:31 | 0.01:12:46 |  15.16%  |  1692   |   1676   | 60%  |  37438   |   0    | 185.55MB  
 00:01:11 | WARNING! Aborting ECBS - could not obtain an initial solution for the following agents: Agent16(57->56)
 00:01:14 | WARNING! Aborting ECBS - could not obtain an initial solution for the following agents: Agent10(41->40)
 00:01:15 | 00:06:08 | 0.01:21:06 |  16.90%  |  1886   |   1872   | 60%  |  41992   |   0    | 197.86MB  
 00:01:15 | WARNING! Aborting ECBS - could not obtain an initial solution for the following agents: Agent21(41->40)
 00:01:15 | WARNING! Aborting ECBS - could not obtain an initial solution for the following agents: Agent21(41->40)
 00:01:16 | WARNING! Aborting ECBS - could not obtain an initial solution for the following agents: Agent29(56->55)
 00:01:17 | WARNING! Aborting ECBS - could not obtain an initial solution for the following agents: Agent7(56->55)
 00:01:17 | WARNING! Aborting ECBS - could not obtain an initial solution for the following agents: Agent7(56->55)
 00:01:20 | 00:05:43 | 0.01:30:40 |  18.89%  |  2112   |   2095   | 60%  |  47115   |   0    | 195.64MB  
 00:01:24 | WARNING! Aborting ECBS - could not obtain an initial solution for the following agents: Agent16(57->56)
 00:01:24 | WARNING! Aborting ECBS - could not obtain an initial solution for the following agents: Agent16(57->56)
 00:01:25 | 00:05:37 | 0.01:36:39 |  20.14%  |  2249   |   2234   | 60%  |  50578   |   0    | 195.49MB  
 00:01:27 | WARNING! Aborting ECBS - could not obtain an initial solution for the following agents: Agent7(59->58)
 00:01:27 | WARNING! Aborting ECBS - could not obtain an initial solution for the following agents: Agent7(59->58)
 00:01:27 | WARNING! Aborting ECBS - could not obtain an initial solution for the following agents: Agent7(59->58)
 00:01:27 | WARNING! Aborting ECBS - could not obtain an initial solution for the following agents: Agent7(59->58)
 00:01:27 | WARNING! Aborting ECBS - could not obtain an initial solution for the following agents: Agent7(59->58)
 00:01:28 | WARNING! Aborting ECBS - could not obtain an initial solution for the following agents: Agent28(41->40)
 00:01:28 | WARNING! Aborting ECBS - could not obtain an initial solution for the following agents: Agent1(2->1)
 00:01:28 | WARNING! Aborting ECBS - could not obtain an initial solution for the following agents: Agent9(56->55)
 00:01:28 | WARNING! Aborting ECBS - could not obtain an initial solution for the following agents: Agent9(56->55)
 00:01:28 | WARNING! Aborting ECBS - could not obtain an initial solution for the following agents: Agent8(40->33)
 00:01:29 | WARNING! Aborting ECBS - could not obtain an initial solution for the following agents: Agent4(9->8)
 00:01:29 | WARNING! Aborting ECBS - could not obtain an initial solution for the following agents: Agent4(9->8)
 00:01:30 | 00:05:12 | 0.01:47:23 |  22.37%  |  2498   |   2486   | 60%  |  56229   |   0    | 197.03MB  
 00:01:30 | WARNING! Aborting ECBS - could not obtain an initial solution for the following agents: Agent26(25->23)
 00:01:30 | WARNING! Aborting ECBS - could not obtain an initial solution for the following agents: Agent26(25->24)
 00:01:30 | WARNING! Aborting ECBS - could not obtain an initial solution for the following agents: Agent26(25->24)
 00:01:32 | WARNING! Aborting ECBS - could not obtain an initial solution for the following agents: Agent28(41->40)
 00:01:35 | 00:05:01 | 0.01:55:07 |  23.99%  |  2681   |   2669   | 60%  |  60573   |   0    | 196.31MB  
 00:01:39 | WARNING! Aborting ECBS - could not obtain an initial solution for the following agents: Agent1(2->1)
 00:01:40 | 00:04:53 | 0.02:02:00 |  25.42%  |  2840   |   2829   | 60%  |  64315   |   0    | 200.32MB  
 00:01:40 | WARNING! Aborting ECBS - could not obtain an initial solution for the following agents: Agent24(25->24)
 00:01:44 | WARNING! Aborting ECBS - could not obtain an initial solution for the following agents: Agent11(25->24)
 00:01:44 | WARNING! Aborting ECBS - could not obtain an initial solution for the following agents: Agent11(25->24)
 00:01:45 | 00:04:45 | 0.02:09:02 |  26.88%  |  3005   |   2994   | 60%  |  68148   |   0    | 220.02MB  
 00:01:46 | WARNING! Aborting ECBS - could not obtain an initial solution for the following agents: Agent26(19->17)
 00:01:46 | WARNING! Aborting ECBS - could not obtain an initial solution for the following agents: Agent26(19->18)
 00:01:48 | WARNING! Aborting ECBS - could not obtain an initial solution for the following agents: Agent24(25->24)
 00:01:50 | 00:04:34 | 0.02:17:11 |  28.58%  |  3195   |   3185   | 60%  |  72402   |   0    | 207.66MB  
 00:01:53 | WARNING! Aborting ECBS - could not obtain an initial solution for the following agents: Agent7(56->55)
 00:01:53 | WARNING! Aborting ECBS - could not obtain an initial solution for the following agents: Agent8(41->40)
 00:01:53 | WARNING! Aborting ECBS - could not obtain an initial solution for the following agents: Agent21(41->40)
 00:01:53 | WARNING! Aborting ECBS - could not obtain an initial solution for the following agents: Agent21(41->40)
 00:01:53 | WARNING! Aborting ECBS - could not obtain an initial solution for the following agents: Agent21(41->40)
 00:01:54 | WARNING! Aborting ECBS - could not obtain an initial solution for the following agents: Agent1(3->1)
 00:01:54 | WARNING! Aborting ECBS - could not obtain an initial solution for the following agents: Agent1(3->1)
 00:01:55 | 00:04:20 | 0.02:27:04 |  30.64%  |  3427   |   3417   | 60%  |  77325   |   0    | 207.73MB  
 00:01:55 | WARNING! Aborting ECBS - could not obtain an initial solution for the following agents: Agent24(25->24)
 00:01:58 | WARNING! Aborting ECBS - could not obtain an initial solution for the following agents: Agent29(58->57)
 00:01:58 | WARNING! Aborting ECBS - could not obtain an initial solution for the following agents: Agent29(58->57)
 00:01:58 | WARNING! Aborting ECBS - could not obtain an initial solution for the following agents: Agent25(9->8)
 00:01:58 | WARNING! Aborting ECBS - could not obtain an initial solution for the following agents: Agent25(9->8)
 00:01:58 | WARNING! Aborting ECBS - could not obtain an initial solution for the following agents: Agent25(9->8)
 00:01:59 | WARNING! Aborting ECBS - could not obtain an initial solution for the following agents: Agent21(40->39)
 00:02:00 | 00:04:08 | 0.02:36:15 |  32.55%  |  3643   |   3632   | 60%  |  82280   |   0    | 211.17MB  
 00:02:00 | WARNING! Aborting ECBS - could not obtain an initial solution for the following agents: Agent28(41->40)
 00:02:00 | WARNING! Aborting ECBS - could not obtain an initial solution for the following agents: Agent28(41->40)
 00:02:00 | WARNING! Aborting ECBS - could not obtain an initial solution for the following agents: Agent28(41->40)
 00:02:02 | WARNING! Aborting ECBS - could not obtain an initial solution for the following agents: Agent25(11->10)
 00:02:02 | WARNING! Aborting ECBS - could not obtain an initial solution for the following agents: Agent25(11->10)
 00:02:05 | 00:03:57 | 0.02:45:36 |  34.50%  |  3861   |   3852   | 60%  |  87464   |   0    | 207.46MB  
 00:02:05 | WARNING! Aborting ECBS - could not obtain an initial solution for the following agents: Agent11(25->24)
 00:02:05 | WARNING! Aborting ECBS - could not obtain an initial solution for the following agents: Agent11(25->24)
 00:02:05 | WARNING! Aborting ECBS - could not obtain an initial solution for the following agents: Agent11(25->24)
 00:02:05 | WARNING! Aborting ECBS - could not obtain an initial solution for the following agents: Agent11(25->24)
 00:02:07 | WARNING! Aborting ECBS - could not obtain an initial solution for the following agents: Agent14(2->1)
 00:02:07 | WARNING! Aborting ECBS - could not obtain an initial solution for the following agents: Agent14(2->1)
 00:02:08 | WARNING! Aborting ECBS - could not obtain an initial solution for the following agents: Agent21(41->40)
 00:02:08 | WARNING! Aborting ECBS - could not obtain an initial solution for the following agents: Agent21(41->40)
 00:02:08 | WARNING! Aborting ECBS - could not obtain an initial solution for the following agents: Agent30(41->40)
 00:02:08 | WARNING! Aborting ECBS - could not obtain an initial solution for the following agents: Agent30(41->40)
 00:02:08 | WARNING! Aborting ECBS - could not obtain an initial solution for the following agents: Agent30(41->40)
 00:02:08 | WARNING! Aborting ECBS - could not obtain an initial solution for the following agents: Agent27(9->8)
 00:02:08 | WARNING! Aborting ECBS - could not obtain an initial solution for the following agents: Agent27(9->8)
 00:02:10 | 00:03:46 | 0.02:55:04 |  36.47%  |  4082   |   4073   | 60%  |  92023   |   0    | 208.76MB  
 00:02:11 | WARNING! Aborting ECBS - could not obtain an initial solution for the following agents: Agent27(9->8)
 00:02:13 | WARNING! Aborting ECBS - could not obtain an initial solution for the following agents: Agent10(41->40)
 00:02:13 | WARNING! Aborting ECBS - could not obtain an initial solution for the following agents: Agent10(41->40)
 00:02:13 | WARNING! Aborting ECBS - could not obtain an initial solution for the following agents: Agent10(41->40)
 00:02:14 | WARNING! Aborting ECBS - could not obtain an initial solution for the following agents: Agent7(56->55)
 00:02:15 | 00:03:39 | 0.03:02:53 |  38.10%  |  4264   |   4257   | 60%  |  96458   |   0    | 210.12MB  
 00:02:17 | WARNING! Aborting ECBS - could not obtain an initial solution for the following agents: Agent16(58->57)
 00:02:17 | WARNING! Aborting ECBS - could not obtain an initial solution for the following agents: Agent16(58->57)
 00:02:17 | WARNING! Aborting ECBS - could not obtain an initial solution for the following agents: Agent16(58->57)
 00:02:17 | WARNING! Aborting ECBS - could not obtain an initial solution for the following agents: Agent16(58->57)
 00:02:17 | WARNING! Aborting ECBS - could not obtain an initial solution for the following agents: Agent5(57->56)
 00:02:17 | WARNING! Aborting ECBS - could not obtain an initial solution for the following agents: Agent5(57->56)
 00:02:18 | WARNING! Aborting ECBS - could not obtain an initial solution for the following agents: Agent27(9->8)
 00:02:18 | WARNING! Aborting ECBS - could not obtain an initial solution for the following agents: Agent27(9->8)
 00:02:19 | WARNING! Aborting ECBS - could not obtain an initial solution for the following agents: Agent30(40->39)
 00:02:20 | 00:03:37 | 0.03:08:09 |  39.20%  |  4388   |   4379   | 60%  |  99356   |   0    | 209.41MB  
 00:02:25 | 00:03:28 | 0.03:16:39 |  40.97%  |  4585   |   4578   | 60%  |  103947  |   0    | 209.93MB  
 00:02:27 | WARNING! Aborting ECBS - could not obtain an initial solution for the following agents: Agent8(41->40)
 00:02:27 | WARNING! Aborting ECBS - could not obtain an initial solution for the following agents: Agent8(41->40)
 00:02:29 | WARNING! Aborting ECBS - could not obtain an initial solution for the following agents: Agent21(41->40)
 00:02:30 | WARNING! Aborting ECBS - could not obtain an initial solution for the following agents: Agent30(41->40)
 00:02:30 | WARNING! Aborting ECBS - could not obtain an initial solution for the following agents: Agent30(41->40)
 00:02:30 | 00:03:18 | 0.03:26:20 |  42.99%  |  4809   |   4806   | 60%  |  109134  |   0    | 209.56MB  
 00:02:30 | WARNING! Aborting ECBS - could not obtain an initial solution for the following agents: Agent30(41->40)
 00:02:31 | WARNING! Aborting ECBS - could not obtain an initial solution for the following agents: Agent1(3->1)
 00:02:31 | WARNING! Aborting ECBS - could not obtain an initial solution for the following agents: Agent1(3->1)
 00:02:32 | WARNING! Aborting ECBS - could not obtain an initial solution for the following agents: Agent1(3->2)
 00:02:32 | WARNING! Aborting ECBS - could not obtain an initial solution for the following agents: Agent1(3->2)
 00:02:33 | WARNING! Aborting ECBS - could not obtain an initial solution for the following agents: Agent10(42->41)
 00:02:33 | WARNING! Aborting ECBS - could not obtain an initial solution for the following agents: Agent28(41->40)
 00:02:34 | WARNING! Aborting ECBS - could not obtain an initial solution for the following agents: Agent27(8->7)
 00:02:35 | 00:03:08 | 0.03:36:17 |  45.06%  |  5038   |   5040   | 60%  |  114613  |   0    | 211.07MB  
 00:02:36 | WARNING! Aborting ECBS - could not obtain an initial solution for the following agents: Agent26(26->25)
 00:02:38 | WARNING! Aborting ECBS - could not obtain an initial solution for the following agents: Agent29(57->56)
 00:02:40 | 00:03:04 | 0.03:43:12 |  46.50%  |  5197   |   5201   | 60%  |  118595  |   0    | 211.97MB  
 00:02:40 | WARNING! Aborting ECBS - could not obtain an initial solution for the following agents: Agent24(25->24)
 00:02:40 | WARNING! Aborting ECBS - could not obtain an initial solution for the following agents: Agent24(25->24)
 00:02:40 | WARNING! Aborting ECBS - could not obtain an initial solution for the following agents: Agent24(25->24)
 00:02:40 | WARNING! Aborting ECBS - could not obtain an initial solution for the following agents: Agent5(57->56)
 00:02:45 | 00:03:00 | 0.03:49:26 |  47.80%  |  5341   |   5348   | 60%  |  121801  |   0    | 211.34MB  
 00:02:50 | 00:02:57 | 0.03:54:51 |  48.93%  |  5467   |   5475   | 60%  |  124553  |   0    | 209.98MB  
 00:02:51 | WARNING! Aborting ECBS - could not obtain an initial solution for the following agents: Agent29(56->55)
 00:02:55 | 00:02:52 | 0.04:01:30 |  50.31%  |  5620   |   5630   | 60%  |  128142  |   0    | 209.52MB  
 00:02:56 | WARNING! Aborting ECBS - could not obtain an initial solution for the following agents: Agent7(57->56)
 00:03:00 | 00:02:48 | 0.04:07:59 |  51.67%  |  5774   |   5783   | 60%  |  131728  |   0    | 210.36MB  
 00:03:00 | WARNING! Aborting ECBS - could not obtain an initial solution for the following agents: Agent4(9->8)
 00:03:00 | WARNING! Aborting ECBS - could not obtain an initial solution for the following agents: Agent4(9->8)
 00:03:00 | WARNING! Aborting ECBS - could not obtain an initial solution for the following agents: Agent4(9->8)
 00:03:01 | WARNING! Aborting ECBS - could not obtain an initial solution for the following agents: Agent9(57->56)
 00:03:01 | WARNING! Aborting ECBS - could not obtain an initial solution for the following agents: Agent9(57->56)
 00:03:02 | WARNING! Aborting ECBS - could not obtain an initial solution for the following agents: Agent5(57->56)
 00:03:02 | WARNING! Aborting ECBS - could not obtain an initial solution for the following agents: Agent24(24->23)
 00:03:02 | WARNING! Aborting ECBS - could not obtain an initial solution for the following agents: Agent24(24->23)
 00:03:02 | WARNING! Aborting ECBS - could not obtain an initial solution for the following agents: Agent21(41->40)
 00:03:03 | WARNING! Aborting ECBS - could not obtain an initial solution for the following agents: Agent7(57->56)
 00:03:05 | 00:02:41 | 0.04:16:35 |  53.46%  |  5974   |   5984   | 60%  |  136670  |   0    | 210.07MB  
 00:03:07 | WARNING! Aborting ECBS - could not obtain an initial solution for the following agents: Agent16(57->56)
 00:03:07 | WARNING! Aborting ECBS - could not obtain an initial solution for the following agents: Agent16(57->56)
 00:03:10 | 00:02:32 | 0.04:26:35 |  55.54%  |  6208   |   6218   | 60%  |  142024  |   0    | 211.14MB  
 00:03:15 | 00:02:25 | 0.04:34:58 |  57.29%  |  6397   |   6416   | 60%  |  146616  |   0    | 209.78MB  
 00:03:18 | WARNING! Aborting ECBS - could not obtain an initial solution for the following agents: Agent0(25->24),Agent24(24->23)
 00:03:18 | WARNING! Aborting ECBS - could not obtain an initial solution for the following agents: Agent1(9->2)
 00:03:20 | 00:02:19 | 0.04:42:42 |  58.90%  |  6577   |   6595   | 60%  |  150318  |   0    | 209.56MB  
 00:03:20 | WARNING! Aborting ECBS - could not obtain an initial solution for the following agents: Agent2(25->24)
 00:03:20 | WARNING! Aborting ECBS - could not obtain an initial solution for the following agents: Agent2(25->24)
 00:03:21 | WARNING! Aborting ECBS - could not obtain an initial solution for the following agents: Agent19(9->8)
 00:03:24 | WARNING! Aborting ECBS - could not obtain an initial solution for the following agents: Agent21(34->33)
 00:03:25 | 00:02:11 | 0.04:52:17 |  60.89%  |  6802   |   6820   | 60%  |  155432  |   0    | 210.26MB  
 00:03:25 | WARNING! Aborting ECBS - could not obtain an initial solution for the following agents: Agent19(9->8)
 00:03:30 | 00:02:03 | 0.05:02:00 |  62.92%  |  7024   |   7047   | 60%  |  161106  |   0    | 210.47MB  
 00:03:30 | WARNING! Aborting ECBS - could not obtain an initial solution for the following agents: Agent25(3->2)
 00:03:34 | WARNING! Aborting ECBS - could not obtain an initial solution for the following agents: Agent29(57->56)
 00:03:35 | 00:01:56 | 0.05:11:45 |  64.95%  |  7254   |   7275   | 60%  |  166204  |   0    | 211.58MB  
 00:03:39 | WARNING! Aborting ECBS - could not obtain an initial solution for the following agents: Agent26(25->24)
 00:03:40 | 00:01:47 | 0.05:22:41 |  67.23%  |  7512   |   7531   | 60%  |  171872  |   0    | 211.15MB  
 00:03:40 | WARNING! Aborting ECBS - could not obtain an initial solution for the following agents: Agent28(41->40)
 00:03:40 | WARNING! Aborting ECBS - could not obtain an initial solution for the following agents: Agent28(41->40)
 00:03:45 | 00:01:42 | 0.05:30:12 |  68.80%  |  7685   |   7707   | 60%  |  176195  |   0    | 216.75MB  
 00:03:46 | WARNING! Aborting ECBS - could not obtain an initial solution for the following agents: Agent24(25->24)
 00:03:46 | WARNING! Aborting ECBS - could not obtain an initial solution for the following agents: Agent24(25->24)
 00:03:47 | WARNING! Aborting ECBS - could not obtain an initial solution for the following agents: Agent16(57->56)
 00:03:47 | WARNING! Aborting ECBS - could not obtain an initial solution for the following agents: Agent16(57->56)
 00:03:47 | WARNING! Aborting ECBS - could not obtain an initial solution for the following agents: Agent16(57->56)
 00:03:48 | WARNING! Aborting ECBS - could not obtain an initial solution for the following agents: Agent10(41->40)
 00:03:48 | WARNING! Aborting ECBS - could not obtain an initial solution for the following agents: Agent10(41->40)
 00:03:50 | 00:01:38 | 0.05:36:21 |  70.08%  |  7828   |   7852   | 60%  |  179621  |   0    | 223.75MB  
 00:03:51 | WARNING! Aborting ECBS - could not obtain an initial solution for the following agents: Agent30(43->34)
 00:03:51 | WARNING! Aborting ECBS - could not obtain an initial solution for the following agents: Agent30(43->34)
 00:03:55 | 00:01:39 | 0.05:37:10 |  70.24%  |  7845   |   7871   | 60%  |  180252  |   0    | 226.73MB  
 00:03:57 | WARNING! Aborting ECBS - could not obtain an initial solution for the following agents: Agent8(41->40)
 00:03:57 | WARNING! Aborting ECBS - could not obtain an initial solution for the following agents: Agent26(25->24)
 00:03:57 | WARNING! Aborting ECBS - could not obtain an initial solution for the following agents: Agent26(25->24)
 00:03:57 | WARNING! Aborting ECBS - could not obtain an initial solution for the following agents: Agent16(57->50)
 00:03:57 | WARNING! Aborting ECBS - could not obtain an initial solution for the following agents: Agent16(57->50)
 00:03:58 | WARNING! Aborting ECBS - could not obtain an initial solution for the following agents: Agent8(41->40)
 00:03:58 | WARNING! Aborting ECBS - could not obtain an initial solution for the following agents: Agent8(41->40)
 00:03:58 | WARNING! Aborting ECBS - could not obtain an initial solution for the following agents: Agent8(41->40)
 00:03:59 | WARNING! Aborting ECBS - could not obtain an initial solution for the following agents: Agent10(40->39)
 00:04:00 | 00:01:34 | 0.05:44:24 |  71.75%  |  8014   |   8041   | 60%  |  184184  |   0    | 223.22MB  
 00:04:01 | WARNING! Aborting ECBS - could not obtain an initial solution for the following agents: Agent28(41->40)
 00:04:03 | WARNING! Aborting ECBS - could not obtain an initial solution for the following agents: Agent7(57->56)
 00:04:03 | WARNING! Aborting ECBS - could not obtain an initial solution for the following agents: Agent7(57->56)
 00:04:04 | WARNING! Aborting ECBS - could not obtain an initial solution for the following agents: Agent25(9->8)
 00:04:05 | 00:01:28 | 0.05:53:04 |  73.56%  |  8217   |   8243   | 60%  |  188680  |   0    | 222.92MB  
 00:04:05 | WARNING! Aborting ECBS - could not obtain an initial solution for the following agents: Agent4(2->1)
 00:04:07 | WARNING! Aborting ECBS - could not obtain an initial solution for the following agents: Agent30(41->40)
 00:04:07 | WARNING! Aborting ECBS - could not obtain an initial solution for the following agents: Agent30(41->40)
 00:04:08 | WARNING! Aborting ECBS - could not obtain an initial solution for the following agents: Agent10(41->40)
 00:04:10 | 00:01:20 | 0.06:02:34 |  75.54%  |  8438   |   8466   | 60%  |  193854  |   0    | 225.57MB  
 00:04:11 | WARNING! Aborting ECBS - could not obtain an initial solution for the following agents: Agent5(57->56)
 00:04:13 | WARNING! Aborting ECBS - could not obtain an initial solution for the following agents: Agent29(58->57)
 00:04:13 | WARNING! Aborting ECBS - could not obtain an initial solution for the following agents: Agent29(58->57)
 00:04:13 | WARNING! Aborting ECBS - could not obtain an initial solution for the following agents: Agent29(58->57)
 00:04:13 | WARNING! Aborting ECBS - could not obtain an initial solution for the following agents: Agent29(58->57)
 00:04:13 | WARNING! Aborting ECBS - could not obtain an initial solution for the following agents: Agent25(3->1)
 00:04:14 | WARNING! Aborting ECBS - could not obtain an initial solution for the following agents: Agent11(25->24)
 00:04:14 | WARNING! Aborting ECBS - could not obtain an initial solution for the following agents: Agent11(25->24)
 00:04:15 | 00:01:13 | 0.06:12:28 |  77.60%  |  8668   |   8699   | 60%  |  199011  |   0    | 223.57MB  
 00:04:19 | WARNING! Aborting ECBS - could not obtain an initial solution for the following agents: Agent30(40->39)
 00:04:19 | WARNING! Aborting ECBS - could not obtain an initial solution for the following agents: Agent30(40->39)
 00:04:20 | 00:01:07 | 0.06:21:33 |  79.49%  |  8880   |   8913   | 60%  |  204195  |   0    | 223.02MB  
 00:04:21 | WARNING! Aborting ECBS - could not obtain an initial solution for the following agents: Agent2(24->23)
 00:04:21 | WARNING! Aborting ECBS - could not obtain an initial solution for the following agents: Agent2(24->23)
 00:04:23 | WARNING! Aborting ECBS - could not obtain an initial solution for the following agents: Agent1(9->8)
 00:04:23 | WARNING! Aborting ECBS - could not obtain an initial solution for the following agents: Agent1(9->8)
 00:04:25 | 00:01:00 | 0.06:30:56 |  81.45%  |  9099   |   9132   | 60%  |  209394  |   0    | 223.16MB  
 00:04:25 | WARNING! Aborting ECBS - could not obtain an initial solution for the following agents: Agent26(25->24)
 00:04:25 | WARNING! Aborting ECBS - could not obtain an initial solution for the following agents: Agent29(56->55)
 00:04:26 | WARNING! Aborting ECBS - could not obtain an initial solution for the following agents: Agent10(40->39)
 00:04:26 | WARNING! Aborting ECBS - could not obtain an initial solution for the following agents: Agent4(9->8)
 00:04:26 | WARNING! Aborting ECBS - could not obtain an initial solution for the following agents: Agent4(9->8)
 00:04:28 | WARNING! Aborting ECBS - could not obtain an initial solution for the following agents: Agent19(3->1)
 00:04:28 | WARNING! Aborting ECBS - could not obtain an initial solution for the following agents: Agent19(3->1)
 00:04:28 | WARNING! Aborting ECBS - could not obtain an initial solution for the following agents: Agent19(3->1)
 00:04:28 | WARNING! Aborting ECBS - could not obtain an initial solution for the following agents: Agent19(3->2)
 00:04:28 | WARNING! Aborting ECBS - could not obtain an initial solution for the following agents: Agent19(3->2)
 00:04:28 | WARNING! Aborting ECBS - could not obtain an initial solution for the following agents: Agent19(3->2)
 00:04:28 | WARNING! Aborting ECBS - could not obtain an initial solution for the following agents: Agent2(25->24)
 00:04:29 | WARNING! Aborting ECBS - could not obtain an initial solution for the following agents: Agent21(40->39)
 00:04:29 | WARNING! Aborting ECBS - could not obtain an initial solution for the following agents: Agent21(40->39)
 00:04:30 | 00:00:54 | 0.06:39:59 |  83.33%  |  9309   |   9344   | 60%  |  214156  |   0    | 224.45MB  
 00:04:34 | WARNING! Aborting ECBS - could not obtain an initial solution for the following agents: Agent28(42->41)
 00:04:34 | WARNING! Aborting ECBS - could not obtain an initial solution for the following agents: Agent28(42->41)
 00:04:34 | WARNING! Aborting ECBS - could not obtain an initial solution for the following agents: Agent28(42->41)
 00:04:34 | WARNING! Aborting ECBS - could not obtain an initial solution for the following agents: Agent28(42->41)
 00:04:34 | WARNING! Aborting ECBS - could not obtain an initial solution for the following agents: Agent30(41->40)
 00:04:35 | 00:00:49 | 0.06:46:21 |  84.66%  |  9455   |   9494   | 60%  |  217886  |   0    | 222.91MB  
 00:04:35 | WARNING! Aborting ECBS - could not obtain an initial solution for the following agents: Agent24(25->24)
 00:04:35 | WARNING! Aborting ECBS - could not obtain an initial solution for the following agents: Agent24(25->24)
 00:04:35 | WARNING! Aborting ECBS - could not obtain an initial solution for the following agents: Agent24(25->24)
 00:04:39 | WARNING! Aborting ECBS - could not obtain an initial solution for the following agents: Agent10(41->40)
 00:04:39 | WARNING! Aborting ECBS - could not obtain an initial solution for the following agents: Agent10(41->40)
 00:04:39 | WARNING! Aborting ECBS - could not obtain an initial solution for the following agents: Agent10(41->40)
 00:04:40 | 00:00:44 | 0.06:54:02 |  86.26%  |  9635   |   9674   | 60%  |  221915  |   0    | 223.11MB  
 00:04:43 | WARNING! Aborting ECBS - could not obtain an initial solution for the following agents: Agent28(40->34)
 00:04:45 | 00:00:38 | 0.07:03:05 |  88.14%  |  9843   |   9885   | 60%  |  226718  |   0    | 224.60MB  
 00:04:50 | 00:00:32 | 0.07:11:06 |  89.82%  |  10030  |  10074   | 60%  |  231092  |   0    | 223.98MB  
 00:04:54 | WARNING! Aborting ECBS - could not obtain an initial solution for the following agents: Agent19(9->8)
 00:04:55 | 00:00:28 | 0.07:17:05 |  91.06%  |  10165  |  10214   | 60%  |  234642  |   0    | 224.22MB  
 00:04:58 | WARNING! Aborting ECBS - could not obtain an initial solution for the following agents: Agent2(25->24)
 00:04:59 | WARNING! Aborting ECBS - could not obtain an initial solution for the following agents: Agent10(41->40)
 00:05:00 | 00:00:24 | 0.07:23:08 |  92.32%  |  10306  |  10354   | 60%  |  238040  |   0    | 223.46MB  
 00:05:03 | WARNING! Aborting ECBS - could not obtain an initial solution for the following agents: Agent10(42->41)
 00:05:03 | WARNING! Aborting ECBS - could not obtain an initial solution for the following agents: Agent10(42->41)
 00:05:03 | WARNING! Aborting ECBS - could not obtain an initial solution for the following agents: Agent10(42->41)
 00:05:04 | WARNING! Aborting ECBS - could not obtain an initial solution for the following agents: Agent30(41->40)
 00:05:05 | 00:00:18 | 0.07:32:00 |  94.17%  |  10510  |  10564   | 60%  |  242821  |   0    | 223.14MB  
 00:05:05 | WARNING! Aborting ECBS - could not obtain an initial solution for the following agents: Agent25(9->8)
 00:05:05 | WARNING! Aborting ECBS - could not obtain an initial solution for the following agents: Agent25(9->8)
 00:05:06 | WARNING! Aborting ECBS - could not obtain an initial solution for the following agents: Agent10(41->40)
 00:05:06 | WARNING! Aborting ECBS - could not obtain an initial solution for the following agents: Agent10(41->40)
 00:05:06 | WARNING! Aborting ECBS - could not obtain an initial solution for the following agents: Agent11(24->23)
 00:05:06 | WARNING! Aborting ECBS - could not obtain an initial solution for the following agents: Agent8(40->39)
 00:05:08 | WARNING! Aborting ECBS - could not obtain an initial solution for the following agents: Agent7(58->57)
 00:05:08 | WARNING! Aborting ECBS - could not obtain an initial solution for the following agents: Agent5(57->56)
 00:05:10 | 00:00:13 | 0.07:39:29 |  95.73%  |  10686  |  10738   | 60%  |  247027  |   0    | 224.40MB  
 00:05:11 | WARNING! Aborting ECBS - could not obtain an initial solution for the following agents: Agent5(57->56)
 00:05:12 | WARNING! Aborting ECBS - could not obtain an initial solution for the following agents: Agent9(57->56)
 00:05:13 | WARNING! Aborting ECBS - could not obtain an initial solution for the following agents: Agent24(25->24)
 00:05:15 | 00:00:11 | 0.07:43:43 |  96.61%  |  10783  |  10838   | 60%  |  249487  |   0    | 223.21MB  
 00:05:15 | WARNING! Aborting ECBS - could not obtain an initial solution for the following agents: Agent9(56->55)
 00:05:16 | WARNING! Aborting ECBS - could not obtain an initial solution for the following agents: Agent1(3->1)
 00:05:16 | WARNING! Aborting ECBS - could not obtain an initial solution for the following agents: Agent1(3->1)
 00:05:16 | WARNING! Aborting ECBS - could not obtain an initial solution for the following agents: Agent1(3->2)
 00:05:20 | 00:00:03 | 0.07:54:06 |  98.77%  |  11024  |  11081   | 60%  |  254987  |   0    | 224.27MB  
 00:05:24 | WARNING! Aborting ECBS - could not obtain an initial solution for the following agents: Agent28(43->34)
 00:05:24 | WARNING! Aborting ECBS - could not obtain an initial solution for the following agents: Agent28(43->34)
 00:05:24 | WARNING! Aborting ECBS - could not obtain an initial solution for the following agents: Agent9(58->57)
 00:05:24 | WARNING! Aborting ECBS - could not obtain an initial solution for the following agents: Agent9(58->57)
 00:05:24 | WARNING! Aborting ECBS - could not obtain an initial solution for the following agents: Agent9(58->57),Agent28(43->42)
 00:05:24 | WARNING! Aborting ECBS - could not obtain an initial solution for the following agents: Agent9(58->57),Agent28(43->42)
 00:05:24 | WARNING! Aborting ECBS - could not obtain an initial solution for the following agents: Agent16(57->56)
 00:05:25 | 00:00:01 | 0.07:58:14 |  99.63%  |  11120  |  11178   | 60%  |  257440  |   0    | 225.58MB  
 00:05:26 | 00:00:00 | 0.08:00:00 | 100.00%  |  11160  |  11218   | 60%  |  258441  |   0    | 226.31MB  
 00:05:26 | >>> Simulation finished - writing results ...
 00:05:26 | >>> Results written
Simulation finished.
>>> Timings
StatTimingPathPlanningAverage: 0.016879729214773317
StatTimingPathPlanningOverall: 264.6235149000013
StatTimingPathPlanningCount: 15677
StatTimingTaskAllocationAverage: 0.0014488243947152178
StatTimingTaskAllocationOverall: 22.91895310000003
StatTimingTaskAllocationCount: 15819
StatTimingItemStorageAverage: 3.339960310301459E-06
StatTimingItemStorageOverall: 0.037026800000001976
StatTimingItemStorageCount: 11086
StatTimingPodStorageAverage: 0.0019436129629629606
StatTimingPodStorageOverall: 5.982440699999993
StatTimingPodStorageCount: 3078
StatTimingReplenishmentBatchingAverage: 8.46973326537541E-06
StatTimingReplenishmentBatchingOverall: 0.09970569999999933
StatTimingReplenishmentBatchingCount: 11772
StatTimingOrderBatchingAverage: 0.00011128435874791515
StatTimingOrderBatchingOverall: 3.4022967000000097
StatTimingOrderBatchingCount: 30573
>>> Overall
StatOverallBundlesPlaced: 15161
StatOverallItemsOrdered: 11205
StatOverallOrdersPlaced: 11205
StatOverallBundlesRejected: 0
StatOverallOrdersRejected: 0
StatOverallBundlesHandled: 11218
StatOverallItemsHandled: 11164
StatOverallLinesHandled: 11164
StatOverallOrdersHandled: 11160
StatOverallCollisions: 0
StatOverallDistanceTraveled: 258440.60684610473
StatOverallDistanceEstimated: 238365
StatOverallAssignedTasks: 15819
StatMaxMemoryUsed: 228.8046875
StatRealTimeUsed: 326.0930508
StatAverageTurnoverTime: 367.4950639143109
StatMedianTurnoverTime: 214.27590947377394
StatLowerQuartileTurnoverTime: 123.38778497068051
StatUpperQuartileTurnoverTime: 487.62917279521207
StatAverageThroughputTime: 114.07306310055583
StatMedianThroughputTime: 120.53214920603205
StatLowerQuartileThroughputTime: 81.12306634493143
StatUpperQuartileThroughputTime: 141.74436588046183
>>> Energy (Rizqi model)
StatEnergyTotalKJ: 19195.015281276705
StatEnergyE1AccelKJ: 5582.022498999977
StatEnergyE2DecelKJ: 0
StatEnergyE3CruiseKJ: 9482.714416000006
StatEnergyE4RotationKJ: 3301.308090721079
StatEnergyE5LiftLowerKJ: 828.970275555556
StatEnergyPerOrderKJ: 1.7199834481430738
StatEnergyPerMeterJoule: 74.24159259122756
StatDistanceTraveledRizqiM: 258548
>>> Motion Behavior
StatTurningCount: 32628
StatStopAndGoCount: 44804
StatLoadedDistanceM: 175115
StatLoadedTurningCount: 24103
StatWaitTimeSec: 374219.9109462371

Marked tag finished after 1 tries!
.Fin. - SUCCESS
