<<< Welcome to the RAWSimO CLI >>>
The time is: 04/14/2026 00:26:51
Starting RAWSimO wrapper with the following arguments:
Instance: Material/Instances/PP/1-4-4-32-550.xinst
Setting: Material/Instances/PP/PPMinimal.xsett
ControlConfig: Material/Instances/PP/aesop-ecbs.xconf
StatisticsDir: C:\Users\Aesop\Desktop\rawsim-o-rmfs-world-models\output_exp\ecbs\seed_1
Seed: 1
Adding handler for unhandled exceptions ...
Initializing ... 
Instance recognized!
Parsing setting config ...
Parsing control config ...
Parsing instance ...
StatisticsFolder: 1-4-4-32-550-PPMinimal-aesop-ecbs-1
Done!
Executing ... 
 00:26:53 | >>> Warming up ...
 00:00:00 | >>> Warmup finished - starting simulation ...
 Realtime |   ETA    |  Sim.Time  | Progress | #Orders | #Bundles | Inv. | Distance | #Coll. |   Memory    
 00:00:00 |   n/a    | 0.00:00:00 |  0.00%   |    0    |    0     | 60%  |    0     |   0    | 123.02MB  
 00:00:05 | 04:00:10 | 0.00:00:10 |  0.03%   |    0    |    0     | 60%  |   207    |   0    | 166.12MB  
 00:00:07 | WARNING! Aborting ECBS - could not obtain an initial solution for the following agents: Agent2(19->18)
 00:00:07 | WARNING! Aborting ECBS - could not obtain an initial solution for the following agents: Agent2(19->18)
 00:00:10 | 02:17:58 | 0.00:00:34 |  0.12%   |    0    |    0     | 60%  |   802    |   0    | 174.93MB  
 00:00:15 | 03:00:14 | 0.00:00:39 |  0.14%   |    0    |    0     | 60%  |   917    |   0    | 179.14MB  
 00:00:20 | 03:21:52 | 0.00:00:47 |  0.16%   |    2    |    0     | 60%  |   1066   |   0    | 185.74MB  
 00:00:24 | WARNING! Aborting ECBS - could not obtain an initial solution for the following agents: Agent8(41->40)
 00:00:24 | WARNING! Aborting ECBS - could not obtain an initial solution for the following agents: Agent8(41->40)
 00:00:25 | 02:57:33 | 0.00:01:07 |  0.23%   |    8    |    2     | 60%  |   1479   |   0    | 184.34MB  
 00:00:25 | WARNING! Aborting ECBS - could not obtain an initial solution for the following agents: Agent0(17->16)
 00:00:25 | WARNING! Aborting ECBS - could not obtain an initial solution for the following agents: Agent0(17->16)
 00:00:26 | WARNING! Aborting ECBS - could not obtain an initial solution for the following agents: Agent4(9->8)
 00:00:26 | WARNING! Aborting ECBS - could not obtain an initial solution for the following agents: Agent17(73->69)
 00:00:26 | WARNING! Aborting ECBS - could not obtain an initial solution for the following agents: Agent17(73->70)
 00:00:30 | 00:33:32 | 0.00:07:03 |  1.47%   |   148   |   137    | 60%  |   3837   |   0    | 183.59MB  
 00:00:30 | WARNING! Aborting ECBS - could not obtain an initial solution for the following agents: Agent11(25->24)
 00:00:30 | WARNING! Aborting ECBS - could not obtain an initial solution for the following agents: Agent11(25->24)
 00:00:35 | 00:18:57 | 0.00:14:20 |  2.99%   |   320   |   308    | 60%  |   7484   |   0    | 184.95MB  
 00:00:37 | WARNING! Aborting ECBS - could not obtain an initial solution for the following agents: Agent30(42->41)
 00:00:38 | WARNING! Aborting ECBS - could not obtain an initial solution for the following agents: Agent19(3->1)
 00:00:38 | WARNING! Aborting ECBS - could not obtain an initial solution for the following agents: Agent19(3->1)
 00:00:38 | WARNING! Aborting ECBS - could not obtain an initial solution for the following agents: Agent19(3->1)
 00:00:38 | WARNING! Aborting ECBS - could not obtain an initial solution for the following agents: Agent19(3->2)
 00:00:38 | WARNING! Aborting ECBS - could not obtain an initial solution for the following agents: Agent19(3->2)
 00:00:38 | WARNING! Aborting ECBS - could not obtain an initial solution for the following agents: Agent19(3->2)
 00:00:38 | WARNING! Aborting ECBS - could not obtain an initial solution for the following agents: Agent29(57->56)
 00:00:38 | WARNING! Aborting ECBS - could not obtain an initial solution for the following agents: Agent29(57->56)
 00:00:38 | WARNING! Aborting ECBS - could not obtain an initial solution for the following agents: Agent29(57->56)
 00:00:39 | WARNING! Aborting ECBS - could not obtain an initial solution for the following agents: Agent5(57->56)
 00:00:39 | WARNING! Aborting ECBS - could not obtain an initial solution for the following agents: Agent5(57->56)
 00:00:40 | 00:13:15 | 0.00:22:59 |  4.79%   |   523   |   510    | 60%  |  11578   |   0    | 185.03MB  
 00:00:40 | WARNING! Aborting ECBS - could not obtain an initial solution for the following agents: Agent30(41->40)
 00:00:40 | WARNING! Aborting ECBS - could not obtain an initial solution for the following agents: Agent21(40->39)
 00:00:40 | WARNING! Aborting ECBS - could not obtain an initial solution for the following agents: Agent21(40->39)
 00:00:40 | WARNING! Aborting ECBS - could not obtain an initial solution for the following agents: Agent21(40->39)
 00:00:42 | WARNING! Aborting ECBS - could not obtain an initial solution for the following agents: Agent4(8->1)
 00:00:42 | WARNING! Aborting ECBS - could not obtain an initial solution for the following agents: Agent4(8->1)
 00:00:42 | WARNING! Aborting ECBS - could not obtain an initial solution for the following agents: Agent4(8->2)
 00:00:42 | WARNING! Aborting ECBS - could not obtain an initial solution for the following agents: Agent4(8->2)
 00:00:43 | WARNING! Aborting ECBS - could not obtain an initial solution for the following agents: Agent0(26->25)
 00:00:43 | WARNING! Aborting ECBS - could not obtain an initial solution for the following agents: Agent0(26->25)
 00:00:43 | WARNING! Aborting ECBS - could not obtain an initial solution for the following agents: Agent0(26->25)
 00:00:43 | WARNING! Aborting ECBS - could not obtain an initial solution for the following agents: Agent0(26->25)
 00:00:43 | WARNING! Aborting ECBS - could not obtain an initial solution for the following agents: Agent26(25->24)
 00:00:43 | WARNING! Aborting ECBS - could not obtain an initial solution for the following agents: Agent9(57->56)
 00:00:45 | 00:11:29 | 0.00:29:25 |  6.13%   |   672   |   661    | 60%  |  14682   |   0    | 187.78MB  
 00:00:48 | WARNING! Aborting ECBS - could not obtain an initial solution for the following agents: Agent9(56->55)
 00:00:48 | WARNING! Aborting ECBS - could not obtain an initial solution for the following agents: Agent9(56->55)
 00:00:49 | WARNING! Aborting ECBS - could not obtain an initial solution for the following agents: Agent11(25->24)
 00:00:49 | WARNING! Aborting ECBS - could not obtain an initial solution for the following agents: Agent11(25->24)
 00:00:49 | WARNING! Aborting ECBS - could not obtain an initial solution for the following agents: Agent5(57->56)
 00:00:50 | 00:09:40 | 0.00:38:03 |  7.93%   |   874   |   862    | 60%  |  18961   |   0    | 183.93MB  
 00:00:55 | 00:08:37 | 0.00:46:09 |  9.62%   |  1063   |   1053   | 60%  |  23091   |   0    | 184.66MB  
 00:00:56 | WARNING! Aborting ECBS - could not obtain an initial solution for the following agents: Agent30(42->41)
 00:00:56 | WARNING! Aborting ECBS - could not obtain an initial solution for the following agents: Agent30(42->41)
 00:00:56 | WARNING! Aborting ECBS - could not obtain an initial solution for the following agents: Agent28(41->40)
 00:00:56 | WARNING! Aborting ECBS - could not obtain an initial solution for the following agents: Agent28(41->40)
 00:00:58 | WARNING! Aborting ECBS - could not obtain an initial solution for the following agents: Agent4(3->1)
 00:00:58 | WARNING! Aborting ECBS - could not obtain an initial solution for the following agents: Agent4(3->2)
 00:00:59 | WARNING! Aborting ECBS - could not obtain an initial solution for the following agents: Agent8(41->40)
 00:00:59 | WARNING! Aborting ECBS - could not obtain an initial solution for the following agents: Agent8(41->40)
 00:01:00 | 00:07:52 | 0.00:54:07 |  11.27%  |  1246   |   1239   | 60%  |  27222   |   0    | 184.47MB  
 00:01:01 | WARNING! Aborting ECBS - could not obtain an initial solution for the following agents: Agent8(41->40)
 00:01:01 | WARNING! Aborting ECBS - could not obtain an initial solution for the following agents: Agent8(41->40)
 00:01:04 | WARNING! Aborting ECBS - could not obtain an initial solution for the following agents: Agent7(57->56)
 00:01:04 | WARNING! Aborting ECBS - could not obtain an initial solution for the following agents: Agent7(57->56)
 00:01:04 | WARNING! Aborting ECBS - could not obtain an initial solution for the following agents: Agent7(57->56)
 00:01:05 | 00:07:09 | 0.01:03:02 |  13.13%  |  1455   |   1448   | 60%  |  31737   |   0    | 184.38MB  
 00:01:07 | WARNING! Aborting ECBS - could not obtain an initial solution for the following agents: Agent28(41->34)
 00:01:10 | 00:06:48 | 0.01:10:14 |  14.63%  |  1625   |   1617   | 60%  |  35763   |   0    | 184.64MB  
 00:01:10 | WARNING! Aborting ECBS - could not obtain an initial solution for the following agents: Agent5(56->49)
 00:01:10 | WARNING! Aborting ECBS - could not obtain an initial solution for the following agents: Agent5(56->49)
 00:01:10 | WARNING! Aborting ECBS - could not obtain an initial solution for the following agents: Agent5(56->50)
 00:01:10 | WARNING! Aborting ECBS - could not obtain an initial solution for the following agents: Agent5(56->51)
 00:01:10 | WARNING! Aborting ECBS - could not obtain an initial solution for the following agents: Agent5(56->51)
 00:01:10 | WARNING! Aborting ECBS - could not obtain an initial solution for the following agents: Agent5(56->50)
 00:01:10 | WARNING! Aborting ECBS - could not obtain an initial solution for the following agents: Agent5(56->54)
 00:01:12 | WARNING! Aborting ECBS - could not obtain an initial solution for the following agents: Agent11(25->24)
 00:01:12 | WARNING! Aborting ECBS - could not obtain an initial solution for the following agents: Agent11(25->24)
 00:01:14 | WARNING! Aborting ECBS - could not obtain an initial solution for the following agents: Agent30(41->40)
 00:01:14 | WARNING! Aborting ECBS - could not obtain an initial solution for the following agents: Agent30(41->40)
 00:01:15 | 00:06:37 | 0.01:16:10 |  15.87%  |  1761   |   1757   | 60%  |  38979   |   0    | 185.25MB  
 00:01:16 | WARNING! Aborting ECBS - could not obtain an initial solution for the following agents: Agent9(57->56)
 00:01:18 | WARNING! Aborting ECBS - could not obtain an initial solution for the following agents: Agent16(57->56)
 00:01:18 | WARNING! Aborting ECBS - could not obtain an initial solution for the following agents: Agent16(57->56)
 00:01:20 | 00:06:20 | 0.01:23:22 |  17.37%  |  1928   |   1924   | 60%  |  43138   |   0    | 187.42MB  
 00:01:21 | WARNING! Aborting ECBS - could not obtain an initial solution for the following agents: Agent8(41->40)
 00:01:21 | WARNING! Aborting ECBS - could not obtain an initial solution for the following agents: Agent8(41->40)
 00:01:21 | WARNING! Aborting ECBS - could not obtain an initial solution for the following agents: Agent8(41->40)
 00:01:21 | WARNING! Aborting ECBS - could not obtain an initial solution for the following agents: Agent2(27->26)
 00:01:21 | WARNING! Aborting ECBS - could not obtain an initial solution for the following agents: Agent2(27->26)
 00:01:21 | WARNING! Aborting ECBS - could not obtain an initial solution for the following agents: Agent2(27->26)
 00:01:21 | WARNING! Aborting ECBS - could not obtain an initial solution for the following agents: Agent2(27->26)
 00:01:21 | WARNING! Aborting ECBS - could not obtain an initial solution for the following agents: Agent2(27->26)
 00:01:21 | WARNING! Aborting ECBS - could not obtain an initial solution for the following agents: Agent2(27->26)
 00:01:22 | WARNING! Aborting ECBS - could not obtain an initial solution for the following agents: Agent9(57->56)
 00:01:22 | WARNING! Aborting ECBS - could not obtain an initial solution for the following agents: Agent9(57->56)
 00:01:24 | WARNING! Aborting ECBS - could not obtain an initial solution for the following agents: Agent21(41->39)
 00:01:25 | 00:05:56 | 0.01:32:20 |  19.24%  |  2135   |   2135   | 60%  |  48006   |   0    | 186.50MB  
 00:01:28 | WARNING! Aborting ECBS - could not obtain an initial solution for the following agents: Agent8(41->40)
 00:01:28 | WARNING! Aborting ECBS - could not obtain an initial solution for the following agents: Agent4(9->8)
 00:01:30 | 00:05:38 | 0.01:40:46 |  20.99%  |  2333   |   2332   | 60%  |  52649   |   0    | 189.67MB  
 00:01:30 | WARNING! Aborting ECBS - could not obtain an initial solution for the following agents: Agent24(26->25)
 00:01:30 | WARNING! Aborting ECBS - could not obtain an initial solution for the following agents: Agent8(41->40)
 00:01:30 | WARNING! Aborting ECBS - could not obtain an initial solution for the following agents: Agent8(41->40)
 00:01:31 | WARNING! Aborting ECBS - could not obtain an initial solution for the following agents: Agent29(58->57)
 00:01:31 | WARNING! Aborting ECBS - could not obtain an initial solution for the following agents: Agent29(58->57)
 00:01:31 | WARNING! Aborting ECBS - could not obtain an initial solution for the following agents: Agent29(58->57)
 00:01:31 | WARNING! Aborting ECBS - could not obtain an initial solution for the following agents: Agent7(57->56)
 00:01:31 | WARNING! Aborting ECBS - could not obtain an initial solution for the following agents: Agent7(57->56)
 00:01:35 | 00:05:26 | 0.01:48:10 |  22.54%  |  2506   |   2504   | 60%  |  56843   |   0    | 189.59MB  
 00:01:35 | WARNING! Aborting ECBS - could not obtain an initial solution for the following agents: Agent2(24->17)
 00:01:35 | WARNING! Aborting ECBS - could not obtain an initial solution for the following agents: Agent2(24->18)
 00:01:35 | WARNING! Aborting ECBS - could not obtain an initial solution for the following agents: Agent2(24->18)
 00:01:36 | WARNING! Aborting ECBS - could not obtain an initial solution for the following agents: Agent29(57->56)
 00:01:37 | WARNING! Aborting ECBS - could not obtain an initial solution for the following agents: Agent28(41->40)
 00:01:39 | WARNING! Aborting ECBS - could not obtain an initial solution for the following agents: Agent1(11->9)
 00:01:39 | WARNING! Aborting ECBS - could not obtain an initial solution for the following agents: Agent1(11->10)
 00:01:39 | WARNING! Aborting ECBS - could not obtain an initial solution for the following agents: Agent1(11->0)
 00:01:39 | WARNING! Aborting ECBS - could not obtain an initial solution for the following agents: Agent1(11->0)
 00:01:39 | WARNING! Aborting ECBS - could not obtain an initial solution for the following agents: Agent1(11->2)
 00:01:40 | 00:05:12 | 0.01:56:23 |  24.25%  |  2696   |   2697   | 60%  |  61386   |   0    | 191.21MB  
 00:01:40 | WARNING! Aborting ECBS - could not obtain an initial solution for the following agents: Agent1(3->1)
 00:01:40 | WARNING! Aborting ECBS - could not obtain an initial solution for the following agents: Agent1(3->1)
 00:01:40 | WARNING! Aborting ECBS - could not obtain an initial solution for the following agents: Agent1(3->1)
 00:01:40 | WARNING! Aborting ECBS - could not obtain an initial solution for the following agents: Agent1(3->2)
 00:01:40 | WARNING! Aborting ECBS - could not obtain an initial solution for the following agents: Agent1(3->2)
 00:01:40 | WARNING! Aborting ECBS - could not obtain an initial solution for the following agents: Agent1(3->2)
 00:01:43 | WARNING! Aborting ECBS - could not obtain an initial solution for the following agents: Agent10(40->39)
 00:01:44 | WARNING! Aborting ECBS - could not obtain an initial solution for the following agents: Agent0(24->23)
 00:01:44 | WARNING! Aborting ECBS - could not obtain an initial solution for the following agents: Agent25(9->8)
 00:01:44 | WARNING! Aborting ECBS - could not obtain an initial solution for the following agents: Agent25(9->8)
 00:01:44 | WARNING! Aborting ECBS - could not obtain an initial solution for the following agents: Agent25(9->8)
 00:01:44 | WARNING! Aborting ECBS - could not obtain an initial solution for the following agents: Agent25(9->2)
 00:01:44 | WARNING! Aborting ECBS - could not obtain an initial solution for the following agents: Agent5(56->55)
 00:01:45 | 00:05:02 | 0.02:03:45 |  25.78%  |  2866   |   2870   | 60%  |  65824   |   0    | 190.78MB  
 00:01:46 | WARNING! Aborting ECBS - could not obtain an initial solution for the following agents: Agent19(9->8)
 00:01:46 | WARNING! Aborting ECBS - could not obtain an initial solution for the following agents: Agent27(3->1)
 00:01:46 | WARNING! Aborting ECBS - could not obtain an initial solution for the following agents: Agent27(3->1)
 00:01:46 | WARNING! Aborting ECBS - could not obtain an initial solution for the following agents: Agent27(3->2)
 00:01:47 | WARNING! Aborting ECBS - could not obtain an initial solution for the following agents: Agent1(9->8)
 00:01:47 | WARNING! Aborting ECBS - could not obtain an initial solution for the following agents: Agent1(9->8)
 00:01:50 | 00:04:42 | 0.02:14:23 |  28.00%  |  3114   |   3118   | 60%  |  71237   |   0    | 190.94MB  
 00:01:50 | WARNING! Aborting ECBS - could not obtain an initial solution for the following agents: Agent26(25->24)
 00:01:51 | WARNING! Aborting ECBS - could not obtain an initial solution for the following agents: Agent29(56->55)
 00:01:53 | WARNING! Aborting ECBS - could not obtain an initial solution for the following agents: Agent25(9->8)
 00:01:55 | 00:04:23 | 0.02:25:43 |  30.36%  |  3380   |   3385   | 60%  |  77256   |   0    | 192.98MB  
 00:01:55 | WARNING! Aborting ECBS - could not obtain an initial solution for the following agents: Agent1(2->1)
 00:01:56 | WARNING! Aborting ECBS - could not obtain an initial solution for the following agents: Agent29(56->55)
 00:01:56 | WARNING! Aborting ECBS - could not obtain an initial solution for the following agents: Agent29(56->55)
 00:01:58 | WARNING! Aborting ECBS - could not obtain an initial solution for the following agents: Agent28(41->33)
 00:01:58 | WARNING! Aborting ECBS - could not obtain an initial solution for the following agents: Agent28(41->35)
 00:01:58 | WARNING! Aborting ECBS - could not obtain an initial solution for the following agents: Agent10(41->40)
 00:01:59 | WARNING! Aborting ECBS - could not obtain an initial solution for the following agents: Agent10(41->40)
 00:01:59 | WARNING! Aborting ECBS - could not obtain an initial solution for the following agents: Agent4(2->1)
 00:02:00 | 00:04:11 | 0.02:35:00 |  32.29%  |  3595   |   3602   | 60%  |  82357   |   0    | 195.80MB  
 00:02:00 | WARNING! Aborting ECBS - could not obtain an initial solution for the following agents: Agent27(9->8)
 00:02:00 | WARNING! Aborting ECBS - could not obtain an initial solution for the following agents: Agent27(9->8)
 00:02:00 | WARNING! Aborting ECBS - could not obtain an initial solution for the following agents: Agent27(9->8)
 00:02:00 | WARNING! Aborting ECBS - could not obtain an initial solution for the following agents: Agent26(25->24)
 00:02:01 | WARNING! Aborting ECBS - could not obtain an initial solution for the following agents: Agent4(9->8)
 00:02:01 | WARNING! Aborting ECBS - could not obtain an initial solution for the following agents: Agent4(9->8)
 00:02:02 | WARNING! Aborting ECBS - could not obtain an initial solution for the following agents: Agent10(41->40)
 00:02:02 | WARNING! Aborting ECBS - could not obtain an initial solution for the following agents: Agent10(41->40)
 00:02:04 | WARNING! Aborting ECBS - could not obtain an initial solution for the following agents: Agent14(3->1)
 00:02:04 | WARNING! Aborting ECBS - could not obtain an initial solution for the following agents: Agent14(3->1)
 00:02:04 | WARNING! Aborting ECBS - could not obtain an initial solution for the following agents: Agent14(3->1)
 00:02:04 | WARNING! Aborting ECBS - could not obtain an initial solution for the following agents: Agent14(3->2)
 00:02:04 | WARNING! Aborting ECBS - could not obtain an initial solution for the following agents: Agent14(3->2)
 00:02:04 | WARNING! Aborting ECBS - could not obtain an initial solution for the following agents: Agent14(3->2)
 00:02:05 | 00:04:00 | 0.02:44:06 |  34.19%  |  3804   |   3816   | 60%  |  87150   |   0    | 193.17MB  
 00:02:06 | WARNING! Aborting ECBS - could not obtain an initial solution for the following agents: Agent19(8->7)
 00:02:06 | WARNING! Aborting ECBS - could not obtain an initial solution for the following agents: Agent19(8->7)
 00:02:10 | 00:03:55 | 0.02:50:31 |  35.53%  |  3953   |   3966   | 60%  |  90531   |   0    | 200.48MB  
 00:02:12 | WARNING! Aborting ECBS - could not obtain an initial solution for the following agents: Agent2(27->18)
 00:02:15 | 00:03:50 | 0.02:57:30 |  36.98%  |  4113   |   4130   | 60%  |  94397   |   0    | 204.78MB  
 00:02:17 | WARNING! Aborting ECBS - could not obtain an initial solution for the following agents: Agent28(42->41)
 00:02:19 | WARNING! Aborting ECBS - could not obtain an initial solution for the following agents: Agent29(57->56)
 00:02:19 | WARNING! Aborting ECBS - could not obtain an initial solution for the following agents: Agent29(57->56)
 00:02:20 | 00:03:43 | 0.03:05:05 |  38.56%  |  4288   |   4307   | 60%  |  98691   |   0    | 202.28MB  
 00:02:24 | WARNING! Aborting ECBS - could not obtain an initial solution for the following agents: Agent11(17->16)
 00:02:24 | WARNING! Aborting ECBS - could not obtain an initial solution for the following agents: Agent11(17->16)
 00:02:25 | 00:03:43 | 0.03:08:57 |  39.37%  |  4376   |   4398   | 60%  |  100894  |   0    | 202.33MB  
 00:02:26 | WARNING! Aborting ECBS - could not obtain an initial solution for the following agents: Agent29(57->56)
 00:02:30 | 00:03:33 | 0.03:17:53 |  41.23%  |  4584   |   4606   | 60%  |  105671  |   0    | 203.33MB  
 00:02:32 | WARNING! Aborting ECBS - could not obtain an initial solution for the following agents: Agent1(3->1)
 00:02:32 | WARNING! Aborting ECBS - could not obtain an initial solution for the following agents: Agent1(3->2)
 00:02:35 | 00:03:28 | 0.03:24:32 |  42.61%  |  4737   |   4762   | 60%  |  109305  |   0    | 207.32MB  
 00:02:35 | WARNING! Aborting ECBS - could not obtain an initial solution for the following agents: Agent19(3->2)
 00:02:37 | WARNING! Aborting ECBS - could not obtain an initial solution for the following agents: Agent0(24->22)
 00:02:37 | WARNING! Aborting ECBS - could not obtain an initial solution for the following agents: Agent0(24->17)
 00:02:37 | WARNING! Aborting ECBS - could not obtain an initial solution for the following agents: Agent0(24->18)
 00:02:40 | 00:03:25 | 0.03:29:51 |  43.72%  |  4859   |   4886   | 60%  |  112238  |   0    | 202.75MB  
 00:02:40 | WARNING! Aborting ECBS - could not obtain an initial solution for the following agents: Agent10(40->39)
 00:02:44 | WARNING! Aborting ECBS - could not obtain an initial solution for the following agents: Agent24(24->23)
 00:02:44 | WARNING! Aborting ECBS - could not obtain an initial solution for the following agents: Agent24(24->23)
 00:02:45 | 00:03:17 | 0.03:38:47 |  45.58%  |  5069   |   5097   | 60%  |  116996  |   0    | 203.03MB  
 00:02:45 | WARNING! Aborting ECBS - could not obtain an initial solution for the following agents: Agent5(57->56)
 00:02:45 | WARNING! Aborting ECBS - could not obtain an initial solution for the following agents: Agent5(57->56)
 00:02:46 | WARNING! Aborting ECBS - could not obtain an initial solution for the following agents: Agent8(41->40)
 00:02:46 | WARNING! Aborting ECBS - could not obtain an initial solution for the following agents: Agent8(41->40)
 00:02:47 | WARNING! Aborting ECBS - could not obtain an initial solution for the following agents: Agent16(59->58)
 00:02:47 | WARNING! Aborting ECBS - could not obtain an initial solution for the following agents: Agent16(59->58)
 00:02:47 | WARNING! Aborting ECBS - could not obtain an initial solution for the following agents: Agent16(59->58)
 00:02:47 | WARNING! Aborting ECBS - could not obtain an initial solution for the following agents: Agent16(59->58)
 00:02:47 | WARNING! Aborting ECBS - could not obtain an initial solution for the following agents: Agent8(35->34)
 00:02:47 | WARNING! Aborting ECBS - could not obtain an initial solution for the following agents: Agent8(35->34)
 00:02:47 | WARNING! Aborting ECBS - could not obtain an initial solution for the following agents: Agent8(35->34)
 00:02:48 | WARNING! Aborting ECBS - could not obtain an initial solution for the following agents: Agent5(57->56)
 00:02:50 | 00:03:12 | 0.03:45:22 |  46.95%  |  5220   |   5250   | 60%  |  121051  |   0    | 204.25MB  
 00:02:50 | WARNING! Aborting ECBS - could not obtain an initial solution for the following agents: Agent29(57->56)
 00:02:50 | WARNING! Aborting ECBS - could not obtain an initial solution for the following agents: Agent29(57->56)
 00:02:51 | WARNING! Aborting ECBS - could not obtain an initial solution for the following agents: Agent0(25->24)
 00:02:54 | WARNING! Aborting ECBS - could not obtain an initial solution for the following agents: Agent5(59->50)
 00:02:55 | 00:03:06 | 0.03:52:24 |  48.42%  |  5381   |   5415   | 60%  |  125304  |   0    | 204.91MB  
 00:02:58 | WARNING! Aborting ECBS - could not obtain an initial solution for the following agents: Agent1(9->8)
 00:03:00 | 00:02:58 | 0.04:01:14 |  50.26%  |  5585   |   5622   | 60%  |  129979  |   0    | 205.05MB  
 00:03:00 | WARNING! Aborting ECBS - could not obtain an initial solution for the following agents: Agent30(40->39)
 00:03:01 | WARNING! Aborting ECBS - could not obtain an initial solution for the following agents: Agent26(27->26)
 00:03:02 | WARNING! Aborting ECBS - could not obtain an initial solution for the following agents: Agent25(3->2)
 00:03:05 | 00:02:47 | 0.04:12:14 |  52.55%  |  5839   |   5880   | 60%  |  135737  |   0    | 205.82MB  
 00:03:05 | WARNING! Aborting ECBS - could not obtain an initial solution for the following agents: Agent1(9->8)
 00:03:07 | WARNING! Aborting ECBS - could not obtain an initial solution for the following agents: Agent16(57->56)
 00:03:10 | 00:02:38 | 0.04:21:57 |  54.57%  |  6067   |   6108   | 60%  |  141104  |   0    | 207.41MB  
 00:03:12 | WARNING! Aborting ECBS - could not obtain an initial solution for the following agents: Agent25(8->7)
 00:03:12 | WARNING! Aborting ECBS - could not obtain an initial solution for the following agents: Agent25(8->7)
 00:03:15 | 00:02:32 | 0.04:29:15 |  56.10%  |  6235   |   6279   | 60%  |  145433  |   0    | 209.45MB  
 00:03:15 | WARNING! Aborting ECBS - could not obtain an initial solution for the following agents: Agent8(40->39)
 00:03:15 | WARNING! Aborting ECBS - could not obtain an initial solution for the following agents: Agent8(40->39)
 00:03:19 | WARNING! Aborting ECBS - could not obtain an initial solution for the following agents: Agent8(41->40)
 00:03:20 | 00:02:25 | 0.04:37:54 |  57.90%  |  6434   |   6481   | 60%  |  150032  |   0    | 211.23MB  
 00:03:25 | 00:02:19 | 0.04:45:49 |  59.55%  |  6622   |   6667   | 60%  |  154212  |   0    | 211.58MB  
 00:03:25 | WARNING! Aborting ECBS - could not obtain an initial solution for the following agents: Agent29(57->56)
 00:03:25 | WARNING! Aborting ECBS - could not obtain an initial solution for the following agents: Agent29(57->56)
 00:03:25 | WARNING! Aborting ECBS - could not obtain an initial solution for the following agents: Agent29(57->56)
 00:03:28 | WARNING! Aborting ECBS - could not obtain an initial solution for the following agents: Agent8(41->40)
 00:03:28 | WARNING! Aborting ECBS - could not obtain an initial solution for the following agents: Agent8(41->40)
 00:03:30 | 00:02:11 | 0.04:54:54 |  61.44%  |  6830   |   6879   | 60%  |  159255  |   0    | 218.98MB  
 00:03:30 | WARNING! Aborting ECBS - could not obtain an initial solution for the following agents: Agent16(56->55)
 00:03:32 | WARNING! Aborting ECBS - could not obtain an initial solution for the following agents: Agent25(11->10)
 00:03:33 | WARNING! Aborting ECBS - could not obtain an initial solution for the following agents: Agent5(58->57)
 00:03:33 | WARNING! Aborting ECBS - could not obtain an initial solution for the following agents: Agent0(24->23)
 00:03:34 | WARNING! Aborting ECBS - could not obtain an initial solution for the following agents: Agent24(25->24)
 00:03:34 | WARNING! Aborting ECBS - could not obtain an initial solution for the following agents: Agent30(40->39)
 00:03:34 | WARNING! Aborting ECBS - could not obtain an initial solution for the following agents: Agent30(40->34)
 00:03:35 | 00:02:05 | 0.05:02:42 |  63.07%  |  7011   |   7063   | 60%  |  163575  |   0    | 221.60MB  
 00:03:36 | WARNING! Aborting ECBS - could not obtain an initial solution for the following agents: Agent25(9->8)
 00:03:40 | 00:01:57 | 0.05:12:49 |  65.17%  |  7247   |   7299   | 60%  |  169005  |   0    | 223.05MB  
 00:03:40 | WARNING! Aborting ECBS - could not obtain an initial solution for the following agents: Agent30(41->40)
 00:03:40 | WARNING! Aborting ECBS - could not obtain an initial solution for the following agents: Agent30(41->40)
 00:03:45 | 00:01:50 | 0.05:21:46 |  67.04%  |  7453   |   7510   | 60%  |  173428  |   0    | 223.03MB  
 00:03:45 | WARNING! Aborting ECBS - could not obtain an initial solution for the following agents: Agent24(25->24)
 00:03:45 | WARNING! Aborting ECBS - could not obtain an initial solution for the following agents: Agent24(25->24)
 00:03:45 | WARNING! Aborting ECBS - could not obtain an initial solution for the following agents: Agent24(25->24)
 00:03:45 | WARNING! Aborting ECBS - could not obtain an initial solution for the following agents: Agent24(25->24)
 00:03:48 | WARNING! Aborting ECBS - could not obtain an initial solution for the following agents: Agent9(57->56)
 00:03:49 | WARNING! Aborting ECBS - could not obtain an initial solution for the following agents: Agent16(58->57)
 00:03:50 | 00:01:43 | 0.05:31:25 |  69.05%  |  7679   |   7736   | 60%  |  178664  |   0    | 222.83MB  
 00:03:50 | WARNING! Aborting ECBS - could not obtain an initial solution for the following agents: Agent24(25->24)
 00:03:50 | WARNING! Aborting ECBS - could not obtain an initial solution for the following agents: Agent5(57->56)
 00:03:50 | WARNING! Aborting ECBS - could not obtain an initial solution for the following agents: Agent5(57->56)
 00:03:52 | WARNING! Aborting ECBS - could not obtain an initial solution for the following agents: Agent9(58->57)
 00:03:52 | WARNING! Aborting ECBS - could not obtain an initial solution for the following agents: Agent29(57->56)
 00:03:52 | WARNING! Aborting ECBS - could not obtain an initial solution for the following agents: Agent29(57->56)
 00:03:55 | 00:01:35 | 0.05:40:54 |  71.02%  |  7901   |   7959   | 60%  |  183881  |   0    | 222.98MB  
 00:03:56 | WARNING! Aborting ECBS - could not obtain an initial solution for the following agents: Agent10(40->39)
 00:03:57 | WARNING! Aborting ECBS - could not obtain an initial solution for the following agents: Agent11(25->23)
 00:03:57 | WARNING! Aborting ECBS - could not obtain an initial solution for the following agents: Agent11(25->23)
 00:03:57 | WARNING! Aborting ECBS - could not obtain an initial solution for the following agents: Agent11(25->24)
 00:04:00 | 00:01:26 | 0.05:52:30 |  73.44%  |  8169   |   8229   | 60%  |  190331  |   0    | 222.26MB  
 00:04:05 | 00:01:22 | 0.05:58:42 |  74.73%  |  8314   |   8376   | 60%  |  193827  |   0    | 222.78MB  
 00:04:10 | 00:01:18 | 0.06:05:28 |  76.14%  |  8470   |   8535   | 60%  |  197856  |   0    | 222.72MB  
 00:04:11 | WARNING! Aborting ECBS - could not obtain an initial solution for the following agents: Agent14(9->8)
 00:04:12 | WARNING! Aborting ECBS - could not obtain an initial solution for the following agents: Agent1(3->1)
 00:04:15 | 00:01:11 | 0.06:15:21 |  78.20%  |  8701   |   8766   | 60%  |  203264  |   0    | 222.93MB  
 00:04:17 | WARNING! Aborting ECBS - could not obtain an initial solution for the following agents: Agent19(9->7)
 00:04:17 | WARNING! Aborting ECBS - could not obtain an initial solution for the following agents: Agent19(9->7)
 00:04:17 | WARNING! Aborting ECBS - could not obtain an initial solution for the following agents: Agent19(9->8)
 00:04:17 | WARNING! Aborting ECBS - could not obtain an initial solution for the following agents: Agent19(9->8)
 00:04:17 | WARNING! Aborting ECBS - could not obtain an initial solution for the following agents: Agent19(9->2)
 00:04:19 | WARNING! Aborting ECBS - could not obtain an initial solution for the following agents: Agent10(40->39)
 00:04:20 | 00:01:06 | 0.06:22:39 |  79.72%  |  8866   |   8937   | 60%  |  207679  |   0    | 222.82MB  
 00:04:21 | WARNING! Aborting ECBS - could not obtain an initial solution for the following agents: Agent19(9->8)
 00:04:21 | WARNING! Aborting ECBS - could not obtain an initial solution for the following agents: Agent19(9->8)
 00:04:21 | WARNING! Aborting ECBS - could not obtain an initial solution for the following agents: Agent26(25->18)
 00:04:21 | WARNING! Aborting ECBS - could not obtain an initial solution for the following agents: Agent26(25->18)
 00:04:23 | WARNING! Aborting ECBS - could not obtain an initial solution for the following agents: Agent28(42->41)
 00:04:23 | WARNING! Aborting ECBS - could not obtain an initial solution for the following agents: Agent1(8->1)
 00:04:24 | WARNING! Aborting ECBS - could not obtain an initial solution for the following agents: Agent2(25->24)
 00:04:25 | 00:01:00 | 0.06:30:47 |  81.41%  |  9050   |   9128   | 60%  |  212229  |   0    | 222.48MB  
 00:04:27 | WARNING! Aborting ECBS - could not obtain an initial solution for the following agents: Agent8(41->40)
 00:04:30 | 00:00:54 | 0.06:39:40 |  83.27%  |  9255   |   9336   | 60%  |  217171  |   0    | 223.53MB  
 00:04:35 | 00:00:54 | 0.06:40:13 |  83.38%  |  9268   |   9348   | 60%  |  217536  |   0    | 224.83MB  
 00:04:40 | 00:00:55 | 0.06:40:28 |  83.43%  |  9274   |   9355   | 60%  |  217747  |   0    | 223.13MB  
 00:04:40 | WARNING! Aborting ECBS - could not obtain an initial solution for the following agents: Agent16(57->56)
 00:04:40 | WARNING! Aborting ECBS - could not obtain an initial solution for the following agents: Agent16(57->56)
 00:04:40 | WARNING! Aborting ECBS - could not obtain an initial solution for the following agents: Agent16(57->56)
 00:04:45 | 00:00:48 | 0.06:50:17 |  85.48%  |  9497   |   9584   | 60%  |  222996  |   0    | 222.93MB  
 00:04:47 | WARNING! Aborting ECBS - could not obtain an initial solution for the following agents: Agent9(57->56)
 00:04:50 | 00:00:44 | 0.06:56:10 |  86.70%  |  9633   |   9723   | 60%  |  226458  |   0    | 227.72MB  
 00:04:55 | 00:00:39 | 0.07:03:14 |  88.18%  |  9793   |   9888   | 60%  |  230784  |   0    | 228.05MB  
 00:04:55 | WARNING! Aborting ECBS - could not obtain an initial solution for the following agents: Agent4(9->7)
 00:04:55 | WARNING! Aborting ECBS - could not obtain an initial solution for the following agents: Agent4(9->8)
 00:04:55 | WARNING! Aborting ECBS - could not obtain an initial solution for the following agents: Agent30(41->40)
 00:04:55 | WARNING! Aborting ECBS - could not obtain an initial solution for the following agents: Agent30(41->40)
 00:04:57 | WARNING! Aborting ECBS - could not obtain an initial solution for the following agents: Agent7(57->56)
 00:04:59 | WARNING! Aborting ECBS - could not obtain an initial solution for the following agents: Agent1(9->8)
 00:05:00 | 00:00:34 | 0.07:10:36 |  89.71%  |  9966   |  10060   | 60%  |  235045  |   0    | 228.93MB  
 00:05:01 | WARNING! Aborting ECBS - could not obtain an initial solution for the following agents: Agent28(41->40)
 00:05:02 | WARNING! Aborting ECBS - could not obtain an initial solution for the following agents: Agent9(57->56)
 00:05:02 | WARNING! Aborting ECBS - could not obtain an initial solution for the following agents: Agent9(57->56)
 00:05:05 | 00:00:27 | 0.07:20:06 |  91.69%  |  10186  |  10283   | 60%  |  240006  |   0    | 228.64MB  
 00:05:06 | WARNING! Aborting ECBS - could not obtain an initial solution for the following agents: Agent21(41->40)
 00:05:06 | WARNING! Aborting ECBS - could not obtain an initial solution for the following agents: Agent0(25->24)
 00:05:06 | WARNING! Aborting ECBS - could not obtain an initial solution for the following agents: Agent0(25->24)
 00:05:08 | WARNING! Aborting ECBS - could not obtain an initial solution for the following agents: Agent7(56->55)
 00:05:08 | WARNING! Aborting ECBS - could not obtain an initial solution for the following agents: Agent7(56->55)
 00:05:09 | WARNING! Aborting ECBS - could not obtain an initial solution for the following agents: Agent26(26->25)
 00:05:09 | WARNING! Aborting ECBS - could not obtain an initial solution for the following agents: Agent11(25->24)
 00:05:09 | WARNING! Aborting ECBS - could not obtain an initial solution for the following agents: Agent11(25->24)
 00:05:10 | 00:00:20 | 0.07:29:54 |  93.73%  |  10416  |  10513   | 60%  |  245657  |   0    | 229.05MB  
 00:05:15 | 00:00:15 | 0.07:37:28 |  95.31%  |  10591  |  10689   | 60%  |  250161  |   0    | 231.46MB  
 00:05:16 | WARNING! Aborting ECBS - could not obtain an initial solution for the following agents: Agent24(25->24)
 00:05:17 | WARNING! Aborting ECBS - could not obtain an initial solution for the following agents: Agent27(1->0)
 00:05:17 | WARNING! Aborting ECBS - could not obtain an initial solution for the following agents: Agent27(1->0)
 00:05:17 | WARNING! Aborting ECBS - could not obtain an initial solution for the following agents: Agent27(1->0)
 00:05:20 | 00:00:09 | 0.07:46:04 |  97.10%  |  10791  |  10891   | 60%  |  255132  |   0    | 235.29MB  
 00:05:25 | 00:00:03 | 0.07:54:22 |  98.83%  |  10980  |  11085   | 60%  |  259997  |   0    | 227.55MB  
 00:05:27 | WARNING! Aborting ECBS - could not obtain an initial solution for the following agents: Agent0(25->24)
 00:05:27 | WARNING! Aborting ECBS - could not obtain an initial solution for the following agents: Agent0(25->24)
 00:05:28 | 00:00:00 | 0.08:00:00 | 100.00%  |  11111  |  11217   | 60%  |  263078  |   0    | 229.52MB  
 00:05:28 | >>> Simulation finished - writing results ...
 00:05:28 | >>> Results written
Simulation finished.
>>> Timings
StatTimingPathPlanningAverage: 0.016699323876105177
StatTimingPathPlanningOverall: 266.33751650000147
StatTimingPathPlanningCount: 15949
StatTimingTaskAllocationAverage: 0.0015050361426993267
StatTimingTaskAllocationOverall: 23.161001199999937
StatTimingTaskAllocationCount: 15389
StatTimingItemStorageAverage: 3.324191090795142E-06
StatTimingItemStorageOverall: 0.0370880000000014
StatTimingItemStorageCount: 11157
StatTimingPodStorageAverage: 0.0020588400258648516
StatTimingPodStorageOverall: 6.3679921999999864
StatTimingPodStorageCount: 3093
StatTimingReplenishmentBatchingAverage: 8.353376479604808E-06
StatTimingReplenishmentBatchingOverall: 0.09809369999999926
StatTimingReplenishmentBatchingCount: 11743
StatTimingOrderBatchingAverage: 0.0001102109685253863
StatTimingOrderBatchingOverall: 3.3580179999999955
StatTimingOrderBatchingCount: 30469
>>> Overall
StatOverallBundlesPlaced: 15129
StatOverallItemsOrdered: 11156
StatOverallOrdersPlaced: 11156
StatOverallBundlesRejected: 0
StatOverallOrdersRejected: 0
StatOverallBundlesHandled: 11217
StatOverallItemsHandled: 11115
StatOverallLinesHandled: 11115
StatOverallOrdersHandled: 11111
StatOverallCollisions: 0
StatOverallDistanceTraveled: 263077.7118732582
StatOverallDistanceEstimated: 242572
StatOverallAssignedTasks: 15389
StatMaxMemoryUsed: 243.41015625
StatRealTimeUsed: 328.2230078
StatAverageTurnoverTime: 369.102901567196
StatMedianTurnoverTime: 219.1582515364462
StatLowerQuartileTurnoverTime: 125.11488943146742
StatUpperQuartileTurnoverTime: 504.2897376889596
StatAverageThroughputTime: 114.59840416690385
StatMedianThroughputTime: 121.09176445625599
StatLowerQuartileThroughputTime: 81.27823634719607
StatUpperQuartileThroughputTime: 141.73398667848784
>>> Energy (Rizqi model)
StatEnergyTotalKJ: 19492.788684216943
StatEnergyE1AccelKJ: 5620.615134749975
StatEnergyE2DecelKJ: 0
StatEnergyE3CruiseKJ: 9726.092614000007
StatEnergyE4RotationKJ: 3314.971744355748
StatEnergyE5LiftLowerKJ: 831.1091911111113
StatEnergyPerOrderKJ: 1.7543685252647776
StatEnergyPerMeterJoule: 74.07650823965943
StatDistanceTraveledRizqiM: 263144
>>> Motion Behavior
StatTurningCount: 32763
StatStopAndGoCount: 44982
StatLoadedDistanceM: 177634
StatLoadedTurningCount: 24197
StatWaitTimeSec: 372442.3817936878

Marked tag finished after 1 tries!
.Fin. - SUCCESS
