<<< Welcome to the RAWSimO CLI >>>
The time is: 04/13/2026 23:52:45
Starting RAWSimO wrapper with the following arguments:
Instance: Material/Instances/PP/1-4-4-32-550.xinst
Setting: Material/Instances/PP/PPMinimal.xsett
ControlConfig: Material/Instances/PP/aesop-cbs.xconf
StatisticsDir: C:\Users\Aesop\Desktop\rawsim-o-rmfs-world-models\output_exp\cbs\seed_3
Seed: 3
Adding handler for unhandled exceptions ...
Initializing ... 
Instance recognized!
Parsing setting config ...
Parsing control config ...
Parsing instance ...
StatisticsFolder: 1-4-4-32-550-PPMinimal-aesop-cbs-3
Done!
Executing ... 
 23:52:47 | >>> Warming up ...
 00:00:00 | >>> Warmup finished - starting simulation ...
 Realtime |   ETA    |  Sim.Time  | Progress | #Orders | #Bundles | Inv. | Distance | #Coll. |   Memory    
 00:00:00 |   n/a    | 0.00:00:00 |  0.00%   |    0    |    0     | 60%  |    0     |   0    | 123.27MB  
 00:00:05 | 04:29:21 | 0.00:00:08 |  0.03%   |    0    |    0     | 60%  |   177    |   0    | 133.40MB  
 00:00:10 | 02:15:28 | 0.00:00:35 |  0.12%   |    0    |    0     | 60%  |   821    |   0    | 144.46MB  
 00:00:15 | 02:51:33 | 0.00:00:41 |  0.15%   |    0    |    0     | 60%  |   949    |   0    | 150.12MB  
 00:00:20 | 03:09:07 | 0.00:00:50 |  0.18%   |    2    |    0     | 60%  |   1142   |   0    | 156.85MB  
 00:00:25 | 03:34:38 | 0.00:00:55 |  0.19%   |    3    |    0     | 60%  |   1240   |   0    | 160.16MB  
 00:00:30 | 03:57:04 | 0.00:01:00 |  0.21%   |    4    |    0     | 60%  |   1340   |   0    | 164.64MB  
 00:00:31 | WARNING! Aborting CBS - could not obtain an initial solution for the following agents: Agent8(41->32)
 00:00:31 | WARNING! Aborting CBS - could not obtain an initial solution for the following agents: Agent8(41->32)
 00:00:31 | WARNING! Aborting CBS - could not obtain an initial solution for the following agents: Agent8(41->34)
 00:00:33 | WARNING! Aborting CBS - could not obtain an initial solution for the following agents: Agent27(1->0)
 00:00:33 | WARNING! Aborting CBS - could not obtain an initial solution for the following agents: Agent27(1->0)
 00:00:35 | 02:19:59 | 0.00:01:59 |  0.42%   |   25    |    17    | 60%  |   2096   |   0    | 167.87MB  
 00:00:39 | WARNING! Aborting CBS - could not obtain an initial solution for the following agents: Agent16(57->56)
 00:00:39 | WARNING! Aborting CBS - could not obtain an initial solution for the following agents: Agent16(57->56)
 00:00:40 | 00:35:43 | 0.00:08:47 |  1.83%   |   186   |   177    | 60%  |   4839   |   0    | 168.21MB  
 00:00:45 | 00:19:49 | 0.00:17:29 |  3.65%   |   389   |   381    | 60%  |   8533   |   0    | 168.55MB  
 00:00:45 | WARNING! Aborting CBS - could not obtain an initial solution for the following agents: Agent14(8->2)
 00:00:50 | 00:13:46 | 0.00:27:23 |  5.71%   |   624   |   614    | 60%  |  12908   |   0    | 168.61MB  
 00:00:52 | WARNING! Aborting CBS - could not obtain an initial solution for the following agents: Agent14(2->1)
 00:00:52 | WARNING! Aborting CBS - could not obtain an initial solution for the following agents: Agent16(57->56)
 00:00:54 | WARNING! Aborting CBS - could not obtain an initial solution for the following agents: Agent16(56->50)
 00:00:55 | 00:11:18 | 0.00:36:00 |  7.50%   |   827   |   816    | 60%  |  17339   |   0    | 168.25MB  
 00:00:59 | WARNING! Aborting CBS - could not obtain an initial solution for the following agents: Agent28(41->40)
 00:01:00 | 00:09:49 | 0.00:44:18 |  9.23%   |  1023   |   1009   | 60%  |  21689   |   0    | 168.42MB  
 00:01:03 | WARNING! Aborting CBS - could not obtain an initial solution for the following agents: Agent21(41->40)
 00:01:03 | WARNING! Aborting CBS - could not obtain an initial solution for the following agents: Agent21(41->40)
 00:01:05 | 00:08:50 | 0.00:52:21 |  10.91%  |  1212   |   1197   | 60%  |  26093   |   0    | 167.74MB  
 00:01:05 | WARNING! Aborting CBS - could not obtain an initial solution for the following agents: Agent27(3->1)
 00:01:05 | WARNING! Aborting CBS - could not obtain an initial solution for the following agents: Agent27(3->1)
 00:01:05 | WARNING! Aborting CBS - could not obtain an initial solution for the following agents: Agent27(3->2)
 00:01:05 | WARNING! Aborting CBS - could not obtain an initial solution for the following agents: Agent27(3->2)
 00:01:08 | WARNING! Aborting CBS - could not obtain an initial solution for the following agents: Agent11(25->24)
 00:01:10 | 00:07:56 | 0.01:01:25 |  12.80%  |  1425   |   1409   | 60%  |  30864   |   0    | 168.25MB  
 00:01:15 | 00:07:16 | 0.01:10:22 |  14.66%  |  1635   |   1619   | 60%  |  36071   |   0    | 168.59MB  
 00:01:16 | WARNING! Aborting CBS - could not obtain an initial solution for the following agents: Agent16(57->56)
 00:01:16 | WARNING! Aborting CBS - could not obtain an initial solution for the following agents: Agent7(57->56)
 00:01:16 | WARNING! Aborting CBS - could not obtain an initial solution for the following agents: Agent7(57->56)
 00:01:18 | WARNING! Aborting CBS - could not obtain an initial solution for the following agents: Agent25(9->2),Agent30(41->34)
 00:01:20 | 00:06:36 | 0.01:20:34 |  16.79%  |  1874   |   1857   | 60%  |  41478   |   0    | 168.31MB  
 00:01:20 | WARNING! Aborting CBS - could not obtain an initial solution for the following agents: Agent25(8->2)
 00:01:21 | WARNING! Aborting CBS - could not obtain an initial solution for the following agents: Agent11(24->23)
 00:01:21 | WARNING! Aborting CBS - could not obtain an initial solution for the following agents: Agent11(24->23)
 00:01:25 | 00:05:56 | 0.01:32:20 |  19.24%  |  2150   |   2135   | 60%  |  47659   |   0    | 168.44MB  
 00:01:26 | WARNING! Aborting CBS - could not obtain an initial solution for the following agents: Agent8(43->42)
 00:01:26 | WARNING! Aborting CBS - could not obtain an initial solution for the following agents: Agent8(43->42)
 00:01:29 | WARNING! Aborting CBS - could not obtain an initial solution for the following agents: Agent21(41->40)
 00:01:29 | WARNING! Aborting CBS - could not obtain an initial solution for the following agents: Agent21(41->40)
 00:01:29 | WARNING! Aborting CBS - could not obtain an initial solution for the following agents: Agent0(25->24)
 00:01:29 | WARNING! Aborting CBS - could not obtain an initial solution for the following agents: Agent0(25->24)
 00:01:30 | 00:05:27 | 0.01:43:25 |  21.55%  |  2409   |   2393   | 60%  |  53567   |   0    | 168.27MB  
 00:01:35 | 00:05:06 | 0.01:53:34 |  23.66%  |  2648   |   2631   | 60%  |  59581   |   0    | 168.48MB  
 00:01:35 | WARNING! Aborting CBS - could not obtain an initial solution for the following agents: Agent7(57->56)
 00:01:39 | WARNING! Aborting CBS - could not obtain an initial solution for the following agents: Agent21(41->40)
 00:01:40 | 00:04:48 | 0.02:03:25 |  25.71%  |  2879   |   2860   | 60%  |  64816   |   0    | 168.29MB  
 00:01:40 | WARNING! Aborting CBS - could not obtain an initial solution for the following agents: Agent8(42->41)
 00:01:40 | WARNING! Aborting CBS - could not obtain an initial solution for the following agents: Agent11(25->24)
 00:01:40 | WARNING! Aborting CBS - could not obtain an initial solution for the following agents: Agent11(25->24)
 00:01:41 | WARNING! Aborting CBS - could not obtain an initial solution for the following agents: Agent0(26->25)
 00:01:41 | WARNING! Aborting CBS - could not obtain an initial solution for the following agents: Agent0(26->25)
 00:01:42 | WARNING! Aborting CBS - could not obtain an initial solution for the following agents: Agent10(41->40)
 00:01:43 | WARNING! Aborting CBS - could not obtain an initial solution for the following agents: Agent30(41->40)
 00:01:43 | WARNING! Aborting CBS - could not obtain an initial solution for the following agents: Agent30(41->40)
 00:01:44 | WARNING! Aborting CBS - could not obtain an initial solution for the following agents: Agent25(9->8)
 00:01:45 | 00:04:33 | 0.02:13:16 |  27.77%  |  3111   |   3092   | 60%  |  70125   |   0    | 168.35MB  
 00:01:46 | WARNING! Aborting CBS - could not obtain an initial solution for the following agents: Agent2(18->17)
 00:01:47 | WARNING! Aborting CBS - could not obtain an initial solution for the following agents: Agent14(3->2)
 00:01:47 | WARNING! Aborting CBS - could not obtain an initial solution for the following agents: Agent9(57->50)
 00:01:47 | WARNING! Aborting CBS - could not obtain an initial solution for the following agents: Agent9(57->50)
 00:01:47 | WARNING! Aborting CBS - could not obtain an initial solution for the following agents: Agent9(57->54)
 00:01:50 | 00:04:15 | 0.02:24:36 |  30.13%  |  3375   |   3355   | 60%  |  75823   |   0    | 168.36MB  
 00:01:50 | WARNING! Aborting CBS - could not obtain an initial solution for the following agents: Agent5(57->56)
 00:01:50 | WARNING! Aborting CBS - could not obtain an initial solution for the following agents: Agent5(57->56)
 00:01:50 | WARNING! Aborting CBS - could not obtain an initial solution for the following agents: Agent2(25->24)
 00:01:53 | WARNING! Aborting CBS - could not obtain an initial solution for the following agents: Agent21(41->40)
 00:01:53 | WARNING! Aborting CBS - could not obtain an initial solution for the following agents: Agent1(9->8)
 00:01:53 | WARNING! Aborting CBS - could not obtain an initial solution for the following agents: Agent1(9->8)
 00:01:55 | 00:03:58 | 0.02:35:57 |  32.49%  |  3640   |   3621   | 60%  |  82306   |   0    | 170.59MB  
 00:01:55 | WARNING! Aborting CBS - could not obtain an initial solution for the following agents: Agent0(25->24)
 00:01:55 | WARNING! Aborting CBS - could not obtain an initial solution for the following agents: Agent0(25->24)
 00:01:56 | WARNING! Aborting CBS - could not obtain an initial solution for the following agents: Agent25(8->7)
 00:02:00 | 00:03:46 | 0.02:46:12 |  34.63%  |  3876   |   3861   | 60%  |  87661   |   0    | 168.52MB  
 00:02:01 | WARNING! Aborting CBS - could not obtain an initial solution for the following agents: Agent11(25->24)
 00:02:01 | WARNING! Aborting CBS - could not obtain an initial solution for the following agents: Agent11(25->24)
 00:02:01 | WARNING! Aborting CBS - could not obtain an initial solution for the following agents: Agent11(25->24)
 00:02:01 | WARNING! Aborting CBS - could not obtain an initial solution for the following agents: Agent11(25->24)
 00:02:05 | 00:03:37 | 0.02:54:56 |  36.45%  |  4077   |   4066   | 60%  |  92802   |   0    | 168.53MB  
 00:02:05 | WARNING! Aborting CBS - could not obtain an initial solution for the following agents: Agent14(9->8)
 00:02:05 | WARNING! Aborting CBS - could not obtain an initial solution for the following agents: Agent4(3->2)
 00:02:08 | WARNING! Aborting CBS - could not obtain an initial solution for the following agents: Agent8(41->40)
 00:02:10 | 00:03:27 | 0.03:04:42 |  38.48%  |  4305   |   4296   | 60%  |  97859   |   0    | 171.39MB  
 00:02:10 | WARNING! Aborting CBS - could not obtain an initial solution for the following agents: Agent25(9->8)
 00:02:12 | WARNING! Aborting CBS - could not obtain an initial solution for the following agents: Agent4(11->2)
 00:02:12 | WARNING! Aborting CBS - could not obtain an initial solution for the following agents: Agent4(11->2)
 00:02:12 | WARNING! Aborting CBS - could not obtain an initial solution for the following agents: Agent4(11->2)
 00:02:12 | WARNING! Aborting CBS - could not obtain an initial solution for the following agents: Agent4(11->2)
 00:02:13 | WARNING! Aborting CBS - could not obtain an initial solution for the following agents: Agent9(57->56)
 00:02:13 | WARNING! Aborting CBS - could not obtain an initial solution for the following agents: Agent28(41->40)
 00:02:15 | 00:03:22 | 0.03:11:46 |  39.95%  |  4467   |   4460   | 60%  |  101937  |   0    | 169.57MB  
 00:02:17 | WARNING! Aborting CBS - could not obtain an initial solution for the following agents: Agent27(9->8)
 00:02:18 | WARNING! Aborting CBS - could not obtain an initial solution for the following agents: Agent28(43->42)
 00:02:18 | WARNING! Aborting CBS - could not obtain an initial solution for the following agents: Agent28(43->42)
 00:02:18 | WARNING! Aborting CBS - could not obtain an initial solution for the following agents: Agent28(43->42)
 00:02:20 | 00:03:12 | 0.03:22:03 |  42.09%  |  4701   |   4699   | 60%  |  107530  |   0    | 170.07MB  
 00:02:20 | WARNING! Aborting CBS - could not obtain an initial solution for the following agents: Agent26(25->24)
 00:02:23 | WARNING! Aborting CBS - could not obtain an initial solution for the following agents: Agent25(9->8)
 00:02:23 | WARNING! Aborting CBS - could not obtain an initial solution for the following agents: Agent25(9->8)
 00:02:23 | WARNING! Aborting CBS - could not obtain an initial solution for the following agents: Agent16(51->50)
 00:02:25 | 00:03:03 | 0.03:32:11 |  44.21%  |  4938   |   4938   | 60%  |  112919  |   0    | 170.45MB  
 00:02:26 | WARNING! Aborting CBS - could not obtain an initial solution for the following agents: Agent16(57->56)
 00:02:26 | WARNING! Aborting CBS - could not obtain an initial solution for the following agents: Agent16(57->56)
 00:02:26 | WARNING! Aborting CBS - could not obtain an initial solution for the following agents: Agent16(57->56)
 00:02:27 | WARNING! Aborting CBS - could not obtain an initial solution for the following agents: Agent29(57->56)
 00:02:30 | 00:02:53 | 0.03:42:34 |  46.37%  |  5179   |   5180   | 60%  |  118628  |   0    | 170.25MB  
 00:02:31 | WARNING! Aborting CBS - could not obtain an initial solution for the following agents: Agent21(41->40)
 00:02:31 | WARNING! Aborting CBS - could not obtain an initial solution for the following agents: Agent21(41->40)
 00:02:33 | WARNING! Aborting CBS - could not obtain an initial solution for the following agents: Agent14(9->8)
 00:02:33 | WARNING! Aborting CBS - could not obtain an initial solution for the following agents: Agent25(8->1)
 00:02:33 | WARNING! Aborting CBS - could not obtain an initial solution for the following agents: Agent25(8->1)
 00:02:33 | WARNING! Aborting CBS - could not obtain an initial solution for the following agents: Agent25(8->1)
 00:02:33 | WARNING! Aborting CBS - could not obtain an initial solution for the following agents: Agent25(8->2)
 00:02:34 | WARNING! Aborting CBS - could not obtain an initial solution for the following agents: Agent4(9->8)
 00:02:34 | WARNING! Aborting CBS - could not obtain an initial solution for the following agents: Agent7(57->56)
 00:02:34 | WARNING! Aborting CBS - could not obtain an initial solution for the following agents: Agent14(9->8)
 00:02:34 | WARNING! Aborting CBS - could not obtain an initial solution for the following agents: Agent14(9->8)
 00:02:35 | 00:02:44 | 0.03:53:11 |  48.58%  |  5426   |   5430   | 60%  |  124437  |   0    | 171.72MB  
 00:02:35 | WARNING! Aborting CBS - could not obtain an initial solution for the following agents: Agent0(25->24)
 00:02:35 | WARNING! Aborting CBS - could not obtain an initial solution for the following agents: Agent0(25->24)
 00:02:35 | WARNING! Aborting CBS - could not obtain an initial solution for the following agents: Agent0(25->24)
 00:02:36 | WARNING! Aborting CBS - could not obtain an initial solution for the following agents: Agent29(56->50)
 00:02:36 | WARNING! Aborting CBS - could not obtain an initial solution for the following agents: Agent29(56->54)
 00:02:36 | WARNING! Aborting CBS - could not obtain an initial solution for the following agents: Agent11(25->24),Agent29(56->54)
 00:02:37 | WARNING! Aborting CBS - could not obtain an initial solution for the following agents: Agent19(8->7)
 00:02:37 | WARNING! Aborting CBS - could not obtain an initial solution for the following agents: Agent10(43->42)
 00:02:37 | WARNING! Aborting CBS - could not obtain an initial solution for the following agents: Agent10(43->42)
 00:02:38 | WARNING! Aborting CBS - could not obtain an initial solution for the following agents: Agent14(2->1)
 00:02:38 | WARNING! Aborting CBS - could not obtain an initial solution for the following agents: Agent14(2->1)
 00:02:38 | WARNING! Aborting CBS - could not obtain an initial solution for the following agents: Agent14(2->1)
 00:02:39 | WARNING! Aborting CBS - could not obtain an initial solution for the following agents: Agent25(9->8)
 00:02:40 | 00:02:37 | 0.04:02:16 |  50.47%  |  5632   |   5642   | 60%  |  129432  |   0    | 170.88MB  
 00:02:40 | WARNING! Aborting CBS - could not obtain an initial solution for the following agents: Agent0(25->24)
 00:02:42 | WARNING! Aborting CBS - could not obtain an initial solution for the following agents: Agent8(40->33)
 00:02:42 | WARNING! Aborting CBS - could not obtain an initial solution for the following agents: Agent8(40->33)
 00:02:44 | WARNING! Aborting CBS - could not obtain an initial solution for the following agents: Agent1(1->0)
 00:02:44 | WARNING! Aborting CBS - could not obtain an initial solution for the following agents: Agent1(1->0)
 00:02:44 | WARNING! Aborting CBS - could not obtain an initial solution for the following agents: Agent16(56->49)
 00:02:44 | WARNING! Aborting CBS - could not obtain an initial solution for the following agents: Agent16(56->50)
 00:02:45 | 00:02:25 | 0.04:14:46 |  53.08%  |  5927   |   5933   | 60%  |  135807  |   0    | 170.40MB  
 00:02:46 | WARNING! Aborting CBS - could not obtain an initial solution for the following agents: Agent14(9->8)
 00:02:50 | 00:02:19 | 0.04:24:03 |  55.01%  |  6138   |   6151   | 60%  |  140613  |   0    | 170.34MB  
 00:02:51 | WARNING! Aborting CBS - could not obtain an initial solution for the following agents: Agent30(43->42)
 00:02:51 | WARNING! Aborting CBS - could not obtain an initial solution for the following agents: Agent30(43->42)
 00:02:51 | WARNING! Aborting CBS - could not obtain an initial solution for the following agents: Agent30(43->42)
 00:02:51 | WARNING! Aborting CBS - could not obtain an initial solution for the following agents: Agent30(43->42)
 00:02:51 | WARNING! Aborting CBS - could not obtain an initial solution for the following agents: Agent30(43->42)
 00:02:51 | WARNING! Aborting CBS - could not obtain an initial solution for the following agents: Agent30(43->42)
 00:02:51 | WARNING! Aborting CBS - could not obtain an initial solution for the following agents: Agent30(43->42)
 00:02:53 | WARNING! Aborting CBS - could not obtain an initial solution for the following agents: Agent27(9->8)
 00:02:55 | 00:02:10 | 0.04:35:00 |  57.29%  |  6389   |   6409   | 60%  |  146465  |   0    | 170.33MB  
 00:02:55 | WARNING! Aborting CBS - could not obtain an initial solution for the following agents: Agent14(3->2)
 00:02:57 | WARNING! Aborting CBS - could not obtain an initial solution for the following agents: Agent19(8->2)
 00:02:57 | WARNING! Aborting CBS - could not obtain an initial solution for the following agents: Agent19(8->2)
 00:02:57 | WARNING! Aborting CBS - could not obtain an initial solution for the following agents: Agent19(8->6)
 00:02:57 | WARNING! Aborting CBS - could not obtain an initial solution for the following agents: Agent19(8->6)
 00:02:59 | WARNING! Aborting CBS - could not obtain an initial solution for the following agents: Agent7(58->57)
 00:02:59 | WARNING! Aborting CBS - could not obtain an initial solution for the following agents: Agent9(57->56)
 00:02:59 | WARNING! Aborting CBS - could not obtain an initial solution for the following agents: Agent9(57->56)
 00:03:00 | 00:02:00 | 0.04:47:43 |  59.94%  |  6684   |   6706   | 60%  |  152548  |   0    | 170.75MB  
 00:03:01 | WARNING! Aborting CBS - could not obtain an initial solution for the following agents: Agent9(57->56)
 00:03:01 | WARNING! Aborting CBS - could not obtain an initial solution for the following agents: Agent9(57->56)
 00:03:01 | WARNING! Aborting CBS - could not obtain an initial solution for the following agents: Agent9(57->56)
 00:03:03 | WARNING! Aborting CBS - could not obtain an initial solution for the following agents: Agent5(59->50)
 00:03:03 | WARNING! Aborting CBS - could not obtain an initial solution for the following agents: Agent16(49->48)
 00:03:03 | WARNING! Aborting CBS - could not obtain an initial solution for the following agents: Agent16(49->48)
 00:03:04 | WARNING! Aborting CBS - could not obtain an initial solution for the following agents: Agent27(9->8)
 00:03:05 | 00:01:53 | 0.04:57:40 |  62.02%  |  6907   |   6941   | 60%  |  158176  |   0    | 170.98MB  
 00:03:06 | WARNING! Aborting CBS - could not obtain an initial solution for the following agents: Agent8(41->40)
 00:03:07 | WARNING! Aborting CBS - could not obtain an initial solution for the following agents: Agent0(25->24)
 00:03:07 | WARNING! Aborting CBS - could not obtain an initial solution for the following agents: Agent0(25->24)
 00:03:08 | WARNING! Aborting CBS - could not obtain an initial solution for the following agents: Agent14(9->8)
 00:03:08 | WARNING! Aborting CBS - could not obtain an initial solution for the following agents: Agent14(9->8)
 00:03:10 | 00:01:49 | 0.05:04:19 |  63.40%  |  7061   |   7096   | 60%  |  162012  |   0    | 170.70MB  
 00:03:14 | WARNING! Aborting CBS - could not obtain an initial solution for the following agents: Agent9(56->55)
 00:03:14 | WARNING! Aborting CBS - could not obtain an initial solution for the following agents: Agent10(41->40)
 00:03:15 | 00:01:42 | 0.05:14:24 |  65.50%  |  7297   |   7332   | 60%  |  167436  |   0    | 170.87MB  
 00:03:15 | WARNING! Aborting CBS - could not obtain an initial solution for the following agents: Agent16(51->50)
 00:03:15 | WARNING! Aborting CBS - could not obtain an initial solution for the following agents: Agent16(51->50)
 00:03:16 | WARNING! Aborting CBS - could not obtain an initial solution for the following agents: Agent11(25->24)
 00:03:20 | 00:01:38 | 0.05:22:05 |  67.10%  |  7477   |   7513   | 60%  |  171338  |   0    | 174.50MB  
 00:03:24 | WARNING! Aborting CBS - could not obtain an initial solution for the following agents: Agent24(24->23)
 00:03:25 | 00:01:35 | 0.05:27:59 |  68.33%  |  7617   |   7652   | 60%  |  174111  |   0    | 171.87MB  
 00:03:28 | WARNING! Aborting CBS - could not obtain an initial solution for the following agents: Agent21(42->41)
 00:03:28 | WARNING! Aborting CBS - could not obtain an initial solution for the following agents: Agent21(42->41)
 00:03:29 | WARNING! Aborting CBS - could not obtain an initial solution for the following agents: Agent1(3->1)
 00:03:29 | WARNING! Aborting CBS - could not obtain an initial solution for the following agents: Agent1(3->2)
 00:03:29 | WARNING! Aborting CBS - could not obtain an initial solution for the following agents: Agent1(3->2)
 00:03:30 | 00:01:28 | 0.05:38:00 |  70.42%  |  7849   |   7885   | 60%  |  179618  |   0    | 171.42MB  
 00:03:30 | WARNING! Aborting CBS - could not obtain an initial solution for the following agents: Agent21(41->40)
 00:03:30 | WARNING! Aborting CBS - could not obtain an initial solution for the following agents: Agent2(25->24)
 00:03:30 | WARNING! Aborting CBS - could not obtain an initial solution for the following agents: Agent2(25->24)
 00:03:30 | WARNING! Aborting CBS - could not obtain an initial solution for the following agents: Agent9(57->56)
 00:03:30 | WARNING! Aborting CBS - could not obtain an initial solution for the following agents: Agent9(57->56)
 00:03:31 | WARNING! Aborting CBS - could not obtain an initial solution for the following agents: Agent10(42->41)
 00:03:31 | WARNING! Aborting CBS - could not obtain an initial solution for the following agents: Agent10(42->41)
 00:03:31 | WARNING! Aborting CBS - could not obtain an initial solution for the following agents: Agent10(42->41)
 00:03:31 | WARNING! Aborting CBS - could not obtain an initial solution for the following agents: Agent10(42->41)
 00:03:31 | WARNING! Aborting CBS - could not obtain an initial solution for the following agents: Agent21(41->40)
 00:03:34 | WARNING! Aborting CBS - could not obtain an initial solution for the following agents: Agent24(25->24)
 00:03:35 | 00:01:20 | 0.05:48:55 |  72.69%  |  8100   |   8141   | 60%  |  185629  |   0    | 171.94MB  
 00:03:35 | WARNING! Aborting CBS - could not obtain an initial solution for the following agents: Agent5(57->56)
 00:03:35 | WARNING! Aborting CBS - could not obtain an initial solution for the following agents: Agent5(57->56)
 00:03:36 | WARNING! Aborting CBS - could not obtain an initial solution for the following agents: Agent21(41->40)
 00:03:36 | WARNING! Aborting CBS - could not obtain an initial solution for the following agents: Agent2(25->24)
 00:03:38 | WARNING! Aborting CBS - could not obtain an initial solution for the following agents: Agent30(42->41)
 00:03:38 | WARNING! Aborting CBS - could not obtain an initial solution for the following agents: Agent30(42->41)
 00:03:38 | WARNING! Aborting CBS - could not obtain an initial solution for the following agents: Agent30(42->41)
 00:03:40 | 00:01:14 | 0.05:59:11 |  74.83%  |  8341   |   8381   | 60%  |  191043  |   0    | 171.80MB  
 00:03:41 | WARNING! Aborting CBS - could not obtain an initial solution for the following agents: Agent1(3->2)
 00:03:45 | 00:01:08 | 0.06:08:33 |  76.78%  |  8557   |   8599   | 60%  |  196413  |   0    | 172.52MB  
 00:03:45 | WARNING! Aborting CBS - could not obtain an initial solution for the following agents: Agent14(9->8)
 00:03:45 | WARNING! Aborting CBS - could not obtain an initial solution for the following agents: Agent14(9->8)
 00:03:46 | WARNING! Aborting CBS - could not obtain an initial solution for the following agents: Agent4(8->2)
 00:03:49 | WARNING! Aborting CBS - could not obtain an initial solution for the following agents: Agent30(41->40)
 00:03:50 | 00:01:02 | 0.06:17:41 |  78.69%  |  8771   |   8814   | 60%  |  201837  |   0    | 172.34MB  
 00:03:52 | WARNING! Aborting CBS - could not obtain an initial solution for the following agents: Agent10(40->39)
 00:03:55 | 00:00:53 | 0.06:31:38 |  81.59%  |  9097   |   9141   | 60%  |  208980  |   0    | 172.48MB  
 00:03:55 | WARNING! Aborting CBS - could not obtain an initial solution for the following agents: Agent28(41->40)
 00:03:55 | WARNING! Aborting CBS - could not obtain an initial solution for the following agents: Agent28(41->40)
 00:03:57 | WARNING! Aborting CBS - could not obtain an initial solution for the following agents: Agent21(41->40)
 00:04:00 | 00:00:44 | 0.06:44:52 |  84.35%  |  9406   |   9450   | 60%  |  216104  |   0    | 172.92MB  
 00:04:00 | WARNING! Aborting CBS - could not obtain an initial solution for the following agents: Agent21(41->40)
 00:04:00 | WARNING! Aborting CBS - could not obtain an initial solution for the following agents: Agent21(41->40)
 00:04:04 | WARNING! Aborting CBS - could not obtain an initial solution for the following agents: Agent4(9->2)
 00:04:05 | 00:00:38 | 0.06:55:28 |  86.56%  |  9654   |   9699   | 60%  |  222085  |   0    | 172.70MB  
 00:04:09 | WARNING! Aborting CBS - could not obtain an initial solution for the following agents: Agent27(9->8)
 00:04:09 | WARNING! Aborting CBS - could not obtain an initial solution for the following agents: Agent27(9->2)
 00:04:10 | 00:00:33 | 0.07:02:41 |  88.06%  |  9822   |   9868   | 60%  |  226203  |   0    | 173.71MB  
 00:04:10 | WARNING! Aborting CBS - could not obtain an initial solution for the following agents: Agent21(41->40)
 00:04:10 | WARNING! Aborting CBS - could not obtain an initial solution for the following agents: Agent21(41->40)
 00:04:10 | WARNING! Aborting CBS - could not obtain an initial solution for the following agents: Agent21(41->40)
 00:04:12 | WARNING! Aborting CBS - could not obtain an initial solution for the following agents: Agent27(9->8)
 00:04:12 | WARNING! Aborting CBS - could not obtain an initial solution for the following agents: Agent27(9->8)
 00:04:15 | 00:00:27 | 0.07:13:49 |  90.38%  |  10082  |  10128   | 60%  |  232086  |   0    | 172.38MB  
 00:04:15 | WARNING! Aborting CBS - could not obtain an initial solution for the following agents: Agent9(57->56)
 00:04:16 | WARNING! Aborting CBS - could not obtain an initial solution for the following agents: Agent27(3->1)
 00:04:16 | WARNING! Aborting CBS - could not obtain an initial solution for the following agents: Agent27(3->2)
 00:04:18 | WARNING! Aborting CBS - could not obtain an initial solution for the following agents: Agent26(25->24)
 00:04:20 | 00:00:20 | 0.07:24:26 |  92.59%  |  10325  |  10377   | 60%  |  238094  |   0    | 172.48MB  
 00:04:24 | WARNING! Aborting CBS - could not obtain an initial solution for the following agents: Agent27(9->8)
 00:04:25 | 00:00:15 | 0.07:34:14 |  94.64%  |  10554  |  10608   | 60%  |  243356  |   0    | 173.41MB  
 00:04:25 | WARNING! Aborting CBS - could not obtain an initial solution for the following agents: Agent26(25->18)
 00:04:29 | WARNING! Aborting CBS - could not obtain an initial solution for the following agents: Agent7(57->56)
 00:04:30 | 00:00:10 | 0.07:41:38 |  96.17%  |  10726  |  10781   | 60%  |  247889  |   0    | 173.89MB  
 00:04:31 | WARNING! Aborting CBS - could not obtain an initial solution for the following agents: Agent9(51->49)
 00:04:31 | WARNING! Aborting CBS - could not obtain an initial solution for the following agents: Agent9(51->49)
 00:04:31 | WARNING! Aborting CBS - could not obtain an initial solution for the following agents: Agent9(51->50)
 00:04:31 | WARNING! Aborting CBS - could not obtain an initial solution for the following agents: Agent9(51->50)
 00:04:35 | 00:00:06 | 0.07:49:07 |  97.73%  |  10897  |  10956   | 60%  |  252164  |   0    | 172.71MB  
 00:04:35 | WARNING! Aborting CBS - could not obtain an initial solution for the following agents: Agent26(25->24)
 00:04:36 | WARNING! Aborting CBS - could not obtain an initial solution for the following agents: Agent26(25->24)
 00:04:36 | WARNING! Aborting CBS - could not obtain an initial solution for the following agents: Agent26(25->24)
 00:04:40 | 00:00:01 | 0.07:57:05 |  99.39%  |  11081  |  11142   | 60%  |  256672  |   0    | 172.41MB  
 00:04:41 | WARNING! Aborting CBS - could not obtain an initial solution for the following agents: Agent7(57->56)
 00:04:41 | WARNING! Aborting CBS - could not obtain an initial solution for the following agents: Agent7(57->56)
 00:04:41 | WARNING! Aborting CBS - could not obtain an initial solution for the following agents: Agent7(57->56)
 00:04:41 | WARNING! Aborting CBS - could not obtain an initial solution for the following agents: Agent29(56->55)
 00:04:42 | 00:00:00 | 0.08:00:00 | 100.00%  |  11145  |  11212   | 60%  |  258311  |   0    | 174.43MB  
 00:04:42 | >>> Simulation finished - writing results ...
 00:04:42 | >>> Results written
Simulation finished.
>>> Timings
StatTimingPathPlanningAverage: 0.01406205924905493
StatTimingPathPlanningOverall: 219.4665587000003
StatTimingPathPlanningCount: 15607
StatTimingTaskAllocationAverage: 0.0014789588312173192
StatTimingTaskAllocationOverall: 23.763910499999884
StatTimingTaskAllocationCount: 16068
StatTimingItemStorageAverage: 3.6011729942694776E-06
StatTimingItemStorageOverall: 0.04021790000000153
StatTimingItemStorageCount: 11168
StatTimingPodStorageAverage: 0.0020664078392621855
StatTimingPodStorageOverall: 6.273614199999995
StatTimingPodStorageCount: 3036
StatTimingReplenishmentBatchingAverage: 8.301315231226095E-06
StatTimingReplenishmentBatchingOverall: 0.09783099999999953
StatTimingReplenishmentBatchingCount: 11785
StatTimingOrderBatchingAverage: 0.00011109684031302105
StatTimingOrderBatchingOverall: 3.393008599999976
StatTimingOrderBatchingCount: 30541
>>> Overall
StatOverallBundlesPlaced: 15166
StatOverallItemsOrdered: 11189
StatOverallOrdersPlaced: 11189
StatOverallBundlesRejected: 0
StatOverallOrdersRejected: 0
StatOverallBundlesHandled: 11212
StatOverallItemsHandled: 11149
StatOverallLinesHandled: 11149
StatOverallOrdersHandled: 11145
StatOverallCollisions: 0
StatOverallDistanceTraveled: 258310.53166802367
StatOverallDistanceEstimated: 238511
StatOverallAssignedTasks: 16068
StatMaxMemoryUsed: 174.40625
StatRealTimeUsed: 282.1901817
StatAverageTurnoverTime: 368.7129736200649
StatMedianTurnoverTime: 214.96933389495462
StatLowerQuartileTurnoverTime: 121.97604928612873
StatUpperQuartileTurnoverTime: 492.2616580552276
StatAverageThroughputTime: 114.26818417676537
StatMedianThroughputTime: 120.74269117928907
StatLowerQuartileThroughputTime: 80.80334052625949
StatUpperQuartileThroughputTime: 141.99158006817584
>>> Energy (Rizqi model)
StatEnergyTotalKJ: 19233.19047797622
StatEnergyE1AccelKJ: 5370.479560249978
StatEnergyE2DecelKJ: 0
StatEnergyE3CruiseKJ: 9779.537502000006
StatEnergyE4RotationKJ: 3260.6231401705913
StatEnergyE5LiftLowerKJ: 822.5502755555558
StatEnergyPerOrderKJ: 1.7257236857762421
StatEnergyPerMeterJoule: 74.42177134666828
StatDistanceTraveledRizqiM: 258435
>>> Motion Behavior
StatTurningCount: 32156
StatStopAndGoCount: 43725
StatLoadedDistanceM: 173903
StatLoadedTurningCount: 23550
StatWaitTimeSec: 376822.2714923196

Marked tag finished after 1 tries!
.Fin. - SUCCESS
