<<< Welcome to the RAWSimO CLI >>>
The time is: 04/16/2026 23:07:07
Starting RAWSimO wrapper with the following arguments:
Instance: Material/Instances/CoreBenchmark/aesop.xlayo
Setting: Material/Instances/CoreBenchmark/aesop.xsett
ControlConfig: Material/Instances/CoreBenchmark/aesop-cbs.xconf
StatisticsDir: output_compare/diag/
Seed: 42
Adding handler for unhandled exceptions ...
Initializing ... 
LayoutConfiguration recognized!
Parsing setting config ...
Parsing control config ...
Parsing layout config ...
Generating instance...
Info about all directions within the generated instance:
# # # # # e p e p p p p p p p p p p p p p p p p p e p p p p p p p p p p p p p p p p p e p p p p p p p p p e s # # # # # 
# # # # # n q ^ + + + + + + + + v + + + + + + + + ^ + + + + + + + + v + + + + + + + + ^ + + + + + + + + q d q # # # # # 
# # # # # b p b + + + + + + + + v + + + + + + + + ^ + + + + + + + + v + + + + + + + + ^ + + + + + + + + v b s # # # # # 
s w w w w d q d < < < < < < < < q < < < < < < < < d < < < < < < < < q < < < < < < < < d < < < < < < < < q d q w w w w w 
p e e e s b p b + + + + + + + + v + + + + + + + + ^ + + + + + + + + v + + + + + + + + ^ + + + + + + + + v b p e e e e n 
s w w w w d q ^ + + + + + + + + v + + + + + + + + ^ + + + + + + + + v + + + + + + + + ^ + + + + + + + + q d q n w w w d 
e e e e e b p b > > > > > > > > p > > > > > > > > b > > > > > > > > p > > > > > > > > b > > > > > > > > p b p e e e e n 
# # # # # n q ^ + + + + + + + + v + + + + + + + + ^ + + + + + + + + v + + + + + + + + ^ + + + + + + + + q d q # # # # # 
# # # # # b p b + + + + + + + + v + + + + + + + + ^ + + + + + + + + v + + + + + + + + ^ + + + + + + + + v b s # # # # # 
s w w w w d q d < < < < < < < < q < < < < < < < < d < < < < < < < < q < < < < < < < < d < < < < < < < < q d q w w w w w 
p e e e s b p b + + + + + + + + v + + + + + + + + ^ + + + + + + + + v + + + + + + + + ^ + + + + + + + + v b p e e e e n 
s w w w w d q ^ + + + + + + + + v + + + + + + + + ^ + + + + + + + + v + + + + + + + + ^ + + + + + + + + q d q n w w w d 
e e e e e b p b > > > > > > > > p > > > > > > > > b > > > > > > > > p > > > > > > > > b > > > > > > > > p b p e e e e n 
# # # # # n q ^ + + + + + + + + v + + + + + + + + ^ + + + + + + + + v + + + + + + + + ^ + + + + + + + + q d q # # # # # 
# # # # # b p b + + + + + + + + v + + + + + + + + ^ + + + + + + + + v + + + + + + + + ^ + + + + + + + + v b s # # # # # 
s w w w w d q d < < < < < < < < q < < < < < < < < d < < < < < < < < q < < < < < < < < d < < < < < < < < q d q w w w w w 
p e e e s b p b + + + + + + + + v + + + + + + + + ^ + + + + + + + + v + + + + + + + + ^ + + + + + + + + v b p e e e e n 
s w w w w d q ^ + + + + + + + + v + + + + + + + + ^ + + + + + + + + v + + + + + + + + ^ + + + + + + + + q d q n w w w d 
e e e e e b p b > > > > > > > > p > > > > > > > > b > > > > > > > > p > > > > > > > > b > > > > > > > > p b p e e e e n 
# # # # # n q ^ + + + + + + + + v + + + + + + + + ^ + + + + + + + + v + + + + + + + + ^ + + + + + + + + q d q # # # # # 
# # # # # b p b + + + + + + + + v + + + + + + + + ^ + + + + + + + + v + + + + + + + + ^ + + + + + + + + v b s # # # # # 
s w w w w d q d < < < < < < < < q < < < < < < < < d < < < < < < < < q < < < < < < < < d < < < < < < < < q d q w w w w w 
p e e e s b p b + + + + + + + + v + + + + + + + + ^ + + + + + + + + v + + + + + + + + ^ + + + + + + + + v b p e e e e n 
s w w w w d q ^ + + + + + + + + v + + + + + + + + ^ + + + + + + + + v + + + + + + + + ^ + + + + + + + + q d q n w w w d 
e e e e e b p b > > > > > > > > p > > > > > > > > b > > > > > > > > p > > > > > > > > b > > > > > > > > p b p e e e e n 
# # # # # n q ^ + + + + + + + + v + + + + + + + + ^ + + + + + + + + v + + + + + + + + ^ + + + + + + + + q d q # # # # # 
# # # # # b p b + + + + + + + + v + + + + + + + + ^ + + + + + + + + v + + + + + + + + ^ + + + + + + + + v b s # # # # # 
# # # # # n q d < < < < < < < < q < < < < < < < < d < < < < < < < < q < < < < < < < < d < < < < < < < < q d q # # # # # 
# # # # # b p b + + + + + + + + v + + + + + + + + ^ + + + + + + + + v + + + + + + + + ^ + + + + + + + + v b s # # # # # 
# # # # # n q ^ + + + + + + + + v + + + + + + + + ^ + + + + + + + + v + + + + + + + + ^ + + + + + + + + q d q # # # # # 
# # # # # b p b > > > > > > > > p > > > > > > > > b > > > > > > > > p > > > > > > > > b > > > > > > > > p b s # # # # # 
# # # # # n q ^ + + + + + + + + v + + + + + + + + ^ + + + + + + + + v + + + + + + + + ^ + + + + + + + + q d q # # # # # 
# # # # # b p b + + + + + + + + v + + + + + + + + ^ + + + + + + + + v + + + + + + + + ^ + + + + + + + + v b s # # # # # 
# # # # # n w d d d d d d d d d w d d d d d d d d d d d d d d d d d w d d d d d d d d d d d d d d d d d w d w # # # # # 


Info about all types within the generated instance:
# # # # # r r r r r r r r r r r r r r r r r r r r r r r r r r r r r r r r r r r r r r r r r r r r r r r r r r # # # # # 
# # # # # r r r s s s s s s s s r s s s s s s s s r s s s s s s s s r s s s s s s s s r s s s s s s s s r r r # # # # # 
# # # # # r r r s s s s s s s s r s s s s s s s s r s s s s s s s s r s s s s s s s s r s s s s s s s s r r r # # # # # 
b b b b b r r r r r r r r r r r r r r r r r r r r r r r r r r r r r r r r r r r r r r r r r r r r r r r r r r b b b b o 
b b b b b r r r s s s s s s s s r s s s s s s s s r s s s s s s s s r s s s s s s s s r s s s s s s s s r r r b b b b b 
b b b b b r r r s s s s s s s s r s s s s s s s s r s s s s s s s s r s s s s s s s s r s s s s s s s s r r r b b b b b 
i b b b b r r r r r r r r r r r r r r r r r r r r r r r r r r r r r r r r r r r r r r r r r r r r r r r r r r b b b b b 
# # # # # r r r s s s s s s s s r s s s s s s s s r s s s s s s s s r s s s s s s s s r s s s s s s s s r r r # # # # # 
# # # # # r r r s s s s s s s s r s s s s s s s s r s s s s s s s s r s s s s s s s s r s s s s s s s s r r r # # # # # 
b b b b b r r r r r r r r r r r r r r r r r r r r r r r r r r r r r r r r r r r r r r r r r r r r r r r r r r b b b b o 
b b b b b r r r s s s s s s s s r s s s s s s s s r s s s s s s s s r s s s s s s s s r s s s s s s s s r r r b b b b b 
b b b b b r r r s s s s s s s s r s s s s s s s s r s s s s s s s s r s s s s s s s s r s s s s s s s s r r r b b b b b 
i b b b b r r r r r r r r r r r r r r r r r r r r r r r r r r r r r r r r r r r r r r r r r r r r r r r r r r b b b b b 
# # # # # r r r s s s s s s s s r s s s s s s s s r s s s s s s s s r s s s s s s s s r s s s s s s s s r r r # # # # # 
# # # # # r r r s s s s s s s s r s s s s s s s s r s s s s s s s s r s s s s s s s s r s s s s s s s s r r r # # # # # 
b b b b b r r r r r r r r r r r r r r r r r r r r r r r r r r r r r r r r r r r r r r r r r r r r r r r r r r b b b b o 
b b b b b r r r s s s s s s s s r s s s s s s s s r s s s s s s s s r s s s s s s s s r s s s s s s s s r r r b b b b b 
b b b b b r r r s s s s s s s s r s s s s s s s s r s s s s s s s s r s s s s s s s s r s s s s s s s s r r r b b b b b 
i b b b b r r r r r r r r r r r r r r r r r r r r r r r r r r r r r r r r r r r r r r r r r r r r r r r r r r b b b b b 
# # # # # r r r s s s s s s s s r s s s s s s s s r s s s s s s s s r s s s s s s s s r s s s s s s s s r r r # # # # # 
# # # # # r r r s s s s s s s s r s s s s s s s s r s s s s s s s s r s s s s s s s s r s s s s s s s s r r r # # # # # 
b b b b b r r r r r r r r r r r r r r r r r r r r r r r r r r r r r r r r r r r r r r r r r r r r r r r r r r b b b b o 
b b b b b r r r s s s s s s s s r s s s s s s s s r s s s s s s s s r s s s s s s s s r s s s s s s s s r r r b b b b b 
b b b b b r r r s s s s s s s s r s s s s s s s s r s s s s s s s s r s s s s s s s s r s s s s s s s s r r r b b b b b 
i b b b b r r r r r r r r r r r r r r r r r r r r r r r r r r r r r r r r r r r r r r r r r r r r r r r r r r b b b b b 
# # # # # r r r s s s s s s s s r s s s s s s s s r s s s s s s s s r s s s s s s s s r s s s s s s s s r r r # # # # # 
# # # # # r r r s s s s s s s s r s s s s s s s s r s s s s s s s s r s s s s s s s s r s s s s s s s s r r r # # # # # 
# # # # # r r r r r r r r r r r r r r r r r r r r r r r r r r r r r r r r r r r r r r r r r r r r r r r r r r # # # # # 
# # # # # r r r s s s s s s s s r s s s s s s s s r s s s s s s s s r s s s s s s s s r s s s s s s s s r r r # # # # # 
# # # # # r r r s s s s s s s s r s s s s s s s s r s s s s s s s s r s s s s s s s s r s s s s s s s s r r r # # # # # 
# # # # # r r r r r r r r r r r r r r r r r r r r r r r r r r r r r r r r r r r r r r r r r r r r r r r r r r # # # # # 
# # # # # r r r s s s s s s s s r s s s s s s s s r s s s s s s s s r s s s s s s s s r s s s s s s s s r r r # # # # # 
# # # # # r r r s s s s s s s s r s s s s s s s s r s s s s s s s s r s s s s s s s s r s s s s s s s s r r r # # # # # 
# # # # # r r r r r r r r r r r r r r r r r r r r r r r r r r r r r r r r r r r r r r r r r r r r r r r r r r # # # # # 


StatisticsFolder: aesop-aesop-aesop-cbs-42
Done!
Executing ... 
 23:07:09 | >>> Warming up ...
 00:00:00 | >>> Warmup finished - starting simulation ...
 Realtime |   ETA    |  Sim.Time  | Progress | #Orders | #Bundles | Inv. | Distance | #Coll. |   Memory    
 00:00:00 |   n/a    | 0.00:00:00 |  0.00%   |    0    |    0     | 70%  |    0     |   0    | 151.93MB  
 00:00:02 | WARNING! Aborting CBS - could not obtain an initial solution for the following agents: Agent13(54->53)
 00:00:02 | WARNING! Aborting CBS - could not obtain an initial solution for the following agents: Agent13(54->53)
 00:00:02 | WARNING! Aborting CBS - could not obtain an initial solution for the following agents: Agent13(54->53),Agent20(144->143)
 00:00:02 | WARNING! Aborting CBS - could not obtain an initial solution for the following agents: Agent20(144->143)
 00:00:05 | 00:08:12 | 0.00:04:49 |  1.01%   |   66    |    88    | 71%  |   3242   |   0    | 152.87MB  
 00:00:06 | WARNING! Aborting CBS - could not obtain an initial solution for the following agents: Agent3(32->31)
 00:00:10 | 00:05:46 | 0.00:13:27 |  2.80%   |   199   |   275    | 72%  |   9054   |   0    | 150.50MB  
 00:00:14 | WARNING! Aborting CBS - could not obtain an initial solution for the following agents: Agent10(12->11)
 00:00:14 | WARNING! Aborting CBS - could not obtain an initial solution for the following agents: Agent10(12->11)
 00:00:15 | 00:05:10 | 0.00:22:09 |  4.62%   |   317   |   451    | 74%  |  15308   |   0    | 151.77MB  
 00:00:15 | WARNING! Aborting CBS - could not obtain an initial solution for the following agents: Agent6(73->72)
 00:00:16 | WARNING! Aborting CBS - could not obtain an initial solution for the following agents: Agent3(32->31)
 00:00:20 | 00:04:47 | 0.00:31:11 |  6.50%   |   440   |   632    | 75%  |  22210   |   0    | 153.32MB  
 00:00:21 | WARNING! Aborting CBS - could not obtain an initial solution for the following agents: Agent17(74->73)
 00:00:25 | 00:04:32 | 0.00:40:22 |  8.41%   |   566   |   801    | 77%  |  29379   |   0    | 154.60MB  
 00:00:27 | WARNING! Aborting CBS - could not obtain an initial solution for the following agents: Agent6(74->73)
 00:00:27 | WARNING! Aborting CBS - could not obtain an initial solution for the following agents: Agent6(74->73)
 00:00:29 | WARNING! Aborting CBS - could not obtain an initial solution for the following agents: Agent6(74->73)
 00:00:29 | WARNING! Aborting CBS - could not obtain an initial solution for the following agents: Agent6(74->73)
 00:00:29 | WARNING! Aborting CBS - could not obtain an initial solution for the following agents: Agent6(74->73)
 00:00:29 | WARNING! Aborting CBS - could not obtain an initial solution for the following agents: Agent6(74->73)
 00:00:29 | WARNING! Aborting CBS - could not obtain an initial solution for the following agents: Agent6(74->73)
 00:00:30 | 00:04:22 | 0.00:49:16 |  10.26%  |   684   |   969    | 78%  |  36714   |   0    | 156.56MB  
 00:00:30 | WARNING! Aborting CBS - could not obtain an initial solution for the following agents: Agent5(12->11)
 00:00:35 | 00:04:13 | 0.00:58:20 |  12.15%  |   813   |   1123   | 80%  |  44145   |   0    | 157.87MB  
 00:00:36 | WARNING! Aborting CBS - could not obtain an initial solution for the following agents: Agent8(14->13)
 00:00:36 | WARNING! Aborting CBS - could not obtain an initial solution for the following agents: Agent8(14->13)
 00:00:36 | WARNING! Aborting CBS - could not obtain an initial solution for the following agents: Agent8(14->13)
 00:00:36 | WARNING! Aborting CBS - could not obtain an initial solution for the following agents: Agent8(14->13)
 00:00:36 | WARNING! Aborting CBS - could not obtain an initial solution for the following agents: Agent8(14->13)
 00:00:38 | WARNING! Aborting CBS - could not obtain an initial solution for the following agents: Agent5(12->11)
 00:00:39 | WARNING! Aborting CBS - could not obtain an initial solution for the following agents: Agent11(52->51)
 00:00:40 | 00:04:07 | 0.01:06:54 |  13.94%  |   922   |   1278   | 81%  |  51034   |   0    | 157.46MB  
 00:00:40 | WARNING! Aborting CBS - could not obtain an initial solution for the following agents: Agent25(73->72)
 00:00:40 | WARNING! Aborting CBS - could not obtain an initial solution for the following agents: Agent25(73->72)
 00:00:41 | WARNING! Aborting CBS - could not obtain an initial solution for the following agents: Agent8(12->11)
 00:00:41 | WARNING! Aborting CBS - could not obtain an initial solution for the following agents: Agent8(12->11)
 00:00:41 | WARNING! Aborting CBS - could not obtain an initial solution for the following agents: Agent7(52->51)
 00:00:41 | WARNING! Aborting CBS - could not obtain an initial solution for the following agents: Agent7(52->51)
 00:00:43 | WARNING! Aborting CBS - could not obtain an initial solution for the following agents: Agent4(72->71)
 00:00:43 | WARNING! Aborting CBS - could not obtain an initial solution for the following agents: Agent9(92->91)
 00:00:45 | 00:03:55 | 0.01:17:08 |  16.07%  |  1065   |   1445   | 82%  |  59251   |   0    | 159.32MB  
 00:00:45 | Pausing bundle generation due to inventory+reserved+backlog level (currently at: 0.8500098330426851)
 00:00:50 | 00:04:10 | 0.01:20:00 |  16.67%  |  1106   |   1494   | 83%  |  61671   |   0    | 164.09MB  
 00:00:55 | 00:04:22 | 0.01:23:11 |  17.33%  |  1145   |   1554   | 83%  |  64323   |   0    | 164.79MB  
 00:00:55 | WARNING! Aborting CBS - could not obtain an initial solution for the following agents: Agent19(34->23)
 00:00:56 | WARNING! Aborting CBS - could not obtain an initial solution for the following agents: Agent11(52->51)
 00:00:56 | WARNING! Aborting CBS - could not obtain an initial solution for the following agents: Agent11(52->51)
 00:01:00 | 00:04:27 | 0.01:28:02 |  18.34%  |  1208   |   1631   | 84%  |  68476   |   0    | 164.21MB  
 00:01:00 | WARNING! Aborting CBS - could not obtain an initial solution for the following agents: Agent12(134->133)
 00:01:00 | WARNING! Aborting CBS - could not obtain an initial solution for the following agents: Agent12(134->133)
 00:01:05 | 00:04:18 | 0.01:36:26 |  20.09%  |  1325   |   1724   | 85%  |  75239   |   0    | 165.16MB  
 00:01:05 | WARNING! Aborting CBS - could not obtain an initial solution for the following agents: Agent16(12->11)
 00:01:05 | WARNING! Aborting CBS - could not obtain an initial solution for the following agents: Agent16(12->11)
 00:01:07 | WARNING! Aborting CBS - could not obtain an initial solution for the following agents: Agent19(34->23)
 00:01:07 | WARNING! Aborting CBS - could not obtain an initial solution for the following agents: Agent19(34->23)
 00:01:07 | WARNING! Aborting CBS - could not obtain an initial solution for the following agents: Agent19(34->33)
 00:01:07 | WARNING! Aborting CBS - could not obtain an initial solution for the following agents: Agent6(72->71)
 00:01:07 | WARNING! Aborting CBS - could not obtain an initial solution for the following agents: Agent6(72->71)
 00:01:08 | WARNING! Aborting CBS - could not obtain an initial solution for the following agents: Agent16(3->2)
 00:01:09 | WARNING! Aborting CBS - could not obtain an initial solution for the following agents: Agent6(72->71)
 00:01:10 | 00:04:10 | 0.01:44:46 |  21.83%  |  1446   |   1724   | 84%  |  80551   |   0    | 168.45MB  
 00:01:14 | WARNING! Aborting CBS - could not obtain an initial solution for the following agents: Agent2(32->31)
 00:01:14 | WARNING! Aborting CBS - could not obtain an initial solution for the following agents: Agent2(32->31)
 00:01:14 | WARNING! Aborting CBS - could not obtain an initial solution for the following agents: Agent21(72->71)
 00:01:14 | WARNING! Aborting CBS - could not obtain an initial solution for the following agents: Agent21(72->71)
 00:01:14 | WARNING! Aborting CBS - could not obtain an initial solution for the following agents: Agent21(72->71)
 00:01:14 | WARNING! Aborting CBS - could not obtain an initial solution for the following agents: Agent1(32->31)
 00:01:14 | WARNING! Aborting CBS - could not obtain an initial solution for the following agents: Agent1(32->31)
 00:01:14 | WARNING! Aborting CBS - could not obtain an initial solution for the following agents: Agent1(32->31)
 00:01:14 | WARNING! Aborting CBS - could not obtain an initial solution for the following agents: Agent5(12->11)
 00:01:14 | WARNING! Aborting CBS - could not obtain an initial solution for the following agents: Agent5(12->11)
 00:01:15 | 00:04:13 | 0.01:49:32 |  22.82%  |  1514   |   1724   | 84%  |  83529   |   0    | 179.77MB  
 00:01:15 | WARNING! Aborting CBS - could not obtain an initial solution for the following agents: Agent2(32->21)
 00:01:16 | WARNING! Aborting CBS - could not obtain an initial solution for the following agents: Agent2(32->22),Agent3(22->21)
 00:01:16 | WARNING! Aborting CBS - could not obtain an initial solution for the following agents: Agent2(32->22),Agent3(22->21)
 00:01:16 | WARNING! Aborting CBS - could not obtain an initial solution for the following agents: Agent2(32->22)
 00:01:16 | WARNING! Aborting CBS - could not obtain an initial solution for the following agents: Agent16(12->11)
 00:01:16 | WARNING! Aborting CBS - could not obtain an initial solution for the following agents: Agent16(12->11)
 00:01:20 | 00:04:04 | 0.01:58:15 |  24.64%  |  1640   |   1724   | 84%  |  88802   |   0    | 180.04MB  
 00:01:20 | WARNING! Aborting CBS - could not obtain an initial solution for the following agents: Agent14(52->51)
 00:01:20 | WARNING! Aborting CBS - could not obtain an initial solution for the following agents: Agent14(52->51)
 00:01:21 | WARNING! Aborting CBS - could not obtain an initial solution for the following agents: Agent5(14->13)
 00:01:21 | WARNING! Aborting CBS - could not obtain an initial solution for the following agents: Agent5(14->13)
 00:01:21 | WARNING! Aborting CBS - could not obtain an initial solution for the following agents: Agent5(14->13)
 00:01:21 | WARNING! Aborting CBS - could not obtain an initial solution for the following agents: Agent5(14->13)
 00:01:21 | WARNING! Aborting CBS - could not obtain an initial solution for the following agents: Agent5(14->13)
 00:01:22 | WARNING! Aborting CBS - could not obtain an initial solution for the following agents: Agent7(52->51)
 00:01:22 | WARNING! Aborting CBS - could not obtain an initial solution for the following agents: Agent7(52->51)
 00:01:22 | WARNING! Aborting CBS - could not obtain an initial solution for the following agents: Agent17(73->72)
 00:01:22 | WARNING! Aborting CBS - could not obtain an initial solution for the following agents: Agent17(73->72)
 00:01:22 | WARNING! Aborting CBS - could not obtain an initial solution for the following agents: Agent4(73->72)
 00:01:22 | WARNING! Aborting CBS - could not obtain an initial solution for the following agents: Agent4(73->72)
 00:01:22 | WARNING! Aborting CBS - could not obtain an initial solution for the following agents: Agent21(72->71)
 00:01:24 | WARNING! Aborting CBS - could not obtain an initial solution for the following agents: Agent16(3->2)
 00:01:24 | WARNING! Aborting CBS - could not obtain an initial solution for the following agents: Agent5(12->2)
 00:01:24 | WARNING! Aborting CBS - could not obtain an initial solution for the following agents: Agent5(12->3)
 00:01:24 | WARNING! Aborting CBS - could not obtain an initial solution for the following agents: Agent20(51->50)
 00:01:25 | 00:03:50 | 0.02:09:16 |  26.93%  |  1796   |   1724   | 84%  |  95591   |   0    | 181.37MB  
 00:01:26 | WARNING! Aborting CBS - could not obtain an initial solution for the following agents: Agent6(73->62),Agent25(74->63)
 00:01:26 | WARNING! Aborting CBS - could not obtain an initial solution for the following agents: Agent6(73->63)
 00:01:26 | WARNING! Aborting CBS - could not obtain an initial solution for the following agents: Agent6(73->63)
 00:01:30 | 00:03:53 | 0.02:13:38 |  27.84%  |  1854   |   1724   | 83%  |  98687   |   0    | 184.56MB  
 00:01:35 | 00:04:03 | 0.02:14:44 |  28.07%  |  1867   |   1724   | 83%  |  99465   |   0    | 193.38MB  
 00:01:36 | WARNING! Aborting CBS - could not obtain an initial solution for the following agents: Agent4(72->71)
 00:01:36 | WARNING! Aborting CBS - could not obtain an initial solution for the following agents: Agent4(72->71)
 00:01:36 | WARNING! Aborting CBS - could not obtain an initial solution for the following agents: Agent21(72->71)
 00:01:36 | WARNING! Aborting CBS - could not obtain an initial solution for the following agents: Agent21(72->71)
 00:01:40 | 00:03:57 | 0.02:22:25 |  29.67%  |  1980   |   1724   | 83%  |  104287  |   0    | 194.22MB  
 00:01:40 | WARNING! Aborting CBS - could not obtain an initial solution for the following agents: Agent1(32->31)
 00:01:42 | WARNING! Aborting CBS - could not obtain an initial solution for the following agents: Agent25(73->72)
 00:01:42 | WARNING! Aborting CBS - could not obtain an initial solution for the following agents: Agent25(73->72)
 00:01:42 | WARNING! Aborting CBS - could not obtain an initial solution for the following agents: Agent24(12->11)
 00:01:44 | WARNING! Aborting CBS - could not obtain an initial solution for the following agents: Agent14(52->51)
 00:01:45 | 00:03:55 | 0.02:27:53 |  30.81%  |  2058   |   1724   | 83%  |  108143  |   0    | 194.27MB  
 00:01:46 | WARNING! Aborting CBS - could not obtain an initial solution for the following agents: Agent9(32->31)
 00:01:49 | WARNING! Aborting CBS - could not obtain an initial solution for the following agents: Agent21(72->71)
 00:01:50 | 00:03:41 | 0.02:39:10 |  33.16%  |  2225   |   1724   | 83%  |  115129  |   0    | 193.32MB  
 00:01:54 | WARNING! Aborting CBS - could not obtain an initial solution for the following agents: Agent17(73->63)
 00:01:54 | WARNING! Aborting CBS - could not obtain an initial solution for the following agents: Agent17(73->63)
 00:01:54 | WARNING! Aborting CBS - could not obtain an initial solution for the following agents: Agent14(52->51)
 00:01:55 | 00:03:40 | 0.02:44:46 |  34.33%  |  2304   |   1724   | 83%  |  118639  |   0    | 194.44MB  
 00:01:59 | WARNING! Aborting CBS - could not obtain an initial solution for the following agents: Agent23(12->11)
 00:01:59 | WARNING! Aborting CBS - could not obtain an initial solution for the following agents: Agent23(12->11)
 00:01:59 | WARNING! Aborting CBS - could not obtain an initial solution for the following agents: Agent4(64->63)
 00:01:59 | WARNING! Aborting CBS - could not obtain an initial solution for the following agents: Agent4(64->63)
 00:02:00 | 00:03:41 | 0.02:48:38 |  35.13%  |  2362   |   1724   | 82%  |  121703  |   0    | 194.01MB  
 00:02:02 | WARNING! Aborting CBS - could not obtain an initial solution for the following agents: Agent15(12->11)
 00:02:02 | WARNING! Aborting CBS - could not obtain an initial solution for the following agents: Agent15(12->11)
 00:02:03 | WARNING! Aborting CBS - could not obtain an initial solution for the following agents: Agent1(22->21)
 00:02:04 | WARNING! Aborting CBS - could not obtain an initial solution for the following agents: Agent13(52->51)
 00:02:05 | 00:03:37 | 0.02:55:24 |  36.54%  |  2446   |   1724   | 82%  |  126434  |   0    | 193.43MB  
 00:02:05 | WARNING! Aborting CBS - could not obtain an initial solution for the following agents: Agent18(33->32)
 00:02:05 | WARNING! Aborting CBS - could not obtain an initial solution for the following agents: Agent0(33->32)
 00:02:05 | WARNING! Aborting CBS - could not obtain an initial solution for the following agents: Agent0(33->32)
 00:02:09 | WARNING! Aborting CBS - could not obtain an initial solution for the following agents: Agent12(72->71)
 00:02:09 | WARNING! Aborting CBS - could not obtain an initial solution for the following agents: Agent6(71->70)
 00:02:09 | WARNING! Aborting CBS - could not obtain an initial solution for the following agents: Agent6(71->70)
 00:02:10 | 00:03:29 | 0.03:03:51 |  38.31%  |  2567   |   1724   | 82%  |  131550  |   0    | 193.44MB  
 00:02:12 | WARNING! Aborting CBS - could not obtain an initial solution for the following agents: Agent14(52->51)
 00:02:15 | 00:03:32 | 0.03:06:21 |  38.82%  |  2598   |   1724   | 82%  |  133473  |   0    | 195.74MB  
 00:02:17 | WARNING! Aborting CBS - could not obtain an initial solution for the following agents: Agent24(12->11)
 00:02:18 | WARNING! Aborting CBS - could not obtain an initial solution for the following agents: Agent11(52->51)
 00:02:18 | WARNING! Aborting CBS - could not obtain an initial solution for the following agents: Agent11(52->51)
 00:02:20 | 00:03:26 | 0.03:13:42 |  40.36%  |  2706   |   1724   | 82%  |  138301  |   0    | 193.80MB  
 00:02:20 | WARNING! Aborting CBS - could not obtain an initial solution for the following agents: Agent2(32->31)
 00:02:23 | WARNING! Aborting CBS - could not obtain an initial solution for the following agents: Agent16(14->13)
 00:02:23 | WARNING! Aborting CBS - could not obtain an initial solution for the following agents: Agent16(14->13)
 00:02:23 | WARNING! Aborting CBS - could not obtain an initial solution for the following agents: Agent16(14->13)
 00:02:24 | WARNING! Aborting CBS - could not obtain an initial solution for the following agents: Agent17(72->71)
 00:02:24 | WARNING! Aborting CBS - could not obtain an initial solution for the following agents: Agent19(31->30)
 00:02:25 | 00:03:16 | 0.03:23:36 |  42.42%  |  2834   |   1724   | 81%  |  144745  |   0    | 194.29MB  
 00:02:25 | WARNING! Aborting CBS - could not obtain an initial solution for the following agents: Agent17(72->71)
 00:02:26 | WARNING! Aborting CBS - could not obtain an initial solution for the following agents: Agent11(52->51)
 00:02:26 | WARNING! Aborting CBS - could not obtain an initial solution for the following agents: Agent11(52->51)
 00:02:28 | WARNING! Aborting CBS - could not obtain an initial solution for the following agents: Agent17(73->63)
 00:02:28 | WARNING! Aborting CBS - could not obtain an initial solution for the following agents: Agent21(72->71)
 00:02:28 | WARNING! Aborting CBS - could not obtain an initial solution for the following agents: Agent21(72->71)
 00:02:29 | WARNING! Aborting CBS - could not obtain an initial solution for the following agents: Agent24(12->11)
 00:02:30 | 00:03:09 | 0.03:32:23 |  44.25%  |  2960   |   1724   | 81%  |  150764  |   0    | 195.42MB  
 00:02:30 | WARNING! Aborting CBS - could not obtain an initial solution for the following agents: Agent13(52->51)
 00:02:30 | WARNING! Aborting CBS - could not obtain an initial solution for the following agents: Agent13(52->50)
 00:02:30 | WARNING! Aborting CBS - could not obtain an initial solution for the following agents: Agent13(52->51)
 00:02:30 | WARNING! Aborting CBS - could not obtain an initial solution for the following agents: Agent10(12->11)
 00:02:30 | WARNING! Aborting CBS - could not obtain an initial solution for the following agents: Agent10(12->11)
 00:02:32 | WARNING! Aborting CBS - could not obtain an initial solution for the following agents: Agent15(12->11)
 00:02:35 | 00:03:01 | 0.03:41:15 |  46.09%  |  3081   |   1724   | 81%  |  157326  |   0    | 194.69MB  
 00:02:40 | 00:03:02 | 0.03:44:05 |  46.68%  |  3117   |   1724   | 81%  |  159227  |   0    | 193.88MB  
 00:02:40 | WARNING! Aborting CBS - could not obtain an initial solution for the following agents: Agent13(41->40)
 00:02:41 | WARNING! Aborting CBS - could not obtain an initial solution for the following agents: Agent9(32->31)
 00:02:43 | WARNING! Aborting CBS - could not obtain an initial solution for the following agents: Agent21(73->72)
 00:02:43 | WARNING! Aborting CBS - could not obtain an initial solution for the following agents: Agent21(73->72)
 00:02:43 | WARNING! Aborting CBS - could not obtain an initial solution for the following agents: Agent17(72->71)
 00:02:43 | WARNING! Aborting CBS - could not obtain an initial solution for the following agents: Agent10(12->11)
 00:02:44 | WARNING! Aborting CBS - could not obtain an initial solution for the following agents: Agent12(73->72)
 00:02:44 | WARNING! Aborting CBS - could not obtain an initial solution for the following agents: Agent25(72->71)
 00:02:44 | WARNING! Aborting CBS - could not obtain an initial solution for the following agents: Agent23(12->11)
 00:02:45 | 00:02:57 | 0.03:51:26 |  48.22%  |  3206   |   1724   | 81%  |  164263  |   0    | 193.47MB  
 00:02:46 | WARNING! Aborting CBS - could not obtain an initial solution for the following agents: Agent7(52->51)
 00:02:48 | WARNING! Aborting CBS - could not obtain an initial solution for the following agents: Agent22(52->51)
 00:02:49 | WARNING! Aborting CBS - could not obtain an initial solution for the following agents: Agent6(74->62)
 00:02:49 | WARNING! Aborting CBS - could not obtain an initial solution for the following agents: Agent6(74->62)
 00:02:50 | 00:02:51 | 0.03:59:16 |  49.85%  |  3323   |   1724   | 81%  |  169244  |   0    | 195.46MB  
 00:02:50 | WARNING! Aborting CBS - could not obtain an initial solution for the following agents: Agent6(72->71)
 00:02:52 | WARNING! Aborting CBS - could not obtain an initial solution for the following agents: Agent17(73->63)
 00:02:52 | WARNING! Aborting CBS - could not obtain an initial solution for the following agents: Agent17(73->63)
 00:02:53 | WARNING! Aborting CBS - could not obtain an initial solution for the following agents: Agent25(73->72)
 00:02:53 | WARNING! Aborting CBS - could not obtain an initial solution for the following agents: Agent25(73->72)
 00:02:53 | WARNING! Aborting CBS - could not obtain an initial solution for the following agents: Agent12(72->71)
 00:02:53 | WARNING! Aborting CBS - could not obtain an initial solution for the following agents: Agent12(72->71)
 00:02:53 | WARNING! Aborting CBS - could not obtain an initial solution for the following agents: Agent3(32->31)
 00:02:55 | 00:02:41 | 0.04:09:37 |  52.01%  |  3471   |   1724   | 80%  |  176060  |   0    | 193.63MB  
 00:02:55 | WARNING! Aborting CBS - could not obtain an initial solution for the following agents: Agent14(52->51)
 00:02:56 | WARNING! Aborting CBS - could not obtain an initial solution for the following agents: Agent10(12->11)
 00:02:58 | WARNING! Aborting CBS - could not obtain an initial solution for the following agents: Agent23(14->13)
 00:02:58 | WARNING! Aborting CBS - could not obtain an initial solution for the following agents: Agent23(14->13)
 00:02:58 | WARNING! Aborting CBS - could not obtain an initial solution for the following agents: Agent23(14->13)
 00:02:59 | WARNING! Aborting CBS - could not obtain an initial solution for the following agents: Agent15(12->11)
 00:02:59 | WARNING! Aborting CBS - could not obtain an initial solution for the following agents: Agent15(12->11)
 00:03:00 | 00:02:35 | 0.04:17:36 |  53.67%  |  3581   |   1724   | 80%  |  181491  |   0    | 193.37MB  
 00:03:00 | WARNING! Aborting CBS - could not obtain an initial solution for the following agents: Agent0(33->32)
 00:03:00 | WARNING! Aborting CBS - could not obtain an initial solution for the following agents: Agent0(33->32)
 00:03:01 | WARNING! Aborting CBS - could not obtain an initial solution for the following agents: Agent3(32->31)
 00:03:05 | 00:02:31 | 0.04:23:45 |  54.95%  |  3670   |   1724   | 80%  |  185753  |   0    | 194.38MB  
 00:03:05 | WARNING! Aborting CBS - could not obtain an initial solution for the following agents: Agent8(12->11)
 00:03:06 | WARNING! Aborting CBS - could not obtain an initial solution for the following agents: Agent20(52->51)
 00:03:07 | WARNING! Aborting CBS - could not obtain an initial solution for the following agents: Agent25(73->72)
 00:03:07 | WARNING! Aborting CBS - could not obtain an initial solution for the following agents: Agent12(72->71)
 00:03:10 | 00:02:26 | 0.04:31:20 |  56.53%  |  3779   |   1724   | 80%  |  191286  |   0    | 194.63MB  
 00:03:13 | WARNING! Aborting CBS - could not obtain an initial solution for the following agents: Agent6(74->73)
 00:03:13 | WARNING! Aborting CBS - could not obtain an initial solution for the following agents: Agent6(74->73)
 00:03:13 | WARNING! Aborting CBS - could not obtain an initial solution for the following agents: Agent6(74->73)
 00:03:14 | WARNING! Aborting CBS - could not obtain an initial solution for the following agents: Agent8(14->3)
 00:03:14 | WARNING! Aborting CBS - could not obtain an initial solution for the following agents: Agent8(14->3)
 00:03:15 | 00:02:21 | 0.04:38:17 |  57.98%  |  3875   |   1724   | 79%  |  195692  |   0    | 198.02MB  
 00:03:17 | WARNING! Aborting CBS - could not obtain an initial solution for the following agents: Agent0(32->31)
 00:03:17 | WARNING! Aborting CBS - could not obtain an initial solution for the following agents: Agent0(32->31)
 00:03:18 | WARNING! Aborting CBS - could not obtain an initial solution for the following agents: Agent7(52->51)
 00:03:18 | WARNING! Aborting CBS - could not obtain an initial solution for the following agents: Agent7(52->51)
 00:03:18 | WARNING! Aborting CBS - could not obtain an initial solution for the following agents: Agent7(52->51)
 00:03:18 | WARNING! Aborting CBS - could not obtain an initial solution for the following agents: Agent11(52->51)
 00:03:19 | WARNING! Aborting CBS - could not obtain an initial solution for the following agents: Agent1(32->31)
 00:03:19 | WARNING! Aborting CBS - could not obtain an initial solution for the following agents: Agent1(32->31)
 00:03:20 | 00:02:14 | 0.04:47:25 |  59.88%  |  4002   |   1724   | 79%  |  201931  |   0    | 196.82MB  
 00:03:20 | WARNING! Aborting CBS - could not obtain an initial solution for the following agents: Agent20(52->51)
 00:03:21 | WARNING! Aborting CBS - could not obtain an initial solution for the following agents: Agent2(32->31)
 00:03:23 | WARNING! Aborting CBS - could not obtain an initial solution for the following agents: Agent13(52->51)
 00:03:23 | WARNING! Aborting CBS - could not obtain an initial solution for the following agents: Agent13(52->51)
 00:03:24 | WARNING! Aborting CBS - could not obtain an initial solution for the following agents: Agent7(52->51)
 00:03:25 | 00:02:08 | 0.04:55:03 |  61.47%  |  4100   |   1724   | 79%  |  207176  |   0    | 196.95MB  
 00:03:25 | WARNING! Aborting CBS - could not obtain an initial solution for the following agents: Agent4(72->71)
 00:03:25 | WARNING! Aborting CBS - could not obtain an initial solution for the following agents: Agent4(72->71)
 00:03:28 | WARNING! Aborting CBS - could not obtain an initial solution for the following agents: Agent25(72->71)
 00:03:28 | WARNING! Aborting CBS - could not obtain an initial solution for the following agents: Agent25(72->71)
 00:03:30 | 00:02:02 | 0.05:03:36 |  63.25%  |  4232   |   1724   | 79%  |  212553  |   0    | 198.16MB  
 00:03:30 | WARNING! Aborting CBS - could not obtain an initial solution for the following agents: Agent18(33->32)
 00:03:35 | 00:01:55 | 0.05:11:54 |  64.98%  |  4352   |   1724   | 78%  |  217893  |   0    | 196.34MB  
 00:03:35 | WARNING! Aborting CBS - could not obtain an initial solution for the following agents: Agent0(34->33)
 00:03:35 | WARNING! Aborting CBS - could not obtain an initial solution for the following agents: Agent0(34->33)
 00:03:35 | WARNING! Aborting CBS - could not obtain an initial solution for the following agents: Agent0(34->33)
 00:03:40 | 00:01:50 | 0.05:19:49 |  66.63%  |  4463   |   1724   | 78%  |  223158  |   0    | 196.66MB  
 00:03:43 | WARNING! Aborting CBS - could not obtain an initial solution for the following agents: Agent22(52->51)
 00:03:43 | WARNING! Aborting CBS - could not obtain an initial solution for the following agents: Agent22(52->51)
 00:03:45 | 00:01:45 | 0.05:27:14 |  68.18%  |  4566   |   1724   | 78%  |  228520  |   0    | 199.08MB  
 00:03:45 | WARNING! Aborting CBS - could not obtain an initial solution for the following agents: Agent15(12->11)
 00:03:45 | WARNING! Aborting CBS - could not obtain an initial solution for the following agents: Agent15(12->11)
 00:03:47 | WARNING! Aborting CBS - could not obtain an initial solution for the following agents: Agent11(52->51)
 00:03:48 | WARNING! Aborting CBS - could not obtain an initial solution for the following agents: Agent2(32->31)
 00:03:49 | WARNING! Aborting CBS - could not obtain an initial solution for the following agents: Agent3(32->31)
 00:03:49 | WARNING! Aborting CBS - could not obtain an initial solution for the following agents: Agent3(32->31)
 00:03:49 | WARNING! Aborting CBS - could not obtain an initial solution for the following agents: Agent3(32->31)
 00:03:49 | WARNING! Aborting CBS - could not obtain an initial solution for the following agents: Agent9(32->31)
 00:03:50 | 00:01:40 | 0.05:34:32 |  69.70%  |  4664   |   1724   | 78%  |  233674  |   0    | 196.98MB  
 00:03:50 | WARNING! Aborting CBS - could not obtain an initial solution for the following agents: Agent8(12->11)
 00:03:50 | WARNING! Aborting CBS - could not obtain an initial solution for the following agents: Agent8(12->11)
 00:03:50 | WARNING! Aborting CBS - could not obtain an initial solution for the following agents: Agent17(72->70)
 00:03:50 | WARNING! Aborting CBS - could not obtain an initial solution for the following agents: Agent17(72->71)
 00:03:50 | WARNING! Aborting CBS - could not obtain an initial solution for the following agents: Agent17(72->71)
 00:03:51 | WARNING! Aborting CBS - could not obtain an initial solution for the following agents: Agent18(32->31)
 00:03:51 | WARNING! Aborting CBS - could not obtain an initial solution for the following agents: Agent7(44->43)
 00:03:51 | WARNING! Aborting CBS - could not obtain an initial solution for the following agents: Agent7(44->43)
 00:03:51 | WARNING! Aborting CBS - could not obtain an initial solution for the following agents: Agent14(54->43)
 00:03:51 | WARNING! Aborting CBS - could not obtain an initial solution for the following agents: Agent14(54->43)
 00:03:51 | WARNING! Aborting CBS - could not obtain an initial solution for the following agents: Agent14(54->53)
 00:03:52 | WARNING! Aborting CBS - could not obtain an initial solution for the following agents: Agent6(73->72)
 00:03:52 | WARNING! Aborting CBS - could not obtain an initial solution for the following agents: Agent6(73->72),Agent15(12->11),Agent23(11->10)
 00:03:52 | WARNING! Aborting CBS - could not obtain an initial solution for the following agents: Agent23(11->10)
 00:03:54 | WARNING! Aborting CBS - could not obtain an initial solution for the following agents: Agent16(2->1)
 00:03:54 | WARNING! Aborting CBS - could not obtain an initial solution for the following agents: Agent16(2->1)
 00:03:55 | 00:01:32 | 0.05:44:19 |  71.74%  |  4807   |   1724   | 78%  |  240576  |   0    | 196.43MB  
 00:03:56 | WARNING! Aborting CBS - could not obtain an initial solution for the following agents: Agent5(12->11)
 00:03:56 | WARNING! Aborting CBS - could not obtain an initial solution for the following agents: Agent5(12->11)
 00:03:57 | WARNING! Aborting CBS - could not obtain an initial solution for the following agents: Agent6(71->70)
 00:03:58 | WARNING! Aborting CBS - could not obtain an initial solution for the following agents: Agent14(52->51)
 00:04:00 | 00:01:26 | 0.05:53:12 |  73.58%  |  4926   |   1724   | 77%  |  246899  |   0    | 196.34MB  
 00:04:00 | WARNING! Aborting CBS - could not obtain an initial solution for the following agents: Agent18(32->31)
 00:04:04 | WARNING! Aborting CBS - could not obtain an initial solution for the following agents: Agent4(74->73)
 00:04:04 | WARNING! Aborting CBS - could not obtain an initial solution for the following agents: Agent4(74->73)
 00:04:04 | WARNING! Aborting CBS - could not obtain an initial solution for the following agents: Agent4(74->73)
 00:04:04 | WARNING! Aborting CBS - could not obtain an initial solution for the following agents: Agent4(74->73)
 00:04:05 | 00:01:22 | 0.05:59:36 |  74.92%  |  5012   |   1724   | 77%  |  251659  |   0    | 196.86MB  
 00:04:06 | WARNING! Aborting CBS - could not obtain an initial solution for the following agents: Agent16(14->13)
 00:04:06 | WARNING! Aborting CBS - could not obtain an initial solution for the following agents: Agent11(52->51),Agent16(14->13)
 00:04:06 | WARNING! Aborting CBS - could not obtain an initial solution for the following agents: Agent16(14->13)
 00:04:09 | WARNING! Aborting CBS - could not obtain an initial solution for the following agents: Agent24(12->11)
 00:04:09 | WARNING! Aborting CBS - could not obtain an initial solution for the following agents: Agent24(12->11)
 00:04:10 | 00:01:15 | 0.06:08:32 |  76.78%  |  5131   |   1724   | 77%  |  257957  |   0    | 198.54MB  
 00:04:11 | WARNING! Aborting CBS - could not obtain an initial solution for the following agents: Agent0(33->32)
 00:04:11 | WARNING! Aborting CBS - could not obtain an initial solution for the following agents: Agent0(33->32)
 00:04:14 | WARNING! Aborting CBS - could not obtain an initial solution for the following agents: Agent5(12->11)
 00:04:14 | WARNING! Aborting CBS - could not obtain an initial solution for the following agents: Agent5(12->11)
 00:04:14 | WARNING! Aborting CBS - could not obtain an initial solution for the following agents: Agent10(12->11)
 00:04:15 | 00:01:11 | 0.06:15:14 |  78.18%  |  5225   |   1724   | 77%  |  262736  |   0    | 198.25MB  
 00:04:16 | WARNING! Aborting CBS - could not obtain an initial solution for the following agents: Agent6(74->73)
 00:04:16 | WARNING! Aborting CBS - could not obtain an initial solution for the following agents: Agent6(74->73)
 00:04:16 | WARNING! Aborting CBS - could not obtain an initial solution for the following agents: Agent6(74->73)
 00:04:16 | WARNING! Aborting CBS - could not obtain an initial solution for the following agents: Agent6(74->73)
 00:04:16 | WARNING! Aborting CBS - could not obtain an initial solution for the following agents: Agent6(74->73)
 00:04:19 | WARNING! Aborting CBS - could not obtain an initial solution for the following agents: Agent5(12->2)
 00:04:19 | WARNING! Aborting CBS - could not obtain an initial solution for the following agents: Agent5(12->3)
 00:04:20 | 00:01:07 | 0.06:21:30 |  79.48%  |  5310   |   1724   | 77%  |  267057  |   0    | 197.04MB  
 00:04:20 | WARNING! Aborting CBS - could not obtain an initial solution for the following agents: Agent11(52->51)
 00:04:20 | WARNING! Aborting CBS - could not obtain an initial solution for the following agents: Agent11(52->51)
 00:04:25 | 00:01:02 | 0.06:28:23 |  80.92%  |  5403   |   1724   | 76%  |  271689  |   0    | 197.00MB  
 00:04:25 | WARNING! Aborting CBS - could not obtain an initial solution for the following agents: Agent8(12->11)
 00:04:26 | WARNING! Aborting CBS - could not obtain an initial solution for the following agents: Agent4(72->71)
 00:04:26 | WARNING! Aborting CBS - could not obtain an initial solution for the following agents: Agent4(72->71)
 00:04:28 | WARNING! Aborting CBS - could not obtain an initial solution for the following agents: Agent3(31->22)
 00:04:28 | WARNING! Aborting CBS - could not obtain an initial solution for the following agents: Agent3(31->22)
 00:04:28 | WARNING! Aborting CBS - could not obtain an initial solution for the following agents: Agent3(31->23)
 00:04:28 | WARNING! Aborting CBS - could not obtain an initial solution for the following agents: Agent3(31->24)
 00:04:28 | WARNING! Aborting CBS - could not obtain an initial solution for the following agents: Agent6(72->71)
 00:04:30 | 00:00:57 | 0.06:35:59 |  82.50%  |  5503   |   1724   | 76%  |  276604  |   0    | 200.29MB  
 00:04:33 | WARNING! Aborting CBS - could not obtain an initial solution for the following agents: Agent17(71->70)
 00:04:33 | WARNING! Aborting CBS - could not obtain an initial solution for the following agents: Agent17(71->70)
 00:04:33 | WARNING! Aborting CBS - could not obtain an initial solution for the following agents: Agent10(14->13)
 00:04:33 | WARNING! Aborting CBS - could not obtain an initial solution for the following agents: Agent10(14->13)
 00:04:33 | WARNING! Aborting CBS - could not obtain an initial solution for the following agents: Agent10(14->13)
 00:04:33 | WARNING! Aborting CBS - could not obtain an initial solution for the following agents: Agent10(14->13)
 00:04:34 | WARNING! Aborting CBS - could not obtain an initial solution for the following agents: Agent2(32->31)
 00:04:34 | WARNING! Aborting CBS - could not obtain an initial solution for the following agents: Agent2(32->31)
 00:04:34 | WARNING! Aborting CBS - could not obtain an initial solution for the following agents: Agent3(31->30)
 00:04:35 | 00:00:51 | 0.06:44:35 |  84.29%  |  5631   |   1724   | 76%  |  282485  |   0    | 198.39MB  
 00:04:35 | WARNING! Aborting CBS - could not obtain an initial solution for the following agents: Agent20(52->51)
 00:04:35 | WARNING! Aborting CBS - could not obtain an initial solution for the following agents: Agent6(73->64)
 00:04:35 | WARNING! Aborting CBS - could not obtain an initial solution for the following agents: Agent6(73->64)
 00:04:35 | WARNING! Aborting CBS - could not obtain an initial solution for the following agents: Agent6(73->64)
 00:04:35 | WARNING! Aborting CBS - could not obtain an initial solution for the following agents: Agent0(32->31)
 00:04:36 | WARNING! Aborting CBS - could not obtain an initial solution for the following agents: Agent4(71->70)
 00:04:37 | WARNING! Aborting CBS - could not obtain an initial solution for the following agents: Agent5(12->11)
 00:04:37 | WARNING! Aborting CBS - could not obtain an initial solution for the following agents: Agent5(12->11),Agent13(52->51)
 00:04:37 | WARNING! Aborting CBS - could not obtain an initial solution for the following agents: Agent13(52->51)
 00:04:37 | WARNING! Aborting CBS - could not obtain an initial solution for the following agents: Agent19(32->31)
 00:04:37 | WARNING! Aborting CBS - could not obtain an initial solution for the following agents: Agent19(32->31)
 00:04:40 | 00:00:45 | 0.06:53:21 |  86.12%  |  5754   |   1724   | 76%  |  288534  |   0    | 198.64MB  
 00:04:41 | WARNING! Aborting CBS - could not obtain an initial solution for the following agents: Agent18(24->23)
 00:04:41 | WARNING! Aborting CBS - could not obtain an initial solution for the following agents: Agent18(24->23)
 00:04:41 | WARNING! Aborting CBS - could not obtain an initial solution for the following agents: Agent23(12->11)
 00:04:41 | WARNING! Aborting CBS - could not obtain an initial solution for the following agents: Agent23(12->11)
 00:04:45 | 00:00:42 | 0.06:58:20 |  87.15%  |  5827   |   1724   | 76%  |  291827  |   0    | 204.02MB  
 00:04:49 | WARNING! Aborting CBS - could not obtain an initial solution for the following agents: Agent20(52->51)
 00:04:50 | 00:00:41 | 0.06:59:30 |  87.40%  |  5838   |   1724   | 75%  |  292738  |   0    | 208.11MB  
 00:04:51 | WARNING! Aborting CBS - could not obtain an initial solution for the following agents: Agent15(12->8)
 00:04:52 | WARNING! Aborting CBS - could not obtain an initial solution for the following agents: Agent3(32->31)
 00:04:52 | WARNING! Aborting CBS - could not obtain an initial solution for the following agents: Agent3(32->31)
 00:04:52 | WARNING! Aborting CBS - could not obtain an initial solution for the following agents: Agent13(44->42)
 00:04:52 | WARNING! Aborting CBS - could not obtain an initial solution for the following agents: Agent13(44->42)
 00:04:55 | 00:00:35 | 0.07:07:57 |  89.16%  |  5956   |   1724   | 75%  |  298311  |   0    | 206.54MB  
 00:04:55 | WARNING! Aborting CBS - could not obtain an initial solution for the following agents: Agent4(71->70)
 00:04:55 | WARNING! Aborting CBS - could not obtain an initial solution for the following agents: Agent10(14->13)
 00:04:55 | WARNING! Aborting CBS - could not obtain an initial solution for the following agents: Agent10(14->13)
 00:04:55 | WARNING! Aborting CBS - could not obtain an initial solution for the following agents: Agent10(14->13)
 00:04:55 | WARNING! Aborting CBS - could not obtain an initial solution for the following agents: Agent2(32->31),Agent19(31->30)
 00:04:55 | WARNING! Aborting CBS - could not obtain an initial solution for the following agents: Agent19(31->30)
 00:04:55 | WARNING! Aborting CBS - could not obtain an initial solution for the following agents: Agent19(31->30)
 00:04:55 | WARNING! Aborting CBS - could not obtain an initial solution for the following agents: Agent19(31->30)
 00:04:58 | WARNING! Aborting CBS - could not obtain an initial solution for the following agents: Agent25(72->71)
 00:04:59 | WARNING! Aborting CBS - could not obtain an initial solution for the following agents: Agent11(44->42)
 00:04:59 | WARNING! Aborting CBS - could not obtain an initial solution for the following agents: Agent16(12->11)
 00:05:00 | 00:00:29 | 0.07:16:53 |  91.02%  |  6084   |   1724   | 75%  |  304201  |   0    | 207.02MB  
 00:05:02 | WARNING! Aborting CBS - could not obtain an initial solution for the following agents: Agent13(52->51)
 00:05:03 | WARNING! Aborting CBS - could not obtain an initial solution for the following agents: Agent17(74->63)
 00:05:03 | WARNING! Aborting CBS - could not obtain an initial solution for the following agents: Agent17(74->73)
 00:05:03 | WARNING! Aborting CBS - could not obtain an initial solution for the following agents: Agent17(74->73)
 00:05:05 | 00:00:24 | 0.07:24:45 |  92.66%  |  6192   |   1724   | 75%  |  308959  |   0    | 208.81MB  
 00:05:05 | WARNING! Aborting CBS - could not obtain an initial solution for the following agents: Agent15(14->3)
 00:05:05 | WARNING! Aborting CBS - could not obtain an initial solution for the following agents: Agent15(14->3)
 00:05:08 | WARNING! Aborting CBS - could not obtain an initial solution for the following agents: Agent25(1042->1326)
 00:05:09 | WARNING! Aborting CBS - could not obtain an initial solution for the following agents: Agent14(52->51)
 00:05:09 | WARNING! Aborting CBS - could not obtain an initial solution for the following agents: Agent14(52->51)
 00:05:10 | 00:00:18 | 0.07:32:57 |  94.37%  |  6304   |   1724   | 75%  |  314200  |   0    | 207.89MB  
 00:05:15 | 00:00:12 | 0.07:41:22 |  96.12%  |  6426   |   1724   | 74%  |  319527  |   0    | 207.23MB  
 00:05:15 | WARNING! Aborting CBS - could not obtain an initial solution for the following agents: Agent8(4->2)
 00:05:15 | WARNING! Aborting CBS - could not obtain an initial solution for the following agents: Agent8(4->2)
 00:05:20 | 00:00:08 | 0.07:47:16 |  97.35%  |  6501   |   1724   | 74%  |  323456  |   0    | 209.01MB  
 00:05:22 | WARNING! Aborting CBS - could not obtain an initial solution for the following agents: Agent20(52->51)
 00:05:22 | WARNING! Aborting CBS - could not obtain an initial solution for the following agents: Agent20(52->51)
 00:05:23 | WARNING! Aborting CBS - could not obtain an initial solution for the following agents: Agent12(72->71)
 00:05:25 | 00:00:06 | 0.07:50:00 |  97.92%  |  6536   |   1724   | 74%  |  325245  |   0    | 210.55MB  
 00:05:28 | WARNING! Aborting CBS - could not obtain an initial solution for the following agents: Agent18(33->22)
 00:05:28 | WARNING! Aborting CBS - could not obtain an initial solution for the following agents: Agent18(33->32)
 00:05:30 | 00:00:04 | 0.07:53:14 |  98.59%  |  6584   |   1724   | 74%  |  327540  |   0    | 208.25MB  
 00:05:31 | WARNING! Aborting CBS - could not obtain an initial solution for the following agents: Agent21(64->63)
 00:05:31 | WARNING! Aborting CBS - could not obtain an initial solution for the following agents: Agent21(64->63)
 00:05:32 | WARNING! Aborting CBS - could not obtain an initial solution for the following agents: Agent4(73->72)
 00:05:32 | WARNING! Aborting CBS - could not obtain an initial solution for the following agents: Agent4(73->72)
 00:05:32 | WARNING! Aborting CBS - could not obtain an initial solution for the following agents: Agent4(73->72)
 00:05:32 | WARNING! Aborting CBS - could not obtain an initial solution for the following agents: Agent4(73->63)
 00:05:33 | WARNING! Aborting CBS - could not obtain an initial solution for the following agents: Agent18(32->31)
 00:05:33 | WARNING! Aborting CBS - could not obtain an initial solution for the following agents: Agent22(52->51)
 00:05:34 | 00:00:00 | 0.08:00:00 | 100.00%  |  6671   |   1724   | 74%  |  332473  |   0    | 207.39MB  
 00:05:34 | >>> Simulation finished - writing results ...
 00:05:34 | >>> Results written
Simulation finished.
>>> Timings
StatTimingPathPlanningAverage: 0.014219772082027099
StatTimingPathPlanningOverall: 276.6741054000013
StatTimingPathPlanningCount: 19457
StatTimingTaskAllocationAverage: 0.0006955918201143787
StatTimingTaskAllocationOverall: 23.232071200000135
StatTimingTaskAllocationCount: 33399
StatTimingItemStorageAverage: 2.6391122666915186E-06
StatTimingItemStorageOverall: 0.028420600000000965
StatTimingItemStorageCount: 10769
StatTimingPodStorageAverage: 0.0015537717032967065
StatTimingPodStorageOverall: 5.6557290000000116
StatTimingPodStorageCount: 3640
StatTimingReplenishmentBatchingAverage: 1.6523250239693205E-05
StatTimingReplenishmentBatchingOverall: 0.034467500000000026
StatTimingReplenishmentBatchingCount: 2086
StatTimingOrderBatchingAverage: 0.00021332371930335932
StatTimingOrderBatchingOverall: 2.9274414
StatTimingOrderBatchingCount: 13723
>>> Overall
StatOverallBundlesPlaced: 1524
StatOverallItemsOrdered: 10785
StatOverallOrdersPlaced: 6687
StatOverallBundlesRejected: 0
StatOverallOrdersRejected: 0
StatOverallBundlesHandled: 1724
StatOverallItemsHandled: 10768
StatOverallLinesHandled: 10278
StatOverallOrdersHandled: 6671
StatOverallCollisions: 0
StatOverallDistanceTraveled: 332473.41039394785
StatOverallDistanceEstimated: 295573
StatOverallAssignedTasks: 33399
StatMaxMemoryUsed: 210.69921875
StatRealTimeUsed: 334.0714193
StatAverageTurnoverTime: 881.7443822620078
StatMedianTurnoverTime: 490.2735762876073
StatLowerQuartileTurnoverTime: 186.03643245869782
StatUpperQuartileTurnoverTime: 1187.210874635296
StatAverageThroughputTime: 72.98986679780508
StatMedianThroughputTime: 63.65768221574035
StatLowerQuartileThroughputTime: 32.7292905733666
StatUpperQuartileThroughputTime: 101.19669776481169
>>> Energy (Rizqi model)
StatEnergyTotalKJ: 34760.42014589029
StatEnergyE1AccelKJ: 6503.455356781812
StatEnergyE2DecelKJ: 1363.6277360993997
StatEnergyE3CruiseKJ: 13597.898688066505
StatEnergyE4RotationKJ: 7388.226052937557
StatEnergyE5LiftLowerKJ: 5907.2123120052065
StatEnergyPerOrderKJ: 5.210676082429964
StatEnergyPerMeterJoule: 104.5375866000141
StatDistanceTraveledRizqiM: 332516
>>> Motion Behavior
StatTurningCount: 43212
StatStopAndGoCount: 56628
StatLoadedDistanceM: 221970
StatLoadedTurningCount: 30306
StatWaitTimeSec: 390426.2932384563
StatMoveEnergyEmptyKJ: 3641.9199713472008
StatMoveTimeEmptySec: 100567.64731195371
StatTurnEnergyEmptyKJ: 1132.0929203094763
StatTurnTimeEmptySec: 8663.7407998055
StatMoveEnergyLoadedKJ: 17823.061809600447
StatMoveTimeLoadedSec: 217375.62535276992
StatTurnEnergyLoadedKJ: 6256.133132628044
StatTurnTimeLoadedSec: 19313.560019433036
StatPrefEmptyW: 43.70550419786101
StatPrefLoadedW: 101.73339734286135

Marked tag finished after 1 tries!
.Fin. - SUCCESS
