<<< Welcome to the RAWSimO CLI >>>
The time is: 04/14/2026 14:11:05
Starting RAWSimO wrapper with the following arguments:
Instance: Material/Instances/PP/1-4-4-32-550.xinst
Setting: Material/Instances/PP/PPMinimal.xsett
ControlConfig: Material/Instances/PP/aesop-cbs.xconf
StatisticsDir: C:\Users\Aesop\Desktop\rawsim-o-rmfs-world-models\output_pref\seed_9
Seed: 9
Adding handler for unhandled exceptions ...
Initializing ... 
Instance recognized!
Parsing setting config ...
Parsing control config ...
Parsing instance ...
StatisticsFolder: 1-4-4-32-550-PPMinimal-aesop-cbs-9
Done!
Executing ... 
 14:11:07 | >>> Warming up ...
 00:00:00 | >>> Warmup finished - starting simulation ...
 Realtime |   ETA    |  Sim.Time  | Progress | #Orders | #Bundles | Inv. | Distance | #Coll. |   Memory    
 00:00:00 |   n/a    | 0.00:00:00 |  0.00%   |    0    |    0     | 60%  |    0     |   0    | 123.30MB  
 00:00:05 | 04:29:13 | 0.00:00:08 |  0.03%   |    0    |    0     | 60%  |   177    |   0    | 131.59MB  
 00:00:10 | 02:11:33 | 0.00:00:36 |  0.13%   |    0    |    0     | 60%  |   839    |   0    | 143.48MB  
 00:00:15 | 02:51:34 | 0.00:00:41 |  0.15%   |    0    |    0     | 60%  |   949    |   0    | 150.60MB  
 00:00:20 | 03:09:12 | 0.00:00:50 |  0.18%   |    2    |    0     | 60%  |   1142   |   0    | 155.22MB  
 00:00:25 | 03:34:36 | 0.00:00:55 |  0.19%   |    3    |    0     | 60%  |   1240   |   0    | 161.67MB  
 00:00:30 | 03:57:07 | 0.00:01:00 |  0.21%   |    4    |    0     | 60%  |   1340   |   0    | 168.88MB  
 00:00:31 | WARNING! Aborting CBS - could not obtain an initial solution for the following agents: Agent8(41->32)
 00:00:31 | WARNING! Aborting CBS - could not obtain an initial solution for the following agents: Agent8(41->32)
 00:00:31 | WARNING! Aborting CBS - could not obtain an initial solution for the following agents: Agent8(41->34)
 00:00:33 | WARNING! Aborting CBS - could not obtain an initial solution for the following agents: Agent27(1->0)
 00:00:33 | WARNING! Aborting CBS - could not obtain an initial solution for the following agents: Agent27(1->0)
 00:00:34 | WARNING! Aborting CBS - could not obtain an initial solution for the following agents: Agent17(73->72)
 00:00:35 | 01:04:50 | 0.00:04:16 |  0.89%   |   80    |    71    | 60%  |   2569   |   0    | 170.00MB  
 00:00:35 | WARNING! Aborting CBS - could not obtain an initial solution for the following agents: Agent29(57->56)
 00:00:40 | 00:24:44 | 0.00:12:35 |  2.62%   |   278   |   265    | 60%  |   6097   |   0    | 169.36MB  
 00:00:44 | WARNING! Aborting CBS - could not obtain an initial solution for the following agents: Agent19(9->8)
 00:00:44 | WARNING! Aborting CBS - could not obtain an initial solution for the following agents: Agent19(9->2)
 00:00:45 | 00:17:24 | 0.00:19:50 |  4.13%   |   448   |   436    | 60%  |   9924   |   0    | 169.97MB  
 00:00:45 | WARNING! Aborting CBS - could not obtain an initial solution for the following agents: Agent29(59->58)
 00:00:45 | WARNING! Aborting CBS - could not obtain an initial solution for the following agents: Agent29(59->58)
 00:00:45 | WARNING! Aborting CBS - could not obtain an initial solution for the following agents: Agent29(59->58)
 00:00:45 | WARNING! Aborting CBS - could not obtain an initial solution for the following agents: Agent29(59->58)
 00:00:45 | WARNING! Aborting CBS - could not obtain an initial solution for the following agents: Agent29(59->58)
 00:00:45 | WARNING! Aborting CBS - could not obtain an initial solution for the following agents: Agent29(59->58)
 00:00:45 | WARNING! Aborting CBS - could not obtain an initial solution for the following agents: Agent29(59->58)
 00:00:48 | WARNING! Aborting CBS - could not obtain an initial solution for the following agents: Agent28(42->41)
 00:00:48 | WARNING! Aborting CBS - could not obtain an initial solution for the following agents: Agent28(42->41)
 00:00:48 | WARNING! Aborting CBS - could not obtain an initial solution for the following agents: Agent28(42->41)
 00:00:50 | 00:13:05 | 0.00:28:44 |  5.99%   |   652   |   644    | 60%  |  14321   |   0    | 169.12MB  
 00:00:51 | WARNING! Aborting CBS - could not obtain an initial solution for the following agents: Agent1(9->8)
 00:00:53 | WARNING! Aborting CBS - could not obtain an initial solution for the following agents: Agent27(9->8)
 00:00:55 | 00:10:38 | 0.00:38:05 |  7.93%   |   872   |   861    | 60%  |  18951   |   0    | 169.21MB  
 00:00:55 | WARNING! Aborting CBS - could not obtain an initial solution for the following agents: Agent4(3->1)
 00:00:55 | WARNING! Aborting CBS - could not obtain an initial solution for the following agents: Agent4(3->2)
 00:00:55 | WARNING! Aborting CBS - could not obtain an initial solution for the following agents: Agent4(3->2)
 00:00:55 | WARNING! Aborting CBS - could not obtain an initial solution for the following agents: Agent4(3->2)
 00:00:57 | WARNING! Aborting CBS - could not obtain an initial solution for the following agents: Agent14(3->1)
 00:01:00 | 00:09:20 | 0.00:46:25 |  9.67%   |  1064   |   1059   | 60%  |  23514   |   0    | 168.55MB  
 00:01:02 | WARNING! Aborting CBS - could not obtain an initial solution for the following agents: Agent9(59->58)
 00:01:03 | WARNING! Aborting CBS - could not obtain an initial solution for the following agents: Agent11(25->24)
 00:01:03 | WARNING! Aborting CBS - could not obtain an initial solution for the following agents: Agent11(25->24)
 00:01:03 | WARNING! Aborting CBS - could not obtain an initial solution for the following agents: Agent11(25->24)
 00:01:04 | WARNING! Aborting CBS - could not obtain an initial solution for the following agents: Agent28(43->34)
 00:01:04 | WARNING! Aborting CBS - could not obtain an initial solution for the following agents: Agent28(43->34)
 00:01:04 | WARNING! Aborting CBS - could not obtain an initial solution for the following agents: Agent28(43->34)
 00:01:05 | 00:08:10 | 0.00:56:12 |  11.71%  |  1289   |   1288   | 60%  |  28792   |   0    | 169.45MB  
 00:01:05 | WARNING! Aborting CBS - could not obtain an initial solution for the following agents: Agent25(9->8)
 00:01:06 | WARNING! Aborting CBS - could not obtain an initial solution for the following agents: Agent2(25->24)
 00:01:08 | WARNING! Aborting CBS - could not obtain an initial solution for the following agents: Agent25(9->8)
 00:01:08 | WARNING! Aborting CBS - could not obtain an initial solution for the following agents: Agent26(27->26)
 00:01:08 | WARNING! Aborting CBS - could not obtain an initial solution for the following agents: Agent26(27->26)
 00:01:08 | WARNING! Aborting CBS - could not obtain an initial solution for the following agents: Agent26(27->26)
 00:01:08 | WARNING! Aborting CBS - could not obtain an initial solution for the following agents: Agent26(27->26)
 00:01:08 | WARNING! Aborting CBS - could not obtain an initial solution for the following agents: Agent26(27->26)
 00:01:08 | WARNING! Aborting CBS - could not obtain an initial solution for the following agents: Agent26(27->16)
 00:01:08 | WARNING! Aborting CBS - could not obtain an initial solution for the following agents: Agent26(27->16)
 00:01:09 | WARNING! Aborting CBS - could not obtain an initial solution for the following agents: Agent14(8->1)
 00:01:09 | WARNING! Aborting CBS - could not obtain an initial solution for the following agents: Agent14(8->1)
 00:01:09 | WARNING! Aborting CBS - could not obtain an initial solution for the following agents: Agent14(8->2)
 00:01:09 | WARNING! Aborting CBS - could not obtain an initial solution for the following agents: Agent11(25->24)
 00:01:09 | WARNING! Aborting CBS - could not obtain an initial solution for the following agents: Agent11(25->24)
 00:01:10 | 00:07:09 | 0.01:07:19 |  14.03%  |  1545   |   1546   | 60%  |  34528   |   0    | 169.38MB  
 00:01:10 | WARNING! Aborting CBS - could not obtain an initial solution for the following agents: Agent27(9->8)
 00:01:10 | WARNING! Aborting CBS - could not obtain an initial solution for the following agents: Agent27(9->8)
 00:01:10 | WARNING! Aborting CBS - could not obtain an initial solution for the following agents: Agent1(9->8)
 00:01:10 | WARNING! Aborting CBS - could not obtain an initial solution for the following agents: Agent1(9->7)
 00:01:10 | WARNING! Aborting CBS - could not obtain an initial solution for the following agents: Agent1(9->7)
 00:01:11 | WARNING! Aborting CBS - could not obtain an initial solution for the following agents: Agent26(25->24)
 00:01:13 | WARNING! Aborting CBS - could not obtain an initial solution for the following agents: Agent2(25->24)
 00:01:15 | 00:06:38 | 0.01:15:59 |  15.83%  |  1747   |   1750   | 60%  |  39331   |   0    | 169.98MB  
 00:01:15 | WARNING! Aborting CBS - could not obtain an initial solution for the following agents: Agent1(9->8)
 00:01:15 | WARNING! Aborting CBS - could not obtain an initial solution for the following agents: Agent1(9->8)
 00:01:18 | WARNING! Aborting CBS - could not obtain an initial solution for the following agents: Agent27(3->1)
 00:01:18 | WARNING! Aborting CBS - could not obtain an initial solution for the following agents: Agent27(3->1)
 00:01:19 | WARNING! Aborting CBS - could not obtain an initial solution for the following agents: Agent16(57->56)
 00:01:20 | 00:06:10 | 0.01:25:16 |  17.76%  |  1964   |   1968   | 60%  |  44038   |   0    | 169.61MB  
 00:01:20 | WARNING! Aborting CBS - could not obtain an initial solution for the following agents: Agent19(2->1)
 00:01:25 | 00:05:51 | 0.01:33:23 |  19.46%  |  2152   |   2156   | 60%  |  48938   |   0    | 169.39MB  
 00:01:27 | WARNING! Aborting CBS - could not obtain an initial solution for the following agents: Agent2(25->24),Agent16(57->56)
 00:01:27 | WARNING! Aborting CBS - could not obtain an initial solution for the following agents: Agent1(9->8)
 00:01:27 | WARNING! Aborting CBS - could not obtain an initial solution for the following agents: Agent1(9->8)
 00:01:30 | 00:05:25 | 0.01:43:52 |  21.64%  |  2399   |   2401   | 60%  |  54880   |   0    | 168.82MB  
 00:01:31 | WARNING! Aborting CBS - could not obtain an initial solution for the following agents: Agent9(57->56)
 00:01:31 | WARNING! Aborting CBS - could not obtain an initial solution for the following agents: Agent9(57->56)
 00:01:33 | WARNING! Aborting CBS - could not obtain an initial solution for the following agents: Agent4(3->2)
 00:01:33 | WARNING! Aborting CBS - could not obtain an initial solution for the following agents: Agent4(3->2)
 00:01:35 | 00:05:06 | 0.01:53:37 |  23.67%  |  2624   |   2630   | 60%  |  60067   |   0    | 169.30MB  
 00:01:35 | WARNING! Aborting CBS - could not obtain an initial solution for the following agents: Agent0(18->17)
 00:01:36 | WARNING! Aborting CBS - could not obtain an initial solution for the following agents: Agent26(25->24)
 00:01:37 | WARNING! Aborting CBS - could not obtain an initial solution for the following agents: Agent16(57->56)
 00:01:37 | WARNING! Aborting CBS - could not obtain an initial solution for the following agents: Agent16(57->56)
 00:01:38 | WARNING! Aborting CBS - could not obtain an initial solution for the following agents: Agent28(35->34)
 00:01:38 | WARNING! Aborting CBS - could not obtain an initial solution for the following agents: Agent28(35->34)
 00:01:40 | 00:04:43 | 0.02:05:11 |  26.08%  |  2891   |   2902   | 60%  |  66390   |   0    | 169.40MB  
 00:01:40 | WARNING! Aborting CBS - could not obtain an initial solution for the following agents: Agent28(43->42)
 00:01:40 | WARNING! Aborting CBS - could not obtain an initial solution for the following agents: Agent28(43->42)
 00:01:40 | WARNING! Aborting CBS - could not obtain an initial solution for the following agents: Agent29(57->56)
 00:01:44 | WARNING! Aborting CBS - could not obtain an initial solution for the following agents: Agent7(57->56)
 00:01:45 | 00:04:30 | 0.02:14:24 |  28.00%  |  3105   |   3117   | 60%  |  71457   |   0    | 169.42MB  
 00:01:45 | WARNING! Aborting CBS - could not obtain an initial solution for the following agents: Agent27(10->9)
 00:01:49 | WARNING! Aborting CBS - could not obtain an initial solution for the following agents: Agent30(41->39)
 00:01:49 | WARNING! Aborting CBS - could not obtain an initial solution for the following agents: Agent30(41->40)
 00:01:50 | 00:04:16 | 0.02:24:09 |  30.03%  |  3332   |   3343   | 60%  |  76770   |   0    | 170.32MB  
 00:01:50 | WARNING! Aborting CBS - could not obtain an initial solution for the following agents: Agent9(51->50)
 00:01:52 | WARNING! Aborting CBS - could not obtain an initial solution for the following agents: Agent26(25->24)
 00:01:52 | WARNING! Aborting CBS - could not obtain an initial solution for the following agents: Agent26(25->24)
 00:01:52 | WARNING! Aborting CBS - could not obtain an initial solution for the following agents: Agent26(25->24)
 00:01:55 | 00:03:59 | 0.02:35:48 |  32.46%  |  3605   |   3619   | 60%  |  82681   |   0    | 171.86MB  
 00:01:55 | WARNING! Aborting CBS - could not obtain an initial solution for the following agents: Agent8(41->40)
 00:02:00 | 00:03:43 | 0.02:47:41 |  34.94%  |  3882   |   3897   | 60%  |  89431   |   0    | 170.59MB  
 00:02:00 | WARNING! Aborting CBS - could not obtain an initial solution for the following agents: Agent27(9->2)
 00:02:02 | WARNING! Aborting CBS - could not obtain an initial solution for the following agents: Agent28(42->41)
 00:02:02 | WARNING! Aborting CBS - could not obtain an initial solution for the following agents: Agent28(42->41)
 00:02:02 | WARNING! Aborting CBS - could not obtain an initial solution for the following agents: Agent28(42->41)
 00:02:03 | WARNING! Aborting CBS - could not obtain an initial solution for the following agents: Agent9(57->56)
 00:02:04 | WARNING! Aborting CBS - could not obtain an initial solution for the following agents: Agent29(57->56)
 00:02:05 | 00:03:31 | 0.02:58:03 |  37.10%  |  4124   |   4139   | 60%  |  94982   |   0    | 171.35MB  
 00:02:06 | WARNING! Aborting CBS - could not obtain an initial solution for the following agents: Agent24(25->24)
 00:02:10 | 00:03:17 | 0.03:10:26 |  39.68%  |  4414   |   4430   | 60%  |  101436  |   0    | 170.36MB  
 00:02:12 | WARNING! Aborting CBS - could not obtain an initial solution for the following agents: Agent11(25->24)
 00:02:12 | WARNING! Aborting CBS - could not obtain an initial solution for the following agents: Agent2(25->24)
 00:02:12 | WARNING! Aborting CBS - could not obtain an initial solution for the following agents: Agent2(25->24)
 00:02:12 | WARNING! Aborting CBS - could not obtain an initial solution for the following agents: Agent2(25->24)
 00:02:12 | WARNING! Aborting CBS - could not obtain an initial solution for the following agents: Agent9(57->56)
 00:02:12 | WARNING! Aborting CBS - could not obtain an initial solution for the following agents: Agent9(57->56)
 00:02:13 | WARNING! Aborting CBS - could not obtain an initial solution for the following agents: Agent2(25->24)
 00:02:13 | WARNING! Aborting CBS - could not obtain an initial solution for the following agents: Agent2(25->24)
 00:02:15 | 00:03:07 | 0.03:20:57 |  41.86%  |  4660   |   4677   | 60%  |  106928  |   0    | 171.75MB  
 00:02:15 | WARNING! Aborting CBS - could not obtain an initial solution for the following agents: Agent19(9->8)
 00:02:16 | WARNING! Aborting CBS - could not obtain an initial solution for the following agents: Agent4(9->8)
 00:02:17 | WARNING! Aborting CBS - could not obtain an initial solution for the following agents: Agent11(25->24)
 00:02:17 | WARNING! Aborting CBS - could not obtain an initial solution for the following agents: Agent11(25->24)
 00:02:17 | WARNING! Aborting CBS - could not obtain an initial solution for the following agents: Agent29(51->49)
 00:02:20 | 00:02:56 | 0.03:32:18 |  44.23%  |  4926   |   4942   | 60%  |  113003  |   0    | 170.68MB  
 00:02:21 | WARNING! Aborting CBS - could not obtain an initial solution for the following agents: Agent5(57->56)
 00:02:21 | WARNING! Aborting CBS - could not obtain an initial solution for the following agents: Agent5(57->56)
 00:02:21 | WARNING! Aborting CBS - could not obtain an initial solution for the following agents: Agent5(57->56)
 00:02:25 | 00:02:44 | 0.03:44:38 |  46.80%  |  5217   |   5231   | 60%  |  119943  |   0    | 171.35MB  
 00:02:30 | 00:02:48 | 0.03:46:10 |  47.12%  |  5251   |   5267   | 60%  |  120807  |   0    | 176.55MB  
 00:02:33 | WARNING! Aborting CBS - could not obtain an initial solution for the following agents: Agent11(27->26)
 00:02:33 | WARNING! Aborting CBS - could not obtain an initial solution for the following agents: Agent11(27->26)
 00:02:33 | WARNING! Aborting CBS - could not obtain an initial solution for the following agents: Agent11(27->26)
 00:02:33 | WARNING! Aborting CBS - could not obtain an initial solution for the following agents: Agent11(27->26)
 00:02:35 | 00:02:47 | 0.03:50:59 |  48.12%  |  5364   |   5381   | 60%  |  123494  |   0    | 175.78MB  
 00:02:38 | WARNING! Aborting CBS - could not obtain an initial solution for the following agents: Agent27(9->8)
 00:02:38 | WARNING! Aborting CBS - could not obtain an initial solution for the following agents: Agent27(9->8)
 00:02:40 | 00:02:38 | 0.04:01:16 |  50.26%  |  5602   |   5622   | 60%  |  129181  |   0    | 171.90MB  
 00:02:40 | WARNING! Aborting CBS - could not obtain an initial solution for the following agents: Agent9(58->57)
 00:02:40 | WARNING! Aborting CBS - could not obtain an initial solution for the following agents: Agent2(26->25)
 00:02:45 | 00:02:30 | 0.04:11:23 |  52.37%  |  5834   |   5859   | 60%  |  134811  |   0    | 172.01MB  
 00:02:45 | WARNING! Aborting CBS - could not obtain an initial solution for the following agents: Agent5(56->54)
 00:02:45 | WARNING! Aborting CBS - could not obtain an initial solution for the following agents: Agent5(56->54)
 00:02:45 | WARNING! Aborting CBS - could not obtain an initial solution for the following agents: Agent5(56->54)
 00:02:45 | WARNING! Aborting CBS - could not obtain an initial solution for the following agents: Agent5(56->55)
 00:02:50 | 00:02:22 | 0.04:21:26 |  54.47%  |  6066   |   6095   | 60%  |  140361  |   0    | 172.71MB  
 00:02:53 | WARNING! Aborting CBS - could not obtain an initial solution for the following agents: Agent11(25->24)
 00:02:53 | WARNING! Aborting CBS - could not obtain an initial solution for the following agents: Agent11(25->24)
 00:02:55 | 00:02:16 | 0.04:29:37 |  56.17%  |  6255   |   6287   | 60%  |  145302  |   0    | 171.94MB  
 00:02:56 | WARNING! Aborting CBS - could not obtain an initial solution for the following agents: Agent29(57->56)
 00:02:56 | WARNING! Aborting CBS - could not obtain an initial solution for the following agents: Agent29(57->56)
 00:02:56 | WARNING! Aborting CBS - could not obtain an initial solution for the following agents: Agent29(57->56)
 00:02:59 | WARNING! Aborting CBS - could not obtain an initial solution for the following agents: Agent4(10->9)
 00:02:59 | WARNING! Aborting CBS - could not obtain an initial solution for the following agents: Agent4(10->9)
 00:03:00 | 00:02:11 | 0.04:37:09 |  57.74%  |  6431   |   6465   | 60%  |  149647  |   0    | 171.94MB  
 00:03:02 | WARNING! Aborting CBS - could not obtain an initial solution for the following agents: Agent19(9->8)
 00:03:02 | WARNING! Aborting CBS - could not obtain an initial solution for the following agents: Agent19(9->8)
 00:03:04 | WARNING! Aborting CBS - could not obtain an initial solution for the following agents: Agent1(9->8)
 00:03:05 | 00:02:04 | 0.04:46:33 |  59.70%  |  6647   |   6684   | 60%  |  155000  |   0    | 173.12MB  
 00:03:07 | WARNING! Aborting CBS - could not obtain an initial solution for the following agents: Agent4(9->8)
 00:03:10 | 00:01:58 | 0.04:55:44 |  61.61%  |  6860   |   6899   | 60%  |  159930  |   0    | 171.91MB  
 00:03:14 | WARNING! Aborting CBS - could not obtain an initial solution for the following agents: Agent27(3->1)
 00:03:14 | WARNING! Aborting CBS - could not obtain an initial solution for the following agents: Agent27(3->1)
 00:03:14 | WARNING! Aborting CBS - could not obtain an initial solution for the following agents: Agent27(3->2)
 00:03:15 | 00:01:51 | 0.05:05:32 |  63.65%  |  7087   |   7128   | 60%  |  165248  |   0    | 172.29MB  
 00:03:20 | 00:01:42 | 0.05:17:30 |  66.15%  |  7366   |   7408   | 60%  |  171554  |   0    | 172.38MB  
 00:03:20 | WARNING! Aborting CBS - could not obtain an initial solution for the following agents: Agent10(41->40)
 00:03:22 | WARNING! Aborting CBS - could not obtain an initial solution for the following agents: Agent27(8->1)
 00:03:22 | WARNING! Aborting CBS - could not obtain an initial solution for the following agents: Agent27(8->1)
 00:03:23 | WARNING! Aborting CBS - could not obtain an initial solution for the following agents: Agent4(3->1)
 00:03:23 | WARNING! Aborting CBS - could not obtain an initial solution for the following agents: Agent4(3->1)
 00:03:23 | WARNING! Aborting CBS - could not obtain an initial solution for the following agents: Agent4(3->2)
 00:03:23 | WARNING! Aborting CBS - could not obtain an initial solution for the following agents: Agent4(3->2)
 00:03:25 | 00:01:35 | 0.05:27:43 |  68.28%  |  7599   |   7648   | 60%  |  177300  |   0    | 171.94MB  
 00:03:29 | WARNING! Aborting CBS - could not obtain an initial solution for the following agents: Agent29(51->49)
 00:03:29 | WARNING! Aborting CBS - could not obtain an initial solution for the following agents: Agent29(51->49)
 00:03:29 | WARNING! Aborting CBS - could not obtain an initial solution for the following agents: Agent29(51->49)
 00:03:29 | WARNING! Aborting CBS - could not obtain an initial solution for the following agents: Agent7(51->50)
 00:03:29 | WARNING! Aborting CBS - could not obtain an initial solution for the following agents: Agent7(51->50)
 00:03:29 | WARNING! Aborting CBS - could not obtain an initial solution for the following agents: Agent7(51->50)
 00:03:30 | 00:01:26 | 0.05:40:18 |  70.90%  |  7894   |   7944   | 60%  |  183874  |   0    | 172.15MB  
 00:03:32 | WARNING! Aborting CBS - could not obtain an initial solution for the following agents: Agent2(25->24)
 00:03:32 | WARNING! Aborting CBS - could not obtain an initial solution for the following agents: Agent2(25->24)
 00:03:35 | 00:01:20 | 0.05:49:06 |  72.73%  |  8101   |   8150   | 60%  |  188976  |   0    | 171.99MB  
 00:03:35 | WARNING! Aborting CBS - could not obtain an initial solution for the following agents: Agent24(25->24)
 00:03:40 | 00:01:15 | 0.05:57:29 |  74.48%  |  8294   |   8345   | 60%  |  193248  |   0    | 172.70MB  
 00:03:41 | WARNING! Aborting CBS - could not obtain an initial solution for the following agents: Agent29(57->56)
 00:03:45 | 00:01:09 | 0.06:06:37 |  76.38%  |  8509   |   8559   | 60%  |  198149  |   0    | 172.96MB  
 00:03:46 | WARNING! Aborting CBS - could not obtain an initial solution for the following agents: Agent24(25->24)
 00:03:50 | 00:01:05 | 0.06:13:59 |  77.92%  |  8680   |   8732   | 60%  |  202486  |   0    | 174.80MB  
 00:03:50 | WARNING! Aborting CBS - could not obtain an initial solution for the following agents: Agent10(40->33)
 00:03:50 | WARNING! Aborting CBS - could not obtain an initial solution for the following agents: Agent10(40->34)
 00:03:52 | WARNING! Aborting CBS - could not obtain an initial solution for the following agents: Agent27(9->8)
 00:03:52 | WARNING! Aborting CBS - could not obtain an initial solution for the following agents: Agent27(9->8)
 00:03:53 | WARNING! Aborting CBS - could not obtain an initial solution for the following agents: Agent0(24->23)
 00:03:54 | WARNING! Aborting CBS - could not obtain an initial solution for the following agents: Agent21(41->40)
 00:03:55 | 00:00:56 | 0.06:26:50 |  80.59%  |  8979   |   9032   | 60%  |  209447  |   0    | 174.22MB  
 00:03:57 | WARNING! Aborting CBS - could not obtain an initial solution for the following agents: Agent30(41->40)
 00:03:57 | WARNING! Aborting CBS - could not obtain an initial solution for the following agents: Agent30(41->40)
 00:03:57 | WARNING! Aborting CBS - could not obtain an initial solution for the following agents: Agent16(57->56)
 00:03:59 | WARNING! Aborting CBS - could not obtain an initial solution for the following agents: Agent1(9->8)
 00:03:59 | WARNING! Aborting CBS - could not obtain an initial solution for the following agents: Agent1(9->8)
 00:04:00 | 00:00:50 | 0.06:36:29 |  82.60%  |  9204   |   9260   | 60%  |  214834  |   0    | 174.73MB  
 00:04:00 | WARNING! Aborting CBS - could not obtain an initial solution for the following agents: Agent24(25->24)
 00:04:00 | WARNING! Aborting CBS - could not obtain an initial solution for the following agents: Agent9(57->56)
 00:04:00 | WARNING! Aborting CBS - could not obtain an initial solution for the following agents: Agent9(57->56)
 00:04:02 | WARNING! Aborting CBS - could not obtain an initial solution for the following agents: Agent5(57->56)
 00:04:04 | WARNING! Aborting CBS - could not obtain an initial solution for the following agents: Agent21(41->34)
 00:04:04 | WARNING! Aborting CBS - could not obtain an initial solution for the following agents: Agent21(41->34)
 00:04:05 | 00:00:45 | 0.06:45:25 |  84.46%  |  9405   |   9468   | 60%  |  220079  |   0    | 176.42MB  
 00:04:06 | WARNING! Aborting CBS - could not obtain an initial solution for the following agents: Agent27(9->8)
 00:04:10 | 00:00:38 | 0.06:56:32 |  86.78%  |  9662   |   9729   | 60%  |  226179  |   0    | 174.31MB  
 00:04:10 | WARNING! Aborting CBS - could not obtain an initial solution for the following agents: Agent4(3->2)
 00:04:10 | WARNING! Aborting CBS - could not obtain an initial solution for the following agents: Agent1(8->1)
 00:04:10 | WARNING! Aborting CBS - could not obtain an initial solution for the following agents: Agent1(8->1)
 00:04:10 | WARNING! Aborting CBS - could not obtain an initial solution for the following agents: Agent1(8->2)
 00:04:10 | WARNING! Aborting CBS - could not obtain an initial solution for the following agents: Agent1(8->2)
 00:04:14 | WARNING! Aborting CBS - could not obtain an initial solution for the following agents: Agent26(25->24)
 00:04:14 | WARNING! Aborting CBS - could not obtain an initial solution for the following agents: Agent26(25->24)
 00:04:15 | 00:00:31 | 0.07:07:05 |  88.98%  |  9905   |   9977   | 60%  |  231770  |   0    | 174.91MB  
 00:04:16 | WARNING! Aborting CBS - could not obtain an initial solution for the following agents: Agent21(41->40)
 00:04:16 | WARNING! Aborting CBS - could not obtain an initial solution for the following agents: Agent21(41->40)
 00:04:18 | WARNING! Aborting CBS - could not obtain an initial solution for the following agents: Agent16(59->50)
 00:04:18 | WARNING! Aborting CBS - could not obtain an initial solution for the following agents: Agent16(59->50)
 00:04:20 | 00:00:26 | 0.07:15:16 |  90.68%  |  10096  |  10168   | 60%  |  236359  |   0    | 175.78MB  
 00:04:20 | WARNING! Aborting CBS - could not obtain an initial solution for the following agents: Agent11(25->24)
 00:04:20 | WARNING! Aborting CBS - could not obtain an initial solution for the following agents: Agent11(25->24)
 00:04:25 | 00:00:18 | 0.07:28:39 |  93.47%  |  10404  |  10481   | 60%  |  243523  |   0    | 175.07MB  
 00:04:26 | WARNING! Aborting CBS - could not obtain an initial solution for the following agents: Agent29(57->56)
 00:04:28 | WARNING! Aborting CBS - could not obtain an initial solution for the following agents: Agent16(58->57)
 00:04:28 | WARNING! Aborting CBS - could not obtain an initial solution for the following agents: Agent16(58->57)
 00:04:30 | 00:00:14 | 0.07:35:58 |  95.00%  |  10573  |  10652   | 60%  |  247796  |   0    | 175.66MB  
 00:04:32 | WARNING! Aborting CBS - could not obtain an initial solution for the following agents: Agent1(3->1)
 00:04:32 | WARNING! Aborting CBS - could not obtain an initial solution for the following agents: Agent1(3->1)
 00:04:32 | WARNING! Aborting CBS - could not obtain an initial solution for the following agents: Agent1(3->2)
 00:04:34 | WARNING! Aborting CBS - could not obtain an initial solution for the following agents: Agent0(25->24)
 00:04:34 | WARNING! Aborting CBS - could not obtain an initial solution for the following agents: Agent0(25->23)
 00:04:34 | WARNING! Aborting CBS - could not obtain an initial solution for the following agents: Agent0(25->23)
 00:04:34 | WARNING! Aborting CBS - could not obtain an initial solution for the following agents: Agent0(25->24)
 00:04:35 | 00:00:08 | 0.07:45:59 |  97.08%  |  10807  |  10887   | 60%  |  253419  |   0    | 175.70MB  
 00:04:39 | WARNING! Aborting CBS - could not obtain an initial solution for the following agents: Agent14(9->8)
 00:04:39 | WARNING! Aborting CBS - could not obtain an initial solution for the following agents: Agent14(9->8)
 00:04:40 | 00:00:02 | 0.07:55:14 |  99.01%  |  11022  |  11104   | 60%  |  258321  |   0    | 175.73MB  
 00:04:42 | WARNING! Aborting CBS - could not obtain an initial solution for the following agents: Agent29(57->56)
 00:04:43 | WARNING! Aborting CBS - could not obtain an initial solution for the following agents: Agent9(56->55)
 00:04:43 | WARNING! Aborting CBS - could not obtain an initial solution for the following agents: Agent9(56->55)
 00:04:43 | 00:00:00 | 0.08:00:00 | 100.00%  |  11133  |  11216   | 60%  |  261123  |   0    | 175.84MB  
 00:04:43 | >>> Simulation finished - writing results ...
 00:04:43 | >>> Results written
Simulation finished.
>>> Timings
StatTimingPathPlanningAverage: 0.014336879396691461
StatTimingPathPlanningOverall: 221.00299589999887
StatTimingPathPlanningCount: 15415
StatTimingTaskAllocationAverage: 0.0014513481713216661
StatTimingTaskAllocationOverall: 22.50025069999979
StatTimingTaskAllocationCount: 15503
StatTimingItemStorageAverage: 3.542022431259187E-06
StatTimingItemStorageOverall: 0.03916060000000157
StatTimingItemStorageCount: 11056
StatTimingPodStorageAverage: 0.001956698637248538
StatTimingPodStorageOverall: 6.030545199999994
StatTimingPodStorageCount: 3082
StatTimingReplenishmentBatchingAverage: 7.852016713566986E-06
StatTimingReplenishmentBatchingOverall: 0.09208060000000005
StatTimingReplenishmentBatchingCount: 11727
StatTimingOrderBatchingAverage: 0.00011079380717341267
StatTimingOrderBatchingOverall: 3.3670238000000112
StatTimingOrderBatchingCount: 30390
>>> Overall
StatOverallBundlesPlaced: 15166
StatOverallItemsOrdered: 11177
StatOverallOrdersPlaced: 11177
StatOverallBundlesRejected: 0
StatOverallOrdersRejected: 0
StatOverallBundlesHandled: 11216
StatOverallItemsHandled: 11137
StatOverallLinesHandled: 11137
StatOverallOrdersHandled: 11133
StatOverallCollisions: 0
StatOverallDistanceTraveled: 261123.46984605296
StatOverallDistanceEstimated: 240775
StatOverallAssignedTasks: 15503
StatMaxMemoryUsed: 176.41796875
StatRealTimeUsed: 283.0610074
StatAverageTurnoverTime: 369.0427854013603
StatMedianTurnoverTime: 218.99340634943565
StatLowerQuartileTurnoverTime: 123.55917665260404
StatUpperQuartileTurnoverTime: 507.0510197491503
StatAverageThroughputTime: 114.38159255438558
StatMedianThroughputTime: 120.75007540737897
StatLowerQuartileThroughputTime: 81.27402746382722
StatUpperQuartileThroughputTime: 141.83907568738505
>>> Energy (Rizqi model)
StatEnergyTotalKJ: 20010.846203000314
StatEnergyE1AccelKJ: 5421.465703499977
StatEnergyE2DecelKJ: 0
StatEnergyE3CruiseKJ: 9909.775288000004
StatEnergyE4RotationKJ: 3848.5447803891757
StatEnergyE5LiftLowerKJ: 831.0604311111117
StatEnergyPerOrderKJ: 1.7974352109045464
StatEnergyPerMeterJoule: 76.61032301696503
StatDistanceTraveledRizqiM: 261203
>>> Motion Behavior
StatTurningCount: 32530
StatStopAndGoCount: 44179
StatLoadedDistanceM: 177680
StatLoadedTurningCount: 24059
StatWaitTimeSec: 603790.2966784388
StatMoveEnergyEmptyKJ: 4288.770749999997
StatMoveTimeEmptySec: 82645.17863316608
StatTurnEnergyEmptyKJ: 869.2025893720369
StatTurnTimeEmptySec: 5688.494458170488
StatMoveEnergyLoadedKJ: 11042.470241499988
StatMoveTimeLoadedSec: 206545.26108359123
StatTurnEnergyLoadedKJ: 2979.342191017157
StatTurnTimeLoadedSec: 15209.19341771727
StatPrefEmptyW: 58.391926417898596
StatPrefLoadedW: 63.231254876255065

Marked tag finished after 1 tries!
.Fin. - SUCCESS
