<<< Welcome to the RAWSimO CLI >>>
The time is: 04/14/2026 14:40:27
Starting RAWSimO wrapper with the following arguments:
Instance: Material/Instances/PP/1-4-4-32-550.xinst
Setting: Material/Instances/PP/PPMinimal.xsett
ControlConfig: Material/Instances/PP/aesop-cbs.xconf
StatisticsDir: C:\Users\Aesop\Desktop\rawsim-o-rmfs-world-models\output_pref\seed_30
Seed: 30
Adding handler for unhandled exceptions ...
Initializing ... 
Instance recognized!
Parsing setting config ...
Parsing control config ...
Parsing instance ...
StatisticsFolder: 1-4-4-32-550-PPMinimal-aesop-cbs-30
Done!
Executing ... 
 14:40:29 | >>> Warming up ...
 00:00:00 | >>> Warmup finished - starting simulation ...
 Realtime |   ETA    |  Sim.Time  | Progress | #Orders | #Bundles | Inv. | Distance | #Coll. |   Memory    
 00:00:00 |   n/a    | 0.00:00:00 |  0.00%   |    0    |    0     | 60%  |    0     |   0    | 123.27MB  
 00:00:05 | 04:01:06 | 0.00:00:09 |  0.03%   |    0    |    0     | 60%  |   206    |   0    | 132.14MB  
 00:00:10 | 02:11:35 | 0.00:00:36 |  0.13%   |    0    |    0     | 60%  |   839    |   0    | 142.10MB  
 00:00:15 | 02:51:27 | 0.00:00:41 |  0.15%   |    0    |    0     | 60%  |   949    |   0    | 153.18MB  
 00:00:20 | 03:09:05 | 0.00:00:50 |  0.18%   |    2    |    0     | 60%  |   1142   |   0    | 156.42MB  
 00:00:25 | 03:34:31 | 0.00:00:55 |  0.19%   |    3    |    0     | 60%  |   1240   |   0    | 164.16MB  
 00:00:30 | 03:57:03 | 0.00:01:00 |  0.21%   |    4    |    0     | 60%  |   1340   |   0    | 171.22MB  
 00:00:31 | WARNING! Aborting CBS - could not obtain an initial solution for the following agents: Agent8(41->32)
 00:00:31 | WARNING! Aborting CBS - could not obtain an initial solution for the following agents: Agent8(41->32)
 00:00:31 | WARNING! Aborting CBS - could not obtain an initial solution for the following agents: Agent8(41->34)
 00:00:32 | WARNING! Aborting CBS - could not obtain an initial solution for the following agents: Agent17(73->72)
 00:00:34 | WARNING! Aborting CBS - could not obtain an initial solution for the following agents: Agent14(3->1)
 00:00:35 | 00:42:50 | 0.00:06:27 |  1.34%   |   131   |   123    | 60%  |   3417   |   0    | 169.74MB  
 00:00:35 | WARNING! Aborting CBS - could not obtain an initial solution for the following agents: Agent11(26->25)
 00:00:39 | WARNING! Aborting CBS - could not obtain an initial solution for the following agents: Agent4(9->8)
 00:00:39 | WARNING! Aborting CBS - could not obtain an initial solution for the following agents: Agent4(9->8)
 00:00:40 | 00:19:04 | 0.00:16:12 |  3.38%   |   362   |   352    | 60%  |   7928   |   0    | 170.79MB  
 00:00:42 | WARNING! Aborting CBS - could not obtain an initial solution for the following agents: Agent5(56->55)
 00:00:45 | 00:13:03 | 0.00:26:03 |  5.43%   |   592   |   583    | 60%  |  12662   |   0    | 170.75MB  
 00:00:47 | WARNING! Aborting CBS - could not obtain an initial solution for the following agents: Agent9(56->55)
 00:00:47 | WARNING! Aborting CBS - could not obtain an initial solution for the following agents: Agent9(56->55)
 00:00:47 | WARNING! Aborting CBS - could not obtain an initial solution for the following agents: Agent24(25->24)
 00:00:50 | 00:09:47 | 0.00:37:40 |  7.85%   |   866   |   853    | 60%  |  18483   |   0    | 169.99MB  
 00:00:51 | WARNING! Aborting CBS - could not obtain an initial solution for the following agents: Agent21(41->40)
 00:00:51 | WARNING! Aborting CBS - could not obtain an initial solution for the following agents: Agent21(41->40)
 00:00:53 | WARNING! Aborting CBS - could not obtain an initial solution for the following agents: Agent8(40->34)
 00:00:55 | 00:08:01 | 0.00:49:14 |  10.26%  |  1135   |   1124   | 60%  |  24320   |   0    | 170.44MB  
 00:01:00 | 00:07:18 | 0.00:57:48 |  12.04%  |  1335   |   1323   | 60%  |  28819   |   0    | 169.62MB  
 00:01:02 | WARNING! Aborting CBS - could not obtain an initial solution for the following agents: Agent16(57->56)
 00:01:02 | WARNING! Aborting CBS - could not obtain an initial solution for the following agents: Agent16(57->56)
 00:01:03 | WARNING! Aborting CBS - could not obtain an initial solution for the following agents: Agent9(57->56)
 00:01:04 | WARNING! Aborting CBS - could not obtain an initial solution for the following agents: Agent25(9->8)
 00:01:05 | 00:06:25 | 0.01:09:12 |  14.42%  |  1601   |   1591   | 60%  |  34757   |   0    | 170.04MB  
 00:01:06 | WARNING! Aborting CBS - could not obtain an initial solution for the following agents: Agent19(9->8)
 00:01:06 | WARNING! Aborting CBS - could not obtain an initial solution for the following agents: Agent19(9->8)
 00:01:08 | WARNING! Aborting CBS - could not obtain an initial solution for the following agents: Agent24(27->26)
 00:01:08 | WARNING! Aborting CBS - could not obtain an initial solution for the following agents: Agent24(27->26)
 00:01:08 | WARNING! Aborting CBS - could not obtain an initial solution for the following agents: Agent24(27->26)
 00:01:09 | WARNING! Aborting CBS - could not obtain an initial solution for the following agents: Agent7(57->56)
 00:01:10 | 00:05:39 | 0.01:22:00 |  17.09%  |  1899   |   1891   | 60%  |  41341   |   0    | 170.68MB  
 00:01:10 | WARNING! Aborting CBS - could not obtain an initial solution for the following agents: Agent0(25->24)
 00:01:12 | WARNING! Aborting CBS - could not obtain an initial solution for the following agents: Agent0(25->24)
 00:01:12 | WARNING! Aborting CBS - could not obtain an initial solution for the following agents: Agent0(25->24)
 00:01:15 | 00:05:06 | 0.01:34:18 |  19.65%  |  2185   |   2179   | 60%  |  48225   |   0    | 170.85MB  
 00:01:17 | WARNING! Aborting CBS - could not obtain an initial solution for the following agents: Agent11(25->24)
 00:01:17 | WARNING! Aborting CBS - could not obtain an initial solution for the following agents: Agent11(25->24)
 00:01:17 | WARNING! Aborting CBS - could not obtain an initial solution for the following agents: Agent2(25->17)
 00:01:17 | WARNING! Aborting CBS - could not obtain an initial solution for the following agents: Agent2(25->18)
 00:01:19 | WARNING! Aborting CBS - could not obtain an initial solution for the following agents: Agent5(58->57)
 00:01:19 | WARNING! Aborting CBS - could not obtain an initial solution for the following agents: Agent5(58->57)
 00:01:20 | 00:04:47 | 0.01:44:34 |  21.79%  |  2423   |   2419   | 60%  |  53932   |   0    | 171.34MB  
 00:01:21 | WARNING! Aborting CBS - could not obtain an initial solution for the following agents: Agent26(25->24)
 00:01:21 | WARNING! Aborting CBS - could not obtain an initial solution for the following agents: Agent26(25->24)
 00:01:21 | WARNING! Aborting CBS - could not obtain an initial solution for the following agents: Agent0(25->24)
 00:01:24 | WARNING! Aborting CBS - could not obtain an initial solution for the following agents: Agent25(3->1)
 00:01:24 | WARNING! Aborting CBS - could not obtain an initial solution for the following agents: Agent25(3->2)
 00:01:25 | 00:04:24 | 0.01:56:49 |  24.34%  |  2707   |   2707   | 60%  |  60587   |   0    | 169.98MB  
 00:01:27 | WARNING! Aborting CBS - could not obtain an initial solution for the following agents: Agent28(40->33)
 00:01:27 | WARNING! Aborting CBS - could not obtain an initial solution for the following agents: Agent28(40->33)
 00:01:27 | WARNING! Aborting CBS - could not obtain an initial solution for the following agents: Agent28(40->34)
 00:01:27 | WARNING! Aborting CBS - could not obtain an initial solution for the following agents: Agent28(40->34)
 00:01:28 | WARNING! Aborting CBS - could not obtain an initial solution for the following agents: Agent10(41->40)
 00:01:29 | WARNING! Aborting CBS - could not obtain an initial solution for the following agents: Agent9(58->57)
 00:01:30 | 00:04:04 | 0.02:09:02 |  26.88%  |  2989   |   2992   | 60%  |  67375   |   0    | 170.50MB  
 00:01:33 | WARNING! Aborting CBS - could not obtain an initial solution for the following agents: Agent29(57->56)
 00:01:33 | WARNING! Aborting CBS - could not obtain an initial solution for the following agents: Agent29(57->56)
 00:01:35 | 00:03:57 | 0.02:17:04 |  28.56%  |  3175   |   3181   | 60%  |  71719   |   0    | 170.05MB  
 00:01:39 | WARNING! Aborting CBS - could not obtain an initial solution for the following agents: Agent2(25->24)
 00:01:40 | 00:03:46 | 0.02:26:54 |  30.60%  |  3404   |   3411   | 60%  |  76767   |   0    | 170.03MB  
 00:01:40 | WARNING! Aborting CBS - could not obtain an initial solution for the following agents: Agent19(2->1)
 00:01:41 | WARNING! Aborting CBS - could not obtain an initial solution for the following agents: Agent4(9->8)
 00:01:45 | 00:03:32 | 0.02:38:46 |  33.08%  |  3681   |   3690   | 60%  |  83235   |   0    | 172.41MB  
 00:01:47 | WARNING! Aborting CBS - could not obtain an initial solution for the following agents: Agent1(9->8)
 00:01:47 | WARNING! Aborting CBS - could not obtain an initial solution for the following agents: Agent1(9->8)
 00:01:48 | WARNING! Aborting CBS - could not obtain an initial solution for the following agents: Agent10(40->39)
 00:01:49 | WARNING! Aborting CBS - could not obtain an initial solution for the following agents: Agent28(41->40)
 00:01:50 | 00:03:16 | 0.02:52:15 |  35.89%  |  3997   |   4006   | 60%  |  90330   |   0    | 170.78MB  
 00:01:50 | WARNING! Aborting CBS - could not obtain an initial solution for the following agents: Agent11(25->24)
 00:01:50 | WARNING! Aborting CBS - could not obtain an initial solution for the following agents: Agent11(25->24)
 00:01:53 | WARNING! Aborting CBS - could not obtain an initial solution for the following agents: Agent26(25->24)
 00:01:55 | 00:03:06 | 0.03:02:54 |  38.10%  |  4245   |   4256   | 60%  |  95983   |   0    | 170.66MB  
 00:01:56 | WARNING! Aborting CBS - could not obtain an initial solution for the following agents: Agent25(8->1)
 00:01:56 | WARNING! Aborting CBS - could not obtain an initial solution for the following agents: Agent25(8->2)
 00:01:57 | WARNING! Aborting CBS - could not obtain an initial solution for the following agents: Agent26(25->24)
 00:01:57 | WARNING! Aborting CBS - could not obtain an initial solution for the following agents: Agent26(25->24)
 00:01:58 | WARNING! Aborting CBS - could not obtain an initial solution for the following agents: Agent28(41->40)
 00:01:58 | WARNING! Aborting CBS - could not obtain an initial solution for the following agents: Agent28(41->40)
 00:01:58 | WARNING! Aborting CBS - could not obtain an initial solution for the following agents: Agent0(25->24)
 00:01:58 | WARNING! Aborting CBS - could not obtain an initial solution for the following agents: Agent0(25->24)
 00:01:58 | WARNING! Aborting CBS - could not obtain an initial solution for the following agents: Agent0(25->24)
 00:02:00 | 00:02:53 | 0.03:16:13 |  40.88%  |  4555   |   4568   | 60%  |  102870  |   0    | 171.44MB  
 00:02:04 | WARNING! Aborting CBS - could not obtain an initial solution for the following agents: Agent5(57->56)
 00:02:04 | WARNING! Aborting CBS - could not obtain an initial solution for the following agents: Agent5(57->56)
 00:02:04 | WARNING! Aborting CBS - could not obtain an initial solution for the following agents: Agent27(9->8)
 00:02:04 | WARNING! Aborting CBS - could not obtain an initial solution for the following agents: Agent27(9->8)
 00:02:05 | 00:02:42 | 0.03:28:30 |  43.44%  |  4839   |   4856   | 60%  |  109550  |   0    | 171.04MB  
 00:02:07 | WARNING! Aborting CBS - could not obtain an initial solution for the following agents: Agent25(9->8)
 00:02:08 | WARNING! Aborting CBS - could not obtain an initial solution for the following agents: Agent0(26->25)
 00:02:08 | WARNING! Aborting CBS - could not obtain an initial solution for the following agents: Agent0(26->25)
 00:02:08 | WARNING! Aborting CBS - could not obtain an initial solution for the following agents: Agent0(26->25)
 00:02:10 | 00:02:32 | 0.03:41:01 |  46.05%  |  5131   |   5150   | 60%  |  116637  |   0    | 171.34MB  
 00:02:11 | WARNING! Aborting CBS - could not obtain an initial solution for the following agents: Agent14(9->8)
 00:02:14 | WARNING! Aborting CBS - could not obtain an initial solution for the following agents: Agent19(3->1)
 00:02:14 | WARNING! Aborting CBS - could not obtain an initial solution for the following agents: Agent19(3->2)
 00:02:15 | WARNING! Aborting CBS - could not obtain an initial solution for the following agents: Agent0(26->25)
 00:02:15 | 00:02:22 | 0.03:53:41 |  48.69%  |  5429   |   5446   | 60%  |  123417  |   0    | 171.75MB  
 00:02:17 | WARNING! Aborting CBS - could not obtain an initial solution for the following agents: Agent21(35->33)
 00:02:17 | WARNING! Aborting CBS - could not obtain an initial solution for the following agents: Agent21(35->34)
 00:02:18 | WARNING! Aborting CBS - could not obtain an initial solution for the following agents: Agent7(57->56)
 00:02:18 | WARNING! Aborting CBS - could not obtain an initial solution for the following agents: Agent7(57->56)
 00:02:19 | WARNING! Aborting CBS - could not obtain an initial solution for the following agents: Agent4(8->7)
 00:02:20 | 00:02:14 | 0.04:05:14 |  51.09%  |  5695   |   5716   | 60%  |  129568  |   0    | 172.51MB  
 00:02:20 | WARNING! Aborting CBS - could not obtain an initial solution for the following agents: Agent28(41->33)
 00:02:20 | WARNING! Aborting CBS - could not obtain an initial solution for the following agents: Agent28(41->34)
 00:02:20 | WARNING! Aborting CBS - could not obtain an initial solution for the following agents: Agent28(41->34)
 00:02:20 | WARNING! Aborting CBS - could not obtain an initial solution for the following agents: Agent2(25->24)
 00:02:20 | WARNING! Aborting CBS - could not obtain an initial solution for the following agents: Agent2(25->24)
 00:02:24 | WARNING! Aborting CBS - could not obtain an initial solution for the following agents: Agent2(25->24)
 00:02:24 | WARNING! Aborting CBS - could not obtain an initial solution for the following agents: Agent2(25->24)
 00:02:25 | 00:02:05 | 0.04:17:44 |  53.70%  |  5986   |   6010   | 60%  |  136514  |   0    | 171.74MB  
 00:02:27 | WARNING! Aborting CBS - could not obtain an initial solution for the following agents: Agent19(9->8)
 00:02:28 | WARNING! Aborting CBS - could not obtain an initial solution for the following agents: Agent26(25->24)
 00:02:28 | WARNING! Aborting CBS - could not obtain an initial solution for the following agents: Agent26(25->24)
 00:02:28 | WARNING! Aborting CBS - could not obtain an initial solution for the following agents: Agent26(25->24)
 00:02:28 | WARNING! Aborting CBS - could not obtain an initial solution for the following agents: Agent30(40->34)
 00:02:30 | 00:01:57 | 0.04:29:05 |  56.06%  |  6247   |   6276   | 60%  |  142535  |   0    | 171.82MB  
 00:02:30 | WARNING! Aborting CBS - could not obtain an initial solution for the following agents: Agent10(40->39)
 00:02:32 | WARNING! Aborting CBS - could not obtain an initial solution for the following agents: Agent4(3->2)
 00:02:32 | WARNING! Aborting CBS - could not obtain an initial solution for the following agents: Agent1(3->1)
 00:02:33 | WARNING! Aborting CBS - could not obtain an initial solution for the following agents: Agent7(56->49)
 00:02:33 | WARNING! Aborting CBS - could not obtain an initial solution for the following agents: Agent7(56->50)
 00:02:33 | WARNING! Aborting CBS - could not obtain an initial solution for the following agents: Agent7(56->50)
 00:02:33 | WARNING! Aborting CBS - could not obtain an initial solution for the following agents: Agent14(9->8)
 00:02:34 | WARNING! Aborting CBS - could not obtain an initial solution for the following agents: Agent11(25->24)
 00:02:34 | WARNING! Aborting CBS - could not obtain an initial solution for the following agents: Agent11(25->24)
 00:02:35 | 00:01:48 | 0.04:42:46 |  58.91%  |  6566   |   6597   | 60%  |  149853  |   0    | 173.03MB  
 00:02:36 | WARNING! Aborting CBS - could not obtain an initial solution for the following agents: Agent0(25->24)
 00:02:40 | 00:01:38 | 0.04:56:53 |  61.85%  |  6895   |   6927   | 60%  |  157321  |   0    | 172.14MB  
 00:02:41 | WARNING! Aborting CBS - could not obtain an initial solution for the following agents: Agent24(27->18)
 00:02:41 | WARNING! Aborting CBS - could not obtain an initial solution for the following agents: Agent24(27->18)
 00:02:41 | WARNING! Aborting CBS - could not obtain an initial solution for the following agents: Agent24(27->18)
 00:02:43 | WARNING! Aborting CBS - could not obtain an initial solution for the following agents: Agent8(40->39)
 00:02:43 | WARNING! Aborting CBS - could not obtain an initial solution for the following agents: Agent8(40->39)
 00:02:45 | 00:01:33 | 0.05:06:58 |  63.95%  |  7123   |   7164   | 60%  |  162897  |   0    | 172.41MB  
 00:02:48 | WARNING! Aborting CBS - could not obtain an initial solution for the following agents: Agent4(9->8)
 00:02:48 | WARNING! Aborting CBS - could not obtain an initial solution for the following agents: Agent4(9->8)
 00:02:49 | WARNING! Aborting CBS - could not obtain an initial solution for the following agents: Agent30(41->40)
 00:02:50 | 00:01:25 | 0.05:18:48 |  66.42%  |  7398   |   7441   | 60%  |  169591  |   0    | 171.86MB  
 00:02:55 | 00:01:20 | 0.05:28:25 |  68.42%  |  7624   |   7666   | 60%  |  175151  |   0    | 171.77MB  
 00:02:56 | WARNING! Aborting CBS - could not obtain an initial solution for the following agents: Agent4(3->2)
 00:03:00 | 00:01:16 | 0.05:36:44 |  70.15%  |  7815   |   7861   | 60%  |  180220  |   0    | 172.52MB  
 00:03:01 | WARNING! Aborting CBS - could not obtain an initial solution for the following agents: Agent28(41->40)
 00:03:02 | WARNING! Aborting CBS - could not obtain an initial solution for the following agents: Agent5(58->57)
 00:03:02 | WARNING! Aborting CBS - could not obtain an initial solution for the following agents: Agent5(58->57)
 00:03:03 | WARNING! Aborting CBS - could not obtain an initial solution for the following agents: Agent29(51->50)
 00:03:05 | 00:01:10 | 0.05:46:54 |  72.27%  |  8052   |   8100   | 60%  |  186197  |   0    | 179.77MB  
 00:03:05 | WARNING! Aborting CBS - could not obtain an initial solution for the following agents: Agent25(9->8)
 00:03:06 | WARNING! Aborting CBS - could not obtain an initial solution for the following agents: Agent28(41->33)
 00:03:06 | WARNING! Aborting CBS - could not obtain an initial solution for the following agents: Agent28(41->33)
 00:03:06 | WARNING! Aborting CBS - could not obtain an initial solution for the following agents: Agent28(41->34)
 00:03:06 | WARNING! Aborting CBS - could not obtain an initial solution for the following agents: Agent28(41->35)
 00:03:07 | WARNING! Aborting CBS - could not obtain an initial solution for the following agents: Agent21(41->40)
 00:03:07 | WARNING! Aborting CBS - could not obtain an initial solution for the following agents: Agent21(41->40)
 00:03:07 | WARNING! Aborting CBS - could not obtain an initial solution for the following agents: Agent21(41->40)
 00:03:07 | WARNING! Aborting CBS - could not obtain an initial solution for the following agents: Agent21(41->40)
 00:03:10 | 00:01:04 | 0.05:58:15 |  74.64%  |  8317   |   8366   | 60%  |  191777  |   0    | 180.75MB  
 00:03:15 | 00:01:00 | 0.06:06:23 |  76.33%  |  8504   |   8557   | 60%  |  196115  |   0    | 188.46MB  
 00:03:17 | WARNING! Aborting CBS - could not obtain an initial solution for the following agents: Agent7(57->56)
 00:03:17 | WARNING! Aborting CBS - could not obtain an initial solution for the following agents: Agent7(57->56)
 00:03:17 | WARNING! Aborting CBS - could not obtain an initial solution for the following agents: Agent21(41->40)
 00:03:17 | WARNING! Aborting CBS - could not obtain an initial solution for the following agents: Agent21(41->40)
 00:03:17 | WARNING! Aborting CBS - could not obtain an initial solution for the following agents: Agent21(41->40)
 00:03:19 | WARNING! Aborting CBS - could not obtain an initial solution for the following agents: Agent1(3->1)
 00:03:19 | WARNING! Aborting CBS - could not obtain an initial solution for the following agents: Agent1(3->1)
 00:03:19 | WARNING! Aborting CBS - could not obtain an initial solution for the following agents: Agent1(3->2)
 00:03:19 | WARNING! Aborting CBS - could not obtain an initial solution for the following agents: Agent1(3->2)
 00:03:20 | 00:00:54 | 0.06:17:49 |  78.71%  |  8768   |   8824   | 60%  |  202447  |   0    | 189.40MB  
 00:03:21 | WARNING! Aborting CBS - could not obtain an initial solution for the following agents: Agent1(9->8)
 00:03:21 | WARNING! Aborting CBS - could not obtain an initial solution for the following agents: Agent1(9->8)
 00:03:22 | WARNING! Aborting CBS - could not obtain an initial solution for the following agents: Agent0(25->21)
 00:03:22 | WARNING! Aborting CBS - could not obtain an initial solution for the following agents: Agent0(25->22)
 00:03:22 | WARNING! Aborting CBS - could not obtain an initial solution for the following agents: Agent0(25->22)
 00:03:22 | WARNING! Aborting CBS - could not obtain an initial solution for the following agents: Agent0(25->22)
 00:03:24 | WARNING! Aborting CBS - could not obtain an initial solution for the following agents: Agent5(57->50)
 00:03:25 | 00:00:48 | 0.06:28:13 |  80.88%  |  9005   |   9069   | 60%  |  208353  |   0    | 190.21MB  
 00:03:25 | WARNING! Aborting CBS - could not obtain an initial solution for the following agents: Agent21(40->39)
 00:03:27 | WARNING! Aborting CBS - could not obtain an initial solution for the following agents: Agent14(9->2)
 00:03:27 | WARNING! Aborting CBS - could not obtain an initial solution for the following agents: Agent0(25->24)
 00:03:28 | WARNING! Aborting CBS - could not obtain an initial solution for the following agents: Agent11(24->22)
 00:03:28 | WARNING! Aborting CBS - could not obtain an initial solution for the following agents: Agent11(24->22)
 00:03:28 | WARNING! Aborting CBS - could not obtain an initial solution for the following agents: Agent11(24->22)
 00:03:30 | 00:00:41 | 0.06:40:06 |  83.36%  |  9279   |   9347   | 60%  |  215243  |   0    | 190.84MB  
 00:03:32 | WARNING! Aborting CBS - could not obtain an initial solution for the following agents: Agent16(57->56)
 00:03:32 | WARNING! Aborting CBS - could not obtain an initial solution for the following agents: Agent16(57->56)
 00:03:33 | WARNING! Aborting CBS - could not obtain an initial solution for the following agents: Agent4(9->8)
 00:03:33 | WARNING! Aborting CBS - could not obtain an initial solution for the following agents: Agent4(9->8)
 00:03:33 | WARNING! Aborting CBS - could not obtain an initial solution for the following agents: Agent19(3->1)
 00:03:33 | WARNING! Aborting CBS - could not obtain an initial solution for the following agents: Agent19(3->1)
 00:03:33 | WARNING! Aborting CBS - could not obtain an initial solution for the following agents: Agent19(3->2)
 00:03:33 | WARNING! Aborting CBS - could not obtain an initial solution for the following agents: Agent5(56->55)
 00:03:33 | WARNING! Aborting CBS - could not obtain an initial solution for the following agents: Agent5(56->55)
 00:03:35 | 00:00:36 | 0.06:50:17 |  85.48%  |  9516   |   9585   | 60%  |  220816  |   0    | 192.34MB  
 00:03:35 | WARNING! Aborting CBS - could not obtain an initial solution for the following agents: Agent28(41->40)
 00:03:36 | WARNING! Aborting CBS - could not obtain an initial solution for the following agents: Agent8(41->40)
 00:03:37 | WARNING! Aborting CBS - could not obtain an initial solution for the following agents: Agent7(56->55)
 00:03:37 | WARNING! Aborting CBS - could not obtain an initial solution for the following agents: Agent7(56->55)
 00:03:38 | WARNING! Aborting CBS - could not obtain an initial solution for the following agents: Agent14(9->1)
 00:03:38 | WARNING! Aborting CBS - could not obtain an initial solution for the following agents: Agent14(9->1)
 00:03:38 | WARNING! Aborting CBS - could not obtain an initial solution for the following agents: Agent14(9->2)
 00:03:39 | WARNING! Aborting CBS - could not obtain an initial solution for the following agents: Agent14(3->1)
 00:03:39 | WARNING! Aborting CBS - could not obtain an initial solution for the following agents: Agent14(3->1)
 00:03:39 | WARNING! Aborting CBS - could not obtain an initial solution for the following agents: Agent14(3->1)
 00:03:39 | WARNING! Aborting CBS - could not obtain an initial solution for the following agents: Agent14(3->2)
 00:03:39 | WARNING! Aborting CBS - could not obtain an initial solution for the following agents: Agent14(3->2)
 00:03:40 | 00:00:29 | 0.07:02:55 |  88.11%  |  9809   |   9883   | 60%  |  227325  |   0    | 193.47MB  
 00:03:43 | WARNING! Aborting CBS - could not obtain an initial solution for the following agents: Agent27(9->8)
 00:03:45 | 00:00:22 | 0.07:15:58 |  90.83%  |  10111  |  10187   | 60%  |  234156  |   0    | 195.83MB  
 00:03:45 | WARNING! Aborting CBS - could not obtain an initial solution for the following agents: Agent7(51->50)
 00:03:46 | WARNING! Aborting CBS - could not obtain an initial solution for the following agents: Agent14(8->1)
 00:03:46 | WARNING! Aborting CBS - could not obtain an initial solution for the following agents: Agent14(8->1)
 00:03:46 | WARNING! Aborting CBS - could not obtain an initial solution for the following agents: Agent14(8->1)
 00:03:46 | WARNING! Aborting CBS - could not obtain an initial solution for the following agents: Agent14(8->3)
 00:03:46 | WARNING! Aborting CBS - could not obtain an initial solution for the following agents: Agent14(8->3)
 00:03:49 | WARNING! Aborting CBS - could not obtain an initial solution for the following agents: Agent30(41->40)
 00:03:49 | WARNING! Aborting CBS - could not obtain an initial solution for the following agents: Agent30(41->40)
 00:03:50 | 00:00:15 | 0.07:29:59 |  93.75%  |  10435  |  10515   | 60%  |  241945  |   0    | 198.23MB  
 00:03:50 | WARNING! Aborting CBS - could not obtain an initial solution for the following agents: Agent21(41->40)
 00:03:50 | WARNING! Aborting CBS - could not obtain an initial solution for the following agents: Agent21(41->40)
 00:03:52 | WARNING! Aborting CBS - could not obtain an initial solution for the following agents: Agent14(9->8)
 00:03:55 | 00:00:09 | 0.07:40:43 |  95.98%  |  10684  |  10767   | 60%  |  248139  |   0    | 200.90MB  
 00:03:56 | WARNING! Aborting CBS - could not obtain an initial solution for the following agents: Agent10(41->40)
 00:03:56 | WARNING! Aborting CBS - could not obtain an initial solution for the following agents: Agent5(57->56)
 00:03:56 | WARNING! Aborting CBS - could not obtain an initial solution for the following agents: Agent5(57->56)
 00:03:56 | WARNING! Aborting CBS - could not obtain an initial solution for the following agents: Agent2(25->24)
 00:03:59 | WARNING! Aborting CBS - could not obtain an initial solution for the following agents: Agent2(26->25)
 00:03:59 | WARNING! Aborting CBS - could not obtain an initial solution for the following agents: Agent2(26->25)
 00:04:00 | 00:00:05 | 0.07:48:45 |  97.66%  |  10868  |  10954   | 60%  |  252760  |   0    | 199.78MB  
 00:04:01 | WARNING! Aborting CBS - could not obtain an initial solution for the following agents: Agent10(41->40)
 00:04:01 | WARNING! Aborting CBS - could not obtain an initial solution for the following agents: Agent10(41->40)
 00:04:01 | WARNING! Aborting CBS - could not obtain an initial solution for the following agents: Agent9(57->56)
 00:04:01 | WARNING! Aborting CBS - could not obtain an initial solution for the following agents: Agent9(57->56)
 00:04:02 | WARNING! Aborting CBS - could not obtain an initial solution for the following agents: Agent9(57->56)
 00:04:03 | WARNING! Aborting CBS - could not obtain an initial solution for the following agents: Agent9(57->56)
 00:04:03 | WARNING! Aborting CBS - could not obtain an initial solution for the following agents: Agent9(57->56)
 00:04:05 | 00:00:00 | 0.07:59:14 |  99.84%  |  11115  |  11200   | 60%  |  258619  |   0    | 198.69MB  
 00:04:05 | 00:00:00 | 0.08:00:00 | 100.00%  |  11131  |  11217   | 60%  |  259140  |   0    | 198.70MB  
 00:04:05 | >>> Simulation finished - writing results ...
 00:04:06 | >>> Results written
Simulation finished.
>>> Timings
StatTimingPathPlanningAverage: 0.01229759982118915
StatTimingPathPlanningOverall: 192.5681156000009
StatTimingPathPlanningCount: 15659
StatTimingTaskAllocationAverage: 0.0012574299009900935
StatTimingTaskAllocationOverall: 19.685065099999914
StatTimingTaskAllocationCount: 15655
StatTimingItemStorageAverage: 3.0243463617834275E-06
StatTimingItemStorageOverall: 0.034123700000002415
StatTimingItemStorageCount: 11283
StatTimingPodStorageAverage: 0.0016638544800523236
StatTimingPodStorageOverall: 5.088067000000006
StatTimingPodStorageCount: 3058
StatTimingReplenishmentBatchingAverage: 6.357429922323517E-06
StatTimingReplenishmentBatchingOverall: 0.07529739999999974
StatTimingReplenishmentBatchingCount: 11844
StatTimingOrderBatchingAverage: 8.689833344183374E-05
StatTimingOrderBatchingOverall: 2.669690600000016
StatTimingOrderBatchingCount: 30722
>>> Overall
StatOverallBundlesPlaced: 15142
StatOverallItemsOrdered: 11176
StatOverallOrdersPlaced: 11176
StatOverallBundlesRejected: 0
StatOverallOrdersRejected: 0
StatOverallBundlesHandled: 11217
StatOverallItemsHandled: 11135
StatOverallLinesHandled: 11135
StatOverallOrdersHandled: 11131
StatOverallCollisions: 0
StatOverallDistanceTraveled: 259140.23301214987
StatOverallDistanceEstimated: 238944
StatOverallAssignedTasks: 15655
StatMaxMemoryUsed: 200.90234375
StatRealTimeUsed: 245.5758214
StatAverageTurnoverTime: 367.76691676907467
StatMedianTurnoverTime: 218.357518747438
StatLowerQuartileTurnoverTime: 122.55315294343018
StatUpperQuartileTurnoverTime: 493.1979733569792
StatAverageThroughputTime: 114.44724835007526
StatMedianThroughputTime: 121.1235353019656
StatLowerQuartileThroughputTime: 80.79147988728437
StatUpperQuartileThroughputTime: 142.30611191456228
>>> Energy (Rizqi model)
StatEnergyTotalKJ: 19865.250944311494
StatEnergyE1AccelKJ: 5416.965951749978
StatEnergyE2DecelKJ: 0
StatEnergyE3CruiseKJ: 9770.914874000006
StatEnergyE4RotationKJ: 3849.8818518948005
StatEnergyE5LiftLowerKJ: 827.4882666666672
StatEnergyPerOrderKJ: 1.784678011347722
StatEnergyPerMeterJoule: 76.61550396016544
StatDistanceTraveledRizqiM: 259285
>>> Motion Behavior
StatTurningCount: 32509
StatStopAndGoCount: 44151
StatLoadedDistanceM: 174776
StatLoadedTurningCount: 23943
StatWaitTimeSec: 605156.1762022694
StatMoveEnergyEmptyKJ: 4343.126624999997
StatMoveTimeEmptySec: 83608.87533185637
StatTurnEnergyEmptyKJ: 880.6426336433352
StatTurnTimeEmptySec: 5790.457934680028
StatMoveEnergyLoadedKJ: 10844.75420074998
StatMoveTimeLoadedSec: 204192.7293305521
StatTurnEnergyLoadedKJ: 2969.239218251489
StatTurnTimeLoadedSec: 15179.756143019658
StatPrefEmptyW: 58.43185925189302
StatPrefLoadedW: 62.970492353133636

Marked tag finished after 1 tries!
.Fin. - SUCCESS
