<<< Welcome to the RAWSimO CLI >>>
The time is: 04/14/2026 01:05:21
Starting RAWSimO wrapper with the following arguments:
Instance: Material/Instances/PP/1-4-4-32-550.xinst
Setting: Material/Instances/PP/PPMinimal.xsett
ControlConfig: Material/Instances/PP/aesop-ecbs.xconf
StatisticsDir: C:\Users\Aesop\Desktop\rawsim-o-rmfs-world-models\output_exp\ecbs\seed_28
Seed: 28
Adding handler for unhandled exceptions ...
Initializing ... 
Instance recognized!
Parsing setting config ...
Parsing control config ...
Parsing instance ...
StatisticsFolder: 1-4-4-32-550-PPMinimal-aesop-ecbs-28
Done!
Executing ... 
 01:05:23 | >>> Warming up ...
 00:00:00 | >>> Warmup finished - starting simulation ...
 Realtime |   ETA    |  Sim.Time  | Progress | #Orders | #Bundles | Inv. | Distance | #Coll. |   Memory    
 00:00:00 |   n/a    | 0.00:00:00 |  0.00%   |    0    |    0     | 60%  |    0     |   0    | 125.12MB  
 00:00:05 | 03:59:48 | 0.00:00:10 |  0.03%   |    0    |    0     | 60%  |   207    |   0    | 167.23MB  
 00:00:07 | WARNING! Aborting ECBS - could not obtain an initial solution for the following agents: Agent2(19->18)
 00:00:07 | WARNING! Aborting ECBS - could not obtain an initial solution for the following agents: Agent2(19->18)
 00:00:10 | 02:17:53 | 0.00:00:34 |  0.12%   |    0    |    0     | 60%  |   802    |   0    | 176.28MB  
 00:00:15 | 03:00:20 | 0.00:00:39 |  0.14%   |    0    |    0     | 60%  |   917    |   0    | 181.17MB  
 00:00:20 | 03:21:55 | 0.00:00:47 |  0.16%   |    2    |    0     | 60%  |   1066   |   0    | 185.08MB  
 00:00:24 | WARNING! Aborting ECBS - could not obtain an initial solution for the following agents: Agent8(41->40)
 00:00:24 | WARNING! Aborting ECBS - could not obtain an initial solution for the following agents: Agent8(41->40)
 00:00:25 | 02:49:38 | 0.00:01:10 |  0.25%   |    8    |    2     | 60%  |   1544   |   0    | 185.46MB  
 00:00:25 | WARNING! Aborting ECBS - could not obtain an initial solution for the following agents: Agent0(17->16)
 00:00:25 | WARNING! Aborting ECBS - could not obtain an initial solution for the following agents: Agent0(17->16)
 00:00:25 | WARNING! Aborting ECBS - could not obtain an initial solution for the following agents: Agent4(9->8)
 00:00:26 | WARNING! Aborting ECBS - could not obtain an initial solution for the following agents: Agent21(40->34)
 00:00:27 | WARNING! Aborting ECBS - could not obtain an initial solution for the following agents: Agent16(51->49)
 00:00:30 | 00:31:08 | 0.00:07:35 |  1.58%   |   159   |   149    | 60%  |   4051   |   0    | 184.32MB  
 00:00:30 | WARNING! Aborting ECBS - could not obtain an initial solution for the following agents: Agent9(51->50)
 00:00:32 | WARNING! Aborting ECBS - could not obtain an initial solution for the following agents: Agent25(9->8)
 00:00:32 | WARNING! Aborting ECBS - could not obtain an initial solution for the following agents: Agent25(9->8)
 00:00:33 | WARNING! Aborting ECBS - could not obtain an initial solution for the following agents: Agent9(57->56)
 00:00:34 | WARNING! Aborting ECBS - could not obtain an initial solution for the following agents: Agent7(57->56)
 00:00:35 | 00:18:35 | 0.00:14:36 |  3.04%   |   323   |   314    | 60%  |   7373   |   0    | 188.24MB  
 00:00:38 | WARNING! Aborting ECBS - could not obtain an initial solution for the following agents: Agent14(3->1)
 00:00:38 | WARNING! Aborting ECBS - could not obtain an initial solution for the following agents: Agent14(3->1)
 00:00:38 | WARNING! Aborting ECBS - could not obtain an initial solution for the following agents: Agent5(57->56)
 00:00:40 | 00:14:35 | 0.00:20:57 |  4.37%   |   473   |   464    | 60%  |  10401   |   0    | 184.59MB  
 00:00:40 | WARNING! Aborting ECBS - could not obtain an initial solution for the following agents: Agent4(9->8)
 00:00:40 | WARNING! Aborting ECBS - could not obtain an initial solution for the following agents: Agent4(9->8)
 00:00:43 | WARNING! Aborting ECBS - could not obtain an initial solution for the following agents: Agent21(41->40)
 00:00:45 | 00:11:49 | 0.00:28:38 |  5.97%   |   652   |   642    | 60%  |  14262   |   0    | 185.52MB  
 00:00:45 | WARNING! Aborting ECBS - could not obtain an initial solution for the following agents: Agent11(25->24)
 00:00:45 | WARNING! Aborting ECBS - could not obtain an initial solution for the following agents: Agent11(25->24)
 00:00:45 | WARNING! Aborting ECBS - could not obtain an initial solution for the following agents: Agent11(25->17)
 00:00:45 | WARNING! Aborting ECBS - could not obtain an initial solution for the following agents: Agent11(25->18)
 00:00:45 | WARNING! Aborting ECBS - could not obtain an initial solution for the following agents: Agent11(25->18)
 00:00:45 | WARNING! Aborting ECBS - could not obtain an initial solution for the following agents: Agent21(40->39)
 00:00:48 | WARNING! Aborting ECBS - could not obtain an initial solution for the following agents: Agent14(9->8)
 00:00:50 | 00:09:34 | 0.00:38:24 |  8.00%   |   882   |   872    | 60%  |  19257   |   0    | 185.27MB  
 00:00:51 | WARNING! Aborting ECBS - could not obtain an initial solution for the following agents: Agent11(25->24)
 00:00:51 | WARNING! Aborting ECBS - could not obtain an initial solution for the following agents: Agent11(25->24)
 00:00:51 | WARNING! Aborting ECBS - could not obtain an initial solution for the following agents: Agent11(25->24)
 00:00:52 | WARNING! Aborting ECBS - could not obtain an initial solution for the following agents: Agent16(56->55)
 00:00:54 | WARNING! Aborting ECBS - could not obtain an initial solution for the following agents: Agent11(24->23)
 00:00:54 | WARNING! Aborting ECBS - could not obtain an initial solution for the following agents: Agent11(24->23)
 00:00:55 | 00:08:28 | 0.00:46:48 |  9.75%   |  1079   |   1069   | 60%  |  23633   |   0    | 185.75MB  
 00:00:56 | WARNING! Aborting ECBS - could not obtain an initial solution for the following agents: Agent30(41->40)
 00:00:57 | WARNING! Aborting ECBS - could not obtain an initial solution for the following agents: Agent24(25->24)
 00:01:00 | 00:08:04 | 0.00:52:54 |  11.02%  |  1221   |   1210   | 60%  |  27002   |   0    | 185.59MB  
 00:01:02 | WARNING! Aborting ECBS - could not obtain an initial solution for the following agents: Agent19(9->8)
 00:01:04 | WARNING! Aborting ECBS - could not obtain an initial solution for the following agents: Agent30(42->41)
 00:01:04 | WARNING! Aborting ECBS - could not obtain an initial solution for the following agents: Agent30(42->41)
 00:01:05 | 00:07:22 | 0.01:01:25 |  12.80%  |  1421   |   1411   | 60%  |  31226   |   0    | 188.38MB  
 00:01:06 | WARNING! Aborting ECBS - could not obtain an initial solution for the following agents: Agent2(25->24)
 00:01:06 | WARNING! Aborting ECBS - could not obtain an initial solution for the following agents: Agent2(25->24)
 00:01:07 | WARNING! Aborting ECBS - could not obtain an initial solution for the following agents: Agent28(41->40)
 00:01:07 | WARNING! Aborting ECBS - could not obtain an initial solution for the following agents: Agent1(3->2)
 00:01:07 | WARNING! Aborting ECBS - could not obtain an initial solution for the following agents: Agent1(3->2)
 00:01:07 | WARNING! Aborting ECBS - could not obtain an initial solution for the following agents: Agent1(3->2)
 00:01:10 | 00:07:05 | 0.01:07:51 |  14.14%  |  1571   |   1561   | 60%  |  34790   |   0    | 188.69MB  
 00:01:13 | WARNING! Aborting ECBS - could not obtain an initial solution for the following agents: Agent10(41->40)
 00:01:13 | WARNING! Aborting ECBS - could not obtain an initial solution for the following agents: Agent10(41->40)
 00:01:13 | WARNING! Aborting ECBS - could not obtain an initial solution for the following agents: Agent14(9->8)
 00:01:15 | 00:06:43 | 0.01:15:12 |  15.67%  |  1743   |   1733   | 60%  |  38675   |   0    | 190.35MB  
 00:01:17 | WARNING! Aborting ECBS - could not obtain an initial solution for the following agents: Agent5(57->56)
 00:01:18 | WARNING! Aborting ECBS - could not obtain an initial solution for the following agents: Agent30(41->40)
 00:01:19 | WARNING! Aborting ECBS - could not obtain an initial solution for the following agents: Agent26(25->24)
 00:01:20 | 00:06:32 | 0.01:21:15 |  16.93%  |  1885   |   1875   | 60%  |  41935   |   0    | 189.70MB  
 00:01:20 | WARNING! Aborting ECBS - could not obtain an initial solution for the following agents: Agent27(3->1)
 00:01:20 | WARNING! Aborting ECBS - could not obtain an initial solution for the following agents: Agent27(3->2)
 00:01:20 | WARNING! Aborting ECBS - could not obtain an initial solution for the following agents: Agent27(3->2)
 00:01:20 | WARNING! Aborting ECBS - could not obtain an initial solution for the following agents: Agent27(3->2)
 00:01:21 | WARNING! Aborting ECBS - could not obtain an initial solution for the following agents: Agent0(25->24)
 00:01:21 | WARNING! Aborting ECBS - could not obtain an initial solution for the following agents: Agent0(25->24)
 00:01:22 | WARNING! Aborting ECBS - could not obtain an initial solution for the following agents: Agent11(25->24)
 00:01:23 | WARNING! Aborting ECBS - could not obtain an initial solution for the following agents: Agent0(25->24)
 00:01:23 | WARNING! Aborting ECBS - could not obtain an initial solution for the following agents: Agent0(25->24)
 00:01:24 | WARNING! Aborting ECBS - could not obtain an initial solution for the following agents: Agent9(59->58)
 00:01:24 | WARNING! Aborting ECBS - could not obtain an initial solution for the following agents: Agent9(59->58)
 00:01:24 | WARNING! Aborting ECBS - could not obtain an initial solution for the following agents: Agent9(59->58)
 00:01:24 | WARNING! Aborting ECBS - could not obtain an initial solution for the following agents: Agent9(59->58)
 00:01:24 | WARNING! Aborting ECBS - could not obtain an initial solution for the following agents: Agent9(59->58)
 00:01:24 | WARNING! Aborting ECBS - could not obtain an initial solution for the following agents: Agent7(56->55)
 00:01:24 | WARNING! Aborting ECBS - could not obtain an initial solution for the following agents: Agent7(56->55)
 00:01:25 | 00:06:08 | 0.01:29:55 |  18.73%  |  2086   |   2077   | 60%  |  46899   |   0    | 188.75MB  
 00:01:30 | 00:05:50 | 0.01:38:04 |  20.43%  |  2275   |   2269   | 60%  |  51602   |   0    | 190.35MB  
 00:01:31 | WARNING! Aborting ECBS - could not obtain an initial solution for the following agents: Agent27(9->8)
 00:01:31 | WARNING! Aborting ECBS - could not obtain an initial solution for the following agents: Agent25(9->8)
 00:01:32 | WARNING! Aborting ECBS - could not obtain an initial solution for the following agents: Agent25(2->1)
 00:01:34 | WARNING! Aborting ECBS - could not obtain an initial solution for the following agents: Agent10(41->40)
 00:01:35 | 00:05:35 | 0.01:45:53 |  22.06%  |  2454   |   2452   | 60%  |  56066   |   0    | 189.80MB  
 00:01:40 | 00:05:21 | 0.01:53:48 |  23.71%  |  2638   |   2637   | 60%  |  60384   |   0    | 190.61MB  
 00:01:42 | WARNING! Aborting ECBS - could not obtain an initial solution for the following agents: Agent30(40->39)
 00:01:42 | WARNING! Aborting ECBS - could not obtain an initial solution for the following agents: Agent30(40->39)
 00:01:45 | 00:05:11 | 0.02:00:52 |  25.18%  |  2804   |   2803   | 60%  |  64114   |   0    | 191.65MB  
 00:01:45 | WARNING! Aborting ECBS - could not obtain an initial solution for the following agents: Agent16(57->56)
 00:01:45 | WARNING! Aborting ECBS - could not obtain an initial solution for the following agents: Agent16(57->56)
 00:01:50 | 00:05:00 | 0.02:08:40 |  26.81%  |  2981   |   2985   | 60%  |  68409   |   0    | 201.31MB  
 00:01:50 | WARNING! Aborting ECBS - could not obtain an initial solution for the following agents: Agent25(8->1)
 00:01:50 | WARNING! Aborting ECBS - could not obtain an initial solution for the following agents: Agent25(8->2)
 00:01:53 | WARNING! Aborting ECBS - could not obtain an initial solution for the following agents: Agent0(25->24)
 00:01:55 | 00:04:45 | 0.02:17:46 |  28.70%  |  3194   |   3198   | 60%  |  73357   |   0    | 205.00MB  
 00:01:58 | WARNING! Aborting ECBS - could not obtain an initial solution for the following agents: Agent11(25->24)
 00:01:58 | WARNING! Aborting ECBS - could not obtain an initial solution for the following agents: Agent11(25->24)
 00:02:00 | 00:04:39 | 0.02:24:18 |  30.06%  |  3347   |   3349   | 60%  |  76993   |   0    | 211.37MB  
 00:02:04 | WARNING! Aborting ECBS - could not obtain an initial solution for the following agents: Agent5(57->56)
 00:02:05 | 00:04:18 | 0.02:36:16 |  32.56%  |  3628   |   3633   | 60%  |  83447   |   0    | 211.86MB  
 00:02:05 | WARNING! Aborting ECBS - could not obtain an initial solution for the following agents: Agent11(24->23)
 00:02:06 | WARNING! Aborting ECBS - could not obtain an initial solution for the following agents: Agent21(41->40)
 00:02:08 | WARNING! Aborting ECBS - could not obtain an initial solution for the following agents: Agent1(8->2)
 00:02:10 | 00:04:08 | 0.02:45:03 |  34.39%  |  3835   |   3837   | 60%  |  88259   |   0    | 212.44MB  
 00:02:12 | WARNING! Aborting ECBS - could not obtain an initial solution for the following agents: Agent7(57->56)
 00:02:12 | WARNING! Aborting ECBS - could not obtain an initial solution for the following agents: Agent7(57->56)
 00:02:15 | 00:03:54 | 0.02:55:15 |  36.51%  |  4074   |   4077   | 60%  |  93843   |   0    | 211.09MB  
 00:02:15 | WARNING! Aborting ECBS - could not obtain an initial solution for the following agents: Agent0(25->23)
 00:02:15 | WARNING! Aborting ECBS - could not obtain an initial solution for the following agents: Agent0(25->23)
 00:02:15 | WARNING! Aborting ECBS - could not obtain an initial solution for the following agents: Agent0(25->18)
 00:02:15 | WARNING! Aborting ECBS - could not obtain an initial solution for the following agents: Agent30(40->39)
 00:02:15 | WARNING! Aborting ECBS - could not obtain an initial solution for the following agents: Agent30(40->39)
 00:02:15 | WARNING! Aborting ECBS - could not obtain an initial solution for the following agents: Agent30(40->39)
 00:02:16 | WARNING! Aborting ECBS - could not obtain an initial solution for the following agents: Agent7(57->56)
 00:02:16 | WARNING! Aborting ECBS - could not obtain an initial solution for the following agents: Agent19(3->2)
 00:02:16 | WARNING! Aborting ECBS - could not obtain an initial solution for the following agents: Agent19(3->2)
 00:02:16 | WARNING! Aborting ECBS - could not obtain an initial solution for the following agents: Agent8(41->40)
 00:02:16 | WARNING! Aborting ECBS - could not obtain an initial solution for the following agents: Agent8(41->40)
 00:02:16 | WARNING! Aborting ECBS - could not obtain an initial solution for the following agents: Agent8(41->40)
 00:02:19 | WARNING! Aborting ECBS - could not obtain an initial solution for the following agents: Agent14(9->8)
 00:02:19 | WARNING! Aborting ECBS - could not obtain an initial solution for the following agents: Agent14(9->8)
 00:02:20 | 00:03:44 | 0.03:04:32 |  38.45%  |  4291   |   4295   | 60%  |  99158   |   0    | 209.82MB  
 00:02:21 | WARNING! Aborting ECBS - could not obtain an initial solution for the following agents: Agent0(25->24)
 00:02:21 | WARNING! Aborting ECBS - could not obtain an initial solution for the following agents: Agent0(25->24)
 00:02:24 | WARNING! Aborting ECBS - could not obtain an initial solution for the following agents: Agent29(58->50)
 00:02:24 | WARNING! Aborting ECBS - could not obtain an initial solution for the following agents: Agent29(58->50)
 00:02:25 | 00:03:37 | 0.03:11:56 |  39.99%  |  4459   |   4468   | 60%  |  103462  |   0    | 202.31MB  
 00:02:25 | WARNING! Aborting ECBS - could not obtain an initial solution for the following agents: Agent5(56->50)
 00:02:25 | WARNING! Aborting ECBS - could not obtain an initial solution for the following agents: Agent5(56->50)
 00:02:27 | WARNING! Aborting ECBS - could not obtain an initial solution for the following agents: Agent4(9->8)
 00:02:28 | WARNING! Aborting ECBS - could not obtain an initial solution for the following agents: Agent24(24->17)
 00:02:28 | WARNING! Aborting ECBS - could not obtain an initial solution for the following agents: Agent24(24->18)
 00:02:30 | 00:03:29 | 0.03:20:20 |  41.74%  |  4653   |   4665   | 60%  |  108094  |   0    | 204.18MB  
 00:02:30 | WARNING! Aborting ECBS - could not obtain an initial solution for the following agents: Agent24(24->23)
 00:02:31 | WARNING! Aborting ECBS - could not obtain an initial solution for the following agents: Agent10(41->40)
 00:02:31 | WARNING! Aborting ECBS - could not obtain an initial solution for the following agents: Agent10(41->40)
 00:02:33 | WARNING! Aborting ECBS - could not obtain an initial solution for the following agents: Agent5(56->55)
 00:02:34 | WARNING! Aborting ECBS - could not obtain an initial solution for the following agents: Agent9(56->54)
 00:02:34 | WARNING! Aborting ECBS - could not obtain an initial solution for the following agents: Agent9(56->55)
 00:02:34 | WARNING! Aborting ECBS - could not obtain an initial solution for the following agents: Agent9(56->55)
 00:02:35 | 00:03:21 | 0.03:28:38 |  43.47%  |  4845   |   4859   | 60%  |  112576  |   0    | 205.92MB  
 00:02:35 | WARNING! Aborting ECBS - could not obtain an initial solution for the following agents: Agent1(9->8)
 00:02:40 | 00:03:16 | 0.03:35:27 |  44.89%  |  5006   |   5019   | 60%  |  116266  |   0    | 201.66MB  
 00:02:43 | WARNING! Aborting ECBS - could not obtain an initial solution for the following agents: Agent5(57->56)
 00:02:43 | WARNING! Aborting ECBS - could not obtain an initial solution for the following agents: Agent21(41->40)
 00:02:45 | 00:03:05 | 0.03:46:06 |  47.11%  |  5252   |   5269   | 60%  |  122028  |   0    | 201.67MB  
 00:02:46 | WARNING! Aborting ECBS - could not obtain an initial solution for the following agents: Agent5(57->56)
 00:02:46 | WARNING! Aborting ECBS - could not obtain an initial solution for the following agents: Agent2(25->24)
 00:02:46 | WARNING! Aborting ECBS - could not obtain an initial solution for the following agents: Agent2(25->24)
 00:02:46 | WARNING! Aborting ECBS - could not obtain an initial solution for the following agents: Agent21(42->41)
 00:02:46 | WARNING! Aborting ECBS - could not obtain an initial solution for the following agents: Agent21(42->41)
 00:02:46 | WARNING! Aborting ECBS - could not obtain an initial solution for the following agents: Agent14(3->1)
 00:02:46 | WARNING! Aborting ECBS - could not obtain an initial solution for the following agents: Agent14(3->1)
 00:02:46 | WARNING! Aborting ECBS - could not obtain an initial solution for the following agents: Agent14(3->2)
 00:02:46 | WARNING! Aborting ECBS - could not obtain an initial solution for the following agents: Agent14(3->2)
 00:02:46 | WARNING! Aborting ECBS - could not obtain an initial solution for the following agents: Agent14(3->2)
 00:02:50 | 00:02:58 | 0.03:53:55 |  48.73%  |  5432   |   5453   | 60%  |  126852  |   0    | 202.09MB  
 00:02:51 | WARNING! Aborting ECBS - could not obtain an initial solution for the following agents: Agent9(57->56)
 00:02:55 | 00:02:51 | 0.04:02:30 |  50.52%  |  5633   |   5652   | 60%  |  131438  |   0    | 201.55MB  
 00:02:55 | WARNING! Aborting ECBS - could not obtain an initial solution for the following agents: Agent5(58->57)
 00:02:55 | WARNING! Aborting ECBS - could not obtain an initial solution for the following agents: Agent5(58->57)
 00:03:00 | 00:02:46 | 0.04:09:27 |  51.97%  |  5792   |   5816   | 60%  |  135611  |   0    | 201.78MB  
 00:03:00 | WARNING! Aborting ECBS - could not obtain an initial solution for the following agents: Agent11(25->24)
 00:03:01 | WARNING! Aborting ECBS - could not obtain an initial solution for the following agents: Agent7(57->56)
 00:03:04 | WARNING! Aborting ECBS - could not obtain an initial solution for the following agents: Agent24(25->24)
 00:03:04 | WARNING! Aborting ECBS - could not obtain an initial solution for the following agents: Agent24(25->24)
 00:03:04 | WARNING! Aborting ECBS - could not obtain an initial solution for the following agents: Agent24(25->24)
 00:03:04 | WARNING! Aborting ECBS - could not obtain an initial solution for the following agents: Agent27(9->8)
 00:03:05 | 00:02:32 | 0.04:23:17 |  54.85%  |  6117   |   6140   | 60%  |  142522  |   0    | 202.18MB  
 00:03:10 | 00:02:29 | 0.04:28:35 |  55.96%  |  6240   |   6264   | 60%  |  145497  |   0    | 202.45MB  
 00:03:12 | WARNING! Aborting ECBS - could not obtain an initial solution for the following agents: Agent9(57->56)
 00:03:12 | WARNING! Aborting ECBS - could not obtain an initial solution for the following agents: Agent9(57->56)
 00:03:12 | WARNING! Aborting ECBS - could not obtain an initial solution for the following agents: Agent9(57->56)
 00:03:15 | 00:02:20 | 0.04:39:06 |  58.15%  |  6486   |   6510   | 60%  |  151029  |   0    | 203.07MB  
 00:03:15 | WARNING! Aborting ECBS - could not obtain an initial solution for the following agents: Agent8(41->40)
 00:03:18 | WARNING! Aborting ECBS - could not obtain an initial solution for the following agents: Agent16(56->55)
 00:03:18 | WARNING! Aborting ECBS - could not obtain an initial solution for the following agents: Agent16(56->55)
 00:03:18 | WARNING! Aborting ECBS - could not obtain an initial solution for the following agents: Agent16(56->55)
 00:03:19 | WARNING! Aborting ECBS - could not obtain an initial solution for the following agents: Agent24(25->24)
 00:03:19 | WARNING! Aborting ECBS - could not obtain an initial solution for the following agents: Agent24(25->24)
 00:03:20 | 00:02:15 | 0.04:46:09 |  59.62%  |  6649   |   6677   | 60%  |  155059  |   0    | 205.21MB  
 00:03:23 | WARNING! Aborting ECBS - could not obtain an initial solution for the following agents: Agent29(56->55)
 00:03:23 | WARNING! Aborting ECBS - could not obtain an initial solution for the following agents: Agent29(56->55)
 00:03:23 | WARNING! Aborting ECBS - could not obtain an initial solution for the following agents: Agent29(56->55)
 00:03:25 | 00:02:08 | 0.04:55:15 |  61.51%  |  6862   |   6890   | 60%  |  159812  |   0    | 202.91MB  
 00:03:30 | 00:02:08 | 0.04:57:30 |  61.98%  |  6915   |   6942   | 60%  |  161222  |   0    | 205.25MB  
 00:03:31 | WARNING! Aborting ECBS - could not obtain an initial solution for the following agents: Agent5(57->56)
 00:03:31 | WARNING! Aborting ECBS - could not obtain an initial solution for the following agents: Agent5(57->56)
 00:03:31 | WARNING! Aborting ECBS - could not obtain an initial solution for the following agents: Agent26(25->24)
 00:03:33 | WARNING! Aborting ECBS - could not obtain an initial solution for the following agents: Agent30(41->40)
 00:03:35 | 00:02:05 | 0.05:03:23 |  63.21%  |  7051   |   7081   | 60%  |  164426  |   0    | 203.58MB  
 00:03:35 | WARNING! Aborting ECBS - could not obtain an initial solution for the following agents: Agent24(25->24)
 00:03:35 | WARNING! Aborting ECBS - could not obtain an initial solution for the following agents: Agent24(25->24)
 00:03:40 | 00:01:57 | 0.05:12:47 |  65.16%  |  7270   |   7301   | 60%  |  169689  |   0    | 207.66MB  
 00:03:41 | WARNING! Aborting ECBS - could not obtain an initial solution for the following agents: Agent25(3->1)
 00:03:41 | WARNING! Aborting ECBS - could not obtain an initial solution for the following agents: Agent25(3->1)
 00:03:41 | WARNING! Aborting ECBS - could not obtain an initial solution for the following agents: Agent25(3->1)
 00:03:41 | WARNING! Aborting ECBS - could not obtain an initial solution for the following agents: Agent25(3->2)
 00:03:41 | WARNING! Aborting ECBS - could not obtain an initial solution for the following agents: Agent25(3->2)
 00:03:44 | WARNING! Aborting ECBS - could not obtain an initial solution for the following agents: Agent11(25->24)
 00:03:45 | 00:01:54 | 0.05:18:13 |  66.30%  |  7392   |   7428   | 60%  |  172757  |   0    | 211.04MB  
 00:03:45 | WARNING! Aborting ECBS - could not obtain an initial solution for the following agents: Agent1(3->1)
 00:03:45 | WARNING! Aborting ECBS - could not obtain an initial solution for the following agents: Agent1(3->1)
 00:03:45 | WARNING! Aborting ECBS - could not obtain an initial solution for the following agents: Agent1(3->2)
 00:03:50 | 00:01:47 | 0.05:27:00 |  68.13%  |  7597   |   7634   | 60%  |  177693  |   0    | 215.77MB  
 00:03:51 | WARNING! Aborting ECBS - could not obtain an initial solution for the following agents: Agent10(41->40)
 00:03:51 | WARNING! Aborting ECBS - could not obtain an initial solution for the following agents: Agent10(41->40)
 00:03:53 | WARNING! Aborting ECBS - could not obtain an initial solution for the following agents: Agent8(40->38)
 00:03:53 | WARNING! Aborting ECBS - could not obtain an initial solution for the following agents: Agent8(40->38)
 00:03:53 | WARNING! Aborting ECBS - could not obtain an initial solution for the following agents: Agent8(40->39)
 00:03:55 | 00:01:43 | 0.05:33:35 |  69.50%  |  7749   |   7787   | 60%  |  181447  |   0    | 215.92MB  
 00:04:00 | 00:01:39 | 0.05:39:48 |  70.79%  |  7892   |   7933   | 60%  |  184980  |   0    | 219.08MB  
 00:04:01 | WARNING! Aborting ECBS - could not obtain an initial solution for the following agents: Agent19(3->1)
 00:04:01 | WARNING! Aborting ECBS - could not obtain an initial solution for the following agents: Agent19(3->1)
 00:04:01 | WARNING! Aborting ECBS - could not obtain an initial solution for the following agents: Agent19(3->2)
 00:04:05 | 00:01:32 | 0.05:48:14 |  72.55%  |  8087   |   8131   | 60%  |  189428  |   0    | 217.37MB  
 00:04:06 | WARNING! Aborting ECBS - could not obtain an initial solution for the following agents: Agent5(56->55)
 00:04:07 | WARNING! Aborting ECBS - could not obtain an initial solution for the following agents: Agent1(8->1)
 00:04:07 | WARNING! Aborting ECBS - could not obtain an initial solution for the following agents: Agent1(8->1)
 00:04:07 | WARNING! Aborting ECBS - could not obtain an initial solution for the following agents: Agent1(8->1)
 00:04:07 | WARNING! Aborting ECBS - could not obtain an initial solution for the following agents: Agent1(8->2)
 00:04:10 | 00:01:29 | 0.05:53:15 |  73.59%  |  8204   |   8249   | 60%  |  192214  |   0    | 216.09MB  
 00:04:10 | WARNING! Aborting ECBS - could not obtain an initial solution for the following agents: Agent28(42->41)
 00:04:10 | WARNING! Aborting ECBS - could not obtain an initial solution for the following agents: Agent28(42->41)
 00:04:12 | WARNING! Aborting ECBS - could not obtain an initial solution for the following agents: Agent9(57->56)
 00:04:12 | WARNING! Aborting ECBS - could not obtain an initial solution for the following agents: Agent9(57->56)
 00:04:13 | WARNING! Aborting ECBS - could not obtain an initial solution for the following agents: Agent4(8->7)
 00:04:13 | WARNING! Aborting ECBS - could not obtain an initial solution for the following agents: Agent29(58->57)
 00:04:14 | WARNING! Aborting ECBS - could not obtain an initial solution for the following agents: Agent11(25->24)
 00:04:15 | 00:01:24 | 0.06:00:09 |  75.03%  |  8362   |   8411   | 60%  |  196316  |   0    | 215.84MB  
 00:04:18 | WARNING! Aborting ECBS - could not obtain an initial solution for the following agents: Agent21(41->40)
 00:04:18 | WARNING! Aborting ECBS - could not obtain an initial solution for the following agents: Agent21(41->40)
 00:04:20 | 00:01:20 | 0.06:06:40 |  76.39%  |  8512   |   8563   | 60%  |  200329  |   0    | 215.99MB  
 00:04:20 | WARNING! Aborting ECBS - could not obtain an initial solution for the following agents: Agent27(9->8)
 00:04:20 | WARNING! Aborting ECBS - could not obtain an initial solution for the following agents: Agent27(9->8)
 00:04:20 | WARNING! Aborting ECBS - could not obtain an initial solution for the following agents: Agent27(9->8)
 00:04:20 | WARNING! Aborting ECBS - could not obtain an initial solution for the following agents: Agent27(9->8)
 00:04:24 | WARNING! Aborting ECBS - could not obtain an initial solution for the following agents: Agent1(8->6)
 00:04:25 | 00:01:14 | 0.06:14:48 |  78.08%  |  8697   |   8754   | 60%  |  204932  |   0    | 215.96MB  
 00:04:26 | WARNING! Aborting ECBS - could not obtain an initial solution for the following agents: Agent0(25->24)
 00:04:26 | WARNING! Aborting ECBS - could not obtain an initial solution for the following agents: Agent0(25->24)
 00:04:30 | 00:01:07 | 0.06:23:27 |  79.89%  |  8901   |   8956   | 60%  |  209504  |   0    | 215.90MB  
 00:04:31 | WARNING! Aborting ECBS - could not obtain an initial solution for the following agents: Agent19(3->1)
 00:04:31 | WARNING! Aborting ECBS - could not obtain an initial solution for the following agents: Agent19(3->1)
 00:04:31 | WARNING! Aborting ECBS - could not obtain an initial solution for the following agents: Agent19(3->1)
 00:04:31 | WARNING! Aborting ECBS - could not obtain an initial solution for the following agents: Agent19(3->2)
 00:04:31 | WARNING! Aborting ECBS - could not obtain an initial solution for the following agents: Agent19(3->2)
 00:04:32 | WARNING! Aborting ECBS - could not obtain an initial solution for the following agents: Agent26(25->24)
 00:04:35 | 00:01:05 | 0.06:28:11 |  80.87%  |  9013   |   9066   | 60%  |  212102  |   0    | 220.35MB  
 00:04:38 | WARNING! Aborting ECBS - could not obtain an initial solution for the following agents: Agent5(57->56)
 00:04:38 | WARNING! Aborting ECBS - could not obtain an initial solution for the following agents: Agent5(57->56)
 00:04:39 | WARNING! Aborting ECBS - could not obtain an initial solution for the following agents: Agent29(57->56)
 00:04:39 | WARNING! Aborting ECBS - could not obtain an initial solution for the following agents: Agent7(57->56)
 00:04:40 | 00:00:59 | 0.06:35:22 |  82.37%  |  9181   |   9235   | 60%  |  216434  |   0    | 215.94MB  
 00:04:42 | WARNING! Aborting ECBS - could not obtain an initial solution for the following agents: Agent1(8->7)
 00:04:43 | WARNING! Aborting ECBS - could not obtain an initial solution for the following agents: Agent0(25->24)
 00:04:44 | WARNING! Aborting ECBS - could not obtain an initial solution for the following agents: Agent21(41->40)
 00:04:45 | 00:00:53 | 0.06:44:42 |  84.31%  |  9397   |   9453   | 60%  |  221892  |   0    | 215.89MB  
 00:04:46 | WARNING! Aborting ECBS - could not obtain an initial solution for the following agents: Agent30(41->40)
 00:04:49 | WARNING! Aborting ECBS - could not obtain an initial solution for the following agents: Agent5(57->50)
 00:04:49 | WARNING! Aborting ECBS - could not obtain an initial solution for the following agents: Agent5(57->50)
 00:04:49 | WARNING! Aborting ECBS - could not obtain an initial solution for the following agents: Agent24(25->24)
 00:04:50 | 00:00:48 | 0.06:51:00 |  85.63%  |  9541   |   9600   | 60%  |  225436  |   0    | 216.02MB  
 00:04:50 | WARNING! Aborting ECBS - could not obtain an initial solution for the following agents: Agent0(25->24)
 00:04:50 | WARNING! Aborting ECBS - could not obtain an initial solution for the following agents: Agent0(25->24)
 00:04:50 | WARNING! Aborting ECBS - could not obtain an initial solution for the following agents: Agent25(8->6)
 00:04:50 | WARNING! Aborting ECBS - could not obtain an initial solution for the following agents: Agent25(8->6)
 00:04:50 | WARNING! Aborting ECBS - could not obtain an initial solution for the following agents: Agent25(8->7)
 00:04:50 | WARNING! Aborting ECBS - could not obtain an initial solution for the following agents: Agent25(8->7)
 00:04:51 | WARNING! Aborting ECBS - could not obtain an initial solution for the following agents: Agent5(57->55)
 00:04:51 | WARNING! Aborting ECBS - could not obtain an initial solution for the following agents: Agent5(57->55)
 00:04:51 | WARNING! Aborting ECBS - could not obtain an initial solution for the following agents: Agent5(57->55)
 00:04:51 | WARNING! Aborting ECBS - could not obtain an initial solution for the following agents: Agent5(57->56)
 00:04:52 | WARNING! Aborting ECBS - could not obtain an initial solution for the following agents: Agent28(40->39)
 00:04:52 | WARNING! Aborting ECBS - could not obtain an initial solution for the following agents: Agent28(40->39)
 00:04:55 | 00:00:41 | 0.07:00:34 |  87.62%  |  9762   |   9824   | 60%  |  230723  |   0    | 218.02MB  
 00:04:55 | WARNING! Aborting ECBS - could not obtain an initial solution for the following agents: Agent21(41->40)
 00:04:55 | WARNING! Aborting ECBS - could not obtain an initial solution for the following agents: Agent21(41->40)
 00:04:55 | WARNING! Aborting ECBS - could not obtain an initial solution for the following agents: Agent21(41->40)
 00:04:56 | WARNING! Aborting ECBS - could not obtain an initial solution for the following agents: Agent7(59->58)
 00:04:56 | WARNING! Aborting ECBS - could not obtain an initial solution for the following agents: Agent7(59->58)
 00:04:56 | WARNING! Aborting ECBS - could not obtain an initial solution for the following agents: Agent7(59->58)
 00:04:56 | WARNING! Aborting ECBS - could not obtain an initial solution for the following agents: Agent7(59->58)
 00:04:56 | WARNING! Aborting ECBS - could not obtain an initial solution for the following agents: Agent7(59->58)
 00:04:56 | WARNING! Aborting ECBS - could not obtain an initial solution for the following agents: Agent7(59->58)
 00:05:00 | 00:00:35 | 0.07:08:58 |  89.37%  |  9956   |  10021   | 60%  |  235519  |   0    | 216.30MB  
 00:05:01 | WARNING! Aborting ECBS - could not obtain an initial solution for the following agents: Agent10(41->34)
 00:05:01 | WARNING! Aborting ECBS - could not obtain an initial solution for the following agents: Agent1(9->8)
 00:05:01 | WARNING! Aborting ECBS - could not obtain an initial solution for the following agents: Agent1(9->8)
 00:05:02 | WARNING! Aborting ECBS - could not obtain an initial solution for the following agents: Agent21(41->40)
 00:05:02 | WARNING! Aborting ECBS - could not obtain an initial solution for the following agents: Agent21(41->40)
 00:05:02 | WARNING! Aborting ECBS - could not obtain an initial solution for the following agents: Agent21(41->40)
 00:05:05 | 00:00:29 | 0.07:18:17 |  91.31%  |  10172  |  10240   | 60%  |  241017  |   0    | 216.35MB  
 00:05:06 | WARNING! Aborting ECBS - could not obtain an initial solution for the following agents: Agent16(57->56)
 00:05:08 | WARNING! Aborting ECBS - could not obtain an initial solution for the following agents: Agent7(57->56)
 00:05:08 | WARNING! Aborting ECBS - could not obtain an initial solution for the following agents: Agent7(57->56)
 00:05:08 | WARNING! Aborting ECBS - could not obtain an initial solution for the following agents: Agent7(57->56)
 00:05:10 | 00:00:24 | 0.07:24:15 |  92.55%  |  10312  |  10380   | 60%  |  244544  |   0    | 217.37MB  
 00:05:15 | 00:00:25 | 0.07:24:30 |  92.61%  |  10319  |  10384   | 60%  |  244692  |   0    | 220.82MB  
 00:05:17 | WARNING! Aborting ECBS - could not obtain an initial solution for the following agents: Agent7(57->56)
 00:05:17 | WARNING! Aborting ECBS - could not obtain an initial solution for the following agents: Agent7(57->56)
 00:05:18 | WARNING! Aborting ECBS - could not obtain an initial solution for the following agents: Agent11(25->24)
 00:05:18 | WARNING! Aborting ECBS - could not obtain an initial solution for the following agents: Agent11(25->24)
 00:05:18 | WARNING! Aborting ECBS - could not obtain an initial solution for the following agents: Agent11(25->24)
 00:05:20 | 00:00:20 | 0.07:30:37 |  93.88%  |  10459  |  10528   | 60%  |  248176  |   0    | 216.73MB  
 00:05:25 | 00:00:14 | 0.07:39:57 |  95.83%  |  10678  |  10748   | 60%  |  253131  |   0    | 215.98MB  
 00:05:25 | WARNING! Aborting ECBS - could not obtain an initial solution for the following agents: Agent25(9->8)
 00:05:25 | WARNING! Aborting ECBS - could not obtain an initial solution for the following agents: Agent25(9->8)
 00:05:25 | WARNING! Aborting ECBS - could not obtain an initial solution for the following agents: Agent25(9->8)
 00:05:25 | WARNING! Aborting ECBS - could not obtain an initial solution for the following agents: Agent25(9->8)
 00:05:27 | WARNING! Aborting ECBS - could not obtain an initial solution for the following agents: Agent7(58->57)
 00:05:28 | WARNING! Aborting ECBS - could not obtain an initial solution for the following agents: Agent9(58->57)
 00:05:30 | 00:00:07 | 0.07:49:50 |  97.88%  |  10906  |  10977   | 60%  |  259086  |   0    | 219.95MB  
 00:05:35 | 00:00:00 | 0.07:59:56 |  99.99%  |  11139  |  11215   | 60%  |  264504  |   0    | 217.66MB  
 00:05:35 | 00:00:00 | 0.08:00:00 | 100.00%  |  11140  |  11215   | 60%  |  264550  |   0    | 217.67MB  
 00:05:35 | >>> Simulation finished - writing results ...
 00:05:35 | >>> Results written
Simulation finished.
>>> Timings
StatTimingPathPlanningAverage: 0.017100585657993432
StatTimingPathPlanningOverall: 273.404163499999
StatTimingPathPlanningCount: 15988
StatTimingTaskAllocationAverage: 0.0015460861328516831
StatTimingTaskAllocationOverall: 23.112441599999812
StatTimingTaskAllocationCount: 14949
StatTimingItemStorageAverage: 3.5246068698938327E-06
StatTimingItemStorageOverall: 0.0401206000000015
StatTimingItemStorageCount: 11383
StatTimingPodStorageAverage: 0.0019699498722044796
StatTimingPodStorageOverall: 6.165943100000021
StatTimingPodStorageCount: 3130
StatTimingReplenishmentBatchingAverage: 7.840147971766296E-06
StatTimingReplenishmentBatchingOverall: 0.09219229999999987
StatTimingReplenishmentBatchingCount: 11759
StatTimingOrderBatchingAverage: 0.00010880240987207755
StatTimingOrderBatchingOverall: 3.3680874000000327
StatTimingOrderBatchingCount: 30956
>>> Overall
StatOverallBundlesPlaced: 15209
StatOverallItemsOrdered: 11184
StatOverallOrdersPlaced: 11184
StatOverallBundlesRejected: 0
StatOverallOrdersRejected: 0
StatOverallBundlesHandled: 11215
StatOverallItemsHandled: 11144
StatOverallLinesHandled: 11144
StatOverallOrdersHandled: 11140
StatOverallCollisions: 0
StatOverallDistanceTraveled: 264549.8440055387
StatOverallDistanceEstimated: 244700
StatOverallAssignedTasks: 14949
StatMaxMemoryUsed: 220.890625
StatRealTimeUsed: 335.0498163
StatAverageTurnoverTime: 367.6057791559784
StatMedianTurnoverTime: 213.6342752456477
StatLowerQuartileTurnoverTime: 121.56454143059287
StatUpperQuartileTurnoverTime: 504.87520357551693
StatAverageThroughputTime: 114.21646996505122
StatMedianThroughputTime: 120.76326192416036
StatLowerQuartileThroughputTime: 81.40827098830505
StatUpperQuartileThroughputTime: 141.7856509538717
>>> Energy (Rizqi model)
StatEnergyTotalKJ: 19644.394896233483
StatEnergyE1AccelKJ: 5668.233560999981
StatEnergyE2DecelKJ: 0
StatEnergyE3CruiseKJ: 9798.245016000004
StatEnergyE4RotationKJ: 3333.7153370112055
StatEnergyE5LiftLowerKJ: 844.2009822222224
StatEnergyPerOrderKJ: 1.7634106729114438
StatEnergyPerMeterJoule: 74.23007268775736
StatDistanceTraveledRizqiM: 264642
>>> Motion Behavior
StatTurningCount: 32945
StatStopAndGoCount: 45418
StatLoadedDistanceM: 180680
StatLoadedTurningCount: 24493
StatWaitTimeSec: 372319.8636802809

Marked tag finished after 1 tries!
.Fin. - SUCCESS
