<<< Welcome to the RAWSimO CLI >>>
The time is: 04/14/2026 00:03:14
Starting RAWSimO wrapper with the following arguments:
Instance: Material/Instances/PP/1-4-4-32-550.xinst
Setting: Material/Instances/PP/PPMinimal.xsett
ControlConfig: Material/Instances/PP/aesop-cbs.xconf
StatisticsDir: C:\Users\Aesop\Desktop\rawsim-o-rmfs-world-models\output_exp\cbs\seed_12
Seed: 12
Adding handler for unhandled exceptions ...
Initializing ... 
Instance recognized!
Parsing setting config ...
Parsing control config ...
Parsing instance ...
StatisticsFolder: 1-4-4-32-550-PPMinimal-aesop-cbs-12
Done!
Executing ... 
 00:03:16 | >>> Warming up ...
 00:00:00 | >>> Warmup finished - starting simulation ...
 Realtime |   ETA    |  Sim.Time  | Progress | #Orders | #Bundles | Inv. | Distance | #Coll. |   Memory    
 00:00:00 |   n/a    | 0.00:00:00 |  0.00%   |    0    |    0     | 60%  |    0     |   0    | 123.21MB  
 00:00:05 | 05:42:08 | 0.00:00:07 |  0.02%   |    0    |    0     | 60%  |   129    |   0    | 129.84MB  
 00:00:10 | 02:15:23 | 0.00:00:35 |  0.12%   |    0    |    0     | 60%  |   821    |   0    | 142.18MB  
 00:00:15 | 02:56:42 | 0.00:00:40 |  0.14%   |    0    |    0     | 60%  |   924    |   0    | 148.31MB  
 00:00:20 | 03:13:04 | 0.00:00:49 |  0.17%   |    2    |    0     | 60%  |   1123   |   0    | 152.41MB  
 00:00:25 | 03:38:28 | 0.00:00:54 |  0.19%   |    2    |    0     | 60%  |   1223   |   0    | 156.93MB  
 00:00:30 | 03:59:48 | 0.00:00:59 |  0.21%   |    4    |    0     | 60%  |   1325   |   0    | 162.26MB  
 00:00:32 | WARNING! Aborting CBS - could not obtain an initial solution for the following agents: Agent8(41->32)
 00:00:32 | WARNING! Aborting CBS - could not obtain an initial solution for the following agents: Agent8(41->32)
 00:00:32 | WARNING! Aborting CBS - could not obtain an initial solution for the following agents: Agent8(41->34)
 00:00:33 | WARNING! Aborting CBS - could not obtain an initial solution for the following agents: Agent27(1->0)
 00:00:33 | WARNING! Aborting CBS - could not obtain an initial solution for the following agents: Agent27(1->0)
 00:00:35 | 02:41:21 | 0.00:01:43 |  0.36%   |   20    |    10    | 60%  |   1962   |   0    | 165.38MB  
 00:00:40 | 00:30:51 | 0.00:10:09 |  2.12%   |   217   |   209    | 60%  |   5147   |   0    | 165.88MB  
 00:00:42 | WARNING! Aborting CBS - could not obtain an initial solution for the following agents: Agent28(40->33)
 00:00:45 | 00:19:31 | 0.00:17:45 |  3.70%   |   397   |   386    | 60%  |   8599   |   0    | 167.61MB  
 00:00:46 | WARNING! Aborting CBS - could not obtain an initial solution for the following agents: Agent8(40->39)
 00:00:50 | 00:15:17 | 0.00:24:48 |  5.17%   |   562   |   553    | 60%  |  11871   |   0    | 168.61MB  
 00:00:50 | WARNING! Aborting CBS - could not obtain an initial solution for the following agents: Agent24(25->24)
 00:00:50 | WARNING! Aborting CBS - could not obtain an initial solution for the following agents: Agent24(25->24)
 00:00:55 | 00:11:27 | 0.00:35:33 |  7.41%   |   816   |   805    | 60%  |  16974   |   0    | 169.23MB  
 00:00:59 | WARNING! Aborting CBS - could not obtain an initial solution for the following agents: Agent29(57->56)
 00:01:00 | 00:09:57 | 0.00:43:48 |  9.13%   |  1008   |   997    | 60%  |  21313   |   0    | 169.06MB  
 00:01:01 | WARNING! Aborting CBS - could not obtain an initial solution for the following agents: Agent27(3->1)
 00:01:01 | WARNING! Aborting CBS - could not obtain an initial solution for the following agents: Agent27(3->1)
 00:01:01 | WARNING! Aborting CBS - could not obtain an initial solution for the following agents: Agent27(3->1)
 00:01:01 | WARNING! Aborting CBS - could not obtain an initial solution for the following agents: Agent27(3->2)
 00:01:01 | WARNING! Aborting CBS - could not obtain an initial solution for the following agents: Agent27(3->2)
 00:01:05 | 00:08:29 | 0.00:54:17 |  11.31%  |  1251   |   1242   | 60%  |  26908   |   0    | 169.32MB  
 00:01:05 | WARNING! Aborting CBS - could not obtain an initial solution for the following agents: Agent16(58->56)
 00:01:05 | WARNING! Aborting CBS - could not obtain an initial solution for the following agents: Agent16(58->57)
 00:01:05 | WARNING! Aborting CBS - could not obtain an initial solution for the following agents: Agent11(25->24)
 00:01:05 | WARNING! Aborting CBS - could not obtain an initial solution for the following agents: Agent11(25->24)
 00:01:05 | WARNING! Aborting CBS - could not obtain an initial solution for the following agents: Agent14(9->8)
 00:01:06 | WARNING! Aborting CBS - could not obtain an initial solution for the following agents: Agent9(57->56)
 00:01:06 | WARNING! Aborting CBS - could not obtain an initial solution for the following agents: Agent9(57->56)
 00:01:07 | WARNING! Aborting CBS - could not obtain an initial solution for the following agents: Agent7(56->54)
 00:01:08 | WARNING! Aborting CBS - could not obtain an initial solution for the following agents: Agent25(9->8)
 00:01:08 | WARNING! Aborting CBS - could not obtain an initial solution for the following agents: Agent25(9->8)
 00:01:08 | WARNING! Aborting CBS - could not obtain an initial solution for the following agents: Agent7(57->56)
 00:01:08 | WARNING! Aborting CBS - could not obtain an initial solution for the following agents: Agent9(56->55)
 00:01:10 | 00:07:46 | 0.01:02:36 |  13.04%  |  1445   |   1436   | 60%  |  31351   |   0    | 169.55MB  
 00:01:11 | WARNING! Aborting CBS - could not obtain an initial solution for the following agents: Agent25(9->8)
 00:01:11 | WARNING! Aborting CBS - could not obtain an initial solution for the following agents: Agent25(9->8)
 00:01:12 | WARNING! Aborting CBS - could not obtain an initial solution for the following agents: Agent7(57->56)
 00:01:12 | WARNING! Aborting CBS - could not obtain an initial solution for the following agents: Agent7(57->56)
 00:01:12 | WARNING! Aborting CBS - could not obtain an initial solution for the following agents: Agent7(57->56)
 00:01:14 | WARNING! Aborting CBS - could not obtain an initial solution for the following agents: Agent30(41->34)
 00:01:15 | 00:07:07 | 0.01:11:36 |  14.92%  |  1653   |   1648   | 60%  |  36505   |   0    | 170.02MB  
 00:01:17 | WARNING! Aborting CBS - could not obtain an initial solution for the following agents: Agent4(3->2)
 00:01:17 | WARNING! Aborting CBS - could not obtain an initial solution for the following agents: Agent4(3->2)
 00:01:20 | 00:06:35 | 0.01:20:41 |  16.81%  |  1864   |   1860   | 60%  |  41956   |   0    | 169.17MB  
 00:01:21 | WARNING! Aborting CBS - could not obtain an initial solution for the following agents: Agent27(9->8)
 00:01:21 | WARNING! Aborting CBS - could not obtain an initial solution for the following agents: Agent10(41->40)
 00:01:21 | WARNING! Aborting CBS - could not obtain an initial solution for the following agents: Agent10(41->40)
 00:01:25 | 00:06:12 | 0.01:29:12 |  18.58%  |  2063   |   2059   | 60%  |  46508   |   0    | 172.07MB  
 00:01:27 | WARNING! Aborting CBS - could not obtain an initial solution for the following agents: Agent27(9->8)
 00:01:28 | WARNING! Aborting CBS - could not obtain an initial solution for the following agents: Agent4(9->8)
 00:01:28 | WARNING! Aborting CBS - could not obtain an initial solution for the following agents: Agent4(9->8)
 00:01:28 | WARNING! Aborting CBS - could not obtain an initial solution for the following agents: Agent4(9->8)
 00:01:30 | 00:05:51 | 0.01:37:51 |  20.39%  |  2262   |   2261   | 60%  |  51084   |   0    | 169.75MB  
 00:01:32 | WARNING! Aborting CBS - could not obtain an initial solution for the following agents: Agent2(25->24)
 00:01:32 | WARNING! Aborting CBS - could not obtain an initial solution for the following agents: Agent2(25->24)
 00:01:32 | WARNING! Aborting CBS - could not obtain an initial solution for the following agents: Agent2(25->24)
 00:01:35 | 00:05:27 | 0.01:47:58 |  22.49%  |  2498   |   2498   | 60%  |  56417   |   0    | 170.32MB  
 00:01:35 | WARNING! Aborting CBS - could not obtain an initial solution for the following agents: Agent29(57->56)
 00:01:35 | WARNING! Aborting CBS - could not obtain an initial solution for the following agents: Agent24(27->26)
 00:01:36 | WARNING! Aborting CBS - could not obtain an initial solution for the following agents: Agent11(25->24)
 00:01:40 | 00:05:01 | 0.01:59:28 |  24.89%  |  2767   |   2768   | 60%  |  62573   |   0    | 171.05MB  
 00:01:40 | WARNING! Aborting CBS - could not obtain an initial solution for the following agents: Agent10(40->39)
 00:01:40 | WARNING! Aborting CBS - could not obtain an initial solution for the following agents: Agent10(40->39)
 00:01:44 | WARNING! Aborting CBS - could not obtain an initial solution for the following agents: Agent14(8->2)
 00:01:45 | 00:04:44 | 0.02:09:28 |  26.97%  |  2998   |   3002   | 60%  |  68395   |   0    | 171.76MB  
 00:01:50 | 00:04:33 | 0.02:17:49 |  28.71%  |  3192   |   3199   | 60%  |  73130   |   0    | 170.94MB  
 00:01:52 | WARNING! Aborting CBS - could not obtain an initial solution for the following agents: Agent11(25->24)
 00:01:55 | 00:04:21 | 0.02:26:32 |  30.53%  |  3385   |   3401   | 60%  |  78393   |   0    | 172.01MB  
 00:01:57 | WARNING! Aborting CBS - could not obtain an initial solution for the following agents: Agent9(57->56)
 00:01:57 | WARNING! Aborting CBS - could not obtain an initial solution for the following agents: Agent5(56->55)
 00:01:58 | WARNING! Aborting CBS - could not obtain an initial solution for the following agents: Agent26(24->23)
 00:01:58 | WARNING! Aborting CBS - could not obtain an initial solution for the following agents: Agent30(41->40)
 00:02:00 | 00:04:02 | 0.02:38:59 |  33.12%  |  3675   |   3693   | 60%  |  84907   |   0    | 173.75MB  
 00:02:01 | WARNING! Aborting CBS - could not obtain an initial solution for the following agents: Agent5(57->56)
 00:02:01 | WARNING! Aborting CBS - could not obtain an initial solution for the following agents: Agent5(57->56)
 00:02:05 | 00:03:50 | 0.02:48:37 |  35.13%  |  3899   |   3920   | 60%  |  90200   |   0    | 172.17MB  
 00:02:05 | WARNING! Aborting CBS - could not obtain an initial solution for the following agents: Agent30(41->40)
 00:02:05 | WARNING! Aborting CBS - could not obtain an initial solution for the following agents: Agent21(40->39)
 00:02:10 | 00:03:50 | 0.02:53:05 |  36.06%  |  4000   |   4024   | 60%  |  92843   |   0    | 173.07MB  
 00:02:10 | WARNING! Aborting CBS - could not obtain an initial solution for the following agents: Agent7(56->55)
 00:02:13 | WARNING! Aborting CBS - could not obtain an initial solution for the following agents: Agent27(9->8)
 00:02:13 | WARNING! Aborting CBS - could not obtain an initial solution for the following agents: Agent27(9->8)
 00:02:15 | 00:03:34 | 0.03:05:12 |  38.59%  |  4284   |   4308   | 60%  |  99022   |   0    | 172.65MB  
 00:02:19 | WARNING! Aborting CBS - could not obtain an initial solution for the following agents: Agent24(25->24)
 00:02:20 | 00:03:22 | 0.03:16:16 |  40.89%  |  4538   |   4567   | 60%  |  105194  |   0    | 172.40MB  
 00:02:21 | WARNING! Aborting CBS - could not obtain an initial solution for the following agents: Agent25(3->1)
 00:02:21 | WARNING! Aborting CBS - could not obtain an initial solution for the following agents: Agent25(3->0)
 00:02:21 | WARNING! Aborting CBS - could not obtain an initial solution for the following agents: Agent14(2->1)
 00:02:21 | WARNING! Aborting CBS - could not obtain an initial solution for the following agents: Agent14(2->1)
 00:02:23 | WARNING! Aborting CBS - could not obtain an initial solution for the following agents: Agent8(41->40)
 00:02:25 | 00:03:13 | 0.03:25:33 |  42.83%  |  4752   |   4784   | 60%  |  109854  |   0    | 172.71MB  
 00:02:27 | WARNING! Aborting CBS - could not obtain an initial solution for the following agents: Agent1(9->8)
 00:02:27 | WARNING! Aborting CBS - could not obtain an initial solution for the following agents: Agent21(41->40)
 00:02:28 | WARNING! Aborting CBS - could not obtain an initial solution for the following agents: Agent30(41->40)
 00:02:28 | WARNING! Aborting CBS - could not obtain an initial solution for the following agents: Agent11(25->17)
 00:02:28 | WARNING! Aborting CBS - could not obtain an initial solution for the following agents: Agent11(25->18)
 00:02:28 | WARNING! Aborting CBS - could not obtain an initial solution for the following agents: Agent11(25->19)
 00:02:29 | WARNING! Aborting CBS - could not obtain an initial solution for the following agents: Agent26(26->25)
 00:02:29 | WARNING! Aborting CBS - could not obtain an initial solution for the following agents: Agent26(26->25)
 00:02:30 | 00:03:04 | 0.03:35:07 |  44.82%  |  4971   |   5008   | 60%  |  115261  |   0    | 173.30MB  
 00:02:33 | WARNING! Aborting CBS - could not obtain an initial solution for the following agents: Agent16(57->56)
 00:02:33 | WARNING! Aborting CBS - could not obtain an initial solution for the following agents: Agent0(19->18)
 00:02:33 | WARNING! Aborting CBS - could not obtain an initial solution for the following agents: Agent0(19->18)
 00:02:35 | 00:02:54 | 0.03:45:50 |  47.05%  |  5215   |   5259   | 60%  |  121017  |   0    | 173.61MB  
 00:02:38 | WARNING! Aborting CBS - could not obtain an initial solution for the following agents: Agent10(41->40)
 00:02:38 | WARNING! Aborting CBS - could not obtain an initial solution for the following agents: Agent10(41->34)
 00:02:38 | WARNING! Aborting CBS - could not obtain an initial solution for the following agents: Agent10(41->34)
 00:02:40 | 00:02:46 | 0.03:55:03 |  48.97%  |  5429   |   5474   | 60%  |  125883  |   0    | 174.20MB  
 00:02:43 | WARNING! Aborting CBS - could not obtain an initial solution for the following agents: Agent8(41->40)
 00:02:45 | 00:02:36 | 0.04:06:05 |  51.27%  |  5688   |   5732   | 60%  |  131896  |   0    | 173.34MB  
 00:02:46 | WARNING! Aborting CBS - could not obtain an initial solution for the following agents: Agent25(3->1)
 00:02:46 | WARNING! Aborting CBS - could not obtain an initial solution for the following agents: Agent25(3->1)
 00:02:46 | WARNING! Aborting CBS - could not obtain an initial solution for the following agents: Agent25(3->2)
 00:02:46 | WARNING! Aborting CBS - could not obtain an initial solution for the following agents: Agent25(3->2)
 00:02:47 | WARNING! Aborting CBS - could not obtain an initial solution for the following agents: Agent0(25->24)
 00:02:50 | 00:02:29 | 0.04:15:37 |  53.26%  |  5908   |   5955   | 60%  |  136867  |   0    | 173.44MB  
 00:02:53 | WARNING! Aborting CBS - could not obtain an initial solution for the following agents: Agent16(56->54)
 00:02:53 | WARNING! Aborting CBS - could not obtain an initial solution for the following agents: Agent2(25->24)
 00:02:55 | 00:02:19 | 0.04:26:53 |  55.60%  |  6171   |   6219   | 60%  |  142802  |   0    | 173.69MB  
 00:02:57 | WARNING! Aborting CBS - could not obtain an initial solution for the following agents: Agent1(9->8)
 00:02:57 | WARNING! Aborting CBS - could not obtain an initial solution for the following agents: Agent7(57->56)
 00:02:57 | WARNING! Aborting CBS - could not obtain an initial solution for the following agents: Agent7(57->56)
 00:03:00 | 00:02:12 | 0.04:36:36 |  57.63%  |  6397   |   6447   | 60%  |  148002  |   0    | 174.08MB  
 00:03:01 | WARNING! Aborting CBS - could not obtain an initial solution for the following agents: Agent28(41->40)
 00:03:01 | WARNING! Aborting CBS - could not obtain an initial solution for the following agents: Agent5(57->49)
 00:03:01 | WARNING! Aborting CBS - could not obtain an initial solution for the following agents: Agent5(57->49)
 00:03:01 | WARNING! Aborting CBS - could not obtain an initial solution for the following agents: Agent5(57->49)
 00:03:01 | WARNING! Aborting CBS - could not obtain an initial solution for the following agents: Agent5(57->50)
 00:03:01 | WARNING! Aborting CBS - could not obtain an initial solution for the following agents: Agent5(57->51)
 00:03:05 | 00:02:03 | 0.04:47:29 |  59.89%  |  6652   |   6703   | 60%  |  153830  |   0    | 173.61MB  
 00:03:05 | WARNING! Aborting CBS - could not obtain an initial solution for the following agents: Agent14(9->8),Agent29(56->55)
 00:03:07 | WARNING! Aborting CBS - could not obtain an initial solution for the following agents: Agent29(57->56)
 00:03:09 | WARNING! Aborting CBS - could not obtain an initial solution for the following agents: Agent19(8->2)
 00:03:10 | 00:01:54 | 0.04:59:28 |  62.39%  |  6934   |   6983   | 60%  |  160120  |   0    | 173.80MB  
 00:03:13 | WARNING! Aborting CBS - could not obtain an initial solution for the following agents: Agent11(18->17)
 00:03:13 | WARNING! Aborting CBS - could not obtain an initial solution for the following agents: Agent26(25->17)
 00:03:13 | WARNING! Aborting CBS - could not obtain an initial solution for the following agents: Agent26(25->17)
 00:03:13 | WARNING! Aborting CBS - could not obtain an initial solution for the following agents: Agent26(25->18)
 00:03:14 | WARNING! Aborting CBS - could not obtain an initial solution for the following agents: Agent21(41->40)
 00:03:14 | WARNING! Aborting CBS - could not obtain an initial solution for the following agents: Agent21(41->40)
 00:03:15 | 00:01:48 | 0.05:08:40 |  64.31%  |  7142   |   7199   | 60%  |  165451  |   0    | 173.70MB  
 00:03:20 | 00:01:46 | 0.05:13:17 |  65.27%  |  7249   |   7308   | 60%  |  167775  |   0    | 175.45MB  
 00:03:23 | WARNING! Aborting CBS - could not obtain an initial solution for the following agents: Agent1(9->8)
 00:03:23 | WARNING! Aborting CBS - could not obtain an initial solution for the following agents: Agent1(9->8)
 00:03:23 | WARNING! Aborting CBS - could not obtain an initial solution for the following agents: Agent26(25->24)
 00:03:24 | WARNING! Aborting CBS - could not obtain an initial solution for the following agents: Agent1(9->8)
 00:03:25 | 00:01:39 | 0.05:23:15 |  67.35%  |  7480   |   7542   | 60%  |  173246  |   0    | 173.65MB  
 00:03:30 | 00:01:33 | 0.05:31:57 |  69.16%  |  7681   |   7745   | 60%  |  178096  |   0    | 173.76MB  
 00:03:30 | WARNING! Aborting CBS - could not obtain an initial solution for the following agents: Agent28(41->40)
 00:03:30 | WARNING! Aborting CBS - could not obtain an initial solution for the following agents: Agent28(41->40)
 00:03:30 | WARNING! Aborting CBS - could not obtain an initial solution for the following agents: Agent2(25->18)
 00:03:30 | WARNING! Aborting CBS - could not obtain an initial solution for the following agents: Agent2(25->19)
 00:03:30 | WARNING! Aborting CBS - could not obtain an initial solution for the following agents: Agent21(41->40)
 00:03:32 | WARNING! Aborting CBS - could not obtain an initial solution for the following agents: Agent27(9->8)
 00:03:32 | WARNING! Aborting CBS - could not obtain an initial solution for the following agents: Agent27(9->8)
 00:03:32 | WARNING! Aborting CBS - could not obtain an initial solution for the following agents: Agent21(43->42)
 00:03:34 | WARNING! Aborting CBS - could not obtain an initial solution for the following agents: Agent25(9->8)
 00:03:35 | 00:01:27 | 0.05:40:59 |  71.04%  |  7884   |   7957   | 60%  |  183448  |   0    | 174.77MB  
 00:03:35 | WARNING! Aborting CBS - could not obtain an initial solution for the following agents: Agent7(57->56)
 00:03:40 | 00:01:19 | 0.05:52:56 |  73.53%  |  8160   |   8237   | 60%  |  189634  |   0    | 173.78MB  
 00:03:45 | 00:01:14 | 0.06:00:53 |  75.19%  |  8346   |   8422   | 60%  |  194390  |   0    | 174.23MB  
 00:03:48 | WARNING! Aborting CBS - could not obtain an initial solution for the following agents: Agent14(8->7)
 00:03:49 | WARNING! Aborting CBS - could not obtain an initial solution for the following agents: Agent28(40->39)
 00:03:49 | WARNING! Aborting CBS - could not obtain an initial solution for the following agents: Agent28(40->39)
 00:03:50 | 00:01:08 | 0.06:10:12 |  77.13%  |  8559   |   8641   | 60%  |  198939  |   0    | 174.00MB  
 00:03:51 | WARNING! Aborting CBS - could not obtain an initial solution for the following agents: Agent14(9->8)
 00:03:51 | WARNING! Aborting CBS - could not obtain an initial solution for the following agents: Agent14(9->8)
 00:03:55 | 00:01:02 | 0.06:19:44 |  79.11%  |  8780   |   8866   | 60%  |  204285  |   0    | 173.90MB  
 00:03:57 | WARNING! Aborting CBS - could not obtain an initial solution for the following agents: Agent27(9->8)
 00:03:57 | WARNING! Aborting CBS - could not obtain an initial solution for the following agents: Agent27(9->8)
 00:03:57 | WARNING! Aborting CBS - could not obtain an initial solution for the following agents: Agent4(8->6)
 00:03:58 | WARNING! Aborting CBS - could not obtain an initial solution for the following agents: Agent11(25->24)
 00:04:00 | 00:00:55 | 0.06:30:24 |  81.33%  |  9028   |   9115   | 60%  |  210142  |   0    | 175.05MB  
 00:04:05 | 00:00:49 | 0.06:39:53 |  83.31%  |  9251   |   9338   | 60%  |  215427  |   0    | 174.05MB  
 00:04:05 | WARNING! Aborting CBS - could not obtain an initial solution for the following agents: Agent24(25->24)
 00:04:08 | WARNING! Aborting CBS - could not obtain an initial solution for the following agents: Agent26(24->23)
 00:04:08 | WARNING! Aborting CBS - could not obtain an initial solution for the following agents: Agent16(57->48)
 00:04:08 | WARNING! Aborting CBS - could not obtain an initial solution for the following agents: Agent16(57->49)
 00:04:08 | WARNING! Aborting CBS - could not obtain an initial solution for the following agents: Agent16(57->49)
 00:04:08 | WARNING! Aborting CBS - could not obtain an initial solution for the following agents: Agent16(57->50)
 00:04:10 | 00:00:41 | 0.06:51:00 |  85.63%  |  9507   |   9598   | 60%  |  221574  |   0    | 173.99MB  
 00:04:10 | WARNING! Aborting CBS - could not obtain an initial solution for the following agents: Agent14(3->2)
 00:04:10 | WARNING! Aborting CBS - could not obtain an initial solution for the following agents: Agent14(3->2)
 00:04:12 | WARNING! Aborting CBS - could not obtain an initial solution for the following agents: Agent2(25->24)
 00:04:12 | WARNING! Aborting CBS - could not obtain an initial solution for the following agents: Agent2(25->24)
 00:04:15 | 00:00:35 | 0.07:00:53 |  87.68%  |  9739   |   9830   | 60%  |  226581  |   0    | 173.93MB  
 00:04:18 | WARNING! Aborting CBS - could not obtain an initial solution for the following agents: Agent27(8->2)
 00:04:19 | WARNING! Aborting CBS - could not obtain an initial solution for the following agents: Agent29(57->56)
 00:04:19 | WARNING! Aborting CBS - could not obtain an initial solution for the following agents: Agent29(57->56)
 00:04:20 | 00:00:30 | 0.07:09:47 |  89.54%  |  9946   |  10039   | 60%  |  231503  |   0    | 174.41MB  
 00:04:20 | WARNING! Aborting CBS - could not obtain an initial solution for the following agents: Agent10(41->40)
 00:04:25 | 00:00:24 | 0.07:19:44 |  91.61%  |  10174  |  10272   | 60%  |  236909  |   0    | 174.16MB  
 00:04:27 | WARNING! Aborting CBS - could not obtain an initial solution for the following agents: Agent0(25->24)
 00:04:27 | WARNING! Aborting CBS - could not obtain an initial solution for the following agents: Agent0(25->24)
 00:04:27 | WARNING! Aborting CBS - could not obtain an initial solution for the following agents: Agent10(41->40)
 00:04:30 | 00:00:17 | 0.07:31:08 |  93.99%  |  10436  |  10539   | 60%  |  242927  |   0    | 174.49MB  
 00:04:35 | 00:00:11 | 0.07:40:02 |  95.84%  |  10638  |  10748   | 60%  |  248287  |   0    | 175.18MB  
 00:04:40 | 00:00:06 | 0.07:49:54 |  97.90%  |  10869  |  10980   | 60%  |  253533  |   0    | 176.24MB  
 00:04:43 | WARNING! Aborting CBS - could not obtain an initial solution for the following agents: Agent27(9->8)
 00:04:44 | WARNING! Aborting CBS - could not obtain an initial solution for the following agents: Agent1(9->8)
 00:04:45 | 00:00:00 | 0.07:59:43 |  99.94%  |  11097  |  11209   | 60%  |  258788  |   0    | 174.12MB  
 00:04:45 | 00:00:00 | 0.08:00:00 | 100.00%  |  11105  |  11217   | 60%  |  258927  |   0    | 174.16MB  
 00:04:45 | >>> Simulation finished - writing results ...
 00:04:45 | >>> Results written
Simulation finished.
>>> Timings
StatTimingPathPlanningAverage: 0.014312134963199963
StatTimingPathPlanningOverall: 223.62710879999943
StatTimingPathPlanningCount: 15625
StatTimingTaskAllocationAverage: 0.0014878036008230512
StatTimingTaskAllocationOverall: 23.138321600000094
StatTimingTaskAllocationCount: 15552
StatTimingItemStorageAverage: 3.4414820967147898E-06
StatTimingItemStorageOverall: 0.03729190000000146
StatTimingItemStorageCount: 10836
StatTimingPodStorageAverage: 0.0019770560000000005
StatTimingPodStorageOverall: 6.0794472000000015
StatTimingPodStorageCount: 3075
StatTimingReplenishmentBatchingAverage: 8.063100961538469E-06
StatTimingReplenishmentBatchingOverall: 0.09391900000000007
StatTimingReplenishmentBatchingCount: 11648
StatTimingOrderBatchingAverage: 0.00011116991064879657
StatTimingOrderBatchingOverall: 3.334430300000004
StatTimingOrderBatchingCount: 29994
>>> Overall
StatOverallBundlesPlaced: 15165
StatOverallItemsOrdered: 11150
StatOverallOrdersPlaced: 11150
StatOverallBundlesRejected: 0
StatOverallOrdersRejected: 0
StatOverallBundlesHandled: 11217
StatOverallItemsHandled: 11108
StatOverallLinesHandled: 11108
StatOverallOrdersHandled: 11105
StatOverallCollisions: 0
StatOverallDistanceTraveled: 258927.16867973583
StatOverallDistanceEstimated: 238635
StatOverallAssignedTasks: 15552
StatMaxMemoryUsed: 177.734375
StatRealTimeUsed: 285.2480847
StatAverageTurnoverTime: 368.91120549170546
StatMedianTurnoverTime: 215.6545630093351
StatLowerQuartileTurnoverTime: 122.38409244539434
StatUpperQuartileTurnoverTime: 492.5054601762422
StatAverageThroughputTime: 114.69648998492322
StatMedianThroughputTime: 120.9359307211962
StatLowerQuartileThroughputTime: 81.00074713655704
StatUpperQuartileThroughputTime: 142.14564136966328
>>> Energy (Rizqi model)
StatEnergyTotalKJ: 19290.9369410548
StatEnergyE1AccelKJ: 5418.405097249979
StatEnergyE2DecelKJ: 0
StatEnergyE3CruiseKJ: 9747.922702000005
StatEnergyE4RotationKJ: 3297.2180795825116
StatEnergyE5LiftLowerKJ: 827.3910622222226
StatEnergyPerOrderKJ: 1.737139751558289
StatEnergyPerMeterJoule: 74.48065659117857
StatDistanceTraveledRizqiM: 259006
>>> Motion Behavior
StatTurningCount: 32546
StatStopAndGoCount: 44209
StatLoadedDistanceM: 175615
StatLoadedTurningCount: 24047
StatWaitTimeSec: 377434.05376992194

Marked tag finished after 1 tries!
.Fin. - SUCCESS
