=== ECBS FindPaths #1 currentTime=0.967 agents=26 ===
ECBS|agent=0|currentTime=0.967|start=286|goal=884|totalTime=12.250|totalEnergy=840.930|steps=11
  step=0 node2d=286 t=0.967 e=0.000 dt=0.000 de=0.000 act=START angle=0 lastStop=0
  step=1 node2d=287 t=3.592 e=245.276 dt=2.625 de=245.276 act=MOVE angle=90 lastStop=0
  step=2 node2d=288 t=4.422 e=237.651 dt=0.830 de=-7.625 act=MOVE angle=90 lastStop=0
  step=3 node2d=289 t=5.151 e=298.589 dt=0.729 de=60.938 act=MOVE angle=90 lastStop=0
  step=4 node2d=290 t=5.879 e=359.527 dt=0.729 de=60.938 act=MOVE angle=90 lastStop=0
  step=5 node2d=291 t=6.608 e=420.465 dt=0.729 de=60.938 act=MOVE angle=90 lastStop=0
  step=6 node2d=292 t=7.337 e=481.403 dt=0.729 de=60.938 act=MOVE angle=90 lastStop=0
  step=7 node2d=887 t=9.962 e=726.679 dt=2.625 de=245.276 act=MOVE angle=180 lastStop=20
  step=8 node2d=886 t=10.792 e=719.054 dt=0.830 de=-7.625 act=MOVE angle=180 lastStop=20
  step=9 node2d=885 t=11.521 e=779.992 dt=0.729 de=60.938 act=MOVE angle=180 lastStop=20
  step=10 node2d=884 t=12.250 e=840.930 dt=0.729 de=60.938 act=MOVE angle=180 lastStop=20

ECBS|agent=1|currentTime=0.967|start=1843|goal=590|totalTime=14.439|totalEnergy=1126.200|steps=15
  step=0 node2d=1843 t=0.967 e=0.000 dt=0.000 de=0.000 act=START angle=0 lastStop=0
  step=1 node2d=1842 t=2.967 e=131.540 dt=2.000 de=131.540 act=MOVE angle=0 lastStop=0
  step=2 node2d=255 t=3.797 e=210.607 dt=0.830 de=79.067 act=MOVE angle=0 lastStop=0
  step=3 node2d=624 t=4.526 e=271.545 dt=0.729 de=60.938 act=MOVE angle=0 lastStop=0
  step=4 node2d=625 t=5.254 e=332.483 dt=0.729 de=60.938 act=MOVE angle=0 lastStop=0
  step=5 node2d=626 t=5.983 e=393.421 dt=0.729 de=60.938 act=MOVE angle=0 lastStop=0
  step=6 node2d=627 t=6.712 e=454.359 dt=0.729 de=60.938 act=MOVE angle=0 lastStop=0
  step=7 node2d=628 t=7.441 e=515.297 dt=0.729 de=60.938 act=MOVE angle=0 lastStop=0
  step=8 node2d=629 t=8.170 e=576.235 dt=0.729 de=60.938 act=MOVE angle=0 lastStop=0
  step=9 node2d=630 t=8.899 e=637.173 dt=0.729 de=60.938 act=MOVE angle=0 lastStop=0
  step=10 node2d=631 t=9.628 e=698.111 dt=0.729 de=60.938 act=MOVE angle=0 lastStop=0
  step=11 node2d=632 t=10.356 e=759.049 dt=0.729 de=60.938 act=MOVE angle=0 lastStop=0
  step=12 node2d=633 t=11.085 e=819.986 dt=0.729 de=60.938 act=MOVE angle=0 lastStop=0
  step=13 node2d=634 t=11.814 e=880.924 dt=0.729 de=60.938 act=MOVE angle=0 lastStop=0
  step=14 node2d=590 t=14.439 e=1126.200 dt=2.625 de=245.276 act=MOVE angle=270 lastStop=56

ECBS|agent=2|currentTime=0.967|start=548|goal=647|totalTime=13.811|totalEnergy=996.700|steps=14
  step=0 node2d=548 t=0.967 e=0.000 dt=0.000 de=0.000 act=START angle=0 lastStop=0
  step=1 node2d=549 t=2.967 e=131.540 dt=2.000 de=131.540 act=MOVE angle=0 lastStop=0
  step=2 node2d=550 t=3.797 e=210.607 dt=0.830 de=79.067 act=MOVE angle=0 lastStop=0
  step=3 node2d=551 t=4.526 e=271.545 dt=0.729 de=60.938 act=MOVE angle=0 lastStop=0
  step=4 node2d=552 t=5.254 e=332.483 dt=0.729 de=60.938 act=MOVE angle=0 lastStop=0
  step=5 node2d=553 t=5.983 e=393.421 dt=0.729 de=60.938 act=MOVE angle=0 lastStop=0
  step=6 node2d=554 t=6.712 e=454.359 dt=0.729 de=60.938 act=MOVE angle=0 lastStop=0
  step=7 node2d=555 t=7.441 e=515.297 dt=0.729 de=60.938 act=MOVE angle=0 lastStop=0
  step=8 node2d=556 t=8.170 e=576.235 dt=0.729 de=60.938 act=MOVE angle=0 lastStop=0
  step=9 node2d=557 t=8.899 e=637.173 dt=0.729 de=60.938 act=MOVE angle=0 lastStop=0
  step=10 node2d=558 t=9.628 e=698.111 dt=0.729 de=60.938 act=MOVE angle=0 lastStop=0
  step=11 node2d=559 t=10.356 e=759.049 dt=0.729 de=60.938 act=MOVE angle=0 lastStop=0
  step=12 node2d=603 t=12.981 e=1004.324 dt=2.625 de=245.276 act=MOVE angle=90 lastStop=51
  step=13 node2d=647 t=13.811 e=996.700 dt=0.830 de=-7.625 act=MOVE angle=90 lastStop=51

ECBS|agent=3|currentTime=0.967|start=291|goal=529|totalTime=17.894|totalEnergy=1277.159|steps=17
  step=0 node2d=291 t=0.967 e=0.000 dt=0.000 de=0.000 act=START angle=0 lastStop=0
  step=1 node2d=1748 t=2.967 e=131.540 dt=2.000 de=131.540 act=MOVE angle=0 lastStop=0
  step=2 node2d=1746 t=5.592 e=376.816 dt=2.625 de=245.276 act=MOVE angle=270 lastStop=2
  step=3 node2d=1744 t=6.422 e=369.191 dt=0.830 de=-7.625 act=MOVE angle=270 lastStop=2
  step=4 node2d=1742 t=7.151 e=430.129 dt=0.729 de=60.938 act=MOVE angle=270 lastStop=2
  step=5 node2d=1740 t=7.879 e=491.067 dt=0.729 de=60.938 act=MOVE angle=270 lastStop=2
  step=6 node2d=1738 t=8.608 e=552.005 dt=0.729 de=60.938 act=MOVE angle=270 lastStop=2
  step=7 node2d=1736 t=9.337 e=612.943 dt=0.729 de=60.938 act=MOVE angle=270 lastStop=2
  step=8 node2d=1734 t=10.066 e=673.881 dt=0.729 de=60.938 act=MOVE angle=270 lastStop=2
  step=9 node2d=284 t=12.691 e=919.157 dt=2.625 de=245.276 act=MOVE angle=180 lastStop=24
  step=10 node2d=535 t=13.521 e=911.532 dt=0.830 de=-7.625 act=MOVE angle=180 lastStop=24
  step=11 node2d=534 t=14.250 e=972.470 dt=0.729 de=60.938 act=MOVE angle=180 lastStop=24
  step=12 node2d=533 t=14.978 e=1033.408 dt=0.729 de=60.938 act=MOVE angle=180 lastStop=24
  step=13 node2d=532 t=15.707 e=1094.346 dt=0.729 de=60.938 act=MOVE angle=180 lastStop=24
  step=14 node2d=531 t=16.436 e=1155.283 dt=0.729 de=60.938 act=MOVE angle=180 lastStop=24
  step=15 node2d=530 t=17.165 e=1216.221 dt=0.729 de=60.938 act=MOVE angle=180 lastStop=24
  step=16 node2d=529 t=17.894 e=1277.159 dt=0.729 de=60.938 act=MOVE angle=180 lastStop=24

ECBS|agent=4|currentTime=0.967|start=1783|goal=1415|totalTime=10.688|totalEnergy=685.160|steps=8
  step=0 node2d=1783 t=0.967 e=0.000 dt=0.000 de=0.000 act=START angle=0 lastStop=0
  step=1 node2d=1782 t=4.217 e=286.174 dt=3.250 de=286.174 act=MOVE angle=180 lastStop=0
  step=2 node2d=308 t=5.047 e=264.695 dt=0.830 de=-21.479 act=MOVE angle=180 lastStop=0
  step=3 node2d=1591 t=5.776 e=325.633 dt=0.729 de=60.938 act=MOVE angle=180 lastStop=0
  step=4 node2d=1547 t=8.401 e=570.909 dt=2.625 de=245.276 act=MOVE angle=270 lastStop=8
  step=5 node2d=1503 t=9.230 e=563.284 dt=0.830 de=-7.625 act=MOVE angle=270 lastStop=8
  step=6 node2d=1459 t=9.959 e=624.222 dt=0.729 de=60.938 act=MOVE angle=270 lastStop=8
  step=7 node2d=1415 t=10.688 e=685.160 dt=0.729 de=60.938 act=MOVE angle=270 lastStop=8

ECBS|agent=5|currentTime=0.967|start=568|goal=658|totalTime=7.251|totalEnergy=448.259|steps=5
  step=0 node2d=568 t=0.967 e=0.000 dt=0.000 de=0.000 act=START angle=0 lastStop=0
  step=1 node2d=569 t=2.967 e=131.540 dt=2.000 de=131.540 act=MOVE angle=0 lastStop=0
  step=2 node2d=570 t=3.797 e=210.607 dt=0.830 de=79.067 act=MOVE angle=0 lastStop=0
  step=3 node2d=614 t=6.422 e=455.883 dt=2.625 de=245.276 act=MOVE angle=90 lastStop=6
  step=4 node2d=658 t=7.251 e=448.259 dt=0.830 de=-7.625 act=MOVE angle=90 lastStop=6

ECBS|agent=6|currentTime=0.967|start=1633|goal=1577|totalTime=14.335|totalEnergy=1092.306|steps=14
  step=0 node2d=1633 t=0.967 e=0.000 dt=0.000 de=0.000 act=START angle=0 lastStop=0
  step=1 node2d=1589 t=3.592 e=245.276 dt=2.625 de=245.276 act=MOVE angle=270 lastStop=0
  step=2 node2d=1588 t=6.217 e=490.552 dt=2.625 de=245.276 act=MOVE angle=180 lastStop=3
  step=3 node2d=1587 t=7.047 e=482.927 dt=0.830 de=-7.625 act=MOVE angle=180 lastStop=3
  step=4 node2d=1586 t=7.776 e=543.865 dt=0.729 de=60.938 act=MOVE angle=180 lastStop=3
  step=5 node2d=1585 t=8.504 e=604.803 dt=0.729 de=60.938 act=MOVE angle=180 lastStop=3
  step=6 node2d=1584 t=9.233 e=665.741 dt=0.729 de=60.938 act=MOVE angle=180 lastStop=3
  step=7 node2d=1583 t=9.962 e=726.679 dt=0.729 de=60.938 act=MOVE angle=180 lastStop=3
  step=8 node2d=1582 t=10.691 e=787.617 dt=0.729 de=60.938 act=MOVE angle=180 lastStop=3
  step=9 node2d=1581 t=11.420 e=848.554 dt=0.729 de=60.938 act=MOVE angle=180 lastStop=3
  step=10 node2d=1580 t=12.149 e=909.492 dt=0.729 de=60.938 act=MOVE angle=180 lastStop=3
  step=11 node2d=1579 t=12.878 e=970.430 dt=0.729 de=60.938 act=MOVE angle=180 lastStop=3
  step=12 node2d=1578 t=13.606 e=1031.368 dt=0.729 de=60.938 act=MOVE angle=180 lastStop=3
  step=13 node2d=1577 t=14.335 e=1092.306 dt=0.729 de=60.938 act=MOVE angle=180 lastStop=3

ECBS|agent=7|currentTime=0.967|start=1757|goal=346|totalTime=30.910|totalEnergy=2426.839|steps=34
  step=0 node2d=1757 t=0.967 e=0.000 dt=0.000 de=0.000 act=START angle=0 lastStop=0
  step=1 node2d=1759 t=3.592 e=245.276 dt=2.625 de=245.276 act=MOVE angle=90 lastStop=0
  step=2 node2d=1758 t=6.217 e=490.552 dt=2.625 de=245.276 act=MOVE angle=180 lastStop=3
  step=3 node2d=296 t=7.047 e=482.927 dt=0.830 de=-7.625 act=MOVE angle=180 lastStop=3
  step=4 node2d=1063 t=7.776 e=543.865 dt=0.729 de=60.938 act=MOVE angle=180 lastStop=3
  step=5 node2d=1062 t=8.504 e=604.803 dt=0.729 de=60.938 act=MOVE angle=180 lastStop=3
  step=6 node2d=1061 t=9.233 e=665.741 dt=0.729 de=60.938 act=MOVE angle=180 lastStop=3
  step=7 node2d=1060 t=9.962 e=726.679 dt=0.729 de=60.938 act=MOVE angle=180 lastStop=3
  step=8 node2d=1059 t=10.691 e=787.617 dt=0.729 de=60.938 act=MOVE angle=180 lastStop=3
  step=9 node2d=1058 t=11.420 e=848.554 dt=0.729 de=60.938 act=MOVE angle=180 lastStop=3
  step=10 node2d=1057 t=12.149 e=909.492 dt=0.729 de=60.938 act=MOVE angle=180 lastStop=3
  step=11 node2d=1056 t=12.878 e=970.430 dt=0.729 de=60.938 act=MOVE angle=180 lastStop=3
  step=12 node2d=1055 t=13.606 e=1031.368 dt=0.729 de=60.938 act=MOVE angle=180 lastStop=3
  step=13 node2d=1054 t=14.335 e=1092.306 dt=0.729 de=60.938 act=MOVE angle=180 lastStop=3
  step=14 node2d=1053 t=15.064 e=1153.244 dt=0.729 de=60.938 act=MOVE angle=180 lastStop=3
  step=15 node2d=1052 t=15.793 e=1214.182 dt=0.729 de=60.938 act=MOVE angle=180 lastStop=3
  step=16 node2d=1051 t=16.522 e=1275.120 dt=0.729 de=60.938 act=MOVE angle=180 lastStop=3
  step=17 node2d=1050 t=17.251 e=1336.058 dt=0.729 de=60.938 act=MOVE angle=180 lastStop=3
  step=18 node2d=1006 t=19.876 e=1581.334 dt=2.625 de=245.276 act=MOVE angle=270 lastStop=76
  step=19 node2d=962 t=20.705 e=1573.709 dt=0.830 de=-7.625 act=MOVE angle=270 lastStop=76
  step=20 node2d=918 t=21.434 e=1634.647 dt=0.729 de=60.938 act=MOVE angle=270 lastStop=76
  step=21 node2d=874 t=22.163 e=1695.585 dt=0.729 de=60.938 act=MOVE angle=270 lastStop=76
  step=22 node2d=830 t=22.892 e=1756.523 dt=0.729 de=60.938 act=MOVE angle=270 lastStop=76
  step=23 node2d=786 t=23.621 e=1817.460 dt=0.729 de=60.938 act=MOVE angle=270 lastStop=76
  step=24 node2d=742 t=24.350 e=1878.398 dt=0.729 de=60.938 act=MOVE angle=270 lastStop=76
  step=25 node2d=698 t=25.079 e=1939.336 dt=0.729 de=60.938 act=MOVE angle=270 lastStop=76
  step=26 node2d=654 t=25.808 e=2000.274 dt=0.729 de=60.938 act=MOVE angle=270 lastStop=76
  step=27 node2d=610 t=26.536 e=2061.212 dt=0.729 de=60.938 act=MOVE angle=270 lastStop=76
  step=28 node2d=566 t=27.265 e=2122.150 dt=0.729 de=60.938 act=MOVE angle=270 lastStop=76
  step=29 node2d=522 t=27.994 e=2183.088 dt=0.729 de=60.938 act=MOVE angle=270 lastStop=76
  step=30 node2d=478 t=28.723 e=2244.026 dt=0.729 de=60.938 act=MOVE angle=270 lastStop=76
  step=31 node2d=434 t=29.452 e=2304.964 dt=0.729 de=60.938 act=MOVE angle=270 lastStop=76
  step=32 node2d=390 t=30.181 e=2365.902 dt=0.729 de=60.938 act=MOVE angle=270 lastStop=76
  step=33 node2d=346 t=30.910 e=2426.839 dt=0.729 de=60.938 act=MOVE angle=270 lastStop=76

ECBS|agent=8|currentTime=0.967|start=1732|goal=794|totalTime=17.894|totalEnergy=1277.159|steps=17
  step=0 node2d=1732 t=0.967 e=0.000 dt=0.000 de=0.000 act=START angle=0 lastStop=0
  step=1 node2d=1733 t=2.967 e=131.540 dt=2.000 de=131.540 act=MOVE angle=0 lastStop=0
  step=2 node2d=1735 t=5.592 e=376.816 dt=2.625 de=245.276 act=MOVE angle=90 lastStop=2
  step=3 node2d=1737 t=6.422 e=369.191 dt=0.830 de=-7.625 act=MOVE angle=90 lastStop=2
  step=4 node2d=1739 t=7.151 e=430.129 dt=0.729 de=60.938 act=MOVE angle=90 lastStop=2
  step=5 node2d=1741 t=7.879 e=491.067 dt=0.729 de=60.938 act=MOVE angle=90 lastStop=2
  step=6 node2d=1743 t=8.608 e=552.005 dt=0.729 de=60.938 act=MOVE angle=90 lastStop=2
  step=7 node2d=1745 t=9.337 e=612.943 dt=0.729 de=60.938 act=MOVE angle=90 lastStop=2
  step=8 node2d=1747 t=10.066 e=673.881 dt=0.729 de=60.938 act=MOVE angle=90 lastStop=2
  step=9 node2d=1746 t=12.691 e=919.157 dt=2.625 de=245.276 act=MOVE angle=180 lastStop=23
  step=10 node2d=290 t=13.521 e=911.532 dt=0.830 de=-7.625 act=MOVE angle=180 lastStop=23
  step=11 node2d=799 t=14.250 e=972.470 dt=0.729 de=60.938 act=MOVE angle=180 lastStop=23
  step=12 node2d=798 t=14.978 e=1033.408 dt=0.729 de=60.938 act=MOVE angle=180 lastStop=23
  step=13 node2d=797 t=15.707 e=1094.346 dt=0.729 de=60.938 act=MOVE angle=180 lastStop=23
  step=14 node2d=796 t=16.436 e=1155.283 dt=0.729 de=60.938 act=MOVE angle=180 lastStop=23
  step=15 node2d=795 t=17.165 e=1216.221 dt=0.729 de=60.938 act=MOVE angle=180 lastStop=23
  step=16 node2d=794 t=17.894 e=1277.159 dt=0.729 de=60.938 act=MOVE angle=180 lastStop=23

ECBS|agent=9|currentTime=0.967|start=1853|goal=1130|totalTime=38.198|totalEnergy=3036.218|steps=44
  step=0 node2d=1853 t=0.967 e=0.000 dt=0.000 de=0.000 act=START angle=0 lastStop=0
  step=1 node2d=1855 t=3.592 e=245.276 dt=2.625 de=245.276 act=MOVE angle=270 lastStop=0
  step=2 node2d=1854 t=6.217 e=490.552 dt=2.625 de=245.276 act=MOVE angle=0 lastStop=3
  step=3 node2d=249 t=7.047 e=482.927 dt=0.830 de=-7.625 act=MOVE angle=0 lastStop=3
  step=4 node2d=360 t=7.776 e=543.865 dt=0.729 de=60.938 act=MOVE angle=0 lastStop=3
  step=5 node2d=361 t=8.504 e=604.803 dt=0.729 de=60.938 act=MOVE angle=0 lastStop=3
  step=6 node2d=362 t=9.233 e=665.741 dt=0.729 de=60.938 act=MOVE angle=0 lastStop=3
  step=7 node2d=363 t=9.962 e=726.679 dt=0.729 de=60.938 act=MOVE angle=0 lastStop=3
  step=8 node2d=364 t=10.691 e=787.617 dt=0.729 de=60.938 act=MOVE angle=0 lastStop=3
  step=9 node2d=365 t=11.420 e=848.554 dt=0.729 de=60.938 act=MOVE angle=0 lastStop=3
  step=10 node2d=366 t=12.149 e=909.492 dt=0.729 de=60.938 act=MOVE angle=0 lastStop=3
  step=11 node2d=367 t=12.878 e=970.430 dt=0.729 de=60.938 act=MOVE angle=0 lastStop=3
  step=12 node2d=368 t=13.606 e=1031.368 dt=0.729 de=60.938 act=MOVE angle=0 lastStop=3
  step=13 node2d=369 t=14.335 e=1092.306 dt=0.729 de=60.938 act=MOVE angle=0 lastStop=3
  step=14 node2d=370 t=15.064 e=1153.244 dt=0.729 de=60.938 act=MOVE angle=0 lastStop=3
  step=15 node2d=371 t=15.793 e=1214.182 dt=0.729 de=60.938 act=MOVE angle=0 lastStop=3
  step=16 node2d=372 t=16.522 e=1275.120 dt=0.729 de=60.938 act=MOVE angle=0 lastStop=3
  step=17 node2d=373 t=17.251 e=1336.058 dt=0.729 de=60.938 act=MOVE angle=0 lastStop=3
  step=18 node2d=374 t=17.980 e=1396.996 dt=0.729 de=60.938 act=MOVE angle=0 lastStop=3
  step=19 node2d=375 t=18.708 e=1457.933 dt=0.729 de=60.938 act=MOVE angle=0 lastStop=3
  step=20 node2d=376 t=19.437 e=1518.871 dt=0.729 de=60.938 act=MOVE angle=0 lastStop=3
  step=21 node2d=377 t=20.166 e=1579.809 dt=0.729 de=60.938 act=MOVE angle=0 lastStop=3
  step=22 node2d=378 t=20.895 e=1640.747 dt=0.729 de=60.938 act=MOVE angle=0 lastStop=3
  step=23 node2d=379 t=21.624 e=1701.685 dt=0.729 de=60.938 act=MOVE angle=0 lastStop=3
  step=24 node2d=380 t=22.353 e=1762.623 dt=0.729 de=60.938 act=MOVE angle=0 lastStop=3
  step=25 node2d=381 t=23.082 e=1823.561 dt=0.729 de=60.938 act=MOVE angle=0 lastStop=3
  step=26 node2d=382 t=23.811 e=1884.499 dt=0.729 de=60.938 act=MOVE angle=0 lastStop=3
  step=27 node2d=426 t=26.436 e=2129.775 dt=2.625 de=245.276 act=MOVE angle=90 lastStop=118
  step=28 node2d=470 t=27.265 e=2122.150 dt=0.830 de=-7.625 act=MOVE angle=90 lastStop=118
  step=29 node2d=514 t=27.994 e=2183.088 dt=0.729 de=60.938 act=MOVE angle=90 lastStop=118
  step=30 node2d=558 t=28.723 e=2244.026 dt=0.729 de=60.938 act=MOVE angle=90 lastStop=118
  step=31 node2d=602 t=29.452 e=2304.964 dt=0.729 de=60.938 act=MOVE angle=90 lastStop=118
  step=32 node2d=646 t=30.181 e=2365.902 dt=0.729 de=60.938 act=MOVE angle=90 lastStop=118
  step=33 node2d=690 t=30.910 e=2426.839 dt=0.729 de=60.938 act=MOVE angle=90 lastStop=118
  step=34 node2d=734 t=31.638 e=2487.777 dt=0.729 de=60.938 act=MOVE angle=90 lastStop=118
  step=35 node2d=778 t=32.367 e=2548.715 dt=0.729 de=60.938 act=MOVE angle=90 lastStop=118
  step=36 node2d=822 t=33.096 e=2609.653 dt=0.729 de=60.938 act=MOVE angle=90 lastStop=118
  step=37 node2d=866 t=33.825 e=2670.591 dt=0.729 de=60.938 act=MOVE angle=90 lastStop=118
  step=38 node2d=910 t=34.554 e=2731.529 dt=0.729 de=60.938 act=MOVE angle=90 lastStop=118
  step=39 node2d=954 t=35.283 e=2792.467 dt=0.729 de=60.938 act=MOVE angle=90 lastStop=118
  step=40 node2d=998 t=36.012 e=2853.405 dt=0.729 de=60.938 act=MOVE angle=90 lastStop=118
  step=41 node2d=1042 t=36.740 e=2914.343 dt=0.729 de=60.938 act=MOVE angle=90 lastStop=118
  step=42 node2d=1086 t=37.469 e=2975.281 dt=0.729 de=60.938 act=MOVE angle=90 lastStop=118
  step=43 node2d=1130 t=38.198 e=3036.218 dt=0.729 de=60.938 act=MOVE angle=90 lastStop=118

ECBS|agent=10|currentTime=0.967|start=440|goal=357|totalTime=10.063|totalEnergy=658.116|steps=8
  step=0 node2d=440 t=0.967 e=0.000 dt=0.000 de=0.000 act=START angle=0 lastStop=0
  step=1 node2d=396 t=3.592 e=245.276 dt=2.625 de=245.276 act=MOVE angle=270 lastStop=0
  step=2 node2d=352 t=4.422 e=237.651 dt=0.830 de=-7.625 act=MOVE angle=270 lastStop=0
  step=3 node2d=353 t=7.047 e=482.927 dt=2.625 de=245.276 act=MOVE angle=0 lastStop=8
  step=4 node2d=354 t=7.876 e=475.302 dt=0.830 de=-7.625 act=MOVE angle=0 lastStop=8
  step=5 node2d=355 t=8.605 e=536.240 dt=0.729 de=60.938 act=MOVE angle=0 lastStop=8
  step=6 node2d=356 t=9.334 e=597.178 dt=0.729 de=60.938 act=MOVE angle=0 lastStop=8
  step=7 node2d=357 t=10.063 e=658.116 dt=0.729 de=60.938 act=MOVE angle=0 lastStop=8

ECBS|agent=11|currentTime=0.967|start=1275|goal=1149|totalTime=10.896|totalEnergy=752.948|steps=10
  step=0 node2d=1275 t=0.967 e=0.000 dt=0.000 de=0.000 act=START angle=0 lastStop=0
  step=1 node2d=1276 t=2.967 e=131.540 dt=2.000 de=131.540 act=MOVE angle=0 lastStop=0
  step=2 node2d=1277 t=3.797 e=210.607 dt=0.830 de=79.067 act=MOVE angle=0 lastStop=0
  step=3 node2d=1278 t=4.526 e=271.545 dt=0.729 de=60.938 act=MOVE angle=0 lastStop=0
  step=4 node2d=1279 t=5.254 e=332.483 dt=0.729 de=60.938 act=MOVE angle=0 lastStop=0
  step=5 node2d=1280 t=5.983 e=393.421 dt=0.729 de=60.938 act=MOVE angle=0 lastStop=0
  step=6 node2d=1281 t=6.712 e=454.359 dt=0.729 de=60.938 act=MOVE angle=0 lastStop=0
  step=7 node2d=1237 t=9.337 e=699.635 dt=2.625 de=245.276 act=MOVE angle=270 lastStop=38
  step=8 node2d=1193 t=10.167 e=692.010 dt=0.830 de=-7.625 act=MOVE angle=270 lastStop=38
  step=9 node2d=1149 t=10.896 e=752.948 dt=0.729 de=60.938 act=MOVE angle=270 lastStop=38

ECBS|agent=12|currentTime=0.967|start=1071|goal=1195|totalTime=32.033|totalEnergy=2520.147|steps=39
  step=0 node2d=1071 t=0.967 e=0.000 dt=0.000 de=0.000 act=START angle=0 lastStop=0
  step=1 node2d=1072 t=2.967 e=131.540 dt=2.000 de=131.540 act=MOVE angle=0 lastStop=0
  step=2 node2d=1073 t=3.797 e=210.607 dt=0.830 de=79.067 act=MOVE angle=0 lastStop=0
  step=3 node2d=1074 t=4.526 e=271.545 dt=0.729 de=60.938 act=MOVE angle=0 lastStop=0
  step=4 node2d=1075 t=5.254 e=332.483 dt=0.729 de=60.938 act=MOVE angle=0 lastStop=0
  step=5 node2d=1076 t=5.983 e=393.421 dt=0.729 de=60.938 act=MOVE angle=0 lastStop=0
  step=6 node2d=1077 t=6.712 e=454.359 dt=0.729 de=60.938 act=MOVE angle=0 lastStop=0
  step=7 node2d=1078 t=7.441 e=515.297 dt=0.729 de=60.938 act=MOVE angle=0 lastStop=0
  step=8 node2d=1079 t=8.170 e=576.235 dt=0.729 de=60.938 act=MOVE angle=0 lastStop=0
  step=9 node2d=1080 t=8.899 e=637.173 dt=0.729 de=60.938 act=MOVE angle=0 lastStop=0
  step=10 node2d=1081 t=9.628 e=698.111 dt=0.729 de=60.938 act=MOVE angle=0 lastStop=0
  step=11 node2d=1082 t=10.356 e=759.049 dt=0.729 de=60.938 act=MOVE angle=0 lastStop=0
  step=12 node2d=1083 t=11.085 e=819.986 dt=0.729 de=60.938 act=MOVE angle=0 lastStop=0
  step=13 node2d=1084 t=11.814 e=880.924 dt=0.729 de=60.938 act=MOVE angle=0 lastStop=0
  step=14 node2d=1085 t=12.543 e=941.862 dt=0.729 de=60.938 act=MOVE angle=0 lastStop=0
  step=15 node2d=1086 t=13.272 e=1002.800 dt=0.729 de=60.938 act=MOVE angle=0 lastStop=0
  step=16 node2d=1087 t=14.001 e=1063.738 dt=0.729 de=60.938 act=MOVE angle=0 lastStop=0
  step=17 node2d=1088 t=14.730 e=1124.676 dt=0.729 de=60.938 act=MOVE angle=0 lastStop=0
  step=18 node2d=1089 t=15.458 e=1185.614 dt=0.729 de=60.938 act=MOVE angle=0 lastStop=0
  step=19 node2d=1090 t=16.187 e=1246.552 dt=0.729 de=60.938 act=MOVE angle=0 lastStop=0
  step=20 node2d=1091 t=16.916 e=1307.490 dt=0.729 de=60.938 act=MOVE angle=0 lastStop=0
  step=21 node2d=1092 t=17.645 e=1368.428 dt=0.729 de=60.938 act=MOVE angle=0 lastStop=0
  step=22 node2d=1093 t=18.374 e=1429.365 dt=0.729 de=60.938 act=MOVE angle=0 lastStop=0
  step=23 node2d=1094 t=19.103 e=1490.303 dt=0.729 de=60.938 act=MOVE angle=0 lastStop=0
  step=24 node2d=1095 t=19.832 e=1551.241 dt=0.729 de=60.938 act=MOVE angle=0 lastStop=0
  step=25 node2d=1096 t=20.561 e=1612.179 dt=0.729 de=60.938 act=MOVE angle=0 lastStop=0
  step=26 node2d=1097 t=21.289 e=1673.117 dt=0.729 de=60.938 act=MOVE angle=0 lastStop=0
  step=27 node2d=1098 t=22.018 e=1734.055 dt=0.729 de=60.938 act=MOVE angle=0 lastStop=0
  step=28 node2d=1099 t=22.747 e=1794.993 dt=0.729 de=60.938 act=MOVE angle=0 lastStop=0
  step=29 node2d=1100 t=23.476 e=1855.931 dt=0.729 de=60.938 act=MOVE angle=0 lastStop=0
  step=30 node2d=1101 t=24.205 e=1916.869 dt=0.729 de=60.938 act=MOVE angle=0 lastStop=0
  step=31 node2d=1102 t=24.934 e=1977.807 dt=0.729 de=60.938 act=MOVE angle=0 lastStop=0
  step=32 node2d=1103 t=25.663 e=2038.744 dt=0.729 de=60.938 act=MOVE angle=0 lastStop=0
  step=33 node2d=1104 t=26.391 e=2099.682 dt=0.729 de=60.938 act=MOVE angle=0 lastStop=0
  step=34 node2d=1105 t=27.120 e=2160.620 dt=0.729 de=60.938 act=MOVE angle=0 lastStop=0
  step=35 node2d=1106 t=27.849 e=2221.558 dt=0.729 de=60.938 act=MOVE angle=0 lastStop=0
  step=36 node2d=1107 t=28.578 e=2282.496 dt=0.729 de=60.938 act=MOVE angle=0 lastStop=0
  step=37 node2d=1151 t=31.203 e=2527.772 dt=2.625 de=245.276 act=MOVE angle=90 lastStop=148
  step=38 node2d=1195 t=32.033 e=2520.147 dt=0.830 de=-7.625 act=MOVE angle=90 lastStop=148

ECBS|agent=13|currentTime=0.967|start=975|goal=1589|totalTime=17.248|totalEnergy=1233.601|steps=17
  step=0 node2d=975 t=0.967 e=0.000 dt=0.000 de=0.000 act=START angle=0 lastStop=0
  step=1 node2d=974 t=4.217 e=286.174 dt=3.250 de=286.174 act=MOVE angle=180 lastStop=0
  step=2 node2d=973 t=5.047 e=264.695 dt=0.830 de=-21.479 act=MOVE angle=180 lastStop=0
  step=3 node2d=1017 t=7.672 e=509.971 dt=2.625 de=245.276 act=MOVE angle=90 lastStop=6
  step=4 node2d=1061 t=8.501 e=502.346 dt=0.830 de=-7.625 act=MOVE angle=90 lastStop=6
  step=5 node2d=1105 t=9.230 e=563.284 dt=0.729 de=60.938 act=MOVE angle=90 lastStop=6
  step=6 node2d=1149 t=9.959 e=624.222 dt=0.729 de=60.938 act=MOVE angle=90 lastStop=6
  step=7 node2d=1193 t=10.688 e=685.160 dt=0.729 de=60.938 act=MOVE angle=90 lastStop=6
  step=8 node2d=1237 t=11.417 e=746.098 dt=0.729 de=60.938 act=MOVE angle=90 lastStop=6
  step=9 node2d=1281 t=12.146 e=807.036 dt=0.729 de=60.938 act=MOVE angle=90 lastStop=6
  step=10 node2d=1325 t=12.875 e=867.974 dt=0.729 de=60.938 act=MOVE angle=90 lastStop=6
  step=11 node2d=1369 t=13.603 e=928.911 dt=0.729 de=60.938 act=MOVE angle=90 lastStop=6
  step=12 node2d=1413 t=14.332 e=989.849 dt=0.729 de=60.938 act=MOVE angle=90 lastStop=6
  step=13 node2d=1457 t=15.061 e=1050.787 dt=0.729 de=60.938 act=MOVE angle=90 lastStop=6
  step=14 node2d=1501 t=15.790 e=1111.725 dt=0.729 de=60.938 act=MOVE angle=90 lastStop=6
  step=15 node2d=1545 t=16.519 e=1172.663 dt=0.729 de=60.938 act=MOVE angle=90 lastStop=6
  step=16 node2d=1589 t=17.248 e=1233.601 dt=0.729 de=60.938 act=MOVE angle=90 lastStop=6

ECBS|agent=14|currentTime=0.967|start=223|goal=1131|totalTime=18.080|totalEnergy=1328.433|steps=19
  step=0 node2d=223 t=0.967 e=0.000 dt=0.000 de=0.000 act=START angle=0 lastStop=0
  step=1 node2d=1699 t=3.592 e=245.276 dt=2.625 de=245.276 act=MOVE angle=270 lastStop=0
  step=2 node2d=1655 t=4.422 e=237.651 dt=0.830 de=-7.625 act=MOVE angle=270 lastStop=0
  step=3 node2d=1611 t=5.151 e=298.589 dt=0.729 de=60.938 act=MOVE angle=270 lastStop=0
  step=4 node2d=1567 t=5.879 e=359.527 dt=0.729 de=60.938 act=MOVE angle=270 lastStop=0
  step=5 node2d=1523 t=6.608 e=420.465 dt=0.729 de=60.938 act=MOVE angle=270 lastStop=0
  step=6 node2d=1479 t=7.337 e=481.403 dt=0.729 de=60.938 act=MOVE angle=270 lastStop=0
  step=7 node2d=1435 t=8.066 e=542.341 dt=0.729 de=60.938 act=MOVE angle=270 lastStop=0
  step=8 node2d=1391 t=8.795 e=603.279 dt=0.729 de=60.938 act=MOVE angle=270 lastStop=0
  step=9 node2d=1347 t=9.524 e=664.216 dt=0.729 de=60.938 act=MOVE angle=270 lastStop=0
  step=10 node2d=1303 t=10.253 e=725.154 dt=0.729 de=60.938 act=MOVE angle=270 lastStop=0
  step=11 node2d=1259 t=10.981 e=786.092 dt=0.729 de=60.938 act=MOVE angle=270 lastStop=0
  step=12 node2d=1215 t=11.710 e=847.030 dt=0.729 de=60.938 act=MOVE angle=270 lastStop=0
  step=13 node2d=1171 t=12.439 e=907.968 dt=0.729 de=60.938 act=MOVE angle=270 lastStop=0
  step=14 node2d=1127 t=13.168 e=968.906 dt=0.729 de=60.938 act=MOVE angle=270 lastStop=0
  step=15 node2d=1128 t=15.793 e=1214.182 dt=2.625 de=245.276 act=MOVE angle=0 lastStop=63
  step=16 node2d=1129 t=16.623 e=1206.557 dt=0.830 de=-7.625 act=MOVE angle=0 lastStop=63
  step=17 node2d=1130 t=17.352 e=1267.495 dt=0.729 de=60.938 act=MOVE angle=0 lastStop=63
  step=18 node2d=1131 t=18.080 e=1328.433 dt=0.729 de=60.938 act=MOVE angle=0 lastStop=63

ECBS|agent=15|currentTime=0.967|start=269|goal=1268|totalTime=23.476|totalEnergy=1855.931|steps=30
  step=0 node2d=269 t=0.967 e=0.000 dt=0.000 de=0.000 act=START angle=0 lastStop=0
  step=1 node2d=1240 t=2.967 e=131.540 dt=2.000 de=131.540 act=MOVE angle=0 lastStop=0
  step=2 node2d=1241 t=3.797 e=210.607 dt=0.830 de=79.067 act=MOVE angle=0 lastStop=0
  step=3 node2d=1242 t=4.526 e=271.545 dt=0.729 de=60.938 act=MOVE angle=0 lastStop=0
  step=4 node2d=1243 t=5.254 e=332.483 dt=0.729 de=60.938 act=MOVE angle=0 lastStop=0
  step=5 node2d=1244 t=5.983 e=393.421 dt=0.729 de=60.938 act=MOVE angle=0 lastStop=0
  step=6 node2d=1245 t=6.712 e=454.359 dt=0.729 de=60.938 act=MOVE angle=0 lastStop=0
  step=7 node2d=1246 t=7.441 e=515.297 dt=0.729 de=60.938 act=MOVE angle=0 lastStop=0
  step=8 node2d=1247 t=8.170 e=576.235 dt=0.729 de=60.938 act=MOVE angle=0 lastStop=0
  step=9 node2d=1248 t=8.899 e=637.173 dt=0.729 de=60.938 act=MOVE angle=0 lastStop=0
  step=10 node2d=1249 t=9.628 e=698.111 dt=0.729 de=60.938 act=MOVE angle=0 lastStop=0
  step=11 node2d=1250 t=10.356 e=759.049 dt=0.729 de=60.938 act=MOVE angle=0 lastStop=0
  step=12 node2d=1251 t=11.085 e=819.986 dt=0.729 de=60.938 act=MOVE angle=0 lastStop=0
  step=13 node2d=1252 t=11.814 e=880.924 dt=0.729 de=60.938 act=MOVE angle=0 lastStop=0
  step=14 node2d=1253 t=12.543 e=941.862 dt=0.729 de=60.938 act=MOVE angle=0 lastStop=0
  step=15 node2d=1254 t=13.272 e=1002.800 dt=0.729 de=60.938 act=MOVE angle=0 lastStop=0
  step=16 node2d=1255 t=14.001 e=1063.738 dt=0.729 de=60.938 act=MOVE angle=0 lastStop=0
  step=17 node2d=1256 t=14.730 e=1124.676 dt=0.729 de=60.938 act=MOVE angle=0 lastStop=0
  step=18 node2d=1257 t=15.458 e=1185.614 dt=0.729 de=60.938 act=MOVE angle=0 lastStop=0
  step=19 node2d=1258 t=16.187 e=1246.552 dt=0.729 de=60.938 act=MOVE angle=0 lastStop=0
  step=20 node2d=1259 t=16.916 e=1307.490 dt=0.729 de=60.938 act=MOVE angle=0 lastStop=0
  step=21 node2d=1260 t=17.645 e=1368.428 dt=0.729 de=60.938 act=MOVE angle=0 lastStop=0
  step=22 node2d=1261 t=18.374 e=1429.365 dt=0.729 de=60.938 act=MOVE angle=0 lastStop=0
  step=23 node2d=1262 t=19.103 e=1490.303 dt=0.729 de=60.938 act=MOVE angle=0 lastStop=0
  step=24 node2d=1263 t=19.832 e=1551.241 dt=0.729 de=60.938 act=MOVE angle=0 lastStop=0
  step=25 node2d=1264 t=20.561 e=1612.179 dt=0.729 de=60.938 act=MOVE angle=0 lastStop=0
  step=26 node2d=1265 t=21.289 e=1673.117 dt=0.729 de=60.938 act=MOVE angle=0 lastStop=0
  step=27 node2d=1266 t=22.018 e=1734.055 dt=0.729 de=60.938 act=MOVE angle=0 lastStop=0
  step=28 node2d=1267 t=22.747 e=1794.993 dt=0.729 de=60.938 act=MOVE angle=0 lastStop=0
  step=29 node2d=1268 t=23.476 e=1855.931 dt=0.729 de=60.938 act=MOVE angle=0 lastStop=0

ECBS|agent=16|currentTime=0.967|start=1737|goal=485|totalTime=16.332|totalEnergy=1208.081|steps=14
  step=0 node2d=1737 t=0.967 e=0.000 dt=0.000 de=0.000 act=START angle=0 lastStop=0
  step=1 node2d=1739 t=3.592 e=245.276 dt=2.625 de=245.276 act=MOVE angle=90 lastStop=0
  step=2 node2d=1738 t=6.217 e=490.552 dt=2.625 de=245.276 act=MOVE angle=180 lastStop=3
  step=3 node2d=286 t=7.047 e=482.927 dt=0.830 de=-7.625 act=MOVE angle=180 lastStop=3
  step=4 node2d=623 t=7.776 e=543.865 dt=0.729 de=60.938 act=MOVE angle=180 lastStop=3
  step=5 node2d=622 t=8.504 e=604.803 dt=0.729 de=60.938 act=MOVE angle=180 lastStop=3
  step=6 node2d=621 t=9.233 e=665.741 dt=0.729 de=60.938 act=MOVE angle=180 lastStop=3
  step=7 node2d=620 t=9.962 e=726.679 dt=0.729 de=60.938 act=MOVE angle=180 lastStop=3
  step=8 node2d=619 t=10.691 e=787.617 dt=0.729 de=60.938 act=MOVE angle=180 lastStop=3
  step=9 node2d=618 t=11.420 e=848.554 dt=0.729 de=60.938 act=MOVE angle=180 lastStop=3
  step=10 node2d=617 t=12.149 e=909.492 dt=0.729 de=60.938 act=MOVE angle=180 lastStop=3
  step=11 node2d=573 t=14.774 e=1154.768 dt=2.625 de=245.276 act=MOVE angle=270 lastStop=39
  step=12 node2d=529 t=15.603 e=1147.144 dt=0.830 de=-7.625 act=MOVE angle=270 lastStop=39
  step=13 node2d=485 t=16.332 e=1208.081 dt=0.729 de=60.938 act=MOVE angle=270 lastStop=39

ECBS|agent=17|currentTime=0.967|start=1769|goal=1454|totalTime=15.603|totalEnergy=1147.144|steps=13
  step=0 node2d=1769 t=0.967 e=0.000 dt=0.000 de=0.000 act=START angle=0 lastStop=0
  step=1 node2d=1771 t=3.592 e=245.276 dt=2.625 de=245.276 act=MOVE angle=90 lastStop=0
  step=2 node2d=1773 t=4.422 e=237.651 dt=0.830 de=-7.625 act=MOVE angle=90 lastStop=0
  step=3 node2d=1775 t=5.151 e=298.589 dt=0.729 de=60.938 act=MOVE angle=90 lastStop=0
  step=4 node2d=1774 t=7.776 e=543.865 dt=2.625 de=245.276 act=MOVE angle=180 lastStop=9
  step=5 node2d=304 t=8.605 e=536.240 dt=0.830 de=-7.625 act=MOVE angle=180 lastStop=9
  step=6 node2d=1415 t=9.334 e=597.178 dt=0.729 de=60.938 act=MOVE angle=180 lastStop=9
  step=7 node2d=1414 t=10.063 e=658.116 dt=0.729 de=60.938 act=MOVE angle=180 lastStop=9
  step=8 node2d=1413 t=10.792 e=719.054 dt=0.729 de=60.938 act=MOVE angle=180 lastStop=9
  step=9 node2d=1412 t=11.521 e=779.992 dt=0.729 de=60.938 act=MOVE angle=180 lastStop=9
  step=10 node2d=1411 t=12.250 e=840.930 dt=0.729 de=60.938 act=MOVE angle=180 lastStop=9
  step=11 node2d=1410 t=12.978 e=901.868 dt=0.729 de=60.938 act=MOVE angle=180 lastStop=9
  step=12 node2d=1454 t=15.603 e=1147.144 dt=2.625 de=245.276 act=MOVE angle=90 lastStop=42

ECBS|agent=18|currentTime=0.967|start=289|goal=1132|totalTime=26.098|totalEnergy=1998.750|steps=30
  step=0 node2d=289 t=0.967 e=0.000 dt=0.000 de=0.000 act=START angle=0 lastStop=0
  step=1 node2d=290 t=3.592 e=245.276 dt=2.625 de=245.276 act=MOVE angle=90 lastStop=0
  step=2 node2d=291 t=4.422 e=237.651 dt=0.830 de=-7.625 act=MOVE angle=90 lastStop=0
  step=3 node2d=292 t=5.151 e=298.589 dt=0.729 de=60.938 act=MOVE angle=90 lastStop=0
  step=4 node2d=293 t=5.879 e=359.527 dt=0.729 de=60.938 act=MOVE angle=90 lastStop=0
  step=5 node2d=294 t=6.608 e=420.465 dt=0.729 de=60.938 act=MOVE angle=90 lastStop=0
  step=6 node2d=295 t=7.337 e=481.403 dt=0.729 de=60.938 act=MOVE angle=90 lastStop=0
  step=7 node2d=296 t=8.066 e=542.341 dt=0.729 de=60.938 act=MOVE angle=90 lastStop=0
  step=8 node2d=297 t=8.795 e=603.279 dt=0.729 de=60.938 act=MOVE angle=90 lastStop=0
  step=9 node2d=298 t=9.524 e=664.216 dt=0.729 de=60.938 act=MOVE angle=90 lastStop=0
  step=10 node2d=1151 t=12.149 e=909.492 dt=2.625 de=245.276 act=MOVE angle=180 lastStop=30
  step=11 node2d=1150 t=12.978 e=901.868 dt=0.830 de=-7.625 act=MOVE angle=180 lastStop=30
  step=12 node2d=1149 t=13.707 e=962.806 dt=0.729 de=60.938 act=MOVE angle=180 lastStop=30
  step=13 node2d=1148 t=14.436 e=1023.743 dt=0.729 de=60.938 act=MOVE angle=180 lastStop=30
  step=14 node2d=1147 t=15.165 e=1084.681 dt=0.729 de=60.938 act=MOVE angle=180 lastStop=30
  step=15 node2d=1146 t=15.894 e=1145.619 dt=0.729 de=60.938 act=MOVE angle=180 lastStop=30
  step=16 node2d=1145 t=16.623 e=1206.557 dt=0.729 de=60.938 act=MOVE angle=180 lastStop=30
  step=17 node2d=1144 t=17.352 e=1267.495 dt=0.729 de=60.938 act=MOVE angle=180 lastStop=30
  step=18 node2d=1143 t=18.080 e=1328.433 dt=0.729 de=60.938 act=MOVE angle=180 lastStop=30
  step=19 node2d=1142 t=18.809 e=1389.371 dt=0.729 de=60.938 act=MOVE angle=180 lastStop=30
  step=20 node2d=1141 t=19.538 e=1450.309 dt=0.729 de=60.938 act=MOVE angle=180 lastStop=30
  step=21 node2d=1140 t=20.267 e=1511.247 dt=0.729 de=60.938 act=MOVE angle=180 lastStop=30
  step=22 node2d=1139 t=20.996 e=1572.185 dt=0.729 de=60.938 act=MOVE angle=180 lastStop=30
  step=23 node2d=1138 t=21.725 e=1633.122 dt=0.729 de=60.938 act=MOVE angle=180 lastStop=30
  step=24 node2d=1137 t=22.454 e=1694.060 dt=0.729 de=60.938 act=MOVE angle=180 lastStop=30
  step=25 node2d=1136 t=23.183 e=1754.998 dt=0.729 de=60.938 act=MOVE angle=180 lastStop=30
  step=26 node2d=1135 t=23.911 e=1815.936 dt=0.729 de=60.938 act=MOVE angle=180 lastStop=30
  step=27 node2d=1134 t=24.640 e=1876.874 dt=0.729 de=60.938 act=MOVE angle=180 lastStop=30
  step=28 node2d=1133 t=25.369 e=1937.812 dt=0.729 de=60.938 act=MOVE angle=180 lastStop=30
  step=29 node2d=1132 t=26.098 e=1998.750 dt=0.729 de=60.938 act=MOVE angle=180 lastStop=30

ECBS|agent=19|currentTime=0.967|start=1608|goal=503|totalTime=26.827|totalEnergy=2059.688|steps=31
  step=0 node2d=1608 t=0.967 e=0.000 dt=0.000 de=0.000 act=START angle=0 lastStop=0
  step=1 node2d=1564 t=3.592 e=245.276 dt=2.625 de=245.276 act=MOVE angle=270 lastStop=0
  step=2 node2d=1520 t=4.422 e=237.651 dt=0.830 de=-7.625 act=MOVE angle=270 lastStop=0
  step=3 node2d=1476 t=5.151 e=298.589 dt=0.729 de=60.938 act=MOVE angle=270 lastStop=0
  step=4 node2d=1432 t=5.879 e=359.527 dt=0.729 de=60.938 act=MOVE angle=270 lastStop=0
  step=5 node2d=1388 t=6.608 e=420.465 dt=0.729 de=60.938 act=MOVE angle=270 lastStop=0
  step=6 node2d=1344 t=7.337 e=481.403 dt=0.729 de=60.938 act=MOVE angle=270 lastStop=0
  step=7 node2d=1300 t=8.066 e=542.341 dt=0.729 de=60.938 act=MOVE angle=270 lastStop=0
  step=8 node2d=1256 t=8.795 e=603.279 dt=0.729 de=60.938 act=MOVE angle=270 lastStop=0
  step=9 node2d=1212 t=9.524 e=664.216 dt=0.729 de=60.938 act=MOVE angle=270 lastStop=0
  step=10 node2d=1168 t=10.253 e=725.154 dt=0.729 de=60.938 act=MOVE angle=270 lastStop=0
  step=11 node2d=1124 t=10.981 e=786.092 dt=0.729 de=60.938 act=MOVE angle=270 lastStop=0
  step=12 node2d=1080 t=11.710 e=847.030 dt=0.729 de=60.938 act=MOVE angle=270 lastStop=0
  step=13 node2d=1036 t=12.439 e=907.968 dt=0.729 de=60.938 act=MOVE angle=270 lastStop=0
  step=14 node2d=992 t=13.168 e=968.906 dt=0.729 de=60.938 act=MOVE angle=270 lastStop=0
  step=15 node2d=948 t=13.897 e=1029.844 dt=0.729 de=60.938 act=MOVE angle=270 lastStop=0
  step=16 node2d=904 t=14.626 e=1090.782 dt=0.729 de=60.938 act=MOVE angle=270 lastStop=0
  step=17 node2d=860 t=15.355 e=1151.720 dt=0.729 de=60.938 act=MOVE angle=270 lastStop=0
  step=18 node2d=816 t=16.083 e=1212.658 dt=0.729 de=60.938 act=MOVE angle=270 lastStop=0
  step=19 node2d=772 t=16.812 e=1273.595 dt=0.729 de=60.938 act=MOVE angle=270 lastStop=0
  step=20 node2d=728 t=17.541 e=1334.533 dt=0.729 de=60.938 act=MOVE angle=270 lastStop=0
  step=21 node2d=684 t=18.270 e=1395.471 dt=0.729 de=60.938 act=MOVE angle=270 lastStop=0
  step=22 node2d=640 t=18.999 e=1456.409 dt=0.729 de=60.938 act=MOVE angle=270 lastStop=0
  step=23 node2d=596 t=19.728 e=1517.347 dt=0.729 de=60.938 act=MOVE angle=270 lastStop=0
  step=24 node2d=552 t=20.457 e=1578.285 dt=0.729 de=60.938 act=MOVE angle=270 lastStop=0
  step=25 node2d=508 t=21.186 e=1639.223 dt=0.729 de=60.938 act=MOVE angle=270 lastStop=0
  step=26 node2d=507 t=23.811 e=1884.499 dt=2.625 de=245.276 act=MOVE angle=180 lastStop=115
  step=27 node2d=506 t=24.640 e=1876.874 dt=0.830 de=-7.625 act=MOVE angle=180 lastStop=115
  step=28 node2d=505 t=25.369 e=1937.812 dt=0.729 de=60.938 act=MOVE angle=180 lastStop=115
  step=29 node2d=504 t=26.098 e=1998.750 dt=0.729 de=60.938 act=MOVE angle=180 lastStop=115
  step=30 node2d=503 t=26.827 e=2059.688 dt=0.729 de=60.938 act=MOVE angle=180 lastStop=115

ECBS|agent=20|currentTime=0.967|start=1476|goal=499|totalTime=27.556|totalEnergy=2120.626|steps=32
  step=0 node2d=1476 t=0.967 e=0.000 dt=0.000 de=0.000 act=START angle=0 lastStop=0
  step=1 node2d=1432 t=3.592 e=245.276 dt=2.625 de=245.276 act=MOVE angle=270 lastStop=0
  step=2 node2d=1388 t=4.422 e=237.651 dt=0.830 de=-7.625 act=MOVE angle=270 lastStop=0
  step=3 node2d=1344 t=5.151 e=298.589 dt=0.729 de=60.938 act=MOVE angle=270 lastStop=0
  step=4 node2d=1300 t=5.879 e=359.527 dt=0.729 de=60.938 act=MOVE angle=270 lastStop=0
  step=5 node2d=1256 t=6.608 e=420.465 dt=0.729 de=60.938 act=MOVE angle=270 lastStop=0
  step=6 node2d=1212 t=7.337 e=481.403 dt=0.729 de=60.938 act=MOVE angle=270 lastStop=0
  step=7 node2d=1168 t=8.066 e=542.341 dt=0.729 de=60.938 act=MOVE angle=270 lastStop=0
  step=8 node2d=1124 t=8.795 e=603.279 dt=0.729 de=60.938 act=MOVE angle=270 lastStop=0
  step=9 node2d=1080 t=9.524 e=664.216 dt=0.729 de=60.938 act=MOVE angle=270 lastStop=0
  step=10 node2d=1036 t=10.253 e=725.154 dt=0.729 de=60.938 act=MOVE angle=270 lastStop=0
  step=11 node2d=992 t=10.981 e=786.092 dt=0.729 de=60.938 act=MOVE angle=270 lastStop=0
  step=12 node2d=948 t=11.710 e=847.030 dt=0.729 de=60.938 act=MOVE angle=270 lastStop=0
  step=13 node2d=904 t=12.439 e=907.968 dt=0.729 de=60.938 act=MOVE angle=270 lastStop=0
  step=14 node2d=860 t=13.168 e=968.906 dt=0.729 de=60.938 act=MOVE angle=270 lastStop=0
  step=15 node2d=816 t=13.897 e=1029.844 dt=0.729 de=60.938 act=MOVE angle=270 lastStop=0
  step=16 node2d=772 t=14.626 e=1090.782 dt=0.729 de=60.938 act=MOVE angle=270 lastStop=0
  step=17 node2d=728 t=15.355 e=1151.720 dt=0.729 de=60.938 act=MOVE angle=270 lastStop=0
  step=18 node2d=684 t=16.083 e=1212.658 dt=0.729 de=60.938 act=MOVE angle=270 lastStop=0
  step=19 node2d=640 t=16.812 e=1273.595 dt=0.729 de=60.938 act=MOVE angle=270 lastStop=0
  step=20 node2d=596 t=17.541 e=1334.533 dt=0.729 de=60.938 act=MOVE angle=270 lastStop=0
  step=21 node2d=552 t=18.270 e=1395.471 dt=0.729 de=60.938 act=MOVE angle=270 lastStop=0
  step=22 node2d=508 t=18.999 e=1456.409 dt=0.729 de=60.938 act=MOVE angle=270 lastStop=0
  step=23 node2d=507 t=21.624 e=1701.685 dt=2.625 de=245.276 act=MOVE angle=180 lastStop=101
  step=24 node2d=506 t=22.454 e=1694.060 dt=0.830 de=-7.625 act=MOVE angle=180 lastStop=101
  step=25 node2d=505 t=23.183 e=1754.998 dt=0.729 de=60.938 act=MOVE angle=180 lastStop=101
  step=26 node2d=504 t=23.911 e=1815.936 dt=0.729 de=60.938 act=MOVE angle=180 lastStop=101
  step=27 node2d=503 t=24.640 e=1876.874 dt=0.729 de=60.938 act=MOVE angle=180 lastStop=101
  step=28 node2d=502 t=25.369 e=1937.812 dt=0.729 de=60.938 act=MOVE angle=180 lastStop=101
  step=29 node2d=501 t=26.098 e=1998.750 dt=0.729 de=60.938 act=MOVE angle=180 lastStop=101
  step=30 node2d=500 t=26.827 e=2059.688 dt=0.729 de=60.938 act=MOVE angle=180 lastStop=101
  step=31 node2d=499 t=27.556 e=2120.626 dt=0.729 de=60.938 act=MOVE angle=180 lastStop=101

ECBS|agent=21|currentTime=0.967|start=465|goal=894|totalTime=20.892|totalEnergy=1538.290|steps=22
  step=0 node2d=465 t=0.967 e=0.000 dt=0.000 de=0.000 act=START angle=0 lastStop=0
  step=1 node2d=464 t=4.217 e=286.174 dt=3.250 de=286.174 act=MOVE angle=180 lastStop=0
  step=2 node2d=463 t=5.047 e=264.695 dt=0.830 de=-21.479 act=MOVE angle=180 lastStop=0
  step=3 node2d=462 t=5.776 e=325.633 dt=0.729 de=60.938 act=MOVE angle=180 lastStop=0
  step=4 node2d=461 t=6.504 e=386.571 dt=0.729 de=60.938 act=MOVE angle=180 lastStop=0
  step=5 node2d=460 t=7.233 e=447.509 dt=0.729 de=60.938 act=MOVE angle=180 lastStop=0
  step=6 node2d=459 t=7.962 e=508.447 dt=0.729 de=60.938 act=MOVE angle=180 lastStop=0
  step=7 node2d=458 t=8.691 e=569.384 dt=0.729 de=60.938 act=MOVE angle=180 lastStop=0
  step=8 node2d=457 t=9.420 e=630.322 dt=0.729 de=60.938 act=MOVE angle=180 lastStop=0
  step=9 node2d=456 t=10.149 e=691.260 dt=0.729 de=60.938 act=MOVE angle=180 lastStop=0
  step=10 node2d=455 t=10.878 e=752.198 dt=0.729 de=60.938 act=MOVE angle=180 lastStop=0
  step=11 node2d=454 t=11.606 e=813.136 dt=0.729 de=60.938 act=MOVE angle=180 lastStop=0
  step=12 node2d=498 t=14.231 e=1058.412 dt=2.625 de=245.276 act=MOVE angle=90 lastStop=50
  step=13 node2d=542 t=15.061 e=1050.787 dt=0.830 de=-7.625 act=MOVE angle=90 lastStop=50
  step=14 node2d=586 t=15.790 e=1111.725 dt=0.729 de=60.938 act=MOVE angle=90 lastStop=50
  step=15 node2d=630 t=16.519 e=1172.663 dt=0.729 de=60.938 act=MOVE angle=90 lastStop=50
  step=16 node2d=674 t=17.248 e=1233.601 dt=0.729 de=60.938 act=MOVE angle=90 lastStop=50
  step=17 node2d=718 t=17.977 e=1294.539 dt=0.729 de=60.938 act=MOVE angle=90 lastStop=50
  step=18 node2d=762 t=18.705 e=1355.477 dt=0.729 de=60.938 act=MOVE angle=90 lastStop=50
  step=19 node2d=806 t=19.434 e=1416.415 dt=0.729 de=60.938 act=MOVE angle=90 lastStop=50
  step=20 node2d=850 t=20.163 e=1477.353 dt=0.729 de=60.938 act=MOVE angle=90 lastStop=50
  step=21 node2d=894 t=20.892 e=1538.290 dt=0.729 de=60.938 act=MOVE angle=90 lastStop=50

ECBS|agent=22|currentTime=0.967|start=1078|goal=1175|totalTime=12.353|totalEnergy=874.824|steps=12
  step=0 node2d=1078 t=0.967 e=0.000 dt=0.000 de=0.000 act=START angle=0 lastStop=0
  step=1 node2d=1079 t=2.967 e=131.540 dt=2.000 de=131.540 act=MOVE angle=0 lastStop=0
  step=2 node2d=1080 t=3.797 e=210.607 dt=0.830 de=79.067 act=MOVE angle=0 lastStop=0
  step=3 node2d=1081 t=4.526 e=271.545 dt=0.729 de=60.938 act=MOVE angle=0 lastStop=0
  step=4 node2d=1082 t=5.254 e=332.483 dt=0.729 de=60.938 act=MOVE angle=0 lastStop=0
  step=5 node2d=1083 t=5.983 e=393.421 dt=0.729 de=60.938 act=MOVE angle=0 lastStop=0
  step=6 node2d=1084 t=6.712 e=454.359 dt=0.729 de=60.938 act=MOVE angle=0 lastStop=0
  step=7 node2d=1085 t=7.441 e=515.297 dt=0.729 de=60.938 act=MOVE angle=0 lastStop=0
  step=8 node2d=1086 t=8.170 e=576.235 dt=0.729 de=60.938 act=MOVE angle=0 lastStop=0
  step=9 node2d=1087 t=8.899 e=637.173 dt=0.729 de=60.938 act=MOVE angle=0 lastStop=0
  step=10 node2d=1131 t=11.524 e=882.449 dt=2.625 de=245.276 act=MOVE angle=90 lastStop=43
  step=11 node2d=1175 t=12.353 e=874.824 dt=0.830 de=-7.625 act=MOVE angle=90 lastStop=43

ECBS|agent=23|currentTime=0.967|start=342|goal=344|totalTime=3.797|totalEnergy=210.607|steps=3
  step=0 node2d=342 t=0.967 e=0.000 dt=0.000 de=0.000 act=START angle=0 lastStop=0
  step=1 node2d=343 t=2.967 e=131.540 dt=2.000 de=131.540 act=MOVE angle=0 lastStop=0
  step=2 node2d=344 t=3.797 e=210.607 dt=0.830 de=79.067 act=MOVE angle=0 lastStop=0

ECBS|agent=24|currentTime=0.967|start=689|goal=531|totalTime=20.996|totalEnergy=1572.185|steps=23
  step=0 node2d=689 t=0.967 e=0.000 dt=0.000 de=0.000 act=START angle=0 lastStop=0
  step=1 node2d=645 t=3.592 e=245.276 dt=2.625 de=245.276 act=MOVE angle=270 lastStop=0
  step=2 node2d=601 t=4.422 e=237.651 dt=0.830 de=-7.625 act=MOVE angle=270 lastStop=0
  step=3 node2d=557 t=5.151 e=298.589 dt=0.729 de=60.938 act=MOVE angle=270 lastStop=0
  step=4 node2d=513 t=5.879 e=359.527 dt=0.729 de=60.938 act=MOVE angle=270 lastStop=0
  step=5 node2d=514 t=8.504 e=604.803 dt=2.625 de=245.276 act=MOVE angle=0 lastStop=17
  step=6 node2d=515 t=9.334 e=597.178 dt=0.830 de=-7.625 act=MOVE angle=0 lastStop=17
  step=7 node2d=516 t=10.063 e=658.116 dt=0.729 de=60.938 act=MOVE angle=0 lastStop=17
  step=8 node2d=517 t=10.792 e=719.054 dt=0.729 de=60.938 act=MOVE angle=0 lastStop=17
  step=9 node2d=518 t=11.521 e=779.992 dt=0.729 de=60.938 act=MOVE angle=0 lastStop=17
  step=10 node2d=519 t=12.250 e=840.930 dt=0.729 de=60.938 act=MOVE angle=0 lastStop=17
  step=11 node2d=520 t=12.978 e=901.868 dt=0.729 de=60.938 act=MOVE angle=0 lastStop=17
  step=12 node2d=521 t=13.707 e=962.806 dt=0.729 de=60.938 act=MOVE angle=0 lastStop=17
  step=13 node2d=522 t=14.436 e=1023.743 dt=0.729 de=60.938 act=MOVE angle=0 lastStop=17
  step=14 node2d=523 t=15.165 e=1084.681 dt=0.729 de=60.938 act=MOVE angle=0 lastStop=17
  step=15 node2d=524 t=15.894 e=1145.619 dt=0.729 de=60.938 act=MOVE angle=0 lastStop=17
  step=16 node2d=525 t=16.623 e=1206.557 dt=0.729 de=60.938 act=MOVE angle=0 lastStop=17
  step=17 node2d=526 t=17.352 e=1267.495 dt=0.729 de=60.938 act=MOVE angle=0 lastStop=17
  step=18 node2d=527 t=18.080 e=1328.433 dt=0.729 de=60.938 act=MOVE angle=0 lastStop=17
  step=19 node2d=528 t=18.809 e=1389.371 dt=0.729 de=60.938 act=MOVE angle=0 lastStop=17
  step=20 node2d=529 t=19.538 e=1450.309 dt=0.729 de=60.938 act=MOVE angle=0 lastStop=17
  step=21 node2d=530 t=20.267 e=1511.247 dt=0.729 de=60.938 act=MOVE angle=0 lastStop=17
  step=22 node2d=531 t=20.996 e=1572.185 dt=0.729 de=60.938 act=MOVE angle=0 lastStop=17

ECBS|agent=25|currentTime=0.967|start=1789|goal=1673|totalTime=15.603|totalEnergy=1147.144|steps=13
  step=0 node2d=1789 t=0.967 e=0.000 dt=0.000 de=0.000 act=START angle=0 lastStop=0
  step=1 node2d=1791 t=3.592 e=245.276 dt=2.625 de=245.276 act=MOVE angle=90 lastStop=0
  step=2 node2d=1790 t=6.217 e=490.552 dt=2.625 de=245.276 act=MOVE angle=180 lastStop=2
  step=3 node2d=315 t=7.047 e=482.927 dt=0.830 de=-7.625 act=MOVE angle=180 lastStop=2
  step=4 node2d=247 t=7.776 e=543.865 dt=0.729 de=60.938 act=MOVE angle=180 lastStop=2
  step=5 node2d=246 t=8.504 e=604.803 dt=0.729 de=60.938 act=MOVE angle=180 lastStop=2
  step=6 node2d=245 t=9.233 e=665.741 dt=0.729 de=60.938 act=MOVE angle=180 lastStop=2
  step=7 node2d=244 t=9.962 e=726.679 dt=0.729 de=60.938 act=MOVE angle=180 lastStop=2
  step=8 node2d=243 t=10.691 e=787.617 dt=0.729 de=60.938 act=MOVE angle=180 lastStop=2
  step=9 node2d=242 t=11.420 e=848.554 dt=0.729 de=60.938 act=MOVE angle=180 lastStop=2
  step=10 node2d=241 t=12.149 e=909.492 dt=0.729 de=60.938 act=MOVE angle=180 lastStop=2
  step=11 node2d=1717 t=14.774 e=1154.768 dt=2.625 de=245.276 act=MOVE angle=270 lastStop=26
  step=12 node2d=1673 t=15.603 e=1147.144 dt=0.830 de=-7.625 act=MOVE angle=270 lastStop=26

