<<< Welcome to the RAWSimO CLI >>>
The time is: 04/14/2026 00:54:23
Starting RAWSimO wrapper with the following arguments:
Instance: Material/Instances/PP/1-4-4-32-550.xinst
Setting: Material/Instances/PP/PPMinimal.xsett
ControlConfig: Material/Instances/PP/aesop-ecbs.xconf
StatisticsDir: C:\Users\Aesop\Desktop\rawsim-o-rmfs-world-models\output_exp\ecbs\seed_21
Seed: 21
Adding handler for unhandled exceptions ...
Initializing ... 
Instance recognized!
Parsing setting config ...
Parsing control config ...
Parsing instance ...
StatisticsFolder: 1-4-4-32-550-PPMinimal-aesop-ecbs-21
Done!
Executing ... 
 00:54:25 | >>> Warming up ...
 00:00:00 | >>> Warmup finished - starting simulation ...
 Realtime |   ETA    |  Sim.Time  | Progress | #Orders | #Bundles | Inv. | Distance | #Coll. |   Memory    
 00:00:00 |   n/a    | 0.00:00:00 |  0.00%   |    0    |    0     | 60%  |    0     |   0    | 123.23MB  
 00:00:05 | 03:59:51 | 0.00:00:10 |  0.03%   |    0    |    0     | 60%  |   207    |   0    | 165.81MB  
 00:00:07 | WARNING! Aborting ECBS - could not obtain an initial solution for the following agents: Agent2(19->18)
 00:00:07 | WARNING! Aborting ECBS - could not obtain an initial solution for the following agents: Agent2(19->18)
 00:00:10 | 02:18:05 | 0.00:00:34 |  0.12%   |    0    |    0     | 60%  |   802    |   0    | 176.02MB  
 00:00:15 | 03:00:21 | 0.00:00:39 |  0.14%   |    0    |    0     | 60%  |   917    |   0    | 181.60MB  
 00:00:20 | 03:22:06 | 0.00:00:47 |  0.16%   |    2    |    0     | 60%  |   1066   |   0    | 182.75MB  
 00:00:24 | WARNING! Aborting ECBS - could not obtain an initial solution for the following agents: Agent8(41->40)
 00:00:24 | WARNING! Aborting ECBS - could not obtain an initial solution for the following agents: Agent8(41->40)
 00:00:25 | 02:57:35 | 0.00:01:07 |  0.23%   |    8    |    2     | 60%  |   1479   |   0    | 182.14MB  
 00:00:25 | WARNING! Aborting ECBS - could not obtain an initial solution for the following agents: Agent0(17->16)
 00:00:25 | WARNING! Aborting ECBS - could not obtain an initial solution for the following agents: Agent0(17->16)
 00:00:26 | WARNING! Aborting ECBS - could not obtain an initial solution for the following agents: Agent4(9->8)
 00:00:26 | WARNING! Aborting ECBS - could not obtain an initial solution for the following agents: Agent17(73->72)
 00:00:30 | 00:35:14 | 0.00:06:42 |  1.40%   |   139   |   130    | 60%  |   3665   |   0    | 183.24MB  
 00:00:33 | WARNING! Aborting ECBS - could not obtain an initial solution for the following agents: Agent14(8->2)
 00:00:33 | WARNING! Aborting ECBS - could not obtain an initial solution for the following agents: Agent9(51->49)
 00:00:33 | WARNING! Aborting ECBS - could not obtain an initial solution for the following agents: Agent9(51->49)
 00:00:33 | WARNING! Aborting ECBS - could not obtain an initial solution for the following agents: Agent9(51->50)
 00:00:34 | WARNING! Aborting ECBS - could not obtain an initial solution for the following agents: Agent9(51->50)
 00:00:34 | WARNING! Aborting ECBS - could not obtain an initial solution for the following agents: Agent8(40->39)
 00:00:35 | 00:20:11 | 0.00:13:28 |  2.81%   |   299   |   288    | 60%  |   6946   |   0    | 183.75MB  
 00:00:38 | WARNING! Aborting ECBS - could not obtain an initial solution for the following agents: Agent14(3->1)
 00:00:38 | WARNING! Aborting ECBS - could not obtain an initial solution for the following agents: Agent14(3->2)
 00:00:38 | WARNING! Aborting ECBS - could not obtain an initial solution for the following agents: Agent14(3->2)
 00:00:38 | WARNING! Aborting ECBS - could not obtain an initial solution for the following agents: Agent14(3->2)
 00:00:40 | 00:14:28 | 0.00:21:08 |  4.40%   |   477   |   468    | 60%  |  10581   |   0    | 183.68MB  
 00:00:42 | WARNING! Aborting ECBS - could not obtain an initial solution for the following agents: Agent8(41->40)
 00:00:43 | WARNING! Aborting ECBS - could not obtain an initial solution for the following agents: Agent9(58->57)
 00:00:43 | WARNING! Aborting ECBS - could not obtain an initial solution for the following agents: Agent9(58->57)
 00:00:45 | 00:11:30 | 0.00:29:23 |  6.12%   |   672   |   661    | 60%  |  14539   |   0    | 182.79MB  
 00:00:45 | WARNING! Aborting ECBS - could not obtain an initial solution for the following agents: Agent1(3->1)
 00:00:45 | WARNING! Aborting ECBS - could not obtain an initial solution for the following agents: Agent1(3->2)
 00:00:46 | WARNING! Aborting ECBS - could not obtain an initial solution for the following agents: Agent30(41->40)
 00:00:46 | WARNING! Aborting ECBS - could not obtain an initial solution for the following agents: Agent30(41->40)
 00:00:46 | WARNING! Aborting ECBS - could not obtain an initial solution for the following agents: Agent7(57->56)
 00:00:46 | WARNING! Aborting ECBS - could not obtain an initial solution for the following agents: Agent7(57->56)
 00:00:46 | WARNING! Aborting ECBS - could not obtain an initial solution for the following agents: Agent0(24->23)
 00:00:46 | WARNING! Aborting ECBS - could not obtain an initial solution for the following agents: Agent0(24->23)
 00:00:50 | 00:09:43 | 0.00:37:54 |  7.90%   |   869   |   859    | 60%  |  18656   |   0    | 183.41MB  
 00:00:52 | WARNING! Aborting ECBS - could not obtain an initial solution for the following agents: Agent7(57->56)
 00:00:54 | WARNING! Aborting ECBS - could not obtain an initial solution for the following agents: Agent5(56->55)
 00:00:54 | WARNING! Aborting ECBS - could not obtain an initial solution for the following agents: Agent5(56->55)
 00:00:55 | 00:08:26 | 0.00:47:01 |  9.80%   |  1081   |   1072   | 60%  |  23250   |   0    | 183.37MB  
 00:00:56 | WARNING! Aborting ECBS - could not obtain an initial solution for the following agents: Agent21(41->40)
 00:01:00 | 00:08:53 | 0.00:48:31 |  10.11%  |  1117   |   1108   | 60%  |  24323   |   0    | 184.10MB  
 00:01:02 | WARNING! Aborting ECBS - could not obtain an initial solution for the following agents: Agent0(25->24)
 00:01:02 | WARNING! Aborting ECBS - could not obtain an initial solution for the following agents: Agent0(25->24)
 00:01:05 | 00:08:28 | 0.00:54:22 |  11.33%  |  1254   |   1244   | 60%  |  27468   |   0    | 186.45MB  
 00:01:05 | WARNING! Aborting ECBS - could not obtain an initial solution for the following agents: Agent4(3->1)
 00:01:05 | WARNING! Aborting ECBS - could not obtain an initial solution for the following agents: Agent4(3->1)
 00:01:05 | WARNING! Aborting ECBS - could not obtain an initial solution for the following agents: Agent4(3->1)
 00:01:07 | WARNING! Aborting ECBS - could not obtain an initial solution for the following agents: Agent7(56->55)
 00:01:07 | WARNING! Aborting ECBS - could not obtain an initial solution for the following agents: Agent4(2->1)
 00:01:07 | WARNING! Aborting ECBS - could not obtain an initial solution for the following agents: Agent8(41->40)
 00:01:08 | WARNING! Aborting ECBS - could not obtain an initial solution for the following agents: Agent19(9->8)
 00:01:09 | WARNING! Aborting ECBS - could not obtain an initial solution for the following agents: Agent16(56->55)
 00:01:09 | WARNING! Aborting ECBS - could not obtain an initial solution for the following agents: Agent16(56->55)
 00:01:10 | 00:07:43 | 0.01:03:02 |  13.13%  |  1456   |   1448   | 60%  |  32109   |   0    | 184.26MB  
 00:01:10 | WARNING! Aborting ECBS - could not obtain an initial solution for the following agents: Agent0(27->26)
 00:01:10 | WARNING! Aborting ECBS - could not obtain an initial solution for the following agents: Agent0(27->26)
 00:01:10 | WARNING! Aborting ECBS - could not obtain an initial solution for the following agents: Agent0(27->26)
 00:01:10 | WARNING! Aborting ECBS - could not obtain an initial solution for the following agents: Agent0(27->26)
 00:01:10 | WARNING! Aborting ECBS - could not obtain an initial solution for the following agents: Agent0(27->26)
 00:01:11 | WARNING! Aborting ECBS - could not obtain an initial solution for the following agents: Agent11(25->24)
 00:01:11 | WARNING! Aborting ECBS - could not obtain an initial solution for the following agents: Agent11(25->24)
 00:01:12 | WARNING! Aborting ECBS - could not obtain an initial solution for the following agents: Agent24(25->24)
 00:01:12 | WARNING! Aborting ECBS - could not obtain an initial solution for the following agents: Agent24(25->24)
 00:01:12 | WARNING! Aborting ECBS - could not obtain an initial solution for the following agents: Agent19(3->2)
 00:01:14 | WARNING! Aborting ECBS - could not obtain an initial solution for the following agents: Agent9(56->49)
 00:01:14 | WARNING! Aborting ECBS - could not obtain an initial solution for the following agents: Agent9(56->50)
 00:01:15 | 00:07:10 | 0.01:11:16 |  14.85%  |  1650   |   1640   | 60%  |  36450   |   0    | 186.09MB  
 00:01:17 | WARNING! Aborting ECBS - could not obtain an initial solution for the following agents: Agent27(8->2)
 00:01:17 | WARNING! Aborting ECBS - could not obtain an initial solution for the following agents: Agent27(8->2)
 00:01:17 | WARNING! Aborting ECBS - could not obtain an initial solution for the following agents: Agent27(8->6)
 00:01:17 | WARNING! Aborting ECBS - could not obtain an initial solution for the following agents: Agent0(26->25)
 00:01:19 | WARNING! Aborting ECBS - could not obtain an initial solution for the following agents: Agent16(56->55)
 00:01:19 | WARNING! Aborting ECBS - could not obtain an initial solution for the following agents: Agent16(56->55)
 00:01:20 | 00:06:30 | 0.01:21:39 |  17.01%  |  1892   |   1882   | 60%  |  42031   |   0    | 185.70MB  
 00:01:20 | WARNING! Aborting ECBS - could not obtain an initial solution for the following agents: Agent30(40->33)
 00:01:20 | WARNING! Aborting ECBS - could not obtain an initial solution for the following agents: Agent30(40->33)
 00:01:20 | WARNING! Aborting ECBS - could not obtain an initial solution for the following agents: Agent30(40->34)
 00:01:20 | WARNING! Aborting ECBS - could not obtain an initial solution for the following agents: Agent30(40->34)
 00:01:21 | WARNING! Aborting ECBS - could not obtain an initial solution for the following agents: Agent29(57->56)
 00:01:22 | WARNING! Aborting ECBS - could not obtain an initial solution for the following agents: Agent30(41->40)
 00:01:22 | WARNING! Aborting ECBS - could not obtain an initial solution for the following agents: Agent30(41->40)
 00:01:25 | 00:06:00 | 0.01:31:31 |  19.07%  |  2122   |   2114   | 60%  |  47535   |   0    | 185.80MB  
 00:01:26 | WARNING! Aborting ECBS - could not obtain an initial solution for the following agents: Agent21(41->40)
 00:01:30 | 00:06:00 | 0.01:35:59 |  20.00%  |  2228   |   2218   | 60%  |  49882   |   0    | 189.00MB  
 00:01:33 | WARNING! Aborting ECBS - could not obtain an initial solution for the following agents: Agent11(25->24)
 00:01:34 | WARNING! Aborting ECBS - could not obtain an initial solution for the following agents: Agent5(58->57)
 00:01:34 | WARNING! Aborting ECBS - could not obtain an initial solution for the following agents: Agent5(58->57)
 00:01:34 | WARNING! Aborting ECBS - could not obtain an initial solution for the following agents: Agent5(58->57)
 00:01:34 | WARNING! Aborting ECBS - could not obtain an initial solution for the following agents: Agent5(58->57)
 00:01:34 | WARNING! Aborting ECBS - could not obtain an initial solution for the following agents: Agent0(25->24)
 00:01:35 | 00:05:40 | 0.01:44:40 |  21.81%  |  2433   |   2421   | 60%  |  54819   |   0    | 187.95MB  
 00:01:40 | 00:05:18 | 0.01:54:41 |  23.89%  |  2666   |   2657   | 60%  |  60100   |   0    | 188.50MB  
 00:01:40 | WARNING! Aborting ECBS - could not obtain an initial solution for the following agents: Agent21(41->40)
 00:01:40 | WARNING! Aborting ECBS - could not obtain an initial solution for the following agents: Agent2(26->25)
 00:01:41 | WARNING! Aborting ECBS - could not obtain an initial solution for the following agents: Agent2(26->25)
 00:01:42 | WARNING! Aborting ECBS - could not obtain an initial solution for the following agents: Agent1(9->2)
 00:01:44 | WARNING! Aborting ECBS - could not obtain an initial solution for the following agents: Agent5(57->56)
 00:01:44 | WARNING! Aborting ECBS - could not obtain an initial solution for the following agents: Agent5(57->50)
 00:01:45 | 00:04:58 | 0.02:04:58 |  26.04%  |  2907   |   2896   | 60%  |  65662   |   0    | 187.98MB  
 00:01:45 | WARNING! Aborting ECBS - could not obtain an initial solution for the following agents: Agent25(9->8)
 00:01:45 | WARNING! Aborting ECBS - could not obtain an initial solution for the following agents: Agent25(9->8)
 00:01:46 | WARNING! Aborting ECBS - could not obtain an initial solution for the following agents: Agent8(42->41)
 00:01:48 | WARNING! Aborting ECBS - could not obtain an initial solution for the following agents: Agent0(25->24)
 00:01:48 | WARNING! Aborting ECBS - could not obtain an initial solution for the following agents: Agent0(25->24)
 00:01:49 | WARNING! Aborting ECBS - could not obtain an initial solution for the following agents: Agent19(9->8)
 00:01:49 | WARNING! Aborting ECBS - could not obtain an initial solution for the following agents: Agent19(9->8)
 00:01:50 | 00:04:41 | 0.02:14:54 |  28.11%  |  3137   |   3128   | 60%  |  71056   |   0    | 191.15MB  
 00:01:50 | WARNING! Aborting ECBS - could not obtain an initial solution for the following agents: Agent16(57->56)
 00:01:50 | WARNING! Aborting ECBS - could not obtain an initial solution for the following agents: Agent16(57->56)
 00:01:50 | WARNING! Aborting ECBS - could not obtain an initial solution for the following agents: Agent16(57->56)
 00:01:51 | WARNING! Aborting ECBS - could not obtain an initial solution for the following agents: Agent27(3->1)
 00:01:51 | WARNING! Aborting ECBS - could not obtain an initial solution for the following agents: Agent27(3->1)
 00:01:51 | WARNING! Aborting ECBS - could not obtain an initial solution for the following agents: Agent27(3->2)
 00:01:51 | WARNING! Aborting ECBS - could not obtain an initial solution for the following agents: Agent27(3->2)
 00:01:51 | WARNING! Aborting ECBS - could not obtain an initial solution for the following agents: Agent27(3->2)
 00:01:55 | 00:04:25 | 0.02:25:03 |  30.22%  |  3374   |   3367   | 60%  |  76646   |   0    | 196.51MB  
 00:01:58 | WARNING! Aborting ECBS - could not obtain an initial solution for the following agents: Agent16(57->56)
 00:01:58 | WARNING! Aborting ECBS - could not obtain an initial solution for the following agents: Agent16(57->56)
 00:02:00 | 00:04:18 | 0.02:32:03 |  31.68%  |  3539   |   3530   | 60%  |  80625   |   0    | 200.79MB  
 00:02:03 | WARNING! Aborting ECBS - could not obtain an initial solution for the following agents: Agent5(57->56)
 00:02:03 | WARNING! Aborting ECBS - could not obtain an initial solution for the following agents: Agent5(57->56)
 00:02:03 | WARNING! Aborting ECBS - could not obtain an initial solution for the following agents: Agent26(25->24)
 00:02:05 | 00:04:06 | 0.02:41:38 |  33.68%  |  3762   |   3755   | 60%  |  85813   |   0    | 201.65MB  
 00:02:08 | WARNING! Aborting ECBS - could not obtain an initial solution for the following agents: Agent25(8->3)
 00:02:08 | WARNING! Aborting ECBS - could not obtain an initial solution for the following agents: Agent25(8->3)
 00:02:10 | 00:03:55 | 0.02:50:38 |  35.55%  |  3970   |   3966   | 60%  |  90668   |   0    | 204.36MB  
 00:02:11 | WARNING! Aborting ECBS - could not obtain an initial solution for the following agents: Agent2(25->24)
 00:02:14 | WARNING! Aborting ECBS - could not obtain an initial solution for the following agents: Agent19(3->1)
 00:02:14 | WARNING! Aborting ECBS - could not obtain an initial solution for the following agents: Agent19(3->2)
 00:02:15 | 00:03:41 | 0.03:01:51 |  37.89%  |  4233   |   4229   | 60%  |  96639   |   0    | 200.89MB  
 00:02:17 | WARNING! Aborting ECBS - could not obtain an initial solution for the following agents: Agent27(3->0)
 00:02:17 | WARNING! Aborting ECBS - could not obtain an initial solution for the following agents: Agent27(3->1)
 00:02:18 | WARNING! Aborting ECBS - could not obtain an initial solution for the following agents: Agent26(25->24)
 00:02:18 | WARNING! Aborting ECBS - could not obtain an initial solution for the following agents: Agent26(25->24)
 00:02:20 | 00:03:35 | 0.03:08:51 |  39.35%  |  4393   |   4393   | 60%  |  100558  |   0    | 202.07MB  
 00:02:21 | WARNING! Aborting ECBS - could not obtain an initial solution for the following agents: Agent0(25->24)
 00:02:21 | WARNING! Aborting ECBS - could not obtain an initial solution for the following agents: Agent0(25->24)
 00:02:21 | WARNING! Aborting ECBS - could not obtain an initial solution for the following agents: Agent0(25->24)
 00:02:23 | WARNING! Aborting ECBS - could not obtain an initial solution for the following agents: Agent19(8->2)
 00:02:23 | WARNING! Aborting ECBS - could not obtain an initial solution for the following agents: Agent30(34->33)
 00:02:24 | WARNING! Aborting ECBS - could not obtain an initial solution for the following agents: Agent0(19->17)
 00:02:25 | 00:03:23 | 0.03:19:59 |  41.67%  |  4650   |   4654   | 60%  |  106452  |   0    | 201.21MB  
 00:02:25 | WARNING! Aborting ECBS - could not obtain an initial solution for the following agents: Agent24(24->23)
 00:02:27 | WARNING! Aborting ECBS - could not obtain an initial solution for the following agents: Agent24(25->24)
 00:02:27 | WARNING! Aborting ECBS - could not obtain an initial solution for the following agents: Agent24(25->24)
 00:02:30 | 00:03:18 | 0.03:26:42 |  43.07%  |  4809   |   4811   | 60%  |  110315  |   0    | 202.95MB  
 00:02:33 | WARNING! Aborting ECBS - could not obtain an initial solution for the following agents: Agent2(25->24)
 00:02:34 | WARNING! Aborting ECBS - could not obtain an initial solution for the following agents: Agent7(57->56)
 00:02:34 | WARNING! Aborting ECBS - could not obtain an initial solution for the following agents: Agent7(57->56)
 00:02:34 | WARNING! Aborting ECBS - could not obtain an initial solution for the following agents: Agent7(57->56)
 00:02:35 | 00:03:11 | 0.03:34:28 |  44.68%  |  4987   |   4993   | 60%  |  114781  |   0    | 207.26MB  
 00:02:37 | WARNING! Aborting ECBS - could not obtain an initial solution for the following agents: Agent14(9->8)
 00:02:37 | WARNING! Aborting ECBS - could not obtain an initial solution for the following agents: Agent14(9->8)
 00:02:40 | 00:03:05 | 0.03:42:16 |  46.31%  |  5168   |   5177   | 60%  |  119100  |   0    | 204.90MB  
 00:02:45 | 00:03:01 | 0.03:48:53 |  47.69%  |  5322   |   5333   | 60%  |  122811  |   0    | 204.75MB  
 00:02:45 | WARNING! Aborting ECBS - could not obtain an initial solution for the following agents: Agent16(57->56)
 00:02:45 | WARNING! Aborting ECBS - could not obtain an initial solution for the following agents: Agent14(3->1)
 00:02:45 | WARNING! Aborting ECBS - could not obtain an initial solution for the following agents: Agent14(3->2)
 00:02:46 | WARNING! Aborting ECBS - could not obtain an initial solution for the following agents: Agent14(3->2)
 00:02:46 | WARNING! Aborting ECBS - could not obtain an initial solution for the following agents: Agent14(3->2)
 00:02:47 | WARNING! Aborting ECBS - could not obtain an initial solution for the following agents: Agent5(57->56)
 00:02:48 | WARNING! Aborting ECBS - could not obtain an initial solution for the following agents: Agent5(51->49)
 00:02:49 | WARNING! Aborting ECBS - could not obtain an initial solution for the following agents: Agent16(57->56)
 00:02:50 | 00:02:53 | 0.03:57:48 |  49.54%  |  5531   |   5541   | 60%  |  127948  |   0    | 210.34MB  
 00:02:50 | WARNING! Aborting ECBS - could not obtain an initial solution for the following agents: Agent26(24->23)
 00:02:52 | WARNING! Aborting ECBS - could not obtain an initial solution for the following agents: Agent9(57->55)
 00:02:52 | WARNING! Aborting ECBS - could not obtain an initial solution for the following agents: Agent9(57->55)
 00:02:52 | WARNING! Aborting ECBS - could not obtain an initial solution for the following agents: Agent9(57->56)
 00:02:52 | WARNING! Aborting ECBS - could not obtain an initial solution for the following agents: Agent9(57->56)
 00:02:52 | WARNING! Aborting ECBS - could not obtain an initial solution for the following agents: Agent9(57->56)
 00:02:54 | WARNING! Aborting ECBS - could not obtain an initial solution for the following agents: Agent25(9->8)
 00:02:55 | 00:02:46 | 0.04:06:18 |  51.32%  |  5729   |   5739   | 60%  |  132505  |   0    | 213.32MB  
 00:02:56 | WARNING! Aborting ECBS - could not obtain an initial solution for the following agents: Agent9(57->56)
 00:02:57 | WARNING! Aborting ECBS - could not obtain an initial solution for the following agents: Agent0(25->24)
 00:03:00 | 00:02:41 | 0.04:12:52 |  52.68%  |  5884   |   5893   | 60%  |  136150  |   0    | 212.50MB  
 00:03:00 | WARNING! Aborting ECBS - could not obtain an initial solution for the following agents: Agent5(51->49)
 00:03:00 | WARNING! Aborting ECBS - could not obtain an initial solution for the following agents: Agent5(51->49)
 00:03:00 | WARNING! Aborting ECBS - could not obtain an initial solution for the following agents: Agent5(51->49)
 00:03:00 | WARNING! Aborting ECBS - could not obtain an initial solution for the following agents: Agent5(51->50)
 00:03:00 | WARNING! Aborting ECBS - could not obtain an initial solution for the following agents: Agent5(51->50)
 00:03:02 | WARNING! Aborting ECBS - could not obtain an initial solution for the following agents: Agent1(3->1)
 00:03:02 | WARNING! Aborting ECBS - could not obtain an initial solution for the following agents: Agent1(3->1)
 00:03:02 | WARNING! Aborting ECBS - could not obtain an initial solution for the following agents: Agent1(3->1)
 00:03:02 | WARNING! Aborting ECBS - could not obtain an initial solution for the following agents: Agent1(3->2)
 00:03:02 | WARNING! Aborting ECBS - could not obtain an initial solution for the following agents: Agent1(3->2)
 00:03:02 | WARNING! Aborting ECBS - could not obtain an initial solution for the following agents: Agent1(3->2)
 00:03:04 | WARNING! Aborting ECBS - could not obtain an initial solution for the following agents: Agent25(9->8)
 00:03:04 | WARNING! Aborting ECBS - could not obtain an initial solution for the following agents: Agent25(9->8)
 00:03:04 | WARNING! Aborting ECBS - could not obtain an initial solution for the following agents: Agent19(3->0),Agent25(9->2)
 00:03:04 | WARNING! Aborting ECBS - could not obtain an initial solution for the following agents: Agent19(3->1)
 00:03:04 | WARNING! Aborting ECBS - could not obtain an initial solution for the following agents: Agent19(3->1)
 00:03:04 | WARNING! Aborting ECBS - could not obtain an initial solution for the following agents: Agent19(3->2)
 00:03:04 | WARNING! Aborting ECBS - could not obtain an initial solution for the following agents: Agent19(3->2)
 00:03:04 | WARNING! Aborting ECBS - could not obtain an initial solution for the following agents: Agent19(3->2)
 00:03:04 | WARNING! Aborting ECBS - could not obtain an initial solution for the following agents: Agent5(59->50)
 00:03:04 | WARNING! Aborting ECBS - could not obtain an initial solution for the following agents: Agent5(59->50)
 00:03:04 | WARNING! Aborting ECBS - could not obtain an initial solution for the following agents: Agent5(59->50)
 00:03:04 | WARNING! Aborting ECBS - could not obtain an initial solution for the following agents: Agent5(59->50)
 00:03:04 | WARNING! Aborting ECBS - could not obtain an initial solution for the following agents: Agent5(59->50)
 00:03:05 | 00:02:35 | 0.04:20:48 |  54.34%  |  6065   |   6079   | 60%  |  140505  |   0    | 212.00MB  
 00:03:07 | WARNING! Aborting ECBS - could not obtain an initial solution for the following agents: Agent30(41->40)
 00:03:07 | WARNING! Aborting ECBS - could not obtain an initial solution for the following agents: Agent30(41->40)
 00:03:07 | WARNING! Aborting ECBS - could not obtain an initial solution for the following agents: Agent30(41->40)
 00:03:07 | WARNING! Aborting ECBS - could not obtain an initial solution for the following agents: Agent30(41->40)
 00:03:10 | 00:02:24 | 0.04:32:38 |  56.80%  |  6344   |   6356   | 60%  |  146075  |   0    | 213.39MB  
 00:03:15 | 00:02:19 | 0.04:39:56 |  58.32%  |  6516   |   6527   | 60%  |  150134  |   0    | 214.17MB  
 00:03:18 | WARNING! Aborting ECBS - could not obtain an initial solution for the following agents: Agent21(43->34)
 00:03:18 | WARNING! Aborting ECBS - could not obtain an initial solution for the following agents: Agent21(43->34)
 00:03:18 | WARNING! Aborting ECBS - could not obtain an initial solution for the following agents: Agent21(43->42)
 00:03:18 | WARNING! Aborting ECBS - could not obtain an initial solution for the following agents: Agent21(43->42)
 00:03:20 | 00:02:17 | 0.04:44:36 |  59.29%  |  6624   |   6637   | 60%  |  152595  |   0    | 217.94MB  
 00:03:20 | WARNING! Aborting ECBS - could not obtain an initial solution for the following agents: Agent16(59->58)
 00:03:20 | WARNING! Aborting ECBS - could not obtain an initial solution for the following agents: Agent16(59->58)
 00:03:20 | WARNING! Aborting ECBS - could not obtain an initial solution for the following agents: Agent16(59->58)
 00:03:20 | WARNING! Aborting ECBS - could not obtain an initial solution for the following agents: Agent16(59->58)
 00:03:20 | WARNING! Aborting ECBS - could not obtain an initial solution for the following agents: Agent16(59->58)
 00:03:20 | WARNING! Aborting ECBS - could not obtain an initial solution for the following agents: Agent16(59->58)
 00:03:20 | WARNING! Aborting ECBS - could not obtain an initial solution for the following agents: Agent16(59->58)
 00:03:22 | WARNING! Aborting ECBS - could not obtain an initial solution for the following agents: Agent30(41->40)
 00:03:22 | WARNING! Aborting ECBS - could not obtain an initial solution for the following agents: Agent30(41->40)
 00:03:22 | WARNING! Aborting ECBS - could not obtain an initial solution for the following agents: Agent9(57->50)
 00:03:22 | WARNING! Aborting ECBS - could not obtain an initial solution for the following agents: Agent9(57->50)
 00:03:23 | WARNING! Aborting ECBS - could not obtain an initial solution for the following agents: Agent28(41->40)
 00:03:24 | WARNING! Aborting ECBS - could not obtain an initial solution for the following agents: Agent5(57->56)
 00:03:24 | WARNING! Aborting ECBS - could not obtain an initial solution for the following agents: Agent5(57->56)
 00:03:25 | 00:02:11 | 0.04:52:30 |  60.94%  |  6805   |   6822   | 60%  |  156921  |   0    | 215.74MB  
 00:03:30 | 00:02:06 | 0.04:59:46 |  62.45%  |  6972   |   6991   | 60%  |  160877  |   0    | 219.32MB  
 00:03:30 | WARNING! Aborting ECBS - could not obtain an initial solution for the following agents: Agent16(57->56)
 00:03:30 | WARNING! Aborting ECBS - could not obtain an initial solution for the following agents: Agent16(57->56)
 00:03:30 | WARNING! Aborting ECBS - could not obtain an initial solution for the following agents: Agent16(57->56)
 00:03:35 | 00:01:57 | 0.05:10:01 |  64.59%  |  7214   |   7231   | 60%  |  166062  |   0    | 217.54MB  
 00:03:36 | WARNING! Aborting ECBS - could not obtain an initial solution for the following agents: Agent27(2->1)
 00:03:36 | WARNING! Aborting ECBS - could not obtain an initial solution for the following agents: Agent27(2->1)
 00:03:37 | WARNING! Aborting ECBS - could not obtain an initial solution for the following agents: Agent29(56->55)
 00:03:40 | 00:01:52 | 0.05:17:47 |  66.21%  |  7395   |   7414   | 60%  |  170440  |   0    | 219.05MB  
 00:03:45 | 00:01:45 | 0.05:27:16 |  68.18%  |  7617   |   7635   | 60%  |  175507  |   0    | 218.97MB  
 00:03:47 | WARNING! Aborting ECBS - could not obtain an initial solution for the following agents: Agent25(9->8)
 00:03:47 | WARNING! Aborting ECBS - could not obtain an initial solution for the following agents: Agent25(9->8)
 00:03:50 | 00:01:37 | 0.05:36:36 |  70.13%  |  7835   |   7855   | 60%  |  180332  |   0    | 218.80MB  
 00:03:51 | WARNING! Aborting ECBS - could not obtain an initial solution for the following agents: Agent1(9->8)
 00:03:52 | WARNING! Aborting ECBS - could not obtain an initial solution for the following agents: Agent7(57->56)
 00:03:52 | WARNING! Aborting ECBS - could not obtain an initial solution for the following agents: Agent7(57->56)
 00:03:52 | WARNING! Aborting ECBS - could not obtain an initial solution for the following agents: Agent7(57->56)
 00:03:55 | 00:01:33 | 0.05:43:01 |  71.46%  |  7985   |   8005   | 60%  |  183821  |   0    | 224.85MB  
 00:04:00 | 00:01:35 | 0.05:43:31 |  71.57%  |  7997   |   8017   | 60%  |  184056  |   0    | 227.48MB  
 00:04:02 | WARNING! Aborting ECBS - could not obtain an initial solution for the following agents: Agent24(26->25)
 00:04:02 | WARNING! Aborting ECBS - could not obtain an initial solution for the following agents: Agent24(26->25)
 00:04:03 | WARNING! Aborting ECBS - could not obtain an initial solution for the following agents: Agent0(24->23)
 00:04:04 | WARNING! Aborting ECBS - could not obtain an initial solution for the following agents: Agent25(9->8)
 00:04:04 | WARNING! Aborting ECBS - could not obtain an initial solution for the following agents: Agent2(25->24)
 00:04:04 | WARNING! Aborting ECBS - could not obtain an initial solution for the following agents: Agent2(25->24)
 00:04:04 | WARNING! Aborting ECBS - could not obtain an initial solution for the following agents: Agent2(25->24)
 00:04:05 | 00:01:27 | 0.05:53:29 |  73.64%  |  8230   |   8251   | 60%  |  189431  |   0    | 231.45MB  
 00:04:05 | WARNING! Aborting ECBS - could not obtain an initial solution for the following agents: Agent16(50->49)
 00:04:05 | WARNING! Aborting ECBS - could not obtain an initial solution for the following agents: Agent28(42->41)
 00:04:05 | WARNING! Aborting ECBS - could not obtain an initial solution for the following agents: Agent28(42->41)
 00:04:07 | WARNING! Aborting ECBS - could not obtain an initial solution for the following agents: Agent8(41->40)
 00:04:07 | WARNING! Aborting ECBS - could not obtain an initial solution for the following agents: Agent8(41->40)
 00:04:10 | 00:01:20 | 0.06:03:37 |  75.75%  |  8464   |   8487   | 60%  |  194701  |   0    | 238.03MB  
 00:04:13 | WARNING! Aborting ECBS - could not obtain an initial solution for the following agents: Agent11(24->17)
 00:04:13 | WARNING! Aborting ECBS - could not obtain an initial solution for the following agents: Agent11(24->17)
 00:04:13 | WARNING! Aborting ECBS - could not obtain an initial solution for the following agents: Agent11(24->18)
 00:04:13 | WARNING! Aborting ECBS - could not obtain an initial solution for the following agents: Agent11(24->18)
 00:04:15 | 00:01:13 | 0.06:12:33 |  77.62%  |  8673   |   8696   | 60%  |  199914  |   0    | 237.84MB  
 00:04:16 | WARNING! Aborting ECBS - could not obtain an initial solution for the following agents: Agent26(24->23)
 00:04:16 | WARNING! Aborting ECBS - could not obtain an initial solution for the following agents: Agent26(24->23)
 00:04:16 | WARNING! Aborting ECBS - could not obtain an initial solution for the following agents: Agent25(9->8)
 00:04:16 | WARNING! Aborting ECBS - could not obtain an initial solution for the following agents: Agent25(9->8)
 00:04:17 | WARNING! Aborting ECBS - could not obtain an initial solution for the following agents: Agent21(41->40)
 00:04:19 | WARNING! Aborting ECBS - could not obtain an initial solution for the following agents: Agent9(57->56)
 00:04:20 | 00:01:06 | 0.06:21:58 |  79.58%  |  8894   |   8917   | 60%  |  205071  |   0    | 237.02MB  
 00:04:21 | WARNING! Aborting ECBS - could not obtain an initial solution for the following agents: Agent5(58->57)
 00:04:21 | WARNING! Aborting ECBS - could not obtain an initial solution for the following agents: Agent5(58->57)
 00:04:21 | WARNING! Aborting ECBS - could not obtain an initial solution for the following agents: Agent5(58->57)
 00:04:21 | WARNING! Aborting ECBS - could not obtain an initial solution for the following agents: Agent1(9->8)
 00:04:25 | 00:01:02 | 0.06:28:46 |  81.00%  |  9055   |   9076   | 60%  |  209135  |   0    | 237.09MB  
 00:04:29 | WARNING! Aborting ECBS - could not obtain an initial solution for the following agents: Agent24(25->24)
 00:04:30 | 00:00:57 | 0.06:35:59 |  82.50%  |  9222   |   9246   | 60%  |  213217  |   0    | 238.15MB  
 00:04:30 | WARNING! Aborting ECBS - could not obtain an initial solution for the following agents: Agent10(41->40)
 00:04:30 | WARNING! Aborting ECBS - could not obtain an initial solution for the following agents: Agent10(41->40)
 00:04:30 | WARNING! Aborting ECBS - could not obtain an initial solution for the following agents: Agent19(8->2)
 00:04:30 | WARNING! Aborting ECBS - could not obtain an initial solution for the following agents: Agent19(8->3)
 00:04:30 | WARNING! Aborting ECBS - could not obtain an initial solution for the following agents: Agent19(8->2)
 00:04:32 | WARNING! Aborting ECBS - could not obtain an initial solution for the following agents: Agent0(25->24)
 00:04:32 | WARNING! Aborting ECBS - could not obtain an initial solution for the following agents: Agent0(25->23)
 00:04:32 | WARNING! Aborting ECBS - could not obtain an initial solution for the following agents: Agent0(25->23)
 00:04:32 | WARNING! Aborting ECBS - could not obtain an initial solution for the following agents: Agent0(25->24)
 00:04:34 | WARNING! Aborting ECBS - could not obtain an initial solution for the following agents: Agent24(25->24)
 00:04:34 | WARNING! Aborting ECBS - could not obtain an initial solution for the following agents: Agent24(25->24)
 00:04:35 | 00:00:51 | 0.06:44:41 |  84.31%  |  9422   |   9451   | 60%  |  218101  |   0    | 237.68MB  
 00:04:37 | WARNING! Aborting ECBS - could not obtain an initial solution for the following agents: Agent1(3->1)
 00:04:37 | WARNING! Aborting ECBS - could not obtain an initial solution for the following agents: Agent1(3->2)
 00:04:40 | 00:00:45 | 0.06:52:32 |  85.95%  |  9603   |   9634   | 60%  |  222488  |   0    | 237.26MB  
 00:04:40 | WARNING! Aborting ECBS - could not obtain an initial solution for the following agents: Agent2(19->17)
 00:04:40 | WARNING! Aborting ECBS - could not obtain an initial solution for the following agents: Agent2(19->18)
 00:04:40 | WARNING! Aborting ECBS - could not obtain an initial solution for the following agents: Agent2(19->18)
 00:04:45 | 00:00:38 | 0.07:02:22 |  88.00%  |  9834   |   9864   | 60%  |  227898  |   0    | 238.54MB  
 00:04:45 | WARNING! Aborting ECBS - could not obtain an initial solution for the following agents: Agent0(25->24)
 00:04:45 | WARNING! Aborting ECBS - could not obtain an initial solution for the following agents: Agent0(25->24)
 00:04:45 | WARNING! Aborting ECBS - could not obtain an initial solution for the following agents: Agent0(25->24)
 00:04:45 | WARNING! Aborting ECBS - could not obtain an initial solution for the following agents: Agent8(40->39)
 00:04:45 | WARNING! Aborting ECBS - could not obtain an initial solution for the following agents: Agent8(40->39)
 00:04:49 | WARNING! Aborting ECBS - could not obtain an initial solution for the following agents: Agent29(57->56)
 00:04:49 | WARNING! Aborting ECBS - could not obtain an initial solution for the following agents: Agent16(57->56)
 00:04:50 | 00:00:32 | 0.07:11:43 |  89.94%  |  10052  |  10082   | 60%  |  233121  |   0    | 238.10MB  
 00:04:52 | WARNING! Aborting ECBS - could not obtain an initial solution for the following agents: Agent29(49->48)
 00:04:54 | WARNING! Aborting ECBS - could not obtain an initial solution for the following agents: Agent26(26->18)
 00:04:54 | WARNING! Aborting ECBS - could not obtain an initial solution for the following agents: Agent26(26->18)
 00:04:54 | WARNING! Aborting ECBS - could not obtain an initial solution for the following agents: Agent26(26->18)
 00:04:54 | WARNING! Aborting ECBS - could not obtain an initial solution for the following agents: Agent26(26->18)
 00:04:55 | 00:00:26 | 0.07:20:15 |  91.72%  |  10248  |  10283   | 60%  |  237975  |   0    | 237.84MB  
 00:04:56 | WARNING! Aborting ECBS - could not obtain an initial solution for the following agents: Agent29(57->56)
 00:05:00 | 00:00:22 | 0.07:27:06 |  93.15%  |  10408  |  10444   | 60%  |  242142  |   0    | 238.07MB  
 00:05:00 | WARNING! Aborting ECBS - could not obtain an initial solution for the following agents: Agent11(25->24)
 00:05:00 | WARNING! Aborting ECBS - could not obtain an initial solution for the following agents: Agent11(25->24)
 00:05:00 | WARNING! Aborting ECBS - could not obtain an initial solution for the following agents: Agent11(25->24)
 00:05:02 | WARNING! Aborting ECBS - could not obtain an initial solution for the following agents: Agent10(40->39)
 00:05:02 | WARNING! Aborting ECBS - could not obtain an initial solution for the following agents: Agent10(40->39)
 00:05:03 | WARNING! Aborting ECBS - could not obtain an initial solution for the following agents: Agent9(56->55)
 00:05:03 | WARNING! Aborting ECBS - could not obtain an initial solution for the following agents: Agent9(56->55)
 00:05:03 | WARNING! Aborting ECBS - could not obtain an initial solution for the following agents: Agent9(56->55)
 00:05:04 | WARNING! Aborting ECBS - could not obtain an initial solution for the following agents: Agent4(8->1)
 00:05:04 | WARNING! Aborting ECBS - could not obtain an initial solution for the following agents: Agent4(8->2)
 00:05:04 | WARNING! Aborting ECBS - could not obtain an initial solution for the following agents: Agent4(8->2)
 00:05:04 | WARNING! Aborting ECBS - could not obtain an initial solution for the following agents: Agent4(8->2)
 00:05:05 | 00:00:16 | 0.07:35:58 |  95.00%  |  10614  |  10651   | 60%  |  247397  |   0    | 237.99MB  
 00:05:07 | WARNING! Aborting ECBS - could not obtain an initial solution for the following agents: Agent29(56->55)
 00:05:07 | WARNING! Aborting ECBS - could not obtain an initial solution for the following agents: Agent29(56->55)
 00:05:08 | WARNING! Aborting ECBS - could not obtain an initial solution for the following agents: Agent30(40->33)
 00:05:08 | WARNING! Aborting ECBS - could not obtain an initial solution for the following agents: Agent30(40->33)
 00:05:09 | WARNING! Aborting ECBS - could not obtain an initial solution for the following agents: Agent11(25->24)
 00:05:10 | 00:00:08 | 0.07:46:56 |  97.28%  |  10873  |  10908   | 60%  |  252974  |   0    | 237.43MB  
 00:05:12 | WARNING! Aborting ECBS - could not obtain an initial solution for the following agents: Agent19(8->1)
 00:05:12 | WARNING! Aborting ECBS - could not obtain an initial solution for the following agents: Agent19(8->1)
 00:05:15 | 00:00:02 | 0.07:56:21 |  99.24%  |  11092  |  11128   | 60%  |  258133  |   0    | 240.82MB  
 00:05:16 | WARNING! Aborting ECBS - could not obtain an initial solution for the following agents: Agent27(3->1)
 00:05:16 | WARNING! Aborting ECBS - could not obtain an initial solution for the following agents: Agent27(3->2)
 00:05:16 | WARNING! Aborting ECBS - could not obtain an initial solution for the following agents: Agent24(25->24)
 00:05:17 | 00:00:00 | 0.08:00:00 | 100.00%  |  11177  |  11212   | 60%  |  260106  |   0    | 239.88MB  
 00:05:17 | >>> Simulation finished - writing results ...
 00:05:17 | >>> Results written
Simulation finished.
>>> Timings
StatTimingPathPlanningAverage: 0.016277922972372266
StatTimingPathPlanningOverall: 256.2958972000013
StatTimingPathPlanningCount: 15745
StatTimingTaskAllocationAverage: 0.0015199151547563249
StatTimingTaskAllocationOverall: 22.736410799999863
StatTimingTaskAllocationCount: 14959
StatTimingItemStorageAverage: 3.490002689859391E-06
StatTimingItemStorageOverall: 0.03892400000000179
StatTimingItemStorageCount: 11153
StatTimingPodStorageAverage: 0.001943986664514051
StatTimingPodStorageOverall: 6.0205267000000156
StatTimingPodStorageCount: 3097
StatTimingReplenishmentBatchingAverage: 7.864950478142043E-06
StatTimingReplenishmentBatchingOverall: 0.09211429999999961
StatTimingReplenishmentBatchingCount: 11712
StatTimingOrderBatchingAverage: 0.00010855953882538496
StatTimingOrderBatchingOverall: 3.30498660000002
StatTimingOrderBatchingCount: 30444
>>> Overall
StatOverallBundlesPlaced: 15140
StatOverallItemsOrdered: 11222
StatOverallOrdersPlaced: 11222
StatOverallBundlesRejected: 0
StatOverallOrdersRejected: 0
StatOverallBundlesHandled: 11212
StatOverallItemsHandled: 11181
StatOverallLinesHandled: 11181
StatOverallOrdersHandled: 11177
StatOverallCollisions: 0
StatOverallDistanceTraveled: 260105.92988158975
StatOverallDistanceEstimated: 239815
StatOverallAssignedTasks: 14959
StatMaxMemoryUsed: 240.81640625
StatRealTimeUsed: 317.3564358
StatAverageTurnoverTime: 366.4484459250804
StatMedianTurnoverTime: 215.26796935875973
StatLowerQuartileTurnoverTime: 122.20157048395595
StatUpperQuartileTurnoverTime: 488.8030823376612
StatAverageThroughputTime: 113.90520868335021
StatMedianThroughputTime: 121.00176604410808
StatLowerQuartileThroughputTime: 81.02512818721152
StatUpperQuartileThroughputTime: 141.96666747012296
>>> Energy (Rizqi model)
StatEnergyTotalKJ: 19341.080923562607
StatEnergyE1AccelKJ: 5597.670784249975
StatEnergyE2DecelKJ: 0
StatEnergyE3CruiseKJ: 9583.330722000006
StatEnergyE4RotationKJ: 3322.7077462014295
StatEnergyE5LiftLowerKJ: 837.3716711111113
StatEnergyPerOrderKJ: 1.7304357988335517
StatEnergyPerMeterJoule: 74.33359438402496
StatDistanceTraveledRizqiM: 260193
>>> Motion Behavior
StatTurningCount: 32826
StatStopAndGoCount: 45079
StatLoadedDistanceM: 176360
StatLoadedTurningCount: 24233
StatWaitTimeSec: 376860.17444437585

Marked tag finished after 1 tries!
.Fin. - SUCCESS
