<<< Welcome to the RAWSimO CLI >>>
The time is: 04/14/2026 14:35:54
Starting RAWSimO wrapper with the following arguments:
Instance: Material/Instances/PP/1-4-4-32-550.xinst
Setting: Material/Instances/PP/PPMinimal.xsett
ControlConfig: Material/Instances/PP/aesop-cbs.xconf
StatisticsDir: C:\Users\Aesop\Desktop\rawsim-o-rmfs-world-models\output_pref\seed_27
Seed: 27
Adding handler for unhandled exceptions ...
Initializing ... 
Instance recognized!
Parsing setting config ...
Parsing control config ...
Parsing instance ...
StatisticsFolder: 1-4-4-32-550-PPMinimal-aesop-cbs-27
Done!
Executing ... 
 14:35:57 | >>> Warming up ...
 00:00:00 | >>> Warmup finished - starting simulation ...
 Realtime |   ETA    |  Sim.Time  | Progress | #Orders | #Bundles | Inv. | Distance | #Coll. |   Memory    
 00:00:00 |   n/a    | 0.00:00:00 |  0.00%   |    0    |    0     | 60%  |    0     |   0    | 123.07MB  
 00:00:05 | 05:42:14 | 0.00:00:07 |  0.02%   |    0    |    0     | 60%  |   129    |   0    | 132.23MB  
 00:00:10 | 02:15:17 | 0.00:00:35 |  0.12%   |    0    |    0     | 60%  |   821    |   0    | 144.77MB  
 00:00:15 | 02:51:25 | 0.00:00:41 |  0.15%   |    0    |    0     | 60%  |   949    |   0    | 154.01MB  
 00:00:20 | 03:09:07 | 0.00:00:50 |  0.18%   |    2    |    0     | 60%  |   1142   |   0    | 159.39MB  
 00:00:25 | 03:34:38 | 0.00:00:55 |  0.19%   |    3    |    0     | 60%  |   1240   |   0    | 165.75MB  
 00:00:30 | 03:57:00 | 0.00:01:00 |  0.21%   |    4    |    0     | 60%  |   1340   |   0    | 170.00MB  
 00:00:32 | WARNING! Aborting CBS - could not obtain an initial solution for the following agents: Agent8(41->32)
 00:00:32 | WARNING! Aborting CBS - could not obtain an initial solution for the following agents: Agent8(41->32)
 00:00:32 | WARNING! Aborting CBS - could not obtain an initial solution for the following agents: Agent8(41->34)
 00:00:33 | WARNING! Aborting CBS - could not obtain an initial solution for the following agents: Agent17(73->72)
 00:00:35 | 00:59:54 | 0.00:04:37 |  0.96%   |   89    |    80    | 60%  |   2892   |   0    | 170.65MB  
 00:00:40 | 00:25:36 | 0.00:12:10 |  2.54%   |   267   |   256    | 60%  |   6128   |   0    | 170.60MB  
 00:00:42 | WARNING! Aborting CBS - could not obtain an initial solution for the following agents: Agent16(57->56)
 00:00:45 | 00:17:28 | 0.00:19:45 |  4.12%   |   445   |   434    | 60%  |   9885   |   0    | 171.76MB  
 00:00:50 | 00:13:41 | 0.00:27:33 |  5.74%   |   627   |   615    | 60%  |  13625   |   0    | 172.06MB  
 00:00:50 | WARNING! Aborting CBS - could not obtain an initial solution for the following agents: Agent19(2->1)
 00:00:51 | WARNING! Aborting CBS - could not obtain an initial solution for the following agents: Agent11(25->24)
 00:00:51 | WARNING! Aborting CBS - could not obtain an initial solution for the following agents: Agent11(25->24)
 00:00:52 | WARNING! Aborting CBS - could not obtain an initial solution for the following agents: Agent8(40->33)
 00:00:52 | WARNING! Aborting CBS - could not obtain an initial solution for the following agents: Agent8(40->33)
 00:00:52 | WARNING! Aborting CBS - could not obtain an initial solution for the following agents: Agent8(40->34)
 00:00:52 | WARNING! Aborting CBS - could not obtain an initial solution for the following agents: Agent8(40->34)
 00:00:54 | WARNING! Aborting CBS - could not obtain an initial solution for the following agents: Agent2(25->24)
 00:00:54 | WARNING! Aborting CBS - could not obtain an initial solution for the following agents: Agent2(25->24)
 00:00:54 | WARNING! Aborting CBS - could not obtain an initial solution for the following agents: Agent2(25->24)
 00:00:55 | 00:11:03 | 0.00:36:44 |  7.66%   |   840   |   832    | 60%  |  18304   |   0    | 171.16MB  
 00:00:55 | WARNING! Aborting CBS - could not obtain an initial solution for the following agents: Agent0(25->24)
 00:00:59 | WARNING! Aborting CBS - could not obtain an initial solution for the following agents: Agent19(9->8)
 00:00:59 | WARNING! Aborting CBS - could not obtain an initial solution for the following agents: Agent19(9->8)
 00:00:59 | WARNING! Aborting CBS - could not obtain an initial solution for the following agents: Agent19(9->8)
 00:01:00 | 00:09:18 | 0.00:46:32 |  9.70%   |  1070   |   1060   | 60%  |  23357   |   0    | 170.84MB  
 00:01:00 | WARNING! Aborting CBS - could not obtain an initial solution for the following agents: Agent30(41->40)
 00:01:04 | WARNING! Aborting CBS - could not obtain an initial solution for the following agents: Agent8(42->41)
 00:01:04 | WARNING! Aborting CBS - could not obtain an initial solution for the following agents: Agent8(42->41)
 00:01:04 | WARNING! Aborting CBS - could not obtain an initial solution for the following agents: Agent8(42->41)
 00:01:04 | WARNING! Aborting CBS - could not obtain an initial solution for the following agents: Agent4(1->0)
 00:01:05 | 00:07:49 | 0.00:58:23 |  12.17%  |  1350   |   1337   | 60%  |  29442   |   0    | 170.65MB  
 00:01:08 | WARNING! Aborting CBS - could not obtain an initial solution for the following agents: Agent11(25->24)
 00:01:08 | WARNING! Aborting CBS - could not obtain an initial solution for the following agents: Agent11(25->24)
 00:01:08 | WARNING! Aborting CBS - could not obtain an initial solution for the following agents: Agent11(25->24)
 00:01:09 | WARNING! Aborting CBS - could not obtain an initial solution for the following agents: Agent2(25->24)
 00:01:10 | 00:07:07 | 0.01:07:33 |  14.08%  |  1564   |   1551   | 60%  |  34340   |   0    | 171.51MB  
 00:01:12 | WARNING! Aborting CBS - could not obtain an initial solution for the following agents: Agent10(40->33)
 00:01:12 | WARNING! Aborting CBS - could not obtain an initial solution for the following agents: Agent10(40->33)
 00:01:14 | WARNING! Aborting CBS - could not obtain an initial solution for the following agents: Agent28(40->39)
 00:01:14 | WARNING! Aborting CBS - could not obtain an initial solution for the following agents: Agent26(25->24)
 00:01:14 | WARNING! Aborting CBS - could not obtain an initial solution for the following agents: Agent26(25->24)
 00:01:15 | 00:06:28 | 0.01:17:42 |  16.19%  |  1801   |   1789   | 60%  |  39760   |   0    | 171.73MB  
 00:01:15 | WARNING! Aborting CBS - could not obtain an initial solution for the following agents: Agent9(57->56)
 00:01:15 | WARNING! Aborting CBS - could not obtain an initial solution for the following agents: Agent9(57->56)
 00:01:15 | WARNING! Aborting CBS - could not obtain an initial solution for the following agents: Agent9(57->56)
 00:01:16 | WARNING! Aborting CBS - could not obtain an initial solution for the following agents: Agent25(9->2)
 00:01:17 | WARNING! Aborting CBS - could not obtain an initial solution for the following agents: Agent5(57->50)
 00:01:18 | WARNING! Aborting CBS - could not obtain an initial solution for the following agents: Agent1(2->1)
 00:01:19 | WARNING! Aborting CBS - could not obtain an initial solution for the following agents: Agent27(8->7)
 00:01:20 | 00:05:55 | 0.01:28:12 |  18.38%  |  2045   |   2035   | 60%  |  45551   |   0    | 171.43MB  
 00:01:22 | WARNING! Aborting CBS - could not obtain an initial solution for the following agents: Agent7(58->57)
 00:01:22 | WARNING! Aborting CBS - could not obtain an initial solution for the following agents: Agent7(58->57)
 00:01:22 | WARNING! Aborting CBS - could not obtain an initial solution for the following agents: Agent7(58->57)
 00:01:23 | WARNING! Aborting CBS - could not obtain an initial solution for the following agents: Agent19(9->8)
 00:01:25 | 00:05:43 | 0.01:35:12 |  19.83%  |  2208   |   2200   | 60%  |  49163   |   0    | 171.05MB  
 00:01:25 | WARNING! Aborting CBS - could not obtain an initial solution for the following agents: Agent16(58->57)
 00:01:25 | WARNING! Aborting CBS - could not obtain an initial solution for the following agents: Agent29(57->56)
 00:01:27 | WARNING! Aborting CBS - could not obtain an initial solution for the following agents: Agent4(9->8)
 00:01:27 | WARNING! Aborting CBS - could not obtain an initial solution for the following agents: Agent4(9->8)
 00:01:30 | 00:05:19 | 0.01:45:27 |  21.97%  |  2449   |   2439   | 60%  |  54408   |   0    | 171.41MB  
 00:01:34 | WARNING! Aborting CBS - could not obtain an initial solution for the following agents: Agent19(9->8)
 00:01:34 | WARNING! Aborting CBS - could not obtain an initial solution for the following agents: Agent19(9->8)
 00:01:34 | WARNING! Aborting CBS - could not obtain an initial solution for the following agents: Agent0(24->23)
 00:01:34 | WARNING! Aborting CBS - could not obtain an initial solution for the following agents: Agent0(24->23)
 00:01:34 | WARNING! Aborting CBS - could not obtain an initial solution for the following agents: Agent0(24->23)
 00:01:35 | 00:05:11 | 0.01:52:18 |  23.40%  |  2608   |   2598   | 60%  |  58544   |   0    | 171.58MB  
 00:01:35 | WARNING! Aborting CBS - could not obtain an initial solution for the following agents: Agent27(8->1)
 00:01:35 | WARNING! Aborting CBS - could not obtain an initial solution for the following agents: Agent27(8->1)
 00:01:40 | 00:04:52 | 0.02:02:08 |  25.45%  |  2837   |   2830   | 60%  |  64214   |   0    | 172.02MB  
 00:01:41 | WARNING! Aborting CBS - could not obtain an initial solution for the following agents: Agent0(24->23)
 00:01:43 | WARNING! Aborting CBS - could not obtain an initial solution for the following agents: Agent21(40->34)
 00:01:45 | 00:04:34 | 0.02:12:57 |  27.70%  |  3090   |   3082   | 60%  |  70135   |   0    | 171.53MB  
 00:01:45 | WARNING! Aborting CBS - could not obtain an initial solution for the following agents: Agent7(57->56)
 00:01:46 | WARNING! Aborting CBS - could not obtain an initial solution for the following agents: Agent7(58->57)
 00:01:47 | WARNING! Aborting CBS - could not obtain an initial solution for the following agents: Agent7(58->57)
 00:01:48 | WARNING! Aborting CBS - could not obtain an initial solution for the following agents: Agent8(41->40)
 00:01:49 | WARNING! Aborting CBS - could not obtain an initial solution for the following agents: Agent26(25->24)
 00:01:49 | WARNING! Aborting CBS - could not obtain an initial solution for the following agents: Agent26(25->24)
 00:01:50 | 00:04:23 | 0.02:21:12 |  29.42%  |  3281   |   3276   | 60%  |  74779   |   0    | 173.70MB  
 00:01:52 | WARNING! Aborting CBS - could not obtain an initial solution for the following agents: Agent5(57->56)
 00:01:55 | 00:04:18 | 0.02:27:57 |  30.83%  |  3440   |   3434   | 60%  |  78218   |   0    | 171.83MB  
 00:01:57 | WARNING! Aborting CBS - could not obtain an initial solution for the following agents: Agent1(2->1)
 00:01:57 | WARNING! Aborting CBS - could not obtain an initial solution for the following agents: Agent1(2->1)
 00:01:58 | WARNING! Aborting CBS - could not obtain an initial solution for the following agents: Agent9(57->56)
 00:02:00 | 00:04:03 | 0.02:38:15 |  32.97%  |  3678   |   3675   | 60%  |  84096   |   0    | 174.24MB  
 00:02:02 | WARNING! Aborting CBS - could not obtain an initial solution for the following agents: Agent19(8->1)
 00:02:02 | WARNING! Aborting CBS - could not obtain an initial solution for the following agents: Agent19(8->2)
 00:02:04 | WARNING! Aborting CBS - could not obtain an initial solution for the following agents: Agent26(25->24)
 00:02:05 | 00:03:55 | 0.02:46:28 |  34.68%  |  3873   |   3868   | 60%  |  88673   |   0    | 172.46MB  
 00:02:05 | WARNING! Aborting CBS - could not obtain an initial solution for the following agents: Agent21(41->40)
 00:02:05 | WARNING! Aborting CBS - could not obtain an initial solution for the following agents: Agent21(41->40)
 00:02:09 | WARNING! Aborting CBS - could not obtain an initial solution for the following agents: Agent9(57->56)
 00:02:10 | 00:03:43 | 0.02:56:34 |  36.79%  |  4108   |   4104   | 60%  |  94495   |   0    | 172.57MB  
 00:02:11 | WARNING! Aborting CBS - could not obtain an initial solution for the following agents: Agent1(3->1)
 00:02:11 | WARNING! Aborting CBS - could not obtain an initial solution for the following agents: Agent1(3->1)
 00:02:11 | WARNING! Aborting CBS - could not obtain an initial solution for the following agents: Agent1(3->1)
 00:02:11 | WARNING! Aborting CBS - could not obtain an initial solution for the following agents: Agent1(3->2)
 00:02:11 | WARNING! Aborting CBS - could not obtain an initial solution for the following agents: Agent1(3->2)
 00:02:12 | WARNING! Aborting CBS - could not obtain an initial solution for the following agents: Agent10(41->40)
 00:02:15 | 00:03:35 | 0.03:05:06 |  38.57%  |  4308   |   4305   | 60%  |  99333   |   0    | 172.67MB  
 00:02:18 | WARNING! Aborting CBS - could not obtain an initial solution for the following agents: Agent4(8->7)
 00:02:20 | 00:03:22 | 0.03:15:59 |  40.83%  |  4557   |   4560   | 60%  |  105314  |   0    | 173.03MB  
 00:02:23 | WARNING! Aborting CBS - could not obtain an initial solution for the following agents: Agent21(42->41)
 00:02:23 | WARNING! Aborting CBS - could not obtain an initial solution for the following agents: Agent28(41->40)
 00:02:23 | WARNING! Aborting CBS - could not obtain an initial solution for the following agents: Agent28(41->40)
 00:02:25 | 00:03:18 | 0.03:22:54 |  42.27%  |  4719   |   4722   | 60%  |  109073  |   0    | 174.62MB  
 00:02:25 | WARNING! Aborting CBS - could not obtain an initial solution for the following agents: Agent29(56->55)
 00:02:25 | WARNING! Aborting CBS - could not obtain an initial solution for the following agents: Agent29(56->55)
 00:02:27 | WARNING! Aborting CBS - could not obtain an initial solution for the following agents: Agent4(3->1)
 00:02:27 | WARNING! Aborting CBS - could not obtain an initial solution for the following agents: Agent4(3->1)
 00:02:27 | WARNING! Aborting CBS - could not obtain an initial solution for the following agents: Agent4(3->2)
 00:02:28 | WARNING! Aborting CBS - could not obtain an initial solution for the following agents: Agent11(25->24)
 00:02:28 | WARNING! Aborting CBS - could not obtain an initial solution for the following agents: Agent11(25->16)
 00:02:30 | 00:03:08 | 0.03:32:46 |  44.33%  |  4949   |   4954   | 60%  |  114395  |   0    | 172.90MB  
 00:02:33 | WARNING! Aborting CBS - could not obtain an initial solution for the following agents: Agent16(57->56)
 00:02:34 | WARNING! Aborting CBS - could not obtain an initial solution for the following agents: Agent19(9->8)
 00:02:34 | WARNING! Aborting CBS - could not obtain an initial solution for the following agents: Agent14(8->2)
 00:02:34 | WARNING! Aborting CBS - could not obtain an initial solution for the following agents: Agent14(8->2)
 00:02:35 | 00:03:00 | 0.03:41:49 |  46.21%  |  5161   |   5166   | 60%  |  119821  |   0    | 174.26MB  
 00:02:35 | WARNING! Aborting CBS - could not obtain an initial solution for the following agents: Agent7(56->55)
 00:02:36 | WARNING! Aborting CBS - could not obtain an initial solution for the following agents: Agent7(56->55)
 00:02:38 | WARNING! Aborting CBS - could not obtain an initial solution for the following agents: Agent10(41->40)
 00:02:40 | 00:02:48 | 0.03:53:47 |  48.71%  |  5440   |   5446   | 60%  |  126211  |   0    | 172.91MB  
 00:02:45 | 00:02:38 | 0.04:04:33 |  50.95%  |  5684   |   5699   | 60%  |  132271  |   0    | 172.72MB  
 00:02:48 | WARNING! Aborting CBS - could not obtain an initial solution for the following agents: Agent30(41->40)
 00:02:49 | WARNING! Aborting CBS - could not obtain an initial solution for the following agents: Agent2(25->24)
 00:02:49 | WARNING! Aborting CBS - could not obtain an initial solution for the following agents: Agent2(25->24)
 00:02:50 | 00:02:27 | 0.04:17:00 |  53.54%  |  5975   |   5990   | 60%  |  138624  |   0    | 173.09MB  
 00:02:55 | 00:02:18 | 0.04:28:08 |  55.86%  |  6226   |   6252   | 60%  |  144812  |   0    | 173.65MB  
 00:02:55 | WARNING! Aborting CBS - could not obtain an initial solution for the following agents: Agent5(57->56)
 00:02:55 | WARNING! Aborting CBS - could not obtain an initial solution for the following agents: Agent14(9->8)
 00:02:56 | WARNING! Aborting CBS - could not obtain an initial solution for the following agents: Agent10(40->39)
 00:02:57 | WARNING! Aborting CBS - could not obtain an initial solution for the following agents: Agent28(41->40)
 00:02:57 | WARNING! Aborting CBS - could not obtain an initial solution for the following agents: Agent28(41->40)
 00:02:57 | WARNING! Aborting CBS - could not obtain an initial solution for the following agents: Agent28(41->40)
 00:02:59 | WARNING! Aborting CBS - could not obtain an initial solution for the following agents: Agent14(9->8)
 00:02:59 | WARNING! Aborting CBS - could not obtain an initial solution for the following agents: Agent14(9->8)
 00:03:00 | 00:02:14 | 0.04:34:51 |  57.26%  |  6380   |   6410   | 60%  |  148608  |   0    | 174.26MB  
 00:03:01 | WARNING! Aborting CBS - could not obtain an initial solution for the following agents: Agent16(56->55)
 00:03:01 | WARNING! Aborting CBS - could not obtain an initial solution for the following agents: Agent16(56->55)
 00:03:02 | WARNING! Aborting CBS - could not obtain an initial solution for the following agents: Agent0(25->24)
 00:03:05 | 00:02:10 | 0.04:41:09 |  58.58%  |  6525   |   6558   | 60%  |  152184  |   0    | 173.59MB  
 00:03:05 | WARNING! Aborting CBS - could not obtain an initial solution for the following agents: Agent11(25->24)
 00:03:10 | 00:02:04 | 0.04:50:21 |  60.49%  |  6740   |   6773   | 60%  |  157332  |   0    | 174.81MB  
 00:03:15 | 00:01:58 | 0.04:58:43 |  62.24%  |  6928   |   6970   | 60%  |  162178  |   0    | 174.12MB  
 00:03:17 | WARNING! Aborting CBS - could not obtain an initial solution for the following agents: Agent24(777->748)
 00:03:17 | WARNING! Aborting CBS - could not obtain an initial solution for the following agents: Agent30(41->40)
 00:03:19 | WARNING! Aborting CBS - could not obtain an initial solution for the following agents: Agent28(41->40)
 00:03:19 | WARNING! Aborting CBS - could not obtain an initial solution for the following agents: Agent28(41->40)
 00:03:20 | 00:01:52 | 0.05:07:13 |  64.00%  |  7125   |   7168   | 60%  |  166916  |   0    | 174.79MB  
 00:03:22 | WARNING! Aborting CBS - could not obtain an initial solution for the following agents: Agent16(57->56)
 00:03:22 | WARNING! Aborting CBS - could not obtain an initial solution for the following agents: Agent16(57->56)
 00:03:25 | 00:01:45 | 0.05:16:53 |  66.02%  |  7352   |   7395   | 60%  |  172093  |   0    | 174.48MB  
 00:03:25 | WARNING! Aborting CBS - could not obtain an initial solution for the following agents: Agent7(56->55)
 00:03:27 | WARNING! Aborting CBS - could not obtain an initial solution for the following agents: Agent30(42->41)
 00:03:27 | WARNING! Aborting CBS - could not obtain an initial solution for the following agents: Agent30(42->41)
 00:03:30 | 00:01:36 | 0.05:28:53 |  68.52%  |  7630   |   7676   | 60%  |  178551  |   0    | 173.89MB  
 00:03:32 | WARNING! Aborting CBS - could not obtain an initial solution for the following agents: Agent8(43->34)
 00:03:32 | WARNING! Aborting CBS - could not obtain an initial solution for the following agents: Agent8(43->34)
 00:03:32 | WARNING! Aborting CBS - could not obtain an initial solution for the following agents: Agent8(43->34)
 00:03:33 | WARNING! Aborting CBS - could not obtain an initial solution for the following agents: Agent5(57->56)
 00:03:35 | 00:01:32 | 0.05:35:24 |  69.88%  |  7779   |   7830   | 60%  |  182366  |   0    | 173.34MB  
 00:03:35 | WARNING! Aborting CBS - could not obtain an initial solution for the following agents: Agent27(3->1)
 00:03:35 | WARNING! Aborting CBS - could not obtain an initial solution for the following agents: Agent27(3->1)
 00:03:35 | WARNING! Aborting CBS - could not obtain an initial solution for the following agents: Agent27(3->1)
 00:03:35 | WARNING! Aborting CBS - could not obtain an initial solution for the following agents: Agent27(3->2)
 00:03:35 | WARNING! Aborting CBS - could not obtain an initial solution for the following agents: Agent27(3->2)
 00:03:35 | WARNING! Aborting CBS - could not obtain an initial solution for the following agents: Agent27(3->2)
 00:03:39 | WARNING! Aborting CBS - could not obtain an initial solution for the following agents: Agent8(43->42)
 00:03:39 | WARNING! Aborting CBS - could not obtain an initial solution for the following agents: Agent8(43->42)
 00:03:39 | WARNING! Aborting CBS - could not obtain an initial solution for the following agents: Agent8(43->42)
 00:03:40 | 00:01:29 | 0.05:41:38 |  71.17%  |  7919   |   7975   | 60%  |  186219  |   0    | 172.86MB  
 00:03:45 | 00:01:22 | 0.05:51:43 |  73.27%  |  8156   |   8211   | 60%  |  191967  |   0    | 172.79MB  
 00:03:46 | WARNING! Aborting CBS - could not obtain an initial solution for the following agents: Agent8(41->40)
 00:03:46 | WARNING! Aborting CBS - could not obtain an initial solution for the following agents: Agent8(41->40)
 00:03:47 | WARNING! Aborting CBS - could not obtain an initial solution for the following agents: Agent14(3->1)
 00:03:47 | WARNING! Aborting CBS - could not obtain an initial solution for the following agents: Agent14(3->1)
 00:03:47 | WARNING! Aborting CBS - could not obtain an initial solution for the following agents: Agent14(3->2)
 00:03:48 | WARNING! Aborting CBS - could not obtain an initial solution for the following agents: Agent8(41->40)
 00:03:49 | WARNING! Aborting CBS - could not obtain an initial solution for the following agents: Agent2(25->24)
 00:03:49 | WARNING! Aborting CBS - could not obtain an initial solution for the following agents: Agent30(42->41)
 00:03:49 | WARNING! Aborting CBS - could not obtain an initial solution for the following agents: Agent30(42->41)
 00:03:49 | WARNING! Aborting CBS - could not obtain an initial solution for the following agents: Agent10(41->40)
 00:03:50 | 00:01:15 | 0.06:01:06 |  75.23%  |  8376   |   8433   | 60%  |  197055  |   0    | 173.15MB  
 00:03:52 | WARNING! Aborting CBS - could not obtain an initial solution for the following agents: Agent11(25->24)
 00:03:52 | WARNING! Aborting CBS - could not obtain an initial solution for the following agents: Agent14(9->8)
 00:03:54 | WARNING! Aborting CBS - could not obtain an initial solution for the following agents: Agent0(25->24)
 00:03:54 | WARNING! Aborting CBS - could not obtain an initial solution for the following agents: Agent0(25->24)
 00:03:54 | WARNING! Aborting CBS - could not obtain an initial solution for the following agents: Agent27(3->1)
 00:03:54 | WARNING! Aborting CBS - could not obtain an initial solution for the following agents: Agent27(3->1)
 00:03:54 | WARNING! Aborting CBS - could not obtain an initial solution for the following agents: Agent27(3->1)
 00:03:54 | WARNING! Aborting CBS - could not obtain an initial solution for the following agents: Agent27(3->2)
 00:03:55 | 00:01:08 | 0.06:12:13 |  77.55%  |  8634   |   8692   | 60%  |  203019  |   0    | 173.39MB  
 00:03:57 | WARNING! Aborting CBS - could not obtain an initial solution for the following agents: Agent28(40->39)
 00:03:59 | WARNING! Aborting CBS - could not obtain an initial solution for the following agents: Agent27(2->1)
 00:03:59 | WARNING! Aborting CBS - could not obtain an initial solution for the following agents: Agent27(2->1)
 00:03:59 | WARNING! Aborting CBS - could not obtain an initial solution for the following agents: Agent8(41->34)
 00:03:59 | WARNING! Aborting CBS - could not obtain an initial solution for the following agents: Agent8(41->34)
 00:04:00 | 00:00:58 | 0.06:25:30 |  80.31%  |  8945   |   9006   | 60%  |  209852  |   0    | 173.67MB  
 00:04:00 | WARNING! Aborting CBS - could not obtain an initial solution for the following agents: Agent9(57->56)
 00:04:00 | WARNING! Aborting CBS - could not obtain an initial solution for the following agents: Agent1(3->2)
 00:04:01 | WARNING! Aborting CBS - could not obtain an initial solution for the following agents: Agent0(26->25)
 00:04:01 | WARNING! Aborting CBS - could not obtain an initial solution for the following agents: Agent0(26->25)
 00:04:01 | WARNING! Aborting CBS - could not obtain an initial solution for the following agents: Agent0(26->25)
 00:04:01 | WARNING! Aborting CBS - could not obtain an initial solution for the following agents: Agent0(26->18)
 00:04:01 | WARNING! Aborting CBS - could not obtain an initial solution for the following agents: Agent0(26->18)
 00:04:05 | 00:00:49 | 0.06:38:53 |  83.10%  |  9258   |   9318   | 60%  |  216614  |   0    | 173.78MB  
 00:04:05 | WARNING! Aborting CBS - could not obtain an initial solution for the following agents: Agent26(25->24)
 00:04:05 | WARNING! Aborting CBS - could not obtain an initial solution for the following agents: Agent26(25->24)
 00:04:07 | WARNING! Aborting CBS - could not obtain an initial solution for the following agents: Agent7(57->56)
 00:04:10 | 00:00:44 | 0.06:47:59 |  85.00%  |  9468   |   9534   | 60%  |  221702  |   0    | 175.00MB  
 00:04:12 | WARNING! Aborting CBS - could not obtain an initial solution for the following agents: Agent30(41->40)
 00:04:12 | WARNING! Aborting CBS - could not obtain an initial solution for the following agents: Agent30(41->40)
 00:04:15 | 00:00:38 | 0.06:57:22 |  86.95%  |  9686   |   9751   | 60%  |  227187  |   0    | 174.59MB  
 00:04:16 | WARNING! Aborting CBS - could not obtain an initial solution for the following agents: Agent19(9->8)
 00:04:17 | WARNING! Aborting CBS - could not obtain an initial solution for the following agents: Agent5(56->55)
 00:04:18 | WARNING! Aborting CBS - could not obtain an initial solution for the following agents: Agent11(25->24)
 00:04:20 | 00:00:34 | 0.07:03:54 |  88.31%  |  9827   |   9905   | 60%  |  231013  |   0    | 174.28MB  
 00:04:25 | 00:00:29 | 0.07:12:21 |  90.07%  |  10021  |  10102   | 60%  |  235786  |   0    | 175.34MB  
 00:04:27 | WARNING! Aborting CBS - could not obtain an initial solution for the following agents: Agent0(26->25)
 00:04:27 | WARNING! Aborting CBS - could not obtain an initial solution for the following agents: Agent24(25->24)
 00:04:28 | WARNING! Aborting CBS - could not obtain an initial solution for the following agents: Agent14(9->8)
 00:04:30 | 00:00:22 | 0.07:23:13 |  92.34%  |  10277  |  10358   | 60%  |  241497  |   0    | 174.46MB  
 00:04:30 | WARNING! Aborting CBS - could not obtain an initial solution for the following agents: Agent2(25->24)
 00:04:30 | WARNING! Aborting CBS - could not obtain an initial solution for the following agents: Agent14(8->7)
 00:04:30 | WARNING! Aborting CBS - could not obtain an initial solution for the following agents: Agent14(8->7)
 00:04:35 | 00:00:18 | 0.07:30:29 |  93.85%  |  10441  |  10528   | 60%  |  245475  |   0    | 174.54MB  
 00:04:37 | WARNING! Aborting CBS - could not obtain an initial solution for the following agents: Agent7(57->56)
 00:04:37 | WARNING! Aborting CBS - could not obtain an initial solution for the following agents: Agent7(57->56)
 00:04:38 | WARNING! Aborting CBS - could not obtain an initial solution for the following agents: Agent7(56->55)
 00:04:40 | 00:00:14 | 0.07:36:42 |  95.15%  |  10586  |  10674   | 60%  |  248975  |   0    | 174.94MB  
 00:04:42 | WARNING! Aborting CBS - could not obtain an initial solution for the following agents: Agent25(2->1)
 00:04:42 | WARNING! Aborting CBS - could not obtain an initial solution for the following agents: Agent0(26->25)
 00:04:42 | WARNING! Aborting CBS - could not obtain an initial solution for the following agents: Agent0(26->25)
 00:04:45 | 00:00:07 | 0.07:47:19 |  97.36%  |  10832  |  10922   | 60%  |  254840  |   0    | 174.50MB  
 00:04:47 | WARNING! Aborting CBS - could not obtain an initial solution for the following agents: Agent19(3->1)
 00:04:49 | WARNING! Aborting CBS - could not obtain an initial solution for the following agents: Agent29(57->56)
 00:04:49 | WARNING! Aborting CBS - could not obtain an initial solution for the following agents: Agent28(41->40)
 00:04:49 | WARNING! Aborting CBS - could not obtain an initial solution for the following agents: Agent28(41->40)
 00:04:49 | 00:00:00 | 0.08:00:00 | 100.00%  |  11126  |  11218   | 60%  |  261647  |   0    | 174.90MB  
 00:04:49 | >>> Simulation finished - writing results ...
 00:04:50 | >>> Results written
Simulation finished.
>>> Timings
StatTimingPathPlanningAverage: 0.014203460791255156
StatTimingPathPlanningOverall: 228.68992219999927
StatTimingPathPlanningCount: 16101
StatTimingTaskAllocationAverage: 0.0014803830484616796
StatTimingTaskAllocationOverall: 22.085834699999797
StatTimingTaskAllocationCount: 14919
StatTimingItemStorageAverage: 3.344733770315334E-06
StatTimingItemStorageOverall: 0.037250300000001874
StatTimingItemStorageCount: 11137
StatTimingPodStorageAverage: 0.0019232777526638736
StatTimingPodStorageOverall: 5.9563912000000165
StatTimingPodStorageCount: 3097
StatTimingReplenishmentBatchingAverage: 8.138007819139871E-06
StatTimingReplenishmentBatchingOverall: 0.09575179999999972
StatTimingReplenishmentBatchingCount: 11766
StatTimingOrderBatchingAverage: 0.00010879816099476492
StatTimingOrderBatchingOverall: 3.324871800000016
StatTimingOrderBatchingCount: 30560
>>> Overall
StatOverallBundlesPlaced: 15156
StatOverallItemsOrdered: 11170
StatOverallOrdersPlaced: 11170
StatOverallBundlesRejected: 0
StatOverallOrdersRejected: 0
StatOverallBundlesHandled: 11218
StatOverallItemsHandled: 11130
StatOverallLinesHandled: 11130
StatOverallOrdersHandled: 11126
StatOverallCollisions: 0
StatOverallDistanceTraveled: 261647.47899075848
StatOverallDistanceEstimated: 240559
StatOverallAssignedTasks: 14919
StatMaxMemoryUsed: 176.0625
StatRealTimeUsed: 289.8646568
StatAverageTurnoverTime: 368.46868493461136
StatMedianTurnoverTime: 214.11489501741016
StatLowerQuartileTurnoverTime: 121.87074233497697
StatUpperQuartileTurnoverTime: 488.79403650894164
StatAverageThroughputTime: 114.39610626383877
StatMedianThroughputTime: 120.95500399817865
StatLowerQuartileThroughputTime: 81.13055236081846
StatUpperQuartileThroughputTime: 142.12786118152871
>>> Energy (Rizqi model)
StatEnergyTotalKJ: 20031.21083654675
StatEnergyE1AccelKJ: 5474.119987249979
StatEnergyE2DecelKJ: 0
StatEnergyE3CruiseKJ: 9854.540430000003
StatEnergyE4RotationKJ: 3868.641899296723
StatEnergyE5LiftLowerKJ: 833.9085200000002
StatEnergyPerOrderKJ: 1.8003964440541749
StatEnergyPerMeterJoule: 76.5268566537541
StatDistanceTraveledRizqiM: 261754
>>> Motion Behavior
StatTurningCount: 32714
StatStopAndGoCount: 44593
StatLoadedDistanceM: 177466
StatLoadedTurningCount: 24153
StatWaitTimeSec: 602332.8846089558
StatMoveEnergyEmptyKJ: 4326.284024999997
StatMoveTimeEmptySec: 83447.75031745146
StatTurnEnergyEmptyKJ: 878.186079738611
StatTurnTimeEmptySec: 5743.262595614019
StatMoveEnergyLoadedKJ: 11002.376392249982
StatMoveTimeLoadedSec: 207195.12783333226
StatTurnEnergyLoadedKJ: 2990.4558195581353
StatTurnTimeLoadedSec: 15279.633979735685
StatPrefEmptyW: 58.35195648928674
StatPrefLoadedW: 62.896267863252945

Marked tag finished after 1 tries!
.Fin. - SUCCESS
