<<< Welcome to the RAWSimO CLI >>>
The time is: 04/14/2026 00:32:43
Starting RAWSimO wrapper with the following arguments:
Instance: Material/Instances/PP/1-4-4-32-550.xinst
Setting: Material/Instances/PP/PPMinimal.xsett
ControlConfig: Material/Instances/PP/aesop-ecbs.xconf
StatisticsDir: C:\Users\Aesop\Desktop\rawsim-o-rmfs-world-models\output_exp\ecbs\seed_6
Seed: 6
Adding handler for unhandled exceptions ...
Initializing ... 
Instance recognized!
Parsing setting config ...
Parsing control config ...
Parsing instance ...
StatisticsFolder: 1-4-4-32-550-PPMinimal-aesop-ecbs-6
Done!
Executing ... 
 00:32:45 | >>> Warming up ...
 00:00:00 | >>> Warmup finished - starting simulation ...
 Realtime |   ETA    |  Sim.Time  | Progress | #Orders | #Bundles | Inv. | Distance | #Coll. |   Memory    
 00:00:00 |   n/a    | 0.00:00:00 |  0.00%   |    0    |    0     | 60%  |    0     |   0    | 123.16MB  
 00:00:05 | 03:55:24 | 0.00:00:10 |  0.04%   |    0    |    0     | 60%  |   212    |   0    | 166.50MB  
 00:00:07 | WARNING! Aborting ECBS - could not obtain an initial solution for the following agents: Agent2(19->18)
 00:00:07 | WARNING! Aborting ECBS - could not obtain an initial solution for the following agents: Agent2(19->18)
 00:00:10 | 02:17:57 | 0.00:00:34 |  0.12%   |    0    |    0     | 60%  |   802    |   0    | 174.24MB  
 00:00:15 | 03:00:25 | 0.00:00:39 |  0.14%   |    0    |    0     | 60%  |   917    |   0    | 179.30MB  
 00:00:20 | 03:21:58 | 0.00:00:47 |  0.16%   |    2    |    0     | 60%  |   1066   |   0    | 185.66MB  
 00:00:24 | WARNING! Aborting ECBS - could not obtain an initial solution for the following agents: Agent8(41->40)
 00:00:24 | WARNING! Aborting ECBS - could not obtain an initial solution for the following agents: Agent8(41->40)
 00:00:25 | 02:49:42 | 0.00:01:10 |  0.24%   |    8    |    2     | 60%  |   1533   |   0    | 184.19MB  
 00:00:25 | WARNING! Aborting ECBS - could not obtain an initial solution for the following agents: Agent0(17->16)
 00:00:25 | WARNING! Aborting ECBS - could not obtain an initial solution for the following agents: Agent0(17->16)
 00:00:25 | WARNING! Aborting ECBS - could not obtain an initial solution for the following agents: Agent31(105->98)
 00:00:26 | WARNING! Aborting ECBS - could not obtain an initial solution for the following agents: Agent26(25->24)
 00:00:26 | WARNING! Aborting ECBS - could not obtain an initial solution for the following agents: Agent26(25->24)
 00:00:30 | 00:25:47 | 0.00:09:07 |  1.90%   |   197   |   186    | 60%  |   4733   |   0    | 183.84MB  
 00:00:30 | WARNING! Aborting ECBS - could not obtain an initial solution for the following agents: Agent8(41->40)
 00:00:30 | WARNING! Aborting ECBS - could not obtain an initial solution for the following agents: Agent8(41->40)
 00:00:30 | WARNING! Aborting ECBS - could not obtain an initial solution for the following agents: Agent8(41->40)
 00:00:30 | WARNING! Aborting ECBS - could not obtain an initial solution for the following agents: Agent30(40->39)
 00:00:30 | WARNING! Aborting ECBS - could not obtain an initial solution for the following agents: Agent30(40->39)
 00:00:35 | 00:17:18 | 0.00:15:39 |  3.26%   |   349   |   340    | 60%  |   7795   |   0    | 184.71MB  
 00:00:35 | WARNING! Aborting ECBS - could not obtain an initial solution for the following agents: Agent26(19->17)
 00:00:35 | WARNING! Aborting ECBS - could not obtain an initial solution for the following agents: Agent26(19->17)
 00:00:35 | WARNING! Aborting ECBS - could not obtain an initial solution for the following agents: Agent5(57->56)
 00:00:35 | WARNING! Aborting ECBS - could not obtain an initial solution for the following agents: Agent5(57->56)
 00:00:37 | WARNING! Aborting ECBS - could not obtain an initial solution for the following agents: Agent19(9->8)
 00:00:37 | WARNING! Aborting ECBS - could not obtain an initial solution for the following agents: Agent19(9->8)
 00:00:37 | WARNING! Aborting ECBS - could not obtain an initial solution for the following agents: Agent19(9->8)
 00:00:37 | WARNING! Aborting ECBS - could not obtain an initial solution for the following agents: Agent0(25->24)
 00:00:37 | WARNING! Aborting ECBS - could not obtain an initial solution for the following agents: Agent0(25->24)
 00:00:38 | WARNING! Aborting ECBS - could not obtain an initial solution for the following agents: Agent29(57->56)
 00:00:38 | WARNING! Aborting ECBS - could not obtain an initial solution for the following agents: Agent29(57->56)
 00:00:38 | WARNING! Aborting ECBS - could not obtain an initial solution for the following agents: Agent1(3->2)
 00:00:39 | WARNING! Aborting ECBS - could not obtain an initial solution for the following agents: Agent30(40->39)
 00:00:40 | 00:13:05 | 0.00:23:16 |  4.85%   |   528   |   517    | 60%  |  11468   |   0    | 185.33MB  
 00:00:43 | WARNING! Aborting ECBS - could not obtain an initial solution for the following agents: Agent16(57->56)
 00:00:43 | WARNING! Aborting ECBS - could not obtain an initial solution for the following agents: Agent24(24->23)
 00:00:43 | WARNING! Aborting ECBS - could not obtain an initial solution for the following agents: Agent24(24->23)
 00:00:44 | WARNING! Aborting ECBS - could not obtain an initial solution for the following agents: Agent10(41->40)
 00:00:45 | 00:10:33 | 0.00:31:49 |  6.63%   |   731   |   717    | 60%  |  15474   |   0    | 185.02MB  
 00:00:46 | WARNING! Aborting ECBS - could not obtain an initial solution for the following agents: Agent14(9->8)
 00:00:46 | WARNING! Aborting ECBS - could not obtain an initial solution for the following agents: Agent14(9->8)
 00:00:46 | WARNING! Aborting ECBS - could not obtain an initial solution for the following agents: Agent14(9->8)
 00:00:46 | WARNING! Aborting ECBS - could not obtain an initial solution for the following agents: Agent2(25->24)
 00:00:50 | 00:09:38 | 0.00:38:11 |  7.96%   |   880   |   866    | 60%  |  19001   |   0    | 184.52MB  
 00:00:53 | WARNING! Aborting ECBS - could not obtain an initial solution for the following agents: Agent24(25->24)
 00:00:53 | WARNING! Aborting ECBS - could not obtain an initial solution for the following agents: Agent7(57->56)
 00:00:53 | WARNING! Aborting ECBS - could not obtain an initial solution for the following agents: Agent7(57->56)
 00:00:53 | WARNING! Aborting ECBS - could not obtain an initial solution for the following agents: Agent7(57->56)
 00:00:55 | 00:08:24 | 0.00:47:12 |  9.83%   |  1091   |   1077   | 60%  |  23423   |   0    | 184.66MB  
 00:00:55 | WARNING! Aborting ECBS - could not obtain an initial solution for the following agents: Agent0(25->24)
 00:00:58 | WARNING! Aborting ECBS - could not obtain an initial solution for the following agents: Agent7(57->56)
 00:00:58 | WARNING! Aborting ECBS - could not obtain an initial solution for the following agents: Agent7(57->56)
 00:00:58 | WARNING! Aborting ECBS - could not obtain an initial solution for the following agents: Agent7(57->56)
 00:00:58 | WARNING! Aborting ECBS - could not obtain an initial solution for the following agents: Agent8(41->40)
 00:00:58 | WARNING! Aborting ECBS - could not obtain an initial solution for the following agents: Agent8(41->40)
 00:00:58 | WARNING! Aborting ECBS - could not obtain an initial solution for the following agents: Agent8(41->40)
 00:01:00 | 00:07:46 | 0.00:54:44 |  11.40%  |  1265   |   1254   | 60%  |  27725   |   0    | 184.94MB  
 00:01:01 | WARNING! Aborting ECBS - could not obtain an initial solution for the following agents: Agent0(18->17)
 00:01:03 | WARNING! Aborting ECBS - could not obtain an initial solution for the following agents: Agent26(26->25)
 00:01:03 | WARNING! Aborting ECBS - could not obtain an initial solution for the following agents: Agent26(26->25)
 00:01:03 | WARNING! Aborting ECBS - could not obtain an initial solution for the following agents: Agent26(26->25)
 00:01:03 | WARNING! Aborting ECBS - could not obtain an initial solution for the following agents: Agent26(26->25)
 00:01:03 | WARNING! Aborting ECBS - could not obtain an initial solution for the following agents: Agent11(25->24)
 00:01:03 | WARNING! Aborting ECBS - could not obtain an initial solution for the following agents: Agent5(56->55)
 00:01:03 | WARNING! Aborting ECBS - could not obtain an initial solution for the following agents: Agent5(56->55)
 00:01:05 | 00:07:10 | 0.01:02:59 |  13.12%  |  1457   |   1446   | 60%  |  32253   |   0    | 185.28MB  
 00:01:07 | WARNING! Aborting ECBS - could not obtain an initial solution for the following agents: Agent29(56->49)
 00:01:07 | WARNING! Aborting ECBS - could not obtain an initial solution for the following agents: Agent29(56->49)
 00:01:07 | WARNING! Aborting ECBS - could not obtain an initial solution for the following agents: Agent29(56->49)
 00:01:07 | WARNING! Aborting ECBS - could not obtain an initial solution for the following agents: Agent29(56->50)
 00:01:10 | 00:06:34 | 0.01:12:19 |  15.07%  |  1672   |   1665   | 60%  |  37158   |   0    | 184.27MB  
 00:01:13 | WARNING! Aborting ECBS - could not obtain an initial solution for the following agents: Agent29(57->56)
 00:01:15 | 00:06:14 | 0.01:20:05 |  16.69%  |  1854   |   1848   | 60%  |  41246   |   0    | 186.95MB  
 00:01:17 | WARNING! Aborting ECBS - could not obtain an initial solution for the following agents: Agent21(41->40)
 00:01:18 | WARNING! Aborting ECBS - could not obtain an initial solution for the following agents: Agent24(26->25)
 00:01:18 | WARNING! Aborting ECBS - could not obtain an initial solution for the following agents: Agent24(26->25)
 00:01:18 | WARNING! Aborting ECBS - could not obtain an initial solution for the following agents: Agent24(26->25)
 00:01:20 | 00:06:00 | 0.01:27:15 |  18.18%  |  2021   |   2014   | 60%  |  45178   |   0    | 190.31MB  
 00:01:20 | WARNING! Aborting ECBS - could not obtain an initial solution for the following agents: Agent10(41->40)
 00:01:20 | WARNING! Aborting ECBS - could not obtain an initial solution for the following agents: Agent10(41->40)
 00:01:20 | WARNING! Aborting ECBS - could not obtain an initial solution for the following agents: Agent10(41->40)
 00:01:20 | WARNING! Aborting ECBS - could not obtain an initial solution for the following agents: Agent10(41->40)
 00:01:22 | WARNING! Aborting ECBS - could not obtain an initial solution for the following agents: Agent7(57->56)
 00:01:22 | WARNING! Aborting ECBS - could not obtain an initial solution for the following agents: Agent0(24->23)
 00:01:22 | WARNING! Aborting ECBS - could not obtain an initial solution for the following agents: Agent0(24->23)
 00:01:25 | 00:05:42 | 0.01:35:31 |  19.90%  |  2215   |   2209   | 60%  |  49687   |   0    | 188.43MB  
 00:01:26 | WARNING! Aborting ECBS - could not obtain an initial solution for the following agents: Agent7(57->56)
 00:01:26 | WARNING! Aborting ECBS - could not obtain an initial solution for the following agents: Agent7(57->56)
 00:01:27 | WARNING! Aborting ECBS - could not obtain an initial solution for the following agents: Agent30(43->34)
 00:01:28 | WARNING! Aborting ECBS - could not obtain an initial solution for the following agents: Agent16(57->56)
 00:01:28 | WARNING! Aborting ECBS - could not obtain an initial solution for the following agents: Agent10(41->40)
 00:01:28 | WARNING! Aborting ECBS - could not obtain an initial solution for the following agents: Agent10(41->40)
 00:01:28 | WARNING! Aborting ECBS - could not obtain an initial solution for the following agents: Agent8(40->34)
 00:01:29 | WARNING! Aborting ECBS - could not obtain an initial solution for the following agents: Agent25(9->8)
 00:01:30 | 00:05:28 | 0.01:43:15 |  21.51%  |  2394   |   2389   | 60%  |  54097   |   0    | 191.44MB  
 00:01:31 | WARNING! Aborting ECBS - could not obtain an initial solution for the following agents: Agent5(57->56)
 00:01:31 | WARNING! Aborting ECBS - could not obtain an initial solution for the following agents: Agent5(57->56)
 00:01:31 | WARNING! Aborting ECBS - could not obtain an initial solution for the following agents: Agent27(9->2)
 00:01:33 | WARNING! Aborting ECBS - could not obtain an initial solution for the following agents: Agent26(24->23)
 00:01:35 | 00:05:04 | 0.01:54:01 |  23.76%  |  2645   |   2641   | 60%  |  59995   |   0    | 192.31MB  
 00:01:40 | 00:05:19 | 0.01:54:29 |  23.85%  |  2656   |   2653   | 60%  |  60267   |   0    | 192.43MB  
 00:01:40 | WARNING! Aborting ECBS - could not obtain an initial solution for the following agents: Agent4(3->2)
 00:01:40 | WARNING! Aborting ECBS - could not obtain an initial solution for the following agents: Agent4(3->2)
 00:01:44 | WARNING! Aborting ECBS - could not obtain an initial solution for the following agents: Agent24(24->23)
 00:01:44 | WARNING! Aborting ECBS - could not obtain an initial solution for the following agents: Agent24(24->23)
 00:01:44 | WARNING! Aborting ECBS - could not obtain an initial solution for the following agents: Agent24(24->23)
 00:01:45 | 00:05:13 | 0.02:00:25 |  25.09%  |  2791   |   2793   | 60%  |  63764   |   0    | 197.84MB  
 00:01:47 | WARNING! Aborting ECBS - could not obtain an initial solution for the following agents: Agent8(35->33)
 00:01:47 | WARNING! Aborting ECBS - could not obtain an initial solution for the following agents: Agent8(35->34)
 00:01:50 | 00:04:56 | 0.02:09:50 |  27.05%  |  3010   |   3013   | 60%  |  68955   |   0    | 201.07MB  
 00:01:50 | WARNING! Aborting ECBS - could not obtain an initial solution for the following agents: Agent19(9->8)
 00:01:52 | WARNING! Aborting ECBS - could not obtain an initial solution for the following agents: Agent10(41->40)
 00:01:52 | WARNING! Aborting ECBS - could not obtain an initial solution for the following agents: Agent10(41->34)
 00:01:55 | 00:04:37 | 0.02:20:28 |  29.27%  |  3260   |   3261   | 60%  |  74792   |   0    | 202.94MB  
 00:01:55 | WARNING! Aborting ECBS - could not obtain an initial solution for the following agents: Agent21(41->39)
 00:01:55 | WARNING! Aborting ECBS - could not obtain an initial solution for the following agents: Agent21(41->39)
 00:01:56 | WARNING! Aborting ECBS - could not obtain an initial solution for the following agents: Agent9(57->56)
 00:01:56 | WARNING! Aborting ECBS - could not obtain an initial solution for the following agents: Agent9(57->56)
 00:01:57 | WARNING! Aborting ECBS - could not obtain an initial solution for the following agents: Agent28(40->39)
 00:01:59 | WARNING! Aborting ECBS - could not obtain an initial solution for the following agents: Agent0(25->24)
 00:01:59 | WARNING! Aborting ECBS - could not obtain an initial solution for the following agents: Agent0(25->24)
 00:01:59 | WARNING! Aborting ECBS - could not obtain an initial solution for the following agents: Agent0(25->24)
 00:02:00 | 00:04:30 | 0.02:27:20 |  30.69%  |  3415   |   3422   | 60%  |  78662   |   0    | 202.98MB  
 00:02:00 | WARNING! Aborting ECBS - could not obtain an initial solution for the following agents: Agent10(41->40)
 00:02:00 | WARNING! Aborting ECBS - could not obtain an initial solution for the following agents: Agent10(41->40)
 00:02:00 | WARNING! Aborting ECBS - could not obtain an initial solution for the following agents: Agent10(41->40)
 00:02:00 | WARNING! Aborting ECBS - could not obtain an initial solution for the following agents: Agent4(8->1)
 00:02:00 | WARNING! Aborting ECBS - could not obtain an initial solution for the following agents: Agent4(8->2)
 00:02:00 | WARNING! Aborting ECBS - could not obtain an initial solution for the following agents: Agent8(41->39)
 00:02:00 | WARNING! Aborting ECBS - could not obtain an initial solution for the following agents: Agent8(41->39)
 00:02:00 | WARNING! Aborting ECBS - could not obtain an initial solution for the following agents: Agent8(41->40)
 00:02:00 | WARNING! Aborting ECBS - could not obtain an initial solution for the following agents: Agent8(41->40)
 00:02:02 | WARNING! Aborting ECBS - could not obtain an initial solution for the following agents: Agent21(40->39)
 00:02:02 | WARNING! Aborting ECBS - could not obtain an initial solution for the following agents: Agent21(40->33)
 00:02:02 | WARNING! Aborting ECBS - could not obtain an initial solution for the following agents: Agent21(40->34)
 00:02:02 | WARNING! Aborting ECBS - could not obtain an initial solution for the following agents: Agent21(40->34)
 00:02:03 | WARNING! Aborting ECBS - could not obtain an initial solution for the following agents: Agent28(42->41)
 00:02:03 | WARNING! Aborting ECBS - could not obtain an initial solution for the following agents: Agent28(42->41)
 00:02:04 | WARNING! Aborting ECBS - could not obtain an initial solution for the following agents: Agent25(3->1)
 00:02:05 | 00:04:15 | 0.02:37:52 |  32.89%  |  3659   |   3669   | 60%  |  84420   |   0    | 205.60MB  
 00:02:07 | WARNING! Aborting ECBS - could not obtain an initial solution for the following agents: Agent14(3->2)
 00:02:07 | WARNING! Aborting ECBS - could not obtain an initial solution for the following agents: Agent14(3->2)
 00:02:08 | WARNING! Aborting ECBS - could not obtain an initial solution for the following agents: Agent29(57->56)
 00:02:08 | WARNING! Aborting ECBS - could not obtain an initial solution for the following agents: Agent29(57->56)
 00:02:08 | WARNING! Aborting ECBS - could not obtain an initial solution for the following agents: Agent29(57->56)
 00:02:10 | 00:04:02 | 0.02:47:37 |  34.92%  |  3887   |   3897   | 60%  |  89720   |   0    | 202.88MB  
 00:02:10 | WARNING! Aborting ECBS - could not obtain an initial solution for the following agents: Agent9(57->56)
 00:02:12 | WARNING! Aborting ECBS - could not obtain an initial solution for the following agents: Agent10(41->40)
 00:02:14 | WARNING! Aborting ECBS - could not obtain an initial solution for the following agents: Agent0(26->24)
 00:02:15 | 00:03:51 | 0.02:56:59 |  36.87%  |  4107   |   4117   | 60%  |  94510   |   0    | 203.01MB  
 00:02:19 | WARNING! Aborting ECBS - could not obtain an initial solution for the following agents: Agent2(24->23)
 00:02:19 | WARNING! Aborting ECBS - could not obtain an initial solution for the following agents: Agent2(24->23)
 00:02:20 | 00:03:37 | 0.03:08:14 |  39.22%  |  4369   |   4381   | 60%  |  100321  |   0    | 205.30MB  
 00:02:21 | WARNING! Aborting ECBS - could not obtain an initial solution for the following agents: Agent28(40->39)
 00:02:21 | WARNING! Aborting ECBS - could not obtain an initial solution for the following agents: Agent7(57->56)
 00:02:21 | WARNING! Aborting ECBS - could not obtain an initial solution for the following agents: Agent7(57->56)
 00:02:21 | WARNING! Aborting ECBS - could not obtain an initial solution for the following agents: Agent7(57->50)
 00:02:21 | WARNING! Aborting ECBS - could not obtain an initial solution for the following agents: Agent7(57->50)
 00:02:21 | WARNING! Aborting ECBS - could not obtain an initial solution for the following agents: Agent7(57->50)
 00:02:25 | 00:03:28 | 0.03:17:09 |  41.07%  |  4571   |   4589   | 60%  |  105288  |   0    | 204.15MB  
 00:02:25 | WARNING! Aborting ECBS - could not obtain an initial solution for the following agents: Agent24(25->24)
 00:02:27 | WARNING! Aborting ECBS - could not obtain an initial solution for the following agents: Agent29(56->55)
 00:02:30 | 00:03:23 | 0.03:23:40 |  42.43%  |  4720   |   4743   | 60%  |  108801  |   0    | 203.73MB  
 00:02:32 | WARNING! Aborting ECBS - could not obtain an initial solution for the following agents: Agent26(25->24)
 00:02:33 | WARNING! Aborting ECBS - could not obtain an initial solution for the following agents: Agent26(25->24)
 00:02:35 | 00:03:16 | 0.03:31:35 |  44.08%  |  4903   |   4928   | 60%  |  113276  |   0    | 204.42MB  
 00:02:36 | WARNING! Aborting ECBS - could not obtain an initial solution for the following agents: Agent30(41->33)
 00:02:36 | WARNING! Aborting ECBS - could not obtain an initial solution for the following agents: Agent30(41->34)
 00:02:36 | WARNING! Aborting ECBS - could not obtain an initial solution for the following agents: Agent30(41->34)
 00:02:36 | WARNING! Aborting ECBS - could not obtain an initial solution for the following agents: Agent25(2->1)
 00:02:37 | WARNING! Aborting ECBS - could not obtain an initial solution for the following agents: Agent9(59->58)
 00:02:37 | WARNING! Aborting ECBS - could not obtain an initial solution for the following agents: Agent9(59->58)
 00:02:37 | WARNING! Aborting ECBS - could not obtain an initial solution for the following agents: Agent9(59->58)
 00:02:37 | WARNING! Aborting ECBS - could not obtain an initial solution for the following agents: Agent11(25->24)
 00:02:37 | WARNING! Aborting ECBS - could not obtain an initial solution for the following agents: Agent11(25->24)
 00:02:37 | WARNING! Aborting ECBS - could not obtain an initial solution for the following agents: Agent27(9->8)
 00:02:39 | WARNING! Aborting ECBS - could not obtain an initial solution for the following agents: Agent19(9->8)
 00:02:40 | 00:03:12 | 0.03:37:45 |  45.37%  |  5045   |   5074   | 60%  |  116972  |   0    | 204.92MB  
 00:02:41 | WARNING! Aborting ECBS - could not obtain an initial solution for the following agents: Agent29(57->56)
 00:02:41 | WARNING! Aborting ECBS - could not obtain an initial solution for the following agents: Agent29(57->56)
 00:02:42 | WARNING! Aborting ECBS - could not obtain an initial solution for the following agents: Agent11(25->24)
 00:02:42 | WARNING! Aborting ECBS - could not obtain an initial solution for the following agents: Agent11(25->24)
 00:02:45 | 00:03:02 | 0.03:47:52 |  47.47%  |  5282   |   5310   | 60%  |  122737  |   0    | 203.44MB  
 00:02:47 | WARNING! Aborting ECBS - could not obtain an initial solution for the following agents: Agent8(41->40)
 00:02:47 | WARNING! Aborting ECBS - could not obtain an initial solution for the following agents: Agent5(57->56)
 00:02:47 | WARNING! Aborting ECBS - could not obtain an initial solution for the following agents: Agent5(57->56)
 00:02:50 | 00:02:58 | 0.03:53:52 |  48.72%  |  5421   |   5450   | 60%  |  126161  |   0    | 203.04MB  
 00:02:51 | WARNING! Aborting ECBS - could not obtain an initial solution for the following agents: Agent24(25->24)
 00:02:55 | 00:02:54 | 0.04:00:15 |  50.05%  |  5569   |   5601   | 60%  |  129849  |   0    | 203.08MB  
 00:02:56 | WARNING! Aborting ECBS - could not obtain an initial solution for the following agents: Agent9(57->56)
 00:02:57 | WARNING! Aborting ECBS - could not obtain an initial solution for the following agents: Agent21(43->34)
 00:02:59 | WARNING! Aborting ECBS - could not obtain an initial solution for the following agents: Agent27(9->8)
 00:02:59 | WARNING! Aborting ECBS - could not obtain an initial solution for the following agents: Agent27(9->8)
 00:03:00 | 00:02:45 | 0.04:10:11 |  52.12%  |  5799   |   5834   | 60%  |  135171  |   0    | 204.57MB  
 00:03:02 | WARNING! Aborting ECBS - could not obtain an initial solution for the following agents: Agent29(56->55)
 00:03:03 | WARNING! Aborting ECBS - could not obtain an initial solution for the following agents: Agent1(9->8)
 00:03:03 | WARNING! Aborting ECBS - could not obtain an initial solution for the following agents: Agent1(9->8)
 00:03:03 | WARNING! Aborting ECBS - could not obtain an initial solution for the following agents: Agent1(9->8)
 00:03:04 | WARNING! Aborting ECBS - could not obtain an initial solution for the following agents: Agent7(58->57)
 00:03:04 | WARNING! Aborting ECBS - could not obtain an initial solution for the following agents: Agent7(58->57)
 00:03:04 | WARNING! Aborting ECBS - could not obtain an initial solution for the following agents: Agent7(58->57)
 00:03:04 | WARNING! Aborting ECBS - could not obtain an initial solution for the following agents: Agent7(58->57)
 00:03:05 | 00:02:36 | 0.04:20:08 |  54.20%  |  6031   |   6067   | 60%  |  140500  |   0    | 202.77MB  
 00:03:05 | WARNING! Aborting ECBS - could not obtain an initial solution for the following agents: Agent28(41->40)
 00:03:05 | WARNING! Aborting ECBS - could not obtain an initial solution for the following agents: Agent27(3->2)
 00:03:07 | WARNING! Aborting ECBS - could not obtain an initial solution for the following agents: Agent24(27->18)
 00:03:07 | WARNING! Aborting ECBS - could not obtain an initial solution for the following agents: Agent24(27->18)
 00:03:07 | WARNING! Aborting ECBS - could not obtain an initial solution for the following agents: Agent24(27->18)
 00:03:07 | WARNING! Aborting ECBS - could not obtain an initial solution for the following agents: Agent24(27->26)
 00:03:08 | WARNING! Aborting ECBS - could not obtain an initial solution for the following agents: Agent11(25->24)
 00:03:08 | WARNING! Aborting ECBS - could not obtain an initial solution for the following agents: Agent4(9->8),Agent25(8->7)
 00:03:08 | WARNING! Aborting ECBS - could not obtain an initial solution for the following agents: Agent25(8->6)
 00:03:08 | WARNING! Aborting ECBS - could not obtain an initial solution for the following agents: Agent25(8->7)
 00:03:09 | WARNING! Aborting ECBS - could not obtain an initial solution for the following agents: Agent29(57->56)
 00:03:09 | WARNING! Aborting ECBS - could not obtain an initial solution for the following agents: Agent2(25->24)
 00:03:09 | WARNING! Aborting ECBS - could not obtain an initial solution for the following agents: Agent2(25->24)
 00:03:10 | 00:02:29 | 0.04:28:39 |  55.97%  |  6228   |   6267   | 60%  |  145221  |   0    | 204.27MB  
 00:03:10 | WARNING! Aborting ECBS - could not obtain an initial solution for the following agents: Agent16(57->56)
 00:03:12 | WARNING! Aborting ECBS - could not obtain an initial solution for the following agents: Agent1(9->8)
 00:03:15 | 00:02:21 | 0.04:38:33 |  58.03%  |  6459   |   6499   | 60%  |  150645  |   0    | 203.59MB  
 00:03:16 | WARNING! Aborting ECBS - could not obtain an initial solution for the following agents: Agent5(57->56)
 00:03:16 | WARNING! Aborting ECBS - could not obtain an initial solution for the following agents: Agent5(57->56)
 00:03:20 | 00:02:16 | 0.04:45:33 |  59.49%  |  6623   |   6663   | 60%  |  154769  |   0    | 206.61MB  
 00:03:20 | WARNING! Aborting ECBS - could not obtain an initial solution for the following agents: Agent16(57->56)
 00:03:21 | WARNING! Aborting ECBS - could not obtain an initial solution for the following agents: Agent5(56->55)
 00:03:21 | WARNING! Aborting ECBS - could not obtain an initial solution for the following agents: Agent5(56->55)
 00:03:22 | WARNING! Aborting ECBS - could not obtain an initial solution for the following agents: Agent29(56->55)
 00:03:22 | WARNING! Aborting ECBS - could not obtain an initial solution for the following agents: Agent29(56->55)
 00:03:24 | WARNING! Aborting ECBS - could not obtain an initial solution for the following agents: Agent28(41->40)
 00:03:24 | WARNING! Aborting ECBS - could not obtain an initial solution for the following agents: Agent28(41->40)
 00:03:25 | 00:02:08 | 0.04:55:02 |  61.47%  |  6843   |   6885   | 60%  |  159988  |   0    | 203.98MB  
 00:03:29 | WARNING! Aborting ECBS - could not obtain an initial solution for the following agents: Agent24(25->24)
 00:03:30 | 00:01:59 | 0.05:05:33 |  63.66%  |  7088   |   7131   | 60%  |  165460  |   0    | 204.13MB  
 00:03:33 | WARNING! Aborting ECBS - could not obtain an initial solution for the following agents: Agent26(25->24)
 00:03:35 | 00:01:53 | 0.05:14:22 |  65.50%  |  7297   |   7339   | 60%  |  170371  |   0    | 207.11MB  
 00:03:37 | WARNING! Aborting ECBS - could not obtain an initial solution for the following agents: Agent19(3->0)
 00:03:37 | WARNING! Aborting ECBS - could not obtain an initial solution for the following agents: Agent19(3->1)
 00:03:37 | WARNING! Aborting ECBS - could not obtain an initial solution for the following agents: Agent8(40->39)
 00:03:37 | WARNING! Aborting ECBS - could not obtain an initial solution for the following agents: Agent8(40->39)
 00:03:38 | WARNING! Aborting ECBS - could not obtain an initial solution for the following agents: Agent24(25->17)
 00:03:38 | WARNING! Aborting ECBS - could not obtain an initial solution for the following agents: Agent24(25->17)
 00:03:38 | WARNING! Aborting ECBS - could not obtain an initial solution for the following agents: Agent24(25->18)
 00:03:40 | 00:01:44 | 0.05:25:06 |  67.73%  |  7544   |   7589   | 60%  |  175871  |   0    | 211.09MB  
 00:03:40 | WARNING! Aborting ECBS - could not obtain an initial solution for the following agents: Agent4(8->7)
 00:03:43 | WARNING! Aborting ECBS - could not obtain an initial solution for the following agents: Agent21(41->40)
 00:03:45 | 00:01:39 | 0.05:33:12 |  69.42%  |  7735   |   7780   | 60%  |  180451  |   0    | 213.76MB  
 00:03:50 | 00:01:40 | 0.05:34:08 |  69.61%  |  7756   |   7802   | 60%  |  181019  |   0    | 217.64MB  
 00:03:55 | 00:01:42 | 0.05:34:13 |  69.63%  |  7759   |   7804   | 60%  |  181061  |   0    | 225.45MB  
 00:03:58 | WARNING! Aborting ECBS - could not obtain an initial solution for the following agents: Agent2(27->18)
 00:04:00 | 00:01:42 | 0.05:36:42 |  70.15%  |  7815   |   7861   | 60%  |  182639  |   0    | 220.09MB  
 00:04:01 | WARNING! Aborting ECBS - could not obtain an initial solution for the following agents: Agent2(25->23)
 00:04:01 | WARNING! Aborting ECBS - could not obtain an initial solution for the following agents: Agent2(25->23)
 00:04:01 | WARNING! Aborting ECBS - could not obtain an initial solution for the following agents: Agent2(25->23)
 00:04:01 | WARNING! Aborting ECBS - could not obtain an initial solution for the following agents: Agent2(25->24)
 00:04:01 | WARNING! Aborting ECBS - could not obtain an initial solution for the following agents: Agent2(25->24)
 00:04:02 | WARNING! Aborting ECBS - could not obtain an initial solution for the following agents: Agent21(35->33)
 00:04:02 | WARNING! Aborting ECBS - could not obtain an initial solution for the following agents: Agent14(9->8)
 00:04:02 | WARNING! Aborting ECBS - could not obtain an initial solution for the following agents: Agent14(9->8)
 00:04:03 | WARNING! Aborting ECBS - could not obtain an initial solution for the following agents: Agent10(41->40)
 00:04:04 | WARNING! Aborting ECBS - could not obtain an initial solution for the following agents: Agent29(56->50)
 00:04:05 | 00:01:33 | 0.05:47:16 |  72.35%  |  8064   |   8109   | 60%  |  188027  |   0    | 220.01MB  
 00:04:06 | WARNING! Aborting ECBS - could not obtain an initial solution for the following agents: Agent10(41->40)
 00:04:10 | 00:01:28 | 0.05:54:39 |  73.89%  |  8232   |   8282   | 60%  |  192325  |   0    | 220.47MB  
 00:04:15 | 00:01:21 | 0.06:03:26 |  75.72%  |  8435   |   8488   | 60%  |  196918  |   0    | 220.11MB  
 00:04:15 | WARNING! Aborting ECBS - could not obtain an initial solution for the following agents: Agent5(56->55)
 00:04:20 | 00:01:18 | 0.06:09:03 |  76.89%  |  8567   |   8619   | 60%  |  200018  |   0    | 220.30MB  
 00:04:25 | 00:01:19 | 0.06:09:11 |  76.92%  |  8570   |   8623   | 60%  |  200086  |   0    | 220.41MB  
 00:04:30 | 00:01:20 | 0.06:09:23 |  76.96%  |  8574   |   8627   | 60%  |  200190  |   0    | 220.77MB  
 00:04:33 | WARNING! Aborting ECBS - could not obtain an initial solution for the following agents: Agent28(40->39)
 00:04:34 | WARNING! Aborting ECBS - could not obtain an initial solution for the following agents: Agent2(24->23)
 00:04:34 | WARNING! Aborting ECBS - could not obtain an initial solution for the following agents: Agent2(24->23)
 00:04:35 | 00:01:17 | 0.06:14:19 |  77.98%  |  8690   |   8743   | 60%  |  203240  |   0    | 220.31MB  
 00:04:35 | WARNING! Aborting ECBS - could not obtain an initial solution for the following agents: Agent30(40->39)
 00:04:35 | WARNING! Aborting ECBS - could not obtain an initial solution for the following agents: Agent30(40->39)
 00:04:36 | WARNING! Aborting ECBS - could not obtain an initial solution for the following agents: Agent10(41->40)
 00:04:36 | WARNING! Aborting ECBS - could not obtain an initial solution for the following agents: Agent10(41->40)
 00:04:38 | WARNING! Aborting ECBS - could not obtain an initial solution for the following agents: Agent5(57->56)
 00:04:38 | WARNING! Aborting ECBS - could not obtain an initial solution for the following agents: Agent5(57->55)
 00:04:38 | WARNING! Aborting ECBS - could not obtain an initial solution for the following agents: Agent5(57->55)
 00:04:39 | WARNING! Aborting ECBS - could not obtain an initial solution for the following agents: Agent4(9->8)
 00:04:39 | WARNING! Aborting ECBS - could not obtain an initial solution for the following agents: Agent28(41->40)
 00:04:40 | 00:01:10 | 0.06:23:30 |  79.90%  |  8901   |   8957   | 60%  |  207944  |   0    | 220.24MB  
 00:04:40 | WARNING! Aborting ECBS - could not obtain an initial solution for the following agents: Agent7(57->56),Agent27(9->8)
 00:04:45 | 00:01:04 | 0.06:31:09 |  81.49%  |  9076   |   9138   | 60%  |  211943  |   0    | 220.85MB  
 00:04:50 | 00:00:58 | 0.06:38:54 |  83.11%  |  9256   |   9319   | 60%  |  216270  |   0    | 221.90MB  
 00:04:53 | WARNING! Aborting ECBS - could not obtain an initial solution for the following agents: Agent27(9->7)
 00:04:53 | WARNING! Aborting ECBS - could not obtain an initial solution for the following agents: Agent27(9->8)
 00:04:54 | WARNING! Aborting ECBS - could not obtain an initial solution for the following agents: Agent26(26->25)
 00:04:54 | WARNING! Aborting ECBS - could not obtain an initial solution for the following agents: Agent26(26->25)
 00:04:54 | WARNING! Aborting ECBS - could not obtain an initial solution for the following agents: Agent26(26->25)
 00:04:54 | WARNING! Aborting ECBS - could not obtain an initial solution for the following agents: Agent26(26->25)
 00:04:54 | WARNING! Aborting ECBS - could not obtain an initial solution for the following agents: Agent9(57->56)
 00:04:54 | WARNING! Aborting ECBS - could not obtain an initial solution for the following agents: Agent9(57->56)
 00:04:55 | 00:00:51 | 0.06:48:04 |  85.02%  |  9469   |   9534   | 60%  |  221297  |   0    | 221.04MB  
 00:05:00 | 00:00:45 | 0.06:57:21 |  86.95%  |  9678   |   9751   | 60%  |  226272  |   0    | 223.30MB  
 00:05:01 | WARNING! Aborting ECBS - could not obtain an initial solution for the following agents: Agent24(25->24)
 00:05:01 | WARNING! Aborting ECBS - could not obtain an initial solution for the following agents: Agent28(41->40)
 00:05:04 | WARNING! Aborting ECBS - could not obtain an initial solution for the following agents: Agent4(9->8)
 00:05:04 | WARNING! Aborting ECBS - could not obtain an initial solution for the following agents: Agent4(9->8)
 00:05:04 | WARNING! Aborting ECBS - could not obtain an initial solution for the following agents: Agent30(42->41)
 00:05:04 | WARNING! Aborting ECBS - could not obtain an initial solution for the following agents: Agent21(41->40)
 00:05:05 | 00:00:38 | 0.07:05:57 |  88.74%  |  9878   |   9952   | 60%  |  231220  |   0    | 225.01MB  
 00:05:07 | WARNING! Aborting ECBS - could not obtain an initial solution for the following agents: Agent27(11->10)
 00:05:08 | WARNING! Aborting ECBS - could not obtain an initial solution for the following agents: Agent14(9->8)
 00:05:09 | WARNING! Aborting ECBS - could not obtain an initial solution for the following agents: Agent5(57->49)
 00:05:09 | WARNING! Aborting ECBS - could not obtain an initial solution for the following agents: Agent5(57->49)
 00:05:09 | WARNING! Aborting ECBS - could not obtain an initial solution for the following agents: Agent5(57->49)
 00:05:09 | WARNING! Aborting ECBS - could not obtain an initial solution for the following agents: Agent5(57->50)
 00:05:09 | WARNING! Aborting ECBS - could not obtain an initial solution for the following agents: Agent5(57->51)
 00:05:10 | 00:00:33 | 0.07:13:41 |  90.35%  |  10055  |  10134   | 60%  |  235381  |   0    | 227.84MB  
 00:05:12 | WARNING! Aborting ECBS - could not obtain an initial solution for the following agents: Agent2(25->24)
 00:05:15 | 00:00:27 | 0.07:21:15 |  91.93%  |  10235  |  10311   | 60%  |  239147  |   0    | 230.71MB  
 00:05:20 | 00:00:23 | 0.07:26:45 |  93.08%  |  10363  |  10441   | 60%  |  242285  |   0    | 234.27MB  
 00:05:21 | WARNING! Aborting ECBS - could not obtain an initial solution for the following agents: Agent29(57->56)
 00:05:21 | WARNING! Aborting ECBS - could not obtain an initial solution for the following agents: Agent29(57->56)
 00:05:23 | WARNING! Aborting ECBS - could not obtain an initial solution for the following agents: Agent19(9->8)
 00:05:24 | WARNING! Aborting ECBS - could not obtain an initial solution for the following agents: Agent11(25->24)
 00:05:25 | 00:00:18 | 0.07:33:58 |  94.58%  |  10532  |  10608   | 60%  |  246314  |   0    | 233.51MB  
 00:05:25 | WARNING! Aborting ECBS - could not obtain an initial solution for the following agents: Agent2(25->24)
 00:05:25 | WARNING! Aborting ECBS - could not obtain an initial solution for the following agents: Agent19(9->8)
 00:05:26 | WARNING! Aborting ECBS - could not obtain an initial solution for the following agents: Agent16(57->56)
 00:05:26 | WARNING! Aborting ECBS - could not obtain an initial solution for the following agents: Agent16(57->55)
 00:05:28 | WARNING! Aborting ECBS - could not obtain an initial solution for the following agents: Agent26(25->24)
 00:05:30 | 00:00:12 | 0.07:42:40 |  96.39%  |  10731  |  10811   | 60%  |  251042  |   0    | 235.18MB  
 00:05:34 | WARNING! Aborting ECBS - could not obtain an initial solution for the following agents: Agent16(57->56)
 00:05:35 | 00:00:05 | 0.07:52:25 |  98.42%  |  10960  |  11039   | 60%  |  256522  |   0    | 234.43MB  
 00:05:35 | WARNING! Aborting ECBS - could not obtain an initial solution for the following agents: Agent19(9->8)
 00:05:35 | WARNING! Aborting ECBS - could not obtain an initial solution for the following agents: Agent19(9->8)
 00:05:38 | WARNING! Aborting ECBS - could not obtain an initial solution for the following agents: Agent11(25->24)
 00:05:38 | WARNING! Aborting ECBS - could not obtain an initial solution for the following agents: Agent0(19->17)
 00:05:38 | WARNING! Aborting ECBS - could not obtain an initial solution for the following agents: Agent0(19->17)
 00:05:38 | WARNING! Aborting ECBS - could not obtain an initial solution for the following agents: Agent0(19->18)
 00:05:39 | WARNING! Aborting ECBS - could not obtain an initial solution for the following agents: Agent2(24->23)
 00:05:39 | 00:00:00 | 0.08:00:00 | 100.00%  |  11132  |  11218   | 60%  |  260804  |   0    | 233.11MB  
 00:05:39 | >>> Simulation finished - writing results ...
 00:05:40 | >>> Results written
Simulation finished.
>>> Timings
StatTimingPathPlanningAverage: 0.018071087469895206
StatTimingPathPlanningOverall: 277.62611680000003
StatTimingPathPlanningCount: 15363
StatTimingTaskAllocationAverage: 0.0015214482177829836
StatTimingTaskAllocationOverall: 23.305543799999743
StatTimingTaskAllocationCount: 15318
StatTimingItemStorageAverage: 3.4878098084023236E-06
StatTimingItemStorageOverall: 0.039684300000001636
StatTimingItemStorageCount: 11378
StatTimingPodStorageAverage: 0.002012986024643324
StatTimingPodStorageOverall: 6.208048900000011
StatTimingPodStorageCount: 3084
StatTimingReplenishmentBatchingAverage: 7.826391245334257E-06
StatTimingReplenishmentBatchingOverall: 0.09225750000000023
StatTimingReplenishmentBatchingCount: 11788
StatTimingOrderBatchingAverage: 0.00010873533236761697
StatTimingOrderBatchingOverall: 3.377863100000021
StatTimingOrderBatchingCount: 31065
>>> Overall
StatOverallBundlesPlaced: 15133
StatOverallItemsOrdered: 11177
StatOverallOrdersPlaced: 11177
StatOverallBundlesRejected: 0
StatOverallOrdersRejected: 0
StatOverallBundlesHandled: 11218
StatOverallItemsHandled: 11136
StatOverallLinesHandled: 11136
StatOverallOrdersHandled: 11132
StatOverallCollisions: 0
StatOverallDistanceTraveled: 260804.00981339742
StatOverallDistanceEstimated: 240665
StatOverallAssignedTasks: 15318
StatMaxMemoryUsed: 236.55078125
StatRealTimeUsed: 339.5398088
StatAverageTurnoverTime: 368.0520792588478
StatMedianTurnoverTime: 214.70945563554596
StatLowerQuartileTurnoverTime: 121.21037197091118
StatUpperQuartileTurnoverTime: 498.9213970316014
StatAverageThroughputTime: 114.35257831456448
StatMedianThroughputTime: 120.82306634493625
StatLowerQuartileThroughputTime: 80.88629549919642
StatUpperQuartileThroughputTime: 141.91796935879302
>>> Energy (Rizqi model)
StatEnergyTotalKJ: 19344.829256291487
StatEnergyE1AccelKJ: 5599.676319749978
StatEnergyE2DecelKJ: 0
StatEnergyE3CruiseKJ: 9604.476378000003
StatEnergyE4RotationKJ: 3313.0340607636463
StatEnergyE5LiftLowerKJ: 827.642497777778
StatEnergyPerOrderKJ: 1.7377676299219804
StatEnergyPerMeterJoule: 74.15164425407458
StatDistanceTraveledRizqiM: 260882
>>> Motion Behavior
StatTurningCount: 32738
StatStopAndGoCount: 44888
StatLoadedDistanceM: 176436
StatLoadedTurningCount: 24208
StatWaitTimeSec: 375536.05816561094

Marked tag finished after 1 tries!
.Fin. - SUCCESS
