<<< Welcome to the RAWSimO CLI >>>
The time is: 04/14/2026 14:01:37
Starting RAWSimO wrapper with the following arguments:
Instance: Material/Instances/PP/1-4-4-32-550.xinst
Setting: Material/Instances/PP/PPMinimal.xsett
ControlConfig: Material/Instances/PP/aesop-cbs.xconf
StatisticsDir: output_pref/seed_1
Seed: 1
Adding handler for unhandled exceptions ...
Initializing ... 
Instance recognized!
Parsing setting config ...
Parsing control config ...
Parsing instance ...
StatisticsFolder: 1-4-4-32-550-PPMinimal-aesop-cbs-1
Done!
Executing ... 
 14:01:38 | >>> Warming up ...
 00:00:00 | >>> Warmup finished - starting simulation ...
 Realtime |   ETA    |  Sim.Time  | Progress | #Orders | #Bundles | Inv. | Distance | #Coll. |   Memory    
 00:00:00 |   n/a    | 0.00:00:00 |  0.00%   |    0    |    0     | 60%  |    0     |   0    | 123.06MB  
 00:00:05 | 03:01:29 | 0.00:00:13 |  0.05%   |    0    |    0     | 60%  |   293    |   0    | 131.59MB  
 00:00:10 | 02:11:35 | 0.00:00:36 |  0.13%   |    0    |    0     | 60%  |   839    |   0    | 145.38MB  
 00:00:15 | 02:51:29 | 0.00:00:41 |  0.15%   |    0    |    0     | 60%  |   949    |   0    | 152.26MB  
 00:00:20 | 03:05:19 | 0.00:00:51 |  0.18%   |    2    |    0     | 60%  |   1163   |   0    | 160.29MB  
 00:00:25 | 03:30:40 | 0.00:00:56 |  0.20%   |    4    |    0     | 60%  |   1260   |   0    | 166.86MB  
 00:00:30 | 03:56:59 | 0.00:01:00 |  0.21%   |    4    |    0     | 60%  |   1340   |   0    | 169.94MB  
 00:00:31 | WARNING! Aborting CBS - could not obtain an initial solution for the following agents: Agent8(41->32)
 00:00:31 | WARNING! Aborting CBS - could not obtain an initial solution for the following agents: Agent8(41->32)
 00:00:31 | WARNING! Aborting CBS - could not obtain an initial solution for the following agents: Agent8(41->34)
 00:00:32 | WARNING! Aborting CBS - could not obtain an initial solution for the following agents: Agent17(73->72)
 00:00:33 | WARNING! Aborting CBS - could not obtain an initial solution for the following agents: Agent7(56->55)
 00:00:35 | 00:39:45 | 0.00:06:56 |  1.45%   |   143   |   134    | 60%  |   3771   |   0    | 168.62MB  
 00:00:35 | WARNING! Aborting CBS - could not obtain an initial solution for the following agents: Agent5(57->50)
 00:00:37 | WARNING! Aborting CBS - could not obtain an initial solution for the following agents: Agent10(41->40)
 00:00:37 | WARNING! Aborting CBS - could not obtain an initial solution for the following agents: Agent10(41->40)
 00:00:37 | WARNING! Aborting CBS - could not obtain an initial solution for the following agents: Agent10(41->40)
 00:00:38 | WARNING! Aborting CBS - could not obtain an initial solution for the following agents: Agent11(25->24)
 00:00:38 | WARNING! Aborting CBS - could not obtain an initial solution for the following agents: Agent11(25->24)
 00:00:40 | 00:18:57 | 0.00:16:18 |  3.40%   |   364   |   354    | 60%  |   7864   |   0    | 168.66MB  
 00:00:42 | WARNING! Aborting CBS - could not obtain an initial solution for the following agents: Agent2(25->24)
 00:00:43 | WARNING! Aborting CBS - could not obtain an initial solution for the following agents: Agent24(25->24)
 00:00:44 | WARNING! Aborting CBS - could not obtain an initial solution for the following agents: Agent25(9->1)
 00:00:44 | WARNING! Aborting CBS - could not obtain an initial solution for the following agents: Agent25(9->1)
 00:00:44 | WARNING! Aborting CBS - could not obtain an initial solution for the following agents: Agent25(9->2)
 00:00:44 | WARNING! Aborting CBS - could not obtain an initial solution for the following agents: Agent25(9->3)
 00:00:44 | WARNING! Aborting CBS - could not obtain an initial solution for the following agents: Agent11(24->23)
 00:00:45 | 00:13:16 | 0.00:25:40 |  5.35%   |   581   |   573    | 60%  |  12506   |   0    | 168.17MB  
 00:00:50 | 00:10:18 | 0.00:35:55 |  7.48%   |   823   |   813    | 60%  |  17367   |   0    | 168.43MB  
 00:00:52 | WARNING! Aborting CBS - could not obtain an initial solution for the following agents: Agent26(25->24)
 00:00:52 | WARNING! Aborting CBS - could not obtain an initial solution for the following agents: Agent26(25->24)
 00:00:52 | WARNING! Aborting CBS - could not obtain an initial solution for the following agents: Agent26(25->24)
 00:00:52 | WARNING! Aborting CBS - could not obtain an initial solution for the following agents: Agent7(57->56)
 00:00:55 | 00:09:01 | 0.00:44:15 |  9.22%   |  1018   |   1007   | 60%  |  22029   |   0    | 168.24MB  
 00:00:55 | WARNING! Aborting CBS - could not obtain an initial solution for the following agents: Agent14(9->8)
 00:00:55 | WARNING! Aborting CBS - could not obtain an initial solution for the following agents: Agent14(9->8)
 00:00:55 | WARNING! Aborting CBS - could not obtain an initial solution for the following agents: Agent8(35->33)
 00:00:55 | WARNING! Aborting CBS - could not obtain an initial solution for the following agents: Agent8(35->33)
 00:00:55 | WARNING! Aborting CBS - could not obtain an initial solution for the following agents: Agent8(35->34)
 00:00:55 | WARNING! Aborting CBS - could not obtain an initial solution for the following agents: Agent8(35->34)
 00:01:00 | 00:07:36 | 0.00:55:47 |  11.62%  |  1284   |   1277   | 60%  |  27899   |   0    | 167.95MB  
 00:01:01 | WARNING! Aborting CBS - could not obtain an initial solution for the following agents: Agent28(41->40)
 00:01:01 | WARNING! Aborting CBS - could not obtain an initial solution for the following agents: Agent28(41->40)
 00:01:02 | WARNING! Aborting CBS - could not obtain an initial solution for the following agents: Agent9(56->55)
 00:01:05 | 00:06:43 | 0.01:06:32 |  13.86%  |  1533   |   1529   | 60%  |  33661   |   0    | 168.46MB  
 00:01:10 | 00:06:08 | 0.01:16:34 |  15.95%  |  1768   |   1763   | 60%  |  39096   |   0    | 169.06MB  
 00:01:11 | WARNING! Aborting CBS - could not obtain an initial solution for the following agents: Agent10(40->33)
 00:01:11 | WARNING! Aborting CBS - could not obtain an initial solution for the following agents: Agent10(40->33)
 00:01:11 | WARNING! Aborting CBS - could not obtain an initial solution for the following agents: Agent10(40->33)
 00:01:11 | WARNING! Aborting CBS - could not obtain an initial solution for the following agents: Agent10(40->34)
 00:01:14 | WARNING! Aborting CBS - could not obtain an initial solution for the following agents: Agent8(41->40)
 00:01:15 | 00:05:38 | 0.01:27:06 |  18.15%  |  2015   |   2010   | 60%  |  44903   |   0    | 168.46MB  
 00:01:15 | WARNING! Aborting CBS - could not obtain an initial solution for the following agents: Agent28(42->41)
 00:01:15 | WARNING! Aborting CBS - could not obtain an initial solution for the following agents: Agent28(42->41)
 00:01:15 | WARNING! Aborting CBS - could not obtain an initial solution for the following agents: Agent28(42->41)
 00:01:15 | WARNING! Aborting CBS - could not obtain an initial solution for the following agents: Agent28(42->41)
 00:01:17 | WARNING! Aborting CBS - could not obtain an initial solution for the following agents: Agent14(9->8)
 00:01:17 | WARNING! Aborting CBS - could not obtain an initial solution for the following agents: Agent14(9->8)
 00:01:17 | WARNING! Aborting CBS - could not obtain an initial solution for the following agents: Agent26(25->24)
 00:01:18 | WARNING! Aborting CBS - could not obtain an initial solution for the following agents: Agent10(35->34)
 00:01:20 | 00:05:15 | 0.01:37:09 |  20.24%  |  2248   |   2245   | 60%  |  50553   |   0    | 168.45MB  
 00:01:20 | WARNING! Aborting CBS - could not obtain an initial solution for the following agents: Agent30(43->34)
 00:01:20 | WARNING! Aborting CBS - could not obtain an initial solution for the following agents: Agent30(43->34)
 00:01:20 | WARNING! Aborting CBS - could not obtain an initial solution for the following agents: Agent30(43->34)
 00:01:23 | WARNING! Aborting CBS - could not obtain an initial solution for the following agents: Agent30(41->40)
 00:01:23 | WARNING! Aborting CBS - could not obtain an initial solution for the following agents: Agent30(41->40)
 00:01:25 | 00:04:51 | 0.01:48:31 |  22.61%  |  2511   |   2511   | 60%  |  56639   |   0    | 168.18MB  
 00:01:26 | WARNING! Aborting CBS - could not obtain an initial solution for the following agents: Agent14(2->1)
 00:01:26 | WARNING! Aborting CBS - could not obtain an initial solution for the following agents: Agent7(57->56)
 00:01:26 | WARNING! Aborting CBS - could not obtain an initial solution for the following agents: Agent7(57->56)
 00:01:27 | WARNING! Aborting CBS - could not obtain an initial solution for the following agents: Agent19(8->7)
 00:01:27 | WARNING! Aborting CBS - could not obtain an initial solution for the following agents: Agent19(8->7)
 00:01:27 | WARNING! Aborting CBS - could not obtain an initial solution for the following agents: Agent5(57->56)
 00:01:30 | 00:04:29 | 0.02:00:11 |  25.04%  |  2786   |   2784   | 60%  |  63308   |   0    | 168.18MB  
 00:01:33 | WARNING! Aborting CBS - could not obtain an initial solution for the following agents: Agent24(26->25)
 00:01:33 | WARNING! Aborting CBS - could not obtain an initial solution for the following agents: Agent24(26->25)
 00:01:33 | WARNING! Aborting CBS - could not obtain an initial solution for the following agents: Agent24(26->25)
 00:01:35 | 00:04:08 | 0.02:12:47 |  27.66%  |  3077   |   3081   | 60%  |  69720   |   0    | 167.88MB  
 00:01:36 | WARNING! Aborting CBS - could not obtain an initial solution for the following agents: Agent27(3->2)
 00:01:36 | WARNING! Aborting CBS - could not obtain an initial solution for the following agents: Agent29(57->56)
 00:01:40 | 00:03:50 | 0.02:25:03 |  30.22%  |  3363   |   3368   | 60%  |  76598   |   0    | 168.04MB  
 00:01:43 | WARNING! Aborting CBS - could not obtain an initial solution for the following agents: Agent1(9->8)
 00:01:44 | WARNING! Aborting CBS - could not obtain an initial solution for the following agents: Agent30(41->40)
 00:01:44 | WARNING! Aborting CBS - could not obtain an initial solution for the following agents: Agent30(41->40)
 00:01:44 | WARNING! Aborting CBS - could not obtain an initial solution for the following agents: Agent5(57->56)
 00:01:45 | 00:03:33 | 0.02:38:23 |  33.00%  |  3677   |   3681   | 60%  |  83258   |   0    | 170.33MB  
 00:01:45 | WARNING! Aborting CBS - could not obtain an initial solution for the following agents: Agent11(25->24)
 00:01:45 | WARNING! Aborting CBS - could not obtain an initial solution for the following agents: Agent11(25->24)
 00:01:47 | WARNING! Aborting CBS - could not obtain an initial solution for the following agents: Agent2(24->18)
 00:01:47 | WARNING! Aborting CBS - could not obtain an initial solution for the following agents: Agent2(24->22)
 00:01:50 | 00:03:26 | 0.02:47:00 |  34.79%  |  3877   |   3882   | 60%  |  88295   |   0    | 169.19MB  
 00:01:51 | WARNING! Aborting CBS - could not obtain an initial solution for the following agents: Agent8(41->40)
 00:01:52 | WARNING! Aborting CBS - could not obtain an initial solution for the following agents: Agent24(25->24)
 00:01:52 | WARNING! Aborting CBS - could not obtain an initial solution for the following agents: Agent30(41->40)
 00:01:55 | 00:03:11 | 0.02:59:59 |  37.50%  |  4176   |   4188   | 60%  |  94836   |   0    | 168.44MB  
 00:01:55 | WARNING! Aborting CBS - could not obtain an initial solution for the following agents: Agent10(41->40)
 00:01:55 | WARNING! Aborting CBS - could not obtain an initial solution for the following agents: Agent10(41->40)
 00:01:58 | WARNING! Aborting CBS - could not obtain an initial solution for the following agents: Agent9(57->56)
 00:01:58 | WARNING! Aborting CBS - could not obtain an initial solution for the following agents: Agent9(57->56)
 00:01:59 | WARNING! Aborting CBS - could not obtain an initial solution for the following agents: Agent21(41->40)
 00:02:00 | 00:03:01 | 0.03:10:49 |  39.76%  |  4425   |   4442   | 60%  |  100832  |   0    | 170.75MB  
 00:02:01 | WARNING! Aborting CBS - could not obtain an initial solution for the following agents: Agent24(25->24)
 00:02:05 | 00:02:53 | 0.03:21:14 |  41.92%  |  4656   |   4686   | 60%  |  106723  |   0    | 170.53MB  
 00:02:08 | WARNING! Aborting CBS - could not obtain an initial solution for the following agents: Agent11(26->25)
 00:02:08 | WARNING! Aborting CBS - could not obtain an initial solution for the following agents: Agent11(26->25)
 00:02:08 | WARNING! Aborting CBS - could not obtain an initial solution for the following agents: Agent11(26->25)
 00:02:08 | WARNING! Aborting CBS - could not obtain an initial solution for the following agents: Agent11(26->25)
 00:02:08 | WARNING! Aborting CBS - could not obtain an initial solution for the following agents: Agent26(25->24)
 00:02:08 | WARNING! Aborting CBS - could not obtain an initial solution for the following agents: Agent26(25->24)
 00:02:09 | WARNING! Aborting CBS - could not obtain an initial solution for the following agents: Agent5(57->56)
 00:02:09 | WARNING! Aborting CBS - could not obtain an initial solution for the following agents: Agent30(41->40)
 00:02:09 | WARNING! Aborting CBS - could not obtain an initial solution for the following agents: Agent30(41->40)
 00:02:10 | 00:02:44 | 0.03:31:59 |  44.17%  |  4904   |   4938   | 60%  |  112468  |   0    | 171.05MB  
 00:02:12 | WARNING! Aborting CBS - could not obtain an initial solution for the following agents: Agent8(41->40)
 00:02:12 | WARNING! Aborting CBS - could not obtain an initial solution for the following agents: Agent8(41->40)
 00:02:12 | WARNING! Aborting CBS - could not obtain an initial solution for the following agents: Agent29(57->56)
 00:02:15 | 00:02:38 | 0.03:40:59 |  46.04%  |  5114   |   5148   | 60%  |  117465  |   0    | 171.90MB  
 00:02:16 | WARNING! Aborting CBS - could not obtain an initial solution for the following agents: Agent21(41->40)
 00:02:16 | WARNING! Aborting CBS - could not obtain an initial solution for the following agents: Agent21(41->40)
 00:02:20 | 00:02:32 | 0.03:49:56 |  47.90%  |  5318   |   5358   | 60%  |  122461  |   0    | 172.65MB  
 00:02:22 | WARNING! Aborting CBS - could not obtain an initial solution for the following agents: Agent11(25->17)
 00:02:22 | WARNING! Aborting CBS - could not obtain an initial solution for the following agents: Agent11(25->18)
 00:02:22 | WARNING! Aborting CBS - could not obtain an initial solution for the following agents: Agent11(25->18)
 00:02:25 | 00:02:24 | 0.04:00:28 |  50.10%  |  5562   |   5604   | 60%  |  128206  |   0    | 172.25MB  
 00:02:25 | WARNING! Aborting CBS - could not obtain an initial solution for the following agents: Agent19(10->9)
 00:02:26 | WARNING! Aborting CBS - could not obtain an initial solution for the following agents: Agent2(25->24)
 00:02:27 | WARNING! Aborting CBS - could not obtain an initial solution for the following agents: Agent26(25->24)
 00:02:27 | WARNING! Aborting CBS - could not obtain an initial solution for the following agents: Agent26(25->24)
 00:02:28 | WARNING! Aborting CBS - could not obtain an initial solution for the following agents: Agent25(9->8)
 00:02:28 | WARNING! Aborting CBS - could not obtain an initial solution for the following agents: Agent25(9->8)
 00:02:28 | WARNING! Aborting CBS - could not obtain an initial solution for the following agents: Agent14(8->1)
 00:02:28 | WARNING! Aborting CBS - could not obtain an initial solution for the following agents: Agent14(8->1)
 00:02:29 | WARNING! Aborting CBS - could not obtain an initial solution for the following agents: Agent14(8->2)
 00:02:29 | WARNING! Aborting CBS - could not obtain an initial solution for the following agents: Agent14(8->2)
 00:02:30 | 00:02:16 | 0.04:10:58 |  52.29%  |  5808   |   5850   | 60%  |  134034  |   0    | 172.09MB  
 00:02:32 | WARNING! Aborting CBS - could not obtain an initial solution for the following agents: Agent14(9->8)
 00:02:32 | WARNING! Aborting CBS - could not obtain an initial solution for the following agents: Agent14(9->8)
 00:02:33 | WARNING! Aborting CBS - could not obtain an initial solution for the following agents: Agent28(41->40)
 00:02:33 | WARNING! Aborting CBS - could not obtain an initial solution for the following agents: Agent28(41->40)
 00:02:35 | 00:02:08 | 0.04:22:01 |  54.59%  |  6067   |   6110   | 60%  |  140240  |   0    | 173.27MB  
 00:02:37 | WARNING! Aborting CBS - could not obtain an initial solution for the following agents: Agent27(9->8)
 00:02:39 | WARNING! Aborting CBS - could not obtain an initial solution for the following agents: Agent7(57->49)
 00:02:39 | WARNING! Aborting CBS - could not obtain an initial solution for the following agents: Agent7(57->49)
 00:02:39 | WARNING! Aborting CBS - could not obtain an initial solution for the following agents: Agent7(57->50)
 00:02:39 | WARNING! Aborting CBS - could not obtain an initial solution for the following agents: Agent7(57->50)
 00:02:40 | 00:02:00 | 0.04:34:08 |  57.11%  |  6348   |   6394   | 60%  |  146684  |   0    | 172.34MB  
 00:02:42 | WARNING! Aborting CBS - could not obtain an initial solution for the following agents: Agent1(11->10)
 00:02:42 | WARNING! Aborting CBS - could not obtain an initial solution for the following agents: Agent1(11->10)
 00:02:42 | WARNING! Aborting CBS - could not obtain an initial solution for the following agents: Agent1(11->10)
 00:02:45 | 00:01:56 | 0.04:40:55 |  58.53%  |  6504   |   6554   | 60%  |  150793  |   0    | 172.09MB  
 00:02:45 | WARNING! Aborting CBS - could not obtain an initial solution for the following agents: Agent30(35->34)
 00:02:45 | WARNING! Aborting CBS - could not obtain an initial solution for the following agents: Agent30(35->34)
 00:02:46 | WARNING! Aborting CBS - could not obtain an initial solution for the following agents: Agent11(25->17)
 00:02:46 | WARNING! Aborting CBS - could not obtain an initial solution for the following agents: Agent11(25->18)
 00:02:46 | WARNING! Aborting CBS - could not obtain an initial solution for the following agents: Agent11(25->18)
 00:02:46 | WARNING! Aborting CBS - could not obtain an initial solution for the following agents: Agent21(42->41)
 00:02:46 | WARNING! Aborting CBS - could not obtain an initial solution for the following agents: Agent21(42->41)
 00:02:47 | WARNING! Aborting CBS - could not obtain an initial solution for the following agents: Agent5(57->56)
 00:02:48 | WARNING! Aborting CBS - could not obtain an initial solution for the following agents: Agent14(3->1)
 00:02:48 | WARNING! Aborting CBS - could not obtain an initial solution for the following agents: Agent14(3->2)
 00:02:48 | WARNING! Aborting CBS - could not obtain an initial solution for the following agents: Agent14(3->2)
 00:02:48 | WARNING! Aborting CBS - could not obtain an initial solution for the following agents: Agent14(3->2)
 00:02:50 | 00:01:48 | 0.04:53:30 |  61.15%  |  6793   |   6848   | 60%  |  157716  |   0    | 172.43MB  
 00:02:51 | WARNING! Aborting CBS - could not obtain an initial solution for the following agents: Agent5(56->55)
 00:02:51 | WARNING! Aborting CBS - could not obtain an initial solution for the following agents: Agent5(56->55)
 00:02:51 | WARNING! Aborting CBS - could not obtain an initial solution for the following agents: Agent5(56->55)
 00:02:52 | WARNING! Aborting CBS - could not obtain an initial solution for the following agents: Agent5(57->56)
 00:02:53 | WARNING! Aborting CBS - could not obtain an initial solution for the following agents: Agent5(57->56)
 00:02:53 | WARNING! Aborting CBS - could not obtain an initial solution for the following agents: Agent9(57->56)
 00:02:53 | WARNING! Aborting CBS - could not obtain an initial solution for the following agents: Agent9(57->56)
 00:02:53 | WARNING! Aborting CBS - could not obtain an initial solution for the following agents: Agent27(3->1)
 00:02:53 | WARNING! Aborting CBS - could not obtain an initial solution for the following agents: Agent30(40->39)
 00:02:53 | WARNING! Aborting CBS - could not obtain an initial solution for the following agents: Agent30(40->39)
 00:02:55 | 00:01:40 | 0.05:05:18 |  63.61%  |  7069   |   7124   | 60%  |  164355  |   0    | 172.38MB  
 00:02:59 | WARNING! Aborting CBS - could not obtain an initial solution for the following agents: Agent19(9->8)
 00:03:00 | 00:01:34 | 0.05:14:50 |  65.59%  |  7291   |   7348   | 60%  |  169538  |   0    | 172.35MB  
 00:03:00 | WARNING! Aborting CBS - could not obtain an initial solution for the following agents: Agent10(42->41)
 00:03:00 | WARNING! Aborting CBS - could not obtain an initial solution for the following agents: Agent10(42->41)
 00:03:00 | WARNING! Aborting CBS - could not obtain an initial solution for the following agents: Agent21(41->40)
 00:03:01 | WARNING! Aborting CBS - could not obtain an initial solution for the following agents: Agent27(8->7)
 00:03:04 | WARNING! Aborting CBS - could not obtain an initial solution for the following agents: Agent29(58->57)
 00:03:04 | WARNING! Aborting CBS - could not obtain an initial solution for the following agents: Agent29(58->57)
 00:03:05 | 00:01:27 | 0.05:26:03 |  67.93%  |  7551   |   7610   | 60%  |  175859  |   0    | 172.14MB  
 00:03:05 | WARNING! Aborting CBS - could not obtain an initial solution for the following agents: Agent14(8->2)
 00:03:05 | WARNING! Aborting CBS - could not obtain an initial solution for the following agents: Agent14(8->2)
 00:03:05 | WARNING! Aborting CBS - could not obtain an initial solution for the following agents: Agent14(8->2)
 00:03:06 | WARNING! Aborting CBS - could not obtain an initial solution for the following agents: Agent24(25->24)
 00:03:06 | WARNING! Aborting CBS - could not obtain an initial solution for the following agents: Agent24(25->24)
 00:03:09 | WARNING! Aborting CBS - could not obtain an initial solution for the following agents: Agent24(25->24)
 00:03:10 | 00:01:20 | 0.05:37:34 |  70.33%  |  7822   |   7881   | 60%  |  182247  |   0    | 172.00MB  
 00:03:14 | WARNING! Aborting CBS - could not obtain an initial solution for the following agents: Agent30(41->40)
 00:03:14 | WARNING! Aborting CBS - could not obtain an initial solution for the following agents: Agent30(41->40)
 00:03:14 | WARNING! Aborting CBS - could not obtain an initial solution for the following agents: Agent30(41->40)
 00:03:15 | 00:01:12 | 0.05:49:59 |  72.92%  |  8110   |   8173   | 60%  |  188820  |   0    | 173.45MB  
 00:03:20 | 00:01:05 | 0.06:01:10 |  75.24%  |  8367   |   8433   | 60%  |  195094  |   0    | 174.41MB  
 00:03:20 | WARNING! Aborting CBS - could not obtain an initial solution for the following agents: Agent24(25->24)
 00:03:23 | WARNING! Aborting CBS - could not obtain an initial solution for the following agents: Agent5(57->56)
 00:03:24 | WARNING! Aborting CBS - could not obtain an initial solution for the following agents: Agent28(42->41)
 00:03:24 | WARNING! Aborting CBS - could not obtain an initial solution for the following agents: Agent26(24->23)
 00:03:24 | WARNING! Aborting CBS - could not obtain an initial solution for the following agents: Agent26(24->18)
 00:03:24 | WARNING! Aborting CBS - could not obtain an initial solution for the following agents: Agent9(57->56)
 00:03:25 | 00:01:00 | 0.06:10:11 |  77.12%  |  8573   |   8644   | 60%  |  200140  |   0    | 174.59MB  
 00:03:26 | WARNING! Aborting CBS - could not obtain an initial solution for the following agents: Agent5(57->56)
 00:03:27 | WARNING! Aborting CBS - could not obtain an initial solution for the following agents: Agent21(41->40)
 00:03:28 | WARNING! Aborting CBS - could not obtain an initial solution for the following agents: Agent21(41->40)
 00:03:28 | WARNING! Aborting CBS - could not obtain an initial solution for the following agents: Agent21(41->40)
 00:03:30 | 00:00:52 | 0.06:23:52 |  79.98%  |  8894   |   8965   | 60%  |  207607  |   0    | 174.63MB  
 00:03:30 | WARNING! Aborting CBS - could not obtain an initial solution for the following agents: Agent11(25->24)
 00:03:32 | WARNING! Aborting CBS - could not obtain an initial solution for the following agents: Agent5(57->56)
 00:03:32 | WARNING! Aborting CBS - could not obtain an initial solution for the following agents: Agent5(57->56)
 00:03:33 | WARNING! Aborting CBS - could not obtain an initial solution for the following agents: Agent11(25->24)
 00:03:33 | WARNING! Aborting CBS - could not obtain an initial solution for the following agents: Agent11(25->24)
 00:03:33 | WARNING! Aborting CBS - could not obtain an initial solution for the following agents: Agent9(58->56)
 00:03:35 | WARNING! Aborting CBS - could not obtain an initial solution for the following agents: Agent24(25->24)
 00:03:35 | 00:00:45 | 0.06:36:40 |  82.64%  |  9190   |   9266   | 60%  |  214513  |   0    | 174.62MB  
 00:03:39 | WARNING! Aborting CBS - could not obtain an initial solution for the following agents: Agent2(25->24)
 00:03:40 | 00:00:40 | 0.06:45:19 |  84.44%  |  9389   |   9467   | 60%  |  219153  |   0    | 175.86MB  
 00:03:44 | WARNING! Aborting CBS - could not obtain an initial solution for the following agents: Agent16(56->55)
 00:03:44 | WARNING! Aborting CBS - could not obtain an initial solution for the following agents: Agent25(3->1)
 00:03:44 | WARNING! Aborting CBS - could not obtain an initial solution for the following agents: Agent25(3->1)
 00:03:44 | WARNING! Aborting CBS - could not obtain an initial solution for the following agents: Agent25(3->1)
 00:03:45 | 00:00:33 | 0.06:56:59 |  86.87%  |  9660   |   9742   | 60%  |  225113  |   0    | 177.29MB  
 00:03:49 | WARNING! Aborting CBS - could not obtain an initial solution for the following agents: Agent24(25->24)
 00:03:49 | WARNING! Aborting CBS - could not obtain an initial solution for the following agents: Agent24(25->24)
 00:03:49 | WARNING! Aborting CBS - could not obtain an initial solution for the following agents: Agent24(25->24)
 00:03:49 | WARNING! Aborting CBS - could not obtain an initial solution for the following agents: Agent19(3->1)
 00:03:49 | WARNING! Aborting CBS - could not obtain an initial solution for the following agents: Agent19(3->1)
 00:03:49 | WARNING! Aborting CBS - could not obtain an initial solution for the following agents: Agent19(3->2)
 00:03:49 | WARNING! Aborting CBS - could not obtain an initial solution for the following agents: Agent19(3->2)
 00:03:50 | 00:00:32 | 0.07:00:37 |  87.63%  |  9744   |   9826   | 60%  |  227287  |   0    | 177.09MB  
 00:03:52 | WARNING! Aborting CBS - could not obtain an initial solution for the following agents: Agent0(25->24)
 00:03:53 | WARNING! Aborting CBS - could not obtain an initial solution for the following agents: Agent26(25->24)
 00:03:55 | 00:00:25 | 0.07:12:30 |  90.11%  |  10024  |  10105   | 60%  |  233946  |   0    | 176.67MB  
 00:03:55 | WARNING! Aborting CBS - could not obtain an initial solution for the following agents: Agent11(25->24)
 00:03:55 | WARNING! Aborting CBS - could not obtain an initial solution for the following agents: Agent11(25->24)
 00:03:55 | WARNING! Aborting CBS - could not obtain an initial solution for the following agents: Agent11(25->24)
 00:03:55 | WARNING! Aborting CBS - could not obtain an initial solution for the following agents: Agent11(25->24)
 00:03:55 | WARNING! Aborting CBS - could not obtain an initial solution for the following agents: Agent11(25->23)
 00:03:55 | WARNING! Aborting CBS - could not obtain an initial solution for the following agents: Agent11(25->23)
 00:03:55 | WARNING! Aborting CBS - could not obtain an initial solution for the following agents: Agent11(25->23)
 00:03:55 | WARNING! Aborting CBS - could not obtain an initial solution for the following agents: Agent11(25->24)
 00:03:55 | WARNING! Aborting CBS - could not obtain an initial solution for the following agents: Agent11(25->24)
 00:03:55 | WARNING! Aborting CBS - could not obtain an initial solution for the following agents: Agent11(25->24)
 00:03:59 | WARNING! Aborting CBS - could not obtain an initial solution for the following agents: Agent0(25->24)
 00:04:00 | 00:00:19 | 0.07:24:01 |  92.51%  |  10294  |  10374   | 60%  |  240027  |   0    | 176.43MB  
 00:04:03 | WARNING! Aborting CBS - could not obtain an initial solution for the following agents: Agent7(57->56)
 00:04:05 | 00:00:14 | 0.07:33:54 |  94.56%  |  10523  |  10606   | 60%  |  245549  |   0    | 176.11MB  
 00:04:05 | WARNING! Aborting CBS - could not obtain an initial solution for the following agents: Agent27(10->9)
 00:04:05 | WARNING! Aborting CBS - could not obtain an initial solution for the following agents: Agent14(9->8)
 00:04:08 | WARNING! Aborting CBS - could not obtain an initial solution for the following agents: Agent2(25->24)
 00:04:10 | 00:00:06 | 0.07:48:34 |  97.62%  |  10867  |  10950   | 60%  |  253496  |   0    | 176.66MB  
 00:04:12 | WARNING! Aborting CBS - could not obtain an initial solution for the following agents: Agent21(43->42)
 00:04:12 | WARNING! Aborting CBS - could not obtain an initial solution for the following agents: Agent21(43->42)
 00:04:15 | 00:00:00 | 0.07:59:17 |  99.85%  |  11114  |  11200   | 60%  |  259698  |   0    | 176.50MB  
 00:04:15 | 00:00:00 | 0.08:00:00 | 100.00%  |  11129  |  11218   | 60%  |  260141  |   0    | 176.52MB  
 00:04:15 | >>> Simulation finished - writing results ...
 00:04:15 | >>> Results written
Simulation finished.
>>> Timings
StatTimingPathPlanningAverage: 0.012621204992130921
StatTimingPathPlanningOverall: 200.48784129999967
StatTimingPathPlanningCount: 15885
StatTimingTaskAllocationAverage: 0.0012830792927358637
StatTimingTaskAllocationOverall: 20.10072020000004
StatTimingTaskAllocationCount: 15666
StatTimingItemStorageAverage: 3.036600142551884E-06
StatTimingItemStorageOverall: 0.03408280000000235
StatTimingItemStorageCount: 11224
StatTimingPodStorageAverage: 0.0017146738647500785
StatTimingPodStorageOverall: 5.248616699999991
StatTimingPodStorageCount: 3061
StatTimingReplenishmentBatchingAverage: 6.803552307300018E-06
StatTimingReplenishmentBatchingOverall: 0.0800573999999993
StatTimingReplenishmentBatchingCount: 11767
StatTimingOrderBatchingAverage: 9.666220332862907E-05
StatTimingOrderBatchingOverall: 2.9446207000000273
StatTimingOrderBatchingCount: 30463
>>> Overall
StatOverallBundlesPlaced: 15117
StatOverallItemsOrdered: 11173
StatOverallOrdersPlaced: 11173
StatOverallBundlesRejected: 0
StatOverallOrdersRejected: 0
StatOverallBundlesHandled: 11218
StatOverallItemsHandled: 11133
StatOverallLinesHandled: 11133
StatOverallOrdersHandled: 11129
StatOverallCollisions: 0
StatOverallDistanceTraveled: 260141.4397230268
StatOverallDistanceEstimated: 239523
StatOverallAssignedTasks: 15666
StatMaxMemoryUsed: 179.32421875
StatRealTimeUsed: 255.2794848
StatAverageTurnoverTime: 368.84062626164035
StatMedianTurnoverTime: 217.66324834171974
StatLowerQuartileTurnoverTime: 121.52213242896687
StatUpperQuartileTurnoverTime: 497.5974082171506
StatAverageThroughputTime: 114.41485330996517
StatMedianThroughputTime: 120.8721177788093
StatLowerQuartileThroughputTime: 80.94481561190332
StatUpperQuartileThroughputTime: 142.11704902524116
>>> Energy (Rizqi model)
StatEnergyTotalKJ: 19904.17585462315
StatEnergyE1AccelKJ: 5429.028500499979
StatEnergyE2DecelKJ: 0
StatEnergyE3CruiseKJ: 9806.246716000007
StatEnergyE4RotationKJ: 3845.037162567575
StatEnergyE5LiftLowerKJ: 823.8634755555559
StatEnergyPerOrderKJ: 1.7884963477961318
StatEnergyPerMeterJoule: 76.49626766778819
StatDistanceTraveledRizqiM: 260198
>>> Motion Behavior
StatTurningCount: 32526
StatStopAndGoCount: 44250
StatLoadedDistanceM: 175798
StatLoadedTurningCount: 23946
StatWaitTimeSec: 604164.9371642341
StatMoveEnergyEmptyKJ: 4334.911499999998
StatMoveTimeEmptySec: 83521.83049157406
StatTurnEnergyEmptyKJ: 881.5099293050222
StatTurnTimeEmptySec: 5787.019685699769
StatMoveEnergyLoadedKJ: 10900.363716499985
StatMoveTimeLoadedSec: 205199.582542703
StatTurnEnergyLoadedKJ: 2963.5272332625723
StatTurnTimeLoadedSec: 15130.76316692877
StatPrefEmptyW: 58.40878500787629
StatPrefLoadedW: 62.92320245361689

Marked tag finished after 1 tries!
.Fin. - SUCCESS
