<<< Welcome to the RAWSimO CLI >>>
The time is: 04/14/2026 14:15:52
Starting RAWSimO wrapper with the following arguments:
Instance: Material/Instances/PP/1-4-4-32-550.xinst
Setting: Material/Instances/PP/PPMinimal.xsett
ControlConfig: Material/Instances/PP/aesop-cbs.xconf
StatisticsDir: C:\Users\Aesop\Desktop\rawsim-o-rmfs-world-models\output_pref\seed_13
Seed: 13
Adding handler for unhandled exceptions ...
Initializing ... 
Instance recognized!
Parsing setting config ...
Parsing control config ...
Parsing instance ...
StatisticsFolder: 1-4-4-32-550-PPMinimal-aesop-cbs-13
Done!
Executing ... 
 14:15:55 | >>> Warming up ...
 00:00:00 | >>> Warmup finished - starting simulation ...
 Realtime |   ETA    |  Sim.Time  | Progress | #Orders | #Bundles | Inv. | Distance | #Coll. |   Memory    
 00:00:00 |   n/a    | 0.00:00:00 |  0.00%   |    0    |    0     | 60%  |    0     |   0    | 123.05MB  
 00:00:05 | 04:28:42 | 0.00:00:08 |  0.03%   |    0    |    0     | 60%  |   177    |   0    | 130.74MB  
 00:00:10 | 02:11:39 | 0.00:00:36 |  0.13%   |    0    |    0     | 60%  |   839    |   0    | 142.94MB  
 00:00:15 | 02:51:33 | 0.00:00:41 |  0.15%   |    0    |    0     | 60%  |   949    |   0    | 152.60MB  
 00:00:20 | 03:09:09 | 0.00:00:50 |  0.18%   |    2    |    0     | 60%  |   1142   |   0    | 156.95MB  
 00:00:25 | 03:34:40 | 0.00:00:55 |  0.19%   |    3    |    0     | 60%  |   1240   |   0    | 163.66MB  
 00:00:30 | 03:57:01 | 0.00:01:00 |  0.21%   |    4    |    0     | 60%  |   1340   |   0    | 168.56MB  
 00:00:31 | WARNING! Aborting CBS - could not obtain an initial solution for the following agents: Agent8(41->32)
 00:00:32 | WARNING! Aborting CBS - could not obtain an initial solution for the following agents: Agent8(41->32)
 00:00:32 | WARNING! Aborting CBS - could not obtain an initial solution for the following agents: Agent8(41->34)
 00:00:35 | 00:57:32 | 0.00:04:49 |  1.00%   |   91    |    84    | 60%  |   2948   |   0    | 167.91MB  
 00:00:39 | WARNING! Aborting CBS - could not obtain an initial solution for the following agents: Agent2(24->23)
 00:00:39 | WARNING! Aborting CBS - could not obtain an initial solution for the following agents: Agent2(24->23)
 00:00:40 | 00:24:05 | 0.00:12:55 |  2.69%   |   283   |   273    | 60%  |   6279   |   0    | 168.11MB  
 00:00:42 | WARNING! Aborting CBS - could not obtain an initial solution for the following agents: Agent8(40->39)
 00:00:42 | WARNING! Aborting CBS - could not obtain an initial solution for the following agents: Agent8(40->39)
 00:00:42 | WARNING! Aborting CBS - could not obtain an initial solution for the following agents: Agent8(40->39)
 00:00:44 | WARNING! Aborting CBS - could not obtain an initial solution for the following agents: Agent27(3->2)
 00:00:44 | WARNING! Aborting CBS - could not obtain an initial solution for the following agents: Agent27(3->2)
 00:00:45 | 00:15:55 | 0.00:21:35 |  4.50%   |   487   |   477    | 60%  |  10089   |   0    | 169.17MB  
 00:00:50 | 00:12:00 | 0.00:31:08 |  6.49%   |   711   |   701    | 60%  |  14625   |   0    | 168.13MB  
 00:00:50 | WARNING! Aborting CBS - could not obtain an initial solution for the following agents: Agent16(57->56)
 00:00:51 | WARNING! Aborting CBS - could not obtain an initial solution for the following agents: Agent21(41->40)
 00:00:52 | WARNING! Aborting CBS - could not obtain an initial solution for the following agents: Agent25(9->8)
 00:00:52 | WARNING! Aborting CBS - could not obtain an initial solution for the following agents: Agent25(9->8)
 00:00:52 | WARNING! Aborting CBS - could not obtain an initial solution for the following agents: Agent25(9->8)
 00:00:52 | WARNING! Aborting CBS - could not obtain an initial solution for the following agents: Agent29(57->56)
 00:00:52 | WARNING! Aborting CBS - could not obtain an initial solution for the following agents: Agent29(57->56)
 00:00:52 | WARNING! Aborting CBS - could not obtain an initial solution for the following agents: Agent29(57->56)
 00:00:52 | WARNING! Aborting CBS - could not obtain an initial solution for the following agents: Agent27(9->8)
 00:00:52 | WARNING! Aborting CBS - could not obtain an initial solution for the following agents: Agent27(9->8)
 00:00:53 | WARNING! Aborting CBS - could not obtain an initial solution for the following agents: Agent26(25->24)
 00:00:55 | 00:10:10 | 0.00:39:40 |  8.27%   |   910   |   900    | 60%  |  19146   |   0    | 168.99MB  
 00:01:00 | 00:08:59 | 0.00:48:02 |  10.01%  |  1107   |   1096   | 60%  |  23398   |   0    | 168.18MB  
 00:01:00 | WARNING! Aborting CBS - could not obtain an initial solution for the following agents: Agent7(57->56)
 00:01:00 | WARNING! Aborting CBS - could not obtain an initial solution for the following agents: Agent16(56->50)
 00:01:00 | WARNING! Aborting CBS - could not obtain an initial solution for the following agents: Agent16(56->50)
 00:01:05 | 00:07:55 | 0.00:57:41 |  12.02%  |  1328   |   1321   | 60%  |  28537   |   0    | 167.68MB  
 00:01:06 | WARNING! Aborting CBS - could not obtain an initial solution for the following agents: Agent5(57->56)
 00:01:08 | WARNING! Aborting CBS - could not obtain an initial solution for the following agents: Agent0(24->23)
 00:01:10 | 00:07:10 | 0.01:07:10 |  14.00%  |  1550   |   1544   | 60%  |  33661   |   0    | 168.22MB  
 00:01:12 | WARNING! Aborting CBS - could not obtain an initial solution for the following agents: Agent24(25->24)
 00:01:12 | WARNING! Aborting CBS - could not obtain an initial solution for the following agents: Agent24(25->24)
 00:01:14 | WARNING! Aborting CBS - could not obtain an initial solution for the following agents: Agent8(40->39)
 00:01:14 | WARNING! Aborting CBS - could not obtain an initial solution for the following agents: Agent14(3->1)
 00:01:14 | WARNING! Aborting CBS - could not obtain an initial solution for the following agents: Agent14(3->2)
 00:01:14 | WARNING! Aborting CBS - could not obtain an initial solution for the following agents: Agent14(3->2)
 00:01:14 | WARNING! Aborting CBS - could not obtain an initial solution for the following agents: Agent14(3->2)
 00:01:15 | 00:06:34 | 0.01:16:44 |  15.99%  |  1773   |   1768   | 60%  |  39126   |   0    | 168.38MB  
 00:01:16 | WARNING! Aborting CBS - could not obtain an initial solution for the following agents: Agent27(9->8)
 00:01:16 | WARNING! Aborting CBS - could not obtain an initial solution for the following agents: Agent27(9->8)
 00:01:17 | WARNING! Aborting CBS - could not obtain an initial solution for the following agents: Agent14(9->8)
 00:01:17 | WARNING! Aborting CBS - could not obtain an initial solution for the following agents: Agent19(8->2)
 00:01:20 | 00:06:18 | 0.01:23:45 |  17.45%  |  1936   |   1932   | 60%  |  43014   |   0    | 168.20MB  
 00:01:23 | WARNING! Aborting CBS - could not obtain an initial solution for the following agents: Agent28(41->40)
 00:01:25 | 00:05:51 | 0.01:33:27 |  19.47%  |  2162   |   2158   | 60%  |  48277   |   0    | 167.66MB  
 00:01:28 | WARNING! Aborting CBS - could not obtain an initial solution for the following agents: Agent28(41->40)
 00:01:28 | WARNING! Aborting CBS - could not obtain an initial solution for the following agents: Agent28(41->40)
 00:01:29 | WARNING! Aborting CBS - could not obtain an initial solution for the following agents: Agent11(24->18)
 00:01:29 | WARNING! Aborting CBS - could not obtain an initial solution for the following agents: Agent11(24->22)
 00:01:30 | 00:05:30 | 0.01:42:47 |  21.41%  |  2379   |   2377   | 60%  |  53422   |   0    | 167.57MB  
 00:01:30 | WARNING! Aborting CBS - could not obtain an initial solution for the following agents: Agent24(25->18)
 00:01:31 | WARNING! Aborting CBS - could not obtain an initial solution for the following agents: Agent0(25->24)
 00:01:31 | WARNING! Aborting CBS - could not obtain an initial solution for the following agents: Agent29(57->56)
 00:01:31 | WARNING! Aborting CBS - could not obtain an initial solution for the following agents: Agent29(57->56)
 00:01:33 | WARNING! Aborting CBS - could not obtain an initial solution for the following agents: Agent4(9->8)
 00:01:35 | 00:05:16 | 0.01:50:50 |  23.09%  |  2567   |   2565   | 60%  |  58134   |   0    | 168.77MB  
 00:01:40 | 00:05:32 | 0.01:50:57 |  23.12%  |  2570   |   2568   | 60%  |  58202   |   0    | 170.20MB  
 00:01:43 | WARNING! Aborting CBS - could not obtain an initial solution for the following agents: Agent1(9->8)
 00:01:45 | 00:05:29 | 0.01:56:04 |  24.18%  |  2688   |   2688   | 60%  |  61133   |   0    | 173.92MB  
 00:01:45 | WARNING! Aborting CBS - could not obtain an initial solution for the following agents: Agent1(3->2)
 00:01:45 | WARNING! Aborting CBS - could not obtain an initial solution for the following agents: Agent1(3->2)
 00:01:45 | WARNING! Aborting CBS - could not obtain an initial solution for the following agents: Agent1(3->2)
 00:01:45 | WARNING! Aborting CBS - could not obtain an initial solution for the following agents: Agent1(3->2)
 00:01:45 | WARNING! Aborting CBS - could not obtain an initial solution for the following agents: Agent1(3->2)
 00:01:45 | WARNING! Aborting CBS - could not obtain an initial solution for the following agents: Agent1(3->2)
 00:01:50 | 00:05:01 | 0.02:08:28 |  26.77%  |  2979   |   2978   | 60%  |  67817   |   0    | 170.59MB  
 00:01:54 | WARNING! Aborting CBS - could not obtain an initial solution for the following agents: Agent21(41->40)
 00:01:54 | WARNING! Aborting CBS - could not obtain an initial solution for the following agents: Agent21(41->40)
 00:01:55 | 00:04:50 | 0.02:16:01 |  28.34%  |  3153   |   3156   | 60%  |  71927   |   0    | 170.33MB  
 00:01:55 | WARNING! Aborting CBS - could not obtain an initial solution for the following agents: Agent11(25->24)
 00:01:55 | WARNING! Aborting CBS - could not obtain an initial solution for the following agents: Agent11(25->24)
 00:01:55 | WARNING! Aborting CBS - could not obtain an initial solution for the following agents: Agent26(24->17)
 00:01:56 | WARNING! Aborting CBS - could not obtain an initial solution for the following agents: Agent11(25->24)
 00:01:56 | WARNING! Aborting CBS - could not obtain an initial solution for the following agents: Agent11(25->24)
 00:01:57 | WARNING! Aborting CBS - could not obtain an initial solution for the following agents: Agent26(25->24)
 00:01:57 | WARNING! Aborting CBS - could not obtain an initial solution for the following agents: Agent26(25->24)
 00:01:59 | WARNING! Aborting CBS - could not obtain an initial solution for the following agents: Agent4(9->8)
 00:01:59 | WARNING! Aborting CBS - could not obtain an initial solution for the following agents: Agent4(9->8)
 00:02:00 | 00:04:33 | 0.02:26:25 |  30.51%  |  3396   |   3400   | 60%  |  77664   |   0    | 170.25MB  
 00:02:00 | WARNING! Aborting CBS - could not obtain an initial solution for the following agents: Agent7(57->56)
 00:02:01 | WARNING! Aborting CBS - could not obtain an initial solution for the following agents: Agent11(24->23)
 00:02:05 | 00:04:19 | 0.02:36:10 |  32.54%  |  3624   |   3628   | 60%  |  83200   |   0    | 172.06MB  
 00:02:05 | WARNING! Aborting CBS - could not obtain an initial solution for the following agents: Agent4(3->2)
 00:02:05 | WARNING! Aborting CBS - could not obtain an initial solution for the following agents: Agent4(3->2)
 00:02:08 | WARNING! Aborting CBS - could not obtain an initial solution for the following agents: Agent25(9->8)
 00:02:08 | WARNING! Aborting CBS - could not obtain an initial solution for the following agents: Agent25(9->8)
 00:02:10 | 00:04:02 | 0.02:47:20 |  34.86%  |  3886   |   3888   | 60%  |  89024   |   0    | 170.94MB  
 00:02:10 | WARNING! Aborting CBS - could not obtain an initial solution for the following agents: Agent25(3->0)
 00:02:10 | WARNING! Aborting CBS - could not obtain an initial solution for the following agents: Agent25(3->0)
 00:02:10 | WARNING! Aborting CBS - could not obtain an initial solution for the following agents: Agent25(3->0)
 00:02:10 | WARNING! Aborting CBS - could not obtain an initial solution for the following agents: Agent25(3->1)
 00:02:10 | WARNING! Aborting CBS - could not obtain an initial solution for the following agents: Agent25(3->1)
 00:02:10 | WARNING! Aborting CBS - could not obtain an initial solution for the following agents: Agent25(3->1)
 00:02:11 | WARNING! Aborting CBS - could not obtain an initial solution for the following agents: Agent0(26->25)
 00:02:11 | WARNING! Aborting CBS - could not obtain an initial solution for the following agents: Agent0(26->25)
 00:02:13 | WARNING! Aborting CBS - could not obtain an initial solution for the following agents: Agent10(40->38)
 00:02:14 | WARNING! Aborting CBS - could not obtain an initial solution for the following agents: Agent26(25->24)
 00:02:15 | 00:03:46 | 0.02:59:26 |  37.38%  |  4168   |   4172   | 60%  |  95195   |   0    | 171.48MB  
 00:02:15 | WARNING! Aborting CBS - could not obtain an initial solution for the following agents: Agent26(25->24)
 00:02:19 | WARNING! Aborting CBS - could not obtain an initial solution for the following agents: Agent29(51->49)
 00:02:19 | WARNING! Aborting CBS - could not obtain an initial solution for the following agents: Agent29(51->50)
 00:02:19 | WARNING! Aborting CBS - could not obtain an initial solution for the following agents: Agent29(51->50)
 00:02:20 | 00:03:32 | 0.03:10:31 |  39.69%  |  4427   |   4432   | 60%  |  101647  |   0    | 170.66MB  
 00:02:20 | WARNING! Aborting CBS - could not obtain an initial solution for the following agents: Agent26(24->18)
 00:02:20 | WARNING! Aborting CBS - could not obtain an initial solution for the following agents: Agent1(9->8)
 00:02:21 | WARNING! Aborting CBS - could not obtain an initial solution for the following agents: Agent4(3->2)
 00:02:22 | WARNING! Aborting CBS - could not obtain an initial solution for the following agents: Agent16(57->56)
 00:02:22 | WARNING! Aborting CBS - could not obtain an initial solution for the following agents: Agent16(57->56)
 00:02:25 | 00:03:19 | 0.03:22:16 |  42.14%  |  4699   |   4708   | 60%  |  107705  |   0    | 170.66MB  
 00:02:29 | WARNING! Aborting CBS - could not obtain an initial solution for the following agents: Agent27(2->1)
 00:02:29 | WARNING! Aborting CBS - could not obtain an initial solution for the following agents: Agent27(2->1)
 00:02:30 | 00:03:13 | 0.03:29:27 |  43.64%  |  4864   |   4876   | 60%  |  111541  |   0    | 170.89MB  
 00:02:33 | WARNING! Aborting CBS - could not obtain an initial solution for the following agents: Agent25(9->8)
 00:02:34 | WARNING! Aborting CBS - could not obtain an initial solution for the following agents: Agent29(57->56)
 00:02:35 | 00:03:01 | 0.03:40:48 |  46.00%  |  5132   |   5143   | 60%  |  117611  |   0    | 172.51MB  
 00:02:37 | WARNING! Aborting CBS - could not obtain an initial solution for the following agents: Agent28(43->42)
 00:02:39 | WARNING! Aborting CBS - could not obtain an initial solution for the following agents: Agent4(3->2)
 00:02:39 | WARNING! Aborting CBS - could not obtain an initial solution for the following agents: Agent4(3->2)
 00:02:40 | 00:02:52 | 0.03:51:03 |  48.14%  |  5370   |   5383   | 60%  |  123090  |   0    | 170.65MB  
 00:02:41 | WARNING! Aborting CBS - could not obtain an initial solution for the following agents: Agent1(3->1)
 00:02:41 | WARNING! Aborting CBS - could not obtain an initial solution for the following agents: Agent1(3->1)
 00:02:41 | WARNING! Aborting CBS - could not obtain an initial solution for the following agents: Agent1(3->2)
 00:02:41 | WARNING! Aborting CBS - could not obtain an initial solution for the following agents: Agent1(3->2)
 00:02:42 | WARNING! Aborting CBS - could not obtain an initial solution for the following agents: Agent29(59->58)
 00:02:45 | 00:02:41 | 0.04:02:26 |  50.51%  |  5632   |   5650   | 60%  |  129351  |   0    | 171.10MB  
 00:02:49 | WARNING! Aborting CBS - could not obtain an initial solution for the following agents: Agent16(57->56)
 00:02:50 | 00:02:36 | 0.04:10:09 |  52.12%  |  5814   |   5829   | 60%  |  133408  |   0    | 171.57MB  
 00:02:50 | WARNING! Aborting CBS - could not obtain an initial solution for the following agents: Agent10(41->40)
 00:02:50 | WARNING! Aborting CBS - could not obtain an initial solution for the following agents: Agent10(41->40)
 00:02:51 | WARNING! Aborting CBS - could not obtain an initial solution for the following agents: Agent28(41->40)
 00:02:51 | WARNING! Aborting CBS - could not obtain an initial solution for the following agents: Agent28(41->40)
 00:02:55 | 00:02:28 | 0.04:19:58 |  54.16%  |  6042   |   6060   | 60%  |  138414  |   0    | 171.13MB  
 00:02:56 | WARNING! Aborting CBS - could not obtain an initial solution for the following agents: Agent0(26->25)
 00:02:56 | WARNING! Aborting CBS - could not obtain an initial solution for the following agents: Agent0(26->25)
 00:02:56 | WARNING! Aborting CBS - could not obtain an initial solution for the following agents: Agent0(26->25)
 00:02:57 | WARNING! Aborting CBS - could not obtain an initial solution for the following agents: Agent10(41->34)
 00:03:00 | 00:02:20 | 0.04:29:36 |  56.17%  |  6261   |   6287   | 60%  |  143862  |   0    | 170.75MB  
 00:03:02 | WARNING! Aborting CBS - could not obtain an initial solution for the following agents: Agent21(41->40)
 00:03:02 | WARNING! Aborting CBS - could not obtain an initial solution for the following agents: Agent21(41->40)
 00:03:02 | WARNING! Aborting CBS - could not obtain an initial solution for the following agents: Agent21(41->40)
 00:03:05 | 00:02:11 | 0.04:40:59 |  58.54%  |  6530   |   6552   | 60%  |  149731  |   0    | 170.94MB  
 00:03:06 | WARNING! Aborting CBS - could not obtain an initial solution for the following agents: Agent19(9->8)
 00:03:08 | WARNING! Aborting CBS - could not obtain an initial solution for the following agents: Agent27(9->8)
 00:03:10 | 00:02:02 | 0.04:51:59 |  60.83%  |  6787   |   6811   | 60%  |  155637  |   0    | 175.73MB  
 00:03:10 | WARNING! Aborting CBS - could not obtain an initial solution for the following agents: Agent27(9->8)
 00:03:11 | WARNING! Aborting CBS - could not obtain an initial solution for the following agents: Agent10(41->40)
 00:03:11 | WARNING! Aborting CBS - could not obtain an initial solution for the following agents: Agent30(41->40)
 00:03:15 | 00:01:54 | 0.05:02:17 |  62.98%  |  7026   |   7052   | 60%  |  161201  |   0    | 173.32MB  
 00:03:16 | WARNING! Aborting CBS - could not obtain an initial solution for the following agents: Agent11(25->24)
 00:03:16 | WARNING! Aborting CBS - could not obtain an initial solution for the following agents: Agent11(25->24)
 00:03:16 | WARNING! Aborting CBS - could not obtain an initial solution for the following agents: Agent9(57->56)
 00:03:16 | WARNING! Aborting CBS - could not obtain an initial solution for the following agents: Agent9(57->56)
 00:03:18 | WARNING! Aborting CBS - could not obtain an initial solution for the following agents: Agent10(41->40)
 00:03:18 | WARNING! Aborting CBS - could not obtain an initial solution for the following agents: Agent10(41->40)
 00:03:18 | WARNING! Aborting CBS - could not obtain an initial solution for the following agents: Agent30(35->34)
 00:03:20 | 00:01:48 | 0.05:11:34 |  64.91%  |  7242   |   7270   | 60%  |  165973  |   0    | 174.13MB  
 00:03:24 | WARNING! Aborting CBS - could not obtain an initial solution for the following agents: Agent11(25->24)
 00:03:25 | 00:01:41 | 0.05:21:18 |  66.94%  |  7469   |   7499   | 60%  |  171161  |   0    | 173.04MB  
 00:03:25 | WARNING! Aborting CBS - could not obtain an initial solution for the following agents: Agent14(8->1)
 00:03:25 | WARNING! Aborting CBS - could not obtain an initial solution for the following agents: Agent14(8->2)
 00:03:25 | WARNING! Aborting CBS - could not obtain an initial solution for the following agents: Agent30(41->40)
 00:03:28 | WARNING! Aborting CBS - could not obtain an initial solution for the following agents: Agent4(2->1)
 00:03:28 | WARNING! Aborting CBS - could not obtain an initial solution for the following agents: Agent4(2->1)
 00:03:28 | WARNING! Aborting CBS - could not obtain an initial solution for the following agents: Agent0(24->17)
 00:03:28 | WARNING! Aborting CBS - could not obtain an initial solution for the following agents: Agent0(24->18)
 00:03:28 | WARNING! Aborting CBS - could not obtain an initial solution for the following agents: Agent0(24->18)
 00:03:29 | WARNING! Aborting CBS - could not obtain an initial solution for the following agents: Agent2(25->24)
 00:03:30 | 00:01:32 | 0.05:33:09 |  69.41%  |  7744   |   7775   | 60%  |  177239  |   0    | 173.53MB  
 00:03:34 | WARNING! Aborting CBS - could not obtain an initial solution for the following agents: Agent1(9->8)
 00:03:35 | 00:01:26 | 0.05:42:24 |  71.33%  |  7954   |   7993   | 60%  |  182664  |   0    | 173.20MB  
 00:03:35 | WARNING! Aborting CBS - could not obtain an initial solution for the following agents: Agent8(41->40)
 00:03:38 | WARNING! Aborting CBS - could not obtain an initial solution for the following agents: Agent9(57->56)
 00:03:38 | WARNING! Aborting CBS - could not obtain an initial solution for the following agents: Agent9(57->56)
 00:03:40 | 00:01:18 | 0.05:53:50 |  73.72%  |  8222   |   8261   | 60%  |  188618  |   0    | 174.60MB  
 00:03:44 | WARNING! Aborting CBS - could not obtain an initial solution for the following agents: Agent14(9->8)
 00:03:44 | WARNING! Aborting CBS - could not obtain an initial solution for the following agents: Agent14(9->8)
 00:03:45 | 00:01:11 | 0.06:03:59 |  75.83%  |  8461   |   8499   | 60%  |  194251  |   0    | 174.71MB  
 00:03:46 | WARNING! Aborting CBS - could not obtain an initial solution for the following agents: Agent5(57->50)
 00:03:46 | WARNING! Aborting CBS - could not obtain an initial solution for the following agents: Agent5(57->50)
 00:03:50 | 00:01:05 | 0.06:14:10 |  77.95%  |  8698   |   8737   | 60%  |  199234  |   0    | 175.27MB  
 00:03:52 | WARNING! Aborting CBS - could not obtain an initial solution for the following agents: Agent0(24->17)
 00:03:52 | WARNING! Aborting CBS - could not obtain an initial solution for the following agents: Agent0(24->17)
 00:03:52 | WARNING! Aborting CBS - could not obtain an initial solution for the following agents: Agent8(41->40)
 00:03:55 | 00:00:57 | 0.06:25:23 |  80.29%  |  8961   |   8999   | 60%  |  205324  |   0    | 175.44MB  
 00:03:55 | WARNING! Aborting CBS - could not obtain an initial solution for the following agents: Agent26(25->24)
 00:03:55 | WARNING! Aborting CBS - could not obtain an initial solution for the following agents: Agent26(25->24)
 00:03:55 | WARNING! Aborting CBS - could not obtain an initial solution for the following agents: Agent5(56->55)
 00:03:55 | WARNING! Aborting CBS - could not obtain an initial solution for the following agents: Agent4(9->8)
 00:03:55 | WARNING! Aborting CBS - could not obtain an initial solution for the following agents: Agent4(9->8)
 00:03:58 | WARNING! Aborting CBS - could not obtain an initial solution for the following agents: Agent27(8->1)
 00:03:58 | WARNING! Aborting CBS - could not obtain an initial solution for the following agents: Agent27(8->2)
 00:03:58 | WARNING! Aborting CBS - could not obtain an initial solution for the following agents: Agent27(8->2)
 00:03:58 | WARNING! Aborting CBS - could not obtain an initial solution for the following agents: Agent27(8->3)
 00:04:00 | 00:00:51 | 0.06:34:51 |  82.26%  |  9182   |   9222   | 60%  |  210671  |   0    | 175.43MB  
 00:04:01 | WARNING! Aborting CBS - could not obtain an initial solution for the following agents: Agent9(57->56)
 00:04:02 | WARNING! Aborting CBS - could not obtain an initial solution for the following agents: Agent11(26->25)
 00:04:02 | WARNING! Aborting CBS - could not obtain an initial solution for the following agents: Agent11(26->25)
 00:04:02 | WARNING! Aborting CBS - could not obtain an initial solution for the following agents: Agent11(26->25)
 00:04:02 | WARNING! Aborting CBS - could not obtain an initial solution for the following agents: Agent16(57->56)
 00:04:02 | WARNING! Aborting CBS - could not obtain an initial solution for the following agents: Agent16(57->50)
 00:04:03 | WARNING! Aborting CBS - could not obtain an initial solution for the following agents: Agent30(41->40)
 00:04:03 | WARNING! Aborting CBS - could not obtain an initial solution for the following agents: Agent30(41->40)
 00:04:05 | 00:00:45 | 0.06:45:25 |  84.46%  |  9421   |   9470   | 60%  |  216598  |   0    | 175.17MB  
 00:04:06 | WARNING! Aborting CBS - could not obtain an initial solution for the following agents: Agent2(25->24)
 00:04:09 | WARNING! Aborting CBS - could not obtain an initial solution for the following agents: Agent0(25->17)
 00:04:09 | WARNING! Aborting CBS - could not obtain an initial solution for the following agents: Agent0(25->18)
 00:04:10 | 00:00:38 | 0.06:55:34 |  86.58%  |  9659   |   9707   | 60%  |  222648  |   0    | 175.56MB  
 00:04:12 | WARNING! Aborting CBS - could not obtain an initial solution for the following agents: Agent5(57->50)
 00:04:12 | WARNING! Aborting CBS - could not obtain an initial solution for the following agents: Agent5(57->50)
 00:04:15 | 00:00:31 | 0.07:07:03 |  88.97%  |  9926   |   9976   | 60%  |  228621  |   0    | 176.09MB  
 00:04:20 | 00:00:26 | 0.07:15:43 |  90.77%  |  10127  |  10180   | 60%  |  233469  |   0    | 176.38MB  
 00:04:21 | WARNING! Aborting CBS - could not obtain an initial solution for the following agents: Agent11(19->17)
 00:04:21 | WARNING! Aborting CBS - could not obtain an initial solution for the following agents: Agent11(19->17)
 00:04:21 | WARNING! Aborting CBS - could not obtain an initial solution for the following agents: Agent11(19->17)
 00:04:21 | WARNING! Aborting CBS - could not obtain an initial solution for the following agents: Agent11(19->17)
 00:04:21 | WARNING! Aborting CBS - could not obtain an initial solution for the following agents: Agent11(19->18)
 00:04:21 | WARNING! Aborting CBS - could not obtain an initial solution for the following agents: Agent11(19->18)
 00:04:22 | WARNING! Aborting CBS - could not obtain an initial solution for the following agents: Agent0(25->24)
 00:04:22 | WARNING! Aborting CBS - could not obtain an initial solution for the following agents: Agent10(41->40)
 00:04:23 | WARNING! Aborting CBS - could not obtain an initial solution for the following agents: Agent2(25->24)
 00:04:23 | WARNING! Aborting CBS - could not obtain an initial solution for the following agents: Agent2(25->24)
 00:04:23 | WARNING! Aborting CBS - could not obtain an initial solution for the following agents: Agent11(25->24)
 00:04:23 | WARNING! Aborting CBS - could not obtain an initial solution for the following agents: Agent11(25->24)
 00:04:23 | WARNING! Aborting CBS - could not obtain an initial solution for the following agents: Agent11(25->24)
 00:04:23 | WARNING! Aborting CBS - could not obtain an initial solution for the following agents: Agent7(57->56)
 00:04:23 | WARNING! Aborting CBS - could not obtain an initial solution for the following agents: Agent7(57->56)
 00:04:25 | 00:00:20 | 0.07:24:49 |  92.67%  |  10338  |  10393   | 60%  |  238333  |   0    | 175.66MB  
 00:04:25 | WARNING! Aborting CBS - could not obtain an initial solution for the following agents: Agent28(41->40)
 00:04:27 | WARNING! Aborting CBS - could not obtain an initial solution for the following agents: Agent28(41->40)
 00:04:29 | WARNING! Aborting CBS - could not obtain an initial solution for the following agents: Agent0(26->25)
 00:04:29 | WARNING! Aborting CBS - could not obtain an initial solution for the following agents: Agent0(26->25)
 00:04:29 | WARNING! Aborting CBS - could not obtain an initial solution for the following agents: Agent0(26->25)
 00:04:30 | 00:00:15 | 0.07:33:39 |  94.51%  |  10539  |  10599   | 60%  |  243231  |   0    | 175.46MB  
 00:04:31 | WARNING! Aborting CBS - could not obtain an initial solution for the following agents: Agent19(3->1)
 00:04:31 | WARNING! Aborting CBS - could not obtain an initial solution for the following agents: Agent19(3->1)
 00:04:31 | WARNING! Aborting CBS - could not obtain an initial solution for the following agents: Agent19(3->2)
 00:04:34 | WARNING! Aborting CBS - could not obtain an initial solution for the following agents: Agent11(25->24)
 00:04:34 | WARNING! Aborting CBS - could not obtain an initial solution for the following agents: Agent11(25->24)
 00:04:35 | 00:00:09 | 0.07:43:57 |  96.66%  |  10781  |  10841   | 60%  |  248646  |   0    | 176.35MB  
 00:04:39 | WARNING! Aborting CBS - could not obtain an initial solution for the following agents: Agent0(25->24)
 00:04:39 | WARNING! Aborting CBS - could not obtain an initial solution for the following agents: Agent26(25->24)
 00:04:40 | 00:00:03 | 0.07:53:43 |  98.69%  |  11004  |  11071   | 60%  |  254098  |   0    | 175.41MB  
 00:04:43 | 00:00:00 | 0.08:00:00 | 100.00%  |  11151  |  11217   | 60%  |  257654  |   0    | 175.69MB  
 00:04:43 | >>> Simulation finished - writing results ...
 00:04:44 | >>> Results written
Simulation finished.
>>> Timings
StatTimingPathPlanningAverage: 0.013988105023637018
StatTimingPathPlanningOverall: 221.9212862000013
StatTimingPathPlanningCount: 15865
StatTimingTaskAllocationAverage: 0.0013891725274040839
StatTimingTaskAllocationOverall: 22.304554099999972
StatTimingTaskAllocationCount: 16056
StatTimingItemStorageAverage: 3.347274808488276E-06
StatTimingItemStorageOverall: 0.03801500000000135
StatTimingItemStorageCount: 11357
StatTimingPodStorageAverage: 0.0019578132304661888
StatTimingPodStorageOverall: 5.963499100000011
StatTimingPodStorageCount: 3046
StatTimingReplenishmentBatchingAverage: 8.052322218441572E-06
StatTimingReplenishmentBatchingOverall: 0.09466309999999913
StatTimingReplenishmentBatchingCount: 11756
StatTimingOrderBatchingAverage: 0.00010927965563085715
StatTimingOrderBatchingOverall: 3.3700753000000034
StatTimingOrderBatchingCount: 30839
>>> Overall
StatOverallBundlesPlaced: 15160
StatOverallItemsOrdered: 11195
StatOverallOrdersPlaced: 11195
StatOverallBundlesRejected: 0
StatOverallOrdersRejected: 0
StatOverallBundlesHandled: 11217
StatOverallItemsHandled: 11155
StatOverallLinesHandled: 11155
StatOverallOrdersHandled: 11151
StatOverallCollisions: 0
StatOverallDistanceTraveled: 257653.54728541969
StatOverallDistanceEstimated: 237791
StatOverallAssignedTasks: 16056
StatMaxMemoryUsed: 177.13671875
StatRealTimeUsed: 283.9835865
StatAverageTurnoverTime: 367.6434203685197
StatMedianTurnoverTime: 215.3322782346513
StatLowerQuartileTurnoverTime: 122.19241699795384
StatUpperQuartileTurnoverTime: 495.6133373314842
StatAverageThroughputTime: 114.24792395315812
StatMedianThroughputTime: 120.98972662212509
StatLowerQuartileThroughputTime: 80.87664824449075
StatUpperQuartileThroughputTime: 141.99226775200077
>>> Energy (Rizqi model)
StatEnergyTotalKJ: 19723.29140685942
StatEnergyE1AccelKJ: 5378.214374499976
StatEnergyE2DecelKJ: 0
StatEnergyE3CruiseKJ: 9718.872856000002
StatEnergyE4RotationKJ: 3805.6502830260533
StatEnergyE5LiftLowerKJ: 820.5538933333338
StatEnergyPerOrderKJ: 1.7687464269446165
StatEnergyPerMeterJoule: 76.52042043072184
StatDistanceTraveledRizqiM: 257752
>>> Motion Behavior
StatTurningCount: 32210
StatStopAndGoCount: 43804
StatLoadedDistanceM: 174111
StatLoadedTurningCount: 23674
StatWaitTimeSec: 607209.0773125926
StatMoveEnergyEmptyKJ: 4292.551049999996
StatMoveTimeEmptySec: 82965.40418287124
StatTurnEnergyEmptyKJ: 874.4388097303034
StatTurnTimeEmptySec: 5699.812393994335
StatMoveEnergyLoadedKJ: 10804.536180499977
StatMoveTimeLoadedSec: 202990.54503184604
StatTurnEnergyLoadedKJ: 2931.211473295771
StatTurnTimeLoadedSec: 14965.914883085381
StatPrefEmptyW: 58.27527478321713
StatPrefLoadedW: 63.02060356071494

Marked tag finished after 1 tries!
.Fin. - SUCCESS
