<<< Welcome to the RAWSimO CLI >>>
The time is: 04/13/2026 23:57:53
Starting RAWSimO wrapper with the following arguments:
Instance: Material/Instances/PP/1-4-4-32-550.xinst
Setting: Material/Instances/PP/PPMinimal.xsett
ControlConfig: Material/Instances/PP/aesop-cbs.xconf
StatisticsDir: C:\Users\Aesop\Desktop\rawsim-o-rmfs-world-models\output_exp\cbs\seed_6
Seed: 6
Adding handler for unhandled exceptions ...
Initializing ... 
Instance recognized!
Parsing setting config ...
Parsing control config ...
Parsing instance ...
StatisticsFolder: 1-4-4-32-550-PPMinimal-aesop-cbs-6
Done!
Executing ... 
 23:57:55 | >>> Warming up ...
 00:00:00 | >>> Warmup finished - starting simulation ...
 Realtime |   ETA    |  Sim.Time  | Progress | #Orders | #Bundles | Inv. | Distance | #Coll. |   Memory    
 00:00:00 |   n/a    | 0.00:00:00 |  0.00%   |    0    |    0     | 60%  |    0     |   0    | 123.11MB  
 00:00:05 | 05:42:17 | 0.00:00:07 |  0.02%   |    0    |    0     | 60%  |   132    |   0    | 131.06MB  
 00:00:10 | 02:39:51 | 0.00:00:30 |  0.10%   |    0    |    0     | 60%  |   702    |   0    | 137.59MB  
 00:00:15 | 03:13:46 | 0.00:00:37 |  0.13%   |    0    |    0     | 60%  |   859    |   0    | 148.02MB  
 00:00:20 | 03:44:39 | 0.00:00:42 |  0.15%   |    0    |    0     | 60%  |   969    |   0    | 157.37MB  
 00:00:25 | 04:10:16 | 0.00:00:47 |  0.17%   |    2    |    0     | 60%  |   1076   |   0    | 164.69MB  
 00:00:30 | 04:30:39 | 0.00:00:53 |  0.18%   |    2    |    0     | 60%  |   1183   |   0    | 169.67MB  
 00:00:35 | 04:48:00 | 0.00:00:58 |  0.20%   |    4    |    0     | 60%  |   1271   |   0    | 173.23MB  
 00:00:38 | WARNING! Aborting CBS - could not obtain an initial solution for the following agents: Agent8(43->42)
 00:00:38 | WARNING! Aborting CBS - could not obtain an initial solution for the following agents: Agent8(43->42)
 00:00:38 | WARNING! Aborting CBS - could not obtain an initial solution for the following agents: Agent8(43->42)
 00:00:39 | WARNING! Aborting CBS - could not obtain an initial solution for the following agents: Agent24(24->23)
 00:00:40 | 04:01:58 | 0.00:01:19 |  0.27%   |   11    |    4     | 60%  |   1630   |   0    | 170.73MB  
 00:00:40 | WARNING! Aborting CBS - could not obtain an initial solution for the following agents: Agent4(1->0),Agent14(2->1)
 00:00:40 | WARNING! Aborting CBS - could not obtain an initial solution for the following agents: Agent4(1->0),Agent14(2->1)
 00:00:40 | WARNING! Aborting CBS - could not obtain an initial solution for the following agents: Agent4(1->0),Agent14(2->1)
 00:00:40 | WARNING! Aborting CBS - could not obtain an initial solution for the following agents: Agent4(1->0)
 00:00:40 | WARNING! Aborting CBS - could not obtain an initial solution for the following agents: Agent4(1->0)
 00:00:40 | WARNING! Aborting CBS - could not obtain an initial solution for the following agents: Agent4(1->0)
 00:00:40 | WARNING! Aborting CBS - could not obtain an initial solution for the following agents: Agent4(1->0)
 00:00:40 | WARNING! Aborting CBS - could not obtain an initial solution for the following agents: Agent4(1->0)
 00:00:40 | WARNING! Aborting CBS - could not obtain an initial solution for the following agents: Agent4(1->0)
 00:00:43 | WARNING! Aborting CBS - could not obtain an initial solution for the following agents: Agent5(56->55)
 00:00:45 | 00:42:52 | 0.00:08:15 |  1.72%   |   174   |   164    | 60%  |   4347   |   0    | 170.56MB  
 00:00:50 | 00:23:13 | 0.00:16:38 |  3.47%   |   371   |   360    | 60%  |   8162   |   0    | 169.85MB  
 00:00:55 | 00:17:17 | 0.00:24:10 |  5.04%   |   545   |   536    | 60%  |  12068   |   0    | 170.51MB  
 00:00:56 | WARNING! Aborting CBS - could not obtain an initial solution for the following agents: Agent1(9->8)
 00:00:58 | WARNING! Aborting CBS - could not obtain an initial solution for the following agents: Agent16(57->56)
 00:00:58 | WARNING! Aborting CBS - could not obtain an initial solution for the following agents: Agent26(25->24)
 00:00:58 | WARNING! Aborting CBS - could not obtain an initial solution for the following agents: Agent26(25->24)
 00:00:59 | WARNING! Aborting CBS - could not obtain an initial solution for the following agents: Agent7(58->57)
 00:00:59 | WARNING! Aborting CBS - could not obtain an initial solution for the following agents: Agent7(58->57)
 00:01:00 | 00:13:39 | 0.00:32:45 |  6.82%   |   748   |   737    | 60%  |  16055   |   0    | 169.85MB  
 00:01:05 | 00:12:06 | 0.00:39:26 |  8.22%   |   903   |   893    | 60%  |  19482   |   0    | 170.25MB  
 00:01:05 | WARNING! Aborting CBS - could not obtain an initial solution for the following agents: Agent10(41->40)
 00:01:06 | WARNING! Aborting CBS - could not obtain an initial solution for the following agents: Agent10(41->40)
 00:01:08 | WARNING! Aborting CBS - could not obtain an initial solution for the following agents: Agent29(57->56)
 00:01:10 | 00:10:05 | 0.00:49:47 |  10.37%  |  1143   |   1136   | 60%  |  24722   |   0    | 169.53MB  
 00:01:11 | WARNING! Aborting CBS - could not obtain an initial solution for the following agents: Agent30(41->40)
 00:01:15 | 00:08:53 | 0.00:59:12 |  12.34%  |  1364   |   1356   | 60%  |  29656   |   0    | 169.82MB  
 00:01:20 | 00:08:06 | 0.01:07:50 |  14.13%  |  1563   |   1559   | 60%  |  34517   |   0    | 169.67MB  
 00:01:20 | WARNING! Aborting CBS - could not obtain an initial solution for the following agents: Agent27(9->8)
 00:01:23 | WARNING! Aborting CBS - could not obtain an initial solution for the following agents: Agent14(9->8)
 00:01:23 | WARNING! Aborting CBS - could not obtain an initial solution for the following agents: Agent14(9->8)
 00:01:24 | WARNING! Aborting CBS - could not obtain an initial solution for the following agents: Agent30(41->40)
 00:01:25 | 00:07:16 | 0.01:18:10 |  16.29%  |  1804   |   1801   | 60%  |  39893   |   0    | 170.17MB  
 00:01:25 | WARNING! Aborting CBS - could not obtain an initial solution for the following agents: Agent10(41->40)
 00:01:25 | WARNING! Aborting CBS - could not obtain an initial solution for the following agents: Agent26(25->24)
 00:01:30 | 00:06:51 | 0.01:26:12 |  17.96%  |  1992   |   1988   | 60%  |  44253   |   0    | 171.00MB  
 00:01:30 | WARNING! Aborting CBS - could not obtain an initial solution for the following agents: Agent0(25->24)
 00:01:31 | WARNING! Aborting CBS - could not obtain an initial solution for the following agents: Agent16(57->56)
 00:01:32 | WARNING! Aborting CBS - could not obtain an initial solution for the following agents: Agent5(57->56)
 00:01:32 | WARNING! Aborting CBS - could not obtain an initial solution for the following agents: Agent5(57->56)
 00:01:32 | WARNING! Aborting CBS - could not obtain an initial solution for the following agents: Agent5(57->56)
 00:01:35 | 00:06:32 | 0.01:33:35 |  19.50%  |  2163   |   2161   | 60%  |  48435   |   0    | 169.32MB  
 00:01:35 | WARNING! Aborting CBS - could not obtain an initial solution for the following agents: Agent28(41->40)
 00:01:36 | WARNING! Aborting CBS - could not obtain an initial solution for the following agents: Agent16(57->56)
 00:01:36 | WARNING! Aborting CBS - could not obtain an initial solution for the following agents: Agent25(9->8)
 00:01:37 | WARNING! Aborting CBS - could not obtain an initial solution for the following agents: Agent2(25->24)
 00:01:37 | WARNING! Aborting CBS - could not obtain an initial solution for the following agents: Agent27(9->8)
 00:01:40 | 00:05:57 | 0.01:44:59 |  21.87%  |  2432   |   2428   | 60%  |  54083   |   0    | 170.84MB  
 00:01:45 | 00:05:37 | 0.01:54:01 |  23.75%  |  2640   |   2640   | 60%  |  59021   |   0    | 170.59MB  
 00:01:46 | WARNING! Aborting CBS - could not obtain an initial solution for the following agents: Agent19(2->1)
 00:01:46 | WARNING! Aborting CBS - could not obtain an initial solution for the following agents: Agent19(2->1)
 00:01:50 | 00:05:20 | 0.02:02:44 |  25.57%  |  2843   |   2844   | 60%  |  63545   |   0    | 171.33MB  
 00:01:50 | WARNING! Aborting CBS - could not obtain an initial solution for the following agents: Agent16(57->56)
 00:01:55 | 00:05:00 | 0.02:13:00 |  27.71%  |  3078   |   3085   | 60%  |  68963   |   0    | 170.61MB  
 00:01:56 | WARNING! Aborting CBS - could not obtain an initial solution for the following agents: Agent0(25->24)
 00:01:56 | WARNING! Aborting CBS - could not obtain an initial solution for the following agents: Agent0(25->24)
 00:01:56 | WARNING! Aborting CBS - could not obtain an initial solution for the following agents: Agent16(57->56)
 00:02:00 | 00:04:39 | 0.02:24:00 |  30.00%  |  3337   |   3343   | 60%  |  75141   |   0    | 170.79MB  
 00:02:05 | 00:04:30 | 0.02:31:40 |  31.60%  |  3511   |   3524   | 60%  |  79621   |   0    | 174.75MB  
 00:02:10 | 00:04:15 | 0.02:42:03 |  33.76%  |  3754   |   3765   | 60%  |  85041   |   0    | 172.22MB  
 00:02:11 | WARNING! Aborting CBS - could not obtain an initial solution for the following agents: Agent21(40->39)
 00:02:13 | WARNING! Aborting CBS - could not obtain an initial solution for the following agents: Agent11(25->24)
 00:02:15 | 00:03:59 | 0.02:53:03 |  36.05%  |  4010   |   4024   | 60%  |  91129   |   0    | 170.75MB  
 00:02:15 | WARNING! Aborting CBS - could not obtain an initial solution for the following agents: Agent19(9->8)
 00:02:17 | WARNING! Aborting CBS - could not obtain an initial solution for the following agents: Agent29(57->56)
 00:02:19 | WARNING! Aborting CBS - could not obtain an initial solution for the following agents: Agent14(9->8)
 00:02:19 | WARNING! Aborting CBS - could not obtain an initial solution for the following agents: Agent14(9->8)
 00:02:19 | WARNING! Aborting CBS - could not obtain an initial solution for the following agents: Agent8(41->40)
 00:02:19 | WARNING! Aborting CBS - could not obtain an initial solution for the following agents: Agent7(57->56)
 00:02:20 | 00:03:46 | 0.03:03:22 |  38.20%  |  4249   |   4266   | 60%  |  96864   |   0    | 171.36MB  
 00:02:20 | WARNING! Aborting CBS - could not obtain an initial solution for the following agents: Agent1(9->8)
 00:02:22 | WARNING! Aborting CBS - could not obtain an initial solution for the following agents: Agent16(57->56)
 00:02:22 | WARNING! Aborting CBS - could not obtain an initial solution for the following agents: Agent16(57->56)
 00:02:24 | WARNING! Aborting CBS - could not obtain an initial solution for the following agents: Agent0(25->16)
 00:02:24 | WARNING! Aborting CBS - could not obtain an initial solution for the following agents: Agent0(25->16)
 00:02:25 | 00:03:36 | 0.03:12:32 |  40.11%  |  4462   |   4481   | 60%  |  102236  |   0    | 171.20MB  
 00:02:25 | WARNING! Aborting CBS - could not obtain an initial solution for the following agents: Agent19(8->2)
 00:02:28 | WARNING! Aborting CBS - could not obtain an initial solution for the following agents: Agent1(2->1)
 00:02:28 | WARNING! Aborting CBS - could not obtain an initial solution for the following agents: Agent1(2->1)
 00:02:30 | 00:03:25 | 0.03:22:24 |  42.17%  |  4691   |   4712   | 60%  |  108106  |   0    | 171.11MB  
 00:02:30 | WARNING! Aborting CBS - could not obtain an initial solution for the following agents: Agent2(24->23)
 00:02:35 | 00:03:14 | 0.03:32:39 |  44.30%  |  4930   |   4952   | 60%  |  113038  |   0    | 172.41MB  
 00:02:35 | WARNING! Aborting CBS - could not obtain an initial solution for the following agents: Agent10(41->40)
 00:02:35 | WARNING! Aborting CBS - could not obtain an initial solution for the following agents: Agent10(41->40)
 00:02:37 | WARNING! Aborting CBS - could not obtain an initial solution for the following agents: Agent2(25->24)
 00:02:37 | WARNING! Aborting CBS - could not obtain an initial solution for the following agents: Agent2(25->24)
 00:02:39 | WARNING! Aborting CBS - could not obtain an initial solution for the following agents: Agent2(24->23)
 00:02:39 | WARNING! Aborting CBS - could not obtain an initial solution for the following agents: Agent2(24->23)
 00:02:40 | 00:03:01 | 0.03:44:49 |  46.84%  |  5212   |   5239   | 60%  |  119713  |   0    | 170.96MB  
 00:02:41 | WARNING! Aborting CBS - could not obtain an initial solution for the following agents: Agent10(41->40)
 00:02:41 | WARNING! Aborting CBS - could not obtain an initial solution for the following agents: Agent1(8->1)
 00:02:41 | WARNING! Aborting CBS - could not obtain an initial solution for the following agents: Agent1(8->1)
 00:02:41 | WARNING! Aborting CBS - could not obtain an initial solution for the following agents: Agent1(8->1)
 00:02:41 | WARNING! Aborting CBS - could not obtain an initial solution for the following agents: Agent1(8->2)
 00:02:43 | WARNING! Aborting CBS - could not obtain an initial solution for the following agents: Agent27(9->8)
 00:02:43 | WARNING! Aborting CBS - could not obtain an initial solution for the following agents: Agent27(9->8)
 00:02:45 | 00:02:55 | 0.03:52:38 |  48.47%  |  5392   |   5420   | 60%  |  124175  |   0    | 170.96MB  
 00:02:48 | WARNING! Aborting CBS - could not obtain an initial solution for the following agents: Agent4(9->8)
 00:02:48 | WARNING! Aborting CBS - could not obtain an initial solution for the following agents: Agent4(9->8)
 00:02:48 | WARNING! Aborting CBS - could not obtain an initial solution for the following agents: Agent14(8->1)
 00:02:48 | WARNING! Aborting CBS - could not obtain an initial solution for the following agents: Agent14(8->1)
 00:02:48 | WARNING! Aborting CBS - could not obtain an initial solution for the following agents: Agent14(8->2)
 00:02:50 | 00:02:45 | 0.04:03:12 |  50.67%  |  5641   |   5669   | 60%  |  129781  |   0    | 171.02MB  
 00:02:51 | WARNING! Aborting CBS - could not obtain an initial solution for the following agents: Agent29(59->58)
 00:02:51 | WARNING! Aborting CBS - could not obtain an initial solution for the following agents: Agent29(59->58)
 00:02:51 | WARNING! Aborting CBS - could not obtain an initial solution for the following agents: Agent29(59->58)
 00:02:51 | WARNING! Aborting CBS - could not obtain an initial solution for the following agents: Agent29(59->58)
 00:02:51 | WARNING! Aborting CBS - could not obtain an initial solution for the following agents: Agent29(59->58)
 00:02:53 | WARNING! Aborting CBS - could not obtain an initial solution for the following agents: Agent27(8->7)
 00:02:53 | WARNING! Aborting CBS - could not obtain an initial solution for the following agents: Agent27(8->7)
 00:02:54 | WARNING! Aborting CBS - could not obtain an initial solution for the following agents: Agent26(25->24)
 00:02:55 | 00:02:34 | 0.04:14:45 |  53.07%  |  5906   |   5939   | 60%  |  136179  |   0    | 171.56MB  
 00:02:57 | WARNING! Aborting CBS - could not obtain an initial solution for the following agents: Agent25(9->8)
 00:02:58 | WARNING! Aborting CBS - could not obtain an initial solution for the following agents: Agent19(3->2)
 00:02:58 | WARNING! Aborting CBS - could not obtain an initial solution for the following agents: Agent2(25->24)
 00:02:58 | WARNING! Aborting CBS - could not obtain an initial solution for the following agents: Agent5(57->56)
 00:02:58 | WARNING! Aborting CBS - could not obtain an initial solution for the following agents: Agent5(57->56)
 00:02:58 | WARNING! Aborting CBS - could not obtain an initial solution for the following agents: Agent5(57->56)
 00:02:58 | WARNING! Aborting CBS - could not obtain an initial solution for the following agents: Agent5(57->56)
 00:03:00 | 00:02:25 | 0.04:25:06 |  55.23%  |  6147   |   6181   | 60%  |  141383  |   0    | 171.13MB  
 00:03:05 | 00:02:17 | 0.04:35:28 |  57.39%  |  6389   |   6424   | 60%  |  146859  |   0    | 171.87MB  
 00:03:07 | WARNING! Aborting CBS - could not obtain an initial solution for the following agents: Agent9(57->56)
 00:03:07 | WARNING! Aborting CBS - could not obtain an initial solution for the following agents: Agent1(8->7)
 00:03:07 | WARNING! Aborting CBS - could not obtain an initial solution for the following agents: Agent1(8->7)
 00:03:08 | WARNING! Aborting CBS - could not obtain an initial solution for the following agents: Agent8(35->33)
 00:03:08 | WARNING! Aborting CBS - could not obtain an initial solution for the following agents: Agent8(35->34)
 00:03:08 | WARNING! Aborting CBS - could not obtain an initial solution for the following agents: Agent8(35->34)
 00:03:10 | 00:02:12 | 0.04:42:28 |  58.85%  |  6551   |   6588   | 60%  |  151084  |   0    | 171.41MB  
 00:03:11 | WARNING! Aborting CBS - could not obtain an initial solution for the following agents: Agent30(40->39)
 00:03:11 | WARNING! Aborting CBS - could not obtain an initial solution for the following agents: Agent30(40->39)
 00:03:11 | WARNING! Aborting CBS - could not obtain an initial solution for the following agents: Agent25(9->8)
 00:03:11 | WARNING! Aborting CBS - could not obtain an initial solution for the following agents: Agent25(9->8)
 00:03:14 | WARNING! Aborting CBS - could not obtain an initial solution for the following agents: Agent8(41->40)
 00:03:14 | WARNING! Aborting CBS - could not obtain an initial solution for the following agents: Agent8(41->40)
 00:03:14 | WARNING! Aborting CBS - could not obtain an initial solution for the following agents: Agent8(41->40)
 00:03:15 | 00:02:03 | 0.04:53:38 |  61.18%  |  6807   |   6850   | 60%  |  157503  |   0    | 171.14MB  
 00:03:16 | WARNING! Aborting CBS - could not obtain an initial solution for the following agents: Agent28(41->40)
 00:03:17 | WARNING! Aborting CBS - could not obtain an initial solution for the following agents: Agent10(41->40)
 00:03:18 | WARNING! Aborting CBS - could not obtain an initial solution for the following agents: Agent27(3->1)
 00:03:18 | WARNING! Aborting CBS - could not obtain an initial solution for the following agents: Agent27(3->1)
 00:03:18 | WARNING! Aborting CBS - could not obtain an initial solution for the following agents: Agent27(3->2)
 00:03:18 | WARNING! Aborting CBS - could not obtain an initial solution for the following agents: Agent27(3->2)
 00:03:19 | WARNING! Aborting CBS - could not obtain an initial solution for the following agents: Agent7(57->56)
 00:03:19 | WARNING! Aborting CBS - could not obtain an initial solution for the following agents: Agent16(57->56)
 00:03:20 | 00:01:56 | 0.05:03:08 |  63.15%  |  7028   |   7073   | 60%  |  162576  |   0    | 171.79MB  
 00:03:23 | WARNING! Aborting CBS - could not obtain an initial solution for the following agents: Agent24(25->24)
 00:03:23 | WARNING! Aborting CBS - could not obtain an initial solution for the following agents: Agent26(19->17)
 00:03:23 | WARNING! Aborting CBS - could not obtain an initial solution for the following agents: Agent26(19->17)
 00:03:23 | WARNING! Aborting CBS - could not obtain an initial solution for the following agents: Agent26(19->17)
 00:03:23 | WARNING! Aborting CBS - could not obtain an initial solution for the following agents: Agent26(19->18)
 00:03:23 | WARNING! Aborting CBS - could not obtain an initial solution for the following agents: Agent26(19->18)
 00:03:23 | WARNING! Aborting CBS - could not obtain an initial solution for the following agents: Agent14(2->1)
 00:03:23 | WARNING! Aborting CBS - could not obtain an initial solution for the following agents: Agent14(2->1)
 00:03:25 | 00:01:48 | 0.05:13:39 |  65.35%  |  7272   |   7319   | 60%  |  168013  |   0    | 171.93MB  
 00:03:27 | WARNING! Aborting CBS - could not obtain an initial solution for the following agents: Agent30(41->40)
 00:03:27 | WARNING! Aborting CBS - could not obtain an initial solution for the following agents: Agent1(9->8)
 00:03:30 | 00:01:40 | 0.05:24:37 |  67.63%  |  7526   |   7577   | 60%  |  173942  |   0    | 171.22MB  
 00:03:35 | 00:01:33 | 0.05:34:32 |  69.70%  |  7759   |   7810   | 60%  |  179297  |   0    | 171.76MB  
 00:03:36 | WARNING! Aborting CBS - could not obtain an initial solution for the following agents: Agent16(58->50)
 00:03:40 | 00:01:29 | 0.05:41:40 |  71.18%  |  7919   |   7978   | 60%  |  183399  |   0    | 171.12MB  
 00:03:40 | WARNING! Aborting CBS - could not obtain an initial solution for the following agents: Agent28(43->42)
 00:03:40 | WARNING! Aborting CBS - could not obtain an initial solution for the following agents: Agent28(43->42)
 00:03:40 | WARNING! Aborting CBS - could not obtain an initial solution for the following agents: Agent28(43->42)
 00:03:40 | WARNING! Aborting CBS - could not obtain an initial solution for the following agents: Agent28(43->42)
 00:03:40 | WARNING! Aborting CBS - could not obtain an initial solution for the following agents: Agent28(43->42)
 00:03:40 | WARNING! Aborting CBS - could not obtain an initial solution for the following agents: Agent21(41->40)
 00:03:40 | WARNING! Aborting CBS - could not obtain an initial solution for the following agents: Agent21(41->40)
 00:03:40 | WARNING! Aborting CBS - could not obtain an initial solution for the following agents: Agent21(41->40)
 00:03:43 | WARNING! Aborting CBS - could not obtain an initial solution for the following agents: Agent10(41->34)
 00:03:45 | 00:01:21 | 0.05:51:48 |  73.29%  |  8153   |   8214   | 60%  |  188904  |   0    | 171.55MB  
 00:03:47 | WARNING! Aborting CBS - could not obtain an initial solution for the following agents: Agent0(25->24),Agent10(41->40)
 00:03:47 | WARNING! Aborting CBS - could not obtain an initial solution for the following agents: Agent0(25->24)
 00:03:48 | WARNING! Aborting CBS - could not obtain an initial solution for the following agents: Agent19(9->8)
 00:03:48 | WARNING! Aborting CBS - could not obtain an initial solution for the following agents: Agent19(9->2)
 00:03:48 | WARNING! Aborting CBS - could not obtain an initial solution for the following agents: Agent19(9->2)
 00:03:50 | 00:01:14 | 0.06:03:07 |  75.65%  |  8416   |   8480   | 60%  |  195142  |   0    | 172.45MB  
 00:03:50 | WARNING! Aborting CBS - could not obtain an initial solution for the following agents: Agent30(41->40)
 00:03:50 | WARNING! Aborting CBS - could not obtain an initial solution for the following agents: Agent30(41->40)
 00:03:50 | WARNING! Aborting CBS - could not obtain an initial solution for the following agents: Agent7(59->58)
 00:03:51 | WARNING! Aborting CBS - could not obtain an initial solution for the following agents: Agent25(8->1)
 00:03:51 | WARNING! Aborting CBS - could not obtain an initial solution for the following agents: Agent25(8->2)
 00:03:54 | WARNING! Aborting CBS - could not obtain an initial solution for the following agents: Agent29(57->56)
 00:03:55 | 00:01:07 | 0.06:13:06 |  77.73%  |  8648   |   8714   | 60%  |  200815  |   0    | 172.64MB  
 00:03:57 | WARNING! Aborting CBS - could not obtain an initial solution for the following agents: Agent10(41->40)
 00:03:59 | WARNING! Aborting CBS - could not obtain an initial solution for the following agents: Agent4(3->2)
 00:03:59 | WARNING! Aborting CBS - could not obtain an initial solution for the following agents: Agent4(3->2)
 00:03:59 | WARNING! Aborting CBS - could not obtain an initial solution for the following agents: Agent4(3->2)
 00:03:59 | WARNING! Aborting CBS - could not obtain an initial solution for the following agents: Agent4(3->2)
 00:03:59 | WARNING! Aborting CBS - could not obtain an initial solution for the following agents: Agent4(3->2)
 00:03:59 | WARNING! Aborting CBS - could not obtain an initial solution for the following agents: Agent4(3->2)
 00:04:00 | 00:01:00 | 0.06:23:12 |  79.84%  |  8878   |   8950   | 60%  |  206083  |   0    | 172.32MB  
 00:04:01 | WARNING! Aborting CBS - could not obtain an initial solution for the following agents: Agent21(41->40)
 00:04:01 | WARNING! Aborting CBS - could not obtain an initial solution for the following agents: Agent21(41->40)
 00:04:01 | WARNING! Aborting CBS - could not obtain an initial solution for the following agents: Agent7(57->50)
 00:04:04 | WARNING! Aborting CBS - could not obtain an initial solution for the following agents: Agent0(25->24)
 00:04:04 | WARNING! Aborting CBS - could not obtain an initial solution for the following agents: Agent0(25->24)
 00:04:05 | 00:00:53 | 0.06:34:14 |  82.13%  |  9137   |   9208   | 60%  |  212069  |   0    | 172.35MB  
 00:04:05 | WARNING! Aborting CBS - could not obtain an initial solution for the following agents: Agent1(9->8)
 00:04:09 | WARNING! Aborting CBS - could not obtain an initial solution for the following agents: Agent2(25->24)
 00:04:09 | WARNING! Aborting CBS - could not obtain an initial solution for the following agents: Agent2(25->24)
 00:04:10 | 00:00:48 | 0.06:42:29 |  83.85%  |  9326   |   9402   | 60%  |  216484  |   0    | 172.66MB  
 00:04:10 | WARNING! Aborting CBS - could not obtain an initial solution for the following agents: Agent29(57->56)
 00:04:11 | WARNING! Aborting CBS - could not obtain an initial solution for the following agents: Agent0(25->24)
 00:04:11 | WARNING! Aborting CBS - could not obtain an initial solution for the following agents: Agent0(25->24)
 00:04:11 | WARNING! Aborting CBS - could not obtain an initial solution for the following agents: Agent11(25->18)
 00:04:11 | WARNING! Aborting CBS - could not obtain an initial solution for the following agents: Agent11(25->19)
 00:04:14 | WARNING! Aborting CBS - could not obtain an initial solution for the following agents: Agent1(9->8)
 00:04:14 | 00:00:42 | 0.06:51:20 |  85.70%  |  9530   |   9610   | 60%  |  221104  |   0    | 172.52MB  
 00:04:16 | WARNING! Aborting CBS - could not obtain an initial solution for the following agents: Agent25(9->8)
 00:04:16 | WARNING! Aborting CBS - could not obtain an initial solution for the following agents: Agent25(9->8)
 00:04:18 | WARNING! Aborting CBS - could not obtain an initial solution for the following agents: Agent7(57->56)
 00:04:18 | WARNING! Aborting CBS - could not obtain an initial solution for the following agents: Agent7(57->56)
 00:04:20 | 00:00:35 | 0.07:03:00 |  88.13%  |  9800   |   9883   | 60%  |  227335  |   0    | 172.43MB  
 00:04:25 | 00:00:29 | 0.07:12:32 |  90.11%  |  10021  |  10107   | 60%  |  232483  |   0    | 172.96MB  
 00:04:25 | WARNING! Aborting CBS - could not obtain an initial solution for the following agents: Agent24(25->24)
 00:04:25 | WARNING! Aborting CBS - could not obtain an initial solution for the following agents: Agent24(25->24)
 00:04:26 | WARNING! Aborting CBS - could not obtain an initial solution for the following agents: Agent29(57->56)
 00:04:30 | 00:00:22 | 0.07:22:41 |  92.23%  |  10259  |  10345   | 60%  |  238008  |   0    | 172.51MB  
 00:04:31 | WARNING! Aborting CBS - could not obtain an initial solution for the following agents: Agent29(57->56)
 00:04:33 | WARNING! Aborting CBS - could not obtain an initial solution for the following agents: Agent1(9->1),Agent19(3->0)
 00:04:33 | WARNING! Aborting CBS - could not obtain an initial solution for the following agents: Agent1(9->2),Agent19(3->0)
 00:04:34 | WARNING! Aborting CBS - could not obtain an initial solution for the following agents: Agent30(41->40)
 00:04:35 | 00:00:17 | 0.07:31:00 |  93.96%  |  10450  |  10540   | 60%  |  242699  |   0    | 172.53MB  
 00:04:37 | WARNING! Aborting CBS - could not obtain an initial solution for the following agents: Agent11(25->24)
 00:04:40 | 00:00:12 | 0.07:39:23 |  95.71%  |  10642  |  10736   | 60%  |  247431  |   0    | 172.60MB  
 00:04:40 | WARNING! Aborting CBS - could not obtain an initial solution for the following agents: Agent8(41->40)
 00:04:40 | WARNING! Aborting CBS - could not obtain an initial solution for the following agents: Agent8(41->40)
 00:04:40 | WARNING! Aborting CBS - could not obtain an initial solution for the following agents: Agent9(59->58)
 00:04:45 | 00:00:04 | 0.07:52:08 |  98.36%  |  10936  |  11034   | 60%  |  254299  |   0    | 173.22MB  
 00:04:48 | 00:00:00 | 0.08:00:00 | 100.00%  |  11120  |  11218   | 60%  |  258767  |   0    | 173.06MB  
 00:04:48 | >>> Simulation finished - writing results ...
 00:04:49 | >>> Results written
Simulation finished.
>>> Timings
StatTimingPathPlanningAverage: 0.014261001026746071
StatTimingPathPlanningOverall: 225.0100741999995
StatTimingPathPlanningCount: 15778
StatTimingTaskAllocationAverage: 0.0015189237817762541
StatTimingTaskAllocationOverall: 23.72103269999976
StatTimingTaskAllocationCount: 15617
StatTimingItemStorageAverage: 3.891716133605189E-06
StatTimingItemStorageOverall: 0.04392580000000177
StatTimingItemStorageCount: 11287
StatTimingPodStorageAverage: 0.0020398931340341723
StatTimingPodStorageOverall: 6.2094347000000205
StatTimingPodStorageCount: 3044
StatTimingReplenishmentBatchingAverage: 8.669811000932264E-06
StatTimingReplenishmentBatchingOverall: 0.10229509999999979
StatTimingReplenishmentBatchingCount: 11799
StatTimingOrderBatchingAverage: 0.00011307176592707995
StatTimingOrderBatchingOverall: 3.4857764000000206
StatTimingOrderBatchingCount: 30828
>>> Overall
StatOverallBundlesPlaced: 15191
StatOverallItemsOrdered: 11164
StatOverallOrdersPlaced: 11164
StatOverallBundlesRejected: 0
StatOverallOrdersRejected: 0
StatOverallBundlesHandled: 11218
StatOverallItemsHandled: 11124
StatOverallLinesHandled: 11124
StatOverallOrdersHandled: 11120
StatOverallCollisions: 0
StatOverallDistanceTraveled: 258766.89922564692
StatOverallDistanceEstimated: 238927
StatOverallAssignedTasks: 15617
StatMaxMemoryUsed: 174.77734375
StatRealTimeUsed: 288.4438901
StatAverageTurnoverTime: 368.55381740604855
StatMedianTurnoverTime: 213.99651185372204
StatLowerQuartileTurnoverTime: 122.48666668571241
StatUpperQuartileTurnoverTime: 499.8267892297372
StatAverageThroughputTime: 114.55132690376239
StatMedianThroughputTime: 121.03796536059235
StatLowerQuartileThroughputTime: 80.78602851080615
StatUpperQuartileThroughputTime: 142.27001038765502
>>> Energy (Rizqi model)
StatEnergyTotalKJ: 19258.21686277061
StatEnergyE1AccelKJ: 5366.192407999975
StatEnergyE2DecelKJ: 0
StatEnergyE3CruiseKJ: 9800.532336000006
StatEnergyE4RotationKJ: 3272.7893543261002
StatEnergyE5LiftLowerKJ: 818.7027644444447
StatEnergyPerOrderKJ: 1.7318540344218174
StatEnergyPerMeterJoule: 74.40229974142463
StatDistanceTraveledRizqiM: 258839
>>> Motion Behavior
StatTurningCount: 32267
StatStopAndGoCount: 43775
StatLoadedDistanceM: 174506
StatLoadedTurningCount: 23635
StatWaitTimeSec: 378403.35991282493

Marked tag finished after 1 tries!
.Fin. - SUCCESS
