<<< Welcome to the RAWSimO CLI >>>
The time is: 04/17/2026 03:49:51
Starting RAWSimO wrapper with the following arguments:
Instance: Material/Instances/CoreBenchmark/aesop.xlayo
Setting: Material/Instances/CoreBenchmark/test-short.xsett
ControlConfig: Material/Instances/CoreBenchmark/aesop-cbs.xconf
StatisticsDir: output_compare/stat10/
Seed: 8
Adding handler for unhandled exceptions ...
Initializing ... 
LayoutConfiguration recognized!
Parsing setting config ...
Parsing control config ...
Parsing layout config ...
Generating instance...
Info about all directions within the generated instance:
# # # # # e p e p p p p p p p p p p p p p p p p p e p p p p p p p p p p p p p p p p p e p p p p p p p p p e s # # # # # 
# # # # # n q ^ + + + + + + + + v + + + + + + + + ^ + + + + + + + + v + + + + + + + + ^ + + + + + + + + q d q # # # # # 
# # # # # b p b + + + + + + + + v + + + + + + + + ^ + + + + + + + + v + + + + + + + + ^ + + + + + + + + v b s # # # # # 
s w w w w d q d < < < < < < < < q < < < < < < < < d < < < < < < < < q < < < < < < < < d < < < < < < < < q d q w w w w w 
p e e e s b p b + + + + + + + + v + + + + + + + + ^ + + + + + + + + v + + + + + + + + ^ + + + + + + + + v b p e e e e n 
s w w w w d q ^ + + + + + + + + v + + + + + + + + ^ + + + + + + + + v + + + + + + + + ^ + + + + + + + + q d q n w w w d 
e e e e e b p b > > > > > > > > p > > > > > > > > b > > > > > > > > p > > > > > > > > b > > > > > > > > p b p e e e e n 
# # # # # n q ^ + + + + + + + + v + + + + + + + + ^ + + + + + + + + v + + + + + + + + ^ + + + + + + + + q d q # # # # # 
# # # # # b p b + + + + + + + + v + + + + + + + + ^ + + + + + + + + v + + + + + + + + ^ + + + + + + + + v b s # # # # # 
s w w w w d q d < < < < < < < < q < < < < < < < < d < < < < < < < < q < < < < < < < < d < < < < < < < < q d q w w w w w 
p e e e s b p b + + + + + + + + v + + + + + + + + ^ + + + + + + + + v + + + + + + + + ^ + + + + + + + + v b p e e e e n 
s w w w w d q ^ + + + + + + + + v + + + + + + + + ^ + + + + + + + + v + + + + + + + + ^ + + + + + + + + q d q n w w w d 
e e e e e b p b > > > > > > > > p > > > > > > > > b > > > > > > > > p > > > > > > > > b > > > > > > > > p b p e e e e n 
# # # # # n q ^ + + + + + + + + v + + + + + + + + ^ + + + + + + + + v + + + + + + + + ^ + + + + + + + + q d q # # # # # 
# # # # # b p b + + + + + + + + v + + + + + + + + ^ + + + + + + + + v + + + + + + + + ^ + + + + + + + + v b s # # # # # 
s w w w w d q d < < < < < < < < q < < < < < < < < d < < < < < < < < q < < < < < < < < d < < < < < < < < q d q w w w w w 
p e e e s b p b + + + + + + + + v + + + + + + + + ^ + + + + + + + + v + + + + + + + + ^ + + + + + + + + v b p e e e e n 
s w w w w d q ^ + + + + + + + + v + + + + + + + + ^ + + + + + + + + v + + + + + + + + ^ + + + + + + + + q d q n w w w d 
e e e e e b p b > > > > > > > > p > > > > > > > > b > > > > > > > > p > > > > > > > > b > > > > > > > > p b p e e e e n 
# # # # # n q ^ + + + + + + + + v + + + + + + + + ^ + + + + + + + + v + + + + + + + + ^ + + + + + + + + q d q # # # # # 
# # # # # b p b + + + + + + + + v + + + + + + + + ^ + + + + + + + + v + + + + + + + + ^ + + + + + + + + v b s # # # # # 
s w w w w d q d < < < < < < < < q < < < < < < < < d < < < < < < < < q < < < < < < < < d < < < < < < < < q d q w w w w w 
p e e e s b p b + + + + + + + + v + + + + + + + + ^ + + + + + + + + v + + + + + + + + ^ + + + + + + + + v b p e e e e n 
s w w w w d q ^ + + + + + + + + v + + + + + + + + ^ + + + + + + + + v + + + + + + + + ^ + + + + + + + + q d q n w w w d 
e e e e e b p b > > > > > > > > p > > > > > > > > b > > > > > > > > p > > > > > > > > b > > > > > > > > p b p e e e e n 
# # # # # n q ^ + + + + + + + + v + + + + + + + + ^ + + + + + + + + v + + + + + + + + ^ + + + + + + + + q d q # # # # # 
# # # # # b p b + + + + + + + + v + + + + + + + + ^ + + + + + + + + v + + + + + + + + ^ + + + + + + + + v b s # # # # # 
# # # # # n q d < < < < < < < < q < < < < < < < < d < < < < < < < < q < < < < < < < < d < < < < < < < < q d q # # # # # 
# # # # # b p b + + + + + + + + v + + + + + + + + ^ + + + + + + + + v + + + + + + + + ^ + + + + + + + + v b s # # # # # 
# # # # # n q ^ + + + + + + + + v + + + + + + + + ^ + + + + + + + + v + + + + + + + + ^ + + + + + + + + q d q # # # # # 
# # # # # b p b > > > > > > > > p > > > > > > > > b > > > > > > > > p > > > > > > > > b > > > > > > > > p b s # # # # # 
# # # # # n q ^ + + + + + + + + v + + + + + + + + ^ + + + + + + + + v + + + + + + + + ^ + + + + + + + + q d q # # # # # 
# # # # # b p b + + + + + + + + v + + + + + + + + ^ + + + + + + + + v + + + + + + + + ^ + + + + + + + + v b s # # # # # 
# # # # # n w d d d d d d d d d w d d d d d d d d d d d d d d d d d w d d d d d d d d d d d d d d d d d w d w # # # # # 


Info about all types within the generated instance:
# # # # # r r r r r r r r r r r r r r r r r r r r r r r r r r r r r r r r r r r r r r r r r r r r r r r r r r # # # # # 
# # # # # r r r s s s s s s s s r s s s s s s s s r s s s s s s s s r s s s s s s s s r s s s s s s s s r r r # # # # # 
# # # # # r r r s s s s s s s s r s s s s s s s s r s s s s s s s s r s s s s s s s s r s s s s s s s s r r r # # # # # 
b b b b b r r r r r r r r r r r r r r r r r r r r r r r r r r r r r r r r r r r r r r r r r r r r r r r r r r b b b b o 
b b b b b r r r s s s s s s s s r s s s s s s s s r s s s s s s s s r s s s s s s s s r s s s s s s s s r r r b b b b b 
b b b b b r r r s s s s s s s s r s s s s s s s s r s s s s s s s s r s s s s s s s s r s s s s s s s s r r r b b b b b 
i b b b b r r r r r r r r r r r r r r r r r r r r r r r r r r r r r r r r r r r r r r r r r r r r r r r r r r b b b b b 
# # # # # r r r s s s s s s s s r s s s s s s s s r s s s s s s s s r s s s s s s s s r s s s s s s s s r r r # # # # # 
# # # # # r r r s s s s s s s s r s s s s s s s s r s s s s s s s s r s s s s s s s s r s s s s s s s s r r r # # # # # 
b b b b b r r r r r r r r r r r r r r r r r r r r r r r r r r r r r r r r r r r r r r r r r r r r r r r r r r b b b b o 
b b b b b r r r s s s s s s s s r s s s s s s s s r s s s s s s s s r s s s s s s s s r s s s s s s s s r r r b b b b b 
b b b b b r r r s s s s s s s s r s s s s s s s s r s s s s s s s s r s s s s s s s s r s s s s s s s s r r r b b b b b 
i b b b b r r r r r r r r r r r r r r r r r r r r r r r r r r r r r r r r r r r r r r r r r r r r r r r r r r b b b b b 
# # # # # r r r s s s s s s s s r s s s s s s s s r s s s s s s s s r s s s s s s s s r s s s s s s s s r r r # # # # # 
# # # # # r r r s s s s s s s s r s s s s s s s s r s s s s s s s s r s s s s s s s s r s s s s s s s s r r r # # # # # 
b b b b b r r r r r r r r r r r r r r r r r r r r r r r r r r r r r r r r r r r r r r r r r r r r r r r r r r b b b b o 
b b b b b r r r s s s s s s s s r s s s s s s s s r s s s s s s s s r s s s s s s s s r s s s s s s s s r r r b b b b b 
b b b b b r r r s s s s s s s s r s s s s s s s s r s s s s s s s s r s s s s s s s s r s s s s s s s s r r r b b b b b 
i b b b b r r r r r r r r r r r r r r r r r r r r r r r r r r r r r r r r r r r r r r r r r r r r r r r r r r b b b b b 
# # # # # r r r s s s s s s s s r s s s s s s s s r s s s s s s s s r s s s s s s s s r s s s s s s s s r r r # # # # # 
# # # # # r r r s s s s s s s s r s s s s s s s s r s s s s s s s s r s s s s s s s s r s s s s s s s s r r r # # # # # 
b b b b b r r r r r r r r r r r r r r r r r r r r r r r r r r r r r r r r r r r r r r r r r r r r r r r r r r b b b b o 
b b b b b r r r s s s s s s s s r s s s s s s s s r s s s s s s s s r s s s s s s s s r s s s s s s s s r r r b b b b b 
b b b b b r r r s s s s s s s s r s s s s s s s s r s s s s s s s s r s s s s s s s s r s s s s s s s s r r r b b b b b 
i b b b b r r r r r r r r r r r r r r r r r r r r r r r r r r r r r r r r r r r r r r r r r r r r r r r r r r b b b b b 
# # # # # r r r s s s s s s s s r s s s s s s s s r s s s s s s s s r s s s s s s s s r s s s s s s s s r r r # # # # # 
# # # # # r r r s s s s s s s s r s s s s s s s s r s s s s s s s s r s s s s s s s s r s s s s s s s s r r r # # # # # 
# # # # # r r r r r r r r r r r r r r r r r r r r r r r r r r r r r r r r r r r r r r r r r r r r r r r r r r # # # # # 
# # # # # r r r s s s s s s s s r s s s s s s s s r s s s s s s s s r s s s s s s s s r s s s s s s s s r r r # # # # # 
# # # # # r r r s s s s s s s s r s s s s s s s s r s s s s s s s s r s s s s s s s s r s s s s s s s s r r r # # # # # 
# # # # # r r r r r r r r r r r r r r r r r r r r r r r r r r r r r r r r r r r r r r r r r r r r r r r r r r # # # # # 
# # # # # r r r s s s s s s s s r s s s s s s s s r s s s s s s s s r s s s s s s s s r s s s s s s s s r r r # # # # # 
# # # # # r r r s s s s s s s s r s s s s s s s s r s s s s s s s s r s s s s s s s s r s s s s s s s s r r r # # # # # 
# # # # # r r r r r r r r r r r r r r r r r r r r r r r r r r r r r r r r r r r r r r r r r r r r r r r r r r # # # # # 


[EnergyConsumption] Configured from LayoutConfiguration: RobotMass=100 kg, PodFrameMass=300 kg
StatisticsFolder: aesop-aesop-aesop-cbs-8
Done!
Executing ... 
 03:49:53 | >>> Warming up ...
 00:00:00 | >>> Warmup finished - starting simulation ...
 Realtime |   ETA    |  Sim.Time  | Progress | #Orders | #Bundles | Inv. | Distance | #Coll. |   Memory    
 00:00:00 |   n/a    | 0.00:00:00 |  0.00%   |    0    |    0     | 70%  |    0     |   0    | 151.81MB  
 00:00:05 | 00:03:22 | 0.00:00:43 |  2.41%   |    0    |    0     | 70%  |   584    |   0    | 166.64MB  
 00:00:10 | 00:05:00 | 0.00:00:58 |  3.23%   |    0    |    0     | 70%  |   782    |   0    | 175.87MB  
 00:00:12 | WARNING! Aborting CBS - could not obtain an initial solution for the following agents: Agent25(74->73)
 00:00:12 | WARNING! Aborting CBS - could not obtain an initial solution for the following agents: Agent25(74->73)
 00:00:12 | WARNING! Aborting CBS - could not obtain an initial solution for the following agents: Agent25(74->73)
 00:00:12 | WARNING! Aborting CBS - could not obtain an initial solution for the following agents: Agent25(74->73)
 00:00:14 | WARNING! Aborting CBS - could not obtain an initial solution for the following agents: Agent18(32->31)
 00:00:14 | WARNING! Aborting CBS - could not obtain an initial solution for the following agents: Agent18(32->31)
 00:00:14 | WARNING! Aborting CBS - could not obtain an initial solution for the following agents: Agent18(32->31)
 00:00:15 | 00:01:06 | 0.00:05:30 |  18.38%  |   62    |    85    | 71%  |   2990   |   0    | 180.41MB  
 00:00:20 | 00:00:33 | 0.00:11:13 |  37.41%  |   136   |   196    | 72%  |   6207   |   0    | 183.12MB  
 00:00:20 | WARNING! Aborting CBS - could not obtain an initial solution for the following agents: Agent3(34->33)
 00:00:20 | WARNING! Aborting CBS - could not obtain an initial solution for the following agents: Agent3(34->33)
 00:00:25 | 00:00:11 | 0.00:20:43 |  69.10%  |   252   |   373    | 73%  |  11534   |   0    | 189.26MB  
 00:00:27 | WARNING! Aborting CBS - could not obtain an initial solution for the following agents: Agent16(14->13)
 00:00:27 | WARNING! Aborting CBS - could not obtain an initial solution for the following agents: Agent16(14->13)
 00:00:27 | WARNING! Aborting CBS - could not obtain an initial solution for the following agents: Agent16(14->13)
 00:00:27 | WARNING! Aborting CBS - could not obtain an initial solution for the following agents: Agent16(14->13)
 00:00:28 | WARNING! Aborting CBS - could not obtain an initial solution for the following agents: Agent11(54->53)
 00:00:28 | WARNING! Aborting CBS - could not obtain an initial solution for the following agents: Agent11(54->53)
 00:00:28 | WARNING! Aborting CBS - could not obtain an initial solution for the following agents: Agent11(54->53)
 00:00:28 | WARNING! Aborting CBS - could not obtain an initial solution for the following agents: Agent11(54->53)
 00:00:28 | WARNING! Aborting CBS - could not obtain an initial solution for the following agents: Agent11(54->53)
 00:00:28 | WARNING! Aborting CBS - could not obtain an initial solution for the following agents: Agent11(54->53)
 00:00:29 | WARNING! Aborting CBS - could not obtain an initial solution for the following agents: Agent0(32->31)
 00:00:30 | 00:00:02 | 0.00:28:06 |  93.70%  |   341   |   503    | 74%  |  16002   |   0    | 193.09MB  
 00:00:31 | 00:00:00 | 0.00:30:00 | 100.00%  |   366   |   533    | 75%  |  17192   |   0    | 195.12MB  
 00:00:31 | >>> Simulation finished - writing results ...
 00:00:31 | >>> Results written
Simulation finished.
>>> Timings
StatTimingPathPlanningAverage: 0.021204992793682164
StatTimingPathPlanningOverall: 21.480657700000034
StatTimingPathPlanningCount: 1013
StatTimingTaskAllocationAverage: 0.01109573563829787
StatTimingTaskAllocationOverall: 8.343993199999998
StatTimingTaskAllocationCount: 752
StatTimingItemStorageAverage: 1.0362658227848065E-05
StatTimingItemStorageOverall: 0.006549199999999976
StatTimingItemStorageCount: 632
StatTimingPodStorageAverage: 0.01067557042253521
StatTimingPodStorageOverall: 2.2738964999999998
StatTimingPodStorageCount: 213
StatTimingReplenishmentBatchingAverage: 2.8388055130168466E-05
StatTimingReplenishmentBatchingOverall: 0.01853740000000001
StatTimingReplenishmentBatchingCount: 653
StatTimingOrderBatchingAverage: 0.00011377138184791515
StatTimingOrderBatchingOverall: 0.13914240000000022
StatTimingOrderBatchingCount: 1223
>>> Overall
StatOverallBundlesPlaced: 607
StatOverallItemsOrdered: 618
StatOverallOrdersPlaced: 384
StatOverallBundlesRejected: 0
StatOverallOrdersRejected: 0
StatOverallBundlesHandled: 533
StatOverallItemsHandled: 579
StatOverallLinesHandled: 544
StatOverallOrdersHandled: 366
StatOverallCollisions: 0
StatOverallDistanceTraveled: 17192.143281594297
StatOverallDistanceEstimated: 16190
StatOverallAssignedTasks: 752
StatMaxMemoryUsed: 195.4296875
StatRealTimeUsed: 31.5660774
StatAverageTurnoverTime: 508.454638016719
StatMedianTurnoverTime: 367.52794560107066
StatLowerQuartileTurnoverTime: 176.26697689739467
StatUpperQuartileTurnoverTime: 747.3425001388013
StatAverageThroughputTime: 82.8993779237291
StatMedianThroughputTime: 50.78540849415049
StatLowerQuartileThroughputTime: 30.470556903888337
StatUpperQuartileThroughputTime: 123.02264699612351
>>> Energy (Rizqi model)
StatEnergyTotalKJ: 2133.057560216308
StatEnergyE1AccelKJ: 749.9919162898608
StatEnergyE2DecelKJ: 0
StatEnergyE3CruiseKJ: 581.7948152459597
StatEnergyE4RotationKJ: 246.15163373917542
StatEnergyE5LiftLowerKJ: 555.1191949413125
StatEnergyPerOrderKJ: 5.828026120809585
StatEnergyPerMeterJoule: 123.2909982206987
StatDistanceTraveledRizqiM: 17301
>>> Motion Behavior
StatTurningCount: 2204
StatStopAndGoCount: 2721
StatLoadedDistanceM: 12088
StatLoadedTurningCount: 1671
StatWaitTimeSec: 19542.589460544725
StatMoveEnergyEmptyKJ: 74.53240000000001
StatMoveTimeEmptySec: 6599.733762328636
StatTurnEnergyEmptyKJ: 10.14287786660036
StatTurnTimeEmptySec: 550.8565835801821
StatMoveEnergyLoadedKJ: 1257.2543315358207
StatMoveTimeLoadedSec: 17876.039090135582
StatTurnEnergyLoadedKJ: 236.00875587257505
StatTurnTimeLoadedSec: 1713.8410257128319
StatPrefEmptyW: 11.84171848343221
StatPrefLoadedW: 76.22624939906245

Marked tag finished after 1 tries!
.Fin. - SUCCESS
