<<< Welcome to the RAWSimO CLI >>>
The time is: 04/17/2026 03:44:47
Starting RAWSimO wrapper with the following arguments:
Instance: Material/Instances/CoreBenchmark/aesop.xlayo
Setting: Material/Instances/CoreBenchmark/test-short.xsett
ControlConfig: Material/Instances/CoreBenchmark/aesop-ecbs.xconf
StatisticsDir: output_compare/stat10/
Seed: 0
Adding handler for unhandled exceptions ...
Initializing ... 
LayoutConfiguration recognized!
Parsing setting config ...
Parsing control config ...
Parsing layout config ...
Generating instance...
Info about all directions within the generated instance:
# # # # # e p e p p p p p p p p p p p p p p p p p e p p p p p p p p p p p p p p p p p e p p p p p p p p p e s # # # # # 
# # # # # n q ^ + + + + + + + + v + + + + + + + + ^ + + + + + + + + v + + + + + + + + ^ + + + + + + + + q d q # # # # # 
# # # # # b p b + + + + + + + + v + + + + + + + + ^ + + + + + + + + v + + + + + + + + ^ + + + + + + + + v b s # # # # # 
s w w w w d q d < < < < < < < < q < < < < < < < < d < < < < < < < < q < < < < < < < < d < < < < < < < < q d q w w w w w 
p e e e s b p b + + + + + + + + v + + + + + + + + ^ + + + + + + + + v + + + + + + + + ^ + + + + + + + + v b p e e e e n 
s w w w w d q ^ + + + + + + + + v + + + + + + + + ^ + + + + + + + + v + + + + + + + + ^ + + + + + + + + q d q n w w w d 
e e e e e b p b > > > > > > > > p > > > > > > > > b > > > > > > > > p > > > > > > > > b > > > > > > > > p b p e e e e n 
# # # # # n q ^ + + + + + + + + v + + + + + + + + ^ + + + + + + + + v + + + + + + + + ^ + + + + + + + + q d q # # # # # 
# # # # # b p b + + + + + + + + v + + + + + + + + ^ + + + + + + + + v + + + + + + + + ^ + + + + + + + + v b s # # # # # 
s w w w w d q d < < < < < < < < q < < < < < < < < d < < < < < < < < q < < < < < < < < d < < < < < < < < q d q w w w w w 
p e e e s b p b + + + + + + + + v + + + + + + + + ^ + + + + + + + + v + + + + + + + + ^ + + + + + + + + v b p e e e e n 
s w w w w d q ^ + + + + + + + + v + + + + + + + + ^ + + + + + + + + v + + + + + + + + ^ + + + + + + + + q d q n w w w d 
e e e e e b p b > > > > > > > > p > > > > > > > > b > > > > > > > > p > > > > > > > > b > > > > > > > > p b p e e e e n 
# # # # # n q ^ + + + + + + + + v + + + + + + + + ^ + + + + + + + + v + + + + + + + + ^ + + + + + + + + q d q # # # # # 
# # # # # b p b + + + + + + + + v + + + + + + + + ^ + + + + + + + + v + + + + + + + + ^ + + + + + + + + v b s # # # # # 
s w w w w d q d < < < < < < < < q < < < < < < < < d < < < < < < < < q < < < < < < < < d < < < < < < < < q d q w w w w w 
p e e e s b p b + + + + + + + + v + + + + + + + + ^ + + + + + + + + v + + + + + + + + ^ + + + + + + + + v b p e e e e n 
s w w w w d q ^ + + + + + + + + v + + + + + + + + ^ + + + + + + + + v + + + + + + + + ^ + + + + + + + + q d q n w w w d 
e e e e e b p b > > > > > > > > p > > > > > > > > b > > > > > > > > p > > > > > > > > b > > > > > > > > p b p e e e e n 
# # # # # n q ^ + + + + + + + + v + + + + + + + + ^ + + + + + + + + v + + + + + + + + ^ + + + + + + + + q d q # # # # # 
# # # # # b p b + + + + + + + + v + + + + + + + + ^ + + + + + + + + v + + + + + + + + ^ + + + + + + + + v b s # # # # # 
s w w w w d q d < < < < < < < < q < < < < < < < < d < < < < < < < < q < < < < < < < < d < < < < < < < < q d q w w w w w 
p e e e s b p b + + + + + + + + v + + + + + + + + ^ + + + + + + + + v + + + + + + + + ^ + + + + + + + + v b p e e e e n 
s w w w w d q ^ + + + + + + + + v + + + + + + + + ^ + + + + + + + + v + + + + + + + + ^ + + + + + + + + q d q n w w w d 
e e e e e b p b > > > > > > > > p > > > > > > > > b > > > > > > > > p > > > > > > > > b > > > > > > > > p b p e e e e n 
# # # # # n q ^ + + + + + + + + v + + + + + + + + ^ + + + + + + + + v + + + + + + + + ^ + + + + + + + + q d q # # # # # 
# # # # # b p b + + + + + + + + v + + + + + + + + ^ + + + + + + + + v + + + + + + + + ^ + + + + + + + + v b s # # # # # 
# # # # # n q d < < < < < < < < q < < < < < < < < d < < < < < < < < q < < < < < < < < d < < < < < < < < q d q # # # # # 
# # # # # b p b + + + + + + + + v + + + + + + + + ^ + + + + + + + + v + + + + + + + + ^ + + + + + + + + v b s # # # # # 
# # # # # n q ^ + + + + + + + + v + + + + + + + + ^ + + + + + + + + v + + + + + + + + ^ + + + + + + + + q d q # # # # # 
# # # # # b p b > > > > > > > > p > > > > > > > > b > > > > > > > > p > > > > > > > > b > > > > > > > > p b s # # # # # 
# # # # # n q ^ + + + + + + + + v + + + + + + + + ^ + + + + + + + + v + + + + + + + + ^ + + + + + + + + q d q # # # # # 
# # # # # b p b + + + + + + + + v + + + + + + + + ^ + + + + + + + + v + + + + + + + + ^ + + + + + + + + v b s # # # # # 
# # # # # n w d d d d d d d d d w d d d d d d d d d d d d d d d d d w d d d d d d d d d d d d d d d d d w d w # # # # # 


Info about all types within the generated instance:
# # # # # r r r r r r r r r r r r r r r r r r r r r r r r r r r r r r r r r r r r r r r r r r r r r r r r r r # # # # # 
# # # # # r r r s s s s s s s s r s s s s s s s s r s s s s s s s s r s s s s s s s s r s s s s s s s s r r r # # # # # 
# # # # # r r r s s s s s s s s r s s s s s s s s r s s s s s s s s r s s s s s s s s r s s s s s s s s r r r # # # # # 
b b b b b r r r r r r r r r r r r r r r r r r r r r r r r r r r r r r r r r r r r r r r r r r r r r r r r r r b b b b o 
b b b b b r r r s s s s s s s s r s s s s s s s s r s s s s s s s s r s s s s s s s s r s s s s s s s s r r r b b b b b 
b b b b b r r r s s s s s s s s r s s s s s s s s r s s s s s s s s r s s s s s s s s r s s s s s s s s r r r b b b b b 
i b b b b r r r r r r r r r r r r r r r r r r r r r r r r r r r r r r r r r r r r r r r r r r r r r r r r r r b b b b b 
# # # # # r r r s s s s s s s s r s s s s s s s s r s s s s s s s s r s s s s s s s s r s s s s s s s s r r r # # # # # 
# # # # # r r r s s s s s s s s r s s s s s s s s r s s s s s s s s r s s s s s s s s r s s s s s s s s r r r # # # # # 
b b b b b r r r r r r r r r r r r r r r r r r r r r r r r r r r r r r r r r r r r r r r r r r r r r r r r r r b b b b o 
b b b b b r r r s s s s s s s s r s s s s s s s s r s s s s s s s s r s s s s s s s s r s s s s s s s s r r r b b b b b 
b b b b b r r r s s s s s s s s r s s s s s s s s r s s s s s s s s r s s s s s s s s r s s s s s s s s r r r b b b b b 
i b b b b r r r r r r r r r r r r r r r r r r r r r r r r r r r r r r r r r r r r r r r r r r r r r r r r r r b b b b b 
# # # # # r r r s s s s s s s s r s s s s s s s s r s s s s s s s s r s s s s s s s s r s s s s s s s s r r r # # # # # 
# # # # # r r r s s s s s s s s r s s s s s s s s r s s s s s s s s r s s s s s s s s r s s s s s s s s r r r # # # # # 
b b b b b r r r r r r r r r r r r r r r r r r r r r r r r r r r r r r r r r r r r r r r r r r r r r r r r r r b b b b o 
b b b b b r r r s s s s s s s s r s s s s s s s s r s s s s s s s s r s s s s s s s s r s s s s s s s s r r r b b b b b 
b b b b b r r r s s s s s s s s r s s s s s s s s r s s s s s s s s r s s s s s s s s r s s s s s s s s r r r b b b b b 
i b b b b r r r r r r r r r r r r r r r r r r r r r r r r r r r r r r r r r r r r r r r r r r r r r r r r r r b b b b b 
# # # # # r r r s s s s s s s s r s s s s s s s s r s s s s s s s s r s s s s s s s s r s s s s s s s s r r r # # # # # 
# # # # # r r r s s s s s s s s r s s s s s s s s r s s s s s s s s r s s s s s s s s r s s s s s s s s r r r # # # # # 
b b b b b r r r r r r r r r r r r r r r r r r r r r r r r r r r r r r r r r r r r r r r r r r r r r r r r r r b b b b o 
b b b b b r r r s s s s s s s s r s s s s s s s s r s s s s s s s s r s s s s s s s s r s s s s s s s s r r r b b b b b 
b b b b b r r r s s s s s s s s r s s s s s s s s r s s s s s s s s r s s s s s s s s r s s s s s s s s r r r b b b b b 
i b b b b r r r r r r r r r r r r r r r r r r r r r r r r r r r r r r r r r r r r r r r r r r r r r r r r r r b b b b b 
# # # # # r r r s s s s s s s s r s s s s s s s s r s s s s s s s s r s s s s s s s s r s s s s s s s s r r r # # # # # 
# # # # # r r r s s s s s s s s r s s s s s s s s r s s s s s s s s r s s s s s s s s r s s s s s s s s r r r # # # # # 
# # # # # r r r r r r r r r r r r r r r r r r r r r r r r r r r r r r r r r r r r r r r r r r r r r r r r r r # # # # # 
# # # # # r r r s s s s s s s s r s s s s s s s s r s s s s s s s s r s s s s s s s s r s s s s s s s s r r r # # # # # 
# # # # # r r r s s s s s s s s r s s s s s s s s r s s s s s s s s r s s s s s s s s r s s s s s s s s r r r # # # # # 
# # # # # r r r r r r r r r r r r r r r r r r r r r r r r r r r r r r r r r r r r r r r r r r r r r r r r r r # # # # # 
# # # # # r r r s s s s s s s s r s s s s s s s s r s s s s s s s s r s s s s s s s s r s s s s s s s s r r r # # # # # 
# # # # # r r r s s s s s s s s r s s s s s s s s r s s s s s s s s r s s s s s s s s r s s s s s s s s r r r # # # # # 
# # # # # r r r r r r r r r r r r r r r r r r r r r r r r r r r r r r r r r r r r r r r r r r r r r r r r r r # # # # # 


[EnergyConsumption] Configured from LayoutConfiguration: RobotMass=100 kg, PodFrameMass=300 kg
StatisticsFolder: aesop-aesop-aesop-ecbs-0
Done!
Executing ... 
 03:44:49 | >>> Warming up ...
 00:00:00 | >>> Warmup finished - starting simulation ...
 Realtime |   ETA    |  Sim.Time  | Progress | #Orders | #Bundles | Inv. | Distance | #Coll. |   Memory    
 00:00:00 |   n/a    | 0.00:00:00 |  0.00%   |    0    |    0     | 70%  |    0     |   0    | 151.98MB  
 00:00:04 | WARNING! Aborting ECBS - could not obtain an initial solution for the following agents: Agent10(13->2)
 00:00:04 | WARNING! Aborting ECBS - could not obtain an initial solution for the following agents: Agent10(13->2)
 00:00:04 | WARNING! Aborting ECBS - could not obtain an initial solution for the following agents: Agent10(13->2)
 00:00:05 | 00:01:51 | 0.00:01:17 |  4.30%   |    3    |    2     | 70%  |   1023   |   0    | 158.69MB  
 00:00:07 | WARNING! Aborting ECBS - could not obtain an initial solution for the following agents: Agent19(34->33)
 00:00:07 | WARNING! Aborting ECBS - could not obtain an initial solution for the following agents: Agent19(34->33)
 00:00:08 | WARNING! Aborting ECBS - could not obtain an initial solution for the following agents: Agent19(34->33)
 00:00:08 | WARNING! Aborting ECBS - could not obtain an initial solution for the following agents: Agent19(34->33)
 00:00:08 | WARNING! Aborting ECBS - could not obtain an initial solution for the following agents: Agent19(34->33)
 00:00:10 | 00:00:20 | 0.00:09:53 |  32.99%  |   118   |   166    | 71%  |   5502   |   0    | 156.95MB  
 00:00:12 | WARNING! Aborting ECBS - could not obtain an initial solution for the following agents: Agent11(52->51)
 00:00:12 | WARNING! Aborting ECBS - could not obtain an initial solution for the following agents: Agent11(52->51)
 00:00:12 | WARNING! Aborting ECBS - could not obtain an initial solution for the following agents: Agent11(52->51)
 00:00:12 | WARNING! Aborting ECBS - could not obtain an initial solution for the following agents: Agent11(52->51)
 00:00:13 | ECBS RandomHop mutated 1/12 agent paths (cumulative=1)
 00:00:13 | ECBS RandomHop mutated 1/12 agent paths (cumulative=2)
 00:00:13 | ECBS RandomHop mutated 1/12 agent paths (cumulative=3)
 00:00:13 | ECBS RandomHop mutated 1/13 agent paths (cumulative=4)
 00:00:13 | ECBS RandomHop mutated 1/14 agent paths (cumulative=5)
 00:00:13 | ECBS RandomHop mutated 1/14 agent paths (cumulative=6)
 00:00:13 | ECBS RandomHop mutated 1/13 agent paths (cumulative=7)
 00:00:13 | ECBS RandomHop mutated 1/13 agent paths (cumulative=8)
 00:00:13 | ECBS RandomHop mutated 1/13 agent paths (cumulative=9)
 00:00:13 | ECBS RandomHop mutated 1/14 agent paths (cumulative=10)
 00:00:13 | ECBS RandomHop mutated 1/15 agent paths (cumulative=11)
 00:00:13 | ECBS RandomHop mutated 1/15 agent paths (cumulative=12)
 00:00:13 | ECBS RandomHop mutated 1/15 agent paths (cumulative=13)
 00:00:13 | ECBS RandomHop mutated 1/15 agent paths (cumulative=14)
 00:00:13 | ECBS RandomHop mutated 1/16 agent paths (cumulative=15)
 00:00:13 | ECBS RandomHop mutated 1/15 agent paths (cumulative=16)
 00:00:13 | ECBS RandomHop mutated 1/15 agent paths (cumulative=17)
 00:00:13 | ECBS RandomHop mutated 1/14 agent paths (cumulative=18)
 00:00:13 | ECBS RandomHop mutated 2/15 agent paths (cumulative=20)
 00:00:13 | ECBS RandomHop mutated 1/15 agent paths (cumulative=21)
 00:00:13 | ECBS RandomHop mutated 1/16 agent paths (cumulative=22)
 00:00:14 | WARNING! Aborting ECBS - could not obtain an initial solution for the following agents: Agent25(63->62)
 00:00:14 | WARNING! Aborting ECBS - could not obtain an initial solution for the following agents: Agent25(63->62)
 00:00:14 | WARNING! Aborting ECBS - could not obtain an initial solution for the following agents: Agent25(63->62)
 00:00:15 | 00:00:09 | 0.00:18:37 |  62.09%  |   231   |   331    | 73%  |  10532   |   0    | 159.04MB  
 00:00:15 | ECBS RandomHop mutated 1/14 agent paths (cumulative=23)
 00:00:15 | ECBS RandomHop mutated 1/13 agent paths (cumulative=24)
 00:00:15 | ECBS RandomHop mutated 1/12 agent paths (cumulative=25)
 00:00:15 | ECBS RandomHop mutated 1/13 agent paths (cumulative=26)
 00:00:15 | ECBS RandomHop mutated 1/14 agent paths (cumulative=27)
 00:00:15 | ECBS RandomHop mutated 1/13 agent paths (cumulative=28)
 00:00:15 | ECBS RandomHop mutated 1/13 agent paths (cumulative=29)
 00:00:15 | ECBS RandomHop mutated 1/13 agent paths (cumulative=30)
 00:00:15 | ECBS RandomHop mutated 1/13 agent paths (cumulative=31)
 00:00:15 | ECBS RandomHop mutated 1/12 agent paths (cumulative=32)
 00:00:15 | ECBS RandomHop mutated 1/11 agent paths (cumulative=33)
 00:00:15 | ECBS RandomHop mutated 2/11 agent paths (cumulative=35)
 00:00:15 | ECBS RandomHop mutated 1/10 agent paths (cumulative=36)
 00:00:15 | ECBS RandomHop mutated 1/9 agent paths (cumulative=37)
 00:00:16 | WARNING! Aborting ECBS - could not obtain an initial solution for the following agents: Agent16(4->3)
 00:00:16 | WARNING! Aborting ECBS - could not obtain an initial solution for the following agents: Agent16(4->2)
 00:00:16 | WARNING! Aborting ECBS - could not obtain an initial solution for the following agents: Agent16(4->3)
 00:00:16 | WARNING! Aborting ECBS - could not obtain an initial solution for the following agents: Agent14(53->52)
 00:00:17 | WARNING! Aborting ECBS - could not obtain an initial solution for the following agents: Agent19(32->31)
 00:00:17 | WARNING! Aborting ECBS - could not obtain an initial solution for the following agents: Agent6(72->71)
 00:00:17 | WARNING! Aborting ECBS - could not obtain an initial solution for the following agents: Agent6(72->71)
 00:00:17 | WARNING! Aborting ECBS - could not obtain an initial solution for the following agents: Agent6(72->71)
 00:00:17 | WARNING! Aborting ECBS - could not obtain an initial solution for the following agents: Agent6(72->71)
 00:00:18 | WARNING! Aborting ECBS - could not obtain an initial solution for the following agents: Agent18(34->33)
 00:00:18 | WARNING! Aborting ECBS - could not obtain an initial solution for the following agents: Agent18(34->33)
 00:00:18 | WARNING! Aborting ECBS - could not obtain an initial solution for the following agents: Agent18(34->33)
 00:00:18 | WARNING! Aborting ECBS - could not obtain an initial solution for the following agents: Agent18(34->33)
 00:00:18 | WARNING! Aborting ECBS - could not obtain an initial solution for the following agents: Agent18(34->33)
 00:00:18 | WARNING! Aborting ECBS - could not obtain an initial solution for the following agents: Agent18(34->33)
 00:00:19 | WARNING! Aborting ECBS - could not obtain an initial solution for the following agents: Agent6(72->71)
 00:00:19 | WARNING! Aborting ECBS - could not obtain an initial solution for the following agents: Agent6(72->71)
 00:00:20 | 00:00:01 | 0.00:27:21 |  91.22%  |   335   |   484    | 74%  |  15963   |   0    | 159.69MB  
 00:00:22 | 00:00:00 | 0.00:30:00 | 100.00%  |   361   |   529    | 75%  |  17868   |   0    | 161.84MB  
 00:00:22 | >>> Simulation finished - writing results ...
 00:00:22 | >>> Results written
Simulation finished.
>>> Timings
StatTimingPathPlanningAverage: 0.011578812708719837
StatTimingPathPlanningOverall: 12.481960099999984
StatTimingPathPlanningCount: 1078
StatTimingTaskAllocationAverage: 0.011109119703103918
StatTimingTaskAllocationOverall: 8.231857700000003
StatTimingTaskAllocationCount: 741
StatTimingItemStorageAverage: 9.744299674267062E-06
StatTimingItemStorageOverall: 0.005982999999999976
StatTimingItemStorageCount: 614
StatTimingPodStorageAverage: 0.010124979342723005
StatTimingPodStorageOverall: 2.1566206
StatTimingPodStorageCount: 213
StatTimingReplenishmentBatchingAverage: 1.927037617554855E-05
StatTimingReplenishmentBatchingOverall: 0.012294499999999974
StatTimingReplenishmentBatchingCount: 638
StatTimingOrderBatchingAverage: 0.00011170923593618797
StatTimingOrderBatchingOverall: 0.13304569999999988
StatTimingOrderBatchingCount: 1191
>>> Overall
StatOverallBundlesPlaced: 607
StatOverallItemsOrdered: 620
StatOverallOrdersPlaced: 377
StatOverallBundlesRejected: 0
StatOverallOrdersRejected: 0
StatOverallBundlesHandled: 529
StatOverallItemsHandled: 567
StatOverallLinesHandled: 540
StatOverallOrdersHandled: 361
StatOverallCollisions: 0
StatOverallDistanceTraveled: 17867.710635919022
StatOverallDistanceEstimated: 16213
StatOverallAssignedTasks: 741
StatMaxMemoryUsed: 161.83984375
StatRealTimeUsed: 22.4391235
StatAverageTurnoverTime: 532.4106856161355
StatMedianTurnoverTime: 378.509438511039
StatLowerQuartileTurnoverTime: 198.33027770442513
StatUpperQuartileTurnoverTime: 750.8702339334989
StatAverageThroughputTime: 82.90410383082866
StatMedianThroughputTime: 52.417467284816325
StatLowerQuartileThroughputTime: 30.50150132514304
StatUpperQuartileThroughputTime: 125.75514371338977
>>> Energy (Rizqi model)
StatEnergyTotalKJ: 2148.0428096451406
StatEnergyE1AccelKJ: 769.5760579843156
StatEnergyE2DecelKJ: 0
StatEnergyE3CruiseKJ: 575.7813868404431
StatEnergyE4RotationKJ: 256.73879423945414
StatEnergyE5LiftLowerKJ: 545.9465705809275
StatEnergyPerOrderKJ: 5.950257090429752
StatEnergyPerMeterJoule: 119.24958694526956
StatDistanceTraveledRizqiM: 18013
>>> Motion Behavior
StatTurningCount: 2314
StatStopAndGoCount: 2830
StatLoadedDistanceM: 12419
StatLoadedTurningCount: 1778
StatWaitTimeSec: 18429.423068072112
StatMoveEnergyEmptyKJ: 80.63690000000001
StatMoveTimeEmptySec: 6931.344007851739
StatTurnEnergyEmptyKJ: 10.295233110038069
StatTurnTimeEmptySec: 564.2713990993943
StatMoveEnergyLoadedKJ: 1264.720544824759
StatMoveTimeLoadedSec: 18542.044017253207
StatTurnEnergyLoadedKJ: 246.44356112941605
StatTurnTimeLoadedSec: 1819.1731309293582
StatPrefEmptyW: 12.131376567921462
StatPrefLoadedW: 74.21776875893006

Marked tag finished after 1 tries!
.Fin. - SUCCESS
