<<< Welcome to the RAWSimO CLI >>>
The time is: 04/14/2026 00:53:14
Starting RAWSimO wrapper with the following arguments:
Instance: Material/Instances/PP/1-4-4-32-550.xinst
Setting: Material/Instances/PP/PPMinimal.xsett
ControlConfig: Material/Instances/PP/aesop-ecbs.xconf
StatisticsDir: C:\Users\Aesop\Desktop\rawsim-o-rmfs-world-models\output_exp\ecbs\seed_19
Seed: 19
Adding handler for unhandled exceptions ...
Initializing ... 
Instance recognized!
Parsing setting config ...
Parsing control config ...
Parsing instance ...
StatisticsFolder: 1-4-4-32-550-PPMinimal-aesop-ecbs-19
Done!
Executing ... 
 00:53:16 | >>> Warming up ...
 00:00:00 | >>> Warmup finished - starting simulation ...
 Realtime |   ETA    |  Sim.Time  | Progress | #Orders | #Bundles | Inv. | Distance | #Coll. |   Memory    
 00:00:00 |   n/a    | 0.00:00:00 |  0.00%   |    0    |    0     | 60%  |    0     |   0    | 123.05MB  
 00:00:05 | 04:59:45 | 0.00:00:08 |  0.03%   |    0    |    0     | 60%  |   158    |   0    | 164.52MB  
 00:00:07 | WARNING! Aborting ECBS - could not obtain an initial solution for the following agents: Agent2(19->18)
 00:00:07 | WARNING! Aborting ECBS - could not obtain an initial solution for the following agents: Agent2(19->18)
 00:00:10 | 02:17:54 | 0.00:00:34 |  0.12%   |    0    |    0     | 60%  |   802    |   0    | 174.04MB  
 00:00:15 | 03:00:20 | 0.00:00:39 |  0.14%   |    0    |    0     | 60%  |   917    |   0    | 182.23MB  
 00:00:20 | 03:21:57 | 0.00:00:47 |  0.16%   |    2    |    0     | 60%  |   1066   |   0    | 184.29MB  
 00:00:24 | WARNING! Aborting ECBS - could not obtain an initial solution for the following agents: Agent8(41->40)
 00:00:24 | WARNING! Aborting ECBS - could not obtain an initial solution for the following agents: Agent8(41->40)
 00:00:25 | 02:54:46 | 0.00:01:08 |  0.24%   |    8    |    2     | 60%  |   1502   |   0    | 184.15MB  
 00:00:25 | WARNING! Aborting ECBS - could not obtain an initial solution for the following agents: Agent0(17->16)
 00:00:25 | WARNING! Aborting ECBS - could not obtain an initial solution for the following agents: Agent0(17->16)
 00:00:25 | WARNING! Aborting ECBS - could not obtain an initial solution for the following agents: Agent4(9->8)
 00:00:26 | WARNING! Aborting ECBS - could not obtain an initial solution for the following agents: Agent17(74->73)
 00:00:26 | WARNING! Aborting ECBS - could not obtain an initial solution for the following agents: Agent17(74->73)
 00:00:26 | WARNING! Aborting ECBS - could not obtain an initial solution for the following agents: Agent9(57->56)
 00:00:28 | WARNING! Aborting ECBS - could not obtain an initial solution for the following agents: Agent4(9->8)
 00:00:30 | 00:33:32 | 0.00:07:03 |  1.47%   |   148   |   136    | 60%  |   3874   |   0    | 184.59MB  
 00:00:32 | WARNING! Aborting ECBS - could not obtain an initial solution for the following agents: Agent5(57->56)
 00:00:32 | WARNING! Aborting ECBS - could not obtain an initial solution for the following agents: Agent5(57->56)
 00:00:35 | 00:19:23 | 0.00:14:01 |  2.92%   |   312   |   300    | 60%  |   7090   |   0    | 184.94MB  
 00:00:35 | WARNING! Aborting ECBS - could not obtain an initial solution for the following agents: Agent21(41->40)
 00:00:36 | WARNING! Aborting ECBS - could not obtain an initial solution for the following agents: Agent8(41->40)
 00:00:37 | WARNING! Aborting ECBS - could not obtain an initial solution for the following agents: Agent16(56->55)
 00:00:37 | WARNING! Aborting ECBS - could not obtain an initial solution for the following agents: Agent21(42->41)
 00:00:37 | WARNING! Aborting ECBS - could not obtain an initial solution for the following agents: Agent21(42->41)
 00:00:37 | WARNING! Aborting ECBS - could not obtain an initial solution for the following agents: Agent21(42->41)
 00:00:38 | WARNING! Aborting ECBS - could not obtain an initial solution for the following agents: Agent10(41->40)
 00:00:38 | WARNING! Aborting ECBS - could not obtain an initial solution for the following agents: Agent10(41->40)
 00:00:38 | WARNING! Aborting ECBS - could not obtain an initial solution for the following agents: Agent2(25->24)
 00:00:38 | WARNING! Aborting ECBS - could not obtain an initial solution for the following agents: Agent2(25->17)
 00:00:40 | 00:13:37 | 0.00:22:24 |  4.67%   |   509   |   497    | 60%  |  10533   |   0    | 186.00MB  
 00:00:45 | 00:11:25 | 0.00:29:33 |  6.16%   |   678   |   665    | 60%  |  14139   |   0    | 187.22MB  
 00:00:45 | WARNING! Aborting ECBS - could not obtain an initial solution for the following agents: Agent10(41->40)
 00:00:50 | 00:09:46 | 0.00:37:44 |  7.86%   |   869   |   856    | 60%  |  18071   |   0    | 186.11MB  
 00:00:51 | WARNING! Aborting ECBS - could not obtain an initial solution for the following agents: Agent10(41->40)
 00:00:51 | WARNING! Aborting ECBS - could not obtain an initial solution for the following agents: Agent10(41->40)
 00:00:54 | WARNING! Aborting ECBS - could not obtain an initial solution for the following agents: Agent29(51->49)
 00:00:54 | WARNING! Aborting ECBS - could not obtain an initial solution for the following agents: Agent29(51->49)
 00:00:54 | WARNING! Aborting ECBS - could not obtain an initial solution for the following agents: Agent29(51->50)
 00:00:54 | WARNING! Aborting ECBS - could not obtain an initial solution for the following agents: Agent29(51->50)
 00:00:55 | 00:08:27 | 0.00:46:54 |  9.77%   |  1086   |   1071   | 60%  |  22586   |   0    | 185.55MB  
 00:00:57 | WARNING! Aborting ECBS - could not obtain an initial solution for the following agents: Agent7(51->50)
 00:00:57 | WARNING! Aborting ECBS - could not obtain an initial solution for the following agents: Agent7(51->50)
 00:00:58 | WARNING! Aborting ECBS - could not obtain an initial solution for the following agents: Agent19(9->8)
 00:00:58 | WARNING! Aborting ECBS - could not obtain an initial solution for the following agents: Agent19(9->8)
 00:00:58 | WARNING! Aborting ECBS - could not obtain an initial solution for the following agents: Agent19(9->8)
 00:00:58 | WARNING! Aborting ECBS - could not obtain an initial solution for the following agents: Agent29(59->57)
 00:00:59 | WARNING! Aborting ECBS - could not obtain an initial solution for the following agents: Agent29(59->57)
 00:00:59 | WARNING! Aborting ECBS - could not obtain an initial solution for the following agents: Agent29(59->49)
 00:00:59 | WARNING! Aborting ECBS - could not obtain an initial solution for the following agents: Agent29(59->49)
 00:00:59 | WARNING! Aborting ECBS - could not obtain an initial solution for the following agents: Agent29(59->49)
 00:00:59 | WARNING! Aborting ECBS - could not obtain an initial solution for the following agents: Agent29(59->50)
 00:00:59 | WARNING! Aborting ECBS - could not obtain an initial solution for the following agents: Agent29(59->51)
 00:00:59 | WARNING! Aborting ECBS - could not obtain an initial solution for the following agents: Agent29(59->51)
 00:00:59 | WARNING! Aborting ECBS - could not obtain an initial solution for the following agents: Agent29(59->54)
 00:01:00 | 00:08:01 | 0.00:53:14 |  11.09%  |  1231   |   1218   | 60%  |  25952   |   0    | 185.19MB  
 00:01:02 | WARNING! Aborting ECBS - could not obtain an initial solution for the following agents: Agent27(9->8)
 00:01:04 | WARNING! Aborting ECBS - could not obtain an initial solution for the following agents: Agent2(25->24)
 00:01:04 | WARNING! Aborting ECBS - could not obtain an initial solution for the following agents: Agent2(25->24)
 00:01:05 | 00:07:19 | 0.01:01:49 |  12.88%  |  1434   |   1420   | 60%  |  30564   |   0    | 184.93MB  
 00:01:05 | WARNING! Aborting ECBS - could not obtain an initial solution for the following agents: Agent30(41->40)
 00:01:07 | WARNING! Aborting ECBS - could not obtain an initial solution for the following agents: Agent0(26->25)
 00:01:07 | WARNING! Aborting ECBS - could not obtain an initial solution for the following agents: Agent2(25->24)
 00:01:07 | WARNING! Aborting ECBS - could not obtain an initial solution for the following agents: Agent2(25->24)
 00:01:10 | 00:06:47 | 0.01:10:18 |  14.65%  |  1634   |   1617   | 60%  |  35094   |   0    | 185.16MB  
 00:01:11 | WARNING! Aborting ECBS - could not obtain an initial solution for the following agents: Agent28(40->39)
 00:01:13 | WARNING! Aborting ECBS - could not obtain an initial solution for the following agents: Agent0(25->24)
 00:01:13 | WARNING! Aborting ECBS - could not obtain an initial solution for the following agents: Agent0(25->24)
 00:01:13 | WARNING! Aborting ECBS - could not obtain an initial solution for the following agents: Agent29(57->56)
 00:01:13 | WARNING! Aborting ECBS - could not obtain an initial solution for the following agents: Agent29(57->56)
 00:01:15 | 00:06:37 | 0.01:16:12 |  15.88%  |  1770   |   1755   | 60%  |  38391   |   0    | 187.16MB  
 00:01:16 | WARNING! Aborting ECBS - could not obtain an initial solution for the following agents: Agent7(57->56)
 00:01:16 | WARNING! Aborting ECBS - could not obtain an initial solution for the following agents: Agent7(57->56)
 00:01:16 | WARNING! Aborting ECBS - could not obtain an initial solution for the following agents: Agent7(57->56)
 00:01:16 | WARNING! Aborting ECBS - could not obtain an initial solution for the following agents: Agent10(41->40)
 00:01:16 | WARNING! Aborting ECBS - could not obtain an initial solution for the following agents: Agent11(25->24)
 00:01:16 | WARNING! Aborting ECBS - could not obtain an initial solution for the following agents: Agent11(25->24)
 00:01:19 | WARNING! Aborting ECBS - could not obtain an initial solution for the following agents: Agent8(41->40)
 00:01:20 | 00:06:20 | 0.01:23:25 |  17.38%  |  1941   |   1923   | 60%  |  42219   |   0    | 185.09MB  
 00:01:21 | WARNING! Aborting ECBS - could not obtain an initial solution for the following agents: Agent5(56->49)
 00:01:21 | WARNING! Aborting ECBS - could not obtain an initial solution for the following agents: Agent5(56->50)
 00:01:25 | 00:05:56 | 0.01:32:29 |  19.27%  |  2151   |   2135   | 60%  |  47290   |   0    | 185.75MB  
 00:01:25 | WARNING! Aborting ECBS - could not obtain an initial solution for the following agents: Agent24(25->24)
 00:01:25 | WARNING! Aborting ECBS - could not obtain an initial solution for the following agents: Agent24(25->24)
 00:01:25 | WARNING! Aborting ECBS - could not obtain an initial solution for the following agents: Agent24(25->24)
 00:01:28 | WARNING! Aborting ECBS - could not obtain an initial solution for the following agents: Agent26(25->24)
 00:01:30 | 00:05:36 | 0.01:41:12 |  21.09%  |  2358   |   2339   | 60%  |  51891   |   0    | 186.96MB  
 00:01:34 | WARNING! Aborting ECBS - could not obtain an initial solution for the following agents: Agent26(25->24)
 00:01:34 | WARNING! Aborting ECBS - could not obtain an initial solution for the following agents: Agent26(25->24)
 00:01:35 | 00:05:50 | 0.01:42:24 |  21.34%  |  2386   |   2367   | 60%  |  52464   |   0    | 185.90MB  
 00:01:36 | WARNING! Aborting ECBS - could not obtain an initial solution for the following agents: Agent16(57->56)
 00:01:36 | WARNING! Aborting ECBS - could not obtain an initial solution for the following agents: Agent16(57->56)
 00:01:37 | WARNING! Aborting ECBS - could not obtain an initial solution for the following agents: Agent9(57->56)
 00:01:37 | WARNING! Aborting ECBS - could not obtain an initial solution for the following agents: Agent9(57->56)
 00:01:40 | 00:05:30 | 0.01:51:35 |  23.25%  |  2599   |   2583   | 60%  |  57570   |   0    | 185.87MB  
 00:01:40 | WARNING! Aborting ECBS - could not obtain an initial solution for the following agents: Agent26(26->18)
 00:01:40 | WARNING! Aborting ECBS - could not obtain an initial solution for the following agents: Agent26(26->18)
 00:01:41 | WARNING! Aborting ECBS - could not obtain an initial solution for the following agents: Agent21(41->40)
 00:01:42 | WARNING! Aborting ECBS - could not obtain an initial solution for the following agents: Agent30(41->40)
 00:01:42 | WARNING! Aborting ECBS - could not obtain an initial solution for the following agents: Agent30(41->40)
 00:01:42 | WARNING! Aborting ECBS - could not obtain an initial solution for the following agents: Agent29(59->58)
 00:01:42 | WARNING! Aborting ECBS - could not obtain an initial solution for the following agents: Agent29(59->58)
 00:01:42 | WARNING! Aborting ECBS - could not obtain an initial solution for the following agents: Agent29(59->58)
 00:01:42 | WARNING! Aborting ECBS - could not obtain an initial solution for the following agents: Agent29(59->58)
 00:01:42 | WARNING! Aborting ECBS - could not obtain an initial solution for the following agents: Agent29(59->58)
 00:01:42 | WARNING! Aborting ECBS - could not obtain an initial solution for the following agents: Agent29(59->58)
 00:01:42 | WARNING! Aborting ECBS - could not obtain an initial solution for the following agents: Agent29(59->58)
 00:01:45 | 00:05:19 | 0.01:58:44 |  24.74%  |  2761   |   2750   | 60%  |  61681   |   0    | 188.42MB  
 00:01:50 | 00:05:05 | 0.02:07:03 |  26.47%  |  2957   |   2945   | 60%  |  66295   |   0    | 187.07MB  
 00:01:51 | WARNING! Aborting ECBS - could not obtain an initial solution for the following agents: Agent24(25->24)
 00:01:51 | WARNING! Aborting ECBS - could not obtain an initial solution for the following agents: Agent24(25->24)
 00:01:54 | WARNING! Aborting ECBS - could not obtain an initial solution for the following agents: Agent10(41->40)
 00:01:54 | WARNING! Aborting ECBS - could not obtain an initial solution for the following agents: Agent10(41->40)
 00:01:55 | 00:04:53 | 0.02:15:07 |  28.15%  |  3141   |   3134   | 60%  |  71062   |   0    | 187.70MB  
 00:02:00 | 00:04:51 | 0.02:19:51 |  29.14%  |  3251   |   3244   | 60%  |  73842   |   0    | 192.57MB  
 00:02:05 | 00:05:00 | 0.02:21:09 |  29.41%  |  3277   |   3275   | 60%  |  74796   |   0    | 199.28MB  
 00:02:10 | 00:04:42 | 0.02:31:19 |  31.53%  |  3517   |   3514   | 60%  |  80542   |   0    | 201.09MB  
 00:02:10 | WARNING! Aborting ECBS - could not obtain an initial solution for the following agents: Agent9(56->55)
 00:02:11 | WARNING! Aborting ECBS - could not obtain an initial solution for the following agents: Agent21(41->40)
 00:02:12 | WARNING! Aborting ECBS - could not obtain an initial solution for the following agents: Agent30(41->33)
 00:02:12 | WARNING! Aborting ECBS - could not obtain an initial solution for the following agents: Agent30(41->33)
 00:02:13 | WARNING! Aborting ECBS - could not obtain an initial solution for the following agents: Agent4(3->1)
 00:02:13 | WARNING! Aborting ECBS - could not obtain an initial solution for the following agents: Agent4(3->2)
 00:02:14 | WARNING! Aborting ECBS - could not obtain an initial solution for the following agents: Agent16(57->56)
 00:02:14 | WARNING! Aborting ECBS - could not obtain an initial solution for the following agents: Agent30(41->34)
 00:02:14 | WARNING! Aborting ECBS - could not obtain an initial solution for the following agents: Agent30(41->34)
 00:02:15 | 00:04:27 | 0.02:41:09 |  33.58%  |  3746   |   3744   | 60%  |  85748   |   0    | 199.32MB  
 00:02:20 | 00:04:22 | 0.02:47:08 |  34.82%  |  3884   |   3883   | 60%  |  88934   |   0    | 200.12MB  
 00:02:22 | WARNING! Aborting ECBS - could not obtain an initial solution for the following agents: Agent21(41->40)
 00:02:22 | WARNING! Aborting ECBS - could not obtain an initial solution for the following agents: Agent21(41->40)
 00:02:25 | 00:04:13 | 0.02:54:31 |  36.36%  |  4057   |   4058   | 60%  |  92856   |   0    | 199.67MB  
 00:02:27 | WARNING! Aborting ECBS - could not obtain an initial solution for the following agents: Agent25(2->1)
 00:02:30 | 00:04:07 | 0.03:00:55 |  37.69%  |  4206   |   4207   | 60%  |  96369   |   0    | 201.94MB  
 00:02:30 | WARNING! Aborting ECBS - could not obtain an initial solution for the following agents: Agent30(41->40)
 00:02:31 | WARNING! Aborting ECBS - could not obtain an initial solution for the following agents: Agent25(9->8)
 00:02:31 | WARNING! Aborting ECBS - could not obtain an initial solution for the following agents: Agent1(9->8)
 00:02:35 | 00:03:54 | 0.03:10:48 |  39.75%  |  4437   |   4438   | 60%  |  101575  |   0    | 199.57MB  
 00:02:35 | WARNING! Aborting ECBS - could not obtain an initial solution for the following agents: Agent30(41->40)
 00:02:35 | WARNING! Aborting ECBS - could not obtain an initial solution for the following agents: Agent30(41->40)
 00:02:37 | WARNING! Aborting ECBS - could not obtain an initial solution for the following agents: Agent19(3->1)
 00:02:37 | WARNING! Aborting ECBS - could not obtain an initial solution for the following agents: Agent19(3->2)
 00:02:38 | WARNING! Aborting ECBS - could not obtain an initial solution for the following agents: Agent4(8->7)
 00:02:38 | WARNING! Aborting ECBS - could not obtain an initial solution for the following agents: Agent4(8->7)
 00:02:40 | 00:03:44 | 0.03:19:45 |  41.62%  |  4645   |   4648   | 60%  |  106574  |   0    | 199.57MB  
 00:02:44 | WARNING! Aborting ECBS - could not obtain an initial solution for the following agents: Agent10(41->40)
 00:02:45 | 00:03:34 | 0.03:28:28 |  43.43%  |  4847   |   4853   | 60%  |  111062  |   0    | 201.17MB  
 00:02:45 | WARNING! Aborting ECBS - could not obtain an initial solution for the following agents: Agent27(8->7)
 00:02:46 | WARNING! Aborting ECBS - could not obtain an initial solution for the following agents: Agent1(8->7)
 00:02:47 | WARNING! Aborting ECBS - could not obtain an initial solution for the following agents: Agent27(9->8)
 00:02:47 | WARNING! Aborting ECBS - could not obtain an initial solution for the following agents: Agent27(9->8)
 00:02:47 | WARNING! Aborting ECBS - could not obtain an initial solution for the following agents: Agent29(57->56)
 00:02:47 | WARNING! Aborting ECBS - could not obtain an initial solution for the following agents: Agent29(57->56)
 00:02:48 | WARNING! Aborting ECBS - could not obtain an initial solution for the following agents: Agent2(25->24)
 00:02:48 | WARNING! Aborting ECBS - could not obtain an initial solution for the following agents: Agent2(25->24)
 00:02:49 | WARNING! Aborting ECBS - could not obtain an initial solution for the following agents: Agent5(58->57)
 00:02:49 | WARNING! Aborting ECBS - could not obtain an initial solution for the following agents: Agent5(58->57)
 00:02:49 | WARNING! Aborting ECBS - could not obtain an initial solution for the following agents: Agent5(58->57)
 00:02:49 | WARNING! Aborting ECBS - could not obtain an initial solution for the following agents: Agent5(58->57)
 00:02:49 | WARNING! Aborting ECBS - could not obtain an initial solution for the following agents: Agent7(57->56)
 00:02:50 | 00:03:23 | 0.03:38:44 |  45.57%  |  5084   |   5093   | 60%  |  116819  |   0    | 200.75MB  
 00:02:54 | WARNING! Aborting ECBS - could not obtain an initial solution for the following agents: Agent21(43->42)
 00:02:54 | WARNING! Aborting ECBS - could not obtain an initial solution for the following agents: Agent21(43->42)
 00:02:54 | WARNING! Aborting ECBS - could not obtain an initial solution for the following agents: Agent21(43->42)
 00:02:54 | WARNING! Aborting ECBS - could not obtain an initial solution for the following agents: Agent21(43->42)
 00:02:54 | WARNING! Aborting ECBS - could not obtain an initial solution for the following agents: Agent21(43->42)
 00:02:54 | WARNING! Aborting ECBS - could not obtain an initial solution for the following agents: Agent21(43->42)
 00:02:54 | WARNING! Aborting ECBS - could not obtain an initial solution for the following agents: Agent21(43->42)
 00:02:54 | WARNING! Aborting ECBS - could not obtain an initial solution for the following agents: Agent27(9->8)
 00:02:54 | WARNING! Aborting ECBS - could not obtain an initial solution for the following agents: Agent27(9->8)
 00:02:54 | WARNING! Aborting ECBS - could not obtain an initial solution for the following agents: Agent27(9->8)
 00:02:54 | WARNING! Aborting ECBS - could not obtain an initial solution for the following agents: Agent7(57->56)
 00:02:55 | 00:03:11 | 0.03:48:58 |  47.70%  |  5321   |   5332   | 60%  |  122285  |   0    | 200.98MB  
 00:02:57 | WARNING! Aborting ECBS - could not obtain an initial solution for the following agents: Agent26(26->25)
 00:03:00 | 00:03:03 | 0.03:57:56 |  49.57%  |  5531   |   5543   | 60%  |  127539  |   0    | 199.27MB  
 00:03:00 | WARNING! Aborting ECBS - could not obtain an initial solution for the following agents: Agent29(57->56)
 00:03:00 | WARNING! Aborting ECBS - could not obtain an initial solution for the following agents: Agent29(57->56)
 00:03:00 | WARNING! Aborting ECBS - could not obtain an initial solution for the following agents: Agent29(57->56)
 00:03:01 | WARNING! Aborting ECBS - could not obtain an initial solution for the following agents: Agent5(57->56)
 00:03:04 | WARNING! Aborting ECBS - could not obtain an initial solution for the following agents: Agent7(56->55)
 00:03:04 | WARNING! Aborting ECBS - could not obtain an initial solution for the following agents: Agent7(56->55)
 00:03:05 | 00:02:55 | 0.04:06:11 |  51.29%  |  5721   |   5736   | 60%  |  131738  |   0    | 199.66MB  
 00:03:05 | WARNING! Aborting ECBS - could not obtain an initial solution for the following agents: Agent11(25->24)
 00:03:10 | 00:02:47 | 0.04:15:11 |  53.16%  |  5932   |   5948   | 60%  |  136344  |   0    | 199.60MB  
 00:03:15 | 00:02:38 | 0.04:24:32 |  55.11%  |  6153   |   6167   | 60%  |  141593  |   0    | 201.44MB  
 00:03:15 | WARNING! Aborting ECBS - could not obtain an initial solution for the following agents: Agent19(9->8)
 00:03:15 | WARNING! Aborting ECBS - could not obtain an initial solution for the following agents: Agent19(9->8)
 00:03:16 | WARNING! Aborting ECBS - could not obtain an initial solution for the following agents: Agent1(9->8)
 00:03:16 | WARNING! Aborting ECBS - could not obtain an initial solution for the following agents: Agent19(3->2)
 00:03:16 | WARNING! Aborting ECBS - could not obtain an initial solution for the following agents: Agent19(3->2)
 00:03:20 | 00:02:31 | 0.04:32:54 |  56.86%  |  6346   |   6364   | 60%  |  146143  |   0    | 202.29MB  
 00:03:20 | WARNING! Aborting ECBS - could not obtain an initial solution for the following agents: Agent28(41->40)
 00:03:21 | WARNING! Aborting ECBS - could not obtain an initial solution for the following agents: Agent25(9->8)
 00:03:21 | WARNING! Aborting ECBS - could not obtain an initial solution for the following agents: Agent25(9->8)
 00:03:22 | WARNING! Aborting ECBS - could not obtain an initial solution for the following agents: Agent4(3->1)
 00:03:22 | WARNING! Aborting ECBS - could not obtain an initial solution for the following agents: Agent4(3->1)
 00:03:22 | WARNING! Aborting ECBS - could not obtain an initial solution for the following agents: Agent4(3->2)
 00:03:25 | 00:02:21 | 0.04:44:00 |  59.17%  |  6605   |   6624   | 60%  |  151909  |   0    | 202.13MB  
 00:03:26 | WARNING! Aborting ECBS - could not obtain an initial solution for the following agents: Agent27(9->8)
 00:03:26 | WARNING! Aborting ECBS - could not obtain an initial solution for the following agents: Agent27(9->8)
 00:03:26 | WARNING! Aborting ECBS - could not obtain an initial solution for the following agents: Agent7(57->56)
 00:03:29 | WARNING! Aborting ECBS - could not obtain an initial solution for the following agents: Agent21(41->40)
 00:03:29 | WARNING! Aborting ECBS - could not obtain an initial solution for the following agents: Agent21(41->40)
 00:03:29 | WARNING! Aborting ECBS - could not obtain an initial solution for the following agents: Agent21(41->40)
 00:03:30 | 00:02:18 | 0.04:49:04 |  60.22%  |  6721   |   6741   | 60%  |  154591  |   0    | 203.11MB  
 00:03:31 | WARNING! Aborting ECBS - could not obtain an initial solution for the following agents: Agent0(25->24)
 00:03:31 | WARNING! Aborting ECBS - could not obtain an initial solution for the following agents: Agent5(57->56)
 00:03:31 | WARNING! Aborting ECBS - could not obtain an initial solution for the following agents: Agent5(57->56)
 00:03:33 | WARNING! Aborting ECBS - could not obtain an initial solution for the following agents: Agent30(41->40)
 00:03:33 | WARNING! Aborting ECBS - could not obtain an initial solution for the following agents: Agent30(41->40)
 00:03:35 | 00:02:10 | 0.04:58:41 |  62.23%  |  6948   |   6968   | 60%  |  159670  |   0    | 203.23MB  
 00:03:35 | WARNING! Aborting ECBS - could not obtain an initial solution for the following agents: Agent14(3->1)
 00:03:35 | WARNING! Aborting ECBS - could not obtain an initial solution for the following agents: Agent14(3->1)
 00:03:35 | WARNING! Aborting ECBS - could not obtain an initial solution for the following agents: Agent14(3->1)
 00:03:35 | WARNING! Aborting ECBS - could not obtain an initial solution for the following agents: Agent14(3->1)
 00:03:35 | WARNING! Aborting ECBS - could not obtain an initial solution for the following agents: Agent14(3->2)
 00:03:35 | WARNING! Aborting ECBS - could not obtain an initial solution for the following agents: Agent14(3->2)
 00:03:36 | WARNING! Aborting ECBS - could not obtain an initial solution for the following agents: Agent30(41->40)
 00:03:36 | WARNING! Aborting ECBS - could not obtain an initial solution for the following agents: Agent30(41->40)
 00:03:36 | WARNING! Aborting ECBS - could not obtain an initial solution for the following agents: Agent30(41->40)
 00:03:37 | WARNING! Aborting ECBS - could not obtain an initial solution for the following agents: Agent5(57->56)
 00:03:37 | WARNING! Aborting ECBS - could not obtain an initial solution for the following agents: Agent5(57->56)
 00:03:37 | WARNING! Aborting ECBS - could not obtain an initial solution for the following agents: Agent5(57->56)
 00:03:40 | 00:02:02 | 0.05:08:12 |  64.21%  |  7166   |   7190   | 60%  |  165117  |   0    | 204.57MB  
 00:03:42 | WARNING! Aborting ECBS - could not obtain an initial solution for the following agents: Agent19(2->1)
 00:03:43 | WARNING! Aborting ECBS - could not obtain an initial solution for the following agents: Agent10(41->40)
 00:03:43 | WARNING! Aborting ECBS - could not obtain an initial solution for the following agents: Agent10(41->40)
 00:03:45 | 00:01:57 | 0.05:14:56 |  65.61%  |  7321   |   7346   | 60%  |  168856  |   0    | 208.59MB  
 00:03:46 | WARNING! Aborting ECBS - could not obtain an initial solution for the following agents: Agent24(25->24)
 00:03:46 | WARNING! Aborting ECBS - could not obtain an initial solution for the following agents: Agent24(25->24)
 00:03:50 | 00:01:52 | 0.05:22:31 |  67.19%  |  7498   |   7524   | 60%  |  173253  |   0    | 209.75MB  
 00:03:50 | WARNING! Aborting ECBS - could not obtain an initial solution for the following agents: Agent11(25->24)
 00:03:51 | WARNING! Aborting ECBS - could not obtain an initial solution for the following agents: Agent5(57->56)
 00:03:51 | WARNING! Aborting ECBS - could not obtain an initial solution for the following agents: Agent5(57->56)
 00:03:51 | WARNING! Aborting ECBS - could not obtain an initial solution for the following agents: Agent5(57->56)
 00:03:52 | WARNING! Aborting ECBS - could not obtain an initial solution for the following agents: Agent2(24->18)
 00:03:52 | WARNING! Aborting ECBS - could not obtain an initial solution for the following agents: Agent2(24->17)
 00:03:55 | 00:01:44 | 0.05:32:26 |  69.26%  |  7730   |   7757   | 60%  |  178657  |   0    | 213.56MB  
 00:03:55 | WARNING! Aborting ECBS - could not obtain an initial solution for the following agents: Agent0(25->24)
 00:03:55 | WARNING! Aborting ECBS - could not obtain an initial solution for the following agents: Agent5(57->56)
 00:03:55 | WARNING! Aborting ECBS - could not obtain an initial solution for the following agents: Agent5(57->56)
 00:03:56 | WARNING! Aborting ECBS - could not obtain an initial solution for the following agents: Agent11(24->23)
 00:03:56 | WARNING! Aborting ECBS - could not obtain an initial solution for the following agents: Agent11(24->23)
 00:03:56 | WARNING! Aborting ECBS - could not obtain an initial solution for the following agents: Agent16(57->56)
 00:03:56 | WARNING! Aborting ECBS - could not obtain an initial solution for the following agents: Agent16(57->56)
 00:03:56 | WARNING! Aborting ECBS - could not obtain an initial solution for the following agents: Agent16(57->56)
 00:03:59 | WARNING! Aborting ECBS - could not obtain an initial solution for the following agents: Agent25(9->8)
 00:03:59 | WARNING! Aborting ECBS - could not obtain an initial solution for the following agents: Agent25(9->8)
 00:04:00 | 00:01:38 | 0.05:40:27 |  70.93%  |  7920   |   7945   | 60%  |  183038  |   0    | 219.54MB  
 00:04:02 | WARNING! Aborting ECBS - could not obtain an initial solution for the following agents: Agent11(27->26)
 00:04:02 | WARNING! Aborting ECBS - could not obtain an initial solution for the following agents: Agent11(27->26)
 00:04:02 | WARNING! Aborting ECBS - could not obtain an initial solution for the following agents: Agent5(58->57)
 00:04:03 | WARNING! Aborting ECBS - could not obtain an initial solution for the following agents: Agent24(25->24)
 00:04:03 | WARNING! Aborting ECBS - could not obtain an initial solution for the following agents: Agent24(25->24)
 00:04:03 | WARNING! Aborting ECBS - could not obtain an initial solution for the following agents: Agent24(25->24)
 00:04:04 | WARNING! Aborting ECBS - could not obtain an initial solution for the following agents: Agent8(41->40)
 00:04:04 | WARNING! Aborting ECBS - could not obtain an initial solution for the following agents: Agent8(41->40)
 00:04:05 | 00:01:33 | 0.05:47:04 |  72.31%  |  8073   |   8099   | 60%  |  186575  |   0    | 212.61MB  
 00:04:07 | WARNING! Aborting ECBS - could not obtain an initial solution for the following agents: Agent0(26->25)
 00:04:07 | WARNING! Aborting ECBS - could not obtain an initial solution for the following agents: Agent0(26->25)
 00:04:08 | WARNING! Aborting ECBS - could not obtain an initial solution for the following agents: Agent5(59->58)
 00:04:08 | WARNING! Aborting ECBS - could not obtain an initial solution for the following agents: Agent5(59->58)
 00:04:08 | WARNING! Aborting ECBS - could not obtain an initial solution for the following agents: Agent5(59->58)
 00:04:08 | WARNING! Aborting ECBS - could not obtain an initial solution for the following agents: Agent5(59->58)
 00:04:08 | WARNING! Aborting ECBS - could not obtain an initial solution for the following agents: Agent5(59->58)
 00:04:08 | WARNING! Aborting ECBS - could not obtain an initial solution for the following agents: Agent5(59->58)
 00:04:10 | 00:01:28 | 0.05:54:13 |  73.80%  |  8240   |   8268   | 60%  |  190439  |   0    | 214.00MB  
 00:04:13 | WARNING! Aborting ECBS - could not obtain an initial solution for the following agents: Agent26(25->24)
 00:04:15 | 00:01:22 | 0.06:02:16 |  75.47%  |  8421   |   8455   | 60%  |  195008  |   0    | 213.39MB  
 00:04:15 | WARNING! Aborting ECBS - could not obtain an initial solution for the following agents: Agent2(25->24)
 00:04:15 | WARNING! Aborting ECBS - could not obtain an initial solution for the following agents: Agent2(25->24)
 00:04:16 | WARNING! Aborting ECBS - could not obtain an initial solution for the following agents: Agent14(9->8)
 00:04:20 | 00:01:21 | 0.06:05:19 |  76.11%  |  8492   |   8527   | 60%  |  196823  |   0    | 213.27MB  
 00:04:20 | WARNING! Aborting ECBS - could not obtain an initial solution for the following agents: Agent4(9->8)
 00:04:20 | WARNING! Aborting ECBS - could not obtain an initial solution for the following agents: Agent9(57->56)
 00:04:20 | WARNING! Aborting ECBS - could not obtain an initial solution for the following agents: Agent9(57->56)
 00:04:23 | WARNING! Aborting ECBS - could not obtain an initial solution for the following agents: Agent21(41->40)
 00:04:23 | WARNING! Aborting ECBS - could not obtain an initial solution for the following agents: Agent21(41->40)
 00:04:23 | WARNING! Aborting ECBS - could not obtain an initial solution for the following agents: Agent27(3->1)
 00:04:25 | 00:01:14 | 0.06:14:16 |  77.97%  |  8698   |   8737   | 60%  |  201990  |   0    | 212.67MB  
 00:04:29 | WARNING! Aborting ECBS - could not obtain an initial solution for the following agents: Agent28(35->34)
 00:04:29 | WARNING! Aborting ECBS - could not obtain an initial solution for the following agents: Agent28(35->34)
 00:04:30 | 00:01:10 | 0.06:20:44 |  79.32%  |  8845   |   8889   | 60%  |  205770  |   0    | 212.92MB  
 00:04:32 | WARNING! Aborting ECBS - could not obtain an initial solution for the following agents: Agent7(56->55)
 00:04:35 | 00:01:03 | 0.06:30:22 |  81.33%  |  9066   |   9113   | 60%  |  210984  |   0    | 212.59MB  
 00:04:35 | WARNING! Aborting ECBS - could not obtain an initial solution for the following agents: Agent29(57->56)
 00:04:35 | WARNING! Aborting ECBS - could not obtain an initial solution for the following agents: Agent14(3->2),Agent27(2->1)
 00:04:35 | WARNING! Aborting ECBS - could not obtain an initial solution for the following agents: Agent27(2->1)
 00:04:35 | WARNING! Aborting ECBS - could not obtain an initial solution for the following agents: Agent27(2->1)
 00:04:36 | WARNING! Aborting ECBS - could not obtain an initial solution for the following agents: Agent27(2->1)
 00:04:36 | WARNING! Aborting ECBS - could not obtain an initial solution for the following agents: Agent8(35->34)
 00:04:36 | WARNING! Aborting ECBS - could not obtain an initial solution for the following agents: Agent8(35->34)
 00:04:38 | WARNING! Aborting ECBS - could not obtain an initial solution for the following agents: Agent1(9->8)
 00:04:38 | WARNING! Aborting ECBS - could not obtain an initial solution for the following agents: Agent1(9->8)
 00:04:38 | WARNING! Aborting ECBS - could not obtain an initial solution for the following agents: Agent1(9->2)
 00:04:39 | WARNING! Aborting ECBS - could not obtain an initial solution for the following agents: Agent27(9->8)
 00:04:39 | WARNING! Aborting ECBS - could not obtain an initial solution for the following agents: Agent27(9->8)
 00:04:39 | WARNING! Aborting ECBS - could not obtain an initial solution for the following agents: Agent27(9->8)
 00:04:40 | 00:00:56 | 0.06:39:37 |  83.25%  |  9277   |   9331   | 60%  |  215741  |   0    | 212.80MB  
 00:04:41 | WARNING! Aborting ECBS - could not obtain an initial solution for the following agents: Agent10(40->39)
 00:04:43 | WARNING! Aborting ECBS - could not obtain an initial solution for the following agents: Agent8(42->41)
 00:04:43 | WARNING! Aborting ECBS - could not obtain an initial solution for the following agents: Agent8(42->41)
 00:04:43 | WARNING! Aborting ECBS - could not obtain an initial solution for the following agents: Agent8(42->41)
 00:04:43 | WARNING! Aborting ECBS - could not obtain an initial solution for the following agents: Agent21(41->40)
 00:04:43 | WARNING! Aborting ECBS - could not obtain an initial solution for the following agents: Agent21(41->40)
 00:04:44 | WARNING! Aborting ECBS - could not obtain an initial solution for the following agents: Agent27(9->8)
 00:04:44 | WARNING! Aborting ECBS - could not obtain an initial solution for the following agents: Agent27(9->8)
 00:04:44 | WARNING! Aborting ECBS - could not obtain an initial solution for the following agents: Agent27(9->2)
 00:04:45 | 00:00:52 | 0.06:45:52 |  84.56%  |  9421   |   9477   | 60%  |  219285  |   0    | 212.87MB  
 00:04:45 | WARNING! Aborting ECBS - could not obtain an initial solution for the following agents: Agent8(41->40)
 00:04:47 | WARNING! Aborting ECBS - could not obtain an initial solution for the following agents: Agent0(25->24)
 00:04:47 | WARNING! Aborting ECBS - could not obtain an initial solution for the following agents: Agent0(25->24)
 00:04:48 | WARNING! Aborting ECBS - could not obtain an initial solution for the following agents: Agent29(56->55)
 00:04:48 | WARNING! Aborting ECBS - could not obtain an initial solution for the following agents: Agent29(56->55)
 00:04:48 | WARNING! Aborting ECBS - could not obtain an initial solution for the following agents: Agent29(56->55)
 00:04:48 | WARNING! Aborting ECBS - could not obtain an initial solution for the following agents: Agent28(40->39)
 00:04:50 | 00:00:45 | 0.06:54:49 |  86.42%  |  9632   |   9687   | 60%  |  223974  |   0    | 213.44MB  
 00:04:52 | WARNING! Aborting ECBS - could not obtain an initial solution for the following agents: Agent28(41->40)
 00:04:52 | WARNING! Aborting ECBS - could not obtain an initial solution for the following agents: Agent1(9->7)
 00:04:54 | WARNING! Aborting ECBS - could not obtain an initial solution for the following agents: Agent11(25->23)
 00:04:54 | WARNING! Aborting ECBS - could not obtain an initial solution for the following agents: Agent11(25->24)
 00:04:54 | WARNING! Aborting ECBS - could not obtain an initial solution for the following agents: Agent11(25->24)
 00:04:54 | WARNING! Aborting ECBS - could not obtain an initial solution for the following agents: Agent11(25->24)
 00:04:55 | 00:00:41 | 0.07:00:39 |  87.64%  |  9765   |   9824   | 60%  |  227734  |   0    | 212.62MB  
 00:04:55 | WARNING! Aborting ECBS - could not obtain an initial solution for the following agents: Agent4(9->8)
 00:04:56 | WARNING! Aborting ECBS - could not obtain an initial solution for the following agents: Agent25(9->8)
 00:04:56 | WARNING! Aborting ECBS - could not obtain an initial solution for the following agents: Agent25(9->8)
 00:04:56 | WARNING! Aborting ECBS - could not obtain an initial solution for the following agents: Agent25(9->8)
 00:04:57 | WARNING! Aborting ECBS - could not obtain an initial solution for the following agents: Agent8(42->41)
 00:04:57 | WARNING! Aborting ECBS - could not obtain an initial solution for the following agents: Agent8(42->41)
 00:05:00 | 00:00:37 | 0.07:06:59 |  88.96%  |  9914   |   9972   | 60%  |  231391  |   0    | 213.21MB  
 00:05:01 | WARNING! Aborting ECBS - could not obtain an initial solution for the following agents: Agent21(41->40)
 00:05:04 | WARNING! Aborting ECBS - could not obtain an initial solution for the following agents: Agent27(3->1)
 00:05:04 | WARNING! Aborting ECBS - could not obtain an initial solution for the following agents: Agent27(3->1)
 00:05:05 | 00:00:32 | 0.07:13:49 |  90.38%  |  10075  |  10133   | 60%  |  234906  |   0    | 218.02MB  
 00:05:06 | WARNING! Aborting ECBS - could not obtain an initial solution for the following agents: Agent1(10->9)
 00:05:06 | WARNING! Aborting ECBS - could not obtain an initial solution for the following agents: Agent1(10->9)
 00:05:06 | WARNING! Aborting ECBS - could not obtain an initial solution for the following agents: Agent1(10->9)
 00:05:06 | WARNING! Aborting ECBS - could not obtain an initial solution for the following agents: Agent14(9->8)
 00:05:08 | WARNING! Aborting ECBS - could not obtain an initial solution for the following agents: Agent25(8->1)
 00:05:08 | WARNING! Aborting ECBS - could not obtain an initial solution for the following agents: Agent25(8->1)
 00:05:08 | WARNING! Aborting ECBS - could not obtain an initial solution for the following agents: Agent25(8->2)
 00:05:08 | WARNING! Aborting ECBS - could not obtain an initial solution for the following agents: Agent25(8->2)
 00:05:10 | 00:00:25 | 0.07:23:06 |  92.32%  |  10293  |  10350   | 60%  |  239927  |   0    | 217.48MB  
 00:05:10 | WARNING! Aborting ECBS - could not obtain an initial solution for the following agents: Agent29(57->56)
 00:05:10 | WARNING! Aborting ECBS - could not obtain an initial solution for the following agents: Agent29(57->56)
 00:05:11 | WARNING! Aborting ECBS - could not obtain an initial solution for the following agents: Agent0(25->24)
 00:05:11 | WARNING! Aborting ECBS - could not obtain an initial solution for the following agents: Agent0(25->24)
 00:05:15 | 00:00:21 | 0.07:29:25 |  93.63%  |  10440  |  10498   | 60%  |  243308  |   0    | 218.30MB  
 00:05:20 | 00:00:15 | 0.07:37:56 |  95.40%  |  10640  |  10697   | 60%  |  248172  |   0    | 227.67MB  
 00:05:20 | WARNING! Aborting ECBS - could not obtain an initial solution for the following agents: Agent19(9->2)
 00:05:25 | 00:00:09 | 0.07:46:11 |  97.12%  |  10828  |  10890   | 60%  |  252869  |   0    | 228.71MB  
 00:05:30 | 00:00:07 | 0.07:49:18 |  97.77%  |  10903  |  10963   | 60%  |  254539  |   0    | 243.64MB  
 00:05:35 | 00:00:05 | 0.07:52:00 |  98.34%  |  10962  |  11028   | 60%  |  256345  |   0    | 241.84MB  
 00:05:37 | WARNING! Aborting ECBS - could not obtain an initial solution for the following agents: Agent19(9->8)
 00:05:37 | WARNING! Aborting ECBS - could not obtain an initial solution for the following agents: Agent19(9->8)
 00:05:40 | 00:00:02 | 0.07:56:36 |  99.29%  |  11069  |  11134   | 60%  |  259162  |   0    | 227.53MB  
 00:05:41 | WARNING! Aborting ECBS - could not obtain an initial solution for the following agents: Agent30(41->40)
 00:05:41 | WARNING! Aborting ECBS - could not obtain an initial solution for the following agents: Agent30(41->40)
 00:05:42 | 00:00:00 | 0.08:00:00 | 100.00%  |  11148  |  11215   | 60%  |  261114  |   0    | 227.86MB  
 00:05:42 | >>> Simulation finished - writing results ...
 00:05:42 | >>> Results written
Simulation finished.
>>> Timings
StatTimingPathPlanningAverage: 0.01766825770880639
StatTimingPathPlanningOverall: 280.07722119999886
StatTimingPathPlanningCount: 15852
StatTimingTaskAllocationAverage: 0.0015388236464088155
StatTimingTaskAllocationOverall: 23.674801799999628
StatTimingTaskAllocationCount: 15385
StatTimingItemStorageAverage: 3.460708520179516E-06
StatTimingItemStorageOverall: 0.0385869000000016
StatTimingItemStorageCount: 11150
StatTimingPodStorageAverage: 0.0020296592220421417
StatTimingPodStorageOverall: 6.261498700000007
StatTimingPodStorageCount: 3085
StatTimingReplenishmentBatchingAverage: 8.31055900621114E-06
StatTimingReplenishmentBatchingOverall: 0.09767399999999951
StatTimingReplenishmentBatchingCount: 11753
StatTimingOrderBatchingAverage: 0.0001106748797329578
StatTimingOrderBatchingOverall: 3.3818922999999916
StatTimingOrderBatchingCount: 30557
>>> Overall
StatOverallBundlesPlaced: 15184
StatOverallItemsOrdered: 11193
StatOverallOrdersPlaced: 11193
StatOverallBundlesRejected: 0
StatOverallOrdersRejected: 0
StatOverallBundlesHandled: 11215
StatOverallItemsHandled: 11152
StatOverallLinesHandled: 11152
StatOverallOrdersHandled: 11148
StatOverallCollisions: 0
StatOverallDistanceTraveled: 261113.57611752106
StatOverallDistanceEstimated: 241253
StatOverallAssignedTasks: 15385
StatMaxMemoryUsed: 242.23046875
StatRealTimeUsed: 342.4012703
StatAverageTurnoverTime: 368.22368474374707
StatMedianTurnoverTime: 216.39787637081645
StatLowerQuartileTurnoverTime: 122.21007967018704
StatUpperQuartileTurnoverTime: 484.5358585084796
StatAverageThroughputTime: 114.14042149799327
StatMedianThroughputTime: 118.55344151058671
StatLowerQuartileThroughputTime: 81.0691670683882
StatUpperQuartileThroughputTime: 141.95622009181795
>>> Energy (Rizqi model)
StatEnergyTotalKJ: 19381.19070123227
StatEnergyE1AccelKJ: 5579.688985749974
StatEnergyE2DecelKJ: 0
StatEnergyE3CruiseKJ: 9669.634618000004
StatEnergyE4RotationKJ: 3298.9207330377426
StatEnergyE5LiftLowerKJ: 832.9463644444446
StatEnergyPerOrderKJ: 1.7385352261600528
StatEnergyPerMeterJoule: 74.20199736301333
StatDistanceTraveledRizqiM: 261195
>>> Motion Behavior
StatTurningCount: 32606
StatStopAndGoCount: 44725
StatLoadedDistanceM: 176794
StatLoadedTurningCount: 24040
StatWaitTimeSec: 374142.6006355766

Marked tag finished after 1 tries!
.Fin. - SUCCESS
