<<< Welcome to the RAWSimO CLI >>>
The time is: 04/17/2026 04:01:33
Starting RAWSimO wrapper with the following arguments:
Instance: Material/Instances/CoreBenchmark/aesop.xlayo
Setting: Material/Instances/CoreBenchmark/test-short.xsett
ControlConfig: Material/Instances/CoreBenchmark/aesop-cbs.xconf
StatisticsDir: output_compare/stat10v2/
Seed: 0
Adding handler for unhandled exceptions ...
Initializing ... 
LayoutConfiguration recognized!
Parsing setting config ...
Parsing control config ...
Parsing layout config ...
Generating instance...
Info about all directions within the generated instance:
# # # # # e p e p p p p p p p p p p p p p p p p p e p p p p p p p p p p p p p p p p p e p p p p p p p p p e s # # # # # 
# # # # # n q ^ + + + + + + + + v + + + + + + + + ^ + + + + + + + + v + + + + + + + + ^ + + + + + + + + q d q # # # # # 
# # # # # b p b + + + + + + + + v + + + + + + + + ^ + + + + + + + + v + + + + + + + + ^ + + + + + + + + v b s # # # # # 
s w w w w d q d < < < < < < < < q < < < < < < < < d < < < < < < < < q < < < < < < < < d < < < < < < < < q d q w w w w w 
p e e e s b p b + + + + + + + + v + + + + + + + + ^ + + + + + + + + v + + + + + + + + ^ + + + + + + + + v b p e e e e n 
s w w w w d q ^ + + + + + + + + v + + + + + + + + ^ + + + + + + + + v + + + + + + + + ^ + + + + + + + + q d q n w w w d 
e e e e e b p b > > > > > > > > p > > > > > > > > b > > > > > > > > p > > > > > > > > b > > > > > > > > p b p e e e e n 
# # # # # n q ^ + + + + + + + + v + + + + + + + + ^ + + + + + + + + v + + + + + + + + ^ + + + + + + + + q d q # # # # # 
# # # # # b p b + + + + + + + + v + + + + + + + + ^ + + + + + + + + v + + + + + + + + ^ + + + + + + + + v b s # # # # # 
s w w w w d q d < < < < < < < < q < < < < < < < < d < < < < < < < < q < < < < < < < < d < < < < < < < < q d q w w w w w 
p e e e s b p b + + + + + + + + v + + + + + + + + ^ + + + + + + + + v + + + + + + + + ^ + + + + + + + + v b p e e e e n 
s w w w w d q ^ + + + + + + + + v + + + + + + + + ^ + + + + + + + + v + + + + + + + + ^ + + + + + + + + q d q n w w w d 
e e e e e b p b > > > > > > > > p > > > > > > > > b > > > > > > > > p > > > > > > > > b > > > > > > > > p b p e e e e n 
# # # # # n q ^ + + + + + + + + v + + + + + + + + ^ + + + + + + + + v + + + + + + + + ^ + + + + + + + + q d q # # # # # 
# # # # # b p b + + + + + + + + v + + + + + + + + ^ + + + + + + + + v + + + + + + + + ^ + + + + + + + + v b s # # # # # 
s w w w w d q d < < < < < < < < q < < < < < < < < d < < < < < < < < q < < < < < < < < d < < < < < < < < q d q w w w w w 
p e e e s b p b + + + + + + + + v + + + + + + + + ^ + + + + + + + + v + + + + + + + + ^ + + + + + + + + v b p e e e e n 
s w w w w d q ^ + + + + + + + + v + + + + + + + + ^ + + + + + + + + v + + + + + + + + ^ + + + + + + + + q d q n w w w d 
e e e e e b p b > > > > > > > > p > > > > > > > > b > > > > > > > > p > > > > > > > > b > > > > > > > > p b p e e e e n 
# # # # # n q ^ + + + + + + + + v + + + + + + + + ^ + + + + + + + + v + + + + + + + + ^ + + + + + + + + q d q # # # # # 
# # # # # b p b + + + + + + + + v + + + + + + + + ^ + + + + + + + + v + + + + + + + + ^ + + + + + + + + v b s # # # # # 
s w w w w d q d < < < < < < < < q < < < < < < < < d < < < < < < < < q < < < < < < < < d < < < < < < < < q d q w w w w w 
p e e e s b p b + + + + + + + + v + + + + + + + + ^ + + + + + + + + v + + + + + + + + ^ + + + + + + + + v b p e e e e n 
s w w w w d q ^ + + + + + + + + v + + + + + + + + ^ + + + + + + + + v + + + + + + + + ^ + + + + + + + + q d q n w w w d 
e e e e e b p b > > > > > > > > p > > > > > > > > b > > > > > > > > p > > > > > > > > b > > > > > > > > p b p e e e e n 
# # # # # n q ^ + + + + + + + + v + + + + + + + + ^ + + + + + + + + v + + + + + + + + ^ + + + + + + + + q d q # # # # # 
# # # # # b p b + + + + + + + + v + + + + + + + + ^ + + + + + + + + v + + + + + + + + ^ + + + + + + + + v b s # # # # # 
# # # # # n q d < < < < < < < < q < < < < < < < < d < < < < < < < < q < < < < < < < < d < < < < < < < < q d q # # # # # 
# # # # # b p b + + + + + + + + v + + + + + + + + ^ + + + + + + + + v + + + + + + + + ^ + + + + + + + + v b s # # # # # 
# # # # # n q ^ + + + + + + + + v + + + + + + + + ^ + + + + + + + + v + + + + + + + + ^ + + + + + + + + q d q # # # # # 
# # # # # b p b > > > > > > > > p > > > > > > > > b > > > > > > > > p > > > > > > > > b > > > > > > > > p b s # # # # # 
# # # # # n q ^ + + + + + + + + v + + + + + + + + ^ + + + + + + + + v + + + + + + + + ^ + + + + + + + + q d q # # # # # 
# # # # # b p b + + + + + + + + v + + + + + + + + ^ + + + + + + + + v + + + + + + + + ^ + + + + + + + + v b s # # # # # 
# # # # # n w d d d d d d d d d w d d d d d d d d d d d d d d d d d w d d d d d d d d d d d d d d d d d w d w # # # # # 


Info about all types within the generated instance:
# # # # # r r r r r r r r r r r r r r r r r r r r r r r r r r r r r r r r r r r r r r r r r r r r r r r r r r # # # # # 
# # # # # r r r s s s s s s s s r s s s s s s s s r s s s s s s s s r s s s s s s s s r s s s s s s s s r r r # # # # # 
# # # # # r r r s s s s s s s s r s s s s s s s s r s s s s s s s s r s s s s s s s s r s s s s s s s s r r r # # # # # 
b b b b b r r r r r r r r r r r r r r r r r r r r r r r r r r r r r r r r r r r r r r r r r r r r r r r r r r b b b b o 
b b b b b r r r s s s s s s s s r s s s s s s s s r s s s s s s s s r s s s s s s s s r s s s s s s s s r r r b b b b b 
b b b b b r r r s s s s s s s s r s s s s s s s s r s s s s s s s s r s s s s s s s s r s s s s s s s s r r r b b b b b 
i b b b b r r r r r r r r r r r r r r r r r r r r r r r r r r r r r r r r r r r r r r r r r r r r r r r r r r b b b b b 
# # # # # r r r s s s s s s s s r s s s s s s s s r s s s s s s s s r s s s s s s s s r s s s s s s s s r r r # # # # # 
# # # # # r r r s s s s s s s s r s s s s s s s s r s s s s s s s s r s s s s s s s s r s s s s s s s s r r r # # # # # 
b b b b b r r r r r r r r r r r r r r r r r r r r r r r r r r r r r r r r r r r r r r r r r r r r r r r r r r b b b b o 
b b b b b r r r s s s s s s s s r s s s s s s s s r s s s s s s s s r s s s s s s s s r s s s s s s s s r r r b b b b b 
b b b b b r r r s s s s s s s s r s s s s s s s s r s s s s s s s s r s s s s s s s s r s s s s s s s s r r r b b b b b 
i b b b b r r r r r r r r r r r r r r r r r r r r r r r r r r r r r r r r r r r r r r r r r r r r r r r r r r b b b b b 
# # # # # r r r s s s s s s s s r s s s s s s s s r s s s s s s s s r s s s s s s s s r s s s s s s s s r r r # # # # # 
# # # # # r r r s s s s s s s s r s s s s s s s s r s s s s s s s s r s s s s s s s s r s s s s s s s s r r r # # # # # 
b b b b b r r r r r r r r r r r r r r r r r r r r r r r r r r r r r r r r r r r r r r r r r r r r r r r r r r b b b b o 
b b b b b r r r s s s s s s s s r s s s s s s s s r s s s s s s s s r s s s s s s s s r s s s s s s s s r r r b b b b b 
b b b b b r r r s s s s s s s s r s s s s s s s s r s s s s s s s s r s s s s s s s s r s s s s s s s s r r r b b b b b 
i b b b b r r r r r r r r r r r r r r r r r r r r r r r r r r r r r r r r r r r r r r r r r r r r r r r r r r b b b b b 
# # # # # r r r s s s s s s s s r s s s s s s s s r s s s s s s s s r s s s s s s s s r s s s s s s s s r r r # # # # # 
# # # # # r r r s s s s s s s s r s s s s s s s s r s s s s s s s s r s s s s s s s s r s s s s s s s s r r r # # # # # 
b b b b b r r r r r r r r r r r r r r r r r r r r r r r r r r r r r r r r r r r r r r r r r r r r r r r r r r b b b b o 
b b b b b r r r s s s s s s s s r s s s s s s s s r s s s s s s s s r s s s s s s s s r s s s s s s s s r r r b b b b b 
b b b b b r r r s s s s s s s s r s s s s s s s s r s s s s s s s s r s s s s s s s s r s s s s s s s s r r r b b b b b 
i b b b b r r r r r r r r r r r r r r r r r r r r r r r r r r r r r r r r r r r r r r r r r r r r r r r r r r b b b b b 
# # # # # r r r s s s s s s s s r s s s s s s s s r s s s s s s s s r s s s s s s s s r s s s s s s s s r r r # # # # # 
# # # # # r r r s s s s s s s s r s s s s s s s s r s s s s s s s s r s s s s s s s s r s s s s s s s s r r r # # # # # 
# # # # # r r r r r r r r r r r r r r r r r r r r r r r r r r r r r r r r r r r r r r r r r r r r r r r r r r # # # # # 
# # # # # r r r s s s s s s s s r s s s s s s s s r s s s s s s s s r s s s s s s s s r s s s s s s s s r r r # # # # # 
# # # # # r r r s s s s s s s s r s s s s s s s s r s s s s s s s s r s s s s s s s s r s s s s s s s s r r r # # # # # 
# # # # # r r r r r r r r r r r r r r r r r r r r r r r r r r r r r r r r r r r r r r r r r r r r r r r r r r # # # # # 
# # # # # r r r s s s s s s s s r s s s s s s s s r s s s s s s s s r s s s s s s s s r s s s s s s s s r r r # # # # # 
# # # # # r r r s s s s s s s s r s s s s s s s s r s s s s s s s s r s s s s s s s s r s s s s s s s s r r r # # # # # 
# # # # # r r r r r r r r r r r r r r r r r r r r r r r r r r r r r r r r r r r r r r r r r r r r r r r r r r # # # # # 


[EnergyConsumption] Configured from LayoutConfiguration: RobotMass=100 kg, PodFrameMass=300 kg
StatisticsFolder: aesop-aesop-aesop-cbs-0
Done!
Executing ... 
 04:01:34 | >>> Warming up ...
 00:00:00 | >>> Warmup finished - starting simulation ...
 Realtime |   ETA    |  Sim.Time  | Progress | #Orders | #Bundles | Inv. | Distance | #Coll. |   Memory    
 00:00:00 |   n/a    | 0.00:00:00 |  0.00%   |    0    |    0     | 70%  |    0     |   0    | 152.07MB  
 00:00:05 | 00:03:22 | 0.00:00:43 |  2.41%   |    0    |    0     | 70%  |   584    |   0    | 162.59MB  
 00:00:10 | 00:05:00 | 0.00:00:58 |  3.23%   |    0    |    0     | 70%  |   782    |   0    | 175.25MB  
 00:00:12 | WARNING! Aborting CBS - could not obtain an initial solution for the following agents: Agent25(74->73)
 00:00:12 | WARNING! Aborting CBS - could not obtain an initial solution for the following agents: Agent25(74->73)
 00:00:12 | WARNING! Aborting CBS - could not obtain an initial solution for the following agents: Agent25(74->73)
 00:00:12 | WARNING! Aborting CBS - could not obtain an initial solution for the following agents: Agent25(74->73)
 00:00:14 | WARNING! Aborting CBS - could not obtain an initial solution for the following agents: Agent3(32->31)
 00:00:15 | 00:00:54 | 0.00:06:26 |  21.48%  |   76    |   106    | 71%  |   3419   |   0    | 178.57MB  
 00:00:16 | WARNING! Aborting CBS - could not obtain an initial solution for the following agents: Agent5(14->13)
 00:00:16 | WARNING! Aborting CBS - could not obtain an initial solution for the following agents: Agent5(14->13)
 00:00:16 | WARNING! Aborting CBS - could not obtain an initial solution for the following agents: Agent5(14->13)
 00:00:16 | WARNING! Aborting CBS - could not obtain an initial solution for the following agents: Agent5(14->13)
 00:00:16 | WARNING! Aborting CBS - could not obtain an initial solution for the following agents: Agent5(14->13)
 00:00:17 | WARNING! Aborting CBS - could not obtain an initial solution for the following agents: Agent14(52->51)
 00:00:17 | WARNING! Aborting CBS - could not obtain an initial solution for the following agents: Agent14(52->51)
 00:00:20 | 00:00:18 | 0.00:15:24 |  51.38%  |   189   |   277    | 72%  |   8230   |   0    | 180.71MB  
 00:00:20 | WARNING! Aborting CBS - could not obtain an initial solution for the following agents: Agent11(52->51)
 00:00:20 | WARNING! Aborting CBS - could not obtain an initial solution for the following agents: Agent11(52->51)
 00:00:20 | WARNING! Aborting CBS - could not obtain an initial solution for the following agents: Agent11(52->51)
 00:00:20 | WARNING! Aborting CBS - could not obtain an initial solution for the following agents: Agent11(52->51)
 00:00:22 | WARNING! Aborting CBS - could not obtain an initial solution for the following agents: Agent8(14->13)
 00:00:22 | WARNING! Aborting CBS - could not obtain an initial solution for the following agents: Agent8(14->13)
 00:00:22 | WARNING! Aborting CBS - could not obtain an initial solution for the following agents: Agent8(14->13)
 00:00:22 | WARNING! Aborting CBS - could not obtain an initial solution for the following agents: Agent8(14->13)
 00:00:22 | WARNING! Aborting CBS - could not obtain an initial solution for the following agents: Agent8(14->13)
 00:00:22 | WARNING! Aborting CBS - could not obtain an initial solution for the following agents: Agent8(14->13)
 00:00:22 | WARNING! Aborting CBS - could not obtain an initial solution for the following agents: Agent8(14->13)
 00:00:25 | 00:00:15 | 0.00:18:40 |  62.24%  |   228   |   337    | 73%  |  10159   |   0    | 191.85MB  
 00:00:29 | WARNING! Aborting CBS - could not obtain an initial solution for the following agents: Agent17(74->73)
 00:00:29 | WARNING! Aborting CBS - could not obtain an initial solution for the following agents: Agent17(74->73)
 00:00:29 | WARNING! Aborting CBS - could not obtain an initial solution for the following agents: Agent17(74->73)
 00:00:29 | WARNING! Aborting CBS - could not obtain an initial solution for the following agents: Agent17(74->73)
 00:00:29 | WARNING! Aborting CBS - could not obtain an initial solution for the following agents: Agent17(74->73)
 00:00:30 | 00:00:10 | 0.00:22:15 |  74.18%  |   275   |   400    | 73%  |  12337   |   0    | 198.24MB  
 00:00:30 | WARNING! Aborting CBS - could not obtain an initial solution for the following agents: Agent25(72->71)
 00:00:30 | WARNING! Aborting CBS - could not obtain an initial solution for the following agents: Agent25(72->71)
 00:00:30 | WARNING! Aborting CBS - could not obtain an initial solution for the following agents: Agent25(72->71)
 00:00:30 | WARNING! Aborting CBS - could not obtain an initial solution for the following agents: Agent25(72->71)
 00:00:31 | WARNING! Aborting CBS - could not obtain an initial solution for the following agents: Agent11(52->51)
 00:00:34 | WARNING! Aborting CBS - could not obtain an initial solution for the following agents: Agent23(14->13)
 00:00:34 | WARNING! Aborting CBS - could not obtain an initial solution for the following agents: Agent23(14->13)
 00:00:35 | 00:00:00 | 0.00:29:52 |  99.60%  |   356   |   535    | 75%  |  17027   |   0    | 204.09MB  
 00:00:35 | 00:00:00 | 0.00:30:00 | 100.00%  |   357   |   537    | 75%  |  17105   |   0    | 204.15MB  
 00:00:35 | >>> Simulation finished - writing results ...
 00:00:35 | >>> Results written
Simulation finished.
>>> Timings
StatTimingPathPlanningAverage: 0.025279052058823512
StatTimingPathPlanningOverall: 25.784633099999983
StatTimingPathPlanningCount: 1020
StatTimingTaskAllocationAverage: 0.010635340616246505
StatTimingTaskAllocationOverall: 7.593633200000005
StatTimingTaskAllocationCount: 714
StatTimingItemStorageAverage: 8.890837282780387E-06
StatTimingItemStorageOverall: 0.005627899999999985
StatTimingItemStorageCount: 633
StatTimingPodStorageAverage: 0.010171825728155347
StatTimingPodStorageOverall: 2.0953961000000016
StatTimingPodStorageCount: 206
StatTimingReplenishmentBatchingAverage: 1.957431610942249E-05
StatTimingReplenishmentBatchingOverall: 0.0128799
StatTimingReplenishmentBatchingCount: 658
StatTimingOrderBatchingAverage: 0.00011480802980132465
StatTimingOrderBatchingOverall: 0.13868810000000018
StatTimingOrderBatchingCount: 1208
>>> Overall
StatOverallBundlesPlaced: 610
StatOverallItemsOrdered: 610
StatOverallOrdersPlaced: 375
StatOverallBundlesRejected: 0
StatOverallOrdersRejected: 0
StatOverallBundlesHandled: 537
StatOverallItemsHandled: 574
StatOverallLinesHandled: 538
StatOverallOrdersHandled: 357
StatOverallCollisions: 0
StatOverallDistanceTraveled: 17105.082120417082
StatOverallDistanceEstimated: 15874
StatOverallAssignedTasks: 714
StatMaxMemoryUsed: 204.3671875
StatRealTimeUsed: 35.0760567
StatAverageTurnoverTime: 534.2870569243731
StatMedianTurnoverTime: 375.5678855551992
StatLowerQuartileTurnoverTime: 175.87084233862834
StatUpperQuartileTurnoverTime: 776.5365585583337
StatAverageThroughputTime: 84.20885636616038
StatMedianThroughputTime: 50.82746089534476
StatLowerQuartileThroughputTime: 30.12145146477843
StatUpperQuartileThroughputTime: 130.25931434138704
>>> Energy (Rizqi model)
StatEnergyTotalKJ: 2063.820941324901
StatEnergyE1AccelKJ: 740.2021594613501
StatEnergyE2DecelKJ: 0
StatEnergyE3CruiseKJ: 545.8419225710878
StatEnergyE4RotationKJ: 241.81138070087314
StatEnergyE5LiftLowerKJ: 535.9654785915905
StatEnergyPerOrderKJ: 5.781011040125773
StatEnergyPerMeterJoule: 120.17824150264374
StatDistanceTraveledRizqiM: 17173
>>> Motion Behavior
StatTurningCount: 2202
StatStopAndGoCount: 2743
StatLoadedDistanceM: 11836
StatLoadedTurningCount: 1673
StatWaitTimeSec: 19494.435417560504
StatMoveEnergyEmptyKJ: 76.146525
StatMoveTimeEmptySec: 6690.307021169381
StatTurnEnergyEmptyKJ: 9.924775882597
StatTurnTimeEmptySec: 531.350283939933
StatMoveEnergyLoadedKJ: 1209.8975570324376
StatMoveTimeLoadedSec: 17812.237172764664
StatTurnEnergyLoadedKJ: 231.88660481827614
StatTurnTimeLoadedSec: 1708.640258991398
StatPrefEmptyW: 11.918496993993559
StatPrefLoadedW: 73.85857356520543

Marked tag finished after 1 tries!
.Fin. - SUCCESS
