<<< Welcome to the RAWSimO CLI >>>
The time is: 04/17/2026 09:03:48
Starting RAWSimO wrapper with the following arguments:
Instance: Material/Instances/CoreBenchmark/aesop.xlayo
Setting: Material/Instances/CoreBenchmark/test-short.xsett
ControlConfig: Material/Instances/CoreBenchmark/aesop-ecbs.xconf
StatisticsDir: output_compare/fix6-ecbs/
Seed: 42
Adding handler for unhandled exceptions ...
Initializing ... 
LayoutConfiguration recognized!
Parsing setting config ...
Parsing control config ...
Parsing layout config ...
Generating instance...
Info about all directions within the generated instance:
# # # # # e p e p p p p p p p p p p p p p p p p p e p p p p p p p p p p p p p p p p p e p p p p p p p p p e s # # # # # 
# # # # # n q ^ + + + + + + + + v + + + + + + + + ^ + + + + + + + + v + + + + + + + + ^ + + + + + + + + q d q # # # # # 
# # # # # b p b + + + + + + + + v + + + + + + + + ^ + + + + + + + + v + + + + + + + + ^ + + + + + + + + v b s # # # # # 
s w w w w d q d < < < < < < < < q < < < < < < < < d < < < < < < < < q < < < < < < < < d < < < < < < < < q d q w w w w w 
p e e e s b p b + + + + + + + + v + + + + + + + + ^ + + + + + + + + v + + + + + + + + ^ + + + + + + + + v b p e e e e n 
s w w w w d q ^ + + + + + + + + v + + + + + + + + ^ + + + + + + + + v + + + + + + + + ^ + + + + + + + + q d q n w w w d 
e e e e e b p b > > > > > > > > p > > > > > > > > b > > > > > > > > p > > > > > > > > b > > > > > > > > p b p e e e e n 
# # # # # n q ^ + + + + + + + + v + + + + + + + + ^ + + + + + + + + v + + + + + + + + ^ + + + + + + + + q d q # # # # # 
# # # # # b p b + + + + + + + + v + + + + + + + + ^ + + + + + + + + v + + + + + + + + ^ + + + + + + + + v b s # # # # # 
s w w w w d q d < < < < < < < < q < < < < < < < < d < < < < < < < < q < < < < < < < < d < < < < < < < < q d q w w w w w 
p e e e s b p b + + + + + + + + v + + + + + + + + ^ + + + + + + + + v + + + + + + + + ^ + + + + + + + + v b p e e e e n 
s w w w w d q ^ + + + + + + + + v + + + + + + + + ^ + + + + + + + + v + + + + + + + + ^ + + + + + + + + q d q n w w w d 
e e e e e b p b > > > > > > > > p > > > > > > > > b > > > > > > > > p > > > > > > > > b > > > > > > > > p b p e e e e n 
# # # # # n q ^ + + + + + + + + v + + + + + + + + ^ + + + + + + + + v + + + + + + + + ^ + + + + + + + + q d q # # # # # 
# # # # # b p b + + + + + + + + v + + + + + + + + ^ + + + + + + + + v + + + + + + + + ^ + + + + + + + + v b s # # # # # 
s w w w w d q d < < < < < < < < q < < < < < < < < d < < < < < < < < q < < < < < < < < d < < < < < < < < q d q w w w w w 
p e e e s b p b + + + + + + + + v + + + + + + + + ^ + + + + + + + + v + + + + + + + + ^ + + + + + + + + v b p e e e e n 
s w w w w d q ^ + + + + + + + + v + + + + + + + + ^ + + + + + + + + v + + + + + + + + ^ + + + + + + + + q d q n w w w d 
e e e e e b p b > > > > > > > > p > > > > > > > > b > > > > > > > > p > > > > > > > > b > > > > > > > > p b p e e e e n 
# # # # # n q ^ + + + + + + + + v + + + + + + + + ^ + + + + + + + + v + + + + + + + + ^ + + + + + + + + q d q # # # # # 
# # # # # b p b + + + + + + + + v + + + + + + + + ^ + + + + + + + + v + + + + + + + + ^ + + + + + + + + v b s # # # # # 
s w w w w d q d < < < < < < < < q < < < < < < < < d < < < < < < < < q < < < < < < < < d < < < < < < < < q d q w w w w w 
p e e e s b p b + + + + + + + + v + + + + + + + + ^ + + + + + + + + v + + + + + + + + ^ + + + + + + + + v b p e e e e n 
s w w w w d q ^ + + + + + + + + v + + + + + + + + ^ + + + + + + + + v + + + + + + + + ^ + + + + + + + + q d q n w w w d 
e e e e e b p b > > > > > > > > p > > > > > > > > b > > > > > > > > p > > > > > > > > b > > > > > > > > p b p e e e e n 
# # # # # n q ^ + + + + + + + + v + + + + + + + + ^ + + + + + + + + v + + + + + + + + ^ + + + + + + + + q d q # # # # # 
# # # # # b p b + + + + + + + + v + + + + + + + + ^ + + + + + + + + v + + + + + + + + ^ + + + + + + + + v b s # # # # # 
# # # # # n q d < < < < < < < < q < < < < < < < < d < < < < < < < < q < < < < < < < < d < < < < < < < < q d q # # # # # 
# # # # # b p b + + + + + + + + v + + + + + + + + ^ + + + + + + + + v + + + + + + + + ^ + + + + + + + + v b s # # # # # 
# # # # # n q ^ + + + + + + + + v + + + + + + + + ^ + + + + + + + + v + + + + + + + + ^ + + + + + + + + q d q # # # # # 
# # # # # b p b > > > > > > > > p > > > > > > > > b > > > > > > > > p > > > > > > > > b > > > > > > > > p b s # # # # # 
# # # # # n q ^ + + + + + + + + v + + + + + + + + ^ + + + + + + + + v + + + + + + + + ^ + + + + + + + + q d q # # # # # 
# # # # # b p b + + + + + + + + v + + + + + + + + ^ + + + + + + + + v + + + + + + + + ^ + + + + + + + + v b s # # # # # 
# # # # # n w d d d d d d d d d w d d d d d d d d d d d d d d d d d w d d d d d d d d d d d d d d d d d w d w # # # # # 


Info about all types within the generated instance:
# # # # # r r r r r r r r r r r r r r r r r r r r r r r r r r r r r r r r r r r r r r r r r r r r r r r r r r # # # # # 
# # # # # r r r s s s s s s s s r s s s s s s s s r s s s s s s s s r s s s s s s s s r s s s s s s s s r r r # # # # # 
# # # # # r r r s s s s s s s s r s s s s s s s s r s s s s s s s s r s s s s s s s s r s s s s s s s s r r r # # # # # 
b b b b b r r r r r r r r r r r r r r r r r r r r r r r r r r r r r r r r r r r r r r r r r r r r r r r r r r b b b b o 
b b b b b r r r s s s s s s s s r s s s s s s s s r s s s s s s s s r s s s s s s s s r s s s s s s s s r r r b b b b b 
b b b b b r r r s s s s s s s s r s s s s s s s s r s s s s s s s s r s s s s s s s s r s s s s s s s s r r r b b b b b 
i b b b b r r r r r r r r r r r r r r r r r r r r r r r r r r r r r r r r r r r r r r r r r r r r r r r r r r b b b b b 
# # # # # r r r s s s s s s s s r s s s s s s s s r s s s s s s s s r s s s s s s s s r s s s s s s s s r r r # # # # # 
# # # # # r r r s s s s s s s s r s s s s s s s s r s s s s s s s s r s s s s s s s s r s s s s s s s s r r r # # # # # 
b b b b b r r r r r r r r r r r r r r r r r r r r r r r r r r r r r r r r r r r r r r r r r r r r r r r r r r b b b b o 
b b b b b r r r s s s s s s s s r s s s s s s s s r s s s s s s s s r s s s s s s s s r s s s s s s s s r r r b b b b b 
b b b b b r r r s s s s s s s s r s s s s s s s s r s s s s s s s s r s s s s s s s s r s s s s s s s s r r r b b b b b 
i b b b b r r r r r r r r r r r r r r r r r r r r r r r r r r r r r r r r r r r r r r r r r r r r r r r r r r b b b b b 
# # # # # r r r s s s s s s s s r s s s s s s s s r s s s s s s s s r s s s s s s s s r s s s s s s s s r r r # # # # # 
# # # # # r r r s s s s s s s s r s s s s s s s s r s s s s s s s s r s s s s s s s s r s s s s s s s s r r r # # # # # 
b b b b b r r r r r r r r r r r r r r r r r r r r r r r r r r r r r r r r r r r r r r r r r r r r r r r r r r b b b b o 
b b b b b r r r s s s s s s s s r s s s s s s s s r s s s s s s s s r s s s s s s s s r s s s s s s s s r r r b b b b b 
b b b b b r r r s s s s s s s s r s s s s s s s s r s s s s s s s s r s s s s s s s s r s s s s s s s s r r r b b b b b 
i b b b b r r r r r r r r r r r r r r r r r r r r r r r r r r r r r r r r r r r r r r r r r r r r r r r r r r b b b b b 
# # # # # r r r s s s s s s s s r s s s s s s s s r s s s s s s s s r s s s s s s s s r s s s s s s s s r r r # # # # # 
# # # # # r r r s s s s s s s s r s s s s s s s s r s s s s s s s s r s s s s s s s s r s s s s s s s s r r r # # # # # 
b b b b b r r r r r r r r r r r r r r r r r r r r r r r r r r r r r r r r r r r r r r r r r r r r r r r r r r b b b b o 
b b b b b r r r s s s s s s s s r s s s s s s s s r s s s s s s s s r s s s s s s s s r s s s s s s s s r r r b b b b b 
b b b b b r r r s s s s s s s s r s s s s s s s s r s s s s s s s s r s s s s s s s s r s s s s s s s s r r r b b b b b 
i b b b b r r r r r r r r r r r r r r r r r r r r r r r r r r r r r r r r r r r r r r r r r r r r r r r r r r b b b b b 
# # # # # r r r s s s s s s s s r s s s s s s s s r s s s s s s s s r s s s s s s s s r s s s s s s s s r r r # # # # # 
# # # # # r r r s s s s s s s s r s s s s s s s s r s s s s s s s s r s s s s s s s s r s s s s s s s s r r r # # # # # 
# # # # # r r r r r r r r r r r r r r r r r r r r r r r r r r r r r r r r r r r r r r r r r r r r r r r r r r # # # # # 
# # # # # r r r s s s s s s s s r s s s s s s s s r s s s s s s s s r s s s s s s s s r s s s s s s s s r r r # # # # # 
# # # # # r r r s s s s s s s s r s s s s s s s s r s s s s s s s s r s s s s s s s s r s s s s s s s s r r r # # # # # 
# # # # # r r r r r r r r r r r r r r r r r r r r r r r r r r r r r r r r r r r r r r r r r r r r r r r r r r # # # # # 
# # # # # r r r s s s s s s s s r s s s s s s s s r s s s s s s s s r s s s s s s s s r s s s s s s s s r r r # # # # # 
# # # # # r r r s s s s s s s s r s s s s s s s s r s s s s s s s s r s s s s s s s s r s s s s s s s s r r r # # # # # 
# # # # # r r r r r r r r r r r r r r r r r r r r r r r r r r r r r r r r r r r r r r r r r r r r r r r r r r # # # # # 


[EnergyConsumption] Configured from LayoutConfiguration: RobotMass=100 kg, PodFrameMass=300 kg
StatisticsFolder: aesop-aesop-aesop-ecbs-42
Done!
Executing ... 
 09:03:51 | >>> Warming up ...
 00:00:00 | >>> Warmup finished - starting simulation ...
 Realtime |   ETA    |  Sim.Time  | Progress | #Orders | #Bundles | Inv. | Distance | #Coll. |   Memory    
 00:00:00 |   n/a    | 0.00:00:00 |  0.00%   |    0    |    0     | 70%  |    0     |   0    | 151.91MB  
 00:00:05 | 00:02:47 | 0.00:00:52 |  2.91%   |    0    |    0     | 70%  |   699    |   0    | 159.02MB  
 00:00:05 | WARNING! Aborting ECBS - could not obtain an initial solution for the following agents: Agent10(13->2)
 00:00:05 | WARNING! Aborting ECBS - could not obtain an initial solution for the following agents: Agent10(13->2)
 00:00:05 | WARNING! Aborting ECBS - could not obtain an initial solution for the following agents: Agent16(4->3)
 00:00:05 | WARNING! Aborting ECBS - could not obtain an initial solution for the following agents: Agent16(4->3)
 00:00:05 | WARNING! Aborting ECBS - could not obtain an initial solution for the following agents: Agent16(4->3)
 00:00:05 | WARNING! Aborting ECBS - could not obtain an initial solution for the following agents: Agent6(72->62)
 00:00:05 | WARNING! Aborting ECBS - could not obtain an initial solution for the following agents: Agent6(72->62)
 00:00:05 | WARNING! Aborting ECBS - could not obtain an initial solution for the following agents: Agent6(72->62)
 00:00:10 | 00:00:25 | 0.00:08:31 |  28.39%  |   100   |   150    | 71%  |   4598   |   0    | 156.81MB  
 00:00:12 | ECBS RandomHop mutated 1/10 agent paths [SUPPRESSED] (cumulative=1)
 00:00:12 | ECBS RandomHop mutated 1/11 agent paths [SUPPRESSED] (cumulative=2)
 00:00:12 | ECBS RandomHop mutated 1/9 agent paths [SUPPRESSED] (cumulative=3)
 00:00:12 | ECBS RandomHop mutated 1/10 agent paths [SUPPRESSED] (cumulative=4)
 00:00:12 | ECBS RandomHop mutated 1/9 agent paths [SUPPRESSED] (cumulative=5)
 00:00:12 | ECBS RandomHop mutated 1/10 agent paths [SUPPRESSED] (cumulative=6)
 00:00:12 | ECBS RandomHop mutated 1/11 agent paths [SUPPRESSED] (cumulative=7)
 00:00:12 | ECBS RandomHop mutated 1/11 agent paths [SUPPRESSED] (cumulative=8)
 00:00:12 | ECBS RandomHop mutated 1/11 agent paths [SUPPRESSED] (cumulative=9)
 00:00:12 | ECBS RandomHop mutated 1/12 agent paths [SUPPRESSED] (cumulative=10)
 00:00:12 | ECBS RandomHop mutated 1/12 agent paths [SUPPRESSED] (cumulative=11)
 00:00:12 | ECBS RandomHop mutated 1/12 agent paths [SUPPRESSED] (cumulative=12)
 00:00:13 | ECBS RandomHop mutated 1/11 agent paths [SUPPRESSED] (cumulative=13)
 00:00:13 | ECBS RandomHop mutated 1/12 agent paths [SUPPRESSED] (cumulative=14)
 00:00:13 | ECBS RandomHop mutated 1/12 agent paths [SUPPRESSED] (cumulative=15)
 00:00:13 | ECBS RandomHop mutated 1/12 agent paths [SUPPRESSED] (cumulative=16)
 00:00:13 | ECBS RandomHop mutated 1/12 agent paths [SUPPRESSED] (cumulative=17)
 00:00:13 | ECBS RandomHop mutated 1/11 agent paths [SUPPRESSED] (cumulative=18)
 00:00:13 | ECBS RandomHop mutated 1/11 agent paths [SUPPRESSED] (cumulative=19)
 00:00:13 | ECBS RandomHop mutated 1/13 agent paths [SUPPRESSED] (cumulative=20)
 00:00:13 | ECBS RandomHop mutated 1/13 agent paths [SUPPRESSED] (cumulative=21)
 00:00:13 | ECBS RandomHop mutated 1/14 agent paths [SUPPRESSED] (cumulative=22)
 00:00:13 | ECBS RandomHop mutated 1/14 agent paths [SUPPRESSED] (cumulative=23)
 00:00:13 | ECBS RandomHop mutated 2/15 agent paths [SUPPRESSED] (cumulative=25)
 00:00:13 | ECBS RandomHop mutated 2/15 agent paths [SUPPRESSED] (cumulative=27)
 00:00:13 | ECBS RandomHop mutated 2/16 agent paths [SUPPRESSED] (cumulative=29)
 00:00:13 | ECBS RandomHop mutated 2/15 agent paths [SUPPRESSED] (cumulative=31)
 00:00:13 | ECBS RandomHop mutated 2/15 agent paths [SUPPRESSED] (cumulative=33)
 00:00:13 | ECBS RandomHop mutated 2/15 agent paths [SUPPRESSED] (cumulative=35)
 00:00:13 | ECBS RandomHop mutated 2/15 agent paths [SUPPRESSED] (cumulative=37)
 00:00:13 | ECBS RandomHop mutated 2/15 agent paths [SUPPRESSED] (cumulative=39)
 00:00:13 | ECBS RandomHop mutated 2/15 agent paths [SUPPRESSED] (cumulative=41)
 00:00:13 | ECBS RandomHop mutated 2/15 agent paths [SUPPRESSED] (cumulative=43)
 00:00:13 | ECBS RandomHop mutated 2/14 agent paths [SUPPRESSED] (cumulative=45)
 00:00:13 | ECBS RandomHop mutated 2/13 agent paths [SUPPRESSED] (cumulative=47)
 00:00:13 | ECBS RandomHop mutated 2/13 agent paths [SUPPRESSED] (cumulative=49)
 00:00:13 | ECBS RandomHop mutated 2/13 agent paths [SUPPRESSED] (cumulative=51)
 00:00:13 | ECBS RandomHop mutated 2/13 agent paths [SUPPRESSED] (cumulative=53)
 00:00:13 | ECBS RandomHop mutated 2/12 agent paths [SUPPRESSED] (cumulative=55)
 00:00:13 | ECBS RandomHop mutated 2/11 agent paths [SUPPRESSED] (cumulative=57)
 00:00:13 | ECBS RandomHop mutated 2/10 agent paths [SUPPRESSED] (cumulative=59)
 00:00:13 | ECBS RandomHop mutated 2/11 agent paths [SUPPRESSED] (cumulative=61)
 00:00:13 | ECBS RandomHop mutated 2/12 agent paths [SUPPRESSED] (cumulative=63)
 00:00:13 | ECBS RandomHop mutated 2/13 agent paths [SUPPRESSED] (cumulative=65)
 00:00:13 | ECBS RandomHop mutated 2/12 agent paths [SUPPRESSED] (cumulative=67)
 00:00:13 | ECBS RandomHop mutated 2/13 agent paths [SUPPRESSED] (cumulative=69)
 00:00:13 | ECBS RandomHop mutated 2/13 agent paths [SUPPRESSED] (cumulative=71)
 00:00:13 | ECBS RandomHop mutated 2/11 agent paths [SUPPRESSED] (cumulative=73)
 00:00:13 | ECBS RandomHop mutated 2/11 agent paths [SUPPRESSED] (cumulative=75)
 00:00:13 | ECBS RandomHop mutated 2/10 agent paths [SUPPRESSED] (cumulative=77)
 00:00:13 | ECBS RandomHop mutated 2/11 agent paths [SUPPRESSED] (cumulative=79)
 00:00:13 | ECBS RandomHop mutated 2/11 agent paths [SUPPRESSED] (cumulative=81)
 00:00:13 | ECBS RandomHop mutated 2/11 agent paths [SUPPRESSED] (cumulative=83)
 00:00:13 | ECBS RandomHop mutated 2/14 agent paths [SUPPRESSED] (cumulative=85)
 00:00:13 | ECBS RandomHop mutated 2/13 agent paths [SUPPRESSED] (cumulative=87)
 00:00:13 | ECBS RandomHop mutated 2/14 agent paths [SUPPRESSED] (cumulative=89)
 00:00:13 | ECBS RandomHop mutated 3/14 agent paths [SUPPRESSED] (cumulative=92)
 00:00:13 | ECBS RandomHop mutated 3/13 agent paths [SUPPRESSED] (cumulative=95)
 00:00:13 | ECBS RandomHop mutated 3/13 agent paths [SUPPRESSED] (cumulative=98)
 00:00:13 | ECBS RandomHop mutated 3/14 agent paths [SUPPRESSED] (cumulative=101)
 00:00:13 | ECBS RandomHop mutated 3/15 agent paths [SUPPRESSED] (cumulative=104)
 00:00:13 | ECBS RandomHop mutated 3/15 agent paths [SUPPRESSED] (cumulative=107)
 00:00:13 | ECBS RandomHop mutated 3/15 agent paths [SUPPRESSED] (cumulative=110)
 00:00:13 | ECBS RandomHop mutated 3/14 agent paths [SUPPRESSED] (cumulative=113)
 00:00:13 | ECBS RandomHop mutated 3/14 agent paths [SUPPRESSED] (cumulative=116)
 00:00:13 | ECBS RandomHop mutated 3/13 agent paths [SUPPRESSED] (cumulative=119)
 00:00:13 | ECBS RandomHop mutated 3/13 agent paths [SUPPRESSED] (cumulative=122)
 00:00:13 | ECBS RandomHop mutated 3/13 agent paths [SUPPRESSED] (cumulative=125)
 00:00:13 | ECBS RandomHop mutated 3/13 agent paths [SUPPRESSED] (cumulative=128)
 00:00:13 | ECBS RandomHop mutated 3/13 agent paths [SUPPRESSED] (cumulative=131)
 00:00:13 | ECBS RandomHop mutated 3/13 agent paths [SUPPRESSED] (cumulative=134)
 00:00:13 | ECBS RandomHop mutated 3/13 agent paths [SUPPRESSED] (cumulative=137)
 00:00:13 | ECBS RandomHop mutated 3/14 agent paths [SUPPRESSED] (cumulative=140)
 00:00:13 | ECBS RandomHop mutated 3/15 agent paths [SUPPRESSED] (cumulative=143)
 00:00:13 | ECBS RandomHop mutated 3/15 agent paths [SUPPRESSED] (cumulative=146)
 00:00:13 | ECBS RandomHop mutated 3/15 agent paths [SUPPRESSED] (cumulative=149)
 00:00:13 | ECBS RandomHop mutated 3/15 agent paths [SUPPRESSED] (cumulative=152)
 00:00:13 | ECBS RandomHop mutated 3/14 agent paths [SUPPRESSED] (cumulative=155)
 00:00:13 | ECBS RandomHop mutated 3/15 agent paths [SUPPRESSED] (cumulative=158)
 00:00:13 | ECBS RandomHop mutated 3/16 agent paths [SUPPRESSED] (cumulative=161)
 00:00:13 | ECBS RandomHop mutated 3/16 agent paths [SUPPRESSED] (cumulative=164)
 00:00:13 | ECBS RandomHop mutated 3/16 agent paths [SUPPRESSED] (cumulative=167)
 00:00:14 | ECBS RandomHop mutated 3/17 agent paths [SUPPRESSED] (cumulative=170)
 00:00:14 | ECBS RandomHop mutated 3/16 agent paths [SUPPRESSED] (cumulative=173)
 00:00:14 | ECBS RandomHop mutated 3/15 agent paths [SUPPRESSED] (cumulative=176)
 00:00:14 | ECBS RandomHop mutated 3/15 agent paths [SUPPRESSED] (cumulative=179)
 00:00:14 | ECBS RandomHop mutated 3/16 agent paths [SUPPRESSED] (cumulative=182)
 00:00:14 | ECBS RandomHop mutated 3/15 agent paths [SUPPRESSED] (cumulative=185)
 00:00:14 | ECBS RandomHop mutated 3/14 agent paths [SUPPRESSED] (cumulative=188)
 00:00:14 | ECBS RandomHop mutated 3/14 agent paths [SUPPRESSED] (cumulative=191)
 00:00:14 | ECBS RandomHop mutated 3/14 agent paths [SUPPRESSED] (cumulative=194)
 00:00:14 | ECBS RandomHop mutated 3/15 agent paths [SUPPRESSED] (cumulative=197)
 00:00:14 | ECBS RandomHop mutated 3/17 agent paths [SUPPRESSED] (cumulative=200)
 00:00:14 | ECBS RandomHop mutated 3/17 agent paths [SUPPRESSED] (cumulative=203)
 00:00:14 | ECBS RandomHop mutated 3/17 agent paths [SUPPRESSED] (cumulative=206)
 00:00:14 | ECBS RandomHop mutated 3/16 agent paths [SUPPRESSED] (cumulative=209)
 00:00:14 | ECBS RandomHop mutated 3/16 agent paths [SUPPRESSED] (cumulative=212)
 00:00:14 | ECBS RandomHop mutated 3/14 agent paths [SUPPRESSED] (cumulative=215)
 00:00:14 | ECBS RandomHop mutated 3/13 agent paths [SUPPRESSED] (cumulative=218)
 00:00:14 | ECBS RandomHop mutated 3/13 agent paths [SUPPRESSED] (cumulative=221)
 00:00:14 | ECBS RandomHop mutated 3/13 agent paths [SUPPRESSED] (cumulative=224)
 00:00:14 | ECBS RandomHop mutated 3/13 agent paths [SUPPRESSED] (cumulative=227)
 00:00:14 | ECBS RandomHop mutated 3/13 agent paths [SUPPRESSED] (cumulative=230)
 00:00:14 | ECBS RandomHop mutated 3/13 agent paths [SUPPRESSED] (cumulative=233)
 00:00:14 | ECBS RandomHop mutated 3/12 agent paths [SUPPRESSED] (cumulative=236)
 00:00:14 | ECBS RandomHop mutated 3/11 agent paths [SUPPRESSED] (cumulative=239)
 00:00:14 | ECBS RandomHop mutated 3/10 agent paths [SUPPRESSED] (cumulative=242)
 00:00:14 | ECBS RandomHop mutated 3/10 agent paths [SUPPRESSED] (cumulative=245)
 00:00:14 | ECBS RandomHop mutated 3/10 agent paths [SUPPRESSED] (cumulative=248)
 00:00:14 | ECBS RandomHop mutated 3/10 agent paths [SUPPRESSED] (cumulative=251)
 00:00:14 | ECBS RandomHop mutated 3/10 agent paths [SUPPRESSED] (cumulative=254)
 00:00:14 | ECBS RandomHop mutated 3/12 agent paths [SUPPRESSED] (cumulative=257)
 00:00:14 | ECBS RandomHop mutated 3/12 agent paths [SUPPRESSED] (cumulative=260)
 00:00:14 | ECBS RandomHop mutated 3/11 agent paths [SUPPRESSED] (cumulative=263)
 00:00:14 | ECBS RandomHop mutated 3/11 agent paths [SUPPRESSED] (cumulative=266)
 00:00:14 | ECBS RandomHop mutated 3/11 agent paths [SUPPRESSED] (cumulative=269)
 00:00:14 | ECBS RandomHop mutated 3/11 agent paths [SUPPRESSED] (cumulative=272)
 00:00:14 | ECBS RandomHop mutated 3/12 agent paths [SUPPRESSED] (cumulative=275)
 00:00:14 | ECBS RandomHop mutated 3/11 agent paths [SUPPRESSED] (cumulative=278)
 00:00:14 | ECBS RandomHop mutated 3/12 agent paths [SUPPRESSED] (cumulative=281)
 00:00:14 | ECBS RandomHop mutated 3/11 agent paths [SUPPRESSED] (cumulative=284)
 00:00:14 | ECBS RandomHop mutated 3/10 agent paths [SUPPRESSED] (cumulative=287)
 00:00:14 | ECBS RandomHop mutated 3/10 agent paths [SUPPRESSED] (cumulative=290)
 00:00:14 | ECBS RandomHop mutated 3/10 agent paths [SUPPRESSED] (cumulative=293)
 00:00:14 | ECBS RandomHop mutated 3/9 agent paths [SUPPRESSED] (cumulative=296)
 00:00:14 | ECBS RandomHop mutated 3/10 agent paths [SUPPRESSED] (cumulative=299)
 00:00:14 | ECBS RandomHop mutated 3/11 agent paths [SUPPRESSED] (cumulative=302)
 00:00:14 | ECBS RandomHop mutated 3/11 agent paths [SUPPRESSED] (cumulative=305)
 00:00:14 | ECBS RandomHop mutated 3/12 agent paths [SUPPRESSED] (cumulative=308)
 00:00:14 | ECBS RandomHop mutated 3/12 agent paths [SUPPRESSED] (cumulative=311)
 00:00:14 | ECBS RandomHop mutated 3/12 agent paths [SUPPRESSED] (cumulative=314)
 00:00:14 | ECBS RandomHop mutated 3/12 agent paths [SUPPRESSED] (cumulative=317)
 00:00:14 | ECBS RandomHop mutated 3/12 agent paths [SUPPRESSED] (cumulative=320)
 00:00:14 | ECBS RandomHop mutated 3/12 agent paths [SUPPRESSED] (cumulative=323)
 00:00:14 | ECBS RandomHop mutated 3/11 agent paths [SUPPRESSED] (cumulative=326)
 00:00:14 | ECBS RandomHop mutated 3/12 agent paths [SUPPRESSED] (cumulative=329)
 00:00:14 | ECBS RandomHop mutated 3/12 agent paths [SUPPRESSED] (cumulative=332)
 00:00:14 | ECBS RandomHop mutated 3/12 agent paths [SUPPRESSED] (cumulative=335)
 00:00:14 | ECBS RandomHop mutated 3/13 agent paths [SUPPRESSED] (cumulative=338)
 00:00:14 | ECBS RandomHop mutated 3/13 agent paths [SUPPRESSED] (cumulative=341)
 00:00:14 | ECBS RandomHop mutated 3/12 agent paths [SUPPRESSED] (cumulative=344)
 00:00:14 | ECBS RandomHop mutated 3/13 agent paths [SUPPRESSED] (cumulative=347)
 00:00:14 | ECBS RandomHop mutated 3/13 agent paths [SUPPRESSED] (cumulative=350)
 00:00:14 | ECBS RandomHop mutated 3/14 agent paths [SUPPRESSED] (cumulative=353)
 00:00:14 | ECBS RandomHop mutated 3/14 agent paths [SUPPRESSED] (cumulative=356)
 00:00:14 | ECBS RandomHop mutated 3/15 agent paths [SUPPRESSED] (cumulative=359)
 00:00:14 | ECBS RandomHop mutated 3/15 agent paths [SUPPRESSED] (cumulative=362)
 00:00:15 | ECBS RandomHop mutated 3/16 agent paths [SUPPRESSED] (cumulative=365)
 00:00:15 | ECBS RandomHop mutated 3/16 agent paths [SUPPRESSED] (cumulative=368)
 00:00:15 | ECBS RandomHop mutated 3/16 agent paths [SUPPRESSED] (cumulative=371)
 00:00:15 | 00:00:14 | 0.00:15:19 |  51.06%  |   193   |   265    | 72%  |   8523   |   0    | 158.91MB  
 00:00:15 | ECBS RandomHop mutated 3/15 agent paths [SUPPRESSED] (cumulative=374)
 00:00:15 | ECBS RandomHop mutated 3/15 agent paths [SUPPRESSED] (cumulative=377)
 00:00:15 | ECBS RandomHop mutated 3/15 agent paths [SUPPRESSED] (cumulative=380)
 00:00:15 | ECBS RandomHop mutated 3/16 agent paths [SUPPRESSED] (cumulative=383)
 00:00:15 | ECBS RandomHop mutated 3/16 agent paths [SUPPRESSED] (cumulative=386)
 00:00:15 | ECBS RandomHop mutated 3/15 agent paths [SUPPRESSED] (cumulative=389)
 00:00:15 | ECBS RandomHop mutated 3/14 agent paths [SUPPRESSED] (cumulative=392)
 00:00:15 | ECBS RandomHop mutated 3/13 agent paths [SUPPRESSED] (cumulative=395)
 00:00:15 | ECBS RandomHop mutated 3/14 agent paths [SUPPRESSED] (cumulative=398)
 00:00:15 | ECBS RandomHop mutated 3/14 agent paths [SUPPRESSED] (cumulative=401)
 00:00:15 | ECBS RandomHop mutated 3/14 agent paths [SUPPRESSED] (cumulative=404)
 00:00:15 | ECBS RandomHop mutated 3/13 agent paths [SUPPRESSED] (cumulative=407)
 00:00:15 | ECBS RandomHop mutated 3/13 agent paths [SUPPRESSED] (cumulative=410)
 00:00:15 | ECBS RandomHop mutated 3/11 agent paths [SUPPRESSED] (cumulative=413)
 00:00:15 | ECBS RandomHop mutated 3/11 agent paths [SUPPRESSED] (cumulative=416)
 00:00:15 | ECBS RandomHop mutated 3/13 agent paths [SUPPRESSED] (cumulative=419)
 00:00:15 | ECBS RandomHop mutated 3/13 agent paths [SUPPRESSED] (cumulative=422)
 00:00:15 | ECBS RandomHop mutated 3/13 agent paths [SUPPRESSED] (cumulative=425)
 00:00:15 | ECBS RandomHop mutated 3/13 agent paths [SUPPRESSED] (cumulative=428)
 00:00:15 | ECBS RandomHop mutated 3/13 agent paths [SUPPRESSED] (cumulative=431)
 00:00:15 | ECBS RandomHop mutated 3/14 agent paths [SUPPRESSED] (cumulative=434)
 00:00:15 | ECBS RandomHop mutated 3/13 agent paths [SUPPRESSED] (cumulative=437)
 00:00:15 | ECBS RandomHop mutated 3/12 agent paths [SUPPRESSED] (cumulative=440)
 00:00:15 | ECBS RandomHop mutated 3/10 agent paths [SUPPRESSED] (cumulative=443)
 00:00:15 | ECBS RandomHop mutated 3/8 agent paths [SUPPRESSED] (cumulative=446)
 00:00:15 | ECBS RandomHop mutated 3/8 agent paths [SUPPRESSED] (cumulative=449)
 00:00:15 | ECBS RandomHop mutated 3/8 agent paths [SUPPRESSED] (cumulative=452)
 00:00:15 | ECBS RandomHop mutated 3/9 agent paths [SUPPRESSED] (cumulative=455)
 00:00:15 | ECBS RandomHop mutated 3/9 agent paths [SUPPRESSED] (cumulative=458)
 00:00:15 | ECBS RandomHop mutated 3/8 agent paths [SUPPRESSED] (cumulative=461)
 00:00:15 | ECBS RandomHop mutated 3/9 agent paths [SUPPRESSED] (cumulative=464)
 00:00:15 | ECBS RandomHop mutated 3/10 agent paths [SUPPRESSED] (cumulative=467)
 00:00:15 | ECBS RandomHop mutated 3/11 agent paths [SUPPRESSED] (cumulative=470)
 00:00:15 | ECBS RandomHop mutated 3/13 agent paths [SUPPRESSED] (cumulative=473)
 00:00:15 | ECBS RandomHop mutated 3/15 agent paths [SUPPRESSED] (cumulative=476)
 00:00:15 | ECBS RandomHop mutated 3/14 agent paths [SUPPRESSED] (cumulative=479)
 00:00:15 | ECBS RandomHop mutated 3/14 agent paths [SUPPRESSED] (cumulative=482)
 00:00:15 | ECBS RandomHop mutated 3/14 agent paths [SUPPRESSED] (cumulative=485)
 00:00:15 | ECBS RandomHop mutated 3/15 agent paths [SUPPRESSED] (cumulative=488)
 00:00:15 | ECBS RandomHop mutated 4/15 agent paths [SUPPRESSED] (cumulative=492)
 00:00:15 | ECBS RandomHop mutated 4/15 agent paths [SUPPRESSED] (cumulative=496)
 00:00:15 | ECBS RandomHop mutated 4/15 agent paths [SUPPRESSED] (cumulative=500)
 00:00:15 | ECBS RandomHop mutated 4/15 agent paths [SUPPRESSED] (cumulative=504)
 00:00:15 | ECBS RandomHop mutated 4/15 agent paths [SUPPRESSED] (cumulative=508)
 00:00:15 | ECBS RandomHop mutated 4/15 agent paths [SUPPRESSED] (cumulative=512)
 00:00:15 | ECBS RandomHop mutated 4/16 agent paths [SUPPRESSED] (cumulative=516)
 00:00:15 | ECBS RandomHop mutated 4/16 agent paths [SUPPRESSED] (cumulative=520)
 00:00:15 | ECBS RandomHop mutated 4/15 agent paths [SUPPRESSED] (cumulative=524)
 00:00:15 | WARNING! Aborting ECBS - could not obtain an initial solution for the following agents: Agent6(74->73)
 00:00:15 | ECBS RandomHop mutated 4/12 agent paths [SUPPRESSED] (cumulative=528)
 00:00:15 | WARNING! Aborting ECBS - could not obtain an initial solution for the following agents: Agent6(74->73)
 00:00:15 | ECBS RandomHop mutated 4/12 agent paths [SUPPRESSED] (cumulative=532)
 00:00:15 | WARNING! Aborting ECBS - could not obtain an initial solution for the following agents: Agent6(74->73)
 00:00:15 | ECBS RandomHop mutated 4/12 agent paths [SUPPRESSED] (cumulative=536)
 00:00:15 | WARNING! Aborting ECBS - could not obtain an initial solution for the following agents: Agent6(74->73)
 00:00:15 | ECBS RandomHop mutated 4/12 agent paths [SUPPRESSED] (cumulative=540)
 00:00:15 | WARNING! Aborting ECBS - could not obtain an initial solution for the following agents: Agent6(74->73)
 00:00:15 | ECBS RandomHop mutated 4/13 agent paths [SUPPRESSED] (cumulative=544)
 00:00:15 | WARNING! Aborting ECBS - could not obtain an initial solution for the following agents: Agent6(74->73)
 00:00:15 | ECBS RandomHop mutated 4/13 agent paths [SUPPRESSED] (cumulative=548)
 00:00:15 | WARNING! Aborting ECBS - could not obtain an initial solution for the following agents: Agent6(74->73)
 00:00:15 | ECBS RandomHop mutated 4/13 agent paths [SUPPRESSED] (cumulative=552)
 00:00:15 | WARNING! Aborting ECBS - could not obtain an initial solution for the following agents: Agent6(74->73)
 00:00:15 | ECBS RandomHop mutated 4/15 agent paths [SUPPRESSED] (cumulative=556)
 00:00:15 | WARNING! Aborting ECBS - could not obtain an initial solution for the following agents: Agent6(74->73)
 00:00:15 | ECBS RandomHop mutated 4/14 agent paths [SUPPRESSED] (cumulative=560)
 00:00:15 | ECBS RandomHop mutated 4/14 agent paths [SUPPRESSED] (cumulative=564)
 00:00:15 | ECBS RandomHop mutated 4/15 agent paths [SUPPRESSED] (cumulative=568)
 00:00:15 | ECBS RandomHop mutated 4/15 agent paths [SUPPRESSED] (cumulative=572)
 00:00:15 | ECBS RandomHop mutated 4/15 agent paths [SUPPRESSED] (cumulative=576)
 00:00:15 | ECBS RandomHop mutated 4/15 agent paths [SUPPRESSED] (cumulative=580)
 00:00:15 | ECBS RandomHop mutated 4/15 agent paths [SUPPRESSED] (cumulative=584)
 00:00:15 | ECBS RandomHop mutated 4/15 agent paths [SUPPRESSED] (cumulative=588)
 00:00:15 | ECBS RandomHop mutated 4/14 agent paths [SUPPRESSED] (cumulative=592)
 00:00:15 | ECBS RandomHop mutated 4/16 agent paths [SUPPRESSED] (cumulative=596)
 00:00:15 | ECBS RandomHop mutated 4/13 agent paths [SUPPRESSED] (cumulative=600)
 00:00:15 | ECBS RandomHop mutated 4/12 agent paths [SUPPRESSED] (cumulative=604)
 00:00:16 | ECBS RandomHop mutated 4/13 agent paths [SUPPRESSED] (cumulative=608)
 00:00:16 | ECBS RandomHop mutated 4/13 agent paths [SUPPRESSED] (cumulative=612)
 00:00:16 | ECBS RandomHop mutated 4/13 agent paths [SUPPRESSED] (cumulative=616)
 00:00:16 | ECBS RandomHop mutated 4/14 agent paths [SUPPRESSED] (cumulative=620)
 00:00:16 | ECBS RandomHop mutated 4/13 agent paths [SUPPRESSED] (cumulative=624)
 00:00:16 | ECBS RandomHop mutated 4/14 agent paths [SUPPRESSED] (cumulative=628)
 00:00:16 | ECBS RandomHop mutated 4/14 agent paths [SUPPRESSED] (cumulative=632)
 00:00:16 | ECBS RandomHop mutated 4/16 agent paths [SUPPRESSED] (cumulative=636)
 00:00:16 | ECBS RandomHop mutated 4/17 agent paths [SUPPRESSED] (cumulative=640)
 00:00:16 | ECBS RandomHop mutated 4/17 agent paths [SUPPRESSED] (cumulative=644)
 00:00:16 | ECBS RandomHop mutated 4/17 agent paths [SUPPRESSED] (cumulative=648)
 00:00:16 | ECBS RandomHop mutated 4/18 agent paths [SUPPRESSED] (cumulative=652)
 00:00:16 | ECBS RandomHop mutated 4/18 agent paths [SUPPRESSED] (cumulative=656)
 00:00:16 | ECBS RandomHop mutated 4/19 agent paths [SUPPRESSED] (cumulative=660)
 00:00:16 | ECBS RandomHop mutated 4/17 agent paths [SUPPRESSED] (cumulative=664)
 00:00:16 | ECBS RandomHop mutated 4/17 agent paths [SUPPRESSED] (cumulative=668)
 00:00:16 | ECBS RandomHop mutated 4/17 agent paths [SUPPRESSED] (cumulative=672)
 00:00:16 | ECBS RandomHop mutated 4/18 agent paths [SUPPRESSED] (cumulative=676)
 00:00:16 | ECBS RandomHop mutated 4/18 agent paths [SUPPRESSED] (cumulative=680)
 00:00:16 | ECBS RandomHop mutated 4/19 agent paths [SUPPRESSED] (cumulative=684)
 00:00:16 | ECBS RandomHop mutated 4/19 agent paths [SUPPRESSED] (cumulative=688)
 00:00:16 | ECBS RandomHop mutated 4/18 agent paths [SUPPRESSED] (cumulative=692)
 00:00:16 | ECBS RandomHop mutated 4/19 agent paths [SUPPRESSED] (cumulative=696)
 00:00:16 | ECBS RandomHop mutated 4/20 agent paths [SUPPRESSED] (cumulative=700)
 00:00:16 | ECBS RandomHop mutated 4/21 agent paths [SUPPRESSED] (cumulative=704)
 00:00:16 | ECBS RandomHop mutated 4/20 agent paths [SUPPRESSED] (cumulative=708)
 00:00:16 | ECBS RandomHop mutated 4/20 agent paths [SUPPRESSED] (cumulative=712)
 00:00:16 | ECBS RandomHop mutated 4/20 agent paths [SUPPRESSED] (cumulative=716)
 00:00:16 | ECBS RandomHop mutated 4/19 agent paths [SUPPRESSED] (cumulative=720)
 00:00:16 | ECBS RandomHop mutated 4/20 agent paths [SUPPRESSED] (cumulative=724)
 00:00:16 | ECBS RandomHop mutated 4/19 agent paths [SUPPRESSED] (cumulative=728)
 00:00:16 | ECBS RandomHop mutated 4/18 agent paths [SUPPRESSED] (cumulative=732)
 00:00:16 | ECBS RandomHop mutated 4/17 agent paths [SUPPRESSED] (cumulative=736)
 00:00:16 | ECBS RandomHop mutated 4/15 agent paths [SUPPRESSED] (cumulative=740)
 00:00:16 | ECBS RandomHop mutated 4/16 agent paths [SUPPRESSED] (cumulative=744)
 00:00:16 | ECBS RandomHop mutated 4/15 agent paths [SUPPRESSED] (cumulative=748)
 00:00:16 | ECBS RandomHop mutated 4/15 agent paths [SUPPRESSED] (cumulative=752)
 00:00:16 | ECBS RandomHop mutated 4/15 agent paths [SUPPRESSED] (cumulative=756)
 00:00:16 | ECBS RandomHop mutated 4/15 agent paths [SUPPRESSED] (cumulative=760)
 00:00:16 | ECBS RandomHop mutated 4/15 agent paths [SUPPRESSED] (cumulative=764)
 00:00:16 | ECBS RandomHop mutated 4/14 agent paths [SUPPRESSED] (cumulative=768)
 00:00:16 | ECBS RandomHop mutated 4/15 agent paths [SUPPRESSED] (cumulative=772)
 00:00:16 | ECBS RandomHop mutated 4/15 agent paths [SUPPRESSED] (cumulative=776)
 00:00:16 | ECBS RandomHop mutated 4/13 agent paths [SUPPRESSED] (cumulative=780)
 00:00:16 | ECBS RandomHop mutated 4/13 agent paths [SUPPRESSED] (cumulative=784)
 00:00:16 | ECBS RandomHop mutated 4/12 agent paths [SUPPRESSED] (cumulative=788)
 00:00:16 | ECBS RandomHop mutated 4/12 agent paths [SUPPRESSED] (cumulative=792)
 00:00:16 | ECBS RandomHop mutated 4/13 agent paths [SUPPRESSED] (cumulative=796)
 00:00:16 | ECBS RandomHop mutated 4/13 agent paths [SUPPRESSED] (cumulative=800)
 00:00:16 | ECBS RandomHop mutated 4/14 agent paths [SUPPRESSED] (cumulative=804)
 00:00:16 | ECBS RandomHop mutated 4/13 agent paths [SUPPRESSED] (cumulative=808)
 00:00:16 | ECBS RandomHop mutated 4/14 agent paths [SUPPRESSED] (cumulative=812)
 00:00:16 | ECBS RandomHop mutated 4/13 agent paths [SUPPRESSED] (cumulative=816)
 00:00:16 | ECBS RandomHop mutated 4/12 agent paths [SUPPRESSED] (cumulative=820)
 00:00:16 | ECBS RandomHop mutated 4/13 agent paths [SUPPRESSED] (cumulative=824)
 00:00:16 | ECBS RandomHop mutated 4/13 agent paths [SUPPRESSED] (cumulative=828)
 00:00:16 | ECBS RandomHop mutated 4/13 agent paths [SUPPRESSED] (cumulative=832)
 00:00:16 | ECBS RandomHop mutated 4/13 agent paths [SUPPRESSED] (cumulative=836)
 00:00:16 | ECBS RandomHop mutated 4/13 agent paths [SUPPRESSED] (cumulative=840)
 00:00:16 | ECBS RandomHop mutated 4/13 agent paths [SUPPRESSED] (cumulative=844)
 00:00:16 | ECBS RandomHop mutated 4/13 agent paths [SUPPRESSED] (cumulative=848)
 00:00:16 | ECBS RandomHop mutated 4/13 agent paths [SUPPRESSED] (cumulative=852)
 00:00:16 | ECBS RandomHop mutated 4/12 agent paths [SUPPRESSED] (cumulative=856)
 00:00:16 | ECBS RandomHop mutated 4/13 agent paths [SUPPRESSED] (cumulative=860)
 00:00:16 | ECBS RandomHop mutated 4/13 agent paths [SUPPRESSED] (cumulative=864)
 00:00:16 | ECBS RandomHop mutated 4/12 agent paths [SUPPRESSED] (cumulative=868)
 00:00:16 | ECBS RandomHop mutated 4/12 agent paths [SUPPRESSED] (cumulative=872)
 00:00:16 | ECBS RandomHop mutated 4/11 agent paths [SUPPRESSED] (cumulative=876)
 00:00:16 | ECBS RandomHop mutated 4/12 agent paths [SUPPRESSED] (cumulative=880)
 00:00:17 | ECBS RandomHop mutated 4/12 agent paths [SUPPRESSED] (cumulative=884)
 00:00:17 | ECBS RandomHop mutated 4/12 agent paths [SUPPRESSED] (cumulative=888)
 00:00:17 | ECBS RandomHop mutated 4/12 agent paths [SUPPRESSED] (cumulative=892)
 00:00:17 | ECBS RandomHop mutated 4/12 agent paths [SUPPRESSED] (cumulative=896)
 00:00:17 | ECBS RandomHop mutated 4/13 agent paths [SUPPRESSED] (cumulative=900)
 00:00:17 | ECBS RandomHop mutated 4/13 agent paths [SUPPRESSED] (cumulative=904)
 00:00:17 | ECBS RandomHop mutated 4/13 agent paths [SUPPRESSED] (cumulative=908)
 00:00:17 | ECBS RandomHop mutated 4/13 agent paths [SUPPRESSED] (cumulative=912)
 00:00:17 | ECBS RandomHop mutated 4/13 agent paths [SUPPRESSED] (cumulative=916)
 00:00:17 | ECBS RandomHop mutated 4/13 agent paths [SUPPRESSED] (cumulative=920)
 00:00:17 | ECBS RandomHop mutated 4/13 agent paths [SUPPRESSED] (cumulative=924)
 00:00:17 | ECBS RandomHop mutated 4/13 agent paths [SUPPRESSED] (cumulative=928)
 00:00:17 | ECBS RandomHop mutated 4/13 agent paths [SUPPRESSED] (cumulative=932)
 00:00:17 | ECBS RandomHop mutated 4/13 agent paths [SUPPRESSED] (cumulative=936)
 00:00:17 | ECBS RandomHop mutated 4/12 agent paths [SUPPRESSED] (cumulative=940)
 00:00:17 | ECBS RandomHop mutated 4/12 agent paths [SUPPRESSED] (cumulative=944)
 00:00:17 | ECBS RandomHop mutated 4/12 agent paths [SUPPRESSED] (cumulative=948)
 00:00:17 | ECBS RandomHop mutated 4/11 agent paths [SUPPRESSED] (cumulative=952)
 00:00:17 | ECBS RandomHop mutated 4/12 agent paths [SUPPRESSED] (cumulative=956)
 00:00:17 | ECBS RandomHop mutated 4/12 agent paths [SUPPRESSED] (cumulative=960)
 00:00:17 | ECBS RandomHop mutated 4/12 agent paths [SUPPRESSED] (cumulative=964)
 00:00:17 | ECBS RandomHop mutated 4/13 agent paths [SUPPRESSED] (cumulative=968)
 00:00:17 | ECBS RandomHop mutated 4/13 agent paths [SUPPRESSED] (cumulative=972)
 00:00:17 | ECBS RandomHop mutated 4/11 agent paths [SUPPRESSED] (cumulative=976)
 00:00:17 | ECBS RandomHop mutated 4/11 agent paths [SUPPRESSED] (cumulative=980)
 00:00:17 | ECBS RandomHop mutated 4/11 agent paths [SUPPRESSED] (cumulative=984)
 00:00:17 | ECBS RandomHop mutated 4/13 agent paths [SUPPRESSED] (cumulative=988)
 00:00:17 | ECBS RandomHop mutated 4/13 agent paths [SUPPRESSED] (cumulative=992)
 00:00:17 | ECBS RandomHop mutated 4/13 agent paths [SUPPRESSED] (cumulative=996)
 00:00:17 | ECBS RandomHop mutated 4/13 agent paths [SUPPRESSED] (cumulative=1000)
 00:00:17 | ECBS RandomHop mutated 4/12 agent paths [SUPPRESSED] (cumulative=1004)
 00:00:17 | ECBS RandomHop mutated 4/12 agent paths [SUPPRESSED] (cumulative=1008)
 00:00:17 | ECBS RandomHop mutated 4/15 agent paths [SUPPRESSED] (cumulative=1012)
 00:00:17 | ECBS RandomHop mutated 4/15 agent paths [SUPPRESSED] (cumulative=1016)
 00:00:17 | ECBS RandomHop mutated 4/15 agent paths [SUPPRESSED] (cumulative=1020)
 00:00:17 | ECBS RandomHop mutated 4/15 agent paths [SUPPRESSED] (cumulative=1024)
 00:00:17 | ECBS RandomHop mutated 4/14 agent paths [SUPPRESSED] (cumulative=1028)
 00:00:17 | ECBS RandomHop mutated 4/14 agent paths [SUPPRESSED] (cumulative=1032)
 00:00:17 | ECBS RandomHop mutated 4/14 agent paths [SUPPRESSED] (cumulative=1036)
 00:00:17 | ECBS RandomHop mutated 4/14 agent paths [SUPPRESSED] (cumulative=1040)
 00:00:17 | ECBS RandomHop mutated 4/14 agent paths [SUPPRESSED] (cumulative=1044)
 00:00:17 | ECBS RandomHop mutated 4/15 agent paths [SUPPRESSED] (cumulative=1048)
 00:00:17 | ECBS RandomHop mutated 4/15 agent paths [SUPPRESSED] (cumulative=1052)
 00:00:17 | ECBS RandomHop mutated 4/15 agent paths [SUPPRESSED] (cumulative=1056)
 00:00:17 | ECBS RandomHop mutated 4/14 agent paths [SUPPRESSED] (cumulative=1060)
 00:00:17 | ECBS RandomHop mutated 4/13 agent paths [SUPPRESSED] (cumulative=1064)
 00:00:17 | ECBS RandomHop mutated 4/12 agent paths [SUPPRESSED] (cumulative=1068)
 00:00:17 | ECBS RandomHop mutated 4/11 agent paths [SUPPRESSED] (cumulative=1072)
 00:00:17 | ECBS RandomHop mutated 4/11 agent paths [SUPPRESSED] (cumulative=1076)
 00:00:17 | ECBS RandomHop mutated 4/12 agent paths [SUPPRESSED] (cumulative=1080)
 00:00:17 | ECBS RandomHop mutated 4/12 agent paths [SUPPRESSED] (cumulative=1084)
 00:00:17 | ECBS RandomHop mutated 4/12 agent paths [SUPPRESSED] (cumulative=1088)
 00:00:17 | ECBS RandomHop mutated 4/13 agent paths [SUPPRESSED] (cumulative=1092)
 00:00:17 | ECBS RandomHop mutated 4/13 agent paths [SUPPRESSED] (cumulative=1096)
 00:00:17 | ECBS RandomHop mutated 4/12 agent paths [SUPPRESSED] (cumulative=1100)
 00:00:17 | ECBS RandomHop mutated 4/11 agent paths [SUPPRESSED] (cumulative=1104)
 00:00:17 | ECBS RandomHop mutated 4/12 agent paths [SUPPRESSED] (cumulative=1108)
 00:00:17 | ECBS RandomHop mutated 4/12 agent paths [SUPPRESSED] (cumulative=1112)
 00:00:17 | ECBS RandomHop mutated 4/12 agent paths [SUPPRESSED] (cumulative=1116)
 00:00:17 | ECBS RandomHop mutated 4/12 agent paths [SUPPRESSED] (cumulative=1120)
 00:00:17 | ECBS RandomHop mutated 4/12 agent paths [SUPPRESSED] (cumulative=1124)
 00:00:17 | ECBS RandomHop mutated 4/12 agent paths [SUPPRESSED] (cumulative=1128)
 00:00:17 | ECBS RandomHop mutated 4/12 agent paths [SUPPRESSED] (cumulative=1132)
 00:00:17 | ECBS RandomHop mutated 4/12 agent paths [SUPPRESSED] (cumulative=1136)
 00:00:17 | ECBS RandomHop mutated 4/9 agent paths [SUPPRESSED] (cumulative=1140)
 00:00:18 | ECBS RandomHop mutated 4/10 agent paths [SUPPRESSED] (cumulative=1144)
 00:00:18 | ECBS RandomHop mutated 4/11 agent paths [SUPPRESSED] (cumulative=1148)
 00:00:18 | ECBS RandomHop mutated 4/11 agent paths [SUPPRESSED] (cumulative=1152)
 00:00:18 | ECBS RandomHop mutated 4/11 agent paths [SUPPRESSED] (cumulative=1156)
 00:00:18 | ECBS RandomHop mutated 4/11 agent paths [SUPPRESSED] (cumulative=1160)
 00:00:18 | ECBS RandomHop mutated 4/11 agent paths [SUPPRESSED] (cumulative=1164)
 00:00:18 | ECBS RandomHop mutated 4/11 agent paths [SUPPRESSED] (cumulative=1168)
 00:00:18 | ECBS RandomHop mutated 4/11 agent paths [SUPPRESSED] (cumulative=1172)
 00:00:18 | ECBS RandomHop mutated 4/12 agent paths [SUPPRESSED] (cumulative=1176)
 00:00:18 | ECBS RandomHop mutated 4/11 agent paths [SUPPRESSED] (cumulative=1180)
 00:00:18 | ECBS RandomHop mutated 4/11 agent paths [SUPPRESSED] (cumulative=1184)
 00:00:18 | ECBS RandomHop mutated 4/12 agent paths [SUPPRESSED] (cumulative=1188)
 00:00:18 | ECBS RandomHop mutated 4/13 agent paths [SUPPRESSED] (cumulative=1192)
 00:00:18 | ECBS RandomHop mutated 4/12 agent paths [SUPPRESSED] (cumulative=1196)
 00:00:18 | ECBS RandomHop mutated 4/12 agent paths [SUPPRESSED] (cumulative=1200)
 00:00:18 | ECBS RandomHop mutated 4/13 agent paths [SUPPRESSED] (cumulative=1204)
 00:00:18 | ECBS RandomHop mutated 4/13 agent paths [SUPPRESSED] (cumulative=1208)
 00:00:18 | ECBS RandomHop mutated 4/13 agent paths [SUPPRESSED] (cumulative=1212)
 00:00:18 | ECBS RandomHop mutated 4/13 agent paths [SUPPRESSED] (cumulative=1216)
 00:00:18 | ECBS RandomHop mutated 4/15 agent paths [SUPPRESSED] (cumulative=1220)
 00:00:18 | ECBS RandomHop mutated 4/15 agent paths [SUPPRESSED] (cumulative=1224)
 00:00:18 | ECBS RandomHop mutated 4/15 agent paths [SUPPRESSED] (cumulative=1228)
 00:00:18 | ECBS RandomHop mutated 4/15 agent paths [SUPPRESSED] (cumulative=1232)
 00:00:18 | ECBS RandomHop mutated 4/17 agent paths [SUPPRESSED] (cumulative=1236)
 00:00:18 | ECBS RandomHop mutated 4/17 agent paths [SUPPRESSED] (cumulative=1240)
 00:00:18 | ECBS RandomHop mutated 4/18 agent paths [SUPPRESSED] (cumulative=1244)
 00:00:18 | ECBS RandomHop mutated 4/18 agent paths [SUPPRESSED] (cumulative=1248)
 00:00:18 | ECBS RandomHop mutated 4/18 agent paths [SUPPRESSED] (cumulative=1252)
 00:00:18 | ECBS RandomHop mutated 4/17 agent paths [SUPPRESSED] (cumulative=1256)
 00:00:18 | ECBS RandomHop mutated 4/17 agent paths [SUPPRESSED] (cumulative=1260)
 00:00:18 | ECBS RandomHop mutated 4/17 agent paths [SUPPRESSED] (cumulative=1264)
 00:00:18 | ECBS RandomHop mutated 4/18 agent paths [SUPPRESSED] (cumulative=1268)
 00:00:18 | ECBS RandomHop mutated 4/18 agent paths [SUPPRESSED] (cumulative=1272)
 00:00:18 | ECBS RandomHop mutated 4/18 agent paths [SUPPRESSED] (cumulative=1276)
 00:00:18 | ECBS RandomHop mutated 4/18 agent paths [SUPPRESSED] (cumulative=1280)
 00:00:18 | ECBS RandomHop mutated 4/17 agent paths [SUPPRESSED] (cumulative=1284)
 00:00:18 | ECBS RandomHop mutated 4/18 agent paths [SUPPRESSED] (cumulative=1288)
 00:00:18 | ECBS RandomHop mutated 4/18 agent paths [SUPPRESSED] (cumulative=1292)
 00:00:18 | ECBS RandomHop mutated 4/18 agent paths [SUPPRESSED] (cumulative=1296)
 00:00:18 | ECBS RandomHop mutated 4/18 agent paths [SUPPRESSED] (cumulative=1300)
 00:00:18 | ECBS RandomHop mutated 4/17 agent paths [SUPPRESSED] (cumulative=1304)
 00:00:18 | ECBS RandomHop mutated 4/18 agent paths [SUPPRESSED] (cumulative=1308)
 00:00:18 | ECBS RandomHop mutated 4/18 agent paths [SUPPRESSED] (cumulative=1312)
 00:00:18 | ECBS RandomHop mutated 4/19 agent paths [SUPPRESSED] (cumulative=1316)
 00:00:18 | ECBS RandomHop mutated 4/20 agent paths [SUPPRESSED] (cumulative=1320)
 00:00:18 | ECBS RandomHop mutated 4/19 agent paths [SUPPRESSED] (cumulative=1324)
 00:00:18 | ECBS RandomHop mutated 4/19 agent paths [SUPPRESSED] (cumulative=1328)
 00:00:18 | ECBS RandomHop mutated 4/17 agent paths [SUPPRESSED] (cumulative=1332)
 00:00:18 | ECBS RandomHop mutated 4/17 agent paths [SUPPRESSED] (cumulative=1336)
 00:00:18 | ECBS RandomHop mutated 4/17 agent paths [SUPPRESSED] (cumulative=1340)
 00:00:18 | ECBS RandomHop mutated 4/17 agent paths [SUPPRESSED] (cumulative=1344)
 00:00:18 | ECBS RandomHop mutated 4/17 agent paths [SUPPRESSED] (cumulative=1348)
 00:00:18 | ECBS RandomHop mutated 4/17 agent paths [SUPPRESSED] (cumulative=1352)
 00:00:18 | ECBS RandomHop mutated 4/18 agent paths [SUPPRESSED] (cumulative=1356)
 00:00:18 | ECBS RandomHop mutated 4/18 agent paths [SUPPRESSED] (cumulative=1360)
 00:00:18 | WARNING! Aborting ECBS - could not obtain an initial solution for the following agents: Agent18(34->33)
 00:00:18 | ECBS RandomHop mutated 4/16 agent paths [SUPPRESSED] (cumulative=1364)
 00:00:18 | WARNING! Aborting ECBS - could not obtain an initial solution for the following agents: Agent18(34->33)
 00:00:18 | ECBS RandomHop mutated 4/18 agent paths [SUPPRESSED] (cumulative=1368)
 00:00:18 | WARNING! Aborting ECBS - could not obtain an initial solution for the following agents: Agent18(34->33)
 00:00:18 | ECBS RandomHop mutated 4/16 agent paths [SUPPRESSED] (cumulative=1372)
 00:00:18 | WARNING! Aborting ECBS - could not obtain an initial solution for the following agents: Agent18(34->33)
 00:00:18 | ECBS RandomHop mutated 4/16 agent paths [SUPPRESSED] (cumulative=1376)
 00:00:18 | WARNING! Aborting ECBS - could not obtain an initial solution for the following agents: Agent18(34->33)
 00:00:18 | ECBS RandomHop mutated 4/16 agent paths [SUPPRESSED] (cumulative=1380)
 00:00:18 | WARNING! Aborting ECBS - could not obtain an initial solution for the following agents: Agent18(34->33)
 00:00:18 | ECBS RandomHop mutated 4/16 agent paths [SUPPRESSED] (cumulative=1384)
 00:00:18 | WARNING! Aborting ECBS - could not obtain an initial solution for the following agents: Agent18(34->33)
 00:00:18 | ECBS RandomHop mutated 4/16 agent paths [SUPPRESSED] (cumulative=1388)
 00:00:18 | WARNING! Aborting ECBS - could not obtain an initial solution for the following agents: Agent18(34->33)
 00:00:18 | ECBS RandomHop mutated 4/16 agent paths [SUPPRESSED] (cumulative=1392)
 00:00:18 | WARNING! Aborting ECBS - could not obtain an initial solution for the following agents: Agent18(34->33)
 00:00:18 | ECBS RandomHop mutated 4/16 agent paths [SUPPRESSED] (cumulative=1396)
 00:00:19 | ECBS RandomHop mutated 4/16 agent paths [SUPPRESSED] (cumulative=1400)
 00:00:19 | ECBS RandomHop mutated 4/14 agent paths [SUPPRESSED] (cumulative=1404)
 00:00:19 | ECBS RandomHop mutated 4/15 agent paths [SUPPRESSED] (cumulative=1408)
 00:00:19 | ECBS RandomHop mutated 4/15 agent paths [SUPPRESSED] (cumulative=1412)
 00:00:19 | ECBS RandomHop mutated 5/16 agent paths [SUPPRESSED] (cumulative=1417)
 00:00:19 | ECBS RandomHop mutated 5/15 agent paths [SUPPRESSED] (cumulative=1422)
 00:00:19 | ECBS RandomHop mutated 5/15 agent paths [SUPPRESSED] (cumulative=1427)
 00:00:19 | ECBS RandomHop mutated 5/14 agent paths [SUPPRESSED] (cumulative=1432)
 00:00:19 | ECBS RandomHop mutated 5/16 agent paths [SUPPRESSED] (cumulative=1437)
 00:00:19 | ECBS RandomHop mutated 5/15 agent paths [SUPPRESSED] (cumulative=1442)
 00:00:19 | ECBS RandomHop mutated 5/15 agent paths [SUPPRESSED] (cumulative=1447)
 00:00:19 | ECBS RandomHop mutated 5/14 agent paths [SUPPRESSED] (cumulative=1452)
 00:00:19 | ECBS RandomHop mutated 5/14 agent paths [SUPPRESSED] (cumulative=1457)
 00:00:19 | ECBS RandomHop mutated 5/15 agent paths [SUPPRESSED] (cumulative=1462)
 00:00:19 | ECBS RandomHop mutated 5/14 agent paths [SUPPRESSED] (cumulative=1467)
 00:00:19 | ECBS RandomHop mutated 5/13 agent paths [SUPPRESSED] (cumulative=1472)
 00:00:19 | ECBS RandomHop mutated 5/13 agent paths [SUPPRESSED] (cumulative=1477)
 00:00:19 | ECBS RandomHop mutated 5/13 agent paths [SUPPRESSED] (cumulative=1482)
 00:00:19 | ECBS RandomHop mutated 5/14 agent paths [SUPPRESSED] (cumulative=1487)
 00:00:19 | ECBS RandomHop mutated 5/13 agent paths [SUPPRESSED] (cumulative=1492)
 00:00:19 | ECBS RandomHop mutated 5/12 agent paths [SUPPRESSED] (cumulative=1497)
 00:00:19 | ECBS RandomHop mutated 5/15 agent paths [SUPPRESSED] (cumulative=1502)
 00:00:19 | ECBS RandomHop mutated 5/15 agent paths [SUPPRESSED] (cumulative=1507)
 00:00:19 | ECBS RandomHop mutated 5/15 agent paths [SUPPRESSED] (cumulative=1512)
 00:00:19 | ECBS RandomHop mutated 5/15 agent paths [SUPPRESSED] (cumulative=1517)
 00:00:19 | ECBS RandomHop mutated 5/14 agent paths [SUPPRESSED] (cumulative=1522)
 00:00:19 | ECBS RandomHop mutated 5/13 agent paths [SUPPRESSED] (cumulative=1527)
 00:00:19 | ECBS RandomHop mutated 5/14 agent paths [SUPPRESSED] (cumulative=1532)
 00:00:19 | ECBS RandomHop mutated 5/16 agent paths [SUPPRESSED] (cumulative=1537)
 00:00:19 | ECBS RandomHop mutated 5/16 agent paths [SUPPRESSED] (cumulative=1542)
 00:00:19 | ECBS RandomHop mutated 5/16 agent paths [SUPPRESSED] (cumulative=1547)
 00:00:19 | ECBS RandomHop mutated 5/17 agent paths [SUPPRESSED] (cumulative=1552)
 00:00:19 | ECBS RandomHop mutated 5/17 agent paths [SUPPRESSED] (cumulative=1557)
 00:00:19 | ECBS RandomHop mutated 5/17 agent paths [SUPPRESSED] (cumulative=1562)
 00:00:19 | ECBS RandomHop mutated 5/18 agent paths [SUPPRESSED] (cumulative=1567)
 00:00:19 | ECBS RandomHop mutated 5/19 agent paths [SUPPRESSED] (cumulative=1572)
 00:00:19 | ECBS RandomHop mutated 5/19 agent paths [SUPPRESSED] (cumulative=1577)
 00:00:19 | ECBS RandomHop mutated 5/20 agent paths [SUPPRESSED] (cumulative=1582)
 00:00:19 | ECBS RandomHop mutated 5/20 agent paths [SUPPRESSED] (cumulative=1587)
 00:00:19 | ECBS RandomHop mutated 5/19 agent paths [SUPPRESSED] (cumulative=1592)
 00:00:19 | ECBS RandomHop mutated 5/19 agent paths [SUPPRESSED] (cumulative=1597)
 00:00:19 | ECBS RandomHop mutated 5/19 agent paths [SUPPRESSED] (cumulative=1602)
 00:00:19 | ECBS RandomHop mutated 5/19 agent paths [SUPPRESSED] (cumulative=1607)
 00:00:19 | ECBS RandomHop mutated 5/18 agent paths [SUPPRESSED] (cumulative=1612)
 00:00:19 | ECBS RandomHop mutated 5/18 agent paths [SUPPRESSED] (cumulative=1617)
 00:00:19 | ECBS RandomHop mutated 5/18 agent paths [SUPPRESSED] (cumulative=1622)
 00:00:19 | ECBS RandomHop mutated 5/18 agent paths [SUPPRESSED] (cumulative=1627)
 00:00:19 | ECBS RandomHop mutated 5/18 agent paths [SUPPRESSED] (cumulative=1632)
 00:00:19 | ECBS RandomHop mutated 5/18 agent paths [SUPPRESSED] (cumulative=1637)
 00:00:19 | ECBS RandomHop mutated 5/18 agent paths [SUPPRESSED] (cumulative=1642)
 00:00:19 | ECBS RandomHop mutated 5/18 agent paths [SUPPRESSED] (cumulative=1647)
 00:00:19 | ECBS RandomHop mutated 5/18 agent paths [SUPPRESSED] (cumulative=1652)
 00:00:19 | ECBS RandomHop mutated 5/17 agent paths [SUPPRESSED] (cumulative=1657)
 00:00:19 | ECBS RandomHop mutated 5/16 agent paths [SUPPRESSED] (cumulative=1662)
 00:00:19 | ECBS RandomHop mutated 4/16 agent paths [SUPPRESSED] (cumulative=1666)
 00:00:19 | ECBS RandomHop mutated 4/16 agent paths [SUPPRESSED] (cumulative=1670)
 00:00:19 | ECBS RandomHop mutated 4/16 agent paths [SUPPRESSED] (cumulative=1674)
 00:00:19 | ECBS RandomHop mutated 4/16 agent paths [SUPPRESSED] (cumulative=1678)
 00:00:19 | ECBS RandomHop mutated 4/16 agent paths [SUPPRESSED] (cumulative=1682)
 00:00:19 | ECBS RandomHop mutated 4/16 agent paths [SUPPRESSED] (cumulative=1686)
 00:00:19 | ECBS RandomHop mutated 4/16 agent paths [SUPPRESSED] (cumulative=1690)
 00:00:19 | ECBS RandomHop mutated 4/15 agent paths [SUPPRESSED] (cumulative=1694)
 00:00:19 | ECBS RandomHop mutated 4/16 agent paths [SUPPRESSED] (cumulative=1698)
 00:00:19 | ECBS RandomHop mutated 4/16 agent paths [SUPPRESSED] (cumulative=1702)
 00:00:19 | ECBS RandomHop mutated 4/16 agent paths [SUPPRESSED] (cumulative=1706)
 00:00:19 | ECBS RandomHop mutated 4/16 agent paths [SUPPRESSED] (cumulative=1710)
 00:00:19 | ECBS RandomHop mutated 4/17 agent paths [SUPPRESSED] (cumulative=1714)
 00:00:19 | ECBS RandomHop mutated 4/18 agent paths [SUPPRESSED] (cumulative=1718)
 00:00:19 | ECBS RandomHop mutated 4/17 agent paths [SUPPRESSED] (cumulative=1722)
 00:00:20 | 00:00:08 | 0.00:21:06 |  70.36%  |   243   |   336    | 73%  |  11427   |   0    | 158.47MB  
 00:00:20 | ECBS RandomHop mutated 4/18 agent paths [SUPPRESSED] (cumulative=1726)
 00:00:20 | ECBS RandomHop mutated 4/19 agent paths [SUPPRESSED] (cumulative=1730)
 00:00:20 | ECBS RandomHop mutated 4/19 agent paths [SUPPRESSED] (cumulative=1734)
 00:00:20 | ECBS RandomHop mutated 4/19 agent paths [SUPPRESSED] (cumulative=1738)
 00:00:20 | ECBS RandomHop mutated 4/19 agent paths [SUPPRESSED] (cumulative=1742)
 00:00:20 | ECBS RandomHop mutated 5/19 agent paths [SUPPRESSED] (cumulative=1747)
 00:00:20 | ECBS RandomHop mutated 5/19 agent paths [SUPPRESSED] (cumulative=1752)
 00:00:20 | ECBS RandomHop mutated 5/19 agent paths [SUPPRESSED] (cumulative=1757)
 00:00:20 | ECBS RandomHop mutated 5/18 agent paths [SUPPRESSED] (cumulative=1762)
 00:00:20 | ECBS RandomHop mutated 5/18 agent paths [SUPPRESSED] (cumulative=1767)
 00:00:20 | ECBS RandomHop mutated 5/18 agent paths [SUPPRESSED] (cumulative=1772)
 00:00:20 | ECBS RandomHop mutated 5/18 agent paths [SUPPRESSED] (cumulative=1777)
 00:00:20 | ECBS RandomHop mutated 5/18 agent paths [SUPPRESSED] (cumulative=1782)
 00:00:20 | ECBS RandomHop mutated 5/18 agent paths [SUPPRESSED] (cumulative=1787)
 00:00:20 | ECBS RandomHop mutated 5/18 agent paths [SUPPRESSED] (cumulative=1792)
 00:00:20 | ECBS RandomHop mutated 5/18 agent paths [SUPPRESSED] (cumulative=1797)
 00:00:20 | ECBS RandomHop mutated 5/18 agent paths [SUPPRESSED] (cumulative=1802)
 00:00:20 | ECBS RandomHop mutated 5/18 agent paths [SUPPRESSED] (cumulative=1807)
 00:00:20 | ECBS RandomHop mutated 5/19 agent paths [SUPPRESSED] (cumulative=1812)
 00:00:20 | ECBS RandomHop mutated 5/19 agent paths [SUPPRESSED] (cumulative=1817)
 00:00:20 | ECBS RandomHop mutated 5/19 agent paths [SUPPRESSED] (cumulative=1822)
 00:00:20 | ECBS RandomHop mutated 5/19 agent paths [SUPPRESSED] (cumulative=1827)
 00:00:20 | ECBS RandomHop mutated 5/19 agent paths [SUPPRESSED] (cumulative=1832)
 00:00:20 | ECBS RandomHop mutated 5/19 agent paths [SUPPRESSED] (cumulative=1837)
 00:00:20 | ECBS RandomHop mutated 5/19 agent paths [SUPPRESSED] (cumulative=1842)
 00:00:20 | ECBS RandomHop mutated 5/18 agent paths [SUPPRESSED] (cumulative=1847)
 00:00:20 | ECBS RandomHop mutated 6/18 agent paths [SUPPRESSED] (cumulative=1853)
 00:00:20 | ECBS RandomHop mutated 6/18 agent paths [SUPPRESSED] (cumulative=1859)
 00:00:20 | ECBS RandomHop mutated 6/18 agent paths [SUPPRESSED] (cumulative=1865)
 00:00:20 | ECBS RandomHop mutated 6/18 agent paths [SUPPRESSED] (cumulative=1871)
 00:00:20 | ECBS RandomHop mutated 6/17 agent paths [SUPPRESSED] (cumulative=1877)
 00:00:20 | ECBS RandomHop mutated 7/17 agent paths [SUPPRESSED] (cumulative=1884)
 00:00:20 | ECBS RandomHop mutated 7/18 agent paths [SUPPRESSED] (cumulative=1891)
 00:00:20 | ECBS RandomHop mutated 7/17 agent paths [SUPPRESSED] (cumulative=1898)
 00:00:20 | ECBS RandomHop mutated 7/16 agent paths [SUPPRESSED] (cumulative=1905)
 00:00:20 | ECBS RandomHop mutated 7/16 agent paths [SUPPRESSED] (cumulative=1912)
 00:00:20 | ECBS RandomHop mutated 7/14 agent paths [SUPPRESSED] (cumulative=1919)
 00:00:20 | ECBS RandomHop mutated 7/13 agent paths [SUPPRESSED] (cumulative=1926)
 00:00:20 | ECBS RandomHop mutated 6/13 agent paths [SUPPRESSED] (cumulative=1932)
 00:00:20 | ECBS RandomHop mutated 7/13 agent paths [SUPPRESSED] (cumulative=1939)
 00:00:20 | ECBS RandomHop mutated 7/13 agent paths [SUPPRESSED] (cumulative=1946)
 00:00:20 | ECBS RandomHop mutated 7/14 agent paths [SUPPRESSED] (cumulative=1953)
 00:00:20 | ECBS RandomHop mutated 7/16 agent paths [SUPPRESSED] (cumulative=1960)
 00:00:20 | ECBS RandomHop mutated 7/16 agent paths [SUPPRESSED] (cumulative=1967)
 00:00:20 | ECBS RandomHop mutated 7/17 agent paths [SUPPRESSED] (cumulative=1974)
 00:00:20 | ECBS RandomHop mutated 7/16 agent paths [SUPPRESSED] (cumulative=1981)
 00:00:20 | ECBS RandomHop mutated 7/17 agent paths [SUPPRESSED] (cumulative=1988)
 00:00:21 | ECBS RandomHop mutated 7/16 agent paths [SUPPRESSED] (cumulative=1995)
 00:00:21 | ECBS RandomHop mutated 7/16 agent paths [SUPPRESSED] (cumulative=2002)
 00:00:21 | ECBS RandomHop mutated 7/16 agent paths [SUPPRESSED] (cumulative=2009)
 00:00:21 | ECBS RandomHop mutated 7/17 agent paths [SUPPRESSED] (cumulative=2016)
 00:00:21 | ECBS RandomHop mutated 7/16 agent paths [SUPPRESSED] (cumulative=2023)
 00:00:21 | ECBS RandomHop mutated 7/14 agent paths [SUPPRESSED] (cumulative=2030)
 00:00:21 | ECBS RandomHop mutated 7/14 agent paths [SUPPRESSED] (cumulative=2037)
 00:00:21 | ECBS RandomHop mutated 7/15 agent paths [SUPPRESSED] (cumulative=2044)
 00:00:21 | ECBS RandomHop mutated 7/15 agent paths [SUPPRESSED] (cumulative=2051)
 00:00:21 | ECBS RandomHop mutated 7/14 agent paths [SUPPRESSED] (cumulative=2058)
 00:00:21 | ECBS RandomHop mutated 7/14 agent paths [SUPPRESSED] (cumulative=2065)
 00:00:21 | ECBS RandomHop mutated 7/14 agent paths [SUPPRESSED] (cumulative=2072)
 00:00:21 | ECBS RandomHop mutated 7/14 agent paths [SUPPRESSED] (cumulative=2079)
 00:00:21 | ECBS RandomHop mutated 7/14 agent paths [SUPPRESSED] (cumulative=2086)
 00:00:21 | ECBS RandomHop mutated 7/15 agent paths [SUPPRESSED] (cumulative=2093)
 00:00:21 | ECBS RandomHop mutated 7/15 agent paths [SUPPRESSED] (cumulative=2100)
 00:00:21 | ECBS RandomHop mutated 7/15 agent paths [SUPPRESSED] (cumulative=2107)
 00:00:21 | ECBS RandomHop mutated 7/14 agent paths [SUPPRESSED] (cumulative=2114)
 00:00:21 | ECBS RandomHop mutated 7/13 agent paths [SUPPRESSED] (cumulative=2121)
 00:00:21 | ECBS RandomHop mutated 7/13 agent paths [SUPPRESSED] (cumulative=2128)
 00:00:21 | ECBS RandomHop mutated 7/14 agent paths [SUPPRESSED] (cumulative=2135)
 00:00:21 | ECBS RandomHop mutated 7/14 agent paths [SUPPRESSED] (cumulative=2142)
 00:00:21 | ECBS RandomHop mutated 7/15 agent paths [SUPPRESSED] (cumulative=2149)
 00:00:21 | ECBS RandomHop mutated 7/16 agent paths [SUPPRESSED] (cumulative=2156)
 00:00:21 | ECBS RandomHop mutated 7/16 agent paths [SUPPRESSED] (cumulative=2163)
 00:00:21 | ECBS RandomHop mutated 7/16 agent paths [SUPPRESSED] (cumulative=2170)
 00:00:21 | ECBS RandomHop mutated 7/16 agent paths [SUPPRESSED] (cumulative=2177)
 00:00:21 | ECBS RandomHop mutated 7/15 agent paths [SUPPRESSED] (cumulative=2184)
 00:00:21 | ECBS RandomHop mutated 7/15 agent paths [SUPPRESSED] (cumulative=2191)
 00:00:21 | ECBS RandomHop mutated 7/15 agent paths [SUPPRESSED] (cumulative=2198)
 00:00:21 | ECBS RandomHop mutated 8/15 agent paths [SUPPRESSED] (cumulative=2206)
 00:00:21 | ECBS RandomHop mutated 8/15 agent paths [SUPPRESSED] (cumulative=2214)
 00:00:21 | ECBS RandomHop mutated 8/15 agent paths [SUPPRESSED] (cumulative=2222)
 00:00:21 | ECBS RandomHop mutated 8/16 agent paths [SUPPRESSED] (cumulative=2230)
 00:00:21 | ECBS RandomHop mutated 8/20 agent paths [SUPPRESSED] (cumulative=2238)
 00:00:21 | ECBS RandomHop mutated 8/20 agent paths [SUPPRESSED] (cumulative=2246)
 00:00:21 | ECBS RandomHop mutated 8/20 agent paths [SUPPRESSED] (cumulative=2254)
 00:00:21 | ECBS RandomHop mutated 8/21 agent paths [SUPPRESSED] (cumulative=2262)
 00:00:21 | ECBS RandomHop mutated 8/20 agent paths [SUPPRESSED] (cumulative=2270)
 00:00:21 | ECBS RandomHop mutated 8/20 agent paths [SUPPRESSED] (cumulative=2278)
 00:00:21 | ECBS RandomHop mutated 8/20 agent paths [SUPPRESSED] (cumulative=2286)
 00:00:21 | ECBS RandomHop mutated 8/20 agent paths [SUPPRESSED] (cumulative=2294)
 00:00:21 | ECBS RandomHop mutated 8/21 agent paths [SUPPRESSED] (cumulative=2302)
 00:00:21 | ECBS RandomHop mutated 8/20 agent paths [SUPPRESSED] (cumulative=2310)
 00:00:21 | ECBS RandomHop mutated 8/20 agent paths [SUPPRESSED] (cumulative=2318)
 00:00:21 | ECBS RandomHop mutated 8/19 agent paths [SUPPRESSED] (cumulative=2326)
 00:00:22 | ECBS RandomHop mutated 8/19 agent paths [SUPPRESSED] (cumulative=2334)
 00:00:22 | ECBS RandomHop mutated 8/19 agent paths [SUPPRESSED] (cumulative=2342)
 00:00:22 | ECBS RandomHop mutated 8/19 agent paths [SUPPRESSED] (cumulative=2350)
 00:00:22 | ECBS RandomHop mutated 9/19 agent paths [SUPPRESSED] (cumulative=2359)
 00:00:22 | ECBS RandomHop mutated 9/18 agent paths [SUPPRESSED] (cumulative=2368)
 00:00:22 | ECBS RandomHop mutated 9/18 agent paths [SUPPRESSED] (cumulative=2377)
 00:00:22 | ECBS RandomHop mutated 9/18 agent paths [SUPPRESSED] (cumulative=2386)
 00:00:22 | ECBS RandomHop mutated 9/18 agent paths [SUPPRESSED] (cumulative=2395)
 00:00:22 | ECBS RandomHop mutated 9/18 agent paths [SUPPRESSED] (cumulative=2404)
 00:00:22 | ECBS RandomHop mutated 9/18 agent paths [SUPPRESSED] (cumulative=2413)
 00:00:22 | ECBS RandomHop mutated 9/17 agent paths [SUPPRESSED] (cumulative=2422)
 00:00:22 | ECBS RandomHop mutated 9/17 agent paths [SUPPRESSED] (cumulative=2431)
 00:00:22 | ECBS RandomHop mutated 9/17 agent paths [SUPPRESSED] (cumulative=2440)
 00:00:22 | ECBS RandomHop mutated 9/17 agent paths [SUPPRESSED] (cumulative=2449)
 00:00:22 | ECBS RandomHop mutated 9/17 agent paths [SUPPRESSED] (cumulative=2458)
 00:00:22 | ECBS RandomHop mutated 9/18 agent paths [SUPPRESSED] (cumulative=2467)
 00:00:22 | ECBS RandomHop mutated 9/18 agent paths [SUPPRESSED] (cumulative=2476)
 00:00:22 | ECBS RandomHop mutated 9/19 agent paths [SUPPRESSED] (cumulative=2485)
 00:00:22 | ECBS RandomHop mutated 10/19 agent paths [SUPPRESSED] (cumulative=2495)
 00:00:22 | ECBS RandomHop mutated 10/21 agent paths [SUPPRESSED] (cumulative=2505)
 00:00:22 | ECBS RandomHop mutated 10/22 agent paths [SUPPRESSED] (cumulative=2515)
 00:00:22 | ECBS RandomHop mutated 10/22 agent paths [SUPPRESSED] (cumulative=2525)
 00:00:22 | ECBS RandomHop mutated 10/22 agent paths [SUPPRESSED] (cumulative=2535)
 00:00:22 | ECBS RandomHop mutated 10/22 agent paths [SUPPRESSED] (cumulative=2545)
 00:00:22 | ECBS RandomHop mutated 10/20 agent paths [SUPPRESSED] (cumulative=2555)
 00:00:22 | ECBS RandomHop mutated 10/19 agent paths [SUPPRESSED] (cumulative=2565)
 00:00:22 | ECBS RandomHop mutated 10/19 agent paths [SUPPRESSED] (cumulative=2575)
 00:00:22 | ECBS RandomHop mutated 10/18 agent paths [SUPPRESSED] (cumulative=2585)
 00:00:22 | ECBS RandomHop mutated 10/18 agent paths [SUPPRESSED] (cumulative=2595)
 00:00:22 | ECBS RandomHop mutated 10/17 agent paths [SUPPRESSED] (cumulative=2605)
 00:00:22 | ECBS RandomHop mutated 10/17 agent paths [SUPPRESSED] (cumulative=2615)
 00:00:22 | ECBS RandomHop mutated 10/17 agent paths [SUPPRESSED] (cumulative=2625)
 00:00:22 | ECBS RandomHop mutated 10/16 agent paths [SUPPRESSED] (cumulative=2635)
 00:00:22 | ECBS RandomHop mutated 10/15 agent paths [SUPPRESSED] (cumulative=2645)
 00:00:22 | ECBS RandomHop mutated 10/16 agent paths [SUPPRESSED] (cumulative=2655)
 00:00:22 | ECBS RandomHop mutated 10/16 agent paths [SUPPRESSED] (cumulative=2665)
 00:00:22 | ECBS RandomHop mutated 10/16 agent paths [SUPPRESSED] (cumulative=2675)
 00:00:22 | ECBS RandomHop mutated 10/16 agent paths [SUPPRESSED] (cumulative=2685)
 00:00:22 | ECBS RandomHop mutated 10/16 agent paths [SUPPRESSED] (cumulative=2695)
 00:00:22 | ECBS RandomHop mutated 11/16 agent paths [SUPPRESSED] (cumulative=2706)
 00:00:22 | ECBS RandomHop mutated 11/16 agent paths [SUPPRESSED] (cumulative=2717)
 00:00:22 | ECBS RandomHop mutated 11/17 agent paths [SUPPRESSED] (cumulative=2728)
 00:00:22 | ECBS RandomHop mutated 11/16 agent paths [SUPPRESSED] (cumulative=2739)
 00:00:22 | ECBS RandomHop mutated 11/16 agent paths [SUPPRESSED] (cumulative=2750)
 00:00:22 | ECBS RandomHop mutated 11/17 agent paths [SUPPRESSED] (cumulative=2761)
 00:00:22 | ECBS RandomHop mutated 11/17 agent paths [SUPPRESSED] (cumulative=2772)
 00:00:22 | ECBS RandomHop mutated 11/17 agent paths [SUPPRESSED] (cumulative=2783)
 00:00:22 | ECBS RandomHop mutated 11/16 agent paths [SUPPRESSED] (cumulative=2794)
 00:00:22 | ECBS RandomHop mutated 11/17 agent paths [SUPPRESSED] (cumulative=2805)
 00:00:22 | ECBS RandomHop mutated 10/17 agent paths [SUPPRESSED] (cumulative=2815)
 00:00:22 | ECBS RandomHop mutated 10/16 agent paths [SUPPRESSED] (cumulative=2825)
 00:00:22 | ECBS RandomHop mutated 10/17 agent paths [SUPPRESSED] (cumulative=2835)
 00:00:22 | ECBS RandomHop mutated 10/16 agent paths [SUPPRESSED] (cumulative=2845)
 00:00:22 | ECBS RandomHop mutated 10/17 agent paths [SUPPRESSED] (cumulative=2855)
 00:00:22 | ECBS RandomHop mutated 10/17 agent paths [SUPPRESSED] (cumulative=2865)
 00:00:23 | ECBS RandomHop mutated 10/17 agent paths [SUPPRESSED] (cumulative=2875)
 00:00:23 | ECBS RandomHop mutated 10/17 agent paths [SUPPRESSED] (cumulative=2885)
 00:00:23 | ECBS RandomHop mutated 10/17 agent paths [SUPPRESSED] (cumulative=2895)
 00:00:23 | ECBS RandomHop mutated 10/16 agent paths [SUPPRESSED] (cumulative=2905)
 00:00:23 | ECBS RandomHop mutated 10/16 agent paths [SUPPRESSED] (cumulative=2915)
 00:00:23 | ECBS RandomHop mutated 10/17 agent paths [SUPPRESSED] (cumulative=2925)
 00:00:23 | ECBS RandomHop mutated 10/18 agent paths [SUPPRESSED] (cumulative=2935)
 00:00:23 | ECBS RandomHop mutated 10/17 agent paths [SUPPRESSED] (cumulative=2945)
 00:00:23 | ECBS RandomHop mutated 10/17 agent paths [SUPPRESSED] (cumulative=2955)
 00:00:23 | ECBS RandomHop mutated 10/17 agent paths [SUPPRESSED] (cumulative=2965)
 00:00:23 | ECBS RandomHop mutated 10/18 agent paths [SUPPRESSED] (cumulative=2975)
 00:00:23 | ECBS RandomHop mutated 10/18 agent paths [SUPPRESSED] (cumulative=2985)
 00:00:23 | ECBS RandomHop mutated 10/19 agent paths [SUPPRESSED] (cumulative=2995)
 00:00:23 | ECBS RandomHop mutated 10/20 agent paths [SUPPRESSED] (cumulative=3005)
 00:00:23 | ECBS RandomHop mutated 10/20 agent paths [SUPPRESSED] (cumulative=3015)
 00:00:23 | ECBS RandomHop mutated 10/20 agent paths [SUPPRESSED] (cumulative=3025)
 00:00:23 | ECBS RandomHop mutated 10/19 agent paths [SUPPRESSED] (cumulative=3035)
 00:00:23 | ECBS RandomHop mutated 10/19 agent paths [SUPPRESSED] (cumulative=3045)
 00:00:23 | ECBS RandomHop mutated 10/19 agent paths [SUPPRESSED] (cumulative=3055)
 00:00:23 | ECBS RandomHop mutated 10/18 agent paths [SUPPRESSED] (cumulative=3065)
 00:00:23 | ECBS RandomHop mutated 10/18 agent paths [SUPPRESSED] (cumulative=3075)
 00:00:23 | ECBS RandomHop mutated 10/19 agent paths [SUPPRESSED] (cumulative=3085)
 00:00:23 | ECBS RandomHop mutated 10/19 agent paths [SUPPRESSED] (cumulative=3095)
 00:00:23 | ECBS RandomHop mutated 10/19 agent paths [SUPPRESSED] (cumulative=3105)
 00:00:23 | ECBS RandomHop mutated 10/18 agent paths [SUPPRESSED] (cumulative=3115)
 00:00:23 | ECBS RandomHop mutated 10/20 agent paths [SUPPRESSED] (cumulative=3125)
 00:00:23 | ECBS RandomHop mutated 10/20 agent paths [SUPPRESSED] (cumulative=3135)
 00:00:23 | ECBS RandomHop mutated 10/18 agent paths [SUPPRESSED] (cumulative=3145)
 00:00:23 | ECBS RandomHop mutated 10/18 agent paths [SUPPRESSED] (cumulative=3155)
 00:00:23 | ECBS RandomHop mutated 11/18 agent paths [SUPPRESSED] (cumulative=3166)
 00:00:23 | ECBS RandomHop mutated 11/18 agent paths [SUPPRESSED] (cumulative=3177)
 00:00:23 | ECBS RandomHop mutated 11/18 agent paths [SUPPRESSED] (cumulative=3188)
 00:00:23 | ECBS RandomHop mutated 11/18 agent paths [SUPPRESSED] (cumulative=3199)
 00:00:23 | ECBS RandomHop mutated 11/17 agent paths [SUPPRESSED] (cumulative=3210)
 00:00:23 | ECBS RandomHop mutated 11/17 agent paths [SUPPRESSED] (cumulative=3221)
 00:00:23 | ECBS RandomHop mutated 11/16 agent paths [SUPPRESSED] (cumulative=3232)
 00:00:23 | ECBS RandomHop mutated 11/16 agent paths [SUPPRESSED] (cumulative=3243)
 00:00:23 | ECBS RandomHop mutated 11/18 agent paths [SUPPRESSED] (cumulative=3254)
 00:00:23 | ECBS RandomHop mutated 11/18 agent paths [SUPPRESSED] (cumulative=3265)
 00:00:23 | ECBS RandomHop mutated 11/18 agent paths [SUPPRESSED] (cumulative=3276)
 00:00:23 | ECBS RandomHop mutated 11/18 agent paths [SUPPRESSED] (cumulative=3287)
 00:00:23 | ECBS RandomHop mutated 11/19 agent paths [SUPPRESSED] (cumulative=3298)
 00:00:23 | ECBS RandomHop mutated 11/18 agent paths [SUPPRESSED] (cumulative=3309)
 00:00:23 | ECBS RandomHop mutated 11/18 agent paths [SUPPRESSED] (cumulative=3320)
 00:00:23 | ECBS RandomHop mutated 11/19 agent paths [SUPPRESSED] (cumulative=3331)
 00:00:23 | ECBS RandomHop mutated 11/19 agent paths [SUPPRESSED] (cumulative=3342)
 00:00:23 | ECBS RandomHop mutated 11/19 agent paths [SUPPRESSED] (cumulative=3353)
 00:00:23 | ECBS RandomHop mutated 11/19 agent paths [SUPPRESSED] (cumulative=3364)
 00:00:23 | ECBS RandomHop mutated 11/19 agent paths [SUPPRESSED] (cumulative=3375)
 00:00:23 | ECBS RandomHop mutated 11/19 agent paths [SUPPRESSED] (cumulative=3386)
 00:00:23 | ECBS RandomHop mutated 11/19 agent paths [SUPPRESSED] (cumulative=3397)
 00:00:23 | ECBS RandomHop mutated 11/19 agent paths [SUPPRESSED] (cumulative=3408)
 00:00:23 | ECBS RandomHop mutated 11/18 agent paths [SUPPRESSED] (cumulative=3419)
 00:00:23 | ECBS RandomHop mutated 11/18 agent paths [SUPPRESSED] (cumulative=3430)
 00:00:23 | ECBS RandomHop mutated 12/18 agent paths [SUPPRESSED] (cumulative=3442)
 00:00:23 | ECBS RandomHop mutated 12/18 agent paths [SUPPRESSED] (cumulative=3454)
 00:00:23 | ECBS RandomHop mutated 12/18 agent paths [SUPPRESSED] (cumulative=3466)
 00:00:23 | ECBS RandomHop mutated 12/16 agent paths [SUPPRESSED] (cumulative=3478)
 00:00:23 | ECBS RandomHop mutated 12/17 agent paths [SUPPRESSED] (cumulative=3490)
 00:00:23 | ECBS RandomHop mutated 12/17 agent paths [SUPPRESSED] (cumulative=3502)
 00:00:23 | ECBS RandomHop mutated 12/17 agent paths [SUPPRESSED] (cumulative=3514)
 00:00:23 | ECBS RandomHop mutated 12/17 agent paths [SUPPRESSED] (cumulative=3526)
 00:00:23 | ECBS RandomHop mutated 12/17 agent paths [SUPPRESSED] (cumulative=3538)
 00:00:23 | ECBS RandomHop mutated 12/17 agent paths [SUPPRESSED] (cumulative=3550)
 00:00:23 | ECBS RandomHop mutated 12/17 agent paths [SUPPRESSED] (cumulative=3562)
 00:00:23 | ECBS RandomHop mutated 12/16 agent paths [SUPPRESSED] (cumulative=3574)
 00:00:23 | ECBS RandomHop mutated 13/16 agent paths [SUPPRESSED] (cumulative=3587)
 00:00:23 | ECBS RandomHop mutated 13/17 agent paths [SUPPRESSED] (cumulative=3600)
 00:00:24 | ECBS RandomHop mutated 13/16 agent paths [SUPPRESSED] (cumulative=3613)
 00:00:24 | ECBS RandomHop mutated 13/16 agent paths [SUPPRESSED] (cumulative=3626)
 00:00:24 | ECBS RandomHop mutated 13/16 agent paths [SUPPRESSED] (cumulative=3639)
 00:00:24 | ECBS RandomHop mutated 13/17 agent paths [SUPPRESSED] (cumulative=3652)
 00:00:24 | ECBS RandomHop mutated 13/17 agent paths [SUPPRESSED] (cumulative=3665)
 00:00:24 | ECBS RandomHop mutated 13/17 agent paths [SUPPRESSED] (cumulative=3678)
 00:00:24 | ECBS RandomHop mutated 13/18 agent paths [SUPPRESSED] (cumulative=3691)
 00:00:24 | ECBS RandomHop mutated 13/18 agent paths [SUPPRESSED] (cumulative=3704)
 00:00:24 | ECBS RandomHop mutated 13/18 agent paths [SUPPRESSED] (cumulative=3717)
 00:00:24 | ECBS RandomHop mutated 13/18 agent paths [SUPPRESSED] (cumulative=3730)
 00:00:24 | ECBS RandomHop mutated 13/18 agent paths [SUPPRESSED] (cumulative=3743)
 00:00:24 | ECBS RandomHop mutated 13/16 agent paths [SUPPRESSED] (cumulative=3756)
 00:00:24 | ECBS RandomHop mutated 13/16 agent paths [SUPPRESSED] (cumulative=3769)
 00:00:24 | ECBS RandomHop mutated 13/16 agent paths [SUPPRESSED] (cumulative=3782)
 00:00:24 | ECBS RandomHop mutated 13/16 agent paths [SUPPRESSED] (cumulative=3795)
 00:00:24 | ECBS RandomHop mutated 13/16 agent paths [SUPPRESSED] (cumulative=3808)
 00:00:24 | ECBS RandomHop mutated 13/16 agent paths [SUPPRESSED] (cumulative=3821)
 00:00:24 | ECBS RandomHop mutated 13/16 agent paths [SUPPRESSED] (cumulative=3834)
 00:00:24 | ECBS RandomHop mutated 13/17 agent paths [SUPPRESSED] (cumulative=3847)
 00:00:24 | ECBS RandomHop mutated 13/18 agent paths [SUPPRESSED] (cumulative=3860)
 00:00:24 | ECBS RandomHop mutated 13/20 agent paths [SUPPRESSED] (cumulative=3873)
 00:00:24 | ECBS RandomHop mutated 13/20 agent paths [SUPPRESSED] (cumulative=3886)
 00:00:24 | ECBS RandomHop mutated 13/20 agent paths [SUPPRESSED] (cumulative=3899)
 00:00:24 | ECBS RandomHop mutated 13/20 agent paths [SUPPRESSED] (cumulative=3912)
 00:00:24 | ECBS RandomHop mutated 13/21 agent paths [SUPPRESSED] (cumulative=3925)
 00:00:24 | ECBS RandomHop mutated 13/21 agent paths [SUPPRESSED] (cumulative=3938)
 00:00:24 | ECBS RandomHop mutated 13/20 agent paths [SUPPRESSED] (cumulative=3951)
 00:00:24 | ECBS RandomHop mutated 13/22 agent paths [SUPPRESSED] (cumulative=3964)
 00:00:24 | ECBS RandomHop mutated 13/22 agent paths [SUPPRESSED] (cumulative=3977)
 00:00:24 | ECBS RandomHop mutated 13/22 agent paths [SUPPRESSED] (cumulative=3990)
 00:00:24 | ECBS RandomHop mutated 13/22 agent paths [SUPPRESSED] (cumulative=4003)
 00:00:24 | ECBS RandomHop mutated 13/22 agent paths [SUPPRESSED] (cumulative=4016)
 00:00:24 | ECBS RandomHop mutated 13/22 agent paths [SUPPRESSED] (cumulative=4029)
 00:00:24 | ECBS RandomHop mutated 13/22 agent paths [SUPPRESSED] (cumulative=4042)
 00:00:24 | ECBS RandomHop mutated 13/22 agent paths [SUPPRESSED] (cumulative=4055)
 00:00:24 | ECBS RandomHop mutated 13/22 agent paths [SUPPRESSED] (cumulative=4068)
 00:00:24 | ECBS RandomHop mutated 13/21 agent paths [SUPPRESSED] (cumulative=4081)
 00:00:24 | ECBS RandomHop mutated 13/21 agent paths [SUPPRESSED] (cumulative=4094)
 00:00:24 | ECBS RandomHop mutated 13/21 agent paths [SUPPRESSED] (cumulative=4107)
 00:00:24 | ECBS RandomHop mutated 13/21 agent paths [SUPPRESSED] (cumulative=4120)
 00:00:24 | ECBS RandomHop mutated 13/21 agent paths [SUPPRESSED] (cumulative=4133)
 00:00:24 | ECBS RandomHop mutated 13/21 agent paths [SUPPRESSED] (cumulative=4146)
 00:00:24 | ECBS RandomHop mutated 13/21 agent paths [SUPPRESSED] (cumulative=4159)
 00:00:24 | ECBS RandomHop mutated 13/20 agent paths [SUPPRESSED] (cumulative=4172)
 00:00:24 | ECBS RandomHop mutated 13/19 agent paths [SUPPRESSED] (cumulative=4185)
 00:00:24 | ECBS RandomHop mutated 13/19 agent paths [SUPPRESSED] (cumulative=4198)
 00:00:24 | ECBS RandomHop mutated 13/19 agent paths [SUPPRESSED] (cumulative=4211)
 00:00:24 | ECBS RandomHop mutated 13/20 agent paths [SUPPRESSED] (cumulative=4224)
 00:00:24 | ECBS RandomHop mutated 13/20 agent paths [SUPPRESSED] (cumulative=4237)
 00:00:24 | ECBS RandomHop mutated 13/20 agent paths [SUPPRESSED] (cumulative=4250)
 00:00:24 | ECBS RandomHop mutated 13/20 agent paths [SUPPRESSED] (cumulative=4263)
 00:00:24 | ECBS RandomHop mutated 13/20 agent paths [SUPPRESSED] (cumulative=4276)
 00:00:24 | ECBS RandomHop mutated 13/20 agent paths [SUPPRESSED] (cumulative=4289)
 00:00:24 | ECBS RandomHop mutated 13/21 agent paths [SUPPRESSED] (cumulative=4302)
 00:00:24 | ECBS RandomHop mutated 14/21 agent paths [SUPPRESSED] (cumulative=4316)
 00:00:24 | ECBS RandomHop mutated 13/20 agent paths [SUPPRESSED] (cumulative=4329)
 00:00:25 | ECBS RandomHop mutated 13/20 agent paths [SUPPRESSED] (cumulative=4342)
 00:00:25 | ECBS RandomHop mutated 13/20 agent paths [SUPPRESSED] (cumulative=4355)
 00:00:25 | 00:00:04 | 0.00:25:47 |  85.98%  |   288   |   380    | 73%  |  13029   |   0    | 158.61MB  
 00:00:25 | ECBS RandomHop mutated 13/20 agent paths [SUPPRESSED] (cumulative=4368)
 00:00:25 | ECBS RandomHop mutated 13/20 agent paths [SUPPRESSED] (cumulative=4381)
 00:00:25 | ECBS RandomHop mutated 13/20 agent paths [SUPPRESSED] (cumulative=4394)
 00:00:25 | ECBS RandomHop mutated 13/19 agent paths [SUPPRESSED] (cumulative=4407)
 00:00:25 | ECBS RandomHop mutated 13/20 agent paths [SUPPRESSED] (cumulative=4420)
 00:00:25 | ECBS RandomHop mutated 13/21 agent paths [SUPPRESSED] (cumulative=4433)
 00:00:25 | ECBS RandomHop mutated 13/22 agent paths [SUPPRESSED] (cumulative=4446)
 00:00:25 | ECBS RandomHop mutated 13/22 agent paths [SUPPRESSED] (cumulative=4459)
 00:00:25 | ECBS RandomHop mutated 13/21 agent paths [SUPPRESSED] (cumulative=4472)
 00:00:25 | ECBS RandomHop mutated 13/19 agent paths [SUPPRESSED] (cumulative=4485)
 00:00:25 | ECBS RandomHop mutated 13/18 agent paths [SUPPRESSED] (cumulative=4498)
 00:00:25 | WARNING! Aborting ECBS - could not obtain an initial solution for the following agents: Agent8(14->13)
 00:00:25 | ECBS RandomHop mutated 13/19 agent paths [SUPPRESSED] (cumulative=4511)
 00:00:25 | WARNING! Aborting ECBS - could not obtain an initial solution for the following agents: Agent8(14->13)
 00:00:25 | ECBS RandomHop mutated 13/19 agent paths [SUPPRESSED] (cumulative=4524)
 00:00:25 | WARNING! Aborting ECBS - could not obtain an initial solution for the following agents: Agent8(14->13)
 00:00:25 | ECBS RandomHop mutated 13/18 agent paths [SUPPRESSED] (cumulative=4537)
 00:00:25 | WARNING! Aborting ECBS - could not obtain an initial solution for the following agents: Agent8(14->13)
 00:00:25 | ECBS RandomHop mutated 13/18 agent paths [SUPPRESSED] (cumulative=4550)
 00:00:25 | WARNING! Aborting ECBS - could not obtain an initial solution for the following agents: Agent8(14->13)
 00:00:25 | ECBS RandomHop mutated 13/18 agent paths [SUPPRESSED] (cumulative=4563)
 00:00:25 | WARNING! Aborting ECBS - could not obtain an initial solution for the following agents: Agent8(14->13)
 00:00:25 | ECBS RandomHop mutated 13/18 agent paths [SUPPRESSED] (cumulative=4576)
 00:00:25 | ECBS RandomHop mutated 13/17 agent paths [SUPPRESSED] (cumulative=4589)
 00:00:25 | ECBS RandomHop mutated 13/19 agent paths [SUPPRESSED] (cumulative=4602)
 00:00:25 | ECBS RandomHop mutated 13/19 agent paths [SUPPRESSED] (cumulative=4615)
 00:00:25 | ECBS RandomHop mutated 13/19 agent paths [SUPPRESSED] (cumulative=4628)
 00:00:25 | ECBS RandomHop mutated 13/19 agent paths [SUPPRESSED] (cumulative=4641)
 00:00:25 | ECBS RandomHop mutated 13/19 agent paths [SUPPRESSED] (cumulative=4654)
 00:00:25 | ECBS RandomHop mutated 13/19 agent paths [SUPPRESSED] (cumulative=4667)
 00:00:25 | ECBS RandomHop mutated 13/19 agent paths [SUPPRESSED] (cumulative=4680)
 00:00:25 | ECBS RandomHop mutated 13/20 agent paths [SUPPRESSED] (cumulative=4693)
 00:00:25 | ECBS RandomHop mutated 13/20 agent paths [SUPPRESSED] (cumulative=4706)
 00:00:25 | ECBS RandomHop mutated 13/20 agent paths [SUPPRESSED] (cumulative=4719)
 00:00:25 | ECBS RandomHop mutated 13/19 agent paths [SUPPRESSED] (cumulative=4732)
 00:00:25 | ECBS RandomHop mutated 13/19 agent paths [SUPPRESSED] (cumulative=4745)
 00:00:25 | ECBS RandomHop mutated 13/20 agent paths [SUPPRESSED] (cumulative=4758)
 00:00:25 | ECBS RandomHop mutated 13/20 agent paths [SUPPRESSED] (cumulative=4771)
 00:00:25 | ECBS RandomHop mutated 13/20 agent paths [SUPPRESSED] (cumulative=4784)
 00:00:25 | ECBS RandomHop mutated 13/20 agent paths [SUPPRESSED] (cumulative=4797)
 00:00:25 | ECBS RandomHop mutated 13/20 agent paths [SUPPRESSED] (cumulative=4810)
 00:00:25 | ECBS RandomHop mutated 13/21 agent paths [SUPPRESSED] (cumulative=4823)
 00:00:25 | ECBS RandomHop mutated 13/20 agent paths [SUPPRESSED] (cumulative=4836)
 00:00:25 | ECBS RandomHop mutated 13/20 agent paths [SUPPRESSED] (cumulative=4849)
 00:00:25 | ECBS RandomHop mutated 13/19 agent paths [SUPPRESSED] (cumulative=4862)
 00:00:25 | ECBS RandomHop mutated 13/19 agent paths [SUPPRESSED] (cumulative=4875)
 00:00:25 | ECBS RandomHop mutated 13/19 agent paths [SUPPRESSED] (cumulative=4888)
 00:00:25 | ECBS RandomHop mutated 13/19 agent paths [SUPPRESSED] (cumulative=4901)
 00:00:25 | ECBS RandomHop mutated 13/18 agent paths [SUPPRESSED] (cumulative=4914)
 00:00:25 | ECBS RandomHop mutated 13/18 agent paths [SUPPRESSED] (cumulative=4927)
 00:00:25 | ECBS RandomHop mutated 13/18 agent paths [SUPPRESSED] (cumulative=4940)
 00:00:25 | ECBS RandomHop mutated 13/19 agent paths [SUPPRESSED] (cumulative=4953)
 00:00:25 | ECBS RandomHop mutated 13/18 agent paths [SUPPRESSED] (cumulative=4966)
 00:00:25 | ECBS RandomHop mutated 13/18 agent paths [SUPPRESSED] (cumulative=4979)
 00:00:25 | ECBS RandomHop mutated 13/19 agent paths [SUPPRESSED] (cumulative=4992)
 00:00:25 | ECBS RandomHop mutated 13/18 agent paths [SUPPRESSED] (cumulative=5005)
 00:00:25 | ECBS RandomHop mutated 13/18 agent paths [SUPPRESSED] (cumulative=5018)
 00:00:25 | ECBS RandomHop mutated 13/18 agent paths [SUPPRESSED] (cumulative=5031)
 00:00:25 | ECBS RandomHop mutated 13/18 agent paths [SUPPRESSED] (cumulative=5044)
 00:00:25 | ECBS RandomHop mutated 13/18 agent paths [SUPPRESSED] (cumulative=5057)
 00:00:25 | ECBS RandomHop mutated 13/18 agent paths [SUPPRESSED] (cumulative=5070)
 00:00:25 | ECBS RandomHop mutated 13/18 agent paths [SUPPRESSED] (cumulative=5083)
 00:00:25 | ECBS RandomHop mutated 13/18 agent paths [SUPPRESSED] (cumulative=5096)
 00:00:25 | ECBS RandomHop mutated 13/18 agent paths [SUPPRESSED] (cumulative=5109)
 00:00:25 | ECBS RandomHop mutated 13/18 agent paths [SUPPRESSED] (cumulative=5122)
 00:00:25 | ECBS RandomHop mutated 13/18 agent paths [SUPPRESSED] (cumulative=5135)
 00:00:25 | ECBS RandomHop mutated 13/19 agent paths [SUPPRESSED] (cumulative=5148)
 00:00:25 | ECBS RandomHop mutated 13/20 agent paths [SUPPRESSED] (cumulative=5161)
 00:00:25 | ECBS RandomHop mutated 13/20 agent paths [SUPPRESSED] (cumulative=5174)
 00:00:26 | ECBS RandomHop mutated 13/21 agent paths [SUPPRESSED] (cumulative=5187)
 00:00:26 | ECBS RandomHop mutated 13/21 agent paths [SUPPRESSED] (cumulative=5200)
 00:00:26 | ECBS RandomHop mutated 13/21 agent paths [SUPPRESSED] (cumulative=5213)
 00:00:26 | ECBS RandomHop mutated 13/21 agent paths [SUPPRESSED] (cumulative=5226)
 00:00:26 | ECBS RandomHop mutated 13/21 agent paths [SUPPRESSED] (cumulative=5239)
 00:00:26 | ECBS RandomHop mutated 13/20 agent paths [SUPPRESSED] (cumulative=5252)
 00:00:26 | ECBS RandomHop mutated 13/19 agent paths [SUPPRESSED] (cumulative=5265)
 00:00:26 | ECBS RandomHop mutated 13/18 agent paths [SUPPRESSED] (cumulative=5278)
 00:00:26 | ECBS RandomHop mutated 13/18 agent paths [SUPPRESSED] (cumulative=5291)
 00:00:26 | ECBS RandomHop mutated 13/18 agent paths [SUPPRESSED] (cumulative=5304)
 00:00:26 | ECBS RandomHop mutated 13/18 agent paths [SUPPRESSED] (cumulative=5317)
 00:00:26 | ECBS RandomHop mutated 13/17 agent paths [SUPPRESSED] (cumulative=5330)
 00:00:26 | ECBS RandomHop mutated 13/18 agent paths [SUPPRESSED] (cumulative=5343)
 00:00:26 | ECBS RandomHop mutated 13/18 agent paths [SUPPRESSED] (cumulative=5356)
 00:00:26 | ECBS RandomHop mutated 13/18 agent paths [SUPPRESSED] (cumulative=5369)
 00:00:26 | ECBS RandomHop mutated 13/18 agent paths [SUPPRESSED] (cumulative=5382)
 00:00:26 | ECBS RandomHop mutated 13/17 agent paths [SUPPRESSED] (cumulative=5395)
 00:00:26 | ECBS RandomHop mutated 13/16 agent paths [SUPPRESSED] (cumulative=5408)
 00:00:26 | ECBS RandomHop mutated 13/16 agent paths [SUPPRESSED] (cumulative=5421)
 00:00:26 | ECBS RandomHop mutated 13/16 agent paths [SUPPRESSED] (cumulative=5434)
 00:00:26 | ECBS RandomHop mutated 13/16 agent paths [SUPPRESSED] (cumulative=5447)
 00:00:26 | ECBS RandomHop mutated 13/16 agent paths [SUPPRESSED] (cumulative=5460)
 00:00:26 | ECBS RandomHop mutated 13/15 agent paths [SUPPRESSED] (cumulative=5473)
 00:00:26 | ECBS RandomHop mutated 13/15 agent paths [SUPPRESSED] (cumulative=5486)
 00:00:26 | ECBS RandomHop mutated 13/15 agent paths [SUPPRESSED] (cumulative=5499)
 00:00:26 | ECBS RandomHop mutated 13/15 agent paths [SUPPRESSED] (cumulative=5512)
 00:00:26 | ECBS RandomHop mutated 13/16 agent paths [SUPPRESSED] (cumulative=5525)
 00:00:26 | ECBS RandomHop mutated 13/16 agent paths [SUPPRESSED] (cumulative=5538)
 00:00:26 | ECBS RandomHop mutated 13/16 agent paths [SUPPRESSED] (cumulative=5551)
 00:00:26 | ECBS RandomHop mutated 13/17 agent paths [SUPPRESSED] (cumulative=5564)
 00:00:26 | ECBS RandomHop mutated 13/18 agent paths [SUPPRESSED] (cumulative=5577)
 00:00:26 | ECBS RandomHop mutated 13/19 agent paths [SUPPRESSED] (cumulative=5590)
 00:00:26 | ECBS RandomHop mutated 13/18 agent paths [SUPPRESSED] (cumulative=5603)
 00:00:26 | ECBS RandomHop mutated 13/18 agent paths [SUPPRESSED] (cumulative=5616)
 00:00:26 | ECBS RandomHop mutated 13/18 agent paths [SUPPRESSED] (cumulative=5629)
 00:00:26 | ECBS RandomHop mutated 13/17 agent paths [SUPPRESSED] (cumulative=5642)
 00:00:26 | ECBS RandomHop mutated 13/17 agent paths [SUPPRESSED] (cumulative=5655)
 00:00:26 | ECBS RandomHop mutated 13/17 agent paths [SUPPRESSED] (cumulative=5668)
 00:00:26 | ECBS RandomHop mutated 13/18 agent paths [SUPPRESSED] (cumulative=5681)
 00:00:26 | ECBS RandomHop mutated 13/18 agent paths [SUPPRESSED] (cumulative=5694)
 00:00:26 | ECBS RandomHop mutated 13/18 agent paths [SUPPRESSED] (cumulative=5707)
 00:00:26 | ECBS RandomHop mutated 13/17 agent paths [SUPPRESSED] (cumulative=5720)
 00:00:26 | ECBS RandomHop mutated 13/17 agent paths [SUPPRESSED] (cumulative=5733)
 00:00:26 | ECBS RandomHop mutated 13/17 agent paths [SUPPRESSED] (cumulative=5746)
 00:00:26 | ECBS RandomHop mutated 13/17 agent paths [SUPPRESSED] (cumulative=5759)
 00:00:26 | ECBS RandomHop mutated 13/18 agent paths [SUPPRESSED] (cumulative=5772)
 00:00:26 | ECBS RandomHop mutated 13/18 agent paths [SUPPRESSED] (cumulative=5785)
 00:00:26 | ECBS RandomHop mutated 13/18 agent paths [SUPPRESSED] (cumulative=5798)
 00:00:26 | ECBS RandomHop mutated 13/17 agent paths [SUPPRESSED] (cumulative=5811)
 00:00:26 | ECBS RandomHop mutated 13/17 agent paths [SUPPRESSED] (cumulative=5824)
 00:00:26 | ECBS RandomHop mutated 13/17 agent paths [SUPPRESSED] (cumulative=5837)
 00:00:26 | ECBS RandomHop mutated 13/17 agent paths [SUPPRESSED] (cumulative=5850)
 00:00:26 | ECBS RandomHop mutated 13/17 agent paths [SUPPRESSED] (cumulative=5863)
 00:00:26 | ECBS RandomHop mutated 13/18 agent paths [SUPPRESSED] (cumulative=5876)
 00:00:26 | ECBS RandomHop mutated 13/18 agent paths [SUPPRESSED] (cumulative=5889)
 00:00:26 | ECBS RandomHop mutated 13/18 agent paths [SUPPRESSED] (cumulative=5902)
 00:00:26 | ECBS RandomHop mutated 13/19 agent paths [SUPPRESSED] (cumulative=5915)
 00:00:26 | ECBS RandomHop mutated 13/20 agent paths [SUPPRESSED] (cumulative=5928)
 00:00:26 | ECBS RandomHop mutated 13/20 agent paths [SUPPRESSED] (cumulative=5941)
 00:00:26 | ECBS RandomHop mutated 13/20 agent paths [SUPPRESSED] (cumulative=5954)
 00:00:26 | ECBS RandomHop mutated 13/20 agent paths [SUPPRESSED] (cumulative=5967)
 00:00:27 | ECBS RandomHop mutated 13/20 agent paths [SUPPRESSED] (cumulative=5980)
 00:00:27 | ECBS RandomHop mutated 13/21 agent paths [SUPPRESSED] (cumulative=5993)
 00:00:27 | ECBS RandomHop mutated 13/21 agent paths [SUPPRESSED] (cumulative=6006)
 00:00:27 | ECBS RandomHop mutated 13/22 agent paths [SUPPRESSED] (cumulative=6019)
 00:00:27 | ECBS RandomHop mutated 13/22 agent paths [SUPPRESSED] (cumulative=6032)
 00:00:27 | ECBS RandomHop mutated 13/22 agent paths [SUPPRESSED] (cumulative=6045)
 00:00:27 | ECBS RandomHop mutated 13/21 agent paths [SUPPRESSED] (cumulative=6058)
 00:00:27 | ECBS RandomHop mutated 13/21 agent paths [SUPPRESSED] (cumulative=6071)
 00:00:27 | ECBS RandomHop mutated 13/20 agent paths [SUPPRESSED] (cumulative=6084)
 00:00:27 | ECBS RandomHop mutated 13/20 agent paths [SUPPRESSED] (cumulative=6097)
 00:00:27 | ECBS RandomHop mutated 13/20 agent paths [SUPPRESSED] (cumulative=6110)
 00:00:27 | ECBS RandomHop mutated 13/20 agent paths [SUPPRESSED] (cumulative=6123)
 00:00:27 | ECBS RandomHop mutated 13/19 agent paths [SUPPRESSED] (cumulative=6136)
 00:00:27 | ECBS RandomHop mutated 13/19 agent paths [SUPPRESSED] (cumulative=6149)
 00:00:27 | ECBS RandomHop mutated 13/19 agent paths [SUPPRESSED] (cumulative=6162)
 00:00:27 | ECBS RandomHop mutated 13/18 agent paths [SUPPRESSED] (cumulative=6175)
 00:00:27 | ECBS RandomHop mutated 13/18 agent paths [SUPPRESSED] (cumulative=6188)
 00:00:27 | ECBS RandomHop mutated 13/18 agent paths [SUPPRESSED] (cumulative=6201)
 00:00:27 | ECBS RandomHop mutated 13/18 agent paths [SUPPRESSED] (cumulative=6214)
 00:00:27 | ECBS RandomHop mutated 13/18 agent paths [SUPPRESSED] (cumulative=6227)
 00:00:27 | ECBS RandomHop mutated 13/18 agent paths [SUPPRESSED] (cumulative=6240)
 00:00:27 | ECBS RandomHop mutated 13/19 agent paths [SUPPRESSED] (cumulative=6253)
 00:00:27 | ECBS RandomHop mutated 13/17 agent paths [SUPPRESSED] (cumulative=6266)
 00:00:27 | ECBS RandomHop mutated 13/17 agent paths [SUPPRESSED] (cumulative=6279)
 00:00:27 | ECBS RandomHop mutated 13/17 agent paths [SUPPRESSED] (cumulative=6292)
 00:00:27 | ECBS RandomHop mutated 13/18 agent paths [SUPPRESSED] (cumulative=6305)
 00:00:27 | ECBS RandomHop mutated 13/18 agent paths [SUPPRESSED] (cumulative=6318)
 00:00:27 | ECBS RandomHop mutated 13/18 agent paths [SUPPRESSED] (cumulative=6331)
 00:00:27 | ECBS RandomHop mutated 13/18 agent paths [SUPPRESSED] (cumulative=6344)
 00:00:27 | ECBS RandomHop mutated 13/17 agent paths [SUPPRESSED] (cumulative=6357)
 00:00:27 | ECBS RandomHop mutated 13/17 agent paths [SUPPRESSED] (cumulative=6370)
 00:00:27 | ECBS RandomHop mutated 13/18 agent paths [SUPPRESSED] (cumulative=6383)
 00:00:27 | ECBS RandomHop mutated 13/18 agent paths [SUPPRESSED] (cumulative=6396)
 00:00:27 | ECBS RandomHop mutated 13/17 agent paths [SUPPRESSED] (cumulative=6409)
 00:00:27 | ECBS RandomHop mutated 13/17 agent paths [SUPPRESSED] (cumulative=6422)
 00:00:27 | ECBS RandomHop mutated 13/17 agent paths [SUPPRESSED] (cumulative=6435)
 00:00:27 | ECBS RandomHop mutated 13/17 agent paths [SUPPRESSED] (cumulative=6448)
 00:00:27 | ECBS RandomHop mutated 13/17 agent paths [SUPPRESSED] (cumulative=6461)
 00:00:27 | ECBS RandomHop mutated 13/17 agent paths [SUPPRESSED] (cumulative=6474)
 00:00:27 | ECBS RandomHop mutated 13/18 agent paths [SUPPRESSED] (cumulative=6487)
 00:00:27 | ECBS RandomHop mutated 13/18 agent paths [SUPPRESSED] (cumulative=6500)
 00:00:27 | ECBS RandomHop mutated 13/18 agent paths [SUPPRESSED] (cumulative=6513)
 00:00:27 | ECBS RandomHop mutated 13/19 agent paths [SUPPRESSED] (cumulative=6526)
 00:00:27 | ECBS RandomHop mutated 13/19 agent paths [SUPPRESSED] (cumulative=6539)
 00:00:27 | ECBS RandomHop mutated 13/19 agent paths [SUPPRESSED] (cumulative=6552)
 00:00:27 | ECBS RandomHop mutated 13/18 agent paths [SUPPRESSED] (cumulative=6565)
 00:00:27 | ECBS RandomHop mutated 13/18 agent paths [SUPPRESSED] (cumulative=6578)
 00:00:27 | ECBS RandomHop mutated 13/18 agent paths [SUPPRESSED] (cumulative=6591)
 00:00:27 | ECBS RandomHop mutated 13/18 agent paths [SUPPRESSED] (cumulative=6604)
 00:00:27 | ECBS RandomHop mutated 13/19 agent paths [SUPPRESSED] (cumulative=6617)
 00:00:27 | ECBS RandomHop mutated 13/18 agent paths [SUPPRESSED] (cumulative=6630)
 00:00:27 | ECBS RandomHop mutated 13/18 agent paths [SUPPRESSED] (cumulative=6643)
 00:00:27 | ECBS RandomHop mutated 13/18 agent paths [SUPPRESSED] (cumulative=6656)
 00:00:27 | ECBS RandomHop mutated 13/18 agent paths [SUPPRESSED] (cumulative=6669)
 00:00:27 | ECBS RandomHop mutated 13/18 agent paths [SUPPRESSED] (cumulative=6682)
 00:00:27 | ECBS RandomHop mutated 13/17 agent paths [SUPPRESSED] (cumulative=6695)
 00:00:27 | ECBS RandomHop mutated 13/17 agent paths [SUPPRESSED] (cumulative=6708)
 00:00:27 | ECBS RandomHop mutated 13/16 agent paths [SUPPRESSED] (cumulative=6721)
 00:00:27 | ECBS RandomHop mutated 13/16 agent paths [SUPPRESSED] (cumulative=6734)
 00:00:27 | ECBS RandomHop mutated 13/16 agent paths [SUPPRESSED] (cumulative=6747)
 00:00:27 | ECBS RandomHop mutated 13/16 agent paths [SUPPRESSED] (cumulative=6760)
 00:00:27 | ECBS RandomHop mutated 13/16 agent paths [SUPPRESSED] (cumulative=6773)
 00:00:27 | ECBS RandomHop mutated 13/16 agent paths [SUPPRESSED] (cumulative=6786)
 00:00:28 | ECBS RandomHop mutated 13/16 agent paths [SUPPRESSED] (cumulative=6799)
 00:00:28 | ECBS RandomHop mutated 13/16 agent paths [SUPPRESSED] (cumulative=6812)
 00:00:28 | ECBS RandomHop mutated 13/17 agent paths [SUPPRESSED] (cumulative=6825)
 00:00:28 | ECBS RandomHop mutated 13/16 agent paths [SUPPRESSED] (cumulative=6838)
 00:00:28 | ECBS RandomHop mutated 13/16 agent paths [SUPPRESSED] (cumulative=6851)
 00:00:28 | ECBS RandomHop mutated 13/16 agent paths [SUPPRESSED] (cumulative=6864)
 00:00:28 | ECBS RandomHop mutated 13/16 agent paths [SUPPRESSED] (cumulative=6877)
 00:00:28 | ECBS RandomHop mutated 13/16 agent paths [SUPPRESSED] (cumulative=6890)
 00:00:28 | ECBS RandomHop mutated 13/16 agent paths [SUPPRESSED] (cumulative=6903)
 00:00:28 | ECBS RandomHop mutated 13/17 agent paths [SUPPRESSED] (cumulative=6916)
 00:00:28 | ECBS RandomHop mutated 13/16 agent paths [SUPPRESSED] (cumulative=6929)
 00:00:28 | ECBS RandomHop mutated 13/17 agent paths [SUPPRESSED] (cumulative=6942)
 00:00:28 | ECBS RandomHop mutated 13/18 agent paths [SUPPRESSED] (cumulative=6955)
 00:00:28 | ECBS RandomHop mutated 13/18 agent paths [SUPPRESSED] (cumulative=6968)
 00:00:28 | ECBS RandomHop mutated 13/18 agent paths [SUPPRESSED] (cumulative=6981)
 00:00:28 | ECBS RandomHop mutated 13/18 agent paths [SUPPRESSED] (cumulative=6994)
 00:00:28 | ECBS RandomHop mutated 13/18 agent paths [SUPPRESSED] (cumulative=7007)
 00:00:28 | ECBS RandomHop mutated 14/18 agent paths [SUPPRESSED] (cumulative=7021)
 00:00:28 | ECBS RandomHop mutated 14/18 agent paths [SUPPRESSED] (cumulative=7035)
 00:00:28 | ECBS RandomHop mutated 14/18 agent paths [SUPPRESSED] (cumulative=7049)
 00:00:28 | ECBS RandomHop mutated 14/18 agent paths [SUPPRESSED] (cumulative=7063)
 00:00:28 | ECBS RandomHop mutated 14/18 agent paths [SUPPRESSED] (cumulative=7077)
 00:00:28 | ECBS RandomHop mutated 14/18 agent paths [SUPPRESSED] (cumulative=7091)
 00:00:28 | ECBS RandomHop mutated 14/18 agent paths [SUPPRESSED] (cumulative=7105)
 00:00:28 | ECBS RandomHop mutated 14/18 agent paths [SUPPRESSED] (cumulative=7119)
 00:00:28 | ECBS RandomHop mutated 14/18 agent paths [SUPPRESSED] (cumulative=7133)
 00:00:28 | ECBS RandomHop mutated 14/18 agent paths [SUPPRESSED] (cumulative=7147)
 00:00:28 | ECBS RandomHop mutated 14/18 agent paths [SUPPRESSED] (cumulative=7161)
 00:00:28 | ECBS RandomHop mutated 14/18 agent paths [SUPPRESSED] (cumulative=7175)
 00:00:28 | ECBS RandomHop mutated 14/17 agent paths [SUPPRESSED] (cumulative=7189)
 00:00:28 | ECBS RandomHop mutated 14/18 agent paths [SUPPRESSED] (cumulative=7203)
 00:00:28 | ECBS RandomHop mutated 14/18 agent paths [SUPPRESSED] (cumulative=7217)
 00:00:28 | ECBS RandomHop mutated 14/17 agent paths [SUPPRESSED] (cumulative=7231)
 00:00:28 | ECBS RandomHop mutated 14/17 agent paths [SUPPRESSED] (cumulative=7245)
 00:00:28 | ECBS RandomHop mutated 14/17 agent paths [SUPPRESSED] (cumulative=7259)
 00:00:28 | ECBS RandomHop mutated 14/18 agent paths [SUPPRESSED] (cumulative=7273)
 00:00:28 | ECBS RandomHop mutated 14/18 agent paths [SUPPRESSED] (cumulative=7287)
 00:00:28 | ECBS RandomHop mutated 14/18 agent paths [SUPPRESSED] (cumulative=7301)
 00:00:28 | ECBS RandomHop mutated 14/18 agent paths [SUPPRESSED] (cumulative=7315)
 00:00:28 | ECBS RandomHop mutated 14/18 agent paths [SUPPRESSED] (cumulative=7329)
 00:00:28 | ECBS RandomHop mutated 14/19 agent paths [SUPPRESSED] (cumulative=7343)
 00:00:28 | ECBS RandomHop mutated 14/20 agent paths [SUPPRESSED] (cumulative=7357)
 00:00:28 | ECBS RandomHop mutated 14/20 agent paths [SUPPRESSED] (cumulative=7371)
 00:00:28 | ECBS RandomHop mutated 14/20 agent paths [SUPPRESSED] (cumulative=7385)
 00:00:28 | ECBS RandomHop mutated 14/21 agent paths [SUPPRESSED] (cumulative=7399)
 00:00:28 | ECBS RandomHop mutated 15/23 agent paths [SUPPRESSED] (cumulative=7414)
 00:00:28 | ECBS RandomHop mutated 15/23 agent paths [SUPPRESSED] (cumulative=7429)
 00:00:28 | ECBS RandomHop mutated 15/23 agent paths [SUPPRESSED] (cumulative=7444)
 00:00:28 | ECBS RandomHop mutated 15/22 agent paths [SUPPRESSED] (cumulative=7459)
 00:00:28 | ECBS RandomHop mutated 15/22 agent paths [SUPPRESSED] (cumulative=7474)
 00:00:28 | ECBS RandomHop mutated 15/22 agent paths [SUPPRESSED] (cumulative=7489)
 00:00:28 | ECBS RandomHop mutated 15/22 agent paths [SUPPRESSED] (cumulative=7504)
 00:00:28 | ECBS RandomHop mutated 15/22 agent paths [SUPPRESSED] (cumulative=7519)
 00:00:28 | ECBS RandomHop mutated 15/22 agent paths [SUPPRESSED] (cumulative=7534)
 00:00:28 | ECBS RandomHop mutated 15/22 agent paths [SUPPRESSED] (cumulative=7549)
 00:00:28 | ECBS RandomHop mutated 15/22 agent paths [SUPPRESSED] (cumulative=7564)
 00:00:28 | 00:00:00 | 0.00:30:00 | 100.00%  |   307   |   405    | 73%  |  14138   |   0    | 159.68MB  
 00:00:28 | >>> Simulation finished - writing results ...
 00:00:29 | >>> Results written
Simulation finished.
>>> Timings
StatTimingPathPlanningAverage: 0.013922544062947056
StatTimingPathPlanningOverall: 19.463716599999984
StatTimingPathPlanningCount: 1398
StatTimingTaskAllocationAverage: 0.009684006847545222
StatTimingTaskAllocationOverall: 7.495421300000001
StatTimingTaskAllocationCount: 774
StatTimingItemStorageAverage: 9.665151515151503E-06
StatTimingItemStorageOverall: 0.0051031999999999935
StatTimingItemStorageCount: 528
StatTimingPodStorageAverage: 0.010318260427807485
StatTimingPodStorageOverall: 1.9295146999999997
StatTimingPodStorageCount: 187
StatTimingReplenishmentBatchingAverage: 2.9192338709677392E-05
StatTimingReplenishmentBatchingOverall: 0.014479399999999986
StatTimingReplenishmentBatchingCount: 496
StatTimingOrderBatchingAverage: 0.00014009180497925316
StatTimingOrderBatchingOverall: 0.13504850000000004
StatTimingOrderBatchingCount: 964
>>> Overall
StatOverallBundlesPlaced: 497
StatOverallItemsOrdered: 516
StatOverallOrdersPlaced: 323
StatOverallBundlesRejected: 0
StatOverallOrdersRejected: 0
StatOverallBundlesHandled: 405
StatOverallItemsHandled: 489
StatOverallLinesHandled: 460
StatOverallOrdersHandled: 307
StatOverallCollisions: 0
StatOverallDistanceTraveled: 14137.589977685759
StatOverallDistanceEstimated: 13574
StatOverallAssignedTasks: 774
StatMaxMemoryUsed: 160.16796875
StatRealTimeUsed: 28.9563514
StatAverageTurnoverTime: 505.16299332861547
StatMedianTurnoverTime: 384.47514103141043
StatLowerQuartileTurnoverTime: 202.8608581258562
StatUpperQuartileTurnoverTime: 751.358274211806
StatAverageThroughputTime: 81.02945353421272
StatMedianThroughputTime: 50.594459492824626
StatLowerQuartileThroughputTime: 30.26666666666688
StatUpperQuartileThroughputTime: 122.1122405728843
>>> Energy (Rizqi model)
StatEnergyTotalKJ: 1766.09980991484
StatEnergyE1AccelKJ: 639.7544934648748
StatEnergyE2DecelKJ: 0
StatEnergyE3CruiseKJ: 432.3999333397883
StatEnergyE4RotationKJ: 216.66560793838616
StatEnergyE5LiftLowerKJ: 477.2797751717911
StatEnergyPerOrderKJ: 5.752768110471791
StatEnergyPerMeterJoule: 124.27695516957569
StatEnergyIdleKJ: 2001.475581172033
StatEnergyTotalWithIdleKJ: 3767.5753910868734
StatEnergyPerOrderWithIdleKJ: 12.272232544256918
StatDistanceTraveledRizqiM: 14211
>>> Motion Behavior
StatTurningCount: 1937
StatStopAndGoCount: 2312
StatLoadedDistanceM: 9916
StatLoadedTurningCount: 1485
StatWaitTimeSec: 23415.24704039352
StatMoveEnergyEmptyKJ: 61.223275000000015
StatMoveTimeEmptySec: 5499.573279366791
StatTurnEnergyEmptyKJ: 8.667156693511481
StatTurnTimeEmptySec: 474.25528112791767
StatMoveEnergyLoadedKJ: 1010.9311518046633
StatMoveTimeLoadedSec: 14973.917571491995
StatTurnEnergyLoadedKJ: 207.99845124487462
StatTurnTimeLoadedSec: 1511.615192464521
StatPrefEmptyW: 11.69943713411884
StatPrefLoadedW: 73.9393515819258

Marked tag finished after 1 tries!
.Fin. - SUCCESS
