<<< Welcome to the RAWSimO CLI >>>
The time is: 04/14/2026 01:04:25
Starting RAWSimO wrapper with the following arguments:
Instance: Material/Instances/PP/1-4-4-32-550.xinst
Setting: Material/Instances/PP/PPMinimal.xsett
ControlConfig: Material/Instances/PP/aesop-ecbs.xconf
StatisticsDir: C:\Users\Aesop\Desktop\rawsim-o-rmfs-world-models\output_exp\ecbs\seed_27
Seed: 27
Adding handler for unhandled exceptions ...
Initializing ... 
Instance recognized!
Parsing setting config ...
Parsing control config ...
Parsing instance ...
StatisticsFolder: 1-4-4-32-550-PPMinimal-aesop-ecbs-27
Done!
Executing ... 
 01:04:27 | >>> Warming up ...
 00:00:00 | >>> Warmup finished - starting simulation ...
 Realtime |   ETA    |  Sim.Time  | Progress | #Orders | #Bundles | Inv. | Distance | #Coll. |   Memory    
 00:00:00 |   n/a    | 0.00:00:00 |  0.00%   |    0    |    0     | 60%  |    0     |   0    | 123.20MB  
 00:00:05 | 04:26:35 | 0.00:00:09 |  0.03%   |    0    |    0     | 60%  |   182    |   0    | 163.60MB  
 00:00:07 | WARNING! Aborting ECBS - could not obtain an initial solution for the following agents: Agent2(19->18)
 00:00:07 | WARNING! Aborting ECBS - could not obtain an initial solution for the following agents: Agent2(19->18)
 00:00:10 | 02:18:02 | 0.00:00:34 |  0.12%   |    0    |    0     | 60%  |   802    |   0    | 173.95MB  
 00:00:15 | 03:00:17 | 0.00:00:39 |  0.14%   |    0    |    0     | 60%  |   917    |   0    | 181.84MB  
 00:00:20 | 03:21:52 | 0.00:00:47 |  0.16%   |    2    |    0     | 60%  |   1066   |   0    | 184.16MB  
 00:00:24 | WARNING! Aborting ECBS - could not obtain an initial solution for the following agents: Agent8(41->40)
 00:00:24 | WARNING! Aborting ECBS - could not obtain an initial solution for the following agents: Agent8(41->40)
 00:00:25 | 02:54:44 | 0.00:01:08 |  0.24%   |    8    |    2     | 60%  |   1502   |   0    | 183.75MB  
 00:00:25 | WARNING! Aborting ECBS - could not obtain an initial solution for the following agents: Agent0(17->16)
 00:00:25 | WARNING! Aborting ECBS - could not obtain an initial solution for the following agents: Agent0(17->16)
 00:00:26 | WARNING! Aborting ECBS - could not obtain an initial solution for the following agents: Agent4(9->8)
 00:00:29 | WARNING! Aborting ECBS - could not obtain an initial solution for the following agents: Agent9(56->55)
 00:00:29 | WARNING! Aborting ECBS - could not obtain an initial solution for the following agents: Agent9(56->55)
 00:00:29 | WARNING! Aborting ECBS - could not obtain an initial solution for the following agents: Agent9(56->55)
 00:00:30 | 00:34:18 | 0.00:06:53 |  1.44%   |   144   |   134    | 60%  |   3847   |   0    | 185.02MB  
 00:00:31 | WARNING! Aborting ECBS - could not obtain an initial solution for the following agents: Agent5(57->56)
 00:00:31 | WARNING! Aborting ECBS - could not obtain an initial solution for the following agents: Agent11(25->24)
 00:00:31 | WARNING! Aborting ECBS - could not obtain an initial solution for the following agents: Agent11(25->24)
 00:00:34 | WARNING! Aborting ECBS - could not obtain an initial solution for the following agents: Agent24(25->23)
 00:00:34 | WARNING! Aborting ECBS - could not obtain an initial solution for the following agents: Agent21(40->39)
 00:00:35 | 00:18:53 | 0.00:14:22 |  3.00%   |   318   |   309    | 60%  |   7367   |   0    | 185.09MB  
 00:00:36 | WARNING! Aborting ECBS - could not obtain an initial solution for the following agents: Agent0(25->24)
 00:00:36 | WARNING! Aborting ECBS - could not obtain an initial solution for the following agents: Agent0(25->24)
 00:00:36 | WARNING! Aborting ECBS - could not obtain an initial solution for the following agents: Agent30(41->40)
 00:00:36 | WARNING! Aborting ECBS - could not obtain an initial solution for the following agents: Agent30(41->40)
 00:00:38 | WARNING! Aborting ECBS - could not obtain an initial solution for the following agents: Agent19(9->8)
 00:00:38 | WARNING! Aborting ECBS - could not obtain an initial solution for the following agents: Agent19(9->8)
 00:00:39 | WARNING! Aborting ECBS - could not obtain an initial solution for the following agents: Agent25(9->8)
 00:00:40 | 00:14:59 | 0.00:20:25 |  4.26%   |   461   |   451    | 60%  |   9951   |   0    | 184.61MB  
 00:00:40 | WARNING! Aborting ECBS - could not obtain an initial solution for the following agents: Agent28(42->41)
 00:00:41 | WARNING! Aborting ECBS - could not obtain an initial solution for the following agents: Agent5(57->56)
 00:00:43 | WARNING! Aborting ECBS - could not obtain an initial solution for the following agents: Agent27(9->8)
 00:00:43 | WARNING! Aborting ECBS - could not obtain an initial solution for the following agents: Agent24(25->18)
 00:00:45 | 00:11:46 | 0.00:28:44 |  5.99%   |   657   |   645    | 60%  |  14013   |   0    | 184.95MB  
 00:00:46 | WARNING! Aborting ECBS - could not obtain an initial solution for the following agents: Agent9(50->49)
 00:00:46 | WARNING! Aborting ECBS - could not obtain an initial solution for the following agents: Agent8(41->40)
 00:00:46 | WARNING! Aborting ECBS - could not obtain an initial solution for the following agents: Agent8(41->40)
 00:00:46 | WARNING! Aborting ECBS - could not obtain an initial solution for the following agents: Agent0(25->24)
 00:00:46 | WARNING! Aborting ECBS - could not obtain an initial solution for the following agents: Agent14(3->2)
 00:00:47 | WARNING! Aborting ECBS - could not obtain an initial solution for the following agents: Agent10(41->40)
 00:00:50 | 00:10:05 | 0.00:36:36 |  7.63%   |   840   |   830    | 60%  |  17691   |   0    | 183.85MB  
 00:00:50 | WARNING! Aborting ECBS - could not obtain an initial solution for the following agents: Agent9(57->56)
 00:00:50 | WARNING! Aborting ECBS - could not obtain an initial solution for the following agents: Agent9(57->56)
 00:00:51 | WARNING! Aborting ECBS - could not obtain an initial solution for the following agents: Agent28(41->40)
 00:00:55 | 00:09:05 | 0.00:43:59 |  9.17%   |  1014   |   1002   | 60%  |  21532   |   0    | 186.07MB  
 00:00:57 | WARNING! Aborting ECBS - could not obtain an initial solution for the following agents: Agent4(9->8)
 00:00:57 | WARNING! Aborting ECBS - could not obtain an initial solution for the following agents: Agent4(9->8)
 00:01:00 | 00:08:10 | 0.00:52:19 |  10.90%  |  1210   |   1196   | 60%  |  25648   |   0    | 184.44MB  
 00:01:00 | WARNING! Aborting ECBS - could not obtain an initial solution for the following agents: Agent5(57->56)
 00:01:02 | WARNING! Aborting ECBS - could not obtain an initial solution for the following agents: Agent16(57->56)
 00:01:02 | WARNING! Aborting ECBS - could not obtain an initial solution for the following agents: Agent28(40->39)
 00:01:05 | 00:07:11 | 0.01:02:53 |  13.10%  |  1455   |   1444   | 60%  |  31201   |   0    | 184.25MB  
 00:01:06 | WARNING! Aborting ECBS - could not obtain an initial solution for the following agents: Agent19(9->8)
 00:01:06 | WARNING! Aborting ECBS - could not obtain an initial solution for the following agents: Agent19(9->8)
 00:01:08 | WARNING! Aborting ECBS - could not obtain an initial solution for the following agents: Agent8(40->33)
 00:01:08 | WARNING! Aborting ECBS - could not obtain an initial solution for the following agents: Agent8(40->33)
 00:01:08 | WARNING! Aborting ECBS - could not obtain an initial solution for the following agents: Agent8(40->33)
 00:01:08 | WARNING! Aborting ECBS - could not obtain an initial solution for the following agents: Agent8(40->33)
 00:01:08 | WARNING! Aborting ECBS - could not obtain an initial solution for the following agents: Agent8(40->34)
 00:01:09 | WARNING! Aborting ECBS - could not obtain an initial solution for the following agents: Agent16(57->56)
 00:01:09 | WARNING! Aborting ECBS - could not obtain an initial solution for the following agents: Agent16(57->56)
 00:01:09 | WARNING! Aborting ECBS - could not obtain an initial solution for the following agents: Agent9(58->57)
 00:01:09 | WARNING! Aborting ECBS - could not obtain an initial solution for the following agents: Agent9(58->57)
 00:01:09 | WARNING! Aborting ECBS - could not obtain an initial solution for the following agents: Agent9(58->57)
 00:01:09 | WARNING! Aborting ECBS - could not obtain an initial solution for the following agents: Agent24(25->24)
 00:01:09 | WARNING! Aborting ECBS - could not obtain an initial solution for the following agents: Agent24(25->24)
 00:01:10 | 00:06:52 | 0.01:09:35 |  14.50%  |  1612   |   1602   | 60%  |  35038   |   0    | 187.39MB  
 00:01:15 | 00:06:27 | 0.01:17:51 |  16.22%  |  1804   |   1794   | 60%  |  39361   |   0    | 186.45MB  
 00:01:15 | WARNING! Aborting ECBS - could not obtain an initial solution for the following agents: Agent7(57->56)
 00:01:15 | WARNING! Aborting ECBS - could not obtain an initial solution for the following agents: Agent7(57->56)
 00:01:18 | WARNING! Aborting ECBS - could not obtain an initial solution for the following agents: Agent29(57->50)
 00:01:20 | 00:06:06 | 0.01:25:58 |  17.91%  |  1993   |   1985   | 60%  |  43488   |   0    | 187.31MB  
 00:01:21 | WARNING! Aborting ECBS - could not obtain an initial solution for the following agents: Agent26(24->23)
 00:01:25 | 00:05:39 | 0.01:36:13 |  20.05%  |  2232   |   2225   | 60%  |  48951   |   0    | 188.06MB  
 00:01:26 | WARNING! Aborting ECBS - could not obtain an initial solution for the following agents: Agent5(57->56)
 00:01:26 | WARNING! Aborting ECBS - could not obtain an initial solution for the following agents: Agent14(9->8)
 00:01:26 | WARNING! Aborting ECBS - could not obtain an initial solution for the following agents: Agent14(9->8)
 00:01:30 | 00:05:19 | 0.01:45:30 |  21.98%  |  2447   |   2442   | 60%  |  53983   |   0    | 187.37MB  
 00:01:31 | WARNING! Aborting ECBS - could not obtain an initial solution for the following agents: Agent10(41->40)
 00:01:31 | WARNING! Aborting ECBS - could not obtain an initial solution for the following agents: Agent26(25->24)
 00:01:32 | WARNING! Aborting ECBS - could not obtain an initial solution for the following agents: Agent11(25->24)
 00:01:32 | WARNING! Aborting ECBS - could not obtain an initial solution for the following agents: Agent11(25->24)
 00:01:32 | WARNING! Aborting ECBS - could not obtain an initial solution for the following agents: Agent11(25->24)
 00:01:35 | 00:05:06 | 0.01:53:41 |  23.69%  |  2639   |   2634   | 60%  |  58394   |   0    | 188.68MB  
 00:01:35 | WARNING! Aborting ECBS - could not obtain an initial solution for the following agents: Agent25(3->1)
 00:01:35 | WARNING! Aborting ECBS - could not obtain an initial solution for the following agents: Agent24(25->24)
 00:01:36 | WARNING! Aborting ECBS - could not obtain an initial solution for the following agents: Agent8(41->40)
 00:01:36 | WARNING! Aborting ECBS - could not obtain an initial solution for the following agents: Agent25(3->2)
 00:01:36 | WARNING! Aborting ECBS - could not obtain an initial solution for the following agents: Agent25(3->2)
 00:01:36 | WARNING! Aborting ECBS - could not obtain an initial solution for the following agents: Agent25(3->2)
 00:01:36 | WARNING! Aborting ECBS - could not obtain an initial solution for the following agents: Agent25(3->2)
 00:01:36 | WARNING! Aborting ECBS - could not obtain an initial solution for the following agents: Agent25(3->2)
 00:01:37 | WARNING! Aborting ECBS - could not obtain an initial solution for the following agents: Agent30(41->40)
 00:01:37 | WARNING! Aborting ECBS - could not obtain an initial solution for the following agents: Agent30(41->40)
 00:01:38 | WARNING! Aborting ECBS - could not obtain an initial solution for the following agents: Agent2(24->23)
 00:01:39 | WARNING! Aborting ECBS - could not obtain an initial solution for the following agents: Agent24(25->24)
 00:01:40 | 00:04:49 | 0.02:03:20 |  25.70%  |  2864   |   2859   | 60%  |  63410   |   0    | 188.88MB  
 00:01:40 | WARNING! Aborting ECBS - could not obtain an initial solution for the following agents: Agent11(25->24)
 00:01:40 | WARNING! Aborting ECBS - could not obtain an initial solution for the following agents: Agent11(25->24)
 00:01:42 | WARNING! Aborting ECBS - could not obtain an initial solution for the following agents: Agent14(8->2)
 00:01:43 | WARNING! Aborting ECBS - could not obtain an initial solution for the following agents: Agent29(57->56)
 00:01:44 | WARNING! Aborting ECBS - could not obtain an initial solution for the following agents: Agent7(56->55)
 00:01:45 | 00:04:37 | 0.02:11:38 |  27.43%  |  3055   |   3055   | 60%  |  68077   |   0    | 191.53MB  
 00:01:48 | WARNING! Aborting ECBS - could not obtain an initial solution for the following agents: Agent2(25->24)
 00:01:50 | 00:04:20 | 0.02:22:31 |  29.69%  |  3310   |   3310   | 60%  |  73881   |   0    | 192.95MB  
 00:01:50 | WARNING! Aborting ECBS - could not obtain an initial solution for the following agents: Agent21(41->40)
 00:01:53 | WARNING! Aborting ECBS - could not obtain an initial solution for the following agents: Agent10(41->40)
 00:01:53 | WARNING! Aborting ECBS - could not obtain an initial solution for the following agents: Agent10(41->40)
 00:01:53 | WARNING! Aborting ECBS - could not obtain an initial solution for the following agents: Agent30(41->40)
 00:01:55 | 00:04:11 | 0.02:30:32 |  31.36%  |  3498   |   3498   | 60%  |  78397   |   0    | 194.03MB  
 00:01:55 | WARNING! Aborting ECBS - could not obtain an initial solution for the following agents: Agent7(56->55)
 00:02:00 | 00:04:10 | 0.02:35:17 |  32.35%  |  3609   |   3608   | 60%  |  80913   |   0    | 205.08MB  
 00:02:02 | WARNING! Aborting ECBS - could not obtain an initial solution for the following agents: Agent24(26->25)
 00:02:02 | WARNING! Aborting ECBS - could not obtain an initial solution for the following agents: Agent24(26->25)
 00:02:05 | 00:04:10 | 0.02:39:42 |  33.27%  |  3710   |   3711   | 60%  |  83530   |   0    | 202.23MB  
 00:02:06 | WARNING! Aborting ECBS - could not obtain an initial solution for the following agents: Agent7(58->57)
 00:02:06 | WARNING! Aborting ECBS - could not obtain an initial solution for the following agents: Agent7(58->57)
 00:02:06 | WARNING! Aborting ECBS - could not obtain an initial solution for the following agents: Agent7(58->57)
 00:02:06 | WARNING! Aborting ECBS - could not obtain an initial solution for the following agents: Agent29(56->55)
 00:02:06 | WARNING! Aborting ECBS - could not obtain an initial solution for the following agents: Agent29(56->55)
 00:02:07 | WARNING! Aborting ECBS - could not obtain an initial solution for the following agents: Agent29(56->55)
 00:02:07 | WARNING! Aborting ECBS - could not obtain an initial solution for the following agents: Agent21(40->39)
 00:02:07 | WARNING! Aborting ECBS - could not obtain an initial solution for the following agents: Agent30(41->40)
 00:02:08 | WARNING! Aborting ECBS - could not obtain an initial solution for the following agents: Agent10(41->40)
 00:02:10 | 00:03:56 | 0.02:50:11 |  35.46%  |  3956   |   3958   | 60%  |  89083   |   0    | 200.49MB  
 00:02:15 | 00:04:02 | 0.02:51:35 |  35.75%  |  3988   |   3991   | 60%  |  89965   |   0    | 202.34MB  
 00:02:17 | WARNING! Aborting ECBS - could not obtain an initial solution for the following agents: Agent25(8->7)
 00:02:17 | WARNING! Aborting ECBS - could not obtain an initial solution for the following agents: Agent25(8->7)
 00:02:17 | WARNING! Aborting ECBS - could not obtain an initial solution for the following agents: Agent7(58->57)
 00:02:17 | WARNING! Aborting ECBS - could not obtain an initial solution for the following agents: Agent7(58->57)
 00:02:17 | WARNING! Aborting ECBS - could not obtain an initial solution for the following agents: Agent7(58->57)
 00:02:17 | WARNING! Aborting ECBS - could not obtain an initial solution for the following agents: Agent7(58->57)
 00:02:18 | WARNING! Aborting ECBS - could not obtain an initial solution for the following agents: Agent16(57->56)
 00:02:18 | WARNING! Aborting ECBS - could not obtain an initial solution for the following agents: Agent16(57->56)
 00:02:18 | WARNING! Aborting ECBS - could not obtain an initial solution for the following agents: Agent26(25->24)
 00:02:18 | WARNING! Aborting ECBS - could not obtain an initial solution for the following agents: Agent26(25->24)
 00:02:19 | WARNING! Aborting ECBS - could not obtain an initial solution for the following agents: Agent30(41->40)
 00:02:19 | WARNING! Aborting ECBS - could not obtain an initial solution for the following agents: Agent30(41->40)
 00:02:19 | WARNING! Aborting ECBS - could not obtain an initial solution for the following agents: Agent30(41->40)
 00:02:20 | 00:04:02 | 0.02:55:32 |  36.57%  |  4080   |   4083   | 60%  |  92437   |   0    | 200.99MB  
 00:02:20 | WARNING! Aborting ECBS - could not obtain an initial solution for the following agents: Agent24(26->17),Agent26(27->18)
 00:02:20 | WARNING! Aborting ECBS - could not obtain an initial solution for the following agents: Agent24(26->18)
 00:02:21 | WARNING! Aborting ECBS - could not obtain an initial solution for the following agents: Agent24(26->18)
 00:02:21 | WARNING! Aborting ECBS - could not obtain an initial solution for the following agents: Agent24(26->18)
 00:02:22 | WARNING! Aborting ECBS - could not obtain an initial solution for the following agents: Agent25(9->8)
 00:02:22 | WARNING! Aborting ECBS - could not obtain an initial solution for the following agents: Agent25(9->2)
 00:02:23 | WARNING! Aborting ECBS - could not obtain an initial solution for the following agents: Agent27(9->8)
 00:02:23 | WARNING! Aborting ECBS - could not obtain an initial solution for the following agents: Agent27(9->8)
 00:02:25 | 00:03:55 | 0.03:03:06 |  38.15%  |  4251   |   4261   | 60%  |  96771   |   0    | 200.31MB  
 00:02:30 | 00:03:46 | 0.03:11:26 |  39.88%  |  4444   |   4455   | 60%  |  101500  |   0    | 199.83MB  
 00:02:34 | WARNING! Aborting ECBS - could not obtain an initial solution for the following agents: Agent0(25->24)
 00:02:35 | 00:03:34 | 0.03:21:14 |  41.92%  |  4673   |   4686   | 60%  |  106713  |   0    | 200.54MB  
 00:02:36 | WARNING! Aborting ECBS - could not obtain an initial solution for the following agents: Agent1(9->8)
 00:02:36 | WARNING! Aborting ECBS - could not obtain an initial solution for the following agents: Agent25(3->1)
 00:02:36 | WARNING! Aborting ECBS - could not obtain an initial solution for the following agents: Agent25(3->2)
 00:02:36 | WARNING! Aborting ECBS - could not obtain an initial solution for the following agents: Agent25(3->2)
 00:02:36 | WARNING! Aborting ECBS - could not obtain an initial solution for the following agents: Agent25(3->2)
 00:02:37 | WARNING! Aborting ECBS - could not obtain an initial solution for the following agents: Agent11(19->17)
 00:02:40 | 00:03:26 | 0.03:29:48 |  43.71%  |  4872   |   4887   | 60%  |  111497  |   0    | 199.33MB  
 00:02:40 | WARNING! Aborting ECBS - could not obtain an initial solution for the following agents: Agent4(9->8)
 00:02:40 | WARNING! Aborting ECBS - could not obtain an initial solution for the following agents: Agent4(9->8)
 00:02:43 | WARNING! Aborting ECBS - could not obtain an initial solution for the following agents: Agent1(9->8)
 00:02:45 | 00:03:18 | 0.03:38:09 |  45.45%  |  5067   |   5081   | 60%  |  116404  |   0    | 200.59MB  
 00:02:46 | WARNING! Aborting ECBS - could not obtain an initial solution for the following agents: Agent0(25->24)
 00:02:46 | WARNING! Aborting ECBS - could not obtain an initial solution for the following agents: Agent0(25->24)
 00:02:50 | 00:03:22 | 0.03:38:58 |  45.62%  |  5085   |   5100   | 60%  |  117039  |   0    | 204.01MB  
 00:02:52 | WARNING! Aborting ECBS - could not obtain an initial solution for the following agents: Agent8(40->39)
 00:02:52 | WARNING! Aborting ECBS - could not obtain an initial solution for the following agents: Agent8(40->39)
 00:02:52 | WARNING! Aborting ECBS - could not obtain an initial solution for the following agents: Agent8(40->39)
 00:02:52 | WARNING! Aborting ECBS - could not obtain an initial solution for the following agents: Agent19(9->8)
 00:02:53 | WARNING! Aborting ECBS - could not obtain an initial solution for the following agents: Agent28(40->39)
 00:02:53 | WARNING! Aborting ECBS - could not obtain an initial solution for the following agents: Agent9(57->56)
 00:02:53 | WARNING! Aborting ECBS - could not obtain an initial solution for the following agents: Agent9(57->56)
 00:02:53 | WARNING! Aborting ECBS - could not obtain an initial solution for the following agents: Agent9(57->56)
 00:02:54 | WARNING! Aborting ECBS - could not obtain an initial solution for the following agents: Agent29(57->56)
 00:02:55 | 00:03:15 | 0.03:46:36 |  47.21%  |  5261   |   5280   | 60%  |  121104  |   0    | 201.03MB  
 00:02:56 | WARNING! Aborting ECBS - could not obtain an initial solution for the following agents: Agent29(57->50)
 00:02:56 | WARNING! Aborting ECBS - could not obtain an initial solution for the following agents: Agent29(57->54)
 00:03:00 | 00:03:06 | 0.03:55:30 |  49.07%  |  5471   |   5488   | 60%  |  125928  |   0    | 200.43MB  
 00:03:00 | WARNING! Aborting ECBS - could not obtain an initial solution for the following agents: Agent29(56->55)
 00:03:00 | WARNING! Aborting ECBS - could not obtain an initial solution for the following agents: Agent10(41->40)
 00:03:05 | 00:02:56 | 0.04:05:45 |  51.20%  |  5711   |   5728   | 60%  |  131223  |   0    | 204.13MB  
 00:03:10 | 00:02:53 | 0.04:11:12 |  52.33%  |  5838   |   5856   | 60%  |  134047  |   0    | 205.59MB  
 00:03:10 | WARNING! Aborting ECBS - could not obtain an initial solution for the following agents: Agent5(57->56)
 00:03:12 | WARNING! Aborting ECBS - could not obtain an initial solution for the following agents: Agent9(56->55)
 00:03:13 | WARNING! Aborting ECBS - could not obtain an initial solution for the following agents: Agent2(26->18)
 00:03:13 | WARNING! Aborting ECBS - could not obtain an initial solution for the following agents: Agent2(26->18)
 00:03:13 | WARNING! Aborting ECBS - could not obtain an initial solution for the following agents: Agent24(26->25)
 00:03:15 | 00:02:43 | 0.04:20:53 |  54.35%  |  6064   |   6084   | 60%  |  138740  |   0    | 207.87MB  
 00:03:16 | WARNING! Aborting ECBS - could not obtain an initial solution for the following agents: Agent7(57->56)
 00:03:16 | WARNING! Aborting ECBS - could not obtain an initial solution for the following agents: Agent7(57->56)
 00:03:18 | WARNING! Aborting ECBS - could not obtain an initial solution for the following agents: Agent10(41->40)
 00:03:18 | WARNING! Aborting ECBS - could not obtain an initial solution for the following agents: Agent10(41->40)
 00:03:19 | WARNING! Aborting ECBS - could not obtain an initial solution for the following agents: Agent7(57->56)
 00:03:19 | WARNING! Aborting ECBS - could not obtain an initial solution for the following agents: Agent7(57->56)
 00:03:19 | WARNING! Aborting ECBS - could not obtain an initial solution for the following agents: Agent8(41->40)
 00:03:19 | WARNING! Aborting ECBS - could not obtain an initial solution for the following agents: Agent8(41->40)
 00:03:19 | WARNING! Aborting ECBS - could not obtain an initial solution for the following agents: Agent8(41->40)
 00:03:20 | 00:02:37 | 0.04:28:42 |  55.98%  |  6246   |   6266   | 60%  |  143039  |   0    | 210.79MB  
 00:03:23 | WARNING! Aborting ECBS - could not obtain an initial solution for the following agents: Agent4(3->1)
 00:03:23 | WARNING! Aborting ECBS - could not obtain an initial solution for the following agents: Agent4(3->1)
 00:03:23 | WARNING! Aborting ECBS - could not obtain an initial solution for the following agents: Agent4(3->2)
 00:03:23 | WARNING! Aborting ECBS - could not obtain an initial solution for the following agents: Agent10(41->40)
 00:03:25 | 00:02:25 | 0.04:40:45 |  58.49%  |  6529   |   6550   | 60%  |  148823  |   0    | 207.40MB  
 00:03:25 | WARNING! Aborting ECBS - could not obtain an initial solution for the following agents: Agent4(9->8)
 00:03:25 | WARNING! Aborting ECBS - could not obtain an initial solution for the following agents: Agent4(9->8)
 00:03:30 | 00:02:17 | 0.04:49:52 |  60.39%  |  6743   |   6762   | 60%  |  154191  |   0    | 209.09MB  
 00:03:34 | WARNING! Aborting ECBS - could not obtain an initial solution for the following agents: Agent2(25->24)
 00:03:34 | WARNING! Aborting ECBS - could not obtain an initial solution for the following agents: Agent2(25->24)
 00:03:34 | WARNING! Aborting ECBS - could not obtain an initial solution for the following agents: Agent2(25->24)
 00:03:35 | 00:02:16 | 0.04:53:46 |  61.20%  |  6829   |   6854   | 60%  |  156232  |   0    | 208.62MB  
 00:03:36 | WARNING! Aborting ECBS - could not obtain an initial solution for the following agents: Agent26(25->24)
 00:03:38 | WARNING! Aborting ECBS - could not obtain an initial solution for the following agents: Agent29(57->56)
 00:03:38 | WARNING! Aborting ECBS - could not obtain an initial solution for the following agents: Agent29(57->56)
 00:03:39 | WARNING! Aborting ECBS - could not obtain an initial solution for the following agents: Agent11(25->24)
 00:03:39 | WARNING! Aborting ECBS - could not obtain an initial solution for the following agents: Agent0(24->23)
 00:03:39 | WARNING! Aborting ECBS - could not obtain an initial solution for the following agents: Agent0(24->23)
 00:03:40 | 00:02:11 | 0.05:00:42 |  62.65%  |  6993   |   7018   | 60%  |  160199  |   0    | 208.69MB  
 00:03:40 | WARNING! Aborting ECBS - could not obtain an initial solution for the following agents: Agent7(57->56)
 00:03:40 | WARNING! Aborting ECBS - could not obtain an initial solution for the following agents: Agent7(57->56)
 00:03:43 | WARNING! Aborting ECBS - could not obtain an initial solution for the following agents: Agent5(56->49)
 00:03:43 | WARNING! Aborting ECBS - could not obtain an initial solution for the following agents: Agent5(56->49)
 00:03:43 | WARNING! Aborting ECBS - could not obtain an initial solution for the following agents: Agent5(56->49)
 00:03:43 | WARNING! Aborting ECBS - could not obtain an initial solution for the following agents: Agent5(56->50)
 00:03:43 | WARNING! Aborting ECBS - could not obtain an initial solution for the following agents: Agent5(56->50)
 00:03:43 | WARNING! Aborting ECBS - could not obtain an initial solution for the following agents: Agent5(56->50)
 00:03:44 | WARNING! Aborting ECBS - could not obtain an initial solution for the following agents: Agent1(3->0)
 00:03:44 | WARNING! Aborting ECBS - could not obtain an initial solution for the following agents: Agent1(3->0)
 00:03:44 | WARNING! Aborting ECBS - could not obtain an initial solution for the following agents: Agent1(3->1)
 00:03:45 | 00:02:05 | 0.05:07:57 |  64.16%  |  7160   |   7187   | 60%  |  164059  |   0    | 208.58MB  
 00:03:45 | WARNING! Aborting ECBS - could not obtain an initial solution for the following agents: Agent5(57->56)
 00:03:45 | WARNING! Aborting ECBS - could not obtain an initial solution for the following agents: Agent5(57->56)
 00:03:50 | 00:01:59 | 0.05:15:59 |  65.83%  |  7347   |   7375   | 60%  |  168456  |   0    | 210.84MB  
 00:03:55 | 00:01:53 | 0.05:23:50 |  67.47%  |  7529   |   7559   | 60%  |  172514  |   0    | 209.23MB  
 00:03:55 | WARNING! Aborting ECBS - could not obtain an initial solution for the following agents: Agent9(58->57)
 00:03:55 | WARNING! Aborting ECBS - could not obtain an initial solution for the following agents: Agent9(58->57)
 00:03:55 | WARNING! Aborting ECBS - could not obtain an initial solution for the following agents: Agent9(58->57)
 00:03:55 | WARNING! Aborting ECBS - could not obtain an initial solution for the following agents: Agent9(58->57)
 00:03:55 | WARNING! Aborting ECBS - could not obtain an initial solution for the following agents: Agent29(57->56)
 00:03:55 | WARNING! Aborting ECBS - could not obtain an initial solution for the following agents: Agent29(57->56)
 00:03:55 | WARNING! Aborting ECBS - could not obtain an initial solution for the following agents: Agent27(2->1)
 00:03:55 | WARNING! Aborting ECBS - could not obtain an initial solution for the following agents: Agent27(2->1)
 00:03:55 | WARNING! Aborting ECBS - could not obtain an initial solution for the following agents: Agent28(41->40)
 00:03:59 | WARNING! Aborting ECBS - could not obtain an initial solution for the following agents: Agent9(57->56)
 00:04:00 | 00:01:45 | 0.05:33:31 |  69.48%  |  7753   |   7787   | 60%  |  178025  |   0    | 210.27MB  
 00:04:00 | WARNING! Aborting ECBS - could not obtain an initial solution for the following agents: Agent10(41->40)
 00:04:00 | WARNING! Aborting ECBS - could not obtain an initial solution for the following agents: Agent10(41->40)
 00:04:02 | WARNING! Aborting ECBS - could not obtain an initial solution for the following agents: Agent16(51->49)
 00:04:03 | WARNING! Aborting ECBS - could not obtain an initial solution for the following agents: Agent7(59->50)
 00:04:03 | WARNING! Aborting ECBS - could not obtain an initial solution for the following agents: Agent7(59->50)
 00:04:03 | WARNING! Aborting ECBS - could not obtain an initial solution for the following agents: Agent7(59->50)
 00:04:03 | WARNING! Aborting ECBS - could not obtain an initial solution for the following agents: Agent7(59->50)
 00:04:03 | WARNING! Aborting ECBS - could not obtain an initial solution for the following agents: Agent7(59->50)
 00:04:05 | 00:01:39 | 0.05:41:17 |  71.10%  |  7929   |   7969   | 60%  |  182157  |   0    | 211.21MB  
 00:04:05 | WARNING! Aborting ECBS - could not obtain an initial solution for the following agents: Agent0(27->26)
 00:04:05 | WARNING! Aborting ECBS - could not obtain an initial solution for the following agents: Agent0(27->26)
 00:04:05 | WARNING! Aborting ECBS - could not obtain an initial solution for the following agents: Agent0(27->26)
 00:04:05 | WARNING! Aborting ECBS - could not obtain an initial solution for the following agents: Agent0(27->26)
 00:04:10 | 00:01:35 | 0.05:47:48 |  72.46%  |  8078   |   8120   | 60%  |  185585  |   0    | 212.32MB  
 00:04:15 | 00:01:36 | 0.05:48:18 |  72.56%  |  8090   |   8131   | 60%  |  185877  |   0    | 222.29MB  
 00:04:15 | WARNING! Aborting ECBS - could not obtain an initial solution for the following agents: Agent30(40->39)
 00:04:17 | WARNING! Aborting ECBS - could not obtain an initial solution for the following agents: Agent29(56->55)
 00:04:17 | WARNING! Aborting ECBS - could not obtain an initial solution for the following agents: Agent29(56->55)
 00:04:18 | WARNING! Aborting ECBS - could not obtain an initial solution for the following agents: Agent19(8->6)
 00:04:20 | 00:01:28 | 0.05:57:40 |  74.52%  |  8310   |   8352   | 60%  |  190800  |   0    | 219.11MB  
 00:04:21 | WARNING! Aborting ECBS - could not obtain an initial solution for the following agents: Agent25(2->1)
 00:04:22 | WARNING! Aborting ECBS - could not obtain an initial solution for the following agents: Agent0(24->23)
 00:04:22 | WARNING! Aborting ECBS - could not obtain an initial solution for the following agents: Agent0(24->23)
 00:04:22 | WARNING! Aborting ECBS - could not obtain an initial solution for the following agents: Agent0(24->23)
 00:04:24 | WARNING! Aborting ECBS - could not obtain an initial solution for the following agents: Agent11(25->24)
 00:04:25 | 00:01:20 | 0.06:07:59 |  76.67%  |  8552   |   8594   | 60%  |  195979  |   0    | 220.82MB  
 00:04:26 | WARNING! Aborting ECBS - could not obtain an initial solution for the following agents: Agent16(56->55)
 00:04:26 | WARNING! Aborting ECBS - could not obtain an initial solution for the following agents: Agent16(56->55)
 00:04:26 | WARNING! Aborting ECBS - could not obtain an initial solution for the following agents: Agent2(25->24)
 00:04:26 | WARNING! Aborting ECBS - could not obtain an initial solution for the following agents: Agent2(25->24)
 00:04:28 | WARNING! Aborting ECBS - could not obtain an initial solution for the following agents: Agent2(26->25)
 00:04:28 | WARNING! Aborting ECBS - could not obtain an initial solution for the following agents: Agent14(3->2)
 00:04:28 | WARNING! Aborting ECBS - could not obtain an initial solution for the following agents: Agent14(3->2)
 00:04:29 | WARNING! Aborting ECBS - could not obtain an initial solution for the following agents: Agent4(9->1)
 00:04:29 | WARNING! Aborting ECBS - could not obtain an initial solution for the following agents: Agent4(9->1)
 00:04:29 | WARNING! Aborting ECBS - could not obtain an initial solution for the following agents: Agent4(9->2)
 00:04:29 | WARNING! Aborting ECBS - could not obtain an initial solution for the following agents: Agent4(9->2)
 00:04:30 | 00:01:13 | 0.06:17:00 |  78.54%  |  8759   |   8805   | 60%  |  200825  |   0    | 219.10MB  
 00:04:30 | WARNING! Aborting ECBS - could not obtain an initial solution for the following agents: Agent11(24->23)
 00:04:30 | WARNING! Aborting ECBS - could not obtain an initial solution for the following agents: Agent11(24->23)
 00:04:30 | WARNING! Aborting ECBS - could not obtain an initial solution for the following agents: Agent11(24->23)
 00:04:31 | WARNING! Aborting ECBS - could not obtain an initial solution for the following agents: Agent24(24->23)
 00:04:31 | WARNING! Aborting ECBS - could not obtain an initial solution for the following agents: Agent24(24->23)
 00:04:32 | WARNING! Aborting ECBS - could not obtain an initial solution for the following agents: Agent11(25->24)
 00:04:34 | WARNING! Aborting ECBS - could not obtain an initial solution for the following agents: Agent9(57->56)
 00:04:34 | WARNING! Aborting ECBS - could not obtain an initial solution for the following agents: Agent9(57->56)
 00:04:34 | WARNING! Aborting ECBS - could not obtain an initial solution for the following agents: Agent9(57->56)
 00:04:34 | WARNING! Aborting ECBS - could not obtain an initial solution for the following agents: Agent30(41->40)
 00:04:35 | 00:01:06 | 0.06:26:57 |  80.62%  |  8993   |   9037   | 60%  |  205998  |   0    | 219.38MB  
 00:04:35 | WARNING! Aborting ECBS - could not obtain an initial solution for the following agents: Agent25(3->1)
 00:04:35 | WARNING! Aborting ECBS - could not obtain an initial solution for the following agents: Agent25(3->1)
 00:04:35 | WARNING! Aborting ECBS - could not obtain an initial solution for the following agents: Agent25(3->1)
 00:04:35 | WARNING! Aborting ECBS - could not obtain an initial solution for the following agents: Agent7(57->56)
 00:04:35 | WARNING! Aborting ECBS - could not obtain an initial solution for the following agents: Agent7(57->56)
 00:04:36 | WARNING! Aborting ECBS - could not obtain an initial solution for the following agents: Agent28(41->40)
 00:04:36 | WARNING! Aborting ECBS - could not obtain an initial solution for the following agents: Agent28(41->40)
 00:04:36 | WARNING! Aborting ECBS - could not obtain an initial solution for the following agents: Agent28(41->40)
 00:04:36 | WARNING! Aborting ECBS - could not obtain an initial solution for the following agents: Agent26(27->18)
 00:04:36 | WARNING! Aborting ECBS - could not obtain an initial solution for the following agents: Agent26(27->18)
 00:04:36 | WARNING! Aborting ECBS - could not obtain an initial solution for the following agents: Agent26(27->18)
 00:04:40 | 00:01:00 | 0.06:34:22 |  82.16%  |  9163   |   9210   | 60%  |  210121  |   0    | 219.11MB  
 00:04:40 | WARNING! Aborting ECBS - could not obtain an initial solution for the following agents: Agent0(25->24)
 00:04:41 | WARNING! Aborting ECBS - could not obtain an initial solution for the following agents: Agent9(56->49)
 00:04:41 | WARNING! Aborting ECBS - could not obtain an initial solution for the following agents: Agent9(56->49)
 00:04:41 | WARNING! Aborting ECBS - could not obtain an initial solution for the following agents: Agent9(56->49)
 00:04:45 | 00:00:53 | 0.06:43:56 |  84.15%  |  9386   |   9435   | 60%  |  215356  |   0    | 221.12MB  
 00:04:46 | WARNING! Aborting ECBS - could not obtain an initial solution for the following agents: Agent5(57->56)
 00:04:46 | WARNING! Aborting ECBS - could not obtain an initial solution for the following agents: Agent5(57->56)
 00:04:47 | WARNING! Aborting ECBS - could not obtain an initial solution for the following agents: Agent25(9->8)
 00:04:47 | WARNING! Aborting ECBS - could not obtain an initial solution for the following agents: Agent25(9->8)
 00:04:47 | WARNING! Aborting ECBS - could not obtain an initial solution for the following agents: Agent25(9->8)
 00:04:47 | WARNING! Aborting ECBS - could not obtain an initial solution for the following agents: Agent0(25->24)
 00:04:50 | 00:00:47 | 0.06:52:35 |  85.96%  |  9590   |   9638   | 60%  |  220098  |   0    | 219.02MB  
 00:04:54 | WARNING! Aborting ECBS - could not obtain an initial solution for the following agents: Agent4(9->8)
 00:04:55 | 00:00:40 | 0.07:01:34 |  87.83%  |  9795   |   9848   | 60%  |  225045  |   0    | 219.16MB  
 00:04:55 | WARNING! Aborting ECBS - could not obtain an initial solution for the following agents: Agent0(27->26)
 00:04:55 | WARNING! Aborting ECBS - could not obtain an initial solution for the following agents: Agent0(27->26)
 00:04:55 | WARNING! Aborting ECBS - could not obtain an initial solution for the following agents: Agent0(27->26)
 00:04:55 | WARNING! Aborting ECBS - could not obtain an initial solution for the following agents: Agent0(27->26)
 00:04:55 | WARNING! Aborting ECBS - could not obtain an initial solution for the following agents: Agent0(27->26)
 00:04:57 | WARNING! Aborting ECBS - could not obtain an initial solution for the following agents: Agent26(25->24)
 00:04:58 | WARNING! Aborting ECBS - could not obtain an initial solution for the following agents: Agent28(35->33)
 00:04:58 | WARNING! Aborting ECBS - could not obtain an initial solution for the following agents: Agent28(35->33)
 00:04:58 | WARNING! Aborting ECBS - could not obtain an initial solution for the following agents: Agent28(35->33)
 00:04:58 | WARNING! Aborting ECBS - could not obtain an initial solution for the following agents: Agent28(35->34)
 00:04:58 | WARNING! Aborting ECBS - could not obtain an initial solution for the following agents: Agent28(35->34)
 00:04:59 | WARNING! Aborting ECBS - could not obtain an initial solution for the following agents: Agent11(25->24)
 00:05:00 | 00:00:34 | 0.07:11:03 |  89.80%  |  10015  |  10070   | 60%  |  229959  |   0    | 218.53MB  
 00:05:00 | WARNING! Aborting ECBS - could not obtain an initial solution for the following agents: Agent0(25->24)
 00:05:00 | WARNING! Aborting ECBS - could not obtain an initial solution for the following agents: Agent0(25->24)
 00:05:01 | WARNING! Aborting ECBS - could not obtain an initial solution for the following agents: Agent11(27->26)
 00:05:01 | WARNING! Aborting ECBS - could not obtain an initial solution for the following agents: Agent11(27->26)
 00:05:05 | 00:00:27 | 0.07:19:47 |  91.62%  |  10215  |  10275   | 60%  |  234993  |   0    | 218.98MB  
 00:05:05 | WARNING! Aborting ECBS - could not obtain an initial solution for the following agents: Agent30(41->40)
 00:05:06 | WARNING! Aborting ECBS - could not obtain an initial solution for the following agents: Agent4(3->1)
 00:05:06 | WARNING! Aborting ECBS - could not obtain an initial solution for the following agents: Agent4(3->2)
 00:05:06 | WARNING! Aborting ECBS - could not obtain an initial solution for the following agents: Agent4(3->2)
 00:05:07 | WARNING! Aborting ECBS - could not obtain an initial solution for the following agents: Agent28(41->40)
 00:05:07 | WARNING! Aborting ECBS - could not obtain an initial solution for the following agents: Agent28(41->40)
 00:05:10 | 00:00:20 | 0.07:30:01 |  93.75%  |  10452  |  10514   | 60%  |  240376  |   0    | 219.72MB  
 00:05:10 | WARNING! Aborting ECBS - could not obtain an initial solution for the following agents: Agent9(57->56)
 00:05:10 | WARNING! Aborting ECBS - could not obtain an initial solution for the following agents: Agent9(57->56)
 00:05:11 | WARNING! Aborting ECBS - could not obtain an initial solution for the following agents: Agent8(41->40)
 00:05:13 | WARNING! Aborting ECBS - could not obtain an initial solution for the following agents: Agent25(9->8)
 00:05:13 | WARNING! Aborting ECBS - could not obtain an initial solution for the following agents: Agent25(9->8)
 00:05:15 | 00:00:15 | 0.07:37:09 |  95.24%  |  10619  |  10681   | 60%  |  244298  |   0    | 221.33MB  
 00:05:17 | WARNING! Aborting ECBS - could not obtain an initial solution for the following agents: Agent21(41->40)
 00:05:17 | WARNING! Aborting ECBS - could not obtain an initial solution for the following agents: Agent21(41->40)
 00:05:17 | WARNING! Aborting ECBS - could not obtain an initial solution for the following agents: Agent19(9->1)
 00:05:17 | WARNING! Aborting ECBS - could not obtain an initial solution for the following agents: Agent19(9->2)
 00:05:19 | WARNING! Aborting ECBS - could not obtain an initial solution for the following agents: Agent28(35->34)
 00:05:20 | 00:00:11 | 0.07:43:59 |  96.67%  |  10775  |  10842   | 60%  |  248519  |   0    | 218.85MB  
 00:05:24 | WARNING! Aborting ECBS - could not obtain an initial solution for the following agents: Agent11(27->26)
 00:05:24 | WARNING! Aborting ECBS - could not obtain an initial solution for the following agents: Agent11(27->26)
 00:05:24 | WARNING! Aborting ECBS - could not obtain an initial solution for the following agents: Agent11(27->26)
 00:05:24 | WARNING! Aborting ECBS - could not obtain an initial solution for the following agents: Agent11(27->26)
 00:05:24 | WARNING! Aborting ECBS - could not obtain an initial solution for the following agents: Agent11(27->26)
 00:05:24 | WARNING! Aborting ECBS - could not obtain an initial solution for the following agents: Agent4(9->8)
 00:05:24 | WARNING! Aborting ECBS - could not obtain an initial solution for the following agents: Agent4(9->8)
 00:05:24 | WARNING! Aborting ECBS - could not obtain an initial solution for the following agents: Agent4(9->8)
 00:05:25 | 00:00:05 | 0.07:51:54 |  98.31%  |  10956  |  11028   | 60%  |  252716  |   0    | 219.38MB  
 00:05:28 | WARNING! Aborting ECBS - could not obtain an initial solution for the following agents: Agent21(41->40)
 00:05:28 | WARNING! Aborting ECBS - could not obtain an initial solution for the following agents: Agent21(41->40)
 00:05:30 | 00:00:02 | 0.07:56:36 |  99.29%  |  11062  |  11138   | 60%  |  255624  |   0    | 218.70MB  
 00:05:31 | WARNING! Aborting ECBS - could not obtain an initial solution for the following agents: Agent0(25->24)
 00:05:31 | WARNING! Aborting ECBS - could not obtain an initial solution for the following agents: Agent10(41->40)
 00:05:32 | WARNING! Aborting ECBS - could not obtain an initial solution for the following agents: Agent30(41->40)
 00:05:32 | WARNING! Aborting ECBS - could not obtain an initial solution for the following agents: Agent30(41->40)
 00:05:32 | WARNING! Aborting ECBS - could not obtain an initial solution for the following agents: Agent30(41->40)
 00:05:32 | 00:00:00 | 0.08:00:00 | 100.00%  |  11140  |  11217   | 60%  |  257745  |   0    | 218.90MB  
 00:05:32 | >>> Simulation finished - writing results ...
 00:05:32 | >>> Results written
Simulation finished.
>>> Timings
StatTimingPathPlanningAverage: 0.017395767116509236
StatTimingPathPlanningOverall: 270.6955321000002
StatTimingPathPlanningCount: 15561
StatTimingTaskAllocationAverage: 0.0015073972265422476
StatTimingTaskAllocationOverall: 23.262153999999963
StatTimingTaskAllocationCount: 15432
StatTimingItemStorageAverage: 3.5870901272174505E-06
StatTimingItemStorageOverall: 0.04003910000000118
StatTimingItemStorageCount: 11162
StatTimingPodStorageAverage: 0.0019511452946922852
StatTimingPodStorageOverall: 5.9919672000000075
StatTimingPodStorageCount: 3071
StatTimingReplenishmentBatchingAverage: 8.116165704934993E-06
StatTimingReplenishmentBatchingOverall: 0.0942368000000002
StatTimingReplenishmentBatchingCount: 11611
StatTimingOrderBatchingAverage: 0.00010947078300365338
StatTimingOrderBatchingOverall: 3.3260508000000004
StatTimingOrderBatchingCount: 30383
>>> Overall
StatOverallBundlesPlaced: 15081
StatOverallItemsOrdered: 11184
StatOverallOrdersPlaced: 11184
StatOverallBundlesRejected: 0
StatOverallOrdersRejected: 0
StatOverallBundlesHandled: 11217
StatOverallItemsHandled: 11144
StatOverallLinesHandled: 11144
StatOverallOrdersHandled: 11140
StatOverallCollisions: 0
StatOverallDistanceTraveled: 257744.6516395449
StatOverallDistanceEstimated: 238148
StatOverallAssignedTasks: 15432
StatMaxMemoryUsed: 223.078125
StatRealTimeUsed: 332.2412212
StatAverageTurnoverTime: 368.06017340652454
StatMedianTurnoverTime: 212.899629635951
StatLowerQuartileTurnoverTime: 121.71283532108282
StatUpperQuartileTurnoverTime: 492.2799253960672
StatAverageThroughputTime: 114.31264849509357
StatMedianThroughputTime: 120.88050604667978
StatLowerQuartileThroughputTime: 81.10009778960102
StatUpperQuartileThroughputTime: 141.89694804090618
>>> Energy (Rizqi model)
StatEnergyTotalKJ: 19140.930304551865
StatEnergyE1AccelKJ: 5545.46697024998
StatEnergyE2DecelKJ: 0
StatEnergyE3CruiseKJ: 9477.209658000005
StatEnergyE4RotationKJ: 3291.156076301788
StatEnergyE5LiftLowerKJ: 827.0976000000004
StatEnergyPerOrderKJ: 1.7182163648610291
StatEnergyPerMeterJoule: 74.25181665484229
StatDistanceTraveledRizqiM: 257784
>>> Motion Behavior
StatTurningCount: 32512
StatStopAndGoCount: 44530
StatLoadedDistanceM: 173997
StatLoadedTurningCount: 23948
StatWaitTimeSec: 378013.80084236624

Marked tag finished after 1 tries!
.Fin. - SUCCESS
