<<< Welcome to the RAWSimO CLI >>>
The time is: 04/03/2026 01:01:49
Starting RAWSimO wrapper with the following arguments:
Instance: Material/Instances/CoreBenchmark/aesop.xlayo
Setting: Material/Instances/CoreBenchmark/aesop.xsett
ControlConfig: Material/Instances/CoreBenchmark/aesop.xconf
StatisticsDir: output/
Seed: 42
Adding handler for unhandled exceptions ...
Initializing ... 
LayoutConfiguration recognized!
Parsing setting config ...
Parsing control config ...
Parsing layout config ...
Generating instance...
Info about all directions within the generated instance:
# # # # # e p e p p p p p p p p p p p p p p p p p e p p p p p p p p p p p p p p p p p e p p p p p p p p p e s # # # # # 
# # # # # n q ^ + + + + + + + + v + + + + + + + + ^ + + + + + + + + v + + + + + + + + ^ + + + + + + + + q d q # # # # # 
# # # # # b p b + + + + + + + + v + + + + + + + + ^ + + + + + + + + v + + + + + + + + ^ + + + + + + + + v b s # # # # # 
s w w w w d q d < < < < < < < < q < < < < < < < < d < < < < < < < < q < < < < < < < < d < < < < < < < < q d q w w w w w 
p e e e s b p b + + + + + + + + v + + + + + + + + ^ + + + + + + + + v + + + + + + + + ^ + + + + + + + + v b p e e e e n 
s w w w w d q ^ + + + + + + + + v + + + + + + + + ^ + + + + + + + + v + + + + + + + + ^ + + + + + + + + q d q n w w w d 
e e e e e b p b > > > > > > > > p > > > > > > > > b > > > > > > > > p > > > > > > > > b > > > > > > > > p b p e e e e n 
# # # # # n q ^ + + + + + + + + v + + + + + + + + ^ + + + + + + + + v + + + + + + + + ^ + + + + + + + + q d q # # # # # 
# # # # # b p b + + + + + + + + v + + + + + + + + ^ + + + + + + + + v + + + + + + + + ^ + + + + + + + + v b s # # # # # 
s w w w w d q d < < < < < < < < q < < < < < < < < d < < < < < < < < q < < < < < < < < d < < < < < < < < q d q w w w w w 
p e e e s b p b + + + + + + + + v + + + + + + + + ^ + + + + + + + + v + + + + + + + + ^ + + + + + + + + v b p e e e e n 
s w w w w d q ^ + + + + + + + + v + + + + + + + + ^ + + + + + + + + v + + + + + + + + ^ + + + + + + + + q d q n w w w d 
e e e e e b p b > > > > > > > > p > > > > > > > > b > > > > > > > > p > > > > > > > > b > > > > > > > > p b p e e e e n 
# # # # # n q ^ + + + + + + + + v + + + + + + + + ^ + + + + + + + + v + + + + + + + + ^ + + + + + + + + q d q # # # # # 
# # # # # b p b + + + + + + + + v + + + + + + + + ^ + + + + + + + + v + + + + + + + + ^ + + + + + + + + v b s # # # # # 
s w w w w d q d < < < < < < < < q < < < < < < < < d < < < < < < < < q < < < < < < < < d < < < < < < < < q d q w w w w w 
p e e e s b p b + + + + + + + + v + + + + + + + + ^ + + + + + + + + v + + + + + + + + ^ + + + + + + + + v b p e e e e n 
s w w w w d q ^ + + + + + + + + v + + + + + + + + ^ + + + + + + + + v + + + + + + + + ^ + + + + + + + + q d q n w w w d 
e e e e e b p b > > > > > > > > p > > > > > > > > b > > > > > > > > p > > > > > > > > b > > > > > > > > p b p e e e e n 
# # # # # n q ^ + + + + + + + + v + + + + + + + + ^ + + + + + + + + v + + + + + + + + ^ + + + + + + + + q d q # # # # # 
# # # # # b p b + + + + + + + + v + + + + + + + + ^ + + + + + + + + v + + + + + + + + ^ + + + + + + + + v b s # # # # # 
s w w w w d q d < < < < < < < < q < < < < < < < < d < < < < < < < < q < < < < < < < < d < < < < < < < < q d q w w w w w 
p e e e s b p b + + + + + + + + v + + + + + + + + ^ + + + + + + + + v + + + + + + + + ^ + + + + + + + + v b p e e e e n 
s w w w w d q ^ + + + + + + + + v + + + + + + + + ^ + + + + + + + + v + + + + + + + + ^ + + + + + + + + q d q n w w w d 
e e e e e b p b > > > > > > > > p > > > > > > > > b > > > > > > > > p > > > > > > > > b > > > > > > > > p b p e e e e n 
# # # # # n q ^ + + + + + + + + v + + + + + + + + ^ + + + + + + + + v + + + + + + + + ^ + + + + + + + + q d q # # # # # 
# # # # # b p b + + + + + + + + v + + + + + + + + ^ + + + + + + + + v + + + + + + + + ^ + + + + + + + + v b s # # # # # 
# # # # # n q d < < < < < < < < q < < < < < < < < d < < < < < < < < q < < < < < < < < d < < < < < < < < q d q # # # # # 
# # # # # b p b + + + + + + + + v + + + + + + + + ^ + + + + + + + + v + + + + + + + + ^ + + + + + + + + v b s # # # # # 
# # # # # n q ^ + + + + + + + + v + + + + + + + + ^ + + + + + + + + v + + + + + + + + ^ + + + + + + + + q d q # # # # # 
# # # # # b p b > > > > > > > > p > > > > > > > > b > > > > > > > > p > > > > > > > > b > > > > > > > > p b s # # # # # 
# # # # # n q ^ + + + + + + + + v + + + + + + + + ^ + + + + + + + + v + + + + + + + + ^ + + + + + + + + q d q # # # # # 
# # # # # b p b + + + + + + + + v + + + + + + + + ^ + + + + + + + + v + + + + + + + + ^ + + + + + + + + v b s # # # # # 
# # # # # n w d d d d d d d d d w d d d d d d d d d d d d d d d d d w d d d d d d d d d d d d d d d d d w d w # # # # # 


Info about all types within the generated instance:
# # # # # r r r r r r r r r r r r r r r r r r r r r r r r r r r r r r r r r r r r r r r r r r r r r r r r r r # # # # # 
# # # # # r r r s s s s s s s s r s s s s s s s s r s s s s s s s s r s s s s s s s s r s s s s s s s s r r r # # # # # 
# # # # # r r r s s s s s s s s r s s s s s s s s r s s s s s s s s r s s s s s s s s r s s s s s s s s r r r # # # # # 
b b b b b r r r r r r r r r r r r r r r r r r r r r r r r r r r r r r r r r r r r r r r r r r r r r r r r r r b b b b o 
b b b b b r r r s s s s s s s s r s s s s s s s s r s s s s s s s s r s s s s s s s s r s s s s s s s s r r r b b b b b 
b b b b b r r r s s s s s s s s r s s s s s s s s r s s s s s s s s r s s s s s s s s r s s s s s s s s r r r b b b b b 
i b b b b r r r r r r r r r r r r r r r r r r r r r r r r r r r r r r r r r r r r r r r r r r r r r r r r r r b b b b b 
# # # # # r r r s s s s s s s s r s s s s s s s s r s s s s s s s s r s s s s s s s s r s s s s s s s s r r r # # # # # 
# # # # # r r r s s s s s s s s r s s s s s s s s r s s s s s s s s r s s s s s s s s r s s s s s s s s r r r # # # # # 
b b b b b r r r r r r r r r r r r r r r r r r r r r r r r r r r r r r r r r r r r r r r r r r r r r r r r r r b b b b o 
b b b b b r r r s s s s s s s s r s s s s s s s s r s s s s s s s s r s s s s s s s s r s s s s s s s s r r r b b b b b 
b b b b b r r r s s s s s s s s r s s s s s s s s r s s s s s s s s r s s s s s s s s r s s s s s s s s r r r b b b b b 
i b b b b r r r r r r r r r r r r r r r r r r r r r r r r r r r r r r r r r r r r r r r r r r r r r r r r r r b b b b b 
# # # # # r r r s s s s s s s s r s s s s s s s s r s s s s s s s s r s s s s s s s s r s s s s s s s s r r r # # # # # 
# # # # # r r r s s s s s s s s r s s s s s s s s r s s s s s s s s r s s s s s s s s r s s s s s s s s r r r # # # # # 
b b b b b r r r r r r r r r r r r r r r r r r r r r r r r r r r r r r r r r r r r r r r r r r r r r r r r r r b b b b o 
b b b b b r r r s s s s s s s s r s s s s s s s s r s s s s s s s s r s s s s s s s s r s s s s s s s s r r r b b b b b 
b b b b b r r r s s s s s s s s r s s s s s s s s r s s s s s s s s r s s s s s s s s r s s s s s s s s r r r b b b b b 
i b b b b r r r r r r r r r r r r r r r r r r r r r r r r r r r r r r r r r r r r r r r r r r r r r r r r r r b b b b b 
# # # # # r r r s s s s s s s s r s s s s s s s s r s s s s s s s s r s s s s s s s s r s s s s s s s s r r r # # # # # 
# # # # # r r r s s s s s s s s r s s s s s s s s r s s s s s s s s r s s s s s s s s r s s s s s s s s r r r # # # # # 
b b b b b r r r r r r r r r r r r r r r r r r r r r r r r r r r r r r r r r r r r r r r r r r r r r r r r r r b b b b o 
b b b b b r r r s s s s s s s s r s s s s s s s s r s s s s s s s s r s s s s s s s s r s s s s s s s s r r r b b b b b 
b b b b b r r r s s s s s s s s r s s s s s s s s r s s s s s s s s r s s s s s s s s r s s s s s s s s r r r b b b b b 
i b b b b r r r r r r r r r r r r r r r r r r r r r r r r r r r r r r r r r r r r r r r r r r r r r r r r r r b b b b b 
# # # # # r r r s s s s s s s s r s s s s s s s s r s s s s s s s s r s s s s s s s s r s s s s s s s s r r r # # # # # 
# # # # # r r r s s s s s s s s r s s s s s s s s r s s s s s s s s r s s s s s s s s r s s s s s s s s r r r # # # # # 
# # # # # r r r r r r r r r r r r r r r r r r r r r r r r r r r r r r r r r r r r r r r r r r r r r r r r r r # # # # # 
# # # # # r r r s s s s s s s s r s s s s s s s s r s s s s s s s s r s s s s s s s s r s s s s s s s s r r r # # # # # 
# # # # # r r r s s s s s s s s r s s s s s s s s r s s s s s s s s r s s s s s s s s r s s s s s s s s r r r # # # # # 
# # # # # r r r r r r r r r r r r r r r r r r r r r r r r r r r r r r r r r r r r r r r r r r r r r r r r r r # # # # # 
# # # # # r r r s s s s s s s s r s s s s s s s s r s s s s s s s s r s s s s s s s s r s s s s s s s s r r r # # # # # 
# # # # # r r r s s s s s s s s r s s s s s s s s r s s s s s s s s r s s s s s s s s r s s s s s s s s r r r # # # # # 
# # # # # r r r r r r r r r r r r r r r r r r r r r r r r r r r r r r r r r r r r r r r r r r r r r r r r r r # # # # # 


StatisticsFolder: aesop-aesop-aesop-42
Done!
Executing ... 
 01:01:52 | >>> Warming up ...
 00:00:00 | >>> Warmup finished - starting simulation ...
 Realtime |   ETA    |  Sim.Time  | Progress | #Orders | #Bundles | Inv. | Distance | #Coll. |   Memory    
 00:00:00 |   n/a    | 0.00:00:00 |  0.00%   |    0    |    0     | 70%  |    0     |   0    | 149.04MB  
 00:00:05 | 00:09:21 | 0.00:04:15 |  0.89%   |   55    |    74    | 71%  |   2949   |   0    | 152.71MB  
 00:00:10 | 00:05:16 | 0.00:14:44 |  3.07%   |   211   |   302    | 73%  |  10808   |   0    | 159.81MB  
 00:00:15 | 00:04:03 | 0.00:27:49 |  5.80%   |   397   |   573    | 75%  |  21278   |   0    | 170.38MB  
 00:00:20 | 00:03:12 | 0.00:45:13 |  9.42%   |   632   |   925    | 78%  |  35871   |   0    | 183.85MB  
 00:00:25 | 00:02:34 | 0.01:07:02 |  13.97%  |   945   |   1329   | 81%  |  54163   |   0    | 198.52MB  
 00:00:26 | Pausing bundle generation due to inventory+reserved+backlog level (currently at: 0.850094741451487)
 00:00:30 | 00:02:07 | 0.01:31:43 |  19.11%  |  1298   |   1728   | 85%  |  75521   |   0    | 209.24MB  
 00:00:35 | 00:01:39 | 0.02:05:12 |  26.09%  |  1757   |   1729   | 84%  |  100218  |   0    | 209.77MB  
 00:00:40 | 00:01:16 | 0.02:45:06 |  34.40%  |  2311   |   1729   | 83%  |  126897  |   0    | 210.75MB  
 00:00:45 | 00:00:58 | 0.03:29:28 |  43.64%  |  2924   |   1729   | 81%  |  158702  |   0    | 220.77MB  
 00:00:50 | 00:00:46 | 0.04:08:45 |  51.82%  |  3461   |   1729   | 80%  |  187133  |   0    | 239.54MB  
 00:00:55 | 00:00:34 | 0.04:53:52 |  61.22%  |  4082   |   1729   | 79%  |  220806  |   0    | 239.57MB  
 00:01:00 | 00:00:25 | 0.05:37:28 |  70.31%  |  4691   |   1729   | 78%  |  252707  |   0    | 238.36MB  
 00:01:05 | 00:00:17 | 0.06:16:29 |  78.44%  |  5200   |   1729   | 77%  |  282712  |   0    | 238.49MB  
 00:01:10 | 00:00:10 | 0.06:56:59 |  86.87%  |  5750   |   1729   | 76%  |  312110  |   0    | 239.75MB  
 00:01:15 | 00:00:03 | 0.07:40:38 |  95.97%  |  6358   |   1729   | 74%  |  344302  |   0    | 240.90MB  
 00:01:17 | 00:00:00 | 0.08:00:00 | 100.00%  |  6615   |   1729   | 74%  |  358792  |   0    | 248.46MB  
 00:01:17 | >>> Simulation finished - writing results ...
 00:01:18 | >>> Results written
Simulation finished.
>>> Timings
StatTimingPathPlanningAverage: 0.000497156008370965
StatTimingPathPlanningOverall: 13.541038199999972
StatTimingPathPlanningCount: 27237
StatTimingTaskAllocationAverage: 0.0006760817627290825
StatTimingTaskAllocationOverall: 29.37169610000226
StatTimingTaskAllocationCount: 43444
StatTimingItemStorageAverage: 1.872017962391376E-06
StatTimingItemStorageOverall: 0.02001000000000142
StatTimingItemStorageCount: 10689
StatTimingPodStorageAverage: 0.0020319597413096333
StatTimingPodStorageOverall: 7.5406026000000494
StatTimingPodStorageCount: 3711
StatTimingReplenishmentBatchingAverage: 1.048937082936126E-05
StatTimingReplenishmentBatchingOverall: 0.02200669999999992
StatTimingReplenishmentBatchingCount: 2098
StatTimingOrderBatchingAverage: 0.0001530932823315124
StatTimingOrderBatchingOverall: 2.1012053000000077
StatTimingOrderBatchingCount: 13725
>>> Overall
StatOverallBundlesPlaced: 1529
StatOverallItemsOrdered: 10699
StatOverallOrdersPlaced: 6633
StatOverallBundlesRejected: 0
StatOverallOrdersRejected: 0
StatOverallBundlesHandled: 1729
StatOverallItemsHandled: 10672
StatOverallLinesHandled: 10188
StatOverallOrdersHandled: 6615
StatOverallCollisions: 0
StatOverallDistanceTraveled: 358791.6531822827
StatOverallDistanceEstimated: 310225
StatOverallAssignedTasks: 43444
StatMaxMemoryUsed: 248.44921875
StatRealTimeUsed: 77.4989169
StatAverageTurnoverTime: 886.4828802957703
StatMedianTurnoverTime: 466.5981529433957
StatLowerQuartileTurnoverTime: 181.30398268027784
StatUpperQuartileTurnoverTime: 1280.4265800682274
StatAverageThroughputTime: 73.70218395724133
StatMedianThroughputTime: 60.81111111110931
StatLowerQuartileThroughputTime: 30.50620490252186
StatUpperQuartileThroughputTime: 107.17333333332317
>>> Energy (Rizqi model)
StatEnergyTotalKJ: 49240.360437827505
StatEnergyE1AccelKJ: 11900.023741198187
StatEnergyE2DecelKJ: 0
StatEnergyE3CruiseKJ: 26776.468398836925
StatEnergyE4RotationKJ: 2934.4451495131425
StatEnergyE5LiftLowerKJ: 6048.810497666277
StatEnergyE6StationKJ: 1580.6126506129333
StatEnergyConflictKJ: 405.6956431346489
StatEnergyPerOrderKJ: 7.443743074501512
StatEnergyPerMeterJoule: 137.21978814642478
StatDistanceTraveledRizqiM: 358843

Marked tag finished after 1 tries!
.Fin. - SUCCESS
