<<< Welcome to the RAWSimO CLI >>>
The time is: 04/14/2026 00:13:03
Starting RAWSimO wrapper with the following arguments:
Instance: Material/Instances/PP/1-4-4-32-550.xinst
Setting: Material/Instances/PP/PPMinimal.xsett
ControlConfig: Material/Instances/PP/aesop-cbs.xconf
StatisticsDir: C:\Users\Aesop\Desktop\rawsim-o-rmfs-world-models\output_exp\cbs\seed_20
Seed: 20
Adding handler for unhandled exceptions ...
Initializing ... 
Instance recognized!
Parsing setting config ...
Parsing control config ...
Parsing instance ...
StatisticsFolder: 1-4-4-32-550-PPMinimal-aesop-cbs-20
Done!
Executing ... 
 00:13:05 | >>> Warming up ...
 00:00:00 | >>> Warmup finished - starting simulation ...
 Realtime |   ETA    |  Sim.Time  | Progress | #Orders | #Bundles | Inv. | Distance | #Coll. |   Memory    
 00:00:00 |   n/a    | 0.00:00:00 |  0.00%   |    0    |    0     | 60%  |    0     |   0    | 123.49MB  
 00:00:05 | 04:59:22 | 0.00:00:08 |  0.03%   |    0    |    0     | 60%  |   153    |   0    | 132.50MB  
 00:00:08 | WARNING! Aborting CBS - could not obtain an initial solution for the following agents: Agent2(19->18)
 00:00:08 | WARNING! Aborting CBS - could not obtain an initial solution for the following agents: Agent2(19->18)
 00:00:10 | 02:19:57 | 0.00:00:34 |  0.12%   |    0    |    0     | 60%  |   796    |   0    | 142.03MB  
 00:00:15 | 03:02:39 | 0.00:00:39 |  0.14%   |    0    |    0     | 60%  |   896    |   0    | 152.25MB  
 00:00:20 | 03:34:51 | 0.00:00:44 |  0.15%   |    0    |    0     | 60%  |   994    |   0    | 161.80MB  
 00:00:25 | 03:41:15 | 0.00:00:54 |  0.19%   |    2    |    0     | 60%  |   1199   |   0    | 165.29MB  
 00:00:30 | 03:53:46 | 0.00:01:01 |  0.21%   |    4    |    0     | 60%  |   1354   |   0    | 169.93MB  
 00:00:30 | WARNING! Aborting CBS - could not obtain an initial solution for the following agents: Agent8(43->42)
 00:00:30 | WARNING! Aborting CBS - could not obtain an initial solution for the following agents: Agent8(43->42)
 00:00:30 | WARNING! Aborting CBS - could not obtain an initial solution for the following agents: Agent8(43->42)
 00:00:30 | WARNING! Aborting CBS - could not obtain an initial solution for the following agents: Agent8(43->33)
 00:00:30 | WARNING! Aborting CBS - could not obtain an initial solution for the following agents: Agent8(43->33)
 00:00:33 | WARNING! Aborting CBS - could not obtain an initial solution for the following agents: Agent4(1->0)
 00:00:33 | WARNING! Aborting CBS - could not obtain an initial solution for the following agents: Agent4(1->0)
 00:00:33 | WARNING! Aborting CBS - could not obtain an initial solution for the following agents: Agent4(1->0)
 00:00:34 | WARNING! Aborting CBS - could not obtain an initial solution for the following agents: Agent17(73->65)
 00:00:34 | WARNING! Aborting CBS - could not obtain an initial solution for the following agents: Agent17(73->66)
 00:00:34 | WARNING! Aborting CBS - could not obtain an initial solution for the following agents: Agent17(73->66)
 00:00:35 | 01:15:01 | 0.00:03:42 |  0.77%   |   67    |    57    | 60%  |   2635   |   0    | 172.95MB  
 00:00:40 | 00:26:31 | 0.00:11:46 |  2.45%   |   258   |   247    | 60%  |   5868   |   0    | 169.95MB  
 00:00:40 | WARNING! Aborting CBS - could not obtain an initial solution for the following agents: Agent27(3->2)
 00:00:42 | WARNING! Aborting CBS - could not obtain an initial solution for the following agents: Agent1(9->8)
 00:00:42 | WARNING! Aborting CBS - could not obtain an initial solution for the following agents: Agent1(9->8)
 00:00:42 | WARNING! Aborting CBS - could not obtain an initial solution for the following agents: Agent24(25->24)
 00:00:42 | WARNING! Aborting CBS - could not obtain an initial solution for the following agents: Agent24(25->24)
 00:00:42 | WARNING! Aborting CBS - could not obtain an initial solution for the following agents: Agent24(25->24)
 00:00:42 | WARNING! Aborting CBS - could not obtain an initial solution for the following agents: Agent29(58->57)
 00:00:44 | WARNING! Aborting CBS - could not obtain an initial solution for the following agents: Agent25(9->8)
 00:00:44 | WARNING! Aborting CBS - could not obtain an initial solution for the following agents: Agent25(9->8)
 00:00:45 | 00:17:55 | 0.00:19:17 |  4.02%   |   435   |   422    | 60%  |   9577   |   0    | 171.05MB  
 00:00:46 | WARNING! Aborting CBS - could not obtain an initial solution for the following agents: Agent10(40->39)
 00:00:48 | WARNING! Aborting CBS - could not obtain an initial solution for the following agents: Agent9(57->56)
 00:00:48 | WARNING! Aborting CBS - could not obtain an initial solution for the following agents: Agent9(57->56)
 00:00:48 | WARNING! Aborting CBS - could not obtain an initial solution for the following agents: Agent9(57->56)
 00:00:49 | WARNING! Aborting CBS - could not obtain an initial solution for the following agents: Agent14(3->1)
 00:00:49 | WARNING! Aborting CBS - could not obtain an initial solution for the following agents: Agent14(3->1)
 00:00:49 | WARNING! Aborting CBS - could not obtain an initial solution for the following agents: Agent14(3->1)
 00:00:49 | WARNING! Aborting CBS - could not obtain an initial solution for the following agents: Agent14(3->2)
 00:00:49 | WARNING! Aborting CBS - could not obtain an initial solution for the following agents: Agent14(3->2)
 00:00:49 | WARNING! Aborting CBS - could not obtain an initial solution for the following agents: Agent14(3->2)
 00:00:50 | 00:12:59 | 0.00:28:55 |  6.03%   |   663   |   648    | 60%  |  14176   |   0    | 171.14MB  
 00:00:51 | WARNING! Aborting CBS - could not obtain an initial solution for the following agents: Agent28(41->40)
 00:00:51 | WARNING! Aborting CBS - could not obtain an initial solution for the following agents: Agent28(41->40)
 00:00:55 | 00:10:21 | 0.00:39:01 |  8.13%   |   899   |   885    | 60%  |  19068   |   0    | 169.65MB  
 00:00:58 | WARNING! Aborting CBS - could not obtain an initial solution for the following agents: Agent16(57->56)
 00:00:58 | WARNING! Aborting CBS - could not obtain an initial solution for the following agents: Agent5(57->56)
 00:01:00 | 00:08:50 | 0.00:48:45 |  10.16%  |  1129   |   1113   | 60%  |  24195   |   0    | 169.32MB  
 00:01:03 | WARNING! Aborting CBS - could not obtain an initial solution for the following agents: Agent7(56->55)
 00:01:03 | WARNING! Aborting CBS - could not obtain an initial solution for the following agents: Agent7(56->55)
 00:01:03 | WARNING! Aborting CBS - could not obtain an initial solution for the following agents: Agent7(56->55)
 00:01:05 | 00:07:45 | 0.00:58:47 |  12.25%  |  1359   |   1347   | 60%  |  29016   |   0    | 170.13MB  
 00:01:10 | 00:08:17 | 0.00:59:11 |  12.33%  |  1368   |   1357   | 60%  |  29236   |   0    | 172.41MB  
 00:01:11 | WARNING! Aborting CBS - could not obtain an initial solution for the following agents: Agent28(42->41)
 00:01:11 | WARNING! Aborting CBS - could not obtain an initial solution for the following agents: Agent8(41->40)
 00:01:14 | WARNING! Aborting CBS - could not obtain an initial solution for the following agents: Agent8(41->40)
 00:01:14 | WARNING! Aborting CBS - could not obtain an initial solution for the following agents: Agent8(41->40)
 00:01:14 | WARNING! Aborting CBS - could not obtain an initial solution for the following agents: Agent8(41->40)
 00:01:15 | 00:07:34 | 0.01:08:02 |  14.17%  |  1574   |   1563   | 60%  |  33979   |   0    | 170.07MB  
 00:01:16 | WARNING! Aborting CBS - could not obtain an initial solution for the following agents: Agent11(25->24)
 00:01:19 | WARNING! Aborting CBS - could not obtain an initial solution for the following agents: Agent8(42->41)
 00:01:19 | WARNING! Aborting CBS - could not obtain an initial solution for the following agents: Agent8(42->41)
 00:01:19 | WARNING! Aborting CBS - could not obtain an initial solution for the following agents: Agent8(42->41)
 00:01:20 | 00:07:21 | 0.01:13:40 |  15.35%  |  1704   |   1695   | 60%  |  37380   |   0    | 171.13MB  
 00:01:20 | WARNING! Aborting CBS - could not obtain an initial solution for the following agents: Agent24(25->24)
 00:01:20 | WARNING! Aborting CBS - could not obtain an initial solution for the following agents: Agent24(25->24)
 00:01:25 | 00:06:38 | 0.01:24:20 |  17.57%  |  1954   |   1945   | 60%  |  43259   |   0    | 169.81MB  
 00:01:28 | WARNING! Aborting CBS - could not obtain an initial solution for the following agents: Agent2(25->24)
 00:01:28 | WARNING! Aborting CBS - could not obtain an initial solution for the following agents: Agent2(25->24)
 00:01:30 | 00:06:17 | 0.01:32:25 |  19.26%  |  2141   |   2134   | 60%  |  47650   |   0    | 170.84MB  
 00:01:30 | WARNING! Aborting CBS - could not obtain an initial solution for the following agents: Agent19(2->1)
 00:01:34 | WARNING! Aborting CBS - could not obtain an initial solution for the following agents: Agent30(41->40)
 00:01:35 | 00:05:37 | 0.01:45:22 |  21.95%  |  2444   |   2438   | 60%  |  54186   |   0    | 170.44MB  
 00:01:35 | WARNING! Aborting CBS - could not obtain an initial solution for the following agents: Agent10(41->40)
 00:01:35 | WARNING! Aborting CBS - could not obtain an initial solution for the following agents: Agent25(3->1)
 00:01:35 | WARNING! Aborting CBS - could not obtain an initial solution for the following agents: Agent25(3->1)
 00:01:35 | WARNING! Aborting CBS - could not obtain an initial solution for the following agents: Agent25(3->2)
 00:01:35 | WARNING! Aborting CBS - could not obtain an initial solution for the following agents: Agent25(3->2)
 00:01:35 | WARNING! Aborting CBS - could not obtain an initial solution for the following agents: Agent25(3->2)
 00:01:40 | 00:05:13 | 0.01:56:00 |  24.17%  |  2691   |   2687   | 60%  |  60163   |   0    | 170.11MB  
 00:01:40 | WARNING! Aborting CBS - could not obtain an initial solution for the following agents: Agent8(41->40)
 00:01:40 | WARNING! Aborting CBS - could not obtain an initial solution for the following agents: Agent8(41->40)
 00:01:41 | WARNING! Aborting CBS - could not obtain an initial solution for the following agents: Agent0(27->18)
 00:01:41 | WARNING! Aborting CBS - could not obtain an initial solution for the following agents: Agent0(27->18)
 00:01:45 | 00:04:53 | 0.02:06:22 |  26.33%  |  2932   |   2931   | 60%  |  65738   |   0    | 170.83MB  
 00:01:45 | WARNING! Aborting CBS - could not obtain an initial solution for the following agents: Agent30(41->40)
 00:01:48 | WARNING! Aborting CBS - could not obtain an initial solution for the following agents: Agent21(41->40)
 00:01:50 | 00:04:37 | 0.02:16:07 |  28.36%  |  3156   |   3158   | 60%  |  71115   |   0    | 170.77MB  
 00:01:50 | WARNING! Aborting CBS - could not obtain an initial solution for the following agents: Agent9(56->55)
 00:01:50 | WARNING! Aborting CBS - could not obtain an initial solution for the following agents: Agent9(56->55)
 00:01:55 | 00:04:18 | 0.02:27:58 |  30.83%  |  3435   |   3435   | 60%  |  77175   |   0    | 170.54MB  
 00:01:57 | WARNING! Aborting CBS - could not obtain an initial solution for the following agents: Agent5(58->50)
 00:01:57 | WARNING! Aborting CBS - could not obtain an initial solution for the following agents: Agent5(58->50)
 00:02:00 | 00:04:07 | 0.02:36:36 |  32.63%  |  3633   |   3637   | 60%  |  81901   |   0    | 174.10MB  
 00:02:02 | WARNING! Aborting CBS - could not obtain an initial solution for the following agents: Agent8(41->40)
 00:02:05 | 00:03:57 | 0.02:45:18 |  34.44%  |  3836   |   3841   | 60%  |  86710   |   0    | 173.30MB  
 00:02:07 | WARNING! Aborting CBS - could not obtain an initial solution for the following agents: Agent4(9->8)
 00:02:10 | 00:03:42 | 0.02:56:52 |  36.85%  |  4107   |   4113   | 60%  |  93034   |   0    | 173.12MB  
 00:02:11 | WARNING! Aborting CBS - could not obtain an initial solution for the following agents: Agent21(41->40)
 00:02:13 | WARNING! Aborting CBS - could not obtain an initial solution for the following agents: Agent14(10->9),Agent25(11->10)
 00:02:13 | WARNING! Aborting CBS - could not obtain an initial solution for the following agents: Agent14(10->9)
 00:02:13 | WARNING! Aborting CBS - could not obtain an initial solution for the following agents: Agent14(10->9)
 00:02:15 | 00:03:40 | 0.03:02:08 |  37.95%  |  4227   |   4236   | 60%  |  96076   |   0    | 172.62MB  
 00:02:19 | WARNING! Aborting CBS - could not obtain an initial solution for the following agents: Agent25(3->1)
 00:02:20 | 00:03:27 | 0.03:13:18 |  40.27%  |  4486   |   4498   | 60%  |  101958  |   0    | 171.68MB  
 00:02:21 | WARNING! Aborting CBS - could not obtain an initial solution for the following agents: Agent28(41->40)
 00:02:25 | 00:03:20 | 0.03:21:37 |  42.00%  |  4680   |   4692   | 60%  |  106620  |   0    | 172.02MB  
 00:02:27 | WARNING! Aborting CBS - could not obtain an initial solution for the following agents: Agent27(9->8)
 00:02:27 | WARNING! Aborting CBS - could not obtain an initial solution for the following agents: Agent27(9->8)
 00:02:27 | WARNING! Aborting CBS - could not obtain an initial solution for the following agents: Agent2(25->24)
 00:02:27 | WARNING! Aborting CBS - could not obtain an initial solution for the following agents: Agent10(41->40)
 00:02:27 | WARNING! Aborting CBS - could not obtain an initial solution for the following agents: Agent10(41->40)
 00:02:27 | WARNING! Aborting CBS - could not obtain an initial solution for the following agents: Agent1(3->2)
 00:02:30 | 00:03:10 | 0.03:31:25 |  44.05%  |  4906   |   4922   | 60%  |  112258  |   0    | 172.45MB  
 00:02:30 | WARNING! Aborting CBS - could not obtain an initial solution for the following agents: Agent24(24->23)
 00:02:34 | WARNING! Aborting CBS - could not obtain an initial solution for the following agents: Agent4(9->8)
 00:02:35 | 00:03:02 | 0.03:40:10 |  45.87%  |  5108   |   5127   | 60%  |  117266  |   0    | 173.02MB  
 00:02:35 | WARNING! Aborting CBS - could not obtain an initial solution for the following agents: Agent29(57->56)
 00:02:39 | WARNING! Aborting CBS - could not obtain an initial solution for the following agents: Agent10(41->40)
 00:02:39 | WARNING! Aborting CBS - could not obtain an initial solution for the following agents: Agent10(41->40)
 00:02:40 | 00:02:55 | 0.03:48:49 |  47.67%  |  5306   |   5331   | 60%  |  122012  |   0    | 171.71MB  
 00:02:41 | WARNING! Aborting CBS - could not obtain an initial solution for the following agents: Agent1(8->2)
 00:02:41 | WARNING! Aborting CBS - could not obtain an initial solution for the following agents: Agent1(8->2)
 00:02:41 | WARNING! Aborting CBS - could not obtain an initial solution for the following agents: Agent1(8->2)
 00:02:41 | WARNING! Aborting CBS - could not obtain an initial solution for the following agents: Agent16(57->56)
 00:02:44 | WARNING! Aborting CBS - could not obtain an initial solution for the following agents: Agent28(43->34)
 00:02:44 | WARNING! Aborting CBS - could not obtain an initial solution for the following agents: Agent16(58->57)
 00:02:44 | WARNING! Aborting CBS - could not obtain an initial solution for the following agents: Agent16(58->57)
 00:02:44 | WARNING! Aborting CBS - could not obtain an initial solution for the following agents: Agent16(58->57)
 00:02:44 | WARNING! Aborting CBS - could not obtain an initial solution for the following agents: Agent16(58->57)
 00:02:44 | WARNING! Aborting CBS - could not obtain an initial solution for the following agents: Agent16(58->57)
 00:02:45 | 00:02:47 | 0.03:58:12 |  49.63%  |  5519   |   5550   | 60%  |  127229  |   0    | 174.93MB  
 00:02:45 | WARNING! Aborting CBS - could not obtain an initial solution for the following agents: Agent16(58->50)
 00:02:45 | WARNING! Aborting CBS - could not obtain an initial solution for the following agents: Agent25(8->7)
 00:02:50 | 00:02:37 | 0.04:09:15 |  51.93%  |  5778   |   5810   | 60%  |  133030  |   0    | 173.53MB  
 00:02:55 | 00:02:29 | 0.04:18:59 |  53.96%  |  6004   |   6039   | 60%  |  138640  |   0    | 173.98MB  
 00:02:57 | WARNING! Aborting CBS - could not obtain an initial solution for the following agents: Agent9(57->56)
 00:02:58 | WARNING! Aborting CBS - could not obtain an initial solution for the following agents: Agent14(3->1)
 00:02:58 | WARNING! Aborting CBS - could not obtain an initial solution for the following agents: Agent14(3->1)
 00:02:58 | WARNING! Aborting CBS - could not obtain an initial solution for the following agents: Agent14(3->2)
 00:02:58 | WARNING! Aborting CBS - could not obtain an initial solution for the following agents: Agent14(3->2)
 00:03:00 | 00:02:22 | 0.04:27:56 |  55.82%  |  6214   |   6247   | 60%  |  144000  |   0    | 175.07MB  
 00:03:05 | WARNING! Aborting CBS - could not obtain an initial solution for the following agents: Agent26(25->24)
 00:03:05 | 00:02:15 | 0.04:37:11 |  57.75%  |  6426   |   6464   | 60%  |  149090  |   0    | 175.08MB  
 00:03:09 | WARNING! Aborting CBS - could not obtain an initial solution for the following agents: Agent27(3->1)
 00:03:10 | 00:02:06 | 0.04:48:20 |  60.07%  |  6685   |   6723   | 60%  |  154799  |   0    | 174.82MB  
 00:03:11 | WARNING! Aborting CBS - could not obtain an initial solution for the following agents: Agent25(9->8)
 00:03:12 | WARNING! Aborting CBS - could not obtain an initial solution for the following agents: Agent8(41->40)
 00:03:12 | WARNING! Aborting CBS - could not obtain an initial solution for the following agents: Agent2(25->24)
 00:03:15 | 00:01:59 | 0.04:57:15 |  61.93%  |  6891   |   6932   | 60%  |  160231  |   0    | 174.43MB  
 00:03:18 | WARNING! Aborting CBS - could not obtain an initial solution for the following agents: Agent27(9->8)
 00:03:18 | WARNING! Aborting CBS - could not obtain an initial solution for the following agents: Agent27(9->8)
 00:03:20 | 00:01:53 | 0.05:05:57 |  63.74%  |  7094   |   7138   | 60%  |  165044  |   0    | 175.51MB  
 00:03:22 | WARNING! Aborting CBS - could not obtain an initial solution for the following agents: Agent8(41->40)
 00:03:22 | WARNING! Aborting CBS - could not obtain an initial solution for the following agents: Agent8(41->40)
 00:03:24 | WARNING! Aborting CBS - could not obtain an initial solution for the following agents: Agent24(25->24)
 00:03:25 | 00:01:47 | 0.05:15:13 |  65.67%  |  7311   |   7355   | 60%  |  170079  |   0    | 175.10MB  
 00:03:25 | WARNING! Aborting CBS - could not obtain an initial solution for the following agents: Agent5(57->56)
 00:03:27 | WARNING! Aborting CBS - could not obtain an initial solution for the following agents: Agent21(41->40)
 00:03:29 | WARNING! Aborting CBS - could not obtain an initial solution for the following agents: Agent0(19->18)
 00:03:29 | WARNING! Aborting CBS - could not obtain an initial solution for the following agents: Agent0(19->18)
 00:03:30 | 00:01:45 | 0.05:19:25 |  66.55%  |  7409   |   7454   | 60%  |  172618  |   0    | 177.12MB  
 00:03:31 | WARNING! Aborting CBS - could not obtain an initial solution for the following agents: Agent7(57->49)
 00:03:31 | WARNING! Aborting CBS - could not obtain an initial solution for the following agents: Agent7(57->50)
 00:03:31 | WARNING! Aborting CBS - could not obtain an initial solution for the following agents: Agent7(57->50)
 00:03:32 | WARNING! Aborting CBS - could not obtain an initial solution for the following agents: Agent27(9->8)
 00:03:33 | WARNING! Aborting CBS - could not obtain an initial solution for the following agents: Agent25(9->8)
 00:03:35 | 00:01:38 | 0.05:29:30 |  68.65%  |  7642   |   7687   | 60%  |  178217  |   0    | 175.22MB  
 00:03:37 | WARNING! Aborting CBS - could not obtain an initial solution for the following agents: Agent1(8->7)
 00:03:40 | 00:01:32 | 0.05:38:00 |  70.42%  |  7841   |   7888   | 60%  |  183234  |   0    | 175.16MB  
 00:03:40 | WARNING! Aborting CBS - could not obtain an initial solution for the following agents: Agent8(41->40)
 00:03:42 | WARNING! Aborting CBS - could not obtain an initial solution for the following agents: Agent21(42->41)
 00:03:42 | WARNING! Aborting CBS - could not obtain an initial solution for the following agents: Agent14(3->1)
 00:03:42 | WARNING! Aborting CBS - could not obtain an initial solution for the following agents: Agent14(3->2)
 00:03:42 | WARNING! Aborting CBS - could not obtain an initial solution for the following agents: Agent14(3->2)
 00:03:43 | WARNING! Aborting CBS - could not obtain an initial solution for the following agents: Agent25(3->1)
 00:03:43 | WARNING! Aborting CBS - could not obtain an initial solution for the following agents: Agent25(3->2)
 00:03:43 | WARNING! Aborting CBS - could not obtain an initial solution for the following agents: Agent25(3->2)
 00:03:45 | 00:01:22 | 0.05:50:45 |  73.08%  |  8138   |   8186   | 60%  |  190157  |   0    | 175.29MB  
 00:03:45 | WARNING! Aborting CBS - could not obtain an initial solution for the following agents: Agent21(41->40)
 00:03:45 | WARNING! Aborting CBS - could not obtain an initial solution for the following agents: Agent21(41->40)
 00:03:45 | WARNING! Aborting CBS - could not obtain an initial solution for the following agents: Agent27(9->2)
 00:03:46 | WARNING! Aborting CBS - could not obtain an initial solution for the following agents: Agent0(25->24)
 00:03:47 | WARNING! Aborting CBS - could not obtain an initial solution for the following agents: Agent2(25->24)
 00:03:47 | WARNING! Aborting CBS - could not obtain an initial solution for the following agents: Agent2(25->24)
 00:03:49 | WARNING! Aborting CBS - could not obtain an initial solution for the following agents: Agent16(57->56)
 00:03:49 | WARNING! Aborting CBS - could not obtain an initial solution for the following agents: Agent16(57->56)
 00:03:50 | 00:01:14 | 0.06:02:47 |  75.58%  |  8420   |   8469   | 60%  |  196612  |   0    | 176.20MB  
 00:03:52 | WARNING! Aborting CBS - could not obtain an initial solution for the following agents: Agent8(41->40)
 00:03:52 | WARNING! Aborting CBS - could not obtain an initial solution for the following agents: Agent8(41->40)
 00:03:54 | WARNING! Aborting CBS - could not obtain an initial solution for the following agents: Agent16(57->56)
 00:03:55 | 00:01:07 | 0.06:13:07 |  77.73%  |  8651   |   8710   | 60%  |  202468  |   0    | 176.38MB  
 00:03:55 | WARNING! Aborting CBS - could not obtain an initial solution for the following agents: Agent10(41->40)
 00:03:58 | WARNING! Aborting CBS - could not obtain an initial solution for the following agents: Agent28(41->40)
 00:03:58 | WARNING! Aborting CBS - could not obtain an initial solution for the following agents: Agent28(41->40)
 00:03:58 | WARNING! Aborting CBS - could not obtain an initial solution for the following agents: Agent28(41->40)
 00:04:00 | 00:00:59 | 0.06:24:52 |  80.18%  |  8927   |   8985   | 60%  |  208361  |   0    | 176.26MB  
 00:04:00 | WARNING! Aborting CBS - could not obtain an initial solution for the following agents: Agent24(24->17)
 00:04:00 | WARNING! Aborting CBS - could not obtain an initial solution for the following agents: Agent24(24->17)
 00:04:00 | WARNING! Aborting CBS - could not obtain an initial solution for the following agents: Agent24(24->17)
 00:04:00 | WARNING! Aborting CBS - could not obtain an initial solution for the following agents: Agent24(24->18)
 00:04:00 | WARNING! Aborting CBS - could not obtain an initial solution for the following agents: Agent7(57->56)
 00:04:02 | WARNING! Aborting CBS - could not obtain an initial solution for the following agents: Agent0(25->24)
 00:04:02 | WARNING! Aborting CBS - could not obtain an initial solution for the following agents: Agent0(25->24)
 00:04:02 | WARNING! Aborting CBS - could not obtain an initial solution for the following agents: Agent0(25->24)
 00:04:02 | WARNING! Aborting CBS - could not obtain an initial solution for the following agents: Agent28(41->40)
 00:04:05 | 00:00:51 | 0.06:36:31 |  82.61%  |  9200   |   9258   | 60%  |  214985  |   0    | 176.23MB  
 00:04:07 | WARNING! Aborting CBS - could not obtain an initial solution for the following agents: Agent7(56->55)
 00:04:10 | 00:00:48 | 0.06:42:29 |  83.85%  |  9340   |   9398   | 60%  |  218072  |   0    | 179.66MB  
 00:04:10 | WARNING! Aborting CBS - could not obtain an initial solution for the following agents: Agent27(9->8)
 00:04:11 | WARNING! Aborting CBS - could not obtain an initial solution for the following agents: Agent7(56->55)
 00:04:11 | WARNING! Aborting CBS - could not obtain an initial solution for the following agents: Agent7(56->55)
 00:04:11 | WARNING! Aborting CBS - could not obtain an initial solution for the following agents: Agent28(41->40)
 00:04:14 | WARNING! Aborting CBS - could not obtain an initial solution for the following agents: Agent21(41->40)
 00:04:15 | 00:00:44 | 0.06:48:31 |  85.11%  |  9480   |   9539   | 60%  |  221036  |   0    | 176.68MB  
 00:04:15 | WARNING! Aborting CBS - could not obtain an initial solution for the following agents: Agent7(57->56),Agent8(41->40)
 00:04:16 | WARNING! Aborting CBS - could not obtain an initial solution for the following agents: Agent16(58->57)
 00:04:16 | WARNING! Aborting CBS - could not obtain an initial solution for the following agents: Agent16(58->57)
 00:04:17 | WARNING! Aborting CBS - could not obtain an initial solution for the following agents: Agent5(57->56)
 00:04:19 | WARNING! Aborting CBS - could not obtain an initial solution for the following agents: Agent25(9->8)
 00:04:19 | WARNING! Aborting CBS - could not obtain an initial solution for the following agents: Agent25(9->8)
 00:04:19 | WARNING! Aborting CBS - could not obtain an initial solution for the following agents: Agent11(27->26)
 00:04:20 | 00:00:37 | 0.06:58:49 |  87.26%  |  9719   |   9781   | 60%  |  227030  |   0    | 176.74MB  
 00:04:22 | WARNING! Aborting CBS - could not obtain an initial solution for the following agents: Agent27(8->7)
 00:04:22 | WARNING! Aborting CBS - could not obtain an initial solution for the following agents: Agent27(8->7)
 00:04:25 | 00:00:33 | 0.07:06:30 |  88.85%  |  9898   |   9959   | 60%  |  231094  |   0    | 176.37MB  
 00:04:28 | WARNING! Aborting CBS - could not obtain an initial solution for the following agents: Agent16(57->56)
 00:04:28 | WARNING! Aborting CBS - could not obtain an initial solution for the following agents: Agent16(57->56)
 00:04:28 | WARNING! Aborting CBS - could not obtain an initial solution for the following agents: Agent16(57->56)
 00:04:30 | 00:00:29 | 0.07:12:06 |  90.02%  |  10029  |  10091   | 60%  |  234130  |   0    | 177.00MB  
 00:04:30 | WARNING! Aborting CBS - could not obtain an initial solution for the following agents: Agent24(26->25)
 00:04:30 | WARNING! Aborting CBS - could not obtain an initial solution for the following agents: Agent24(26->25)
 00:04:34 | WARNING! Aborting CBS - could not obtain an initial solution for the following agents: Agent4(2->1)
 00:04:35 | 00:00:24 | 0.07:20:12 |  91.71%  |  10218  |  10281   | 60%  |  238859  |   0    | 178.55MB  
 00:04:38 | WARNING! Aborting CBS - could not obtain an initial solution for the following agents: Agent2(24->23)
 00:04:38 | WARNING! Aborting CBS - could not obtain an initial solution for the following agents: Agent2(24->23)
 00:04:38 | WARNING! Aborting CBS - could not obtain an initial solution for the following agents: Agent2(24->23)
 00:04:40 | 00:00:19 | 0.07:28:31 |  93.44%  |  10408  |  10476   | 60%  |  243426  |   0    | 176.58MB  
 00:04:40 | WARNING! Aborting CBS - could not obtain an initial solution for the following agents: Agent16(57->56)
 00:04:40 | WARNING! Aborting CBS - could not obtain an initial solution for the following agents: Agent16(57->56)
 00:04:40 | WARNING! Aborting CBS - could not obtain an initial solution for the following agents: Agent16(57->56)
 00:04:40 | WARNING! Aborting CBS - could not obtain an initial solution for the following agents: Agent4(9->8)
 00:04:44 | WARNING! Aborting CBS - could not obtain an initial solution for the following agents: Agent10(41->40)
 00:04:45 | 00:00:12 | 0.07:40:16 |  95.89%  |  10681  |  10752   | 60%  |  249400  |   0    | 176.68MB  
 00:04:45 | WARNING! Aborting CBS - could not obtain an initial solution for the following agents: Agent24(24->23)
 00:04:45 | WARNING! Aborting CBS - could not obtain an initial solution for the following agents: Agent24(24->23)
 00:04:45 | WARNING! Aborting CBS - could not obtain an initial solution for the following agents: Agent24(24->23)
 00:04:46 | WARNING! Aborting CBS - could not obtain an initial solution for the following agents: Agent0(19->18)
 00:04:47 | WARNING! Aborting CBS - could not obtain an initial solution for the following agents: Agent27(9->8)
 00:04:48 | WARNING! Aborting CBS - could not obtain an initial solution for the following agents: Agent19(8->1)
 00:04:48 | WARNING! Aborting CBS - could not obtain an initial solution for the following agents: Agent19(8->2)
 00:04:50 | 00:00:05 | 0.07:50:31 |  98.03%  |  10917  |  10989   | 60%  |  255127  |   0    | 176.89MB  
 00:04:50 | WARNING! Aborting CBS - could not obtain an initial solution for the following agents: Agent11(24->23)
 00:04:50 | WARNING! Aborting CBS - could not obtain an initial solution for the following agents: Agent11(24->23)
 00:04:54 | 00:00:00 | 0.08:00:00 | 100.00%  |  11137  |  11211   | 60%  |  259931  |   0    | 176.91MB  
 00:04:54 | >>> Simulation finished - writing results ...
 00:04:54 | >>> Results written
Simulation finished.
>>> Timings
StatTimingPathPlanningAverage: 0.014925999961746875
StatTimingPathPlanningOverall: 234.11430939999974
StatTimingPathPlanningCount: 15685
StatTimingTaskAllocationAverage: 0.0014439567548613272
StatTimingTaskAllocationOverall: 22.648461699999917
StatTimingTaskAllocationCount: 15685
StatTimingItemStorageAverage: 3.353619064556418E-06
StatTimingItemStorageOverall: 0.03771480000000148
StatTimingItemStorageCount: 11246
StatTimingPodStorageAverage: 0.001986879823702252
StatTimingPodStorageOverall: 6.085812899999998
StatTimingPodStorageCount: 3063
StatTimingReplenishmentBatchingAverage: 7.723751801305372E-06
StatTimingReplenishmentBatchingOverall: 0.09111709999999947
StatTimingReplenishmentBatchingCount: 11797
StatTimingOrderBatchingAverage: 0.00010580785973397848
StatTimingOrderBatchingOverall: 3.2376147000000075
StatTimingOrderBatchingCount: 30599
>>> Overall
StatOverallBundlesPlaced: 15106
StatOverallItemsOrdered: 11182
StatOverallOrdersPlaced: 11182
StatOverallBundlesRejected: 0
StatOverallOrdersRejected: 0
StatOverallBundlesHandled: 11211
StatOverallItemsHandled: 11141
StatOverallLinesHandled: 11141
StatOverallOrdersHandled: 11137
StatOverallCollisions: 0
StatOverallDistanceTraveled: 259930.89325078885
StatOverallDistanceEstimated: 239799
StatOverallAssignedTasks: 15685
StatMaxMemoryUsed: 178.6796875
StatRealTimeUsed: 294.3820754
StatAverageTurnoverTime: 368.13788308769523
StatMedianTurnoverTime: 213.0091066427758
StatLowerQuartileTurnoverTime: 121.31649107840167
StatUpperQuartileTurnoverTime: 488.82926566140304
StatAverageThroughputTime: 114.29379693992165
StatMedianThroughputTime: 120.95426166324978
StatLowerQuartileThroughputTime: 80.93694484617299
StatUpperQuartileThroughputTime: 142.0526887879878
>>> Energy (Rizqi model)
StatEnergyTotalKJ: 19344.360936229055
StatEnergyE1AccelKJ: 5406.362128249977
StatEnergyE2DecelKJ: 0
StatEnergyE3CruiseKJ: 9819.349610000005
StatEnergyE4RotationKJ: 3290.095660201202
StatEnergyE5LiftLowerKJ: 828.5535377777782
StatEnergyPerOrderKJ: 1.7369454014751777
StatEnergyPerMeterJoule: 74.39709607610736
StatDistanceTraveledRizqiM: 260015
>>> Motion Behavior
StatTurningCount: 32434
StatStopAndGoCount: 44040
StatLoadedDistanceM: 174139
StatLoadedTurningCount: 23876
StatWaitTimeSec: 376340.0848245249

Marked tag finished after 1 tries!
.Fin. - SUCCESS
