<<< Welcome to the RAWSimO CLI >>>
The time is: 04/14/2026 00:59:01
Starting RAWSimO wrapper with the following arguments:
Instance: Material/Instances/PP/1-4-4-32-550.xinst
Setting: Material/Instances/PP/PPMinimal.xsett
ControlConfig: Material/Instances/PP/aesop-ecbs.xconf
StatisticsDir: C:\Users\Aesop\Desktop\rawsim-o-rmfs-world-models\output_exp\ecbs\seed_23
Seed: 23
Adding handler for unhandled exceptions ...
Initializing ... 
Instance recognized!
Parsing setting config ...
Parsing control config ...
Parsing instance ...
StatisticsFolder: 1-4-4-32-550-PPMinimal-aesop-ecbs-23
Done!
Executing ... 
 00:59:03 | >>> Warming up ...
 00:00:00 | >>> Warmup finished - starting simulation ...
 Realtime |   ETA    |  Sim.Time  | Progress | #Orders | #Bundles | Inv. | Distance | #Coll. |   Memory    
 00:00:00 |   n/a    | 0.00:00:00 |  0.00%   |    0    |    0     | 60%  |    0     |   0    | 123.12MB  
 00:00:05 | 03:41:54 | 0.00:00:10 |  0.04%   |    0    |    0     | 60%  |   228    |   0    | 166.00MB  
 00:00:07 | WARNING! Aborting ECBS - could not obtain an initial solution for the following agents: Agent2(19->18)
 00:00:07 | WARNING! Aborting ECBS - could not obtain an initial solution for the following agents: Agent2(19->18)
 00:00:10 | 02:18:00 | 0.00:00:34 |  0.12%   |    0    |    0     | 60%  |   802    |   0    | 174.39MB  
 00:00:15 | 03:00:18 | 0.00:00:39 |  0.14%   |    0    |    0     | 60%  |   917    |   0    | 181.42MB  
 00:00:20 | 03:21:52 | 0.00:00:47 |  0.16%   |    2    |    0     | 60%  |   1066   |   0    | 182.71MB  
 00:00:24 | WARNING! Aborting ECBS - could not obtain an initial solution for the following agents: Agent8(41->40)
 00:00:24 | WARNING! Aborting ECBS - could not obtain an initial solution for the following agents: Agent8(41->40)
 00:00:24 | WARNING! Aborting ECBS - could not obtain an initial solution for the following agents: Agent0(17->16)
 00:00:24 | WARNING! Aborting ECBS - could not obtain an initial solution for the following agents: Agent0(17->16)
 00:00:25 | 02:40:25 | 0.00:01:14 |  0.26%   |   11    |    3     | 60%  |   1615   |   0    | 181.91MB  
 00:00:25 | WARNING! Aborting ECBS - could not obtain an initial solution for the following agents: Agent4(9->8)
 00:00:26 | WARNING! Aborting ECBS - could not obtain an initial solution for the following agents: Agent17(73->72)
 00:00:26 | WARNING! Aborting ECBS - could not obtain an initial solution for the following agents: Agent17(73->72)
 00:00:30 | 00:29:34 | 0.00:07:58 |  1.66%   |   170   |   158    | 60%  |   4183   |   0    | 183.81MB  
 00:00:32 | WARNING! Aborting ECBS - could not obtain an initial solution for the following agents: Agent7(57->56)
 00:00:34 | WARNING! Aborting ECBS - could not obtain an initial solution for the following agents: Agent4(9->7)
 00:00:35 | 00:17:11 | 0.00:15:45 |  3.28%   |   354   |   342    | 60%  |   7645   |   0    | 183.41MB  
 00:00:35 | WARNING! Aborting ECBS - could not obtain an initial solution for the following agents: Agent25(2->1)
 00:00:35 | WARNING! Aborting ECBS - could not obtain an initial solution for the following agents: Agent7(59->58)
 00:00:35 | WARNING! Aborting ECBS - could not obtain an initial solution for the following agents: Agent7(59->58)
 00:00:35 | WARNING! Aborting ECBS - could not obtain an initial solution for the following agents: Agent7(59->58)
 00:00:35 | WARNING! Aborting ECBS - could not obtain an initial solution for the following agents: Agent7(59->58)
 00:00:35 | WARNING! Aborting ECBS - could not obtain an initial solution for the following agents: Agent26(24->23)
 00:00:35 | WARNING! Aborting ECBS - could not obtain an initial solution for the following agents: Agent26(24->23)
 00:00:37 | WARNING! Aborting ECBS - could not obtain an initial solution for the following agents: Agent8(41->40)
 00:00:37 | WARNING! Aborting ECBS - could not obtain an initial solution for the following agents: Agent8(41->40)
 00:00:37 | WARNING! Aborting ECBS - could not obtain an initial solution for the following agents: Agent27(8->2)
 00:00:38 | WARNING! Aborting ECBS - could not obtain an initial solution for the following agents: Agent21(40->39)
 00:00:39 | WARNING! Aborting ECBS - could not obtain an initial solution for the following agents: Agent7(56->55)
 00:00:39 | WARNING! Aborting ECBS - could not obtain an initial solution for the following agents: Agent7(56->55)
 00:00:39 | WARNING! Aborting ECBS - could not obtain an initial solution for the following agents: Agent7(56->55)
 00:00:40 | 00:13:33 | 0.00:22:29 |  4.69%   |   510   |   500    | 60%  |  10820   |   0    | 183.16MB  
 00:00:40 | WARNING! Aborting ECBS - could not obtain an initial solution for the following agents: Agent5(57->56)
 00:00:40 | WARNING! Aborting ECBS - could not obtain an initial solution for the following agents: Agent5(57->56)
 00:00:40 | WARNING! Aborting ECBS - could not obtain an initial solution for the following agents: Agent0(25->24)
 00:00:45 | 00:10:55 | 0.00:30:50 |  6.43%   |   706   |   695    | 60%  |  14878   |   0    | 182.60MB  
 00:00:47 | WARNING! Aborting ECBS - could not obtain an initial solution for the following agents: Agent28(41->40)
 00:00:47 | WARNING! Aborting ECBS - could not obtain an initial solution for the following agents: Agent30(41->40)
 00:00:50 | 00:09:22 | 0.00:39:12 |  8.17%   |   896   |   890    | 60%  |  19272   |   0    | 183.52MB  
 00:00:53 | WARNING! Aborting ECBS - could not obtain an initial solution for the following agents: Agent0(19->17)
 00:00:53 | WARNING! Aborting ECBS - could not obtain an initial solution for the following agents: Agent26(24->23)
 00:00:54 | WARNING! Aborting ECBS - could not obtain an initial solution for the following agents: Agent7(56->55)
 00:00:54 | WARNING! Aborting ECBS - could not obtain an initial solution for the following agents: Agent14(9->8)
 00:00:54 | WARNING! Aborting ECBS - could not obtain an initial solution for the following agents: Agent14(9->8)
 00:00:55 | 00:08:27 | 0.00:46:54 |  9.77%   |  1073   |   1071   | 60%  |  23366   |   0    | 183.53MB  
 00:00:55 | WARNING! Aborting ECBS - could not obtain an initial solution for the following agents: Agent11(27->26)
 00:00:55 | WARNING! Aborting ECBS - could not obtain an initial solution for the following agents: Agent11(27->26)
 00:00:55 | WARNING! Aborting ECBS - could not obtain an initial solution for the following agents: Agent11(27->26)
 00:00:56 | WARNING! Aborting ECBS - could not obtain an initial solution for the following agents: Agent10(43->34),Agent30(42->33)
 00:00:56 | WARNING! Aborting ECBS - could not obtain an initial solution for the following agents: Agent10(43->34),Agent30(42->33)
 00:00:56 | WARNING! Aborting ECBS - could not obtain an initial solution for the following agents: Agent30(42->34)
 00:00:56 | WARNING! Aborting ECBS - could not obtain an initial solution for the following agents: Agent30(42->34)
 00:00:56 | WARNING! Aborting ECBS - could not obtain an initial solution for the following agents: Agent30(42->34)
 00:00:56 | WARNING! Aborting ECBS - could not obtain an initial solution for the following agents: Agent30(42->35)
 00:00:56 | WARNING! Aborting ECBS - could not obtain an initial solution for the following agents: Agent30(42->35)
 00:00:57 | WARNING! Aborting ECBS - could not obtain an initial solution for the following agents: Agent9(57->56)
 00:00:57 | WARNING! Aborting ECBS - could not obtain an initial solution for the following agents: Agent25(9->8)
 00:00:58 | WARNING! Aborting ECBS - could not obtain an initial solution for the following agents: Agent9(57->56)
 00:00:58 | WARNING! Aborting ECBS - could not obtain an initial solution for the following agents: Agent9(57->56)
 00:00:58 | WARNING! Aborting ECBS - could not obtain an initial solution for the following agents: Agent27(3->1)
 00:00:58 | WARNING! Aborting ECBS - could not obtain an initial solution for the following agents: Agent27(3->2)
 00:00:59 | WARNING! Aborting ECBS - could not obtain an initial solution for the following agents: Agent26(25->24)
 00:00:59 | WARNING! Aborting ECBS - could not obtain an initial solution for the following agents: Agent26(25->24)
 00:00:59 | WARNING! Aborting ECBS - could not obtain an initial solution for the following agents: Agent0(25->24)
 00:00:59 | WARNING! Aborting ECBS - could not obtain an initial solution for the following agents: Agent0(25->24)
 00:00:59 | WARNING! Aborting ECBS - could not obtain an initial solution for the following agents: Agent0(25->24)
 00:00:59 | WARNING! Aborting ECBS - could not obtain an initial solution for the following agents: Agent7(57->56)
 00:00:59 | WARNING! Aborting ECBS - could not obtain an initial solution for the following agents: Agent7(57->56)
 00:00:59 | WARNING! Aborting ECBS - could not obtain an initial solution for the following agents: Agent7(57->56)
 00:00:59 | WARNING! Aborting ECBS - could not obtain an initial solution for the following agents: Agent7(57->56)
 00:00:59 | WARNING! Aborting ECBS - could not obtain an initial solution for the following agents: Agent7(57->50)
 00:01:00 | 00:07:29 | 0.00:56:33 |  11.78%  |  1297   |   1296   | 60%  |  28591   |   0    | 182.48MB  
 00:01:00 | WARNING! Aborting ECBS - could not obtain an initial solution for the following agents: Agent7(57->56)
 00:01:01 | WARNING! Aborting ECBS - could not obtain an initial solution for the following agents: Agent1(9->8)
 00:01:01 | WARNING! Aborting ECBS - could not obtain an initial solution for the following agents: Agent1(9->8)
 00:01:04 | WARNING! Aborting ECBS - could not obtain an initial solution for the following agents: Agent16(57->56)
 00:01:04 | WARNING! Aborting ECBS - could not obtain an initial solution for the following agents: Agent16(57->56)
 00:01:04 | WARNING! Aborting ECBS - could not obtain an initial solution for the following agents: Agent16(57->50)
 00:01:04 | WARNING! Aborting ECBS - could not obtain an initial solution for the following agents: Agent16(57->50)
 00:01:05 | 00:06:57 | 0.01:04:42 |  13.48%  |  1488   |   1486   | 60%  |  33110   |   0    | 182.35MB  
 00:01:05 | WARNING! Aborting ECBS - could not obtain an initial solution for the following agents: Agent19(3->1)
 00:01:05 | WARNING! Aborting ECBS - could not obtain an initial solution for the following agents: Agent19(3->1)
 00:01:05 | WARNING! Aborting ECBS - could not obtain an initial solution for the following agents: Agent19(3->1)
 00:01:05 | WARNING! Aborting ECBS - could not obtain an initial solution for the following agents: Agent19(3->2)
 00:01:05 | WARNING! Aborting ECBS - could not obtain an initial solution for the following agents: Agent19(3->2)
 00:01:08 | WARNING! Aborting ECBS - could not obtain an initial solution for the following agents: Agent25(9->8)
 00:01:08 | WARNING! Aborting ECBS - could not obtain an initial solution for the following agents: Agent25(9->8)
 00:01:09 | WARNING! Aborting ECBS - could not obtain an initial solution for the following agents: Agent7(57->56)
 00:01:10 | WARNING! Aborting ECBS - could not obtain an initial solution for the following agents: Agent7(57->56)
 00:01:10 | 00:06:31 | 0.01:12:47 |  15.16%  |  1678   |   1675   | 60%  |  37541   |   0    | 184.61MB  
 00:01:10 | WARNING! Aborting ECBS - could not obtain an initial solution for the following agents: Agent7(57->56)
 00:01:13 | WARNING! Aborting ECBS - could not obtain an initial solution for the following agents: Agent4(3->1)
 00:01:13 | WARNING! Aborting ECBS - could not obtain an initial solution for the following agents: Agent4(3->1)
 00:01:14 | WARNING! Aborting ECBS - could not obtain an initial solution for the following agents: Agent16(57->56)
 00:01:15 | 00:06:01 | 0.01:22:33 |  17.20%  |  1905   |   1905   | 60%  |  42976   |   0    | 183.59MB  
 00:01:18 | WARNING! Aborting ECBS - could not obtain an initial solution for the following agents: Agent11(25->24)
 00:01:20 | 00:05:37 | 0.01:32:00 |  19.17%  |  2123   |   2126   | 60%  |  48227   |   0    | 185.81MB  
 00:01:25 | 00:05:28 | 0.01:38:42 |  20.56%  |  2279   |   2282   | 60%  |  51983   |   0    | 184.14MB  
 00:01:29 | WARNING! Aborting ECBS - could not obtain an initial solution for the following agents: Agent5(57->56)
 00:01:29 | WARNING! Aborting ECBS - could not obtain an initial solution for the following agents: Agent5(57->56)
 00:01:29 | WARNING! Aborting ECBS - could not obtain an initial solution for the following agents: Agent5(57->56)
 00:01:30 | 00:05:04 | 0.01:49:32 |  22.82%  |  2527   |   2537   | 60%  |  57612   |   0    | 184.55MB  
 00:01:31 | WARNING! Aborting ECBS - could not obtain an initial solution for the following agents: Agent0(24->23)
 00:01:31 | WARNING! Aborting ECBS - could not obtain an initial solution for the following agents: Agent1(8->2),Agent27(3->1)
 00:01:32 | WARNING! Aborting ECBS - could not obtain an initial solution for the following agents: Agent9(56->55)
 00:01:35 | 00:04:59 | 0.01:55:29 |  24.06%  |  2666   |   2677   | 60%  |  61010   |   0    | 186.37MB  
 00:01:38 | WARNING! Aborting ECBS - could not obtain an initial solution for the following agents: Agent29(57->56)
 00:01:38 | WARNING! Aborting ECBS - could not obtain an initial solution for the following agents: Agent29(57->56)
 00:01:38 | WARNING! Aborting ECBS - could not obtain an initial solution for the following agents: Agent29(57->56)
 00:01:39 | WARNING! Aborting ECBS - could not obtain an initial solution for the following agents: Agent25(8->7)
 00:01:39 | WARNING! Aborting ECBS - could not obtain an initial solution for the following agents: Agent14(8->2)
 00:01:39 | WARNING! Aborting ECBS - could not obtain an initial solution for the following agents: Agent14(8->2)
 00:01:39 | WARNING! Aborting ECBS - could not obtain an initial solution for the following agents: Agent14(8->6)
 00:01:39 | WARNING! Aborting ECBS - could not obtain an initial solution for the following agents: Agent10(40->39)
 00:01:40 | 00:04:44 | 0.02:04:44 |  25.99%  |  2877   |   2893   | 60%  |  66097   |   0    | 186.23MB  
 00:01:41 | WARNING! Aborting ECBS - could not obtain an initial solution for the following agents: Agent21(41->40)
 00:01:41 | WARNING! Aborting ECBS - could not obtain an initial solution for the following agents: Agent21(41->40)
 00:01:41 | WARNING! Aborting ECBS - could not obtain an initial solution for the following agents: Agent21(41->40)
 00:01:41 | WARNING! Aborting ECBS - could not obtain an initial solution for the following agents: Agent21(41->40)
 00:01:43 | WARNING! Aborting ECBS - could not obtain an initial solution for the following agents: Agent8(41->40)
 00:01:43 | WARNING! Aborting ECBS - could not obtain an initial solution for the following agents: Agent8(41->40)
 00:01:43 | WARNING! Aborting ECBS - could not obtain an initial solution for the following agents: Agent8(41->40)
 00:01:45 | 00:04:30 | 0.02:14:23 |  28.00%  |  3101   |   3118   | 60%  |  71387   |   0    | 187.18MB  
 00:01:47 | WARNING! Aborting ECBS - could not obtain an initial solution for the following agents: Agent1(9->8)
 00:01:50 | 00:04:22 | 0.02:21:48 |  29.54%  |  3276   |   3293   | 60%  |  75308   |   0    | 187.27MB  
 00:01:51 | WARNING! Aborting ECBS - could not obtain an initial solution for the following agents: Agent5(58->57)
 00:01:51 | WARNING! Aborting ECBS - could not obtain an initial solution for the following agents: Agent5(58->57)
 00:01:54 | WARNING! Aborting ECBS - could not obtain an initial solution for the following agents: Agent8(41->40)
 00:01:54 | WARNING! Aborting ECBS - could not obtain an initial solution for the following agents: Agent8(41->40)
 00:01:54 | WARNING! Aborting ECBS - could not obtain an initial solution for the following agents: Agent8(41->40)
 00:01:55 | 00:04:10 | 0.02:31:05 |  31.48%  |  3495   |   3510   | 60%  |  80222   |   0    | 193.87MB  
 00:01:55 | WARNING! Aborting ECBS - could not obtain an initial solution for the following agents: Agent26(27->26)
 00:01:55 | WARNING! Aborting ECBS - could not obtain an initial solution for the following agents: Agent26(27->26)
 00:01:55 | WARNING! Aborting ECBS - could not obtain an initial solution for the following agents: Agent26(27->26)
 00:01:55 | WARNING! Aborting ECBS - could not obtain an initial solution for the following agents: Agent26(27->26)
 00:01:55 | WARNING! Aborting ECBS - could not obtain an initial solution for the following agents: Agent26(27->26)
 00:01:55 | WARNING! Aborting ECBS - could not obtain an initial solution for the following agents: Agent26(27->26)
 00:01:55 | WARNING! Aborting ECBS - could not obtain an initial solution for the following agents: Agent26(27->26)
 00:01:57 | WARNING! Aborting ECBS - could not obtain an initial solution for the following agents: Agent9(57->56)
 00:01:58 | WARNING! Aborting ECBS - could not obtain an initial solution for the following agents: Agent10(41->34)
 00:01:58 | WARNING! Aborting ECBS - could not obtain an initial solution for the following agents: Agent10(41->34)
 00:02:00 | 00:04:02 | 0.02:39:01 |  33.13%  |  3680   |   3696   | 60%  |  84727   |   0    | 197.86MB  
 00:02:01 | WARNING! Aborting ECBS - could not obtain an initial solution for the following agents: Agent28(41->40)
 00:02:05 | 00:03:50 | 0.02:48:43 |  35.15%  |  3906   |   3922   | 60%  |  90180   |   0    | 197.73MB  
 00:02:06 | WARNING! Aborting ECBS - could not obtain an initial solution for the following agents: Agent27(3->2)
 00:02:06 | WARNING! Aborting ECBS - could not obtain an initial solution for the following agents: Agent27(3->2)
 00:02:06 | WARNING! Aborting ECBS - could not obtain an initial solution for the following agents: Agent27(3->1)
 00:02:06 | WARNING! Aborting ECBS - could not obtain an initial solution for the following agents: Agent27(3->2)
 00:02:06 | WARNING! Aborting ECBS - could not obtain an initial solution for the following agents: Agent27(3->2)
 00:02:10 | 00:03:40 | 0.02:58:00 |  37.09%  |  4124   |   4141   | 60%  |  95551   |   0    | 202.32MB  
 00:02:10 | WARNING! Aborting ECBS - could not obtain an initial solution for the following agents: Agent28(41->40)
 00:02:12 | WARNING! Aborting ECBS - could not obtain an initial solution for the following agents: Agent11(25->24)
 00:02:12 | WARNING! Aborting ECBS - could not obtain an initial solution for the following agents: Agent9(58->50)
 00:02:13 | WARNING! Aborting ECBS - could not obtain an initial solution for the following agents: Agent30(41->40)
 00:02:14 | WARNING! Aborting ECBS - could not obtain an initial solution for the following agents: Agent25(8->1)
 00:02:14 | WARNING! Aborting ECBS - could not obtain an initial solution for the following agents: Agent25(8->1)
 00:02:14 | WARNING! Aborting ECBS - could not obtain an initial solution for the following agents: Agent25(8->2)
 00:02:15 | 00:03:35 | 0.03:04:41 |  38.48%  |  4277   |   4296   | 60%  |  99482   |   0    | 204.43MB  
 00:02:15 | WARNING! Aborting ECBS - could not obtain an initial solution for the following agents: Agent29(56->55)
 00:02:16 | WARNING! Aborting ECBS - could not obtain an initial solution for the following agents: Agent24(24->17)
 00:02:18 | WARNING! Aborting ECBS - could not obtain an initial solution for the following agents: Agent7(56->54)
 00:02:18 | WARNING! Aborting ECBS - could not obtain an initial solution for the following agents: Agent14(9->8)
 00:02:20 | 00:03:26 | 0.03:13:47 |  40.37%  |  4485   |   4511   | 60%  |  104356  |   0    | 203.84MB  
 00:02:24 | WARNING! Aborting ECBS - could not obtain an initial solution for the following agents: Agent27(8->7)
 00:02:25 | 00:03:22 | 0.03:20:26 |  41.76%  |  4640   |   4664   | 60%  |  108067  |   0    | 204.13MB  
 00:02:27 | WARNING! Aborting ECBS - could not obtain an initial solution for the following agents: Agent4(11->10)
 00:02:27 | WARNING! Aborting ECBS - could not obtain an initial solution for the following agents: Agent28(41->40)
 00:02:28 | WARNING! Aborting ECBS - could not obtain an initial solution for the following agents: Agent8(41->40)
 00:02:28 | WARNING! Aborting ECBS - could not obtain an initial solution for the following agents: Agent8(41->40)
 00:02:29 | WARNING! Aborting ECBS - could not obtain an initial solution for the following agents: Agent4(2->1)
 00:02:29 | WARNING! Aborting ECBS - could not obtain an initial solution for the following agents: Agent4(2->1)
 00:02:30 | 00:03:16 | 0.03:27:57 |  43.32%  |  4813   |   4841   | 60%  |  112340  |   0    | 204.91MB  
 00:02:32 | WARNING! Aborting ECBS - could not obtain an initial solution for the following agents: Agent2(26->25)
 00:02:32 | WARNING! Aborting ECBS - could not obtain an initial solution for the following agents: Agent2(26->25)
 00:02:34 | WARNING! Aborting ECBS - could not obtain an initial solution for the following agents: Agent21(41->40)
 00:02:35 | 00:03:06 | 0.03:38:06 |  45.44%  |  5046   |   5080   | 60%  |  117679  |   0    | 206.36MB  
 00:02:35 | WARNING! Aborting ECBS - could not obtain an initial solution for the following agents: Agent9(57->56)
 00:02:35 | WARNING! Aborting ECBS - could not obtain an initial solution for the following agents: Agent9(57->56)
 00:02:35 | WARNING! Aborting ECBS - could not obtain an initial solution for the following agents: Agent9(57->56)
 00:02:38 | WARNING! Aborting ECBS - could not obtain an initial solution for the following agents: Agent2(25->24)
 00:02:38 | WARNING! Aborting ECBS - could not obtain an initial solution for the following agents: Agent2(25->24)
 00:02:38 | WARNING! Aborting ECBS - could not obtain an initial solution for the following agents: Agent19(8->1)
 00:02:38 | WARNING! Aborting ECBS - could not obtain an initial solution for the following agents: Agent19(8->1)
 00:02:38 | WARNING! Aborting ECBS - could not obtain an initial solution for the following agents: Agent19(8->1)
 00:02:38 | WARNING! Aborting ECBS - could not obtain an initial solution for the following agents: Agent19(8->2)
 00:02:38 | WARNING! Aborting ECBS - could not obtain an initial solution for the following agents: Agent19(8->2)
 00:02:39 | WARNING! Aborting ECBS - could not obtain an initial solution for the following agents: Agent7(56->55)
 00:02:40 | 00:02:56 | 0.03:47:58 |  47.50%  |  5278   |   5312   | 60%  |  122885  |   0    | 206.24MB  
 00:02:40 | WARNING! Aborting ECBS - could not obtain an initial solution for the following agents: Agent1(9->8)
 00:02:40 | WARNING! Aborting ECBS - could not obtain an initial solution for the following agents: Agent29(57->56)
 00:02:41 | WARNING! Aborting ECBS - could not obtain an initial solution for the following agents: Agent25(3->1)
 00:02:41 | WARNING! Aborting ECBS - could not obtain an initial solution for the following agents: Agent25(3->1)
 00:02:41 | WARNING! Aborting ECBS - could not obtain an initial solution for the following agents: Agent25(3->2)
 00:02:42 | WARNING! Aborting ECBS - could not obtain an initial solution for the following agents: Agent9(58->57)
 00:02:42 | WARNING! Aborting ECBS - could not obtain an initial solution for the following agents: Agent9(58->57)
 00:02:42 | WARNING! Aborting ECBS - could not obtain an initial solution for the following agents: Agent9(58->57)
 00:02:42 | WARNING! Aborting ECBS - could not obtain an initial solution for the following agents: Agent9(58->57)
 00:02:42 | WARNING! Aborting ECBS - could not obtain an initial solution for the following agents: Agent30(41->40)
 00:02:42 | WARNING! Aborting ECBS - could not obtain an initial solution for the following agents: Agent30(41->40)
 00:02:45 | 00:02:54 | 0.03:53:36 |  48.67%  |  5405   |   5444   | 60%  |  125952  |   0    | 206.12MB  
 00:02:45 | WARNING! Aborting ECBS - could not obtain an initial solution for the following agents: Agent27(3->1)
 00:02:45 | WARNING! Aborting ECBS - could not obtain an initial solution for the following agents: Agent27(3->2)
 00:02:45 | WARNING! Aborting ECBS - could not obtain an initial solution for the following agents: Agent27(3->2)
 00:02:46 | WARNING! Aborting ECBS - could not obtain an initial solution for the following agents: Agent28(41->40)
 00:02:46 | WARNING! Aborting ECBS - could not obtain an initial solution for the following agents: Agent28(41->40)
 00:02:46 | WARNING! Aborting ECBS - could not obtain an initial solution for the following agents: Agent21(41->40)
 00:02:46 | WARNING! Aborting ECBS - could not obtain an initial solution for the following agents: Agent21(41->40)
 00:02:48 | WARNING! Aborting ECBS - could not obtain an initial solution for the following agents: Agent4(3->2)
 00:02:48 | WARNING! Aborting ECBS - could not obtain an initial solution for the following agents: Agent4(3->2)
 00:02:49 | WARNING! Aborting ECBS - could not obtain an initial solution for the following agents: Agent16(56->55)
 00:02:49 | WARNING! Aborting ECBS - could not obtain an initial solution for the following agents: Agent11(25->24)
 00:02:50 | 00:02:43 | 0.04:04:42 |  50.98%  |  5665   |   5704   | 60%  |  131749  |   0    | 205.16MB  
 00:02:54 | WARNING! Aborting ECBS - could not obtain an initial solution for the following agents: Agent27(3->0)
 00:02:54 | WARNING! Aborting ECBS - could not obtain an initial solution for the following agents: Agent27(3->0)
 00:02:54 | WARNING! Aborting ECBS - could not obtain an initial solution for the following agents: Agent27(3->0)
 00:02:55 | 00:02:39 | 0.04:11:15 |  52.35%  |  5815   |   5857   | 60%  |  135256  |   0    | 205.04MB  
 00:02:55 | WARNING! Aborting ECBS - could not obtain an initial solution for the following agents: Agent5(57->56)
 00:02:55 | WARNING! Aborting ECBS - could not obtain an initial solution for the following agents: Agent5(57->56)
 00:02:57 | WARNING! Aborting ECBS - could not obtain an initial solution for the following agents: Agent25(9->8)
 00:02:57 | WARNING! Aborting ECBS - could not obtain an initial solution for the following agents: Agent25(9->8)
 00:02:59 | WARNING! Aborting ECBS - could not obtain an initial solution for the following agents: Agent1(9->8)
 00:02:59 | WARNING! Aborting ECBS - could not obtain an initial solution for the following agents: Agent1(9->8)
 00:03:00 | 00:02:33 | 0.04:18:44 |  53.90%  |  5989   |   6033   | 60%  |  139619  |   0    | 204.11MB  
 00:03:00 | WARNING! Aborting ECBS - could not obtain an initial solution for the following agents: Agent28(40->39)
 00:03:00 | WARNING! Aborting ECBS - could not obtain an initial solution for the following agents: Agent28(40->39)
 00:03:01 | WARNING! Aborting ECBS - could not obtain an initial solution for the following agents: Agent19(8->1)
 00:03:01 | WARNING! Aborting ECBS - could not obtain an initial solution for the following agents: Agent19(8->1)
 00:03:01 | WARNING! Aborting ECBS - could not obtain an initial solution for the following agents: Agent19(8->1)
 00:03:01 | WARNING! Aborting ECBS - could not obtain an initial solution for the following agents: Agent19(8->2)
 00:03:05 | 00:02:27 | 0.04:26:47 |  55.58%  |  6180   |   6221   | 60%  |  144189  |   0    | 204.77MB  
 00:03:07 | WARNING! Aborting ECBS - could not obtain an initial solution for the following agents: Agent28(40->39)
 00:03:07 | WARNING! Aborting ECBS - could not obtain an initial solution for the following agents: Agent28(40->39)
 00:03:08 | WARNING! Aborting ECBS - could not obtain an initial solution for the following agents: Agent9(58->57)
 00:03:09 | WARNING! Aborting ECBS - could not obtain an initial solution for the following agents: Agent19(9->8)
 00:03:09 | WARNING! Aborting ECBS - could not obtain an initial solution for the following agents: Agent8(41->40)
 00:03:10 | 00:02:19 | 0.04:36:28 |  57.60%  |  6405   |   6449   | 60%  |  148784  |   0    | 207.18MB  
 00:03:13 | WARNING! Aborting ECBS - could not obtain an initial solution for the following agents: Agent29(56->55)
 00:03:13 | WARNING! Aborting ECBS - could not obtain an initial solution for the following agents: Agent29(56->55)
 00:03:14 | WARNING! Aborting ECBS - could not obtain an initial solution for the following agents: Agent4(8->2),Agent25(3->0)
 00:03:14 | WARNING! Aborting ECBS - could not obtain an initial solution for the following agents: Agent25(3->1)
 00:03:14 | WARNING! Aborting ECBS - could not obtain an initial solution for the following agents: Agent25(3->1)
 00:03:15 | 00:02:12 | 0.04:46:07 |  59.61%  |  6632   |   6674   | 60%  |  154046  |   0    | 205.67MB  
 00:03:15 | WARNING! Aborting ECBS - could not obtain an initial solution for the following agents: Agent30(41->40)
 00:03:15 | WARNING! Aborting ECBS - could not obtain an initial solution for the following agents: Agent30(41->40)
 00:03:20 | 00:02:05 | 0.04:54:42 |  61.40%  |  6832   |   6877   | 60%  |  158825  |   0    | 206.94MB  
 00:03:20 | WARNING! Aborting ECBS - could not obtain an initial solution for the following agents: Agent30(43->42)
 00:03:20 | WARNING! Aborting ECBS - could not obtain an initial solution for the following agents: Agent30(43->42)
 00:03:20 | WARNING! Aborting ECBS - could not obtain an initial solution for the following agents: Agent30(43->42)
 00:03:20 | WARNING! Aborting ECBS - could not obtain an initial solution for the following agents: Agent30(43->42)
 00:03:20 | WARNING! Aborting ECBS - could not obtain an initial solution for the following agents: Agent30(43->42)
 00:03:21 | WARNING! Aborting ECBS - could not obtain an initial solution for the following agents: Agent7(57->56)
 00:03:21 | WARNING! Aborting ECBS - could not obtain an initial solution for the following agents: Agent7(57->56)
 00:03:22 | WARNING! Aborting ECBS - could not obtain an initial solution for the following agents: Agent0(24->23)
 00:03:24 | WARNING! Aborting ECBS - could not obtain an initial solution for the following agents: Agent8(41->40)
 00:03:24 | WARNING! Aborting ECBS - could not obtain an initial solution for the following agents: Agent24(24->23)
 00:03:24 | WARNING! Aborting ECBS - could not obtain an initial solution for the following agents: Agent24(24->23)
 00:03:25 | 00:01:59 | 0.05:03:19 |  63.19%  |  7031   |   7077   | 60%  |  163718  |   0    | 213.15MB  
 00:03:30 | 00:02:02 | 0.05:03:30 |  63.23%  |  7034   |   7081   | 60%  |  163844  |   0    | 213.61MB  
 00:03:34 | WARNING! Aborting ECBS - could not obtain an initial solution for the following agents: Agent21(35->33)
 00:03:34 | WARNING! Aborting ECBS - could not obtain an initial solution for the following agents: Agent14(8->7)
 00:03:34 | WARNING! Aborting ECBS - could not obtain an initial solution for the following agents: Agent14(8->2)
 00:03:34 | WARNING! Aborting ECBS - could not obtain an initial solution for the following agents: Agent14(8->2)
 00:03:35 | 00:02:00 | 0.05:07:36 |  64.09%  |  7132   |   7178   | 60%  |  166094  |   0    | 216.12MB  
 00:03:36 | WARNING! Aborting ECBS - could not obtain an initial solution for the following agents: Agent7(49->48)
 00:03:37 | WARNING! Aborting ECBS - could not obtain an initial solution for the following agents: Agent21(41->40)
 00:03:37 | WARNING! Aborting ECBS - could not obtain an initial solution for the following agents: Agent21(41->40)
 00:03:38 | WARNING! Aborting ECBS - could not obtain an initial solution for the following agents: Agent16(57->56)
 00:03:40 | 00:01:55 | 0.05:14:59 |  65.62%  |  7298   |   7351   | 60%  |  170366  |   0    | 212.03MB  
 00:03:40 | WARNING! Aborting ECBS - could not obtain an initial solution for the following agents: Agent4(9->8)
 00:03:40 | WARNING! Aborting ECBS - could not obtain an initial solution for the following agents: Agent4(9->8)
 00:03:40 | WARNING! Aborting ECBS - could not obtain an initial solution for the following agents: Agent24(24->23)
 00:03:40 | WARNING! Aborting ECBS - could not obtain an initial solution for the following agents: Agent24(24->23)
 00:03:42 | WARNING! Aborting ECBS - could not obtain an initial solution for the following agents: Agent2(25->18)
 00:03:42 | WARNING! Aborting ECBS - could not obtain an initial solution for the following agents: Agent2(25->18)
 00:03:45 | 00:01:47 | 0.05:25:04 |  67.72%  |  7533   |   7587   | 60%  |  175743  |   0    | 213.56MB  
 00:03:47 | WARNING! Aborting ECBS - could not obtain an initial solution for the following agents: Agent19(9->8)
 00:03:47 | WARNING! Aborting ECBS - could not obtain an initial solution for the following agents: Agent19(9->8)
 00:03:47 | WARNING! Aborting ECBS - could not obtain an initial solution for the following agents: Agent0(25->24)
 00:03:48 | WARNING! Aborting ECBS - could not obtain an initial solution for the following agents: Agent19(9->8)
 00:03:48 | WARNING! Aborting ECBS - could not obtain an initial solution for the following agents: Agent8(40->39)
 00:03:50 | 00:01:38 | 0.05:35:34 |  69.91%  |  7778   |   7833   | 60%  |  181287  |   0    | 211.33MB  
 00:03:52 | WARNING! Aborting ECBS - could not obtain an initial solution for the following agents: Agent29(57->56)
 00:03:52 | WARNING! Aborting ECBS - could not obtain an initial solution for the following agents: Agent29(57->56)
 00:03:52 | WARNING! Aborting ECBS - could not obtain an initial solution for the following agents: Agent29(57->56)
 00:03:52 | WARNING! Aborting ECBS - could not obtain an initial solution for the following agents: Agent30(41->40)
 00:03:52 | WARNING! Aborting ECBS - could not obtain an initial solution for the following agents: Agent30(41->40)
 00:03:55 | 00:01:31 | 0.05:45:45 |  72.03%  |  8017   |   8072   | 60%  |  186585  |   0    | 213.00MB  
 00:04:00 | 00:01:24 | 0.05:54:30 |  73.85%  |  8219   |   8277   | 60%  |  191716  |   0    | 211.55MB  
 00:04:05 | 00:01:19 | 0.06:02:52 |  75.60%  |  8415   |   8473   | 60%  |  195952  |   0    | 211.96MB  
 00:04:08 | WARNING! Aborting ECBS - could not obtain an initial solution for the following agents: Agent29(57->56)
 00:04:08 | WARNING! Aborting ECBS - could not obtain an initial solution for the following agents: Agent29(57->56)
 00:04:08 | WARNING! Aborting ECBS - could not obtain an initial solution for the following agents: Agent29(57->56)
 00:04:08 | WARNING! Aborting ECBS - could not obtain an initial solution for the following agents: Agent16(56->55)
 00:04:10 | 00:01:14 | 0.06:09:33 |  76.99%  |  8572   |   8629   | 60%  |  199619  |   0    | 211.33MB  
 00:04:10 | WARNING! Aborting ECBS - could not obtain an initial solution for the following agents: Agent7(57->56)
 00:04:10 | WARNING! Aborting ECBS - could not obtain an initial solution for the following agents: Agent7(57->56)
 00:04:10 | WARNING! Aborting ECBS - could not obtain an initial solution for the following agents: Agent0(26->25),Agent11(27->26)
 00:04:10 | WARNING! Aborting ECBS - could not obtain an initial solution for the following agents: Agent0(26->25),Agent11(27->26)
 00:04:10 | WARNING! Aborting ECBS - could not obtain an initial solution for the following agents: Agent0(26->25)
 00:04:10 | WARNING! Aborting ECBS - could not obtain an initial solution for the following agents: Agent26(19->18)
 00:04:11 | WARNING! Aborting ECBS - could not obtain an initial solution for the following agents: Agent9(56->55)
 00:04:11 | WARNING! Aborting ECBS - could not obtain an initial solution for the following agents: Agent9(56->55)
 00:04:11 | WARNING! Aborting ECBS - could not obtain an initial solution for the following agents: Agent9(56->55)
 00:04:12 | WARNING! Aborting ECBS - could not obtain an initial solution for the following agents: Agent28(41->40)
 00:04:12 | WARNING! Aborting ECBS - could not obtain an initial solution for the following agents: Agent28(41->40)
 00:04:13 | WARNING! Aborting ECBS - could not obtain an initial solution for the following agents: Agent19(9->8)
 00:04:13 | WARNING! Aborting ECBS - could not obtain an initial solution for the following agents: Agent19(9->8)
 00:04:15 | 00:01:06 | 0.06:20:36 |  79.29%  |  8831   |   8888   | 60%  |  204921  |   0    | 212.79MB  
 00:04:15 | WARNING! Aborting ECBS - could not obtain an initial solution for the following agents: Agent7(56->55)
 00:04:15 | WARNING! Aborting ECBS - could not obtain an initial solution for the following agents: Agent7(56->55)
 00:04:20 | 00:00:59 | 0.06:30:40 |  81.39%  |  9067   |   9122   | 60%  |  210282  |   0    | 212.39MB  
 00:04:21 | WARNING! Aborting ECBS - could not obtain an initial solution for the following agents: Agent7(57->56)
 00:04:21 | WARNING! Aborting ECBS - could not obtain an initial solution for the following agents: Agent7(57->56)
 00:04:21 | WARNING! Aborting ECBS - could not obtain an initial solution for the following agents: Agent7(57->56)
 00:04:23 | WARNING! Aborting ECBS - could not obtain an initial solution for the following agents: Agent24(25->24)
 00:04:25 | 00:00:55 | 0.06:36:57 |  82.70%  |  9213   |   9269   | 60%  |  213766  |   0    | 212.66MB  
 00:04:27 | WARNING! Aborting ECBS - could not obtain an initial solution for the following agents: Agent30(40->39)
 00:04:27 | WARNING! Aborting ECBS - could not obtain an initial solution for the following agents: Agent30(40->39)
 00:04:30 | 00:00:51 | 0.06:43:43 |  84.11%  |  9370   |   9428   | 60%  |  217462  |   0    | 214.32MB  
 00:04:32 | WARNING! Aborting ECBS - could not obtain an initial solution for the following agents: Agent1(3->2)
 00:04:32 | WARNING! Aborting ECBS - could not obtain an initial solution for the following agents: Agent1(3->2)
 00:04:35 | 00:00:44 | 0.06:52:59 |  86.04%  |  9584   |   9645   | 60%  |  222258  |   0    | 211.39MB  
 00:04:35 | WARNING! Aborting ECBS - could not obtain an initial solution for the following agents: Agent2(25->24)
 00:04:35 | WARNING! Aborting ECBS - could not obtain an initial solution for the following agents: Agent2(25->24)
 00:04:36 | WARNING! Aborting ECBS - could not obtain an initial solution for the following agents: Agent21(41->40)
 00:04:36 | WARNING! Aborting ECBS - could not obtain an initial solution for the following agents: Agent21(41->40)
 00:04:38 | WARNING! Aborting ECBS - could not obtain an initial solution for the following agents: Agent16(56->55)
 00:04:38 | WARNING! Aborting ECBS - could not obtain an initial solution for the following agents: Agent16(56->55)
 00:04:38 | WARNING! Aborting ECBS - could not obtain an initial solution for the following agents: Agent16(56->55)
 00:04:40 | 00:00:40 | 0.06:59:41 |  87.43%  |  9743   |   9802   | 60%  |  225741  |   0    | 212.38MB  
 00:04:42 | WARNING! Aborting ECBS - could not obtain an initial solution for the following agents: Agent7(56->55)
 00:04:42 | WARNING! Aborting ECBS - could not obtain an initial solution for the following agents: Agent7(56->55)
 00:04:42 | WARNING! Aborting ECBS - could not obtain an initial solution for the following agents: Agent7(56->55)
 00:04:45 | 00:00:35 | 0.07:07:20 |  89.03%  |  9919   |   9981   | 60%  |  229813  |   0    | 213.02MB  
 00:04:45 | WARNING! Aborting ECBS - could not obtain an initial solution for the following agents: Agent2(25->24)
 00:04:46 | WARNING! Aborting ECBS - could not obtain an initial solution for the following agents: Agent1(3->1)
 00:04:46 | WARNING! Aborting ECBS - could not obtain an initial solution for the following agents: Agent1(3->1)
 00:04:47 | WARNING! Aborting ECBS - could not obtain an initial solution for the following agents: Agent16(57->56)
 00:04:48 | WARNING! Aborting ECBS - could not obtain an initial solution for the following agents: Agent4(10->8)
 00:04:48 | WARNING! Aborting ECBS - could not obtain an initial solution for the following agents: Agent4(10->8)
 00:04:48 | WARNING! Aborting ECBS - could not obtain an initial solution for the following agents: Agent4(10->8)
 00:04:48 | WARNING! Aborting ECBS - could not obtain an initial solution for the following agents: Agent4(10->9)
 00:04:48 | WARNING! Aborting ECBS - could not obtain an initial solution for the following agents: Agent4(10->9)
 00:04:50 | 00:00:28 | 0.07:16:45 |  90.99%  |  10141  |  10202   | 60%  |  234718  |   0    | 216.65MB  
 00:04:52 | WARNING! Aborting ECBS - could not obtain an initial solution for the following agents: Agent0(25->24)
 00:04:52 | WARNING! Aborting ECBS - could not obtain an initial solution for the following agents: Agent14(9->8)
 00:04:52 | WARNING! Aborting ECBS - could not obtain an initial solution for the following agents: Agent14(9->8)
 00:04:52 | WARNING! Aborting ECBS - could not obtain an initial solution for the following agents: Agent14(9->8)
 00:04:53 | WARNING! Aborting ECBS - could not obtain an initial solution for the following agents: Agent2(18->17)
 00:04:55 | 00:00:24 | 0.07:23:47 |  92.46%  |  10305  |  10367   | 60%  |  238698  |   0    | 218.32MB  
 00:04:57 | WARNING! Aborting ECBS - could not obtain an initial solution for the following agents: Agent5(58->57)
 00:05:00 | 00:00:19 | 0.07:30:31 |  93.86%  |  10456  |  10525   | 60%  |  242275  |   0    | 222.88MB  
 00:05:00 | WARNING! Aborting ECBS - could not obtain an initial solution for the following agents: Agent1(3->1)
 00:05:00 | WARNING! Aborting ECBS - could not obtain an initial solution for the following agents: Agent1(3->2)
 00:05:02 | WARNING! Aborting ECBS - could not obtain an initial solution for the following agents: Agent9(57->56)
 00:05:03 | WARNING! Aborting ECBS - could not obtain an initial solution for the following agents: Agent5(57->56)
 00:05:03 | WARNING! Aborting ECBS - could not obtain an initial solution for the following agents: Agent4(9->8)
 00:05:03 | WARNING! Aborting ECBS - could not obtain an initial solution for the following agents: Agent4(9->8)
 00:05:05 | 00:00:13 | 0.07:38:59 |  95.62%  |  10656  |  10723   | 60%  |  247028  |   0    | 226.20MB  
 00:05:05 | WARNING! Aborting ECBS - could not obtain an initial solution for the following agents: Agent19(3->2)
 00:05:05 | WARNING! Aborting ECBS - could not obtain an initial solution for the following agents: Agent19(3->2)
 00:05:05 | WARNING! Aborting ECBS - could not obtain an initial solution for the following agents: Agent9(56->55)
 00:05:09 | WARNING! Aborting ECBS - could not obtain an initial solution for the following agents: Agent21(41->40)
 00:05:09 | WARNING! Aborting ECBS - could not obtain an initial solution for the following agents: Agent26(25->24)
 00:05:10 | 00:00:07 | 0.07:48:23 |  97.58%  |  10873  |  10942   | 60%  |  251911  |   0    | 228.20MB  
 00:05:10 | WARNING! Aborting ECBS - could not obtain an initial solution for the following agents: Agent9(57->56)
 00:05:10 | WARNING! Aborting ECBS - could not obtain an initial solution for the following agents: Agent29(56->55)
 00:05:13 | WARNING! Aborting ECBS - could not obtain an initial solution for the following agents: Agent4(9->8)
 00:05:14 | WARNING! Aborting ECBS - could not obtain an initial solution for the following agents: Agent19(9->8)
 00:05:14 | WARNING! Aborting ECBS - could not obtain an initial solution for the following agents: Agent19(9->8)
 00:05:14 | WARNING! Aborting ECBS - could not obtain an initial solution for the following agents: Agent26(25->24)
 00:05:14 | WARNING! Aborting ECBS - could not obtain an initial solution for the following agents: Agent26(25->24)
 00:05:15 | 00:00:03 | 0.07:54:29 |  98.85%  |  11015  |  11086   | 60%  |  255661  |   0    | 228.84MB  
 00:05:18 | WARNING! Aborting ECBS - could not obtain an initial solution for the following agents: Agent9(58->57)
 00:05:18 | WARNING! Aborting ECBS - could not obtain an initial solution for the following agents: Agent9(58->57)
 00:05:18 | WARNING! Aborting ECBS - could not obtain an initial solution for the following agents: Agent9(58->57)
 00:05:18 | WARNING! Aborting ECBS - could not obtain an initial solution for the following agents: Agent9(58->57)
 00:05:18 | WARNING! Aborting ECBS - could not obtain an initial solution for the following agents: Agent9(58->50)
 00:05:19 | 00:00:00 | 0.08:00:00 | 100.00%  |  11138  |  11215   | 60%  |  258881  |   0    | 227.04MB  
 00:05:19 | >>> Simulation finished - writing results ...
 00:05:19 | >>> Results written
Simulation finished.
>>> Timings
StatTimingPathPlanningAverage: 0.016548863200462102
StatTimingPathPlanningOverall: 257.8147397999991
StatTimingPathPlanningCount: 15579
StatTimingTaskAllocationAverage: 0.0014425661361072803
StatTimingTaskAllocationOverall: 23.02047039999998
StatTimingTaskAllocationCount: 15958
StatTimingItemStorageAverage: 3.420350846106328E-06
StatTimingItemStorageOverall: 0.038605500000002124
StatTimingItemStorageCount: 11287
StatTimingPodStorageAverage: 0.0019445160222804727
StatTimingPodStorageOverall: 5.934662900000003
StatTimingPodStorageCount: 3052
StatTimingReplenishmentBatchingAverage: 8.142213358227891E-06
StatTimingReplenishmentBatchingOverall: 0.09593969999999924
StatTimingReplenishmentBatchingCount: 11783
StatTimingOrderBatchingAverage: 0.00010896786600496381
StatTimingOrderBatchingOverall: 3.3374678000000317
StatTimingOrderBatchingCount: 30628
>>> Overall
StatOverallBundlesPlaced: 15121
StatOverallItemsOrdered: 11182
StatOverallOrdersPlaced: 11182
StatOverallBundlesRejected: 0
StatOverallOrdersRejected: 0
StatOverallBundlesHandled: 11215
StatOverallItemsHandled: 11142
StatOverallLinesHandled: 11142
StatOverallOrdersHandled: 11138
StatOverallCollisions: 0
StatOverallDistanceTraveled: 258881.03128673782
StatOverallDistanceEstimated: 239664
StatOverallAssignedTasks: 15958
StatMaxMemoryUsed: 231.16796875
StatRealTimeUsed: 319.1925098
StatAverageTurnoverTime: 368.5728408142592
StatMedianTurnoverTime: 221.7666818559337
StatLowerQuartileTurnoverTime: 122.65768398635919
StatUpperQuartileTurnoverTime: 482.7677258396943
StatAverageThroughputTime: 114.32481881760735
StatMedianThroughputTime: 120.72194804091032
StatLowerQuartileThroughputTime: 80.9595422340335
StatUpperQuartileThroughputTime: 142.03066053806833
>>> Energy (Rizqi model)
StatEnergyTotalKJ: 19194.166961034578
StatEnergyE1AccelKJ: 5542.408193249976
StatEnergyE2DecelKJ: 0
StatEnergyE3CruiseKJ: 9557.937158000006
StatEnergyE4RotationKJ: 3268.792405340063
StatEnergyE5LiftLowerKJ: 825.0292044444449
StatEnergyPerOrderKJ: 1.7233046292902297
StatEnergyPerMeterJoule: 74.12134478843733
StatDistanceTraveledRizqiM: 258956
>>> Motion Behavior
StatTurningCount: 32298
StatStopAndGoCount: 44204
StatLoadedDistanceM: 174035
StatLoadedTurningCount: 23739
StatWaitTimeSec: 374946.0838807862

Marked tag finished after 1 tries!
.Fin. - SUCCESS
