<<< Welcome to the RAWSimO CLI >>>
The time is: 04/17/2026 09:45:32
Starting RAWSimO wrapper with the following arguments:
Instance: Material/Instances/CoreBenchmark/aesop.xlayo
Setting: Material/Instances/CoreBenchmark/test-short.xsett
ControlConfig: Material/Instances/CoreBenchmark/aesop-cbs.xconf
StatisticsDir: output_compare/10seed-cbs/
Seed: 1
Adding handler for unhandled exceptions ...
Initializing ... 
LayoutConfiguration recognized!
Parsing setting config ...
Parsing control config ...
Parsing layout config ...
Generating instance...
Info about all directions within the generated instance:
# # # # # e p e p p p p p p p p p p p p p p p p p e p p p p p p p p p p p p p p p p p e p p p p p p p p p e s # # # # # 
# # # # # n q ^ + + + + + + + + v + + + + + + + + ^ + + + + + + + + v + + + + + + + + ^ + + + + + + + + q d q # # # # # 
# # # # # b p b + + + + + + + + v + + + + + + + + ^ + + + + + + + + v + + + + + + + + ^ + + + + + + + + v b s # # # # # 
s w w w w d q d < < < < < < < < q < < < < < < < < d < < < < < < < < q < < < < < < < < d < < < < < < < < q d q w w w w w 
p e e e s b p b + + + + + + + + v + + + + + + + + ^ + + + + + + + + v + + + + + + + + ^ + + + + + + + + v b p e e e e n 
s w w w w d q ^ + + + + + + + + v + + + + + + + + ^ + + + + + + + + v + + + + + + + + ^ + + + + + + + + q d q n w w w d 
e e e e e b p b > > > > > > > > p > > > > > > > > b > > > > > > > > p > > > > > > > > b > > > > > > > > p b p e e e e n 
# # # # # n q ^ + + + + + + + + v + + + + + + + + ^ + + + + + + + + v + + + + + + + + ^ + + + + + + + + q d q # # # # # 
# # # # # b p b + + + + + + + + v + + + + + + + + ^ + + + + + + + + v + + + + + + + + ^ + + + + + + + + v b s # # # # # 
s w w w w d q d < < < < < < < < q < < < < < < < < d < < < < < < < < q < < < < < < < < d < < < < < < < < q d q w w w w w 
p e e e s b p b + + + + + + + + v + + + + + + + + ^ + + + + + + + + v + + + + + + + + ^ + + + + + + + + v b p e e e e n 
s w w w w d q ^ + + + + + + + + v + + + + + + + + ^ + + + + + + + + v + + + + + + + + ^ + + + + + + + + q d q n w w w d 
e e e e e b p b > > > > > > > > p > > > > > > > > b > > > > > > > > p > > > > > > > > b > > > > > > > > p b p e e e e n 
# # # # # n q ^ + + + + + + + + v + + + + + + + + ^ + + + + + + + + v + + + + + + + + ^ + + + + + + + + q d q # # # # # 
# # # # # b p b + + + + + + + + v + + + + + + + + ^ + + + + + + + + v + + + + + + + + ^ + + + + + + + + v b s # # # # # 
s w w w w d q d < < < < < < < < q < < < < < < < < d < < < < < < < < q < < < < < < < < d < < < < < < < < q d q w w w w w 
p e e e s b p b + + + + + + + + v + + + + + + + + ^ + + + + + + + + v + + + + + + + + ^ + + + + + + + + v b p e e e e n 
s w w w w d q ^ + + + + + + + + v + + + + + + + + ^ + + + + + + + + v + + + + + + + + ^ + + + + + + + + q d q n w w w d 
e e e e e b p b > > > > > > > > p > > > > > > > > b > > > > > > > > p > > > > > > > > b > > > > > > > > p b p e e e e n 
# # # # # n q ^ + + + + + + + + v + + + + + + + + ^ + + + + + + + + v + + + + + + + + ^ + + + + + + + + q d q # # # # # 
# # # # # b p b + + + + + + + + v + + + + + + + + ^ + + + + + + + + v + + + + + + + + ^ + + + + + + + + v b s # # # # # 
s w w w w d q d < < < < < < < < q < < < < < < < < d < < < < < < < < q < < < < < < < < d < < < < < < < < q d q w w w w w 
p e e e s b p b + + + + + + + + v + + + + + + + + ^ + + + + + + + + v + + + + + + + + ^ + + + + + + + + v b p e e e e n 
s w w w w d q ^ + + + + + + + + v + + + + + + + + ^ + + + + + + + + v + + + + + + + + ^ + + + + + + + + q d q n w w w d 
e e e e e b p b > > > > > > > > p > > > > > > > > b > > > > > > > > p > > > > > > > > b > > > > > > > > p b p e e e e n 
# # # # # n q ^ + + + + + + + + v + + + + + + + + ^ + + + + + + + + v + + + + + + + + ^ + + + + + + + + q d q # # # # # 
# # # # # b p b + + + + + + + + v + + + + + + + + ^ + + + + + + + + v + + + + + + + + ^ + + + + + + + + v b s # # # # # 
# # # # # n q d < < < < < < < < q < < < < < < < < d < < < < < < < < q < < < < < < < < d < < < < < < < < q d q # # # # # 
# # # # # b p b + + + + + + + + v + + + + + + + + ^ + + + + + + + + v + + + + + + + + ^ + + + + + + + + v b s # # # # # 
# # # # # n q ^ + + + + + + + + v + + + + + + + + ^ + + + + + + + + v + + + + + + + + ^ + + + + + + + + q d q # # # # # 
# # # # # b p b > > > > > > > > p > > > > > > > > b > > > > > > > > p > > > > > > > > b > > > > > > > > p b s # # # # # 
# # # # # n q ^ + + + + + + + + v + + + + + + + + ^ + + + + + + + + v + + + + + + + + ^ + + + + + + + + q d q # # # # # 
# # # # # b p b + + + + + + + + v + + + + + + + + ^ + + + + + + + + v + + + + + + + + ^ + + + + + + + + v b s # # # # # 
# # # # # n w d d d d d d d d d w d d d d d d d d d d d d d d d d d w d d d d d d d d d d d d d d d d d w d w # # # # # 


Info about all types within the generated instance:
# # # # # r r r r r r r r r r r r r r r r r r r r r r r r r r r r r r r r r r r r r r r r r r r r r r r r r r # # # # # 
# # # # # r r r s s s s s s s s r s s s s s s s s r s s s s s s s s r s s s s s s s s r s s s s s s s s r r r # # # # # 
# # # # # r r r s s s s s s s s r s s s s s s s s r s s s s s s s s r s s s s s s s s r s s s s s s s s r r r # # # # # 
b b b b b r r r r r r r r r r r r r r r r r r r r r r r r r r r r r r r r r r r r r r r r r r r r r r r r r r b b b b o 
b b b b b r r r s s s s s s s s r s s s s s s s s r s s s s s s s s r s s s s s s s s r s s s s s s s s r r r b b b b b 
b b b b b r r r s s s s s s s s r s s s s s s s s r s s s s s s s s r s s s s s s s s r s s s s s s s s r r r b b b b b 
i b b b b r r r r r r r r r r r r r r r r r r r r r r r r r r r r r r r r r r r r r r r r r r r r r r r r r r b b b b b 
# # # # # r r r s s s s s s s s r s s s s s s s s r s s s s s s s s r s s s s s s s s r s s s s s s s s r r r # # # # # 
# # # # # r r r s s s s s s s s r s s s s s s s s r s s s s s s s s r s s s s s s s s r s s s s s s s s r r r # # # # # 
b b b b b r r r r r r r r r r r r r r r r r r r r r r r r r r r r r r r r r r r r r r r r r r r r r r r r r r b b b b o 
b b b b b r r r s s s s s s s s r s s s s s s s s r s s s s s s s s r s s s s s s s s r s s s s s s s s r r r b b b b b 
b b b b b r r r s s s s s s s s r s s s s s s s s r s s s s s s s s r s s s s s s s s r s s s s s s s s r r r b b b b b 
i b b b b r r r r r r r r r r r r r r r r r r r r r r r r r r r r r r r r r r r r r r r r r r r r r r r r r r b b b b b 
# # # # # r r r s s s s s s s s r s s s s s s s s r s s s s s s s s r s s s s s s s s r s s s s s s s s r r r # # # # # 
# # # # # r r r s s s s s s s s r s s s s s s s s r s s s s s s s s r s s s s s s s s r s s s s s s s s r r r # # # # # 
b b b b b r r r r r r r r r r r r r r r r r r r r r r r r r r r r r r r r r r r r r r r r r r r r r r r r r r b b b b o 
b b b b b r r r s s s s s s s s r s s s s s s s s r s s s s s s s s r s s s s s s s s r s s s s s s s s r r r b b b b b 
b b b b b r r r s s s s s s s s r s s s s s s s s r s s s s s s s s r s s s s s s s s r s s s s s s s s r r r b b b b b 
i b b b b r r r r r r r r r r r r r r r r r r r r r r r r r r r r r r r r r r r r r r r r r r r r r r r r r r b b b b b 
# # # # # r r r s s s s s s s s r s s s s s s s s r s s s s s s s s r s s s s s s s s r s s s s s s s s r r r # # # # # 
# # # # # r r r s s s s s s s s r s s s s s s s s r s s s s s s s s r s s s s s s s s r s s s s s s s s r r r # # # # # 
b b b b b r r r r r r r r r r r r r r r r r r r r r r r r r r r r r r r r r r r r r r r r r r r r r r r r r r b b b b o 
b b b b b r r r s s s s s s s s r s s s s s s s s r s s s s s s s s r s s s s s s s s r s s s s s s s s r r r b b b b b 
b b b b b r r r s s s s s s s s r s s s s s s s s r s s s s s s s s r s s s s s s s s r s s s s s s s s r r r b b b b b 
i b b b b r r r r r r r r r r r r r r r r r r r r r r r r r r r r r r r r r r r r r r r r r r r r r r r r r r b b b b b 
# # # # # r r r s s s s s s s s r s s s s s s s s r s s s s s s s s r s s s s s s s s r s s s s s s s s r r r # # # # # 
# # # # # r r r s s s s s s s s r s s s s s s s s r s s s s s s s s r s s s s s s s s r s s s s s s s s r r r # # # # # 
# # # # # r r r r r r r r r r r r r r r r r r r r r r r r r r r r r r r r r r r r r r r r r r r r r r r r r r # # # # # 
# # # # # r r r s s s s s s s s r s s s s s s s s r s s s s s s s s r s s s s s s s s r s s s s s s s s r r r # # # # # 
# # # # # r r r s s s s s s s s r s s s s s s s s r s s s s s s s s r s s s s s s s s r s s s s s s s s r r r # # # # # 
# # # # # r r r r r r r r r r r r r r r r r r r r r r r r r r r r r r r r r r r r r r r r r r r r r r r r r r # # # # # 
# # # # # r r r s s s s s s s s r s s s s s s s s r s s s s s s s s r s s s s s s s s r s s s s s s s s r r r # # # # # 
# # # # # r r r s s s s s s s s r s s s s s s s s r s s s s s s s s r s s s s s s s s r s s s s s s s s r r r # # # # # 
# # # # # r r r r r r r r r r r r r r r r r r r r r r r r r r r r r r r r r r r r r r r r r r r r r r r r r r # # # # # 


[EnergyConsumption] Configured from LayoutConfiguration: RobotMass=100 kg, PodFrameMass=300 kg
StatisticsFolder: aesop-aesop-aesop-cbs-1
Done!
Executing ... 
 09:45:35 | >>> Warming up ...
 00:00:00 | >>> Warmup finished - starting simulation ...
 Realtime |   ETA    |  Sim.Time  | Progress | #Orders | #Bundles | Inv. | Distance | #Coll. |   Memory    
 00:00:00 |   n/a    | 0.00:00:00 |  0.00%   |    0    |    0     | 70%  |    0     |   0    | 150.11MB  
 00:00:05 | 00:04:42 | 0.00:00:31 |  1.74%   |    0    |    0     | 70%  |   445    |   0    | 155.86MB  
 00:00:10 | 00:06:46 | 0.00:00:43 |  2.41%   |    0    |    0     | 70%  |   584    |   0    | 157.61MB  
 00:00:15 | 00:08:57 | 0.00:00:49 |  2.75%   |    0    |    0     | 70%  |   659    |   0    | 158.32MB  
 00:00:20 | 00:10:38 | 0.00:00:54 |  3.04%   |    0    |    0     | 70%  |   728    |   0    | 161.20MB  
 00:00:25 | 00:11:56 | 0.00:01:00 |  3.38%   |    0    |    0     | 70%  |   812    |   0    | 163.48MB  
 00:00:30 | 00:12:40 | 0.00:01:08 |  3.80%   |    1    |    0     | 70%  |   892    |   0    | 162.98MB  
 00:00:31 | WARNING! Aborting CBS - could not obtain an initial solution for the following agents: Agent6(74->73)
 00:00:31 | WARNING! Aborting CBS - could not obtain an initial solution for the following agents: Agent6(74->73)
 00:00:31 | WARNING! Aborting CBS - could not obtain an initial solution for the following agents: Agent6(74->73)
 00:00:31 | WARNING! Aborting CBS - could not obtain an initial solution for the following agents: Agent6(74->73)
 00:00:31 | WARNING! Aborting CBS - could not obtain an initial solution for the following agents: Agent6(74->73)
 00:00:31 | WARNING! Aborting CBS - could not obtain an initial solution for the following agents: Agent6(74->73)
 00:00:31 | WARNING! Aborting CBS - could not obtain an initial solution for the following agents: Agent8(3->1)
 00:00:35 | 00:03:19 | 0.00:04:29 |  14.95%  |   56    |    71    | 71%  |   2281   |   0    | 163.82MB  
 00:00:35 | WARNING! Aborting CBS - could not obtain an initial solution for the following agents: Agent25(73->63)
 00:00:35 | WARNING! Aborting CBS - could not obtain an initial solution for the following agents: Agent25(73->63)
 00:00:36 | WARNING! Aborting CBS - could not obtain an initial solution for the following agents: Agent25(73->63)
 00:00:40 | 00:01:43 | 0.00:08:23 |  27.95%  |   98    |   147    | 71%  |   4502   |   0    | 165.36MB  
 00:00:45 | 00:01:22 | 0.00:10:37 |  35.44%  |   129   |   185    | 72%  |   5745   |   0    | 165.23MB  
 00:00:50 | 00:01:10 | 0.00:12:25 |  41.39%  |   152   |   221    | 72%  |   6676   |   0    | 166.94MB  
 00:00:55 | 00:01:07 | 0.00:13:31 |  45.06%  |   166   |   241    | 72%  |   7391   |   0    | 172.20MB  
 00:01:00 | 00:01:12 | 0.00:13:35 |  45.33%  |   166   |   242    | 72%  |   7443   |   0    | 178.39MB  
 00:01:02 | WARNING! Aborting CBS - could not obtain an initial solution for the following agents: Agent4(72->71)
 00:01:02 | WARNING! Aborting CBS - could not obtain an initial solution for the following agents: Agent4(72->71)
 00:01:05 | 00:00:55 | 0.00:16:13 |  54.09%  |   196   |   294    | 73%  |   9042   |   0    | 181.05MB  
 00:01:10 | 00:00:53 | 0.00:16:59 |  56.65%  |   206   |   303    | 73%  |   9523   |   0    | 188.39MB  
 00:01:15 | 00:00:54 | 0.00:17:19 |  57.76%  |   209   |   310    | 73%  |   9696   |   0    | 192.38MB  
 00:01:16 | WARNING! Aborting CBS - could not obtain an initial solution for the following agents: Agent23(12->11)
 00:01:16 | WARNING! Aborting CBS - could not obtain an initial solution for the following agents: Agent23(12->11)
 00:01:19 | WARNING! Aborting CBS - could not obtain an initial solution for the following agents: Agent13(54->53)
 00:01:19 | WARNING! Aborting CBS - could not obtain an initial solution for the following agents: Agent13(54->53)
 00:01:19 | WARNING! Aborting CBS - could not obtain an initial solution for the following agents: Agent13(54->53)
 00:01:20 | 00:00:33 | 0.00:21:07 |  70.43%  |   247   |   377    | 73%  |  12297   |   0    | 196.24MB  
 00:01:20 | WARNING! Aborting CBS - could not obtain an initial solution for the following agents: Agent8(12->11)
 00:01:20 | WARNING! Aborting CBS - could not obtain an initial solution for the following agents: Agent8(12->11)
 00:01:23 | WARNING! Aborting CBS - could not obtain an initial solution for the following agents: Agent4(73->72)
 00:01:23 | WARNING! Aborting CBS - could not obtain an initial solution for the following agents: Agent4(73->72)
 00:01:23 | WARNING! Aborting CBS - could not obtain an initial solution for the following agents: Agent4(73->72)
 00:01:24 | WARNING! Aborting CBS - could not obtain an initial solution for the following agents: Agent16(12->11)
 00:01:24 | WARNING! Aborting CBS - could not obtain an initial solution for the following agents: Agent16(12->11)
 00:01:25 | 00:00:20 | 0.00:24:07 |  80.41%  |   279   |   434    | 74%  |  14070   |   0    | 194.50MB  
 00:01:30 | 00:00:08 | 0.00:27:26 |  91.47%  |   320   |   490    | 74%  |  16208   |   0    | 194.47MB  
 00:01:34 | WARNING! Aborting CBS - could not obtain an initial solution for the following agents: Agent10(12->11)
 00:01:34 | WARNING! Aborting CBS - could not obtain an initial solution for the following agents: Agent10(12->11)
 00:01:35 | 00:00:01 | 0.00:29:35 |  98.66%  |   342   |   527    | 75%  |  17559   |   0    | 199.09MB  
 00:01:35 | 00:00:00 | 0.00:30:00 | 100.00%  |   348   |   534    | 75%  |  17794   |   0    | 199.24MB  
 00:01:35 | >>> Simulation finished - writing results ...
 00:01:35 | >>> Results written
Simulation finished.
>>> Timings
StatTimingPathPlanningAverage: 0.0690463646723648
StatTimingPathPlanningOverall: 72.70582200000014
StatTimingPathPlanningCount: 1053
StatTimingTaskAllocationAverage: 0.025905144875346262
StatTimingTaskAllocationOverall: 18.703514600000002
StatTimingTaskAllocationCount: 722
StatTimingItemStorageAverage: 2.2023252032520216E-05
StatTimingItemStorageOverall: 0.013544299999999933
StatTimingItemStorageCount: 615
StatTimingPodStorageAverage: 0.02206568497652583
StatTimingPodStorageOverall: 4.699990900000002
StatTimingPodStorageCount: 213
StatTimingReplenishmentBatchingAverage: 3.634378787878794E-05
StatTimingReplenishmentBatchingOverall: 0.02398690000000004
StatTimingReplenishmentBatchingCount: 660
StatTimingOrderBatchingAverage: 0.00029212514718250686
StatTimingOrderBatchingOverall: 0.34733680000000067
StatTimingOrderBatchingCount: 1189
>>> Overall
StatOverallBundlesPlaced: 616
StatOverallItemsOrdered: 598
StatOverallOrdersPlaced: 366
StatOverallBundlesRejected: 0
StatOverallOrdersRejected: 0
StatOverallBundlesHandled: 534
StatOverallItemsHandled: 559
StatOverallLinesHandled: 532
StatOverallOrdersHandled: 348
StatOverallCollisions: 0
StatOverallDistanceTraveled: 17793.637732386924
StatOverallDistanceEstimated: 16695
StatOverallAssignedTasks: 722
StatMaxMemoryUsed: 199.2421875
StatRealTimeUsed: 95.2915863
StatAverageTurnoverTime: 542.0640505177505
StatMedianTurnoverTime: 411.6124624533447
StatLowerQuartileTurnoverTime: 195.8619181995729
StatUpperQuartileTurnoverTime: 775.7874103127764
StatAverageThroughputTime: 86.46983056332755
StatMedianThroughputTime: 54.13524094256161
StatLowerQuartileThroughputTime: 31.07394636865729
StatUpperQuartileThroughputTime: 128.5854185264899
>>> Energy (Rizqi model)
StatEnergyTotalKJ: 2168.330386880132
StatEnergyE1AccelKJ: 760.6468817786139
StatEnergyE2DecelKJ: 0
StatEnergyE3CruiseKJ: 595.1814047911597
StatEnergyE4RotationKJ: 253.90695880374983
StatEnergyE5LiftLowerKJ: 558.5951415066088
StatEnergyPerOrderKJ: 6.230834445057851
StatEnergyPerMeterJoule: 121.27127443401187
StatEnergyIdleKJ: 2015.2465302837281
StatEnergyTotalWithIdleKJ: 4183.57691716386
StatEnergyPerOrderWithIdleKJ: 12.021772750470863
StatDistanceTraveledRizqiM: 17880
>>> Motion Behavior
StatTurningCount: 2282
StatStopAndGoCount: 2810
StatLoadedDistanceM: 12356
StatLoadedTurningCount: 1741
StatLoadedStopAndGoCount: 2228
StatEmptyTurningCount: 541
StatEmptyStopAndGoCount: 582
StatWaitTimeSec: 18604.708791770674
StatPathPlanningTimeouts: 27
StatMoveEnergyEmptyKJ: 79.13017500000001
StatMoveTimeEmptySec: 6848.862561518235
StatTurnEnergyEmptyKJ: 10.300393209520701
StatTurnTimeEmptySec: 559.6959364212375
StatMoveEnergyLoadedKJ: 1276.6981115697733
StatMoveTimeLoadedSec: 18434.44357029397
StatTurnEnergyLoadedKJ: 243.6065655942291
StatTurnTimeLoadedSec: 1795.4631744703681
StatPrefEmptyW: 12.071250869436184
StatPrefLoadedW: 75.15134381711718

Marked tag finished after 1 tries!
.Fin. - SUCCESS
