<<< Welcome to the RAWSimO CLI >>>
The time is: 04/17/2026 09:45:32
Starting RAWSimO wrapper with the following arguments:
Instance: Material/Instances/CoreBenchmark/aesop.xlayo
Setting: Material/Instances/CoreBenchmark/test-short.xsett
ControlConfig: Material/Instances/CoreBenchmark/aesop-cbs.xconf
StatisticsDir: output_compare/10seed-cbs/
Seed: 8
Adding handler for unhandled exceptions ...
Initializing ... 
LayoutConfiguration recognized!
Parsing setting config ...
Parsing control config ...
Parsing layout config ...
Generating instance...
Info about all directions within the generated instance:
# # # # # e p e p p p p p p p p p p p p p p p p p e p p p p p p p p p p p p p p p p p e p p p p p p p p p e s # # # # # 
# # # # # n q ^ + + + + + + + + v + + + + + + + + ^ + + + + + + + + v + + + + + + + + ^ + + + + + + + + q d q # # # # # 
# # # # # b p b + + + + + + + + v + + + + + + + + ^ + + + + + + + + v + + + + + + + + ^ + + + + + + + + v b s # # # # # 
s w w w w d q d < < < < < < < < q < < < < < < < < d < < < < < < < < q < < < < < < < < d < < < < < < < < q d q w w w w w 
p e e e s b p b + + + + + + + + v + + + + + + + + ^ + + + + + + + + v + + + + + + + + ^ + + + + + + + + v b p e e e e n 
s w w w w d q ^ + + + + + + + + v + + + + + + + + ^ + + + + + + + + v + + + + + + + + ^ + + + + + + + + q d q n w w w d 
e e e e e b p b > > > > > > > > p > > > > > > > > b > > > > > > > > p > > > > > > > > b > > > > > > > > p b p e e e e n 
# # # # # n q ^ + + + + + + + + v + + + + + + + + ^ + + + + + + + + v + + + + + + + + ^ + + + + + + + + q d q # # # # # 
# # # # # b p b + + + + + + + + v + + + + + + + + ^ + + + + + + + + v + + + + + + + + ^ + + + + + + + + v b s # # # # # 
s w w w w d q d < < < < < < < < q < < < < < < < < d < < < < < < < < q < < < < < < < < d < < < < < < < < q d q w w w w w 
p e e e s b p b + + + + + + + + v + + + + + + + + ^ + + + + + + + + v + + + + + + + + ^ + + + + + + + + v b p e e e e n 
s w w w w d q ^ + + + + + + + + v + + + + + + + + ^ + + + + + + + + v + + + + + + + + ^ + + + + + + + + q d q n w w w d 
e e e e e b p b > > > > > > > > p > > > > > > > > b > > > > > > > > p > > > > > > > > b > > > > > > > > p b p e e e e n 
# # # # # n q ^ + + + + + + + + v + + + + + + + + ^ + + + + + + + + v + + + + + + + + ^ + + + + + + + + q d q # # # # # 
# # # # # b p b + + + + + + + + v + + + + + + + + ^ + + + + + + + + v + + + + + + + + ^ + + + + + + + + v b s # # # # # 
s w w w w d q d < < < < < < < < q < < < < < < < < d < < < < < < < < q < < < < < < < < d < < < < < < < < q d q w w w w w 
p e e e s b p b + + + + + + + + v + + + + + + + + ^ + + + + + + + + v + + + + + + + + ^ + + + + + + + + v b p e e e e n 
s w w w w d q ^ + + + + + + + + v + + + + + + + + ^ + + + + + + + + v + + + + + + + + ^ + + + + + + + + q d q n w w w d 
e e e e e b p b > > > > > > > > p > > > > > > > > b > > > > > > > > p > > > > > > > > b > > > > > > > > p b p e e e e n 
# # # # # n q ^ + + + + + + + + v + + + + + + + + ^ + + + + + + + + v + + + + + + + + ^ + + + + + + + + q d q # # # # # 
# # # # # b p b + + + + + + + + v + + + + + + + + ^ + + + + + + + + v + + + + + + + + ^ + + + + + + + + v b s # # # # # 
s w w w w d q d < < < < < < < < q < < < < < < < < d < < < < < < < < q < < < < < < < < d < < < < < < < < q d q w w w w w 
p e e e s b p b + + + + + + + + v + + + + + + + + ^ + + + + + + + + v + + + + + + + + ^ + + + + + + + + v b p e e e e n 
s w w w w d q ^ + + + + + + + + v + + + + + + + + ^ + + + + + + + + v + + + + + + + + ^ + + + + + + + + q d q n w w w d 
e e e e e b p b > > > > > > > > p > > > > > > > > b > > > > > > > > p > > > > > > > > b > > > > > > > > p b p e e e e n 
# # # # # n q ^ + + + + + + + + v + + + + + + + + ^ + + + + + + + + v + + + + + + + + ^ + + + + + + + + q d q # # # # # 
# # # # # b p b + + + + + + + + v + + + + + + + + ^ + + + + + + + + v + + + + + + + + ^ + + + + + + + + v b s # # # # # 
# # # # # n q d < < < < < < < < q < < < < < < < < d < < < < < < < < q < < < < < < < < d < < < < < < < < q d q # # # # # 
# # # # # b p b + + + + + + + + v + + + + + + + + ^ + + + + + + + + v + + + + + + + + ^ + + + + + + + + v b s # # # # # 
# # # # # n q ^ + + + + + + + + v + + + + + + + + ^ + + + + + + + + v + + + + + + + + ^ + + + + + + + + q d q # # # # # 
# # # # # b p b > > > > > > > > p > > > > > > > > b > > > > > > > > p > > > > > > > > b > > > > > > > > p b s # # # # # 
# # # # # n q ^ + + + + + + + + v + + + + + + + + ^ + + + + + + + + v + + + + + + + + ^ + + + + + + + + q d q # # # # # 
# # # # # b p b + + + + + + + + v + + + + + + + + ^ + + + + + + + + v + + + + + + + + ^ + + + + + + + + v b s # # # # # 
# # # # # n w d d d d d d d d d w d d d d d d d d d d d d d d d d d w d d d d d d d d d d d d d d d d d w d w # # # # # 


Info about all types within the generated instance:
# # # # # r r r r r r r r r r r r r r r r r r r r r r r r r r r r r r r r r r r r r r r r r r r r r r r r r r # # # # # 
# # # # # r r r s s s s s s s s r s s s s s s s s r s s s s s s s s r s s s s s s s s r s s s s s s s s r r r # # # # # 
# # # # # r r r s s s s s s s s r s s s s s s s s r s s s s s s s s r s s s s s s s s r s s s s s s s s r r r # # # # # 
b b b b b r r r r r r r r r r r r r r r r r r r r r r r r r r r r r r r r r r r r r r r r r r r r r r r r r r b b b b o 
b b b b b r r r s s s s s s s s r s s s s s s s s r s s s s s s s s r s s s s s s s s r s s s s s s s s r r r b b b b b 
b b b b b r r r s s s s s s s s r s s s s s s s s r s s s s s s s s r s s s s s s s s r s s s s s s s s r r r b b b b b 
i b b b b r r r r r r r r r r r r r r r r r r r r r r r r r r r r r r r r r r r r r r r r r r r r r r r r r r b b b b b 
# # # # # r r r s s s s s s s s r s s s s s s s s r s s s s s s s s r s s s s s s s s r s s s s s s s s r r r # # # # # 
# # # # # r r r s s s s s s s s r s s s s s s s s r s s s s s s s s r s s s s s s s s r s s s s s s s s r r r # # # # # 
b b b b b r r r r r r r r r r r r r r r r r r r r r r r r r r r r r r r r r r r r r r r r r r r r r r r r r r b b b b o 
b b b b b r r r s s s s s s s s r s s s s s s s s r s s s s s s s s r s s s s s s s s r s s s s s s s s r r r b b b b b 
b b b b b r r r s s s s s s s s r s s s s s s s s r s s s s s s s s r s s s s s s s s r s s s s s s s s r r r b b b b b 
i b b b b r r r r r r r r r r r r r r r r r r r r r r r r r r r r r r r r r r r r r r r r r r r r r r r r r r b b b b b 
# # # # # r r r s s s s s s s s r s s s s s s s s r s s s s s s s s r s s s s s s s s r s s s s s s s s r r r # # # # # 
# # # # # r r r s s s s s s s s r s s s s s s s s r s s s s s s s s r s s s s s s s s r s s s s s s s s r r r # # # # # 
b b b b b r r r r r r r r r r r r r r r r r r r r r r r r r r r r r r r r r r r r r r r r r r r r r r r r r r b b b b o 
b b b b b r r r s s s s s s s s r s s s s s s s s r s s s s s s s s r s s s s s s s s r s s s s s s s s r r r b b b b b 
b b b b b r r r s s s s s s s s r s s s s s s s s r s s s s s s s s r s s s s s s s s r s s s s s s s s r r r b b b b b 
i b b b b r r r r r r r r r r r r r r r r r r r r r r r r r r r r r r r r r r r r r r r r r r r r r r r r r r b b b b b 
# # # # # r r r s s s s s s s s r s s s s s s s s r s s s s s s s s r s s s s s s s s r s s s s s s s s r r r # # # # # 
# # # # # r r r s s s s s s s s r s s s s s s s s r s s s s s s s s r s s s s s s s s r s s s s s s s s r r r # # # # # 
b b b b b r r r r r r r r r r r r r r r r r r r r r r r r r r r r r r r r r r r r r r r r r r r r r r r r r r b b b b o 
b b b b b r r r s s s s s s s s r s s s s s s s s r s s s s s s s s r s s s s s s s s r s s s s s s s s r r r b b b b b 
b b b b b r r r s s s s s s s s r s s s s s s s s r s s s s s s s s r s s s s s s s s r s s s s s s s s r r r b b b b b 
i b b b b r r r r r r r r r r r r r r r r r r r r r r r r r r r r r r r r r r r r r r r r r r r r r r r r r r b b b b b 
# # # # # r r r s s s s s s s s r s s s s s s s s r s s s s s s s s r s s s s s s s s r s s s s s s s s r r r # # # # # 
# # # # # r r r s s s s s s s s r s s s s s s s s r s s s s s s s s r s s s s s s s s r s s s s s s s s r r r # # # # # 
# # # # # r r r r r r r r r r r r r r r r r r r r r r r r r r r r r r r r r r r r r r r r r r r r r r r r r r # # # # # 
# # # # # r r r s s s s s s s s r s s s s s s s s r s s s s s s s s r s s s s s s s s r s s s s s s s s r r r # # # # # 
# # # # # r r r s s s s s s s s r s s s s s s s s r s s s s s s s s r s s s s s s s s r s s s s s s s s r r r # # # # # 
# # # # # r r r r r r r r r r r r r r r r r r r r r r r r r r r r r r r r r r r r r r r r r r r r r r r r r r # # # # # 
# # # # # r r r s s s s s s s s r s s s s s s s s r s s s s s s s s r s s s s s s s s r s s s s s s s s r r r # # # # # 
# # # # # r r r s s s s s s s s r s s s s s s s s r s s s s s s s s r s s s s s s s s r s s s s s s s s r r r # # # # # 
# # # # # r r r r r r r r r r r r r r r r r r r r r r r r r r r r r r r r r r r r r r r r r r r r r r r r r r # # # # # 


[EnergyConsumption] Configured from LayoutConfiguration: RobotMass=100 kg, PodFrameMass=300 kg
StatisticsFolder: aesop-aesop-aesop-cbs-8
Done!
Executing ... 
 09:45:36 | >>> Warming up ...
 00:00:00 | >>> Warmup finished - starting simulation ...
 Realtime |   ETA    |  Sim.Time  | Progress | #Orders | #Bundles | Inv. | Distance | #Coll. |   Memory    
 00:00:00 |   n/a    | 0.00:00:00 |  0.00%   |    0    |    0     | 70%  |    0     |   0    | 148.99MB  
 00:00:05 | 00:03:58 | 0.00:00:37 |  2.09%   |    0    |    0     | 70%  |   512    |   0    | 155.96MB  
 00:00:10 | 00:06:22 | 0.00:00:46 |  2.58%   |    0    |    0     | 70%  |   619    |   0    | 161.73MB  
 00:00:15 | 00:08:12 | 0.00:00:53 |  2.99%   |    0    |    0     | 70%  |   715    |   0    | 161.51MB  
 00:00:20 | 00:10:07 | 0.00:00:57 |  3.21%   |    0    |    0     | 70%  |   770    |   0    | 166.02MB  
 00:00:25 | 00:10:10 | 0.00:01:11 |  3.97%   |    1    |    0     | 70%  |   925    |   0    | 167.60MB  
 00:00:26 | WARNING! Aborting CBS - could not obtain an initial solution for the following agents: Agent25(74->73)
 00:00:26 | WARNING! Aborting CBS - could not obtain an initial solution for the following agents: Agent25(74->73)
 00:00:26 | WARNING! Aborting CBS - could not obtain an initial solution for the following agents: Agent25(74->73)
 00:00:26 | WARNING! Aborting CBS - could not obtain an initial solution for the following agents: Agent25(74->73)
 00:00:26 | WARNING! Aborting CBS - could not obtain an initial solution for the following agents: Agent3(34->33)
 00:00:26 | WARNING! Aborting CBS - could not obtain an initial solution for the following agents: Agent3(34->33)
 00:00:29 | WARNING! Aborting CBS - could not obtain an initial solution for the following agents: Agent18(32->31)
 00:00:29 | WARNING! Aborting CBS - could not obtain an initial solution for the following agents: Agent18(32->31)
 00:00:29 | WARNING! Aborting CBS - could not obtain an initial solution for the following agents: Agent18(32->31)
 00:00:30 | 00:02:42 | 0.00:04:41 |  15.65%  |   56    |    76    | 71%  |   2604   |   0    | 168.96MB  
 00:00:32 | WARNING! Aborting CBS - could not obtain an initial solution for the following agents: Agent25(72->62)
 00:00:33 | WARNING! Aborting CBS - could not obtain an initial solution for the following agents: Agent19(34->33)
 00:00:33 | WARNING! Aborting CBS - could not obtain an initial solution for the following agents: Agent19(34->33)
 00:00:33 | WARNING! Aborting CBS - could not obtain an initial solution for the following agents: Agent19(34->33)
 00:00:33 | WARNING! Aborting CBS - could not obtain an initial solution for the following agents: Agent19(34->33)
 00:00:35 | 00:01:26 | 0.00:08:38 |  28.83%  |   107   |   152    | 71%  |   4811   |   0    | 171.05MB  
 00:00:40 | 00:01:36 | 0.00:08:49 |  29.40%  |   109   |   154    | 71%  |   4896   |   0    | 178.09MB  
 00:00:45 | 00:01:16 | 0.00:11:08 |  37.16%  |   137   |   193    | 72%  |   6386   |   0    | 181.70MB  
 00:00:47 | WARNING! Aborting CBS - could not obtain an initial solution for the following agents: Agent7(54->53)
 00:00:48 | WARNING! Aborting CBS - could not obtain an initial solution for the following agents: Agent7(54->53)
 00:00:48 | WARNING! Aborting CBS - could not obtain an initial solution for the following agents: Agent7(54->53)
 00:00:48 | WARNING! Aborting CBS - could not obtain an initial solution for the following agents: Agent7(54->53)
 00:00:48 | WARNING! Aborting CBS - could not obtain an initial solution for the following agents: Agent7(54->53)
 00:00:48 | WARNING! Aborting CBS - could not obtain an initial solution for the following agents: Agent7(54->53)
 00:00:48 | WARNING! Aborting CBS - could not obtain an initial solution for the following agents: Agent7(54->53)
 00:00:48 | WARNING! Aborting CBS - could not obtain an initial solution for the following agents: Agent7(54->53)
 00:00:48 | WARNING! Aborting CBS - could not obtain an initial solution for the following agents: Agent7(54->53)
 00:00:50 | 00:00:52 | 0.00:14:41 |  48.95%  |   182   |   258    | 72%  |   8614   |   0    | 184.59MB  
 00:00:55 | 00:00:31 | 0.00:19:08 |  63.80%  |   236   |   344    | 73%  |  11203   |   0    | 187.12MB  
 00:00:55 | WARNING! Aborting CBS - could not obtain an initial solution for the following agents: Agent8(4->3)
 00:00:55 | WARNING! Aborting CBS - could not obtain an initial solution for the following agents: Agent8(4->3)
 00:00:55 | WARNING! Aborting CBS - could not obtain an initial solution for the following agents: Agent8(4->3)
 00:00:55 | WARNING! Aborting CBS - could not obtain an initial solution for the following agents: Agent8(4->3)
 00:00:59 | WARNING! Aborting CBS - could not obtain an initial solution for the following agents: Agent4(74->73)
 00:00:59 | WARNING! Aborting CBS - could not obtain an initial solution for the following agents: Agent4(74->73)
 00:00:59 | WARNING! Aborting CBS - could not obtain an initial solution for the following agents: Agent4(74->73)
 00:00:59 | WARNING! Aborting CBS - could not obtain an initial solution for the following agents: Agent4(74->73)
 00:00:59 | WARNING! Aborting CBS - could not obtain an initial solution for the following agents: Agent4(74->73)
 00:00:59 | WARNING! Aborting CBS - could not obtain an initial solution for the following agents: Agent4(74->73)
 00:00:59 | WARNING! Aborting CBS - could not obtain an initial solution for the following agents: Agent4(74->73)
 00:01:00 | 00:00:16 | 0.00:23:26 |  78.15%  |   286   |   421    | 74%  |  14014   |   0    | 188.02MB  
 00:01:00 | WARNING! Aborting CBS - could not obtain an initial solution for the following agents: Agent0(34->33)
 00:01:00 | WARNING! Aborting CBS - could not obtain an initial solution for the following agents: Agent0(34->33)
 00:01:00 | WARNING! Aborting CBS - could not obtain an initial solution for the following agents: Agent0(34->33)
 00:01:00 | WARNING! Aborting CBS - could not obtain an initial solution for the following agents: Agent0(34->33)
 00:01:00 | WARNING! Aborting CBS - could not obtain an initial solution for the following agents: Agent0(34->33)
 00:01:00 | WARNING! Aborting CBS - could not obtain an initial solution for the following agents: Agent0(34->33)
 00:01:00 | WARNING! Aborting CBS - could not obtain an initial solution for the following agents: Agent0(34->33)
 00:01:00 | WARNING! Aborting CBS - could not obtain an initial solution for the following agents: Agent0(34->33)
 00:01:05 | 00:00:07 | 0.00:27:00 |  90.03%  |   327   |   488    | 74%  |  16291   |   0    | 188.17MB  
 00:01:10 | 00:00:00 | 0.00:29:56 |  99.82%  |   362   |   548    | 75%  |  18149   |   0    | 191.57MB  
 00:01:10 | 00:00:00 | 0.00:30:00 | 100.00%  |   363   |   548    | 75%  |  18182   |   0    | 190.47MB  
 00:01:10 | >>> Simulation finished - writing results ...
 00:01:11 | >>> Results written
Simulation finished.
>>> Timings
StatTimingPathPlanningAverage: 0.05032143978702805
StatTimingPathPlanningOverall: 51.98204729999998
StatTimingPathPlanningCount: 1033
StatTimingTaskAllocationAverage: 0.022605864999999985
StatTimingTaskAllocationOverall: 15.37198819999999
StatTimingTaskAllocationCount: 680
StatTimingItemStorageAverage: 4.999919093851146E-05
StatTimingItemStorageOverall: 0.030899500000000083
StatTimingItemStorageCount: 618
StatTimingPodStorageAverage: 0.021096270370370367
StatTimingPodStorageOverall: 4.556794399999999
StatTimingPodStorageCount: 216
StatTimingReplenishmentBatchingAverage: 3.122424242424242E-05
StatTimingReplenishmentBatchingOverall: 0.020607999999999998
StatTimingReplenishmentBatchingCount: 660
StatTimingOrderBatchingAverage: 0.0002261586633663367
StatTimingOrderBatchingOverall: 0.2741043000000001
StatTimingOrderBatchingCount: 1212
>>> Overall
StatOverallBundlesPlaced: 635
StatOverallItemsOrdered: 619
StatOverallOrdersPlaced: 379
StatOverallBundlesRejected: 0
StatOverallOrdersRejected: 0
StatOverallBundlesHandled: 548
StatOverallItemsHandled: 571
StatOverallLinesHandled: 548
StatOverallOrdersHandled: 363
StatOverallCollisions: 0
StatOverallDistanceTraveled: 18182.33253281676
StatOverallDistanceEstimated: 16869
StatOverallAssignedTasks: 680
StatMaxMemoryUsed: 190.46875
StatRealTimeUsed: 70.4049176
StatAverageTurnoverTime: 548.6066953352579
StatMedianTurnoverTime: 415.4356190513586
StatLowerQuartileTurnoverTime: 202.82916708653272
StatUpperQuartileTurnoverTime: 755.7470800274004
StatAverageThroughputTime: 82.80082348676166
StatMedianThroughputTime: 51.839631449914805
StatLowerQuartileThroughputTime: 30.26666666666688
StatUpperQuartileThroughputTime: 123.73502929330996
>>> Energy (Rizqi model)
StatEnergyTotalKJ: 2212.5165629375815
StatEnergyE1AccelKJ: 780.8153982419506
StatEnergyE2DecelKJ: 0
StatEnergyE3CruiseKJ: 608.6537911584137
StatEnergyE4RotationKJ: 255.69453210853564
StatEnergyE5LiftLowerKJ: 567.3528414286812
StatEnergyPerOrderKJ: 6.095086950241272
StatEnergyPerMeterJoule: 120.90254442281866
StatEnergyIdleKJ: 2015.9668869350842
StatEnergyTotalWithIdleKJ: 4228.483449872665
StatEnergyPerOrderWithIdleKJ: 11.648714737941226
StatDistanceTraveledRizqiM: 18300
>>> Motion Behavior
StatTurningCount: 2300
StatStopAndGoCount: 2833
StatLoadedDistanceM: 12646
StatLoadedTurningCount: 1758
StatLoadedStopAndGoCount: 2220
StatEmptyTurningCount: 542
StatEmptyStopAndGoCount: 613
StatWaitTimeSec: 18175.5402401528
StatPathPlanningTimeouts: 16
StatMoveEnergyEmptyKJ: 81.11550000000003
StatMoveTimeEmptySec: 7070.203827837624
StatTurnEnergyEmptyKJ: 10.257915227940277
StatTurnTimeEmptySec: 554.0700739475162
StatMoveEnergyLoadedKJ: 1308.3536894003641
StatMoveTimeLoadedSec: 18668.581018469802
StatTurnEnergyLoadedKJ: 245.4366168805953
StatTurnTimeLoadedSec: 1791.4570030897764
StatPrefEmptyW: 11.984539958165225
StatPrefLoadedW: 75.94268909195901

Marked tag finished after 1 tries!
.Fin. - SUCCESS
