<<< Welcome to the RAWSimO CLI >>>
The time is: 04/17/2026 04:07:53
Starting RAWSimO wrapper with the following arguments:
Instance: Material/Instances/CoreBenchmark/aesop.xlayo
Setting: Material/Instances/CoreBenchmark/test-short.xsett
ControlConfig: Material/Instances/CoreBenchmark/aesop-ecbs.xconf
StatisticsDir: output_compare/stat10v2/
Seed: 9
Adding handler for unhandled exceptions ...
Initializing ... 
LayoutConfiguration recognized!
Parsing setting config ...
Parsing control config ...
Parsing layout config ...
Generating instance...
Info about all directions within the generated instance:
# # # # # e p e p p p p p p p p p p p p p p p p p e p p p p p p p p p p p p p p p p p e p p p p p p p p p e s # # # # # 
# # # # # n q ^ + + + + + + + + v + + + + + + + + ^ + + + + + + + + v + + + + + + + + ^ + + + + + + + + q d q # # # # # 
# # # # # b p b + + + + + + + + v + + + + + + + + ^ + + + + + + + + v + + + + + + + + ^ + + + + + + + + v b s # # # # # 
s w w w w d q d < < < < < < < < q < < < < < < < < d < < < < < < < < q < < < < < < < < d < < < < < < < < q d q w w w w w 
p e e e s b p b + + + + + + + + v + + + + + + + + ^ + + + + + + + + v + + + + + + + + ^ + + + + + + + + v b p e e e e n 
s w w w w d q ^ + + + + + + + + v + + + + + + + + ^ + + + + + + + + v + + + + + + + + ^ + + + + + + + + q d q n w w w d 
e e e e e b p b > > > > > > > > p > > > > > > > > b > > > > > > > > p > > > > > > > > b > > > > > > > > p b p e e e e n 
# # # # # n q ^ + + + + + + + + v + + + + + + + + ^ + + + + + + + + v + + + + + + + + ^ + + + + + + + + q d q # # # # # 
# # # # # b p b + + + + + + + + v + + + + + + + + ^ + + + + + + + + v + + + + + + + + ^ + + + + + + + + v b s # # # # # 
s w w w w d q d < < < < < < < < q < < < < < < < < d < < < < < < < < q < < < < < < < < d < < < < < < < < q d q w w w w w 
p e e e s b p b + + + + + + + + v + + + + + + + + ^ + + + + + + + + v + + + + + + + + ^ + + + + + + + + v b p e e e e n 
s w w w w d q ^ + + + + + + + + v + + + + + + + + ^ + + + + + + + + v + + + + + + + + ^ + + + + + + + + q d q n w w w d 
e e e e e b p b > > > > > > > > p > > > > > > > > b > > > > > > > > p > > > > > > > > b > > > > > > > > p b p e e e e n 
# # # # # n q ^ + + + + + + + + v + + + + + + + + ^ + + + + + + + + v + + + + + + + + ^ + + + + + + + + q d q # # # # # 
# # # # # b p b + + + + + + + + v + + + + + + + + ^ + + + + + + + + v + + + + + + + + ^ + + + + + + + + v b s # # # # # 
s w w w w d q d < < < < < < < < q < < < < < < < < d < < < < < < < < q < < < < < < < < d < < < < < < < < q d q w w w w w 
p e e e s b p b + + + + + + + + v + + + + + + + + ^ + + + + + + + + v + + + + + + + + ^ + + + + + + + + v b p e e e e n 
s w w w w d q ^ + + + + + + + + v + + + + + + + + ^ + + + + + + + + v + + + + + + + + ^ + + + + + + + + q d q n w w w d 
e e e e e b p b > > > > > > > > p > > > > > > > > b > > > > > > > > p > > > > > > > > b > > > > > > > > p b p e e e e n 
# # # # # n q ^ + + + + + + + + v + + + + + + + + ^ + + + + + + + + v + + + + + + + + ^ + + + + + + + + q d q # # # # # 
# # # # # b p b + + + + + + + + v + + + + + + + + ^ + + + + + + + + v + + + + + + + + ^ + + + + + + + + v b s # # # # # 
s w w w w d q d < < < < < < < < q < < < < < < < < d < < < < < < < < q < < < < < < < < d < < < < < < < < q d q w w w w w 
p e e e s b p b + + + + + + + + v + + + + + + + + ^ + + + + + + + + v + + + + + + + + ^ + + + + + + + + v b p e e e e n 
s w w w w d q ^ + + + + + + + + v + + + + + + + + ^ + + + + + + + + v + + + + + + + + ^ + + + + + + + + q d q n w w w d 
e e e e e b p b > > > > > > > > p > > > > > > > > b > > > > > > > > p > > > > > > > > b > > > > > > > > p b p e e e e n 
# # # # # n q ^ + + + + + + + + v + + + + + + + + ^ + + + + + + + + v + + + + + + + + ^ + + + + + + + + q d q # # # # # 
# # # # # b p b + + + + + + + + v + + + + + + + + ^ + + + + + + + + v + + + + + + + + ^ + + + + + + + + v b s # # # # # 
# # # # # n q d < < < < < < < < q < < < < < < < < d < < < < < < < < q < < < < < < < < d < < < < < < < < q d q # # # # # 
# # # # # b p b + + + + + + + + v + + + + + + + + ^ + + + + + + + + v + + + + + + + + ^ + + + + + + + + v b s # # # # # 
# # # # # n q ^ + + + + + + + + v + + + + + + + + ^ + + + + + + + + v + + + + + + + + ^ + + + + + + + + q d q # # # # # 
# # # # # b p b > > > > > > > > p > > > > > > > > b > > > > > > > > p > > > > > > > > b > > > > > > > > p b s # # # # # 
# # # # # n q ^ + + + + + + + + v + + + + + + + + ^ + + + + + + + + v + + + + + + + + ^ + + + + + + + + q d q # # # # # 
# # # # # b p b + + + + + + + + v + + + + + + + + ^ + + + + + + + + v + + + + + + + + ^ + + + + + + + + v b s # # # # # 
# # # # # n w d d d d d d d d d w d d d d d d d d d d d d d d d d d w d d d d d d d d d d d d d d d d d w d w # # # # # 


Info about all types within the generated instance:
# # # # # r r r r r r r r r r r r r r r r r r r r r r r r r r r r r r r r r r r r r r r r r r r r r r r r r r # # # # # 
# # # # # r r r s s s s s s s s r s s s s s s s s r s s s s s s s s r s s s s s s s s r s s s s s s s s r r r # # # # # 
# # # # # r r r s s s s s s s s r s s s s s s s s r s s s s s s s s r s s s s s s s s r s s s s s s s s r r r # # # # # 
b b b b b r r r r r r r r r r r r r r r r r r r r r r r r r r r r r r r r r r r r r r r r r r r r r r r r r r b b b b o 
b b b b b r r r s s s s s s s s r s s s s s s s s r s s s s s s s s r s s s s s s s s r s s s s s s s s r r r b b b b b 
b b b b b r r r s s s s s s s s r s s s s s s s s r s s s s s s s s r s s s s s s s s r s s s s s s s s r r r b b b b b 
i b b b b r r r r r r r r r r r r r r r r r r r r r r r r r r r r r r r r r r r r r r r r r r r r r r r r r r b b b b b 
# # # # # r r r s s s s s s s s r s s s s s s s s r s s s s s s s s r s s s s s s s s r s s s s s s s s r r r # # # # # 
# # # # # r r r s s s s s s s s r s s s s s s s s r s s s s s s s s r s s s s s s s s r s s s s s s s s r r r # # # # # 
b b b b b r r r r r r r r r r r r r r r r r r r r r r r r r r r r r r r r r r r r r r r r r r r r r r r r r r b b b b o 
b b b b b r r r s s s s s s s s r s s s s s s s s r s s s s s s s s r s s s s s s s s r s s s s s s s s r r r b b b b b 
b b b b b r r r s s s s s s s s r s s s s s s s s r s s s s s s s s r s s s s s s s s r s s s s s s s s r r r b b b b b 
i b b b b r r r r r r r r r r r r r r r r r r r r r r r r r r r r r r r r r r r r r r r r r r r r r r r r r r b b b b b 
# # # # # r r r s s s s s s s s r s s s s s s s s r s s s s s s s s r s s s s s s s s r s s s s s s s s r r r # # # # # 
# # # # # r r r s s s s s s s s r s s s s s s s s r s s s s s s s s r s s s s s s s s r s s s s s s s s r r r # # # # # 
b b b b b r r r r r r r r r r r r r r r r r r r r r r r r r r r r r r r r r r r r r r r r r r r r r r r r r r b b b b o 
b b b b b r r r s s s s s s s s r s s s s s s s s r s s s s s s s s r s s s s s s s s r s s s s s s s s r r r b b b b b 
b b b b b r r r s s s s s s s s r s s s s s s s s r s s s s s s s s r s s s s s s s s r s s s s s s s s r r r b b b b b 
i b b b b r r r r r r r r r r r r r r r r r r r r r r r r r r r r r r r r r r r r r r r r r r r r r r r r r r b b b b b 
# # # # # r r r s s s s s s s s r s s s s s s s s r s s s s s s s s r s s s s s s s s r s s s s s s s s r r r # # # # # 
# # # # # r r r s s s s s s s s r s s s s s s s s r s s s s s s s s r s s s s s s s s r s s s s s s s s r r r # # # # # 
b b b b b r r r r r r r r r r r r r r r r r r r r r r r r r r r r r r r r r r r r r r r r r r r r r r r r r r b b b b o 
b b b b b r r r s s s s s s s s r s s s s s s s s r s s s s s s s s r s s s s s s s s r s s s s s s s s r r r b b b b b 
b b b b b r r r s s s s s s s s r s s s s s s s s r s s s s s s s s r s s s s s s s s r s s s s s s s s r r r b b b b b 
i b b b b r r r r r r r r r r r r r r r r r r r r r r r r r r r r r r r r r r r r r r r r r r r r r r r r r r b b b b b 
# # # # # r r r s s s s s s s s r s s s s s s s s r s s s s s s s s r s s s s s s s s r s s s s s s s s r r r # # # # # 
# # # # # r r r s s s s s s s s r s s s s s s s s r s s s s s s s s r s s s s s s s s r s s s s s s s s r r r # # # # # 
# # # # # r r r r r r r r r r r r r r r r r r r r r r r r r r r r r r r r r r r r r r r r r r r r r r r r r r # # # # # 
# # # # # r r r s s s s s s s s r s s s s s s s s r s s s s s s s s r s s s s s s s s r s s s s s s s s r r r # # # # # 
# # # # # r r r s s s s s s s s r s s s s s s s s r s s s s s s s s r s s s s s s s s r s s s s s s s s r r r # # # # # 
# # # # # r r r r r r r r r r r r r r r r r r r r r r r r r r r r r r r r r r r r r r r r r r r r r r r r r r # # # # # 
# # # # # r r r s s s s s s s s r s s s s s s s s r s s s s s s s s r s s s s s s s s r s s s s s s s s r r r # # # # # 
# # # # # r r r s s s s s s s s r s s s s s s s s r s s s s s s s s r s s s s s s s s r s s s s s s s s r r r # # # # # 
# # # # # r r r r r r r r r r r r r r r r r r r r r r r r r r r r r r r r r r r r r r r r r r r r r r r r r r # # # # # 


[EnergyConsumption] Configured from LayoutConfiguration: RobotMass=100 kg, PodFrameMass=300 kg
StatisticsFolder: aesop-aesop-aesop-ecbs-9
Done!
Executing ... 
 04:07:55 | >>> Warming up ...
 00:00:00 | >>> Warmup finished - starting simulation ...
 Realtime |   ETA    |  Sim.Time  | Progress | #Orders | #Bundles | Inv. | Distance | #Coll. |   Memory    
 00:00:00 |   n/a    | 0.00:00:00 |  0.00%   |    0    |    0     | 70%  |    0     |   0    | 152.13MB  
 00:00:04 | ECBS timeout #1 fallback=bestLB SolutionCost=76376.31 generated=160
 00:00:04 | WARNING! Aborting ECBS - could not obtain an initial solution for the following agents: Agent10(13->2)
 00:00:04 | WARNING! Aborting ECBS - could not obtain an initial solution for the following agents: Agent10(13->2)
 00:00:05 | 00:02:31 | 0.00:00:57 |  3.21%   |    0    |    0     | 70%  |   784    |   0    | 159.61MB  
 00:00:05 | WARNING! Aborting ECBS - could not obtain an initial solution for the following agents: Agent8(11->1)
 00:00:05 | WARNING! Aborting ECBS - could not obtain an initial solution for the following agents: Agent8(11->1)
 00:00:05 | WARNING! Aborting ECBS - could not obtain an initial solution for the following agents: Agent8(11->1)
 00:00:05 | WARNING! Aborting ECBS - could not obtain an initial solution for the following agents: Agent8(11->1)
 00:00:05 | WARNING! Aborting ECBS - could not obtain an initial solution for the following agents: Agent8(11->2)
 00:00:05 | WARNING! Aborting ECBS - could not obtain an initial solution for the following agents: Agent8(11->2)
 00:00:05 | WARNING! Aborting ECBS - could not obtain an initial solution for the following agents: Agent8(11->3)
 00:00:05 | WARNING! Aborting ECBS - could not obtain an initial solution for the following agents: Agent8(11->3)
 00:00:05 | WARNING! Aborting ECBS - could not obtain an initial solution for the following agents: Agent6(62->61)
 00:00:05 | WARNING! Aborting ECBS - could not obtain an initial solution for the following agents: Agent19(32->30)
 00:00:05 | WARNING! Aborting ECBS - could not obtain an initial solution for the following agents: Agent19(32->30)
 00:00:09 | ECBS RandomHop mutated 1/14 agent paths (cumulative=1)
 00:00:09 | ECBS RandomHop mutated 1/14 agent paths (cumulative=2)
 00:00:09 | ECBS RandomHop mutated 1/13 agent paths (cumulative=3)
 00:00:09 | ECBS RandomHop mutated 1/14 agent paths (cumulative=4)
 00:00:09 | ECBS RandomHop mutated 1/13 agent paths (cumulative=5)
 00:00:09 | ECBS RandomHop mutated 1/13 agent paths (cumulative=6)
 00:00:09 | ECBS RandomHop mutated 1/13 agent paths (cumulative=7)
 00:00:09 | ECBS RandomHop mutated 1/12 agent paths (cumulative=8)
 00:00:09 | ECBS RandomHop mutated 1/13 agent paths (cumulative=9)
 00:00:09 | ECBS RandomHop mutated 1/12 agent paths (cumulative=10)
 00:00:09 | ECBS RandomHop mutated 1/11 agent paths (cumulative=11)
 00:00:09 | ECBS RandomHop mutated 1/12 agent paths (cumulative=12)
 00:00:09 | ECBS RandomHop mutated 1/13 agent paths (cumulative=13)
 00:00:09 | ECBS RandomHop mutated 1/13 agent paths (cumulative=14)
 00:00:09 | ECBS RandomHop mutated 1/14 agent paths (cumulative=15)
 00:00:09 | ECBS RandomHop mutated 1/13 agent paths (cumulative=16)
 00:00:09 | ECBS RandomHop mutated 1/10 agent paths (cumulative=17)
 00:00:09 | ECBS RandomHop mutated 1/9 agent paths (cumulative=18)
 00:00:09 | ECBS RandomHop mutated 1/10 agent paths (cumulative=19)
 00:00:09 | ECBS RandomHop mutated 2/9 agent paths (cumulative=21)
 00:00:09 | ECBS RandomHop mutated 2/9 agent paths (cumulative=23)
 00:00:09 | ECBS RandomHop mutated 1/8 agent paths (cumulative=24)
 00:00:09 | ECBS RandomHop mutated 1/8 agent paths (cumulative=25)
 00:00:09 | ECBS RandomHop mutated 1/7 agent paths (cumulative=26)
 00:00:09 | ECBS RandomHop mutated 1/8 agent paths (cumulative=27)
 00:00:10 | 00:00:26 | 0.00:08:14 |  27.49%  |   101   |   141    | 71%  |   4584   |   0    | 159.59MB  
 00:00:15 | 00:00:13 | 0.00:15:58 |  53.27%  |   200   |   284    | 72%  |   9157   |   0    | 160.88MB  
 00:00:18 | WARNING! Aborting ECBS - could not obtain an initial solution for the following agents: Agent10(12->11)
 00:00:20 | 00:00:06 | 0.00:23:04 |  76.90%  |   278   |   420    | 73%  |  13224   |   0    | 164.74MB  
 00:00:25 | 00:00:00 | 0.00:29:59 |  99.98%  |   352   |   544    | 75%  |  17876   |   0    | 170.42MB  
 00:00:25 | 00:00:00 | 0.00:30:00 | 100.00%  |   352   |   544    | 75%  |  17879   |   0    | 171.39MB  
 00:00:25 | >>> Simulation finished - writing results ...
 00:00:25 | >>> Results written
Simulation finished.
>>> Timings
StatTimingPathPlanningAverage: 0.013221363366336636
StatTimingPathPlanningOverall: 14.688934700000003
StatTimingPathPlanningCount: 1111
StatTimingTaskAllocationAverage: 0.013156777434312216
StatTimingTaskAllocationOverall: 8.512435000000004
StatTimingTaskAllocationCount: 647
StatTimingItemStorageAverage: 1.0538741721854317E-05
StatTimingItemStorageOverall: 0.006365400000000007
StatTimingItemStorageCount: 604
StatTimingPodStorageAverage: 0.01066070137614678
StatTimingPodStorageOverall: 2.324032899999998
StatTimingPodStorageCount: 218
StatTimingReplenishmentBatchingAverage: 2.3552552552552518E-05
StatTimingReplenishmentBatchingOverall: 0.015685999999999978
StatTimingReplenishmentBatchingCount: 666
StatTimingOrderBatchingAverage: 0.00012751290591174027
StatTimingOrderBatchingOverall: 0.15314300000000006
StatTimingOrderBatchingCount: 1201
>>> Overall
StatOverallBundlesPlaced: 631
StatOverallItemsOrdered: 594
StatOverallOrdersPlaced: 368
StatOverallBundlesRejected: 0
StatOverallOrdersRejected: 0
StatOverallBundlesHandled: 544
StatOverallItemsHandled: 555
StatOverallLinesHandled: 528
StatOverallOrdersHandled: 352
StatOverallCollisions: 0
StatOverallDistanceTraveled: 17878.954820151746
StatOverallDistanceEstimated: 16310
StatOverallAssignedTasks: 647
StatMaxMemoryUsed: 171.38671875
StatRealTimeUsed: 25.0390063
StatAverageTurnoverTime: 522.5009834206958
StatMedianTurnoverTime: 400.08597797289474
StatLowerQuartileTurnoverTime: 198.90323833136245
StatUpperQuartileTurnoverTime: 694.882994745926
StatAverageThroughputTime: 84.62559309819905
StatMedianThroughputTime: 65.85083585661505
StatLowerQuartileThroughputTime: 30.93555555555531
StatUpperQuartileThroughputTime: 125.48242030156644
>>> Energy (Rizqi model)
StatEnergyTotalKJ: 2191.5760290299627
StatEnergyE1AccelKJ: 798.5781178586975
StatEnergyE2DecelKJ: 0
StatEnergyE3CruiseKJ: 557.5216392992287
StatEnergyE4RotationKJ: 267.5907211548027
StatEnergyE5LiftLowerKJ: 567.8855507172344
StatEnergyPerOrderKJ: 6.226068264289666
StatEnergyPerMeterJoule: 122.14100367998454
StatDistanceTraveledRizqiM: 17943
>>> Motion Behavior
StatTurningCount: 2403
StatStopAndGoCount: 2932
StatLoadedDistanceM: 12464
StatLoadedTurningCount: 1817
StatWaitTimeSec: 17902.985949702714
StatMoveEnergyEmptyKJ: 77.883625
StatMoveTimeEmptySec: 7030.328329485766
StatTurnEnergyEmptyKJ: 11.208722324517206
StatTurnTimeEmptySec: 611.8322624881796
StatMoveEnergyLoadedKJ: 1278.2161321579265
StatMoveTimeLoadedSec: 18842.923683146855
StatTurnEnergyLoadedKJ: 256.3819988302854
StatTurnTimeLoadedSec: 1859.9770256996733
StatPrefEmptyW: 11.65800512201811
StatPrefLoadedW: 74.12478823957575

Marked tag finished after 1 tries!
.Fin. - SUCCESS
