<<< Welcome to the RAWSimO CLI >>>
The time is: 04/13/2026 23:57:32
Starting RAWSimO wrapper with the following arguments:
Instance: Material/Instances/PP/1-4-4-32-550.xinst
Setting: Material/Instances/PP/PPMinimal.xsett
ControlConfig: Material/Instances/PP/aesop-cbs.xconf
StatisticsDir: C:\Users\Aesop\Desktop\rawsim-o-rmfs-world-models\output_exp\cbs\seed_5
Seed: 5
Adding handler for unhandled exceptions ...
Initializing ... 
Instance recognized!
Parsing setting config ...
Parsing control config ...
Parsing instance ...
StatisticsFolder: 1-4-4-32-550-PPMinimal-aesop-cbs-5
Done!
Executing ... 
 23:57:34 | >>> Warming up ...
 00:00:00 | >>> Warmup finished - starting simulation ...
 Realtime |   ETA    |  Sim.Time  | Progress | #Orders | #Bundles | Inv. | Distance | #Coll. |   Memory    
 00:00:00 |   n/a    | 0.00:00:00 |  0.00%   |    0    |    0     | 60%  |    0     |   0    | 123.25MB  
 00:00:05 | 04:59:31 | 0.00:00:08 |  0.03%   |    0    |    0     | 60%  |   153    |   0    | 132.40MB  
 00:00:10 | 02:15:15 | 0.00:00:35 |  0.12%   |    0    |    0     | 60%  |   821    |   0    | 144.32MB  
 00:00:15 | 02:51:26 | 0.00:00:41 |  0.15%   |    0    |    0     | 60%  |   949    |   0    | 151.91MB  
 00:00:20 | 03:13:05 | 0.00:00:49 |  0.17%   |    2    |    0     | 60%  |   1123   |   0    | 156.25MB  
 00:00:25 | 03:38:33 | 0.00:00:54 |  0.19%   |    2    |    0     | 60%  |   1223   |   0    | 160.78MB  
 00:00:27 | WARNING! Aborting CBS - could not obtain an initial solution for the following agents: Agent8(41->32)
 00:00:27 | WARNING! Aborting CBS - could not obtain an initial solution for the following agents: Agent8(41->32)
 00:00:27 | WARNING! Aborting CBS - could not obtain an initial solution for the following agents: Agent8(41->34)
 00:00:29 | WARNING! Aborting CBS - could not obtain an initial solution for the following agents: Agent9(57->56)
 00:00:29 | WARNING! Aborting CBS - could not obtain an initial solution for the following agents: Agent9(57->56)
 00:00:29 | WARNING! Aborting CBS - could not obtain an initial solution for the following agents: Agent9(57->56)
 00:00:30 | 01:02:12 | 0.00:03:49 |  0.80%   |   70    |    61    | 60%  |   2491   |   0    | 159.31MB  
 00:00:34 | WARNING! Aborting CBS - could not obtain an initial solution for the following agents: Agent19(9->8)
 00:00:35 | 00:26:14 | 0.00:10:26 |  2.17%   |   225   |   216    | 60%  |   5113   |   0    | 160.32MB  
 00:00:40 | 00:16:56 | 0.00:18:10 |  3.79%   |   408   |   396    | 60%  |   8660   |   0    | 161.46MB  
 00:00:41 | WARNING! Aborting CBS - could not obtain an initial solution for the following agents: Agent24(24->23)
 00:00:41 | WARNING! Aborting CBS - could not obtain an initial solution for the following agents: Agent24(24->23)
 00:00:42 | WARNING! Aborting CBS - could not obtain an initial solution for the following agents: Agent7(57->50)
 00:00:42 | WARNING! Aborting CBS - could not obtain an initial solution for the following agents: Agent7(57->50)
 00:00:44 | WARNING! Aborting CBS - could not obtain an initial solution for the following agents: Agent28(41->40)
 00:00:44 | WARNING! Aborting CBS - could not obtain an initial solution for the following agents: Agent28(41->40)
 00:00:44 | WARNING! Aborting CBS - could not obtain an initial solution for the following agents: Agent28(41->40)
 00:00:45 | 00:12:06 | 0.00:28:01 |  5.84%   |   638   |   627    | 60%  |  13075   |   0    | 162.93MB  
 00:00:47 | WARNING! Aborting CBS - could not obtain an initial solution for the following agents: Agent25(3->2)
 00:00:47 | WARNING! Aborting CBS - could not obtain an initial solution for the following agents: Agent25(3->2)
 00:00:48 | WARNING! Aborting CBS - could not obtain an initial solution for the following agents: Agent21(41->40)
 00:00:49 | WARNING! Aborting CBS - could not obtain an initial solution for the following agents: Agent24(26->18)
 00:00:49 | WARNING! Aborting CBS - could not obtain an initial solution for the following agents: Agent27(2->1)
 00:00:50 | 00:09:47 | 0.00:37:37 |  7.84%   |   861   |   852    | 60%  |  17649   |   0    | 162.97MB  
 00:00:50 | WARNING! Aborting CBS - could not obtain an initial solution for the following agents: Agent30(40->39)
 00:00:52 | WARNING! Aborting CBS - could not obtain an initial solution for the following agents: Agent21(41->40)
 00:00:52 | WARNING! Aborting CBS - could not obtain an initial solution for the following agents: Agent21(41->40)
 00:00:53 | WARNING! Aborting CBS - could not obtain an initial solution for the following agents: Agent16(57->56)
 00:00:55 | 00:08:27 | 0.00:46:58 |  9.79%   |  1080   |   1071   | 60%  |  22277   |   0    | 163.81MB  
 00:01:00 | 00:07:36 | 0.00:55:46 |  11.62%  |  1286   |   1276   | 60%  |  26984   |   0    | 163.23MB  
 00:01:01 | WARNING! Aborting CBS - could not obtain an initial solution for the following agents: Agent5(57->56)
 00:01:05 | 00:06:45 | 0.01:06:18 |  13.82%  |  1532   |   1523   | 60%  |  32754   |   0    | 164.62MB  
 00:01:07 | WARNING! Aborting CBS - could not obtain an initial solution for the following agents: Agent21(42->41)
 00:01:08 | WARNING! Aborting CBS - could not obtain an initial solution for the following agents: Agent21(41->40)
 00:01:08 | WARNING! Aborting CBS - could not obtain an initial solution for the following agents: Agent21(41->40)
 00:01:10 | 00:06:26 | 0.01:13:32 |  15.32%  |  1698   |   1693   | 60%  |  37435   |   0    | 163.61MB  
 00:01:10 | WARNING! Aborting CBS - could not obtain an initial solution for the following agents: Agent2(25->24)
 00:01:10 | WARNING! Aborting CBS - could not obtain an initial solution for the following agents: Agent27(9->8)
 00:01:10 | WARNING! Aborting CBS - could not obtain an initial solution for the following agents: Agent27(9->8)
 00:01:10 | WARNING! Aborting CBS - could not obtain an initial solution for the following agents: Agent21(41->40)
 00:01:10 | WARNING! Aborting CBS - could not obtain an initial solution for the following agents: Agent21(41->40)
 00:01:11 | WARNING! Aborting CBS - could not obtain an initial solution for the following agents: Agent25(8->7)
 00:01:11 | WARNING! Aborting CBS - could not obtain an initial solution for the following agents: Agent25(8->7)
 00:01:12 | WARNING! Aborting CBS - could not obtain an initial solution for the following agents: Agent27(9->8)
 00:01:14 | WARNING! Aborting CBS - could not obtain an initial solution for the following agents: Agent27(3->1)
 00:01:14 | WARNING! Aborting CBS - could not obtain an initial solution for the following agents: Agent27(3->2)
 00:01:15 | 00:05:57 | 0.01:23:13 |  17.34%  |  1929   |   1919   | 60%  |  42523   |   0    | 163.98MB  
 00:01:15 | WARNING! Aborting CBS - could not obtain an initial solution for the following agents: Agent28(35->33)
 00:01:15 | WARNING! Aborting CBS - could not obtain an initial solution for the following agents: Agent28(35->33)
 00:01:15 | WARNING! Aborting CBS - could not obtain an initial solution for the following agents: Agent28(35->33)
 00:01:15 | WARNING! Aborting CBS - could not obtain an initial solution for the following agents: Agent28(35->34)
 00:01:19 | WARNING! Aborting CBS - could not obtain an initial solution for the following agents: Agent2(26->18)
 00:01:19 | WARNING! Aborting CBS - could not obtain an initial solution for the following agents: Agent2(26->18)
 00:01:19 | WARNING! Aborting CBS - could not obtain an initial solution for the following agents: Agent2(26->18)
 00:01:20 | 00:05:46 | 0.01:30:01 |  18.76%  |  2082   |   2079   | 60%  |  46353   |   0    | 169.08MB  
 00:01:20 | WARNING! Aborting CBS - could not obtain an initial solution for the following agents: Agent25(8->7)
 00:01:23 | WARNING! Aborting CBS - could not obtain an initial solution for the following agents: Agent4(9->8)
 00:01:23 | WARNING! Aborting CBS - could not obtain an initial solution for the following agents: Agent5(56->55)
 00:01:25 | 00:05:35 | 0.01:36:58 |  20.20%  |  2244   |   2242   | 60%  |  50160   |   0    | 165.29MB  
 00:01:27 | WARNING! Aborting CBS - could not obtain an initial solution for the following agents: Agent0(25->24)
 00:01:30 | 00:05:08 | 0.01:48:22 |  22.58%  |  2514   |   2508   | 60%  |  56572   |   0    | 165.58MB  
 00:01:32 | WARNING! Aborting CBS - could not obtain an initial solution for the following agents: Agent26(25->24)
 00:01:35 | 00:04:46 | 0.01:59:30 |  24.90%  |  2772   |   2769   | 60%  |  62434   |   0    | 164.94MB  
 00:01:35 | WARNING! Aborting CBS - could not obtain an initial solution for the following agents: Agent26(25->18)
 00:01:40 | 00:04:32 | 0.02:08:57 |  26.87%  |  2992   |   2990   | 60%  |  67666   |   0    | 165.58MB  
 00:01:42 | WARNING! Aborting CBS - could not obtain an initial solution for the following agents: Agent27(9->8)
 00:01:45 | 00:04:20 | 0.02:17:50 |  28.72%  |  3200   |   3198   | 60%  |  72440   |   0    | 166.98MB  
 00:01:47 | WARNING! Aborting CBS - could not obtain an initial solution for the following agents: Agent29(57->56)
 00:01:47 | WARNING! Aborting CBS - could not obtain an initial solution for the following agents: Agent10(41->33)
 00:01:47 | WARNING! Aborting CBS - could not obtain an initial solution for the following agents: Agent10(41->34)
 00:01:47 | WARNING! Aborting CBS - could not obtain an initial solution for the following agents: Agent10(41->34)
 00:01:50 | 00:04:16 | 0.02:24:02 |  30.01%  |  3342   |   3344   | 60%  |  76218   |   0    | 167.94MB  
 00:01:53 | WARNING! Aborting CBS - could not obtain an initial solution for the following agents: Agent10(40->39)
 00:01:53 | WARNING! Aborting CBS - could not obtain an initial solution for the following agents: Agent16(57->56)
 00:01:54 | WARNING! Aborting CBS - could not obtain an initial solution for the following agents: Agent27(3->2)
 00:01:55 | 00:04:00 | 0.02:35:15 |  32.35%  |  3602   |   3607   | 60%  |  82331   |   0    | 168.36MB  
 00:01:55 | WARNING! Aborting CBS - could not obtain an initial solution for the following agents: Agent14(9->8)
 00:01:59 | WARNING! Aborting CBS - could not obtain an initial solution for the following agents: Agent28(41->40)
 00:02:00 | 00:03:49 | 0.02:45:02 |  34.38%  |  3831   |   3836   | 60%  |  87666   |   0    | 166.59MB  
 00:02:05 | 00:03:34 | 0.02:56:41 |  36.81%  |  4101   |   4110   | 60%  |  93595   |   0    | 167.73MB  
 00:02:08 | WARNING! Aborting CBS - could not obtain an initial solution for the following agents: Agent2(24->23)
 00:02:10 | 00:03:25 | 0.03:06:08 |  38.78%  |  4320   |   4330   | 60%  |  98871   |   0    | 167.04MB  
 00:02:15 | 00:03:15 | 0.03:15:56 |  40.82%  |  4548   |   4560   | 60%  |  104311  |   0    | 167.16MB  
 00:02:19 | WARNING! Aborting CBS - could not obtain an initial solution for the following agents: Agent19(9->8)
 00:02:19 | WARNING! Aborting CBS - could not obtain an initial solution for the following agents: Agent19(9->8)
 00:02:19 | WARNING! Aborting CBS - could not obtain an initial solution for the following agents: Agent19(9->8)
 00:02:20 | 00:03:05 | 0.03:26:24 |  43.00%  |  4793   |   4806   | 60%  |  109669  |   0    | 167.48MB  
 00:02:23 | WARNING! Aborting CBS - could not obtain an initial solution for the following agents: Agent1(8->2)
 00:02:24 | WARNING! Aborting CBS - could not obtain an initial solution for the following agents: Agent0(26->24)
 00:02:24 | WARNING! Aborting CBS - could not obtain an initial solution for the following agents: Agent26(25->24)
 00:02:25 | 00:02:57 | 0.03:35:41 |  44.94%  |  5005   |   5024   | 60%  |  114685  |   0    | 167.19MB  
 00:02:25 | WARNING! Aborting CBS - could not obtain an initial solution for the following agents: Agent14(9->8)
 00:02:25 | WARNING! Aborting CBS - could not obtain an initial solution for the following agents: Agent14(9->8)
 00:02:25 | WARNING! Aborting CBS - could not obtain an initial solution for the following agents: Agent24(24->23)
 00:02:25 | WARNING! Aborting CBS - could not obtain an initial solution for the following agents: Agent24(24->23)
 00:02:27 | WARNING! Aborting CBS - could not obtain an initial solution for the following agents: Agent0(27->26)
 00:02:28 | WARNING! Aborting CBS - could not obtain an initial solution for the following agents: Agent28(40->34)
 00:02:30 | 00:02:50 | 0.03:44:57 |  46.87%  |  5221   |   5242   | 60%  |  119583  |   0    | 167.92MB  
 00:02:30 | WARNING! Aborting CBS - could not obtain an initial solution for the following agents: Agent5(56->55)
 00:02:30 | WARNING! Aborting CBS - could not obtain an initial solution for the following agents: Agent5(56->55)
 00:02:34 | WARNING! Aborting CBS - could not obtain an initial solution for the following agents: Agent1(8->1)
 00:02:34 | WARNING! Aborting CBS - could not obtain an initial solution for the following agents: Agent1(8->2)
 00:02:34 | WARNING! Aborting CBS - could not obtain an initial solution for the following agents: Agent8(41->40)
 00:02:34 | WARNING! Aborting CBS - could not obtain an initial solution for the following agents: Agent8(41->40)
 00:02:35 | 00:02:46 | 0.03:51:44 |  48.28%  |  5376   |   5399   | 60%  |  123307  |   0    | 169.00MB  
 00:02:35 | WARNING! Aborting CBS - could not obtain an initial solution for the following agents: Agent21(40->39)
 00:02:40 | 00:02:45 | 0.03:55:38 |  49.09%  |  5465   |   5492   | 60%  |  125632  |   0    | 168.50MB  
 00:02:43 | WARNING! Aborting CBS - could not obtain an initial solution for the following agents: Agent19(8->6)
 00:02:43 | WARNING! Aborting CBS - could not obtain an initial solution for the following agents: Agent19(8->6)
 00:02:43 | WARNING! Aborting CBS - could not obtain an initial solution for the following agents: Agent19(8->7)
 00:02:43 | WARNING! Aborting CBS - could not obtain an initial solution for the following agents: Agent19(8->7)
 00:02:44 | WARNING! Aborting CBS - could not obtain an initial solution for the following agents: Agent28(41->40)
 00:02:45 | 00:02:41 | 0.04:02:50 |  50.59%  |  5634   |   5659   | 60%  |  129966  |   0    | 167.88MB  
 00:02:48 | WARNING! Aborting CBS - could not obtain an initial solution for the following agents: Agent28(41->40)
 00:02:49 | WARNING! Aborting CBS - could not obtain an initial solution for the following agents: Agent11(25->24)
 00:02:50 | 00:02:33 | 0.04:12:21 |  52.57%  |  5859   |   5883   | 60%  |  135109  |   0    | 167.48MB  
 00:02:50 | WARNING! Aborting CBS - could not obtain an initial solution for the following agents: Agent7(58->57)
 00:02:53 | WARNING! Aborting CBS - could not obtain an initial solution for the following agents: Agent2(25->24)
 00:02:55 | 00:02:23 | 0.04:23:33 |  54.91%  |  6122   |   6145   | 60%  |  141148  |   0    | 168.38MB  
 00:02:56 | WARNING! Aborting CBS - could not obtain an initial solution for the following agents: Agent24(25->24)
 00:02:57 | WARNING! Aborting CBS - could not obtain an initial solution for the following agents: Agent28(40->34)
 00:02:58 | WARNING! Aborting CBS - could not obtain an initial solution for the following agents: Agent7(57->56)
 00:03:00 | 00:02:16 | 0.04:32:54 |  56.86%  |  6343   |   6365   | 60%  |  146447  |   0    | 168.28MB  
 00:03:02 | WARNING! Aborting CBS - could not obtain an initial solution for the following agents: Agent19(9->8)
 00:03:02 | WARNING! Aborting CBS - could not obtain an initial solution for the following agents: Agent19(9->8)
 00:03:04 | WARNING! Aborting CBS - could not obtain an initial solution for the following agents: Agent30(41->40)
 00:03:04 | WARNING! Aborting CBS - could not obtain an initial solution for the following agents: Agent30(41->40)
 00:03:04 | WARNING! Aborting CBS - could not obtain an initial solution for the following agents: Agent4(9->8)
 00:03:05 | 00:02:10 | 0.04:41:32 |  58.65%  |  6542   |   6566   | 60%  |  151659  |   0    | 168.00MB  
 00:03:09 | WARNING! Aborting CBS - could not obtain an initial solution for the following agents: Agent24(24->23)
 00:03:10 | 00:02:06 | 0.04:48:32 |  60.11%  |  6707   |   6731   | 60%  |  155081  |   0    | 170.70MB  
 00:03:12 | WARNING! Aborting CBS - could not obtain an initial solution for the following agents: Agent11(25->24)
 00:03:12 | WARNING! Aborting CBS - could not obtain an initial solution for the following agents: Agent11(25->24)
 00:03:12 | WARNING! Aborting CBS - could not obtain an initial solution for the following agents: Agent11(25->24)
 00:03:12 | WARNING! Aborting CBS - could not obtain an initial solution for the following agents: Agent29(57->56)
 00:03:15 | 00:01:57 | 0.04:59:46 |  62.45%  |  6968   |   6994   | 60%  |  161033  |   0    | 167.98MB  
 00:03:20 | 00:01:52 | 0.05:06:46 |  63.91%  |  7133   |   7157   | 60%  |  164906  |   0    | 169.56MB  
 00:03:21 | WARNING! Aborting CBS - could not obtain an initial solution for the following agents: Agent25(9->2)
 00:03:21 | WARNING! Aborting CBS - could not obtain an initial solution for the following agents: Agent25(9->1)
 00:03:21 | WARNING! Aborting CBS - could not obtain an initial solution for the following agents: Agent25(9->1)
 00:03:21 | WARNING! Aborting CBS - could not obtain an initial solution for the following agents: Agent25(9->2)
 00:03:21 | WARNING! Aborting CBS - could not obtain an initial solution for the following agents: Agent25(9->3)
 00:03:23 | WARNING! Aborting CBS - could not obtain an initial solution for the following agents: Agent1(8->1)
 00:03:23 | WARNING! Aborting CBS - could not obtain an initial solution for the following agents: Agent1(8->1)
 00:03:23 | WARNING! Aborting CBS - could not obtain an initial solution for the following agents: Agent1(8->2)
 00:03:24 | WARNING! Aborting CBS - could not obtain an initial solution for the following agents: Agent14(9->8)
 00:03:24 | WARNING! Aborting CBS - could not obtain an initial solution for the following agents: Agent1(3->1)
 00:03:25 | 00:01:46 | 0.05:16:23 |  65.92%  |  7358   |   7382   | 60%  |  169936  |   0    | 167.77MB  
 00:03:27 | WARNING! Aborting CBS - could not obtain an initial solution for the following agents: Agent26(25->24)
 00:03:27 | WARNING! Aborting CBS - could not obtain an initial solution for the following agents: Agent26(25->24)
 00:03:30 | 00:01:39 | 0.05:25:23 |  67.79%  |  7565   |   7593   | 60%  |  174828  |   0    | 167.59MB  
 00:03:30 | WARNING! Aborting CBS - could not obtain an initial solution for the following agents: Agent26(25->24)
 00:03:31 | WARNING! Aborting CBS - could not obtain an initial solution for the following agents: Agent27(9->8)
 00:03:33 | WARNING! Aborting CBS - could not obtain an initial solution for the following agents: Agent21(43->42)
 00:03:33 | WARNING! Aborting CBS - could not obtain an initial solution for the following agents: Agent21(43->42)
 00:03:33 | WARNING! Aborting CBS - could not obtain an initial solution for the following agents: Agent21(43->42)
 00:03:33 | WARNING! Aborting CBS - could not obtain an initial solution for the following agents: Agent25(2->1)
 00:03:33 | WARNING! Aborting CBS - could not obtain an initial solution for the following agents: Agent25(2->1)
 00:03:35 | 00:01:31 | 0.05:36:51 |  70.18%  |  7830   |   7862   | 60%  |  181128  |   0    | 167.52MB  
 00:03:37 | WARNING! Aborting CBS - could not obtain an initial solution for the following agents: Agent2(25->24)
 00:03:40 | 00:01:22 | 0.05:49:39 |  72.85%  |  8127   |   8162   | 60%  |  187526  |   0    | 167.21MB  
 00:03:42 | WARNING! Aborting CBS - could not obtain an initial solution for the following agents: Agent21(41->40),Agent24(25->24)
 00:03:45 | 00:01:15 | 0.05:59:59 |  75.00%  |  8367   |   8406   | 60%  |  192869  |   0    | 168.00MB  
 00:03:47 | WARNING! Aborting CBS - could not obtain an initial solution for the following agents: Agent30(41->40)
 00:03:47 | WARNING! Aborting CBS - could not obtain an initial solution for the following agents: Agent30(41->40)
 00:03:50 | 00:01:06 | 0.06:12:49 |  77.67%  |  8665   |   8704   | 60%  |  199911  |   0    | 168.44MB  
 00:03:51 | WARNING! Aborting CBS - could not obtain an initial solution for the following agents: Agent16(57->56)
 00:03:51 | WARNING! Aborting CBS - could not obtain an initial solution for the following agents: Agent16(57->56)
 00:03:53 | WARNING! Aborting CBS - could not obtain an initial solution for the following agents: Agent28(41->40)
 00:03:53 | WARNING! Aborting CBS - could not obtain an initial solution for the following agents: Agent28(41->40)
 00:03:53 | WARNING! Aborting CBS - could not obtain an initial solution for the following agents: Agent0(25->24)
 00:03:53 | WARNING! Aborting CBS - could not obtain an initial solution for the following agents: Agent0(25->24)
 00:03:55 | 00:01:00 | 0.06:21:34 |  79.49%  |  8870   |   8910   | 60%  |  204306  |   0    | 168.23MB  
 00:03:55 | WARNING! Aborting CBS - could not obtain an initial solution for the following agents: Agent10(35->33)
 00:03:55 | WARNING! Aborting CBS - could not obtain an initial solution for the following agents: Agent10(35->33)
 00:03:55 | WARNING! Aborting CBS - could not obtain an initial solution for the following agents: Agent10(35->33)
 00:03:55 | WARNING! Aborting CBS - could not obtain an initial solution for the following agents: Agent10(35->34)
 00:03:55 | WARNING! Aborting CBS - could not obtain an initial solution for the following agents: Agent10(35->34)
 00:03:56 | WARNING! Aborting CBS - could not obtain an initial solution for the following agents: Agent26(25->24)
 00:04:00 | 00:00:53 | 0.06:32:28 |  81.76%  |  9121   |   9165   | 60%  |  210066  |   0    | 168.00MB  
 00:04:02 | WARNING! Aborting CBS - could not obtain an initial solution for the following agents: Agent26(25->24)
 00:04:03 | WARNING! Aborting CBS - could not obtain an initial solution for the following agents: Agent19(3->1)
 00:04:03 | WARNING! Aborting CBS - could not obtain an initial solution for the following agents: Agent19(3->1)
 00:04:03 | WARNING! Aborting CBS - could not obtain an initial solution for the following agents: Agent19(3->1)
 00:04:03 | WARNING! Aborting CBS - could not obtain an initial solution for the following agents: Agent19(3->1)
 00:04:05 | 00:00:46 | 0.06:43:43 |  84.11%  |  9384   |   9428   | 60%  |  216222  |   0    | 167.92MB  
 00:04:06 | WARNING! Aborting CBS - could not obtain an initial solution for the following agents: Agent8(41->40)
 00:04:06 | WARNING! Aborting CBS - could not obtain an initial solution for the following agents: Agent8(41->40)
 00:04:07 | WARNING! Aborting CBS - could not obtain an initial solution for the following agents: Agent2(19->17)
 00:04:07 | WARNING! Aborting CBS - could not obtain an initial solution for the following agents: Agent2(19->18)
 00:04:07 | WARNING! Aborting CBS - could not obtain an initial solution for the following agents: Agent2(19->18)
 00:04:10 | 00:00:40 | 0.06:52:51 |  86.01%  |  9597   |   9643   | 60%  |  221103  |   0    | 169.39MB  
 00:04:11 | WARNING! Aborting CBS - could not obtain an initial solution for the following agents: Agent29(1094->1104)
 00:04:15 | 00:00:34 | 0.07:03:20 |  88.20%  |  9843   |   9889   | 60%  |  226944  |   0    | 169.16MB  
 00:04:20 | 00:00:28 | 0.07:13:15 |  90.26%  |  10072  |  10122   | 60%  |  232391  |   0    | 168.95MB  
 00:04:21 | WARNING! Aborting CBS - could not obtain an initial solution for the following agents: Agent11(25->24)
 00:04:21 | WARNING! Aborting CBS - could not obtain an initial solution for the following agents: Agent11(25->24)
 00:04:21 | WARNING! Aborting CBS - could not obtain an initial solution for the following agents: Agent11(25->18)
 00:04:22 | WARNING! Aborting CBS - could not obtain an initial solution for the following agents: Agent14(9->8)
 00:04:23 | WARNING! Aborting CBS - could not obtain an initial solution for the following agents: Agent4(2->1)
 00:04:23 | WARNING! Aborting CBS - could not obtain an initial solution for the following agents: Agent4(2->1)
 00:04:23 | WARNING! Aborting CBS - could not obtain an initial solution for the following agents: Agent4(2->1)
 00:04:23 | WARNING! Aborting CBS - could not obtain an initial solution for the following agents: Agent4(2->1)
 00:04:23 | WARNING! Aborting CBS - could not obtain an initial solution for the following agents: Agent19(3->2)
 00:04:25 | 00:00:22 | 0.07:22:54 |  92.27%  |  10295  |  10347   | 60%  |  237413  |   0    | 169.47MB  
 00:04:28 | WARNING! Aborting CBS - could not obtain an initial solution for the following agents: Agent4(8->1)
 00:04:30 | 00:00:16 | 0.07:31:54 |  94.15%  |  10502  |  10558   | 60%  |  242485  |   0    | 169.67MB  
 00:04:31 | WARNING! Aborting CBS - could not obtain an initial solution for the following agents: Agent26(25->24)
 00:04:31 | WARNING! Aborting CBS - could not obtain an initial solution for the following agents: Agent1(9->2)
 00:04:31 | WARNING! Aborting CBS - could not obtain an initial solution for the following agents: Agent1(9->2)
 00:04:31 | WARNING! Aborting CBS - could not obtain an initial solution for the following agents: Agent5(57->56)
 00:04:31 | WARNING! Aborting CBS - could not obtain an initial solution for the following agents: Agent5(57->56)
 00:04:31 | WARNING! Aborting CBS - could not obtain an initial solution for the following agents: Agent5(57->56)
 00:04:34 | WARNING! Aborting CBS - could not obtain an initial solution for the following agents: Agent5(56->54)
 00:04:34 | WARNING! Aborting CBS - could not obtain an initial solution for the following agents: Agent5(56->54)
 00:04:34 | WARNING! Aborting CBS - could not obtain an initial solution for the following agents: Agent5(56->54)
 00:04:35 | 00:00:09 | 0.07:43:27 |  96.55%  |  10772  |  10830   | 60%  |  248568  |   0    | 169.02MB  
 00:04:40 | 00:00:04 | 0.07:52:32 |  98.45%  |  10986  |  11042   | 60%  |  253872  |   0    | 168.95MB  
 00:04:40 | WARNING! Aborting CBS - could not obtain an initial solution for the following agents: Agent26(19->17)
 00:04:40 | WARNING! Aborting CBS - could not obtain an initial solution for the following agents: Agent26(19->17)
 00:04:40 | WARNING! Aborting CBS - could not obtain an initial solution for the following agents: Agent26(19->18)
 00:04:40 | WARNING! Aborting CBS - could not obtain an initial solution for the following agents: Agent26(19->18)
 00:04:42 | 00:00:00 | 0.08:00:00 | 100.00%  |  11161  |  11217   | 60%  |  257719  |   0    | 169.14MB  
 00:04:42 | >>> Simulation finished - writing results ...
 00:04:42 | >>> Results written
Simulation finished.
>>> Timings
StatTimingPathPlanningAverage: 0.01413202985785039
StatTimingPathPlanningOverall: 219.71066820000001
StatTimingPathPlanningCount: 15547
StatTimingTaskAllocationAverage: 0.001439313205207689
StatTimingTaskAllocationOverall: 23.216122000000023
StatTimingTaskAllocationCount: 16130
StatTimingItemStorageAverage: 3.6563641319161884E-06
StatTimingItemStorageOverall: 0.040245600000001484
StatTimingItemStorageCount: 11007
StatTimingPodStorageAverage: 0.0019729220183486284
StatTimingPodStorageOverall: 6.0213580000000135
StatTimingPodStorageCount: 3052
StatTimingReplenishmentBatchingAverage: 8.640573075618876E-06
StatTimingReplenishmentBatchingOverall: 0.10192420000000026
StatTimingReplenishmentBatchingCount: 11796
StatTimingOrderBatchingAverage: 0.00011269192157123039
StatTimingOrderBatchingOverall: 3.3967599000000264
StatTimingOrderBatchingCount: 30142
>>> Overall
StatOverallBundlesPlaced: 15164
StatOverallItemsOrdered: 11207
StatOverallOrdersPlaced: 11207
StatOverallBundlesRejected: 0
StatOverallOrdersRejected: 0
StatOverallBundlesHandled: 11217
StatOverallItemsHandled: 11165
StatOverallLinesHandled: 11165
StatOverallOrdersHandled: 11161
StatOverallCollisions: 0
StatOverallDistanceTraveled: 257718.65180468222
StatOverallDistanceEstimated: 238179
StatOverallAssignedTasks: 16130
StatMaxMemoryUsed: 170.703125
StatRealTimeUsed: 282.374491
StatAverageTurnoverTime: 366.9953894429929
StatMedianTurnoverTime: 215.79158806454961
StatLowerQuartileTurnoverTime: 121.76750759463357
StatUpperQuartileTurnoverTime: 483.45483160458025
StatAverageThroughputTime: 114.17176897742483
StatMedianThroughputTime: 118.75981641535327
StatLowerQuartileThroughputTime: 80.75074394183139
StatUpperQuartileThroughputTime: 141.93511987837155
>>> Energy (Rizqi model)
StatEnergyTotalKJ: 19204.13319562464
StatEnergyE1AccelKJ: 5371.809357249978
StatEnergyE2DecelKJ: 0
StatEnergyE3CruiseKJ: 9744.670670000003
StatEnergyE4RotationKJ: 3261.6061861523494
StatEnergyE5LiftLowerKJ: 826.0469822222227
StatEnergyPerOrderKJ: 1.7206462857830516
StatEnergyPerMeterJoule: 74.48572546136162
StatDistanceTraveledRizqiM: 257823
>>> Motion Behavior
StatTurningCount: 32178
StatStopAndGoCount: 43839
StatLoadedDistanceM: 174192
StatLoadedTurningCount: 23617
StatWaitTimeSec: 376638.9372599938

Marked tag finished after 1 tries!
.Fin. - SUCCESS
