<<< Welcome to the RAWSimO CLI >>>
The time is: 04/13/2026 23:52:45
Starting RAWSimO wrapper with the following arguments:
Instance: Material/Instances/PP/1-4-4-32-550.xinst
Setting: Material/Instances/PP/PPMinimal.xsett
ControlConfig: Material/Instances/PP/aesop-cbs.xconf
StatisticsDir: C:\Users\Aesop\Desktop\rawsim-o-rmfs-world-models\output_exp\cbs\seed_2
Seed: 2
Adding handler for unhandled exceptions ...
Initializing ... 
Instance recognized!
Parsing setting config ...
Parsing control config ...
Parsing instance ...
StatisticsFolder: 1-4-4-32-550-PPMinimal-aesop-cbs-2
Done!
Executing ... 
 23:52:47 | >>> Warming up ...
 00:00:00 | >>> Warmup finished - starting simulation ...
 Realtime |   ETA    |  Sim.Time  | Progress | #Orders | #Bundles | Inv. | Distance | #Coll. |   Memory    
 00:00:00 |   n/a    | 0.00:00:00 |  0.00%   |    0    |    0     | 60%  |    0     |   0    | 123.32MB  
 00:00:05 | 04:59:14 | 0.00:00:08 |  0.03%   |    0    |    0     | 60%  |   153    |   0    | 132.42MB  
 00:00:10 | 02:15:22 | 0.00:00:35 |  0.12%   |    0    |    0     | 60%  |   821    |   0    | 144.04MB  
 00:00:15 | 02:51:28 | 0.00:00:41 |  0.15%   |    0    |    0     | 60%  |   949    |   0    | 151.00MB  
 00:00:20 | 03:09:10 | 0.00:00:50 |  0.18%   |    2    |    0     | 60%  |   1142   |   0    | 155.41MB  
 00:00:25 | 03:34:35 | 0.00:00:55 |  0.19%   |    3    |    0     | 60%  |   1240   |   0    | 159.00MB  
 00:00:30 | 03:57:01 | 0.00:01:00 |  0.21%   |    4    |    0     | 60%  |   1340   |   0    | 162.91MB  
 00:00:31 | WARNING! Aborting CBS - could not obtain an initial solution for the following agents: Agent8(41->32)
 00:00:32 | WARNING! Aborting CBS - could not obtain an initial solution for the following agents: Agent8(41->32)
 00:00:32 | WARNING! Aborting CBS - could not obtain an initial solution for the following agents: Agent8(41->34)
 00:00:33 | WARNING! Aborting CBS - could not obtain an initial solution for the following agents: Agent27(1->0)
 00:00:33 | WARNING! Aborting CBS - could not obtain an initial solution for the following agents: Agent27(1->0)
 00:00:35 | 01:54:18 | 0.00:02:26 |  0.51%   |   34    |    27    | 60%  |   2222   |   0    | 166.83MB  
 00:00:40 | 00:26:58 | 0.00:11:34 |  2.41%   |   251   |   243    | 60%  |   5738   |   0    | 166.40MB  
 00:00:45 | 00:17:35 | 0.00:19:38 |  4.09%   |   441   |   431    | 60%  |   9607   |   0    | 168.30MB  
 00:00:50 | 00:13:15 | 0.00:28:23 |  5.92%   |   649   |   636    | 60%  |  13413   |   0    | 170.20MB  
 00:00:53 | WARNING! Aborting CBS - could not obtain an initial solution for the following agents: Agent7(57->56)
 00:00:54 | WARNING! Aborting CBS - could not obtain an initial solution for the following agents: Agent27(9->2)
 00:00:55 | 00:10:54 | 0.00:37:11 |  7.75%   |   851   |   843    | 60%  |  17848   |   0    | 168.45MB  
 00:00:57 | WARNING! Aborting CBS - could not obtain an initial solution for the following agents: Agent1(2->1)
 00:00:58 | WARNING! Aborting CBS - could not obtain an initial solution for the following agents: Agent4(9->8)
 00:01:00 | 00:09:51 | 0.00:44:11 |  9.21%   |  1014   |   1006   | 60%  |  21718   |   0    | 168.03MB  
 00:01:05 | 00:08:45 | 0.00:52:53 |  11.02%  |  1219   |   1209   | 60%  |  26345   |   0    | 167.61MB  
 00:01:10 | 00:08:13 | 0.00:59:37 |  12.42%  |  1376   |   1367   | 60%  |  29939   |   0    | 168.29MB  
 00:01:15 | 00:07:34 | 0.01:07:59 |  14.16%  |  1571   |   1563   | 60%  |  34459   |   0    | 168.33MB  
 00:01:17 | WARNING! Aborting CBS - could not obtain an initial solution for the following agents: Agent24(25->24)
 00:01:17 | WARNING! Aborting CBS - could not obtain an initial solution for the following agents: Agent24(25->24)
 00:01:17 | WARNING! Aborting CBS - could not obtain an initial solution for the following agents: Agent24(25->24)
 00:01:18 | WARNING! Aborting CBS - could not obtain an initial solution for the following agents: Agent21(40->39)
 00:01:20 | 00:07:14 | 0.01:14:41 |  15.56%  |  1727   |   1721   | 60%  |  38214   |   0    | 168.20MB  
 00:01:20 | WARNING! Aborting CBS - could not obtain an initial solution for the following agents: Agent5(58->57)
 00:01:20 | WARNING! Aborting CBS - could not obtain an initial solution for the following agents: Agent5(58->57)
 00:01:20 | WARNING! Aborting CBS - could not obtain an initial solution for the following agents: Agent5(58->57)
 00:01:20 | WARNING! Aborting CBS - could not obtain an initial solution for the following agents: Agent29(57->56)
 00:01:20 | WARNING! Aborting CBS - could not obtain an initial solution for the following agents: Agent29(57->56)
 00:01:22 | WARNING! Aborting CBS - could not obtain an initial solution for the following agents: Agent9(57->56)
 00:01:24 | WARNING! Aborting CBS - could not obtain an initial solution for the following agents: Agent4(8->4)
 00:01:24 | WARNING! Aborting CBS - could not obtain an initial solution for the following agents: Agent4(8->4)
 00:01:24 | WARNING! Aborting CBS - could not obtain an initial solution for the following agents: Agent4(8->6)
 00:01:25 | 00:06:49 | 0.01:22:34 |  17.20%  |  1910   |   1904   | 60%  |  42599   |   0    | 169.54MB  
 00:01:25 | WARNING! Aborting CBS - could not obtain an initial solution for the following agents: Agent9(57->56)
 00:01:28 | WARNING! Aborting CBS - could not obtain an initial solution for the following agents: Agent19(9->8)
 00:01:28 | WARNING! Aborting CBS - could not obtain an initial solution for the following agents: Agent19(9->8)
 00:01:28 | WARNING! Aborting CBS - could not obtain an initial solution for the following agents: Agent19(9->2)
 00:01:28 | WARNING! Aborting CBS - could not obtain an initial solution for the following agents: Agent11(25->24)
 00:01:28 | WARNING! Aborting CBS - could not obtain an initial solution for the following agents: Agent11(25->24)
 00:01:30 | 00:06:18 | 0.01:32:14 |  19.22%  |  2136   |   2129   | 60%  |  47792   |   0    | 170.14MB  
 00:01:33 | WARNING! Aborting CBS - could not obtain an initial solution for the following agents: Agent26(25->24)
 00:01:33 | WARNING! Aborting CBS - could not obtain an initial solution for the following agents: Agent24(25->24)
 00:01:33 | WARNING! Aborting CBS - could not obtain an initial solution for the following agents: Agent24(25->24)
 00:01:35 | 00:05:51 | 0.01:42:05 |  21.27%  |  2367   |   2360   | 60%  |  52866   |   0    | 172.46MB  
 00:01:35 | WARNING! Aborting CBS - could not obtain an initial solution for the following agents: Agent1(9->8)
 00:01:36 | WARNING! Aborting CBS - could not obtain an initial solution for the following agents: Agent26(25->24)
 00:01:36 | WARNING! Aborting CBS - could not obtain an initial solution for the following agents: Agent26(25->24)
 00:01:38 | WARNING! Aborting CBS - could not obtain an initial solution for the following agents: Agent25(3->1)
 00:01:38 | WARNING! Aborting CBS - could not obtain an initial solution for the following agents: Agent25(3->2)
 00:01:40 | 00:05:24 | 0.01:53:02 |  23.55%  |  2622   |   2617   | 60%  |  58224   |   0    | 170.25MB  
 00:01:41 | WARNING! Aborting CBS - could not obtain an initial solution for the following agents: Agent7(57->56)
 00:01:43 | WARNING! Aborting CBS - could not obtain an initial solution for the following agents: Agent24(25->24)
 00:01:44 | WARNING! Aborting CBS - could not obtain an initial solution for the following agents: Agent16(57->56)
 00:01:45 | 00:05:07 | 0.02:02:11 |  25.46%  |  2835   |   2829   | 60%  |  63209   |   0    | 169.17MB  
 00:01:47 | WARNING! Aborting CBS - could not obtain an initial solution for the following agents: Agent29(56->50)
 00:01:47 | WARNING! Aborting CBS - could not obtain an initial solution for the following agents: Agent29(56->50)
 00:01:47 | WARNING! Aborting CBS - could not obtain an initial solution for the following agents: Agent26(24->17)
 00:01:47 | WARNING! Aborting CBS - could not obtain an initial solution for the following agents: Agent26(24->18)
 00:01:47 | WARNING! Aborting CBS - could not obtain an initial solution for the following agents: Agent26(24->18)
 00:01:50 | 00:05:00 | 0.02:08:46 |  26.83%  |  2989   |   2983   | 60%  |  67045   |   0    | 170.33MB  
 00:01:51 | WARNING! Aborting CBS - could not obtain an initial solution for the following agents: Agent29(57->56)
 00:01:51 | WARNING! Aborting CBS - could not obtain an initial solution for the following agents: Agent29(57->56)
 00:01:51 | WARNING! Aborting CBS - could not obtain an initial solution for the following agents: Agent29(57->56)
 00:01:51 | WARNING! Aborting CBS - could not obtain an initial solution for the following agents: Agent5(57->56)
 00:01:55 | 00:04:59 | 0.02:13:19 |  27.78%  |  3093   |   3087   | 60%  |  69690   |   0    | 169.83MB  
 00:01:55 | WARNING! Aborting CBS - could not obtain an initial solution for the following agents: Agent19(9->8)
 00:01:59 | WARNING! Aborting CBS - could not obtain an initial solution for the following agents: Agent28(42->34)
 00:01:59 | WARNING! Aborting CBS - could not obtain an initial solution for the following agents: Agent28(42->34)
 00:01:59 | WARNING! Aborting CBS - could not obtain an initial solution for the following agents: Agent28(42->34)
 00:02:00 | 00:04:42 | 0.02:23:08 |  29.82%  |  3321   |   3318   | 60%  |  75138   |   0    | 169.13MB  
 00:02:03 | WARNING! Aborting CBS - could not obtain an initial solution for the following agents: Agent27(9->8)
 00:02:03 | WARNING! Aborting CBS - could not obtain an initial solution for the following agents: Agent7(58->57)
 00:02:05 | 00:04:33 | 0.02:30:34 |  31.37%  |  3494   |   3493   | 60%  |  79209   |   0    | 171.47MB  
 00:02:05 | WARNING! Aborting CBS - could not obtain an initial solution for the following agents: Agent25(8->7)
 00:02:05 | WARNING! Aborting CBS - could not obtain an initial solution for the following agents: Agent25(8->7)
 00:02:05 | WARNING! Aborting CBS - could not obtain an initial solution for the following agents: Agent7(57->56)
 00:02:06 | WARNING! Aborting CBS - could not obtain an initial solution for the following agents: Agent27(9->2)
 00:02:09 | WARNING! Aborting CBS - could not obtain an initial solution for the following agents: Agent27(3->2)
 00:02:09 | WARNING! Aborting CBS - could not obtain an initial solution for the following agents: Agent27(3->2)
 00:02:10 | 00:04:25 | 0.02:37:52 |  32.89%  |  3659   |   3664   | 60%  |  83480   |   0    | 169.51MB  
 00:02:15 | 00:04:10 | 0.02:48:12 |  35.05%  |  3900   |   3905   | 60%  |  89135   |   0    | 170.51MB  
 00:02:17 | WARNING! Aborting CBS - could not obtain an initial solution for the following agents: Agent19(8->1)
 00:02:17 | WARNING! Aborting CBS - could not obtain an initial solution for the following agents: Agent19(8->2)
 00:02:18 | WARNING! Aborting CBS - could not obtain an initial solution for the following agents: Agent1(9->8)
 00:02:18 | WARNING! Aborting CBS - could not obtain an initial solution for the following agents: Agent1(9->8)
 00:02:18 | WARNING! Aborting CBS - could not obtain an initial solution for the following agents: Agent2(25->24)
 00:02:18 | WARNING! Aborting CBS - could not obtain an initial solution for the following agents: Agent2(25->24)
 00:02:20 | 00:04:01 | 0.02:56:18 |  36.73%  |  4092   |   4094   | 60%  |  93600   |   0    | 169.75MB  
 00:02:20 | WARNING! Aborting CBS - could not obtain an initial solution for the following agents: Agent9(56->55)
 00:02:21 | WARNING! Aborting CBS - could not obtain an initial solution for the following agents: Agent30(41->40)
 00:02:21 | WARNING! Aborting CBS - could not obtain an initial solution for the following agents: Agent30(41->40)
 00:02:21 | WARNING! Aborting CBS - could not obtain an initial solution for the following agents: Agent27(9->8)
 00:02:25 | 00:03:44 | 0.03:08:30 |  39.27%  |  4376   |   4381   | 60%  |  99994   |   0    | 170.42MB  
 00:02:29 | WARNING! Aborting CBS - could not obtain an initial solution for the following agents: Agent9(56->55)
 00:02:30 | 00:03:30 | 0.03:19:51 |  41.64%  |  4642   |   4648   | 60%  |  106098  |   0    | 170.53MB  
 00:02:35 | 00:03:19 | 0.03:29:43 |  43.69%  |  4871   |   4878   | 60%  |  111511  |   0    | 172.33MB  
 00:02:36 | WARNING! Aborting CBS - could not obtain an initial solution for the following agents: Agent10(41->40)
 00:02:36 | WARNING! Aborting CBS - could not obtain an initial solution for the following agents: Agent10(41->40)
 00:02:36 | WARNING! Aborting CBS - could not obtain an initial solution for the following agents: Agent5(57->50)
 00:02:36 | WARNING! Aborting CBS - could not obtain an initial solution for the following agents: Agent5(57->50)
 00:02:37 | WARNING! Aborting CBS - could not obtain an initial solution for the following agents: Agent4(3->2)
 00:02:40 | 00:03:06 | 0.03:41:53 |  46.23%  |  5157   |   5164   | 60%  |  118007  |   0    | 170.25MB  
 00:02:40 | WARNING! Aborting CBS - could not obtain an initial solution for the following agents: Agent21(41->39)
 00:02:40 | WARNING! Aborting CBS - could not obtain an initial solution for the following agents: Agent21(41->39)
 00:02:40 | WARNING! Aborting CBS - could not obtain an initial solution for the following agents: Agent21(41->40)
 00:02:42 | WARNING! Aborting CBS - could not obtain an initial solution for the following agents: Agent16(57->56)
 00:02:42 | WARNING! Aborting CBS - could not obtain an initial solution for the following agents: Agent16(57->56)
 00:02:43 | WARNING! Aborting CBS - could not obtain an initial solution for the following agents: Agent30(40->39)
 00:02:45 | 00:02:58 | 0.03:50:19 |  47.99%  |  5349   |   5362   | 60%  |  122964  |   0    | 170.78MB  
 00:02:50 | 00:02:55 | 0.03:55:54 |  49.15%  |  5479   |   5493   | 60%  |  126031  |   0    | 171.15MB  
 00:02:55 | 00:02:48 | 0.04:04:43 |  50.98%  |  5686   |   5700   | 60%  |  130897  |   0    | 170.65MB  
 00:02:58 | WARNING! Aborting CBS - could not obtain an initial solution for the following agents: Agent27(9->8)
 00:03:00 | 00:02:39 | 0.04:14:14 |  52.97%  |  5907   |   5922   | 60%  |  136374  |   0    | 170.62MB  
 00:03:04 | WARNING! Aborting CBS - could not obtain an initial solution for the following agents: Agent14(3->1)
 00:03:04 | WARNING! Aborting CBS - could not obtain an initial solution for the following agents: Agent14(3->1)
 00:03:04 | WARNING! Aborting CBS - could not obtain an initial solution for the following agents: Agent14(3->2)
 00:03:05 | 00:02:34 | 0.04:21:52 |  54.56%  |  6086   |   6101   | 60%  |  140395  |   0    | 172.28MB  
 00:03:07 | WARNING! Aborting CBS - could not obtain an initial solution for the following agents: Agent27(2->1)
 00:03:07 | WARNING! Aborting CBS - could not obtain an initial solution for the following agents: Agent27(2->1)
 00:03:10 | 00:02:25 | 0.04:31:47 |  56.62%  |  6318   |   6335   | 60%  |  145549  |   0    | 171.23MB  
 00:03:12 | WARNING! Aborting CBS - could not obtain an initial solution for the following agents: Agent4(9->8)
 00:03:15 | 00:02:17 | 0.04:41:07 |  58.57%  |  6535   |   6552   | 60%  |  150432  |   0    | 171.29MB  
 00:03:20 | 00:02:09 | 0.04:50:59 |  60.62%  |  6765   |   6783   | 60%  |  155663  |   0    | 171.12MB  
 00:03:20 | WARNING! Aborting CBS - could not obtain an initial solution for the following agents: Agent4(8->1)
 00:03:23 | WARNING! Aborting CBS - could not obtain an initial solution for the following agents: Agent7(51->49)
 00:03:25 | 00:02:01 | 0.05:01:18 |  62.77%  |  7000   |   7024   | 60%  |  161259  |   0    | 171.64MB  
 00:03:25 | WARNING! Aborting CBS - could not obtain an initial solution for the following agents: Agent30(43->42)
 00:03:25 | WARNING! Aborting CBS - could not obtain an initial solution for the following agents: Agent30(43->42)
 00:03:25 | WARNING! Aborting CBS - could not obtain an initial solution for the following agents: Agent30(43->42)
 00:03:25 | WARNING! Aborting CBS - could not obtain an initial solution for the following agents: Agent30(43->42)
 00:03:29 | WARNING! Aborting CBS - could not obtain an initial solution for the following agents: Agent0(26->25)
 00:03:30 | 00:01:53 | 0.05:11:13 |  64.84%  |  7231   |   7257   | 60%  |  166408  |   0    | 171.78MB  
 00:03:35 | 00:01:47 | 0.05:20:12 |  66.71%  |  7441   |   7469   | 60%  |  171625  |   0    | 170.43MB  
 00:03:37 | WARNING! Aborting CBS - could not obtain an initial solution for the following agents: Agent27(3->1)
 00:03:37 | WARNING! Aborting CBS - could not obtain an initial solution for the following agents: Agent27(3->2)
 00:03:37 | WARNING! Aborting CBS - could not obtain an initial solution for the following agents: Agent27(3->2)
 00:03:37 | WARNING! Aborting CBS - could not obtain an initial solution for the following agents: Agent27(3->2)
 00:03:38 | WARNING! Aborting CBS - could not obtain an initial solution for the following agents: Agent21(41->33)
 00:03:38 | WARNING! Aborting CBS - could not obtain an initial solution for the following agents: Agent21(41->33)
 00:03:38 | WARNING! Aborting CBS - could not obtain an initial solution for the following agents: Agent21(41->33)
 00:03:38 | WARNING! Aborting CBS - could not obtain an initial solution for the following agents: Agent21(41->34)
 00:03:39 | WARNING! Aborting CBS - could not obtain an initial solution for the following agents: Agent21(41->34)
 00:03:39 | WARNING! Aborting CBS - could not obtain an initial solution for the following agents: Agent21(41->35)
 00:03:39 | WARNING! Aborting CBS - could not obtain an initial solution for the following agents: Agent29(57->50)
 00:03:40 | 00:01:40 | 0.05:29:03 |  68.55%  |  7646   |   7676   | 60%  |  176643  |   0    | 170.66MB  
 00:03:43 | WARNING! Aborting CBS - could not obtain an initial solution for the following agents: Agent27(9->8)
 00:03:43 | WARNING! Aborting CBS - could not obtain an initial solution for the following agents: Agent27(9->8)
 00:03:43 | WARNING! Aborting CBS - could not obtain an initial solution for the following agents: Agent21(40->34)
 00:03:45 | 00:01:33 | 0.05:38:37 |  70.55%  |  7865   |   7900   | 60%  |  181546  |   0    | 170.64MB  
 00:03:45 | WARNING! Aborting CBS - could not obtain an initial solution for the following agents: Agent25(9->2)
 00:03:48 | WARNING! Aborting CBS - could not obtain an initial solution for the following agents: Agent30(41->40)
 00:03:48 | WARNING! Aborting CBS - could not obtain an initial solution for the following agents: Agent30(41->40)
 00:03:48 | WARNING! Aborting CBS - could not obtain an initial solution for the following agents: Agent30(41->40)
 00:03:50 | 00:01:25 | 0.05:49:25 |  72.80%  |  8115   |   8152   | 60%  |  187307  |   0    | 170.65MB  
 00:03:53 | WARNING! Aborting CBS - could not obtain an initial solution for the following agents: Agent2(25->24)
 00:03:54 | WARNING! Aborting CBS - could not obtain an initial solution for the following agents: Agent26(25->24)
 00:03:54 | WARNING! Aborting CBS - could not obtain an initial solution for the following agents: Agent26(25->24)
 00:03:54 | WARNING! Aborting CBS - could not obtain an initial solution for the following agents: Agent26(25->24)
 00:03:55 | 00:01:18 | 0.05:59:55 |  74.98%  |  8361   |   8399   | 60%  |  192895  |   0    | 171.49MB  
 00:03:55 | WARNING! Aborting CBS - could not obtain an initial solution for the following agents: Agent10(42->41)
 00:03:55 | WARNING! Aborting CBS - could not obtain an initial solution for the following agents: Agent10(42->41)
 00:03:55 | WARNING! Aborting CBS - could not obtain an initial solution for the following agents: Agent10(42->41)
 00:03:56 | WARNING! Aborting CBS - could not obtain an initial solution for the following agents: Agent7(57->56)
 00:03:56 | WARNING! Aborting CBS - could not obtain an initial solution for the following agents: Agent7(57->56)
 00:03:56 | WARNING! Aborting CBS - could not obtain an initial solution for the following agents: Agent7(57->56)
 00:04:00 | 00:01:10 | 0.06:10:35 |  77.21%  |  8608   |   8647   | 60%  |  198669  |   0    | 171.23MB  
 00:04:03 | WARNING! Aborting CBS - could not obtain an initial solution for the following agents: Agent1(9->8)
 00:04:03 | WARNING! Aborting CBS - could not obtain an initial solution for the following agents: Agent1(9->8)
 00:04:03 | WARNING! Aborting CBS - could not obtain an initial solution for the following agents: Agent1(9->8)
 00:04:05 | 00:01:05 | 0.06:19:02 |  78.97%  |  8807   |   8846   | 60%  |  203284  |   0    | 171.54MB  
 00:04:07 | WARNING! Aborting CBS - could not obtain an initial solution for the following agents: Agent26(26->25)
 00:04:07 | WARNING! Aborting CBS - could not obtain an initial solution for the following agents: Agent26(26->25)
 00:04:07 | WARNING! Aborting CBS - could not obtain an initial solution for the following agents: Agent1(3->1)
 00:04:07 | WARNING! Aborting CBS - could not obtain an initial solution for the following agents: Agent1(3->1)
 00:04:10 | 00:01:00 | 0.06:26:19 |  80.48%  |  8975   |   9015   | 60%  |  207642  |   0    | 171.68MB  
 00:04:10 | WARNING! Aborting CBS - could not obtain an initial solution for the following agents: Agent9(57->56)
 00:04:10 | WARNING! Aborting CBS - could not obtain an initial solution for the following agents: Agent9(57->56)
 00:04:14 | WARNING! Aborting CBS - could not obtain an initial solution for the following agents: Agent4(9->8)
 00:04:15 | 00:00:54 | 0.06:35:27 |  82.39%  |  9186   |   9230   | 60%  |  212567  |   0    | 171.84MB  
 00:04:20 | 00:00:47 | 0.06:45:51 |  84.55%  |  9429   |   9474   | 60%  |  218518  |   0    | 171.49MB  
 00:04:21 | WARNING! Aborting CBS - could not obtain an initial solution for the following agents: Agent27(9->2)
 00:04:23 | WARNING! Aborting CBS - could not obtain an initial solution for the following agents: Agent24(25->24)
 00:04:23 | WARNING! Aborting CBS - could not obtain an initial solution for the following agents: Agent24(25->24)
 00:04:23 | WARNING! Aborting CBS - could not obtain an initial solution for the following agents: Agent9(57->56)
 00:04:24 | WARNING! Aborting CBS - could not obtain an initial solution for the following agents: Agent19(2->1)
 00:04:25 | 00:00:39 | 0.06:57:39 |  87.01%  |  9704   |   9750   | 60%  |  224864  |   0    | 172.64MB  
 00:04:30 | 00:00:36 | 0.07:02:56 |  88.11%  |  9827   |   9874   | 60%  |  227786  |   0    | 173.80MB  
 00:04:30 | WARNING! Aborting CBS - could not obtain an initial solution for the following agents: Agent5(57->56)
 00:04:30 | WARNING! Aborting CBS - could not obtain an initial solution for the following agents: Agent5(57->56)
 00:04:35 | 00:00:31 | 0.07:11:18 |  89.85%  |  10020  |  10071   | 60%  |  232242  |   0    | 172.01MB  
 00:04:37 | WARNING! Aborting CBS - could not obtain an initial solution for the following agents: Agent25(8->1)
 00:04:37 | WARNING! Aborting CBS - could not obtain an initial solution for the following agents: Agent25(8->1)
 00:04:37 | WARNING! Aborting CBS - could not obtain an initial solution for the following agents: Agent25(8->2)
 00:04:37 | WARNING! Aborting CBS - could not obtain an initial solution for the following agents: Agent5(57->56)
 00:04:40 | 00:00:24 | 0.07:20:53 |  91.85%  |  10243  |  10295   | 60%  |  237742  |   0    | 172.18MB  
 00:04:44 | WARNING! Aborting CBS - could not obtain an initial solution for the following agents: Agent27(9->8)
 00:04:45 | 00:00:20 | 0.07:28:03 |  93.35%  |  10406  |  10462   | 60%  |  241665  |   0    | 171.74MB  
 00:04:45 | WARNING! Aborting CBS - could not obtain an initial solution for the following agents: Agent5(51->48)
 00:04:45 | WARNING! Aborting CBS - could not obtain an initial solution for the following agents: Agent5(51->48)
 00:04:45 | WARNING! Aborting CBS - could not obtain an initial solution for the following agents: Agent5(51->49)
 00:04:45 | WARNING! Aborting CBS - could not obtain an initial solution for the following agents: Agent5(51->49)
 00:04:45 | WARNING! Aborting CBS - could not obtain an initial solution for the following agents: Agent5(51->49)
 00:04:49 | WARNING! Aborting CBS - could not obtain an initial solution for the following agents: Agent25(3->2)
 00:04:50 | 00:00:13 | 0.07:38:26 |  95.51%  |  10650  |  10706   | 60%  |  247266  |   0    | 171.96MB  
 00:04:54 | WARNING! Aborting CBS - could not obtain an initial solution for the following agents: Agent0(25->24)
 00:04:54 | WARNING! Aborting CBS - could not obtain an initial solution for the following agents: Agent4(9->8)
 00:04:55 | 00:00:06 | 0.07:49:17 |  97.77%  |  10903  |  10960   | 60%  |  252860  |   0    | 172.11MB  
 00:04:55 | WARNING! Aborting CBS - could not obtain an initial solution for the following agents: Agent16(59->50)
 00:04:55 | WARNING! Aborting CBS - could not obtain an initial solution for the following agents: Agent16(59->50)
 00:04:55 | WARNING! Aborting CBS - could not obtain an initial solution for the following agents: Agent16(59->50)
 00:04:55 | WARNING! Aborting CBS - could not obtain an initial solution for the following agents: Agent16(59->50)
 00:05:00 | 00:00:01 | 0.07:57:57 |  99.57%  |  11105  |  11165   | 60%  |  257678  |   0    | 172.78MB  
 00:05:02 | WARNING! Aborting CBS - could not obtain an initial solution for the following agents: Agent21(41->40)
 00:05:02 | WARNING! Aborting CBS - could not obtain an initial solution for the following agents: Agent21(41->33)
 00:05:02 | WARNING! Aborting CBS - could not obtain an initial solution for the following agents: Agent21(41->33)
 00:05:02 | WARNING! Aborting CBS - could not obtain an initial solution for the following agents: Agent21(41->33)
 00:05:02 | WARNING! Aborting CBS - could not obtain an initial solution for the following agents: Agent21(41->34)
 00:05:02 | WARNING! Aborting CBS - could not obtain an initial solution for the following agents: Agent21(41->35)
 00:05:03 | WARNING! Aborting CBS - could not obtain an initial solution for the following agents: Agent26(19->17)
 00:05:03 | WARNING! Aborting CBS - could not obtain an initial solution for the following agents: Agent26(19->17)
 00:05:03 | WARNING! Aborting CBS - could not obtain an initial solution for the following agents: Agent26(19->17)
 00:05:03 | WARNING! Aborting CBS - could not obtain an initial solution for the following agents: Agent26(19->18)
 00:05:03 | WARNING! Aborting CBS - could not obtain an initial solution for the following agents: Agent26(19->18)
 00:05:03 | WARNING! Aborting CBS - could not obtain an initial solution for the following agents: Agent26(19->18)
 00:05:03 | WARNING! Aborting CBS - could not obtain an initial solution for the following agents: Agent24(19->18)
 00:05:03 | WARNING! Aborting CBS - could not obtain an initial solution for the following agents: Agent27(9->8)
 00:05:03 | 00:00:00 | 0.08:00:00 | 100.00%  |  11150  |  11211   | 60%  |  258868  |   0    | 172.79MB  
 00:05:03 | >>> Simulation finished - writing results ...
 00:05:03 | >>> Results written
Simulation finished.
>>> Timings
StatTimingPathPlanningAverage: 0.015199870889522012
StatTimingPathPlanningOverall: 240.0819607000002
StatTimingPathPlanningCount: 15795
StatTimingTaskAllocationAverage: 0.001542817763031951
StatTimingTaskAllocationOverall: 24.180582799999765
StatTimingTaskAllocationCount: 15673
StatTimingItemStorageAverage: 3.5366071428573126E-06
StatTimingItemStorageOverall: 0.03921390000000188
StatTimingItemStorageCount: 11088
StatTimingPodStorageAverage: 0.0020739745104438575
StatTimingPodStorageOverall: 6.354657899999979
StatTimingPodStorageCount: 3064
StatTimingReplenishmentBatchingAverage: 8.253924505692017E-06
StatTimingReplenishmentBatchingOverall: 0.09643059999999982
StatTimingReplenishmentBatchingCount: 11683
StatTimingOrderBatchingAverage: 0.00011536164194323054
StatTimingOrderBatchingOverall: 3.5073400000000383
StatTimingOrderBatchingCount: 30403
>>> Overall
StatOverallBundlesPlaced: 15192
StatOverallItemsOrdered: 11194
StatOverallOrdersPlaced: 11194
StatOverallBundlesRejected: 0
StatOverallOrdersRejected: 0
StatOverallBundlesHandled: 11211
StatOverallItemsHandled: 11154
StatOverallLinesHandled: 11154
StatOverallOrdersHandled: 11150
StatOverallCollisions: 0
StatOverallDistanceTraveled: 258868.3816529483
StatOverallDistanceEstimated: 238403
StatOverallAssignedTasks: 15673
StatMaxMemoryUsed: 174.5
StatRealTimeUsed: 303.4498336
StatAverageTurnoverTime: 367.8485341089252
StatMedianTurnoverTime: 220.13602531605284
StatLowerQuartileTurnoverTime: 122.59444844261816
StatUpperQuartileTurnoverTime: 496.1458526580809
StatAverageThroughputTime: 114.15438252904427
StatMedianThroughputTime: 117.16659871668708
StatLowerQuartileThroughputTime: 81.13509539831102
StatUpperQuartileThroughputTime: 141.8704401472387
>>> Energy (Rizqi model)
StatEnergyTotalKJ: 19279.8766598474
StatEnergyE1AccelKJ: 5435.767186499976
StatEnergyE2DecelKJ: 0
StatEnergyE3CruiseKJ: 9708.865880000005
StatEnergyE4RotationKJ: 3311.9278155695497
StatEnergyE5LiftLowerKJ: 823.315777777778
StatEnergyPerOrderKJ: 1.729136920165686
StatEnergyPerMeterJoule: 74.45520170169611
StatDistanceTraveledRizqiM: 258946
>>> Motion Behavior
StatTurningCount: 32668
StatStopAndGoCount: 44264
StatLoadedDistanceM: 174986
StatLoadedTurningCount: 24021
StatWaitTimeSec: 375969.2276277517

Marked tag finished after 1 tries!
.Fin. - SUCCESS
