<<< Welcome to the RAWSimO CLI >>>
The time is: 04/14/2026 00:17:03
Starting RAWSimO wrapper with the following arguments:
Instance: Material/Instances/PP/1-4-4-32-550.xinst
Setting: Material/Instances/PP/PPMinimal.xsett
ControlConfig: Material/Instances/PP/aesop-cbs.xconf
StatisticsDir: C:\Users\Aesop\Desktop\rawsim-o-rmfs-world-models\output_exp\cbs\seed_22
Seed: 22
Adding handler for unhandled exceptions ...
Initializing ... 
Instance recognized!
Parsing setting config ...
Parsing control config ...
Parsing instance ...
StatisticsFolder: 1-4-4-32-550-PPMinimal-aesop-cbs-22
Done!
Executing ... 
 00:17:05 | >>> Warming up ...
 00:00:00 | >>> Warmup finished - starting simulation ...
 Realtime |   ETA    |  Sim.Time  | Progress | #Orders | #Bundles | Inv. | Distance | #Coll. |   Memory    
 00:00:00 |   n/a    | 0.00:00:00 |  0.00%   |    0    |    0     | 60%  |    0     |   0    | 123.27MB  
 00:00:05 | 05:42:41 | 0.00:00:07 |  0.02%   |    0    |    0     | 60%  |   129    |   0    | 132.70MB  
 00:00:10 | 02:15:16 | 0.00:00:35 |  0.12%   |    0    |    0     | 60%  |   821    |   0    | 143.63MB  
 00:00:15 | 02:56:35 | 0.00:00:40 |  0.14%   |    0    |    0     | 60%  |   924    |   0    | 149.72MB  
 00:00:20 | 03:12:56 | 0.00:00:49 |  0.17%   |    2    |    0     | 60%  |   1124   |   0    | 155.32MB  
 00:00:25 | 03:38:30 | 0.00:00:54 |  0.19%   |    2    |    0     | 60%  |   1223   |   0    | 158.63MB  
 00:00:30 | 03:59:51 | 0.00:00:59 |  0.21%   |    4    |    0     | 60%  |   1325   |   0    | 163.77MB  
 00:00:32 | WARNING! Aborting CBS - could not obtain an initial solution for the following agents: Agent8(41->32)
 00:00:32 | WARNING! Aborting CBS - could not obtain an initial solution for the following agents: Agent8(41->32)
 00:00:32 | WARNING! Aborting CBS - could not obtain an initial solution for the following agents: Agent8(41->34)
 00:00:33 | WARNING! Aborting CBS - could not obtain an initial solution for the following agents: Agent27(1->0)
 00:00:33 | WARNING! Aborting CBS - could not obtain an initial solution for the following agents: Agent27(1->0)
 00:00:35 | 02:32:50 | 0.00:01:49 |  0.38%   |   22    |    13    | 60%  |   2010   |   0    | 167.91MB  
 00:00:40 | 00:35:24 | 0.00:08:52 |  1.85%   |   187   |   178    | 60%  |   5075   |   0    | 167.67MB  
 00:00:45 | 00:21:29 | 0.00:16:11 |  3.37%   |   360   |   351    | 60%  |   8350   |   0    | 168.93MB  
 00:00:47 | WARNING! Aborting CBS - could not obtain an initial solution for the following agents: Agent24(26->25)
 00:00:48 | WARNING! Aborting CBS - could not obtain an initial solution for the following agents: Agent4(9->8)
 00:00:48 | WARNING! Aborting CBS - could not obtain an initial solution for the following agents: Agent24(25->24)
 00:00:48 | WARNING! Aborting CBS - could not obtain an initial solution for the following agents: Agent24(25->24)
 00:00:50 | 00:15:17 | 0.00:24:48 |  5.17%   |   561   |   552    | 60%  |  12614   |   0    | 168.86MB  
 00:00:53 | WARNING! Aborting CBS - could not obtain an initial solution for the following agents: Agent2(26->25)
 00:00:53 | WARNING! Aborting CBS - could not obtain an initial solution for the following agents: Agent2(26->25)
 00:00:55 | 00:11:55 | 0.00:34:15 |  7.14%   |   781   |   773    | 60%  |  17053   |   0    | 167.86MB  
 00:00:55 | WARNING! Aborting CBS - could not obtain an initial solution for the following agents: Agent2(24->21)
 00:00:58 | WARNING! Aborting CBS - could not obtain an initial solution for the following agents: Agent21(41->40)
 00:01:00 | 00:09:40 | 0.00:44:57 |  9.37%   |  1031   |   1024   | 60%  |  22088   |   0    | 167.58MB  
 00:01:00 | WARNING! Aborting CBS - could not obtain an initial solution for the following agents: Agent11(24->23)
 00:01:02 | WARNING! Aborting CBS - could not obtain an initial solution for the following agents: Agent21(41->33)
 00:01:02 | WARNING! Aborting CBS - could not obtain an initial solution for the following agents: Agent21(41->35)
 00:01:05 | 00:08:06 | 0.00:56:33 |  11.78%  |  1299   |   1295   | 60%  |  27896   |   0    | 167.73MB  
 00:01:10 | 00:07:25 | 0.01:05:13 |  13.59%  |  1503   |   1499   | 60%  |  32520   |   0    | 167.77MB  
 00:01:10 | WARNING! Aborting CBS - could not obtain an initial solution for the following agents: Agent26(25->18)
 00:01:10 | WARNING! Aborting CBS - could not obtain an initial solution for the following agents: Agent1(9->8)
 00:01:10 | WARNING! Aborting CBS - could not obtain an initial solution for the following agents: Agent1(9->8)
 00:01:12 | WARNING! Aborting CBS - could not obtain an initial solution for the following agents: Agent8(34->32),Agent10(41->33)
 00:01:12 | WARNING! Aborting CBS - could not obtain an initial solution for the following agents: Agent8(34->32),Agent10(41->33)
 00:01:12 | WARNING! Aborting CBS - could not obtain an initial solution for the following agents: Agent8(34->33),Agent10(41->32)
 00:01:12 | WARNING! Aborting CBS - could not obtain an initial solution for the following agents: Agent10(41->34)
 00:01:12 | WARNING! Aborting CBS - could not obtain an initial solution for the following agents: Agent10(41->34)
 00:01:12 | WARNING! Aborting CBS - could not obtain an initial solution for the following agents: Agent25(9->8)
 00:01:12 | WARNING! Aborting CBS - could not obtain an initial solution for the following agents: Agent25(9->8)
 00:01:15 | 00:06:55 | 0.01:13:22 |  15.29%  |  1695   |   1688   | 60%  |  37309   |   0    | 168.18MB  
 00:01:17 | WARNING! Aborting CBS - could not obtain an initial solution for the following agents: Agent26(25->24)
 00:01:20 | 00:06:26 | 0.01:22:19 |  17.15%  |  1907   |   1898   | 60%  |  41886   |   0    | 167.84MB  
 00:01:21 | WARNING! Aborting CBS - could not obtain an initial solution for the following agents: Agent14(9->8)
 00:01:24 | WARNING! Aborting CBS - could not obtain an initial solution for the following agents: Agent28(35->34)
 00:01:25 | 00:05:51 | 0.01:33:22 |  19.45%  |  2168   |   2157   | 60%  |  47907   |   0    | 168.27MB  
 00:01:26 | WARNING! Aborting CBS - could not obtain an initial solution for the following agents: Agent0(25->24)
 00:01:30 | 00:05:29 | 0.01:42:56 |  21.45%  |  2384   |   2381   | 60%  |  53473   |   0    | 168.87MB  
 00:01:31 | WARNING! Aborting CBS - could not obtain an initial solution for the following agents: Agent25(9->8)
 00:01:31 | WARNING! Aborting CBS - could not obtain an initial solution for the following agents: Agent25(9->8)
 00:01:31 | WARNING! Aborting CBS - could not obtain an initial solution for the following agents: Agent10(41->40)
 00:01:33 | WARNING! Aborting CBS - could not obtain an initial solution for the following agents: Agent26(25->24)
 00:01:35 | 00:05:07 | 0.01:53:23 |  23.62%  |  2628   |   2625   | 60%  |  59320   |   0    | 168.82MB  
 00:01:35 | WARNING! Aborting CBS - could not obtain an initial solution for the following agents: Agent19(1->0)
 00:01:36 | WARNING! Aborting CBS - could not obtain an initial solution for the following agents: Agent11(25->24)
 00:01:40 | 00:04:40 | 0.02:06:09 |  26.28%  |  2928   |   2925   | 60%  |  66032   |   0    | 167.66MB  
 00:01:41 | WARNING! Aborting CBS - could not obtain an initial solution for the following agents: Agent24(25->24)
 00:01:44 | WARNING! Aborting CBS - could not obtain an initial solution for the following agents: Agent19(8->7)
 00:01:44 | WARNING! Aborting CBS - could not obtain an initial solution for the following agents: Agent1(8->7)
 00:01:45 | 00:04:27 | 0.02:15:21 |  28.20%  |  3143   |   3138   | 60%  |  71182   |   0    | 168.00MB  
 00:01:50 | 00:04:26 | 0.02:20:09 |  29.20%  |  3254   |   3250   | 60%  |  73690   |   0    | 169.74MB  
 00:01:55 | 00:04:38 | 0.02:20:16 |  29.22%  |  3255   |   3253   | 60%  |  73736   |   0    | 169.09MB  
 00:01:57 | WARNING! Aborting CBS - could not obtain an initial solution for the following agents: Agent2(25->24)
 00:01:57 | WARNING! Aborting CBS - could not obtain an initial solution for the following agents: Agent2(25->24)
 00:01:58 | WARNING! Aborting CBS - could not obtain an initial solution for the following agents: Agent28(41->40)
 00:01:58 | WARNING! Aborting CBS - could not obtain an initial solution for the following agents: Agent28(41->40)
 00:01:58 | WARNING! Aborting CBS - could not obtain an initial solution for the following agents: Agent19(9->8)
 00:02:00 | 00:04:25 | 0.02:29:27 |  31.14%  |  3469   |   3466   | 60%  |  78871   |   0    | 169.63MB  
 00:02:02 | WARNING! Aborting CBS - could not obtain an initial solution for the following agents: Agent21(41->40)
 00:02:02 | WARNING! Aborting CBS - could not obtain an initial solution for the following agents: Agent21(41->40)
 00:02:05 | 00:04:08 | 0.02:40:46 |  33.49%  |  3731   |   3733   | 60%  |  85189   |   0    | 171.14MB  
 00:02:07 | WARNING! Aborting CBS - could not obtain an initial solution for the following agents: Agent14(3->1)
 00:02:07 | WARNING! Aborting CBS - could not obtain an initial solution for the following agents: Agent14(3->1)
 00:02:07 | WARNING! Aborting CBS - could not obtain an initial solution for the following agents: Agent14(3->1)
 00:02:07 | WARNING! Aborting CBS - could not obtain an initial solution for the following agents: Agent14(3->2)
 00:02:07 | WARNING! Aborting CBS - could not obtain an initial solution for the following agents: Agent14(3->2)
 00:02:07 | WARNING! Aborting CBS - could not obtain an initial solution for the following agents: Agent14(3->2)
 00:02:08 | WARNING! Aborting CBS - could not obtain an initial solution for the following agents: Agent9(57->56)
 00:02:08 | WARNING! Aborting CBS - could not obtain an initial solution for the following agents: Agent9(57->56)
 00:02:08 | WARNING! Aborting CBS - could not obtain an initial solution for the following agents: Agent9(57->56)
 00:02:10 | 00:03:55 | 0.02:50:49 |  35.59%  |  3965   |   3967   | 60%  |  90603   |   0    | 170.53MB  
 00:02:13 | WARNING! Aborting CBS - could not obtain an initial solution for the following agents: Agent5(59->58)
 00:02:13 | WARNING! Aborting CBS - could not obtain an initial solution for the following agents: Agent5(59->58)
 00:02:13 | WARNING! Aborting CBS - could not obtain an initial solution for the following agents: Agent5(59->58)
 00:02:14 | WARNING! Aborting CBS - could not obtain an initial solution for the following agents: Agent5(59->58)
 00:02:14 | WARNING! Aborting CBS - could not obtain an initial solution for the following agents: Agent5(59->58)
 00:02:14 | WARNING! Aborting CBS - could not obtain an initial solution for the following agents: Agent5(59->58)
 00:02:14 | WARNING! Aborting CBS - could not obtain an initial solution for the following agents: Agent5(59->58)
 00:02:14 | WARNING! Aborting CBS - could not obtain an initial solution for the following agents: Agent1(3->1)
 00:02:14 | WARNING! Aborting CBS - could not obtain an initial solution for the following agents: Agent1(3->1)
 00:02:14 | WARNING! Aborting CBS - could not obtain an initial solution for the following agents: Agent1(3->2)
 00:02:14 | WARNING! Aborting CBS - could not obtain an initial solution for the following agents: Agent1(3->2)
 00:02:15 | 00:03:42 | 0.03:01:30 |  37.81%  |  4212   |   4218   | 60%  |  96212   |   0    | 171.48MB  
 00:02:16 | WARNING! Aborting CBS - could not obtain an initial solution for the following agents: Agent11(25->24)
 00:02:16 | WARNING! Aborting CBS - could not obtain an initial solution for the following agents: Agent11(25->24)
 00:02:18 | WARNING! Aborting CBS - could not obtain an initial solution for the following agents: Agent7(57->56)
 00:02:19 | WARNING! Aborting CBS - could not obtain an initial solution for the following agents: Agent5(57->56)
 00:02:19 | WARNING! Aborting CBS - could not obtain an initial solution for the following agents: Agent5(57->56)
 00:02:19 | WARNING! Aborting CBS - could not obtain an initial solution for the following agents: Agent29(57->56)
 00:02:20 | 00:03:30 | 0.03:11:43 |  39.94%  |  4450   |   4458   | 60%  |  101913  |   0    | 170.02MB  
 00:02:20 | WARNING! Aborting CBS - could not obtain an initial solution for the following agents: Agent5(57->56)
 00:02:20 | WARNING! Aborting CBS - could not obtain an initial solution for the following agents: Agent5(57->56)
 00:02:22 | WARNING! Aborting CBS - could not obtain an initial solution for the following agents: Agent0(25->24)
 00:02:25 | 00:03:16 | 0.03:23:38 |  42.42%  |  4726   |   4736   | 60%  |  108396  |   0    | 170.77MB  
 00:02:27 | WARNING! Aborting CBS - could not obtain an initial solution for the following agents: Agent25(2->1)
 00:02:27 | WARNING! Aborting CBS - could not obtain an initial solution for the following agents: Agent25(2->1)
 00:02:29 | WARNING! Aborting CBS - could not obtain an initial solution for the following agents: Agent30(41->40)
 00:02:30 | 00:03:12 | 0.03:30:19 |  43.82%  |  4882   |   4893   | 60%  |  111936  |   0    | 172.03MB  
 00:02:31 | WARNING! Aborting CBS - could not obtain an initial solution for the following agents: Agent26(25->17)
 00:02:31 | WARNING! Aborting CBS - could not obtain an initial solution for the following agents: Agent26(25->18)
 00:02:31 | WARNING! Aborting CBS - could not obtain an initial solution for the following agents: Agent26(25->22)
 00:02:31 | WARNING! Aborting CBS - could not obtain an initial solution for the following agents: Agent24(18->17)
 00:02:32 | WARNING! Aborting CBS - could not obtain an initial solution for the following agents: Agent4(3->1)
 00:02:32 | WARNING! Aborting CBS - could not obtain an initial solution for the following agents: Agent4(3->1)
 00:02:32 | WARNING! Aborting CBS - could not obtain an initial solution for the following agents: Agent4(3->2)
 00:02:34 | WARNING! Aborting CBS - could not obtain an initial solution for the following agents: Agent26(25->24)
 00:02:34 | WARNING! Aborting CBS - could not obtain an initial solution for the following agents: Agent26(25->24)
 00:02:35 | 00:03:03 | 0.03:39:56 |  45.82%  |  5101   |   5119   | 60%  |  117283  |   0    | 172.31MB  
 00:02:35 | WARNING! Aborting CBS - could not obtain an initial solution for the following agents: Agent1(8->7)
 00:02:40 | 00:02:55 | 0.03:49:08 |  47.74%  |  5312   |   5335   | 60%  |  122316  |   0    | 171.40MB  
 00:02:40 | WARNING! Aborting CBS - could not obtain an initial solution for the following agents: Agent2(25->24)
 00:02:45 | 00:02:49 | 0.03:56:54 |  49.35%  |  5490   |   5515   | 60%  |  126568  |   0    | 171.61MB  
 00:02:49 | WARNING! Aborting CBS - could not obtain an initial solution for the following agents: Agent5(59->58)
 00:02:49 | WARNING! Aborting CBS - could not obtain an initial solution for the following agents: Agent5(59->58)
 00:02:49 | WARNING! Aborting CBS - could not obtain an initial solution for the following agents: Agent5(59->58)
 00:02:50 | 00:02:41 | 0.04:06:13 |  51.30%  |  5706   |   5735   | 60%  |  131686  |   0    | 171.18MB  
 00:02:50 | WARNING! Aborting CBS - could not obtain an initial solution for the following agents: Agent5(51->49)
 00:02:51 | WARNING! Aborting CBS - could not obtain an initial solution for the following agents: Agent21(43->42)
 00:02:51 | WARNING! Aborting CBS - could not obtain an initial solution for the following agents: Agent21(43->42)
 00:02:54 | WARNING! Aborting CBS - could not obtain an initial solution for the following agents: Agent24(25->24)
 00:02:55 | 00:02:36 | 0.04:13:34 |  52.83%  |  5873   |   5907   | 60%  |  136269  |   0    | 171.00MB  
 00:02:59 | WARNING! Aborting CBS - could not obtain an initial solution for the following agents: Agent28(41->40)
 00:02:59 | WARNING! Aborting CBS - could not obtain an initial solution for the following agents: Agent28(41->40)
 00:02:59 | WARNING! Aborting CBS - could not obtain an initial solution for the following agents: Agent28(41->40)
 00:03:00 | 00:02:26 | 0.04:24:37 |  55.13%  |  6129   |   6167   | 60%  |  141968  |   0    | 171.05MB  
 00:03:02 | WARNING! Aborting CBS - could not obtain an initial solution for the following agents: Agent4(9->8)
 00:03:02 | WARNING! Aborting CBS - could not obtain an initial solution for the following agents: Agent4(9->8)
 00:03:04 | WARNING! Aborting CBS - could not obtain an initial solution for the following agents: Agent11(25->24)
 00:03:04 | WARNING! Aborting CBS - could not obtain an initial solution for the following agents: Agent11(25->24)
 00:03:04 | WARNING! Aborting CBS - could not obtain an initial solution for the following agents: Agent0(19->17)
 00:03:04 | WARNING! Aborting CBS - could not obtain an initial solution for the following agents: Agent0(19->17)
 00:03:04 | WARNING! Aborting CBS - could not obtain an initial solution for the following agents: Agent0(19->17)
 00:03:04 | WARNING! Aborting CBS - could not obtain an initial solution for the following agents: Agent0(19->18)
 00:03:04 | WARNING! Aborting CBS - could not obtain an initial solution for the following agents: Agent0(19->18)
 00:03:04 | WARNING! Aborting CBS - could not obtain an initial solution for the following agents: Agent0(19->18)
 00:03:05 | 00:02:18 | 0.04:34:22 |  57.16%  |  6352   |   6394   | 60%  |  147084  |   0    | 173.65MB  
 00:03:08 | WARNING! Aborting CBS - could not obtain an initial solution for the following agents: Agent9(57->56)
 00:03:10 | 00:02:09 | 0.04:45:38 |  59.51%  |  6611   |   6659   | 60%  |  153381  |   0    | 172.13MB  
 00:03:12 | WARNING! Aborting CBS - could not obtain an initial solution for the following agents: Agent9(57->50)
 00:03:12 | WARNING! Aborting CBS - could not obtain an initial solution for the following agents: Agent9(57->50)
 00:03:12 | WARNING! Aborting CBS - could not obtain an initial solution for the following agents: Agent9(57->51)
 00:03:15 | 00:02:02 | 0.04:55:07 |  61.48%  |  6833   |   6881   | 60%  |  158400  |   0    | 171.81MB  
 00:03:17 | WARNING! Aborting CBS - could not obtain an initial solution for the following agents: Agent7(56->49)
 00:03:17 | WARNING! Aborting CBS - could not obtain an initial solution for the following agents: Agent7(56->49)
 00:03:17 | WARNING! Aborting CBS - could not obtain an initial solution for the following agents: Agent7(56->50)
 00:03:20 | 00:01:52 | 0.05:06:43 |  63.90%  |  7104   |   7153   | 60%  |  164379  |   0    | 175.49MB  
 00:03:20 | WARNING! Aborting CBS - could not obtain an initial solution for the following agents: Agent24(26->25)
 00:03:20 | WARNING! Aborting CBS - could not obtain an initial solution for the following agents: Agent24(26->25)
 00:03:20 | WARNING! Aborting CBS - could not obtain an initial solution for the following agents: Agent4(9->8)
 00:03:20 | WARNING! Aborting CBS - could not obtain an initial solution for the following agents: Agent4(9->8)
 00:03:23 | WARNING! Aborting CBS - could not obtain an initial solution for the following agents: Agent2(25->24)
 00:03:25 | 00:01:44 | 0.05:17:31 |  66.15%  |  7355   |   7405   | 60%  |  170276  |   0    | 172.85MB  
 00:03:27 | WARNING! Aborting CBS - could not obtain an initial solution for the following agents: Agent24(25->24)
 00:03:30 | 00:01:36 | 0.05:28:23 |  68.42%  |  7610   |   7661   | 60%  |  176035  |   0    | 172.52MB  
 00:03:33 | WARNING! Aborting CBS - could not obtain an initial solution for the following agents: Agent7(56->55)
 00:03:33 | WARNING! Aborting CBS - could not obtain an initial solution for the following agents: Agent7(56->55)
 00:03:34 | WARNING! Aborting CBS - could not obtain an initial solution for the following agents: Agent21(41->40)
 00:03:34 | WARNING! Aborting CBS - could not obtain an initial solution for the following agents: Agent21(41->40)
 00:03:35 | 00:01:30 | 0.05:37:21 |  70.28%  |  7815   |   7871   | 60%  |  181326  |   0    | 172.30MB  
 00:03:35 | WARNING! Aborting CBS - could not obtain an initial solution for the following agents: Agent25(2->1)
 00:03:35 | WARNING! Aborting CBS - could not obtain an initial solution for the following agents: Agent25(2->1)
 00:03:39 | WARNING! Aborting CBS - could not obtain an initial solution for the following agents: Agent24(27->18)
 00:03:39 | WARNING! Aborting CBS - could not obtain an initial solution for the following agents: Agent24(27->26)
 00:03:40 | 00:01:24 | 0.05:47:21 |  72.37%  |  8048   |   8105   | 60%  |  187032  |   0    | 172.10MB  
 00:03:41 | WARNING! Aborting CBS - could not obtain an initial solution for the following agents: Agent24(25->24)
 00:03:42 | WARNING! Aborting CBS - could not obtain an initial solution for the following agents: Agent26(25->24)
 00:03:42 | WARNING! Aborting CBS - could not obtain an initial solution for the following agents: Agent21(41->40)
 00:03:43 | WARNING! Aborting CBS - could not obtain an initial solution for the following agents: Agent7(59->58)
 00:03:43 | WARNING! Aborting CBS - could not obtain an initial solution for the following agents: Agent7(59->58)
 00:03:43 | WARNING! Aborting CBS - could not obtain an initial solution for the following agents: Agent7(59->58)
 00:03:43 | WARNING! Aborting CBS - could not obtain an initial solution for the following agents: Agent7(59->58)
 00:03:43 | WARNING! Aborting CBS - could not obtain an initial solution for the following agents: Agent7(59->58)
 00:03:45 | 00:01:20 | 0.05:53:50 |  73.72%  |  8197   |   8257   | 60%  |  190841  |   0    | 174.97MB  
 00:03:50 | 00:01:12 | 0.06:05:16 |  76.10%  |  8466   |   8524   | 60%  |  197314  |   0    | 174.10MB  
 00:03:52 | WARNING! Aborting CBS - could not obtain an initial solution for the following agents: Agent30(43->42)
 00:03:52 | WARNING! Aborting CBS - could not obtain an initial solution for the following agents: Agent30(43->42)
 00:03:52 | WARNING! Aborting CBS - could not obtain an initial solution for the following agents: Agent30(43->42)
 00:03:52 | WARNING! Aborting CBS - could not obtain an initial solution for the following agents: Agent30(43->42)
 00:03:55 | 00:01:05 | 0.06:14:58 |  78.12%  |  8690   |   8751   | 60%  |  202678  |   0    | 174.14MB  
 00:03:56 | WARNING! Aborting CBS - could not obtain an initial solution for the following agents: Agent9(51->49)
 00:03:56 | WARNING! Aborting CBS - could not obtain an initial solution for the following agents: Agent9(51->49)
 00:03:56 | WARNING! Aborting CBS - could not obtain an initial solution for the following agents: Agent9(51->50)
 00:03:57 | WARNING! Aborting CBS - could not obtain an initial solution for the following agents: Agent1(3->2)
 00:03:57 | WARNING! Aborting CBS - could not obtain an initial solution for the following agents: Agent1(3->2)
 00:03:58 | WARNING! Aborting CBS - could not obtain an initial solution for the following agents: Agent1(3->1)
 00:03:58 | WARNING! Aborting CBS - could not obtain an initial solution for the following agents: Agent1(3->2)
 00:03:58 | WARNING! Aborting CBS - could not obtain an initial solution for the following agents: Agent1(3->2)
 00:03:58 | WARNING! Aborting CBS - could not obtain an initial solution for the following agents: Agent16(57->56)
 00:03:58 | WARNING! Aborting CBS - could not obtain an initial solution for the following agents: Agent14(3->1)
 00:03:58 | WARNING! Aborting CBS - could not obtain an initial solution for the following agents: Agent14(3->1)
 00:03:58 | WARNING! Aborting CBS - could not obtain an initial solution for the following agents: Agent14(3->2)
 00:03:58 | WARNING! Aborting CBS - could not obtain an initial solution for the following agents: Agent14(3->2)
 00:04:00 | 00:00:57 | 0.06:27:15 |  80.68%  |  8979   |   9040   | 60%  |  209357  |   0    | 173.62MB  
 00:04:02 | WARNING! Aborting CBS - could not obtain an initial solution for the following agents: Agent14(9->8)
 00:04:05 | 00:00:52 | 0.06:35:27 |  82.39%  |  9169   |   9231   | 60%  |  213995  |   0    | 174.39MB  
 00:04:10 | 00:00:47 | 0.06:43:29 |  84.06%  |  9353   |   9420   | 60%  |  218581  |   0    | 174.05MB  
 00:04:10 | WARNING! Aborting CBS - could not obtain an initial solution for the following agents: Agent16(57->50)
 00:04:10 | WARNING! Aborting CBS - could not obtain an initial solution for the following agents: Agent16(57->50)
 00:04:10 | WARNING! Aborting CBS - could not obtain an initial solution for the following agents: Agent21(41->40)
 00:04:10 | WARNING! Aborting CBS - could not obtain an initial solution for the following agents: Agent21(41->40)
 00:04:11 | WARNING! Aborting CBS - could not obtain an initial solution for the following agents: Agent14(9->8)
 00:04:15 | 00:00:42 | 0.06:52:02 |  85.84%  |  9553   |   9620   | 60%  |  223543  |   0    | 174.32MB  
 00:04:16 | WARNING! Aborting CBS - could not obtain an initial solution for the following agents: Agent16(56->50)
 00:04:18 | WARNING! Aborting CBS - could not obtain an initial solution for the following agents: Agent9(59->58)
 00:04:18 | WARNING! Aborting CBS - could not obtain an initial solution for the following agents: Agent9(59->58)
 00:04:19 | WARNING! Aborting CBS - could not obtain an initial solution for the following agents: Agent9(59->58)
 00:04:20 | 00:00:36 | 0.07:00:20 |  87.57%  |  9744   |   9815   | 60%  |  228230  |   0    | 174.34MB  
 00:04:21 | WARNING! Aborting CBS - could not obtain an initial solution for the following agents: Agent28(41->40)
 00:04:23 | WARNING! Aborting CBS - could not obtain an initial solution for the following agents: Agent1(9->8)
 00:04:24 | WARNING! Aborting CBS - could not obtain an initial solution for the following agents: Agent8(41->40)
 00:04:24 | WARNING! Aborting CBS - could not obtain an initial solution for the following agents: Agent8(41->40)
 00:04:25 | 00:00:30 | 0.07:09:59 |  89.58%  |  9969   |  10041   | 60%  |  233457  |   0    | 176.38MB  
 00:04:28 | WARNING! Aborting CBS - could not obtain an initial solution for the following agents: Agent14(9->8)
 00:04:29 | WARNING! Aborting CBS - could not obtain an initial solution for the following agents: Agent24(25->24)
 00:04:29 | WARNING! Aborting CBS - could not obtain an initial solution for the following agents: Agent16(57->56)
 00:04:29 | WARNING! Aborting CBS - could not obtain an initial solution for the following agents: Agent16(57->56)
 00:04:29 | WARNING! Aborting CBS - could not obtain an initial solution for the following agents: Agent16(57->56)
 00:04:30 | 00:00:22 | 0.07:22:51 |  92.26%  |  10267  |  10342   | 60%  |  240252  |   0    | 174.23MB  
 00:04:33 | WARNING! Aborting CBS - could not obtain an initial solution for the following agents: Agent19(9->8)
 00:04:35 | 00:00:16 | 0.07:32:13 |  94.21%  |  10484  |  10559   | 60%  |  245735  |   0    | 174.23MB  
 00:04:35 | WARNING! Aborting CBS - could not obtain an initial solution for the following agents: Agent30(42->41)
 00:04:38 | WARNING! Aborting CBS - could not obtain an initial solution for the following agents: Agent11(25->24)
 00:04:38 | WARNING! Aborting CBS - could not obtain an initial solution for the following agents: Agent11(25->24)
 00:04:40 | 00:00:10 | 0.07:42:44 |  96.40%  |  10726  |  10805   | 60%  |  251450  |   0    | 174.37MB  
 00:04:45 | 00:00:04 | 0.07:52:34 |  98.45%  |  10956  |  11036   | 60%  |  256671  |   0    | 174.80MB  
 00:04:46 | WARNING! Aborting CBS - could not obtain an initial solution for the following agents: Agent7(57->56)
 00:04:50 | 00:00:00 | 0.07:59:08 |  99.82%  |  11101  |  11191   | 60%  |  260631  |   0    | 176.72MB  
 00:04:51 | 00:00:00 | 0.08:00:00 | 100.00%  |  11121  |  11211   | 60%  |  261076  |   0    | 174.38MB  
 00:04:51 | >>> Simulation finished - writing results ...
 00:04:52 | >>> Results written
Simulation finished.
>>> Timings
StatTimingPathPlanningAverage: 0.01467141691906341
StatTimingPathPlanningOverall: 230.57598830000055
StatTimingPathPlanningCount: 15716
StatTimingTaskAllocationAverage: 0.001480753883463751
StatTimingTaskAllocationOverall: 22.89689729999998
StatTimingTaskAllocationCount: 15463
StatTimingItemStorageAverage: 3.5443570976779237E-06
StatTimingItemStorageOverall: 0.03922540000000158
StatTimingItemStorageCount: 11067
StatTimingPodStorageAverage: 0.0018863659857328166
StatTimingPodStorageOverall: 5.8175527000000065
StatTimingPodStorageCount: 3084
StatTimingReplenishmentBatchingAverage: 8.012238297872309E-06
StatTimingReplenishmentBatchingOverall: 0.09414379999999964
StatTimingReplenishmentBatchingCount: 11750
StatTimingOrderBatchingAverage: 0.00011166360778148976
StatTimingOrderBatchingOverall: 3.4095366000000085
StatTimingOrderBatchingCount: 30534
>>> Overall
StatOverallBundlesPlaced: 15180
StatOverallItemsOrdered: 11165
StatOverallOrdersPlaced: 11165
StatOverallBundlesRejected: 0
StatOverallOrdersRejected: 0
StatOverallBundlesHandled: 11211
StatOverallItemsHandled: 11125
StatOverallLinesHandled: 11125
StatOverallOrdersHandled: 11121
StatOverallCollisions: 0
StatOverallDistanceTraveled: 261076.00418803748
StatOverallDistanceEstimated: 240340
StatOverallAssignedTasks: 15463
StatMaxMemoryUsed: 176.51171875
StatRealTimeUsed: 291.7483823
StatAverageTurnoverTime: 368.7915011893411
StatMedianTurnoverTime: 214.40649346966893
StatLowerQuartileTurnoverTime: 122.607865179707
StatUpperQuartileTurnoverTime: 483.11880309385924
StatAverageThroughputTime: 114.46776344758135
StatMedianThroughputTime: 120.78611191454547
StatLowerQuartileThroughputTime: 80.84632427088769
StatUpperQuartileThroughputTime: 142.01696003544566
>>> Energy (Rizqi model)
StatEnergyTotalKJ: 19453.424053777988
StatEnergyE1AccelKJ: 5444.845889749978
StatEnergyE2DecelKJ: 0
StatEnergyE3CruiseKJ: 9863.860034000005
StatEnergyE4RotationKJ: 3310.2989300279223
StatEnergyE5LiftLowerKJ: 834.4192000000002
StatEnergyPerOrderKJ: 1.7492513311552906
StatEnergyPerMeterJoule: 74.49794182056236
StatDistanceTraveledRizqiM: 261127
>>> Motion Behavior
StatTurningCount: 32659
StatStopAndGoCount: 44327
StatLoadedDistanceM: 176402
StatLoadedTurningCount: 24091
StatWaitTimeSec: 375764.284402203

Marked tag finished after 1 tries!
.Fin. - SUCCESS
