<<< Welcome to the RAWSimO CLI >>>
The time is: 04/14/2026 00:02:47
Starting RAWSimO wrapper with the following arguments:
Instance: Material/Instances/PP/1-4-4-32-550.xinst
Setting: Material/Instances/PP/PPMinimal.xsett
ControlConfig: Material/Instances/PP/aesop-cbs.xconf
StatisticsDir: C:\Users\Aesop\Desktop\rawsim-o-rmfs-world-models\output_exp\cbs\seed_10
Seed: 10
Adding handler for unhandled exceptions ...
Initializing ... 
Instance recognized!
Parsing setting config ...
Parsing control config ...
Parsing instance ...
StatisticsFolder: 1-4-4-32-550-PPMinimal-aesop-cbs-10
Done!
Executing ... 
 00:02:49 | >>> Warming up ...
 00:00:00 | >>> Warmup finished - starting simulation ...
 Realtime |   ETA    |  Sim.Time  | Progress | #Orders | #Bundles | Inv. | Distance | #Coll. |   Memory    
 00:00:00 |   n/a    | 0.00:00:00 |  0.00%   |    0    |    0     | 60%  |    0     |   0    | 123.08MB  
 00:00:05 | 04:58:44 | 0.00:00:08 |  0.03%   |    0    |    0     | 60%  |   153    |   0    | 132.20MB  
 00:00:10 | 02:15:18 | 0.00:00:35 |  0.12%   |    0    |    0     | 60%  |   821    |   0    | 144.80MB  
 00:00:15 | 02:56:37 | 0.00:00:40 |  0.14%   |    0    |    0     | 60%  |   924    |   0    | 149.05MB  
 00:00:20 | 03:13:03 | 0.00:00:49 |  0.17%   |    2    |    0     | 60%  |   1123   |   0    | 155.05MB  
 00:00:25 | 03:38:28 | 0.00:00:54 |  0.19%   |    2    |    0     | 60%  |   1223   |   0    | 160.60MB  
 00:00:27 | WARNING! Aborting CBS - could not obtain an initial solution for the following agents: Agent8(41->32)
 00:00:27 | WARNING! Aborting CBS - could not obtain an initial solution for the following agents: Agent8(41->32)
 00:00:27 | WARNING! Aborting CBS - could not obtain an initial solution for the following agents: Agent8(41->34)
 00:00:28 | WARNING! Aborting CBS - could not obtain an initial solution for the following agents: Agent9(57->56)
 00:00:28 | WARNING! Aborting CBS - could not obtain an initial solution for the following agents: Agent9(57->56)
 00:00:28 | WARNING! Aborting CBS - could not obtain an initial solution for the following agents: Agent9(57->56)
 00:00:30 | 00:56:26 | 0.00:04:12 |  0.88%   |   79    |    69    | 60%  |   2635   |   0    | 159.69MB  
 00:00:33 | WARNING! Aborting CBS - could not obtain an initial solution for the following agents: Agent28(41->40)
 00:00:35 | 00:24:42 | 0.00:11:04 |  2.31%   |   241   |   232    | 60%  |   5570   |   0    | 160.67MB  
 00:00:40 | 00:16:05 | 0.00:19:06 |  3.98%   |   428   |   418    | 60%  |   9322   |   0    | 161.86MB  
 00:00:40 | WARNING! Aborting CBS - could not obtain an initial solution for the following agents: Agent8(41->40)
 00:00:42 | WARNING! Aborting CBS - could not obtain an initial solution for the following agents: Agent26(26->25)
 00:00:42 | WARNING! Aborting CBS - could not obtain an initial solution for the following agents: Agent26(26->25)
 00:00:42 | WARNING! Aborting CBS - could not obtain an initial solution for the following agents: Agent26(26->25)
 00:00:42 | WARNING! Aborting CBS - could not obtain an initial solution for the following agents: Agent27(2->1)
 00:00:45 | 00:11:58 | 0.00:28:16 |  5.89%   |   645   |   632    | 60%  |  13613   |   0    | 163.33MB  
 00:00:46 | WARNING! Aborting CBS - could not obtain an initial solution for the following agents: Agent16(58->57)
 00:00:46 | WARNING! Aborting CBS - could not obtain an initial solution for the following agents: Agent29(57->56)
 00:00:46 | WARNING! Aborting CBS - could not obtain an initial solution for the following agents: Agent29(57->56)
 00:00:46 | WARNING! Aborting CBS - could not obtain an initial solution for the following agents: Agent29(57->56)
 00:00:46 | WARNING! Aborting CBS - could not obtain an initial solution for the following agents: Agent21(40->39)
 00:00:48 | WARNING! Aborting CBS - could not obtain an initial solution for the following agents: Agent29(57->56)
 00:00:48 | WARNING! Aborting CBS - could not obtain an initial solution for the following agents: Agent29(57->56)
 00:00:48 | WARNING! Aborting CBS - could not obtain an initial solution for the following agents: Agent29(57->56)
 00:00:50 | 00:10:43 | 0.00:34:37 |  7.21%   |   791   |   782    | 60%  |  17030   |   0    | 162.73MB  
 00:00:53 | WARNING! Aborting CBS - could not obtain an initial solution for the following agents: Agent24(25->23)
 00:00:53 | WARNING! Aborting CBS - could not obtain an initial solution for the following agents: Agent24(25->24)
 00:00:53 | WARNING! Aborting CBS - could not obtain an initial solution for the following agents: Agent24(25->24)
 00:00:55 | 00:09:14 | 0.00:43:20 |  9.03%   |   995   |   985    | 60%  |  21575   |   0    | 164.95MB  
 00:00:55 | WARNING! Aborting CBS - could not obtain an initial solution for the following agents: Agent21(41->40)
 00:00:58 | WARNING! Aborting CBS - could not obtain an initial solution for the following agents: Agent30(41->40)
 00:01:00 | 00:08:03 | 0.00:53:02 |  11.05%  |  1222   |   1212   | 60%  |  26360   |   0    | 164.76MB  
 00:01:05 | 00:07:07 | 0.01:03:21 |  13.20%  |  1464   |   1454   | 60%  |  31985   |   0    | 165.41MB  
 00:01:06 | WARNING! Aborting CBS - could not obtain an initial solution for the following agents: Agent4(9->8)
 00:01:06 | WARNING! Aborting CBS - could not obtain an initial solution for the following agents: Agent4(9->8)
 00:01:10 | 00:06:28 | 0.01:13:16 |  15.27%  |  1698   |   1686   | 60%  |  37746   |   0    | 166.46MB  
 00:01:12 | WARNING! Aborting CBS - could not obtain an initial solution for the following agents: Agent28(42->41)
 00:01:12 | WARNING! Aborting CBS - could not obtain an initial solution for the following agents: Agent28(42->41)
 00:01:12 | WARNING! Aborting CBS - could not obtain an initial solution for the following agents: Agent28(42->41)
 00:01:12 | WARNING! Aborting CBS - could not obtain an initial solution for the following agents: Agent29(57->56)
 00:01:15 | 00:06:03 | 0.01:22:06 |  17.11%  |  1906   |   1893   | 60%  |  42714   |   0    | 168.44MB  
 00:01:15 | WARNING! Aborting CBS - could not obtain an initial solution for the following agents: Agent30(42->41)
 00:01:15 | WARNING! Aborting CBS - could not obtain an initial solution for the following agents: Agent30(42->41)
 00:01:16 | WARNING! Aborting CBS - could not obtain an initial solution for the following agents: Agent2(25->24)
 00:01:16 | WARNING! Aborting CBS - could not obtain an initial solution for the following agents: Agent2(25->24)
 00:01:18 | WARNING! Aborting CBS - could not obtain an initial solution for the following agents: Agent0(25->24)
 00:01:20 | 00:05:43 | 0.01:30:42 |  18.90%  |  2108   |   2095   | 60%  |  47309   |   0    | 168.98MB  
 00:01:20 | WARNING! Aborting CBS - could not obtain an initial solution for the following agents: Agent1(3->0),Agent27(9->2)
 00:01:20 | WARNING! Aborting CBS - could not obtain an initial solution for the following agents: Agent1(3->1)
 00:01:20 | WARNING! Aborting CBS - could not obtain an initial solution for the following agents: Agent1(3->1)
 00:01:20 | WARNING! Aborting CBS - could not obtain an initial solution for the following agents: Agent1(3->2)
 00:01:20 | WARNING! Aborting CBS - could not obtain an initial solution for the following agents: Agent1(3->2)
 00:01:21 | WARNING! Aborting CBS - could not obtain an initial solution for the following agents: Agent1(3->2)
 00:01:22 | WARNING! Aborting CBS - could not obtain an initial solution for the following agents: Agent25(3->1)
 00:01:22 | WARNING! Aborting CBS - could not obtain an initial solution for the following agents: Agent25(3->1)
 00:01:22 | WARNING! Aborting CBS - could not obtain an initial solution for the following agents: Agent25(3->1)
 00:01:25 | 00:05:13 | 0.01:42:17 |  21.31%  |  2380   |   2365   | 60%  |  53629   |   0    | 168.57MB  
 00:01:26 | WARNING! Aborting CBS - could not obtain an initial solution for the following agents: Agent11(25->24)
 00:01:27 | WARNING! Aborting CBS - could not obtain an initial solution for the following agents: Agent21(43->34)
 00:01:27 | WARNING! Aborting CBS - could not obtain an initial solution for the following agents: Agent21(43->34)
 00:01:27 | WARNING! Aborting CBS - could not obtain an initial solution for the following agents: Agent21(43->34)
 00:01:29 | WARNING! Aborting CBS - could not obtain an initial solution for the following agents: Agent24(26->18)
 00:01:30 | 00:04:59 | 0.01:50:52 |  23.10%  |  2572   |   2566   | 60%  |  58613   |   0    | 169.14MB  
 00:01:34 | WARNING! Aborting CBS - could not obtain an initial solution for the following agents: Agent27(2->1)
 00:01:35 | 00:04:45 | 0.02:00:00 |  25.00%  |  2780   |   2780   | 60%  |  63477   |   0    | 169.28MB  
 00:01:40 | 00:04:48 | 0.02:03:28 |  25.72%  |  2858   |   2861   | 60%  |  65550   |   0    | 170.95MB  
 00:01:40 | WARNING! Aborting CBS - could not obtain an initial solution for the following agents: Agent27(9->8)
 00:01:44 | WARNING! Aborting CBS - could not obtain an initial solution for the following agents: Agent10(41->40)
 00:01:45 | 00:04:32 | 0.02:13:28 |  27.81%  |  3090   |   3094   | 60%  |  70971   |   0    | 170.50MB  
 00:01:46 | WARNING! Aborting CBS - could not obtain an initial solution for the following agents: Agent29(57->56)
 00:01:50 | 00:04:13 | 0.02:25:23 |  30.29%  |  3365   |   3373   | 60%  |  77172   |   0    | 170.30MB  
 00:01:50 | WARNING! Aborting CBS - could not obtain an initial solution for the following agents: Agent29(57->56)
 00:01:54 | WARNING! Aborting CBS - could not obtain an initial solution for the following agents: Agent29(57->49)
 00:01:55 | 00:03:55 | 0.02:37:22 |  32.79%  |  3647   |   3653   | 60%  |  83424   |   0    | 173.02MB  
 00:02:00 | 00:03:42 | 0.02:48:18 |  35.06%  |  3900   |   3911   | 60%  |  89279   |   0    | 170.62MB  
 00:02:05 | 00:03:30 | 0.02:58:36 |  37.21%  |  4138   |   4152   | 60%  |  94844   |   0    | 171.18MB  
 00:02:07 | WARNING! Aborting CBS - could not obtain an initial solution for the following agents: Agent28(41->39)
 00:02:10 | 00:03:24 | 0.03:06:28 |  38.85%  |  4322   |   4337   | 60%  |  99241   |   0    | 171.09MB  
 00:02:13 | WARNING! Aborting CBS - could not obtain an initial solution for the following agents: Agent16(57->56)
 00:02:13 | WARNING! Aborting CBS - could not obtain an initial solution for the following agents: Agent16(57->56)
 00:02:13 | WARNING! Aborting CBS - could not obtain an initial solution for the following agents: Agent16(57->56)
 00:02:13 | WARNING! Aborting CBS - could not obtain an initial solution for the following agents: Agent1(9->8)
 00:02:15 | 00:03:14 | 0.03:16:27 |  40.93%  |  4555   |   4571   | 60%  |  104602  |   0    | 170.50MB  
 00:02:17 | WARNING! Aborting CBS - could not obtain an initial solution for the following agents: Agent21(41->40)
 00:02:19 | WARNING! Aborting CBS - could not obtain an initial solution for the following agents: Agent16(57->56)
 00:02:19 | WARNING! Aborting CBS - could not obtain an initial solution for the following agents: Agent16(57->56)
 00:02:20 | 00:03:06 | 0.03:25:33 |  42.83%  |  4766   |   4784   | 60%  |  109070  |   0    | 171.38MB  
 00:02:21 | WARNING! Aborting CBS - could not obtain an initial solution for the following agents: Agent27(9->8)
 00:02:25 | 00:02:54 | 0.03:37:47 |  45.37%  |  5051   |   5071   | 60%  |  115604  |   0    | 170.60MB  
 00:02:30 | 00:02:45 | 0.03:47:57 |  47.49%  |  5285   |   5309   | 60%  |  121073  |   0    | 171.54MB  
 00:02:35 | 00:02:42 | 0.03:54:08 |  48.78%  |  5430   |   5455   | 60%  |  124442  |   0    | 174.75MB  
 00:02:36 | WARNING! Aborting CBS - could not obtain an initial solution for the following agents: Agent21(41->40)
 00:02:38 | WARNING! Aborting CBS - could not obtain an initial solution for the following agents: Agent16(57->56)
 00:02:38 | WARNING! Aborting CBS - could not obtain an initial solution for the following agents: Agent16(57->56)
 00:02:38 | WARNING! Aborting CBS - could not obtain an initial solution for the following agents: Agent16(57->56)
 00:02:39 | WARNING! Aborting CBS - could not obtain an initial solution for the following agents: Agent7(59->50)
 00:02:39 | WARNING! Aborting CBS - could not obtain an initial solution for the following agents: Agent7(59->50)
 00:02:39 | WARNING! Aborting CBS - could not obtain an initial solution for the following agents: Agent7(59->50)
 00:02:39 | WARNING! Aborting CBS - could not obtain an initial solution for the following agents: Agent7(59->50)
 00:02:40 | 00:02:34 | 0.04:04:25 |  50.92%  |  5668   |   5695   | 60%  |  130258  |   0    | 172.07MB  
 00:02:41 | WARNING! Aborting CBS - could not obtain an initial solution for the following agents: Agent5(57->56)
 00:02:42 | WARNING! Aborting CBS - could not obtain an initial solution for the following agents: Agent0(26->25)
 00:02:42 | WARNING! Aborting CBS - could not obtain an initial solution for the following agents: Agent0(26->25)
 00:02:45 | 00:02:23 | 0.04:16:19 |  53.40%  |  5941   |   5974   | 60%  |  136842  |   0    | 171.31MB  
 00:02:50 | 00:02:17 | 0.04:25:26 |  55.30%  |  6153   |   6188   | 60%  |  141823  |   0    | 171.30MB  
 00:02:51 | WARNING! Aborting CBS - could not obtain an initial solution for the following agents: Agent8(40->39)
 00:02:53 | WARNING! Aborting CBS - could not obtain an initial solution for the following agents: Agent9(59->58)
 00:02:54 | WARNING! Aborting CBS - could not obtain an initial solution for the following agents: Agent21(41->40)
 00:02:55 | 00:02:10 | 0.04:35:08 |  57.32%  |  6376   |   6415   | 60%  |  147238  |   0    | 172.06MB  
 00:02:55 | WARNING! Aborting CBS - could not obtain an initial solution for the following agents: Agent4(8->1)
 00:03:00 | 00:02:03 | 0.04:44:13 |  59.22%  |  6587   |   6628   | 60%  |  152391  |   0    | 172.93MB  
 00:03:01 | WARNING! Aborting CBS - could not obtain an initial solution for the following agents: Agent1(9->8)
 00:03:03 | WARNING! Aborting CBS - could not obtain an initial solution for the following agents: Agent9(58->57)
 00:03:04 | WARNING! Aborting CBS - could not obtain an initial solution for the following agents: Agent25(9->2)
 00:03:05 | 00:01:55 | 0.04:55:29 |  61.56%  |  6850   |   6890   | 60%  |  157985  |   0    | 172.03MB  
 00:03:07 | WARNING! Aborting CBS - could not obtain an initial solution for the following agents: Agent7(56->55)
 00:03:10 | 00:01:49 | 0.05:04:13 |  63.38%  |  7052   |   7095   | 60%  |  163144  |   0    | 171.79MB  
 00:03:14 | WARNING! Aborting CBS - could not obtain an initial solution for the following agents: Agent4(3->1)
 00:03:14 | WARNING! Aborting CBS - could not obtain an initial solution for the following agents: Agent4(3->1)
 00:03:14 | WARNING! Aborting CBS - could not obtain an initial solution for the following agents: Agent4(3->2)
 00:03:15 | 00:01:42 | 0.05:14:53 |  65.60%  |  7302   |   7347   | 60%  |  168751  |   0    | 171.83MB  
 00:03:18 | WARNING! Aborting CBS - could not obtain an initial solution for the following agents: Agent29(58->57)
 00:03:18 | WARNING! Aborting CBS - could not obtain an initial solution for the following agents: Agent29(58->57)
 00:03:18 | WARNING! Aborting CBS - could not obtain an initial solution for the following agents: Agent29(58->57)
 00:03:18 | WARNING! Aborting CBS - could not obtain an initial solution for the following agents: Agent5(57->56)
 00:03:18 | WARNING! Aborting CBS - could not obtain an initial solution for the following agents: Agent30(41->40)
 00:03:20 | 00:01:37 | 0.05:22:48 |  67.25%  |  7487   |   7532   | 60%  |  173406  |   0    | 172.34MB  
 00:03:22 | WARNING! Aborting CBS - could not obtain an initial solution for the following agents: Agent7(58->57)
 00:03:22 | WARNING! Aborting CBS - could not obtain an initial solution for the following agents: Agent7(58->49)
 00:03:23 | WARNING! Aborting CBS - could not obtain an initial solution for the following agents: Agent5(57->56)
 00:03:25 | 00:01:30 | 0.05:33:28 |  69.47%  |  7733   |   7781   | 60%  |  179053  |   0    | 171.39MB  
 00:03:28 | WARNING! Aborting CBS - could not obtain an initial solution for the following agents: Agent28(41->40)
 00:03:29 | WARNING! Aborting CBS - could not obtain an initial solution for the following agents: Agent8(41->34)
 00:03:29 | WARNING! Aborting CBS - could not obtain an initial solution for the following agents: Agent8(41->34)
 00:03:30 | 00:01:24 | 0.05:42:39 |  71.39%  |  7946   |   7997   | 60%  |  184241  |   0    | 171.42MB  
 00:03:32 | WARNING! Aborting CBS - could not obtain an initial solution for the following agents: Agent9(57->56)
 00:03:32 | WARNING! Aborting CBS - could not obtain an initial solution for the following agents: Agent9(57->56)
 00:03:33 | WARNING! Aborting CBS - could not obtain an initial solution for the following agents: Agent5(56->55)
 00:03:34 | WARNING! Aborting CBS - could not obtain an initial solution for the following agents: Agent30(41->40)
 00:03:34 | WARNING! Aborting CBS - could not obtain an initial solution for the following agents: Agent30(41->40)
 00:03:34 | WARNING! Aborting CBS - could not obtain an initial solution for the following agents: Agent30(41->40)
 00:03:35 | 00:01:18 | 0.05:52:11 |  73.37%  |  8161   |   8221   | 60%  |  189330  |   0    | 173.20MB  
 00:03:40 | 00:01:12 | 0.06:00:29 |  75.10%  |  8354   |   8415   | 60%  |  194034  |   0    | 173.24MB  
 00:03:40 | WARNING! Aborting CBS - could not obtain an initial solution for the following agents: Agent19(3->2)
 00:03:40 | WARNING! Aborting CBS - could not obtain an initial solution for the following agents: Agent19(3->2)
 00:03:43 | WARNING! Aborting CBS - could not obtain an initial solution for the following agents: Agent2(25->24)
 00:03:43 | WARNING! Aborting CBS - could not obtain an initial solution for the following agents: Agent7(57->56)
 00:03:43 | WARNING! Aborting CBS - could not obtain an initial solution for the following agents: Agent7(57->56)
 00:03:45 | 00:01:05 | 0.06:11:15 |  77.35%  |  8605   |   8667   | 60%  |  200045  |   0    | 172.07MB  
 00:03:45 | WARNING! Aborting CBS - could not obtain an initial solution for the following agents: Agent21(42->41)
 00:03:45 | WARNING! Aborting CBS - could not obtain an initial solution for the following agents: Agent21(42->41)
 00:03:46 | WARNING! Aborting CBS - could not obtain an initial solution for the following agents: Agent27(9->8)
 00:03:46 | WARNING! Aborting CBS - could not obtain an initial solution for the following agents: Agent24(27->26)
 00:03:46 | WARNING! Aborting CBS - could not obtain an initial solution for the following agents: Agent24(27->26)
 00:03:47 | WARNING! Aborting CBS - could not obtain an initial solution for the following agents: Agent29(57->56)
 00:03:48 | WARNING! Aborting CBS - could not obtain an initial solution for the following agents: Agent25(8->2)
 00:03:48 | WARNING! Aborting CBS - could not obtain an initial solution for the following agents: Agent2(25->24)
 00:03:50 | 00:01:00 | 0.06:20:31 |  79.28%  |  8821   |   8885   | 60%  |  205174  |   0    | 172.73MB  
 00:03:51 | WARNING! Aborting CBS - could not obtain an initial solution for the following agents: Agent26(25->24)
 00:03:51 | WARNING! Aborting CBS - could not obtain an initial solution for the following agents: Agent26(25->24)
 00:03:51 | WARNING! Aborting CBS - could not obtain an initial solution for the following agents: Agent24(25->24),Agent29(56->55)
 00:03:52 | WARNING! Aborting CBS - could not obtain an initial solution for the following agents: Agent7(57->56)
 00:03:52 | WARNING! Aborting CBS - could not obtain an initial solution for the following agents: Agent7(57->56)
 00:03:54 | WARNING! Aborting CBS - could not obtain an initial solution for the following agents: Agent0(25->24)
 00:03:54 | WARNING! Aborting CBS - could not obtain an initial solution for the following agents: Agent0(25->24)
 00:03:54 | WARNING! Aborting CBS - could not obtain an initial solution for the following agents: Agent0(25->24)
 00:03:55 | 00:00:53 | 0.06:31:17 |  81.52%  |  9069   |   9137   | 60%  |  210867  |   0    | 172.62MB  
 00:03:55 | WARNING! Aborting CBS - could not obtain an initial solution for the following agents: Agent16(57->56)
 00:03:55 | WARNING! Aborting CBS - could not obtain an initial solution for the following agents: Agent16(57->56)
 00:03:56 | WARNING! Aborting CBS - could not obtain an initial solution for the following agents: Agent19(9->8)
 00:04:00 | 00:00:45 | 0.06:44:03 |  84.18%  |  9367   |   9436   | 60%  |  217647  |   0    | 172.88MB  
 00:04:05 | 00:00:40 | 0.06:52:14 |  85.88%  |  9559   |   9628   | 60%  |  222280  |   0    | 172.82MB  
 00:04:06 | WARNING! Aborting CBS - could not obtain an initial solution for the following agents: Agent1(9->8)
 00:04:06 | WARNING! Aborting CBS - could not obtain an initial solution for the following agents: Agent1(9->8)
 00:04:07 | WARNING! Aborting CBS - could not obtain an initial solution for the following agents: Agent10(41->40)
 00:04:07 | WARNING! Aborting CBS - could not obtain an initial solution for the following agents: Agent10(41->40)
 00:04:08 | WARNING! Aborting CBS - could not obtain an initial solution for the following agents: Agent14(9->8)
 00:04:08 | WARNING! Aborting CBS - could not obtain an initial solution for the following agents: Agent14(9->8)
 00:04:08 | WARNING! Aborting CBS - could not obtain an initial solution for the following agents: Agent14(9->8)
 00:04:10 | 00:00:33 | 0.07:02:33 |  88.03%  |  9799   |   9870   | 60%  |  227989  |   0    | 174.26MB  
 00:04:15 | 00:00:32 | 0.07:05:04 |  88.56%  |  9852   |   9929   | 60%  |  229736  |   0    | 173.38MB  
 00:04:20 | 00:00:28 | 0.07:12:59 |  90.21%  |  10033  |  10114   | 60%  |  234280  |   0    | 173.37MB  
 00:04:21 | WARNING! Aborting CBS - could not obtain an initial solution for the following agents: Agent25(9->8)
 00:04:21 | WARNING! Aborting CBS - could not obtain an initial solution for the following agents: Agent25(9->8)
 00:04:21 | WARNING! Aborting CBS - could not obtain an initial solution for the following agents: Agent25(9->8)
 00:04:25 | 00:00:23 | 0.07:21:39 |  92.01%  |  10232  |  10318   | 60%  |  239171  |   0    | 173.05MB  
 00:04:25 | WARNING! Aborting CBS - could not obtain an initial solution for the following agents: Agent5(58->57)
 00:04:25 | WARNING! Aborting CBS - could not obtain an initial solution for the following agents: Agent5(58->57)
 00:04:25 | WARNING! Aborting CBS - could not obtain an initial solution for the following agents: Agent8(41->40)
 00:04:30 | 00:00:16 | 0.07:31:55 |  94.15%  |  10474  |  10558   | 60%  |  244742  |   0    | 172.96MB  
 00:04:31 | WARNING! Aborting CBS - could not obtain an initial solution for the following agents: Agent9(59->58)
 00:04:33 | WARNING! Aborting CBS - could not obtain an initial solution for the following agents: Agent28(41->40)
 00:04:35 | 00:00:09 | 0.07:44:36 |  96.79%  |  10770  |  10856   | 60%  |  251287  |   0    | 173.86MB  
 00:04:37 | WARNING! Aborting CBS - could not obtain an initial solution for the following agents: Agent11(25->24)
 00:04:37 | WARNING! Aborting CBS - could not obtain an initial solution for the following agents: Agent11(25->24)
 00:04:40 | 00:00:02 | 0.07:55:11 |  99.00%  |  11020  |  11103   | 60%  |  257052  |   0    | 173.55MB  
 00:04:41 | WARNING! Aborting CBS - could not obtain an initial solution for the following agents: Agent21(41->40)
 00:04:42 | 00:00:00 | 0.08:00:00 | 100.00%  |  11131  |  11215   | 60%  |  259755  |   0    | 173.93MB  
 00:04:42 | >>> Simulation finished - writing results ...
 00:04:42 | >>> Results written
Simulation finished.
>>> Timings
StatTimingPathPlanningAverage: 0.01385899018759015
StatTimingPathPlanningOverall: 220.8984445999994
StatTimingPathPlanningCount: 15939
StatTimingTaskAllocationAverage: 0.0015020629149479269
StatTimingTaskAllocationOverall: 22.941006899999685
StatTimingTaskAllocationCount: 15273
StatTimingItemStorageAverage: 3.607150684931636E-06
StatTimingItemStorageOverall: 0.039498300000001416
StatTimingItemStorageCount: 10950
StatTimingPodStorageAverage: 0.0019311593760155947
StatTimingPodStorageOverall: 5.942177399999985
StatTimingPodStorageCount: 3077
StatTimingReplenishmentBatchingAverage: 8.143091216216187E-06
StatTimingReplenishmentBatchingOverall: 0.09641419999999966
StatTimingReplenishmentBatchingCount: 11840
StatTimingOrderBatchingAverage: 0.00011121686699116048
StatTimingOrderBatchingOverall: 3.3588606000000376
StatTimingOrderBatchingCount: 30201
>>> Overall
StatOverallBundlesPlaced: 15207
StatOverallItemsOrdered: 11176
StatOverallOrdersPlaced: 11176
StatOverallBundlesRejected: 0
StatOverallOrdersRejected: 0
StatOverallBundlesHandled: 11215
StatOverallItemsHandled: 11135
StatOverallLinesHandled: 11135
StatOverallOrdersHandled: 11131
StatOverallCollisions: 0
StatOverallDistanceTraveled: 259754.50919011395
StatOverallDistanceEstimated: 239783
StatOverallAssignedTasks: 15273
StatMaxMemoryUsed: 174.82421875
StatRealTimeUsed: 282.4043519
StatAverageTurnoverTime: 368.6525746430643
StatMedianTurnoverTime: 219.87695203910152
StatLowerQuartileTurnoverTime: 122.96426085978601
StatUpperQuartileTurnoverTime: 497.30168265936663
StatAverageThroughputTime: 114.39454485281712
StatMedianThroughputTime: 121.05686144241645
StatLowerQuartileThroughputTime: 81.18657367868946
StatUpperQuartileThroughputTime: 141.92723341331657
>>> Energy (Rizqi model)
StatEnergyTotalKJ: 19356.507292881994
StatEnergyE1AccelKJ: 5419.466468749976
StatEnergyE2DecelKJ: 0
StatEnergyE3CruiseKJ: 9807.84343000001
StatEnergyE4RotationKJ: 3300.6765896874804
StatEnergyE5LiftLowerKJ: 828.5208044444448
StatEnergyPerOrderKJ: 1.7389728948775487
StatEnergyPerMeterJoule: 74.48592090169623
StatDistanceTraveledRizqiM: 259868
>>> Motion Behavior
StatTurningCount: 32559
StatStopAndGoCount: 44277
StatLoadedDistanceM: 176067
StatLoadedTurningCount: 23916
StatWaitTimeSec: 377805.602285242

Marked tag finished after 1 tries!
.Fin. - SUCCESS
