<<< Welcome to the RAWSimO CLI >>>
The time is: 04/14/2026 14:35:50
Starting RAWSimO wrapper with the following arguments:
Instance: Material/Instances/PP/1-4-4-32-550.xinst
Setting: Material/Instances/PP/PPMinimal.xsett
ControlConfig: Material/Instances/PP/aesop-cbs.xconf
StatisticsDir: C:\Users\Aesop\Desktop\rawsim-o-rmfs-world-models\output_pref\seed_26
Seed: 26
Adding handler for unhandled exceptions ...
Initializing ... 
Instance recognized!
Parsing setting config ...
Parsing control config ...
Parsing instance ...
StatisticsFolder: 1-4-4-32-550-PPMinimal-aesop-cbs-26
Done!
Executing ... 
 14:35:52 | >>> Warming up ...
 00:00:00 | >>> Warmup finished - starting simulation ...
 Realtime |   ETA    |  Sim.Time  | Progress | #Orders | #Bundles | Inv. | Distance | #Coll. |   Memory    
 00:00:00 |   n/a    | 0.00:00:00 |  0.00%   |    0    |    0     | 60%  |    0     |   0    | 123.10MB  
 00:00:05 | 06:52:50 | 0.00:00:05 |  0.02%   |    0    |    0     | 60%  |    99    |   0    | 130.69MB  
 00:00:10 | 02:15:31 | 0.00:00:35 |  0.12%   |    0    |    0     | 60%  |   821    |   0    | 142.49MB  
 00:00:15 | 02:56:41 | 0.00:00:40 |  0.14%   |    0    |    0     | 60%  |   924    |   0    | 151.56MB  
 00:00:20 | 03:10:50 | 0.00:00:50 |  0.17%   |    2    |    0     | 60%  |   1134   |   0    | 153.84MB  
 00:00:25 | 03:38:33 | 0.00:00:54 |  0.19%   |    2    |    0     | 60%  |   1223   |   0    | 157.66MB  
 00:00:30 | 03:59:42 | 0.00:00:59 |  0.21%   |    4    |    0     | 60%  |   1325   |   0    | 165.00MB  
 00:00:32 | WARNING! Aborting CBS - could not obtain an initial solution for the following agents: Agent8(41->32)
 00:00:32 | WARNING! Aborting CBS - could not obtain an initial solution for the following agents: Agent8(41->32)
 00:00:32 | WARNING! Aborting CBS - could not obtain an initial solution for the following agents: Agent8(41->34)
 00:00:33 | WARNING! Aborting CBS - could not obtain an initial solution for the following agents: Agent27(1->0)
 00:00:33 | WARNING! Aborting CBS - could not obtain an initial solution for the following agents: Agent27(1->0)
 00:00:35 | 01:58:50 | 0.00:02:20 |  0.49%   |   34    |    25    | 60%  |   2184   |   0    | 168.27MB  
 00:00:40 | 00:25:36 | 0.00:12:10 |  2.54%   |   267   |   256    | 60%  |   5763   |   0    | 168.43MB  
 00:00:42 | WARNING! Aborting CBS - could not obtain an initial solution for the following agents: Agent9(57->56)
 00:00:45 | 00:16:09 | 0.00:21:18 |  4.44%   |   482   |   471    | 60%  |   9985   |   0    | 168.81MB  
 00:00:47 | WARNING! Aborting CBS - could not obtain an initial solution for the following agents: Agent2(25->24)
 00:00:50 | 00:12:58 | 0.00:28:57 |  6.03%   |   659   |   649    | 60%  |  13977   |   0    | 168.12MB  
 00:00:53 | WARNING! Aborting CBS - could not obtain an initial solution for the following agents: Agent2(25->24)
 00:00:53 | WARNING! Aborting CBS - could not obtain an initial solution for the following agents: Agent2(25->24)
 00:00:55 | 00:10:17 | 0.00:39:17 |  8.18%   |   903   |   891    | 60%  |  18901   |   0    | 167.90MB  
 00:00:57 | WARNING! Aborting CBS - could not obtain an initial solution for the following agents: Agent25(2->1)
 00:01:00 | 00:08:56 | 0.00:48:19 |  10.07%  |  1115   |   1102   | 60%  |  23324   |   0    | 167.60MB  
 00:01:03 | WARNING! Aborting CBS - could not obtain an initial solution for the following agents: Agent5(56->55)
 00:01:05 | 00:07:50 | 0.00:58:18 |  12.15%  |  1350   |   1336   | 60%  |  28725   |   0    | 167.55MB  
 00:01:10 | 00:07:02 | 0.01:08:12 |  14.21%  |  1583   |   1569   | 60%  |  34029   |   0    | 167.57MB  
 00:01:13 | WARNING! Aborting CBS - could not obtain an initial solution for the following agents: Agent7(56->55)
 00:01:13 | WARNING! Aborting CBS - could not obtain an initial solution for the following agents: Agent7(56->55)
 00:01:13 | WARNING! Aborting CBS - could not obtain an initial solution for the following agents: Agent7(56->55)
 00:01:13 | WARNING! Aborting CBS - could not obtain an initial solution for the following agents: Agent16(56->55)
 00:01:13 | WARNING! Aborting CBS - could not obtain an initial solution for the following agents: Agent16(56->55)
 00:01:15 | 00:06:24 | 0.01:18:19 |  16.32%  |  1818   |   1804   | 60%  |  39279   |   0    | 168.06MB  
 00:01:16 | WARNING! Aborting CBS - could not obtain an initial solution for the following agents: Agent25(9->8)
 00:01:19 | WARNING! Aborting CBS - could not obtain an initial solution for the following agents: Agent16(51->50)
 00:01:19 | WARNING! Aborting CBS - could not obtain an initial solution for the following agents: Agent28(41->40)
 00:01:19 | WARNING! Aborting CBS - could not obtain an initial solution for the following agents: Agent10(41->40)
 00:01:20 | 00:05:54 | 0.01:28:21 |  18.41%  |  2052   |   2040   | 60%  |  44565   |   0    | 168.44MB  
 00:01:23 | WARNING! Aborting CBS - could not obtain an initial solution for the following agents: Agent30(41->40)
 00:01:23 | WARNING! Aborting CBS - could not obtain an initial solution for the following agents: Agent30(41->40)
 00:01:25 | 00:05:30 | 0.01:38:07 |  20.44%  |  2278   |   2268   | 60%  |  49795   |   0    | 167.68MB  
 00:01:26 | WARNING! Aborting CBS - could not obtain an initial solution for the following agents: Agent11(25->24)
 00:01:27 | WARNING! Aborting CBS - could not obtain an initial solution for the following agents: Agent26(25->24)
 00:01:30 | 00:05:05 | 0.01:49:11 |  22.75%  |  2536   |   2528   | 60%  |  55568   |   0    | 167.96MB  
 00:01:31 | WARNING! Aborting CBS - could not obtain an initial solution for the following agents: Agent14(8->1)
 00:01:31 | WARNING! Aborting CBS - could not obtain an initial solution for the following agents: Agent14(8->1)
 00:01:31 | WARNING! Aborting CBS - could not obtain an initial solution for the following agents: Agent14(8->2)
 00:01:34 | WARNING! Aborting CBS - could not obtain an initial solution for the following agents: Agent10(42->41)
 00:01:34 | WARNING! Aborting CBS - could not obtain an initial solution for the following agents: Agent21(40->39)
 00:01:34 | WARNING! Aborting CBS - could not obtain an initial solution for the following agents: Agent21(40->39)
 00:01:35 | 00:04:42 | 0.02:00:41 |  25.14%  |  2806   |   2798   | 60%  |  61629   |   0    | 168.65MB  
 00:01:36 | WARNING! Aborting CBS - could not obtain an initial solution for the following agents: Agent25(9->8)
 00:01:36 | WARNING! Aborting CBS - could not obtain an initial solution for the following agents: Agent25(9->8)
 00:01:37 | WARNING! Aborting CBS - could not obtain an initial solution for the following agents: Agent1(3->1)
 00:01:39 | WARNING! Aborting CBS - could not obtain an initial solution for the following agents: Agent4(2->1)
 00:01:39 | WARNING! Aborting CBS - could not obtain an initial solution for the following agents: Agent4(2->1)
 00:01:40 | 00:04:25 | 0.02:11:18 |  27.35%  |  3055   |   3047   | 60%  |  67360   |   0    | 168.53MB  
 00:01:44 | WARNING! Aborting CBS - could not obtain an initial solution for the following agents: Agent21(41->40)
 00:01:44 | WARNING! Aborting CBS - could not obtain an initial solution for the following agents: Agent24(25->24)
 00:01:45 | 00:04:08 | 0.02:22:42 |  29.73%  |  3322   |   3313   | 60%  |  73716   |   0    | 167.80MB  
 00:01:45 | WARNING! Aborting CBS - could not obtain an initial solution for the following agents: Agent21(41->40)
 00:01:45 | WARNING! Aborting CBS - could not obtain an initial solution for the following agents: Agent21(41->40)
 00:01:50 | 00:03:56 | 0.02:32:36 |  31.79%  |  3548   |   3542   | 60%  |  79524   |   0    | 169.87MB  
 00:01:50 | WARNING! Aborting CBS - could not obtain an initial solution for the following agents: Agent24(25->24)
 00:01:55 | 00:03:41 | 0.02:44:16 |  34.23%  |  3819   |   3815   | 60%  |  86193   |   0    | 167.98MB  
 00:01:56 | WARNING! Aborting CBS - could not obtain an initial solution for the following agents: Agent9(58->57)
 00:01:56 | WARNING! Aborting CBS - could not obtain an initial solution for the following agents: Agent9(58->57)
 00:01:56 | WARNING! Aborting CBS - could not obtain an initial solution for the following agents: Agent9(58->57)
 00:01:56 | WARNING! Aborting CBS - could not obtain an initial solution for the following agents: Agent9(58->57)
 00:01:56 | WARNING! Aborting CBS - could not obtain an initial solution for the following agents: Agent16(57->56)
 00:01:56 | WARNING! Aborting CBS - could not obtain an initial solution for the following agents: Agent16(57->56)
 00:02:00 | 00:03:38 | 0.02:50:04 |  35.43%  |  3951   |   3948   | 60%  |  89547   |   0    | 169.99MB  
 00:02:05 | 00:03:40 | 0.02:53:43 |  36.19%  |  4034   |   4034   | 60%  |  91756   |   0    | 169.94MB  
 00:02:07 | WARNING! Aborting CBS - could not obtain an initial solution for the following agents: Agent4(3->2)
 00:02:07 | WARNING! Aborting CBS - could not obtain an initial solution for the following agents: Agent4(3->2)
 00:02:09 | WARNING! Aborting CBS - could not obtain an initial solution for the following agents: Agent26(25->24)
 00:02:09 | WARNING! Aborting CBS - could not obtain an initial solution for the following agents: Agent26(25->24)
 00:02:09 | WARNING! Aborting CBS - could not obtain an initial solution for the following agents: Agent14(9->8)
 00:02:09 | WARNING! Aborting CBS - could not obtain an initial solution for the following agents: Agent14(9->8)
 00:02:10 | 00:03:37 | 0.02:59:25 |  37.38%  |  4166   |   4167   | 60%  |  94606   |   0    | 169.62MB  
 00:02:10 | WARNING! Aborting CBS - could not obtain an initial solution for the following agents: Agent4(9->8)
 00:02:14 | WARNING! Aborting CBS - could not obtain an initial solution for the following agents: Agent19(8->2)
 00:02:14 | WARNING! Aborting CBS - could not obtain an initial solution for the following agents: Agent19(8->2)
 00:02:14 | WARNING! Aborting CBS - could not obtain an initial solution for the following agents: Agent26(25->24)
 00:02:15 | 00:03:28 | 0.03:08:34 |  39.29%  |  4377   |   4382   | 60%  |  99744   |   0    | 168.77MB  
 00:02:17 | WARNING! Aborting CBS - could not obtain an initial solution for the following agents: Agent7(57->56)
 00:02:20 | 00:03:17 | 0.03:19:20 |  41.53%  |  4625   |   4634   | 60%  |  105151  |   0    | 169.30MB  
 00:02:23 | WARNING! Aborting CBS - could not obtain an initial solution for the following agents: Agent8(42->34)
 00:02:23 | WARNING! Aborting CBS - could not obtain an initial solution for the following agents: Agent8(42->34)
 00:02:23 | WARNING! Aborting CBS - could not obtain an initial solution for the following agents: Agent14(9->8)
 00:02:23 | WARNING! Aborting CBS - could not obtain an initial solution for the following agents: Agent1(3->1)
 00:02:23 | WARNING! Aborting CBS - could not obtain an initial solution for the following agents: Agent1(3->1)
 00:02:23 | WARNING! Aborting CBS - could not obtain an initial solution for the following agents: Agent1(3->1)
 00:02:25 | 00:03:06 | 0.03:30:07 |  43.78%  |  4874   |   4887   | 60%  |  111057  |   0    | 169.70MB  
 00:02:25 | WARNING! Aborting CBS - could not obtain an initial solution for the following agents: Agent28(41->34)
 00:02:25 | WARNING! Aborting CBS - could not obtain an initial solution for the following agents: Agent26(25->24)
 00:02:25 | WARNING! Aborting CBS - could not obtain an initial solution for the following agents: Agent11(24->23)
 00:02:25 | WARNING! Aborting CBS - could not obtain an initial solution for the following agents: Agent11(24->23)
 00:02:27 | WARNING! Aborting CBS - could not obtain an initial solution for the following agents: Agent0(25->24)
 00:02:27 | WARNING! Aborting CBS - could not obtain an initial solution for the following agents: Agent0(25->24)
 00:02:28 | WARNING! Aborting CBS - could not obtain an initial solution for the following agents: Agent1(2->1)
 00:02:29 | WARNING! Aborting CBS - could not obtain an initial solution for the following agents: Agent11(25->24)
 00:02:29 | WARNING! Aborting CBS - could not obtain an initial solution for the following agents: Agent11(25->24)
 00:02:30 | 00:02:57 | 0.03:39:52 |  45.81%  |  5096   |   5115   | 60%  |  116242  |   0    | 170.05MB  
 00:02:30 | WARNING! Aborting CBS - could not obtain an initial solution for the following agents: Agent29(56->55)
 00:02:33 | WARNING! Aborting CBS - could not obtain an initial solution for the following agents: Agent16(57->56)
 00:02:35 | 00:02:48 | 0.03:50:03 |  47.93%  |  5332   |   5355   | 60%  |  121922  |   0    | 171.14MB  
 00:02:36 | WARNING! Aborting CBS - could not obtain an initial solution for the following agents: Agent25(9->8)
 00:02:39 | WARNING! Aborting CBS - could not obtain an initial solution for the following agents: Agent9(58->57)
 00:02:39 | WARNING! Aborting CBS - could not obtain an initial solution for the following agents: Agent9(58->57)
 00:02:40 | 00:02:42 | 0.03:58:19 |  49.65%  |  5524   |   5547   | 60%  |  126551  |   0    | 172.94MB  
 00:02:43 | WARNING! Aborting CBS - could not obtain an initial solution for the following agents: Agent14(9->8)
 00:02:45 | 00:02:33 | 0.04:08:29 |  51.77%  |  5760   |   5787   | 60%  |  132075  |   0    | 169.77MB  
 00:02:46 | WARNING! Aborting CBS - could not obtain an initial solution for the following agents: Agent5(51->50)
 00:02:46 | WARNING! Aborting CBS - could not obtain an initial solution for the following agents: Agent5(51->50)
 00:02:46 | WARNING! Aborting CBS - could not obtain an initial solution for the following agents: Agent5(51->50)
 00:02:47 | WARNING! Aborting CBS - could not obtain an initial solution for the following agents: Agent11(25->24)
 00:02:47 | WARNING! Aborting CBS - could not obtain an initial solution for the following agents: Agent11(25->24)
 00:02:48 | WARNING! Aborting CBS - could not obtain an initial solution for the following agents: Agent19(8->1)
 00:02:48 | WARNING! Aborting CBS - could not obtain an initial solution for the following agents: Agent19(8->1)
 00:02:48 | WARNING! Aborting CBS - could not obtain an initial solution for the following agents: Agent19(8->1)
 00:02:48 | WARNING! Aborting CBS - could not obtain an initial solution for the following agents: Agent19(8->2)
 00:02:49 | WARNING! Aborting CBS - could not obtain an initial solution for the following agents: Agent27(9->8)
 00:02:50 | 00:02:28 | 0.04:15:54 |  53.31%  |  5932   |   5959   | 60%  |  136223  |   0    | 170.16MB  
 00:02:50 | WARNING! Aborting CBS - could not obtain an initial solution for the following agents: Agent27(3->2)
 00:02:50 | WARNING! Aborting CBS - could not obtain an initial solution for the following agents: Agent27(3->2)
 00:02:54 | WARNING! Aborting CBS - could not obtain an initial solution for the following agents: Agent9(58->57)
 00:02:54 | WARNING! Aborting CBS - could not obtain an initial solution for the following agents: Agent9(58->57)
 00:02:54 | WARNING! Aborting CBS - could not obtain an initial solution for the following agents: Agent9(58->57)
 00:02:54 | WARNING! Aborting CBS - could not obtain an initial solution for the following agents: Agent9(58->57)
 00:02:54 | WARNING! Aborting CBS - could not obtain an initial solution for the following agents: Agent29(56->55)
 00:02:55 | 00:02:20 | 0.04:26:15 |  55.47%  |  6170   |   6203   | 60%  |  142019  |   0    | 169.79MB  
 00:02:57 | WARNING! Aborting CBS - could not obtain an initial solution for the following agents: Agent8(41->40)
 00:03:00 | 00:02:13 | 0.04:35:23 |  57.37%  |  6382   |   6416   | 60%  |  147090  |   0    | 170.59MB  
 00:03:01 | WARNING! Aborting CBS - could not obtain an initial solution for the following agents: Agent24(25->24)
 00:03:05 | 00:02:09 | 0.04:42:21 |  58.82%  |  6544   |   6580   | 60%  |  151063  |   0    | 172.39MB  
 00:03:08 | WARNING! Aborting CBS - could not obtain an initial solution for the following agents: Agent21(43->42)
 00:03:08 | WARNING! Aborting CBS - could not obtain an initial solution for the following agents: Agent21(43->42)
 00:03:08 | WARNING! Aborting CBS - could not obtain an initial solution for the following agents: Agent21(43->42)
 00:03:08 | WARNING! Aborting CBS - could not obtain an initial solution for the following agents: Agent21(43->42)
 00:03:08 | WARNING! Aborting CBS - could not obtain an initial solution for the following agents: Agent21(43->42)
 00:03:10 | 00:02:02 | 0.04:51:36 |  60.75%  |  6758   |   6796   | 60%  |  156127  |   0    | 170.50MB  
 00:03:10 | WARNING! Aborting CBS - could not obtain an initial solution for the following agents: Agent9(57->56),Agent30(41->40)
 00:03:14 | WARNING! Aborting CBS - could not obtain an initial solution for the following agents: Agent8(41->40)
 00:03:15 | 00:01:55 | 0.05:01:23 |  62.79%  |  6984   |   7027   | 60%  |  161301  |   0    | 172.27MB  
 00:03:16 | WARNING! Aborting CBS - could not obtain an initial solution for the following agents: Agent1(9->8)
 00:03:16 | WARNING! Aborting CBS - could not obtain an initial solution for the following agents: Agent10(41->40)
 00:03:18 | WARNING! Aborting CBS - could not obtain an initial solution for the following agents: Agent24(24->23)
 00:03:18 | WARNING! Aborting CBS - could not obtain an initial solution for the following agents: Agent27(9->8)
 00:03:19 | WARNING! Aborting CBS - could not obtain an initial solution for the following agents: Agent21(42->41)
 00:03:19 | WARNING! Aborting CBS - could not obtain an initial solution for the following agents: Agent28(41->40)
 00:03:20 | 00:01:49 | 0.05:10:40 |  64.73%  |  7199   |   7244   | 60%  |  166464  |   0    | 171.24MB  
 00:03:20 | WARNING! Aborting CBS - could not obtain an initial solution for the following agents: Agent16(58->57)
 00:03:21 | WARNING! Aborting CBS - could not obtain an initial solution for the following agents: Agent10(41->40)
 00:03:21 | WARNING! Aborting CBS - could not obtain an initial solution for the following agents: Agent1(9->8)
 00:03:25 | 00:01:41 | 0.05:20:48 |  66.84%  |  7435   |   7482   | 60%  |  171713  |   0    | 172.88MB  
 00:03:28 | WARNING! Aborting CBS - could not obtain an initial solution for the following agents: Agent19(9->8)
 00:03:28 | WARNING! Aborting CBS - could not obtain an initial solution for the following agents: Agent19(9->8)
 00:03:29 | WARNING! Aborting CBS - could not obtain an initial solution for the following agents: Agent1(9->8)
 00:03:29 | WARNING! Aborting CBS - could not obtain an initial solution for the following agents: Agent1(9->8)
 00:03:30 | 00:01:32 | 0.05:32:53 |  69.35%  |  7720   |   7764   | 60%  |  178306  |   0    | 170.30MB  
 00:03:32 | WARNING! Aborting CBS - could not obtain an initial solution for the following agents: Agent7(57->56)
 00:03:33 | WARNING! Aborting CBS - could not obtain an initial solution for the following agents: Agent5(57->50)
 00:03:35 | 00:01:25 | 0.05:42:53 |  71.44%  |  7951   |   7999   | 60%  |  184204  |   0    | 170.35MB  
 00:03:39 | WARNING! Aborting CBS - could not obtain an initial solution for the following agents: Agent21(42->33)
 00:03:39 | WARNING! Aborting CBS - could not obtain an initial solution for the following agents: Agent21(42->33)
 00:03:39 | WARNING! Aborting CBS - could not obtain an initial solution for the following agents: Agent21(42->33)
 00:03:39 | WARNING! Aborting CBS - could not obtain an initial solution for the following agents: Agent21(42->34)
 00:03:40 | 00:01:21 | 0.05:50:09 |  72.95%  |  8114   |   8169   | 60%  |  188349  |   0    | 170.68MB  
 00:03:41 | WARNING! Aborting CBS - could not obtain an initial solution for the following agents: Agent16(57->56)
 00:03:41 | WARNING! Aborting CBS - could not obtain an initial solution for the following agents: Agent16(57->56)
 00:03:43 | WARNING! Aborting CBS - could not obtain an initial solution for the following agents: Agent21(41->40)
 00:03:43 | WARNING! Aborting CBS - could not obtain an initial solution for the following agents: Agent21(41->40)
 00:03:45 | 00:01:13 | 0.06:01:34 |  75.33%  |  8376   |   8437   | 60%  |  194850  |   0    | 171.25MB  
 00:03:46 | WARNING! Aborting CBS - could not obtain an initial solution for the following agents: Agent8(41->40)
 00:03:49 | WARNING! Aborting CBS - could not obtain an initial solution for the following agents: Agent11(25->24)
 00:03:49 | WARNING! Aborting CBS - could not obtain an initial solution for the following agents: Agent7(56->55)
 00:03:49 | WARNING! Aborting CBS - could not obtain an initial solution for the following agents: Agent14(3->1)
 00:03:49 | WARNING! Aborting CBS - could not obtain an initial solution for the following agents: Agent14(3->2)
 00:03:49 | WARNING! Aborting CBS - could not obtain an initial solution for the following agents: Agent14(3->2)
 00:03:50 | 00:01:06 | 0.06:12:14 |  77.55%  |  8624   |   8687   | 60%  |  200795  |   0    | 171.80MB  
 00:03:52 | WARNING! Aborting CBS - could not obtain an initial solution for the following agents: Agent4(8->2)
 00:03:55 | 00:00:58 | 0.06:24:55 |  80.19%  |  8923   |   8985   | 60%  |  207300  |   0    | 171.53MB  
 00:04:00 | 00:00:52 | 0.06:33:59 |  82.08%  |  9131   |   9198   | 60%  |  212569  |   0    | 173.44MB  
 00:04:00 | WARNING! Aborting CBS - could not obtain an initial solution for the following agents: Agent27(8->2)
 00:04:00 | WARNING! Aborting CBS - could not obtain an initial solution for the following agents: Agent8(42->41)
 00:04:00 | WARNING! Aborting CBS - could not obtain an initial solution for the following agents: Agent28(40->39)
 00:04:01 | WARNING! Aborting CBS - could not obtain an initial solution for the following agents: Agent28(41->40)
 00:04:01 | WARNING! Aborting CBS - could not obtain an initial solution for the following agents: Agent9(56->55)
 00:04:01 | WARNING! Aborting CBS - could not obtain an initial solution for the following agents: Agent9(56->55)
 00:04:01 | WARNING! Aborting CBS - could not obtain an initial solution for the following agents: Agent29(56->55)
 00:04:02 | WARNING! Aborting CBS - could not obtain an initial solution for the following agents: Agent24(25->24)
 00:04:05 | 00:00:44 | 0.06:45:34 |  84.50%  |  9404   |   9469   | 60%  |  218867  |   0    | 171.90MB  
 00:04:10 | 00:00:37 | 0.06:56:54 |  86.86%  |  9667   |   9734   | 60%  |  225070  |   0    | 172.14MB  
 00:04:10 | WARNING! Aborting CBS - could not obtain an initial solution for the following agents: Agent19(9->8)
 00:04:15 | 00:00:32 | 0.07:05:56 |  88.74%  |  9879   |   9946   | 60%  |  230066  |   0    | 172.04MB  
 00:04:20 | 00:00:25 | 0.07:16:29 |  90.93%  |  10127  |  10193   | 60%  |  235829  |   0    | 172.00MB  
 00:04:25 | 00:00:21 | 0.07:24:43 |  92.65%  |  10316  |  10387   | 60%  |  240676  |   0    | 171.90MB  
 00:04:26 | WARNING! Aborting CBS - could not obtain an initial solution for the following agents: Agent2(25->24)
 00:04:26 | WARNING! Aborting CBS - could not obtain an initial solution for the following agents: Agent2(25->24)
 00:04:26 | WARNING! Aborting CBS - could not obtain an initial solution for the following agents: Agent2(25->24)
 00:04:26 | WARNING! Aborting CBS - could not obtain an initial solution for the following agents: Agent9(57->56)
 00:04:26 | WARNING! Aborting CBS - could not obtain an initial solution for the following agents: Agent9(57->56)
 00:04:27 | WARNING! Aborting CBS - could not obtain an initial solution for the following agents: Agent11(19->17)
 00:04:27 | WARNING! Aborting CBS - could not obtain an initial solution for the following agents: Agent11(19->18)
 00:04:28 | WARNING! Aborting CBS - could not obtain an initial solution for the following agents: Agent0(25->24)
 00:04:29 | WARNING! Aborting CBS - could not obtain an initial solution for the following agents: Agent26(25->24)
 00:04:30 | 00:00:14 | 0.07:35:48 |  94.96%  |  10574  |  10646   | 60%  |  246695  |   0    | 171.95MB  
 00:04:30 | WARNING! Aborting CBS - could not obtain an initial solution for the following agents: Agent7(56->55)
 00:04:30 | WARNING! Aborting CBS - could not obtain an initial solution for the following agents: Agent7(56->55)
 00:04:30 | WARNING! Aborting CBS - could not obtain an initial solution for the following agents: Agent5(57->56)
 00:04:34 | WARNING! Aborting CBS - could not obtain an initial solution for the following agents: Agent16(57->56)
 00:04:35 | 00:00:07 | 0.07:47:09 |  97.32%  |  10841  |  10912   | 60%  |  252406  |   0    | 171.99MB  
 00:04:35 | WARNING! Aborting CBS - could not obtain an initial solution for the following agents: Agent8(41->34)
 00:04:35 | WARNING! Aborting CBS - could not obtain an initial solution for the following agents: Agent8(41->34)
 00:04:36 | WARNING! Aborting CBS - could not obtain an initial solution for the following agents: Agent2(24->17)
 00:04:38 | WARNING! Aborting CBS - could not obtain an initial solution for the following agents: Agent0(25->24)
 00:04:38 | WARNING! Aborting CBS - could not obtain an initial solution for the following agents: Agent0(25->24)
 00:04:39 | WARNING! Aborting CBS - could not obtain an initial solution for the following agents: Agent1(9->8)
 00:04:40 | 00:00:00 | 0.07:59:23 |  99.87%  |  11124  |  11199   | 60%  |  258752  |   0    | 172.29MB  
 00:04:40 | 00:00:00 | 0.08:00:00 | 100.00%  |  11139  |  11213   | 60%  |  259188  |   0    | 172.30MB  
 00:04:40 | >>> Simulation finished - writing results ...
 00:04:40 | >>> Results written
Simulation finished.
>>> Timings
StatTimingPathPlanningAverage: 0.013914726281359178
StatTimingPathPlanningOverall: 219.08736530000024
StatTimingPathPlanningCount: 15745
StatTimingTaskAllocationAverage: 0.0014086217454407782
StatTimingTaskAllocationOverall: 22.32242880000001
StatTimingTaskAllocationCount: 15847
StatTimingItemStorageAverage: 3.7603373624392967E-06
StatTimingItemStorageOverall: 0.041687100000002045
StatTimingItemStorageCount: 11086
StatTimingPodStorageAverage: 0.001906948703642931
StatTimingPodStorageOverall: 5.810472700000011
StatTimingPodStorageCount: 3047
StatTimingReplenishmentBatchingAverage: 8.164585457016646E-06
StatTimingReplenishmentBatchingOverall: 0.09611349999999996
StatTimingReplenishmentBatchingCount: 11772
StatTimingOrderBatchingAverage: 0.00010832448569168022
StatTimingOrderBatchingOverall: 3.2856983000000444
StatTimingOrderBatchingCount: 30332
>>> Overall
StatOverallBundlesPlaced: 15169
StatOverallItemsOrdered: 11183
StatOverallOrdersPlaced: 11183
StatOverallBundlesRejected: 0
StatOverallOrdersRejected: 0
StatOverallBundlesHandled: 11213
StatOverallItemsHandled: 11143
StatOverallLinesHandled: 11143
StatOverallOrdersHandled: 11139
StatOverallCollisions: 0
StatOverallDistanceTraveled: 259188.13948762428
StatOverallDistanceEstimated: 238558
StatOverallAssignedTasks: 15847
StatMaxMemoryUsed: 174.125
StatRealTimeUsed: 280.368267
StatAverageTurnoverTime: 367.23300507188327
StatMedianTurnoverTime: 215.25834052622304
StatLowerQuartileTurnoverTime: 122.86009140011811
StatUpperQuartileTurnoverTime: 485.8002059668106
StatAverageThroughputTime: 114.30925414594137
StatMedianThroughputTime: 120.96649188184301
StatLowerQuartileThroughputTime: 81.07130510239949
StatUpperQuartileThroughputTime: 141.89131307975185
>>> Energy (Rizqi model)
StatEnergyTotalKJ: 19823.06035231243
StatEnergyE1AccelKJ: 5412.038900749976
StatEnergyE2DecelKJ: 0
StatEnergyE3CruiseKJ: 9753.460878000004
StatEnergyE4RotationKJ: 3833.2755824512838
StatEnergyE5LiftLowerKJ: 824.2849911111114
StatEnergyPerOrderKJ: 1.7796086140867609
StatEnergyPerMeterJoule: 76.46605598022076
StatDistanceTraveledRizqiM: 259240
>>> Motion Behavior
StatTurningCount: 32412
StatStopAndGoCount: 43998
StatLoadedDistanceM: 173546
StatLoadedTurningCount: 23722
StatWaitTimeSec: 605515.9559111767
StatMoveEnergyEmptyKJ: 4406.098199999998
StatMoveTimeEmptySec: 84671.40707924074
StatTurnEnergyEmptyKJ: 893.6316643093005
StatTurnTimeEmptySec: 5879.715488801917
StatMoveEnergyLoadedKJ: 10759.401578749988
StatMoveTimeLoadedSec: 202819.32556365003
StatTurnEnergyLoadedKJ: 2939.6439181420046
StatTurnTimeLoadedSec: 15010.880431866495
StatPrefEmptyW: 58.52748937846609
StatPrefLoadedW: 62.88864041736228

Marked tag finished after 1 tries!
.Fin. - SUCCESS
