<<< Welcome to the RAWSimO CLI >>>
The time is: 04/17/2026 03:37:25
Starting RAWSimO wrapper with the following arguments:
Instance: Material/Instances/CoreBenchmark/aesop.xlayo
Setting: Material/Instances/CoreBenchmark/test-short.xsett
ControlConfig: Material/Instances/CoreBenchmark/aesop-ecbs.xconf
StatisticsDir: output_compare/
Seed: 42
Additionally the following tag was passed: test-ecbs-small
Adding handler for unhandled exceptions ...
Initializing ... 
LayoutConfiguration recognized!
Parsing setting config ...
Parsing control config ...
Parsing layout config ...
Generating instance...
Info about all directions within the generated instance:
# # # # # e p e p p p p p p p p p p p p p p p p p e p p p p p p p p p p p p p p p p p e p p p p p p p p p e s # # # # # 
# # # # # n q ^ + + + + + + + + v + + + + + + + + ^ + + + + + + + + v + + + + + + + + ^ + + + + + + + + q d q # # # # # 
# # # # # b p b + + + + + + + + v + + + + + + + + ^ + + + + + + + + v + + + + + + + + ^ + + + + + + + + v b s # # # # # 
s w w w w d q d < < < < < < < < q < < < < < < < < d < < < < < < < < q < < < < < < < < d < < < < < < < < q d q w w w w w 
p e e e s b p b + + + + + + + + v + + + + + + + + ^ + + + + + + + + v + + + + + + + + ^ + + + + + + + + v b p e e e e n 
s w w w w d q ^ + + + + + + + + v + + + + + + + + ^ + + + + + + + + v + + + + + + + + ^ + + + + + + + + q d q n w w w d 
e e e e e b p b > > > > > > > > p > > > > > > > > b > > > > > > > > p > > > > > > > > b > > > > > > > > p b p e e e e n 
# # # # # n q ^ + + + + + + + + v + + + + + + + + ^ + + + + + + + + v + + + + + + + + ^ + + + + + + + + q d q # # # # # 
# # # # # b p b + + + + + + + + v + + + + + + + + ^ + + + + + + + + v + + + + + + + + ^ + + + + + + + + v b s # # # # # 
s w w w w d q d < < < < < < < < q < < < < < < < < d < < < < < < < < q < < < < < < < < d < < < < < < < < q d q w w w w w 
p e e e s b p b + + + + + + + + v + + + + + + + + ^ + + + + + + + + v + + + + + + + + ^ + + + + + + + + v b p e e e e n 
s w w w w d q ^ + + + + + + + + v + + + + + + + + ^ + + + + + + + + v + + + + + + + + ^ + + + + + + + + q d q n w w w d 
e e e e e b p b > > > > > > > > p > > > > > > > > b > > > > > > > > p > > > > > > > > b > > > > > > > > p b p e e e e n 
# # # # # n q ^ + + + + + + + + v + + + + + + + + ^ + + + + + + + + v + + + + + + + + ^ + + + + + + + + q d q # # # # # 
# # # # # b p b + + + + + + + + v + + + + + + + + ^ + + + + + + + + v + + + + + + + + ^ + + + + + + + + v b s # # # # # 
s w w w w d q d < < < < < < < < q < < < < < < < < d < < < < < < < < q < < < < < < < < d < < < < < < < < q d q w w w w w 
p e e e s b p b + + + + + + + + v + + + + + + + + ^ + + + + + + + + v + + + + + + + + ^ + + + + + + + + v b p e e e e n 
s w w w w d q ^ + + + + + + + + v + + + + + + + + ^ + + + + + + + + v + + + + + + + + ^ + + + + + + + + q d q n w w w d 
e e e e e b p b > > > > > > > > p > > > > > > > > b > > > > > > > > p > > > > > > > > b > > > > > > > > p b p e e e e n 
# # # # # n q ^ + + + + + + + + v + + + + + + + + ^ + + + + + + + + v + + + + + + + + ^ + + + + + + + + q d q # # # # # 
# # # # # b p b + + + + + + + + v + + + + + + + + ^ + + + + + + + + v + + + + + + + + ^ + + + + + + + + v b s # # # # # 
s w w w w d q d < < < < < < < < q < < < < < < < < d < < < < < < < < q < < < < < < < < d < < < < < < < < q d q w w w w w 
p e e e s b p b + + + + + + + + v + + + + + + + + ^ + + + + + + + + v + + + + + + + + ^ + + + + + + + + v b p e e e e n 
s w w w w d q ^ + + + + + + + + v + + + + + + + + ^ + + + + + + + + v + + + + + + + + ^ + + + + + + + + q d q n w w w d 
e e e e e b p b > > > > > > > > p > > > > > > > > b > > > > > > > > p > > > > > > > > b > > > > > > > > p b p e e e e n 
# # # # # n q ^ + + + + + + + + v + + + + + + + + ^ + + + + + + + + v + + + + + + + + ^ + + + + + + + + q d q # # # # # 
# # # # # b p b + + + + + + + + v + + + + + + + + ^ + + + + + + + + v + + + + + + + + ^ + + + + + + + + v b s # # # # # 
# # # # # n q d < < < < < < < < q < < < < < < < < d < < < < < < < < q < < < < < < < < d < < < < < < < < q d q # # # # # 
# # # # # b p b + + + + + + + + v + + + + + + + + ^ + + + + + + + + v + + + + + + + + ^ + + + + + + + + v b s # # # # # 
# # # # # n q ^ + + + + + + + + v + + + + + + + + ^ + + + + + + + + v + + + + + + + + ^ + + + + + + + + q d q # # # # # 
# # # # # b p b > > > > > > > > p > > > > > > > > b > > > > > > > > p > > > > > > > > b > > > > > > > > p b s # # # # # 
# # # # # n q ^ + + + + + + + + v + + + + + + + + ^ + + + + + + + + v + + + + + + + + ^ + + + + + + + + q d q # # # # # 
# # # # # b p b + + + + + + + + v + + + + + + + + ^ + + + + + + + + v + + + + + + + + ^ + + + + + + + + v b s # # # # # 
# # # # # n w d d d d d d d d d w d d d d d d d d d d d d d d d d d w d d d d d d d d d d d d d d d d d w d w # # # # # 


Info about all types within the generated instance:
# # # # # r r r r r r r r r r r r r r r r r r r r r r r r r r r r r r r r r r r r r r r r r r r r r r r r r r # # # # # 
# # # # # r r r s s s s s s s s r s s s s s s s s r s s s s s s s s r s s s s s s s s r s s s s s s s s r r r # # # # # 
# # # # # r r r s s s s s s s s r s s s s s s s s r s s s s s s s s r s s s s s s s s r s s s s s s s s r r r # # # # # 
b b b b b r r r r r r r r r r r r r r r r r r r r r r r r r r r r r r r r r r r r r r r r r r r r r r r r r r b b b b o 
b b b b b r r r s s s s s s s s r s s s s s s s s r s s s s s s s s r s s s s s s s s r s s s s s s s s r r r b b b b b 
b b b b b r r r s s s s s s s s r s s s s s s s s r s s s s s s s s r s s s s s s s s r s s s s s s s s r r r b b b b b 
i b b b b r r r r r r r r r r r r r r r r r r r r r r r r r r r r r r r r r r r r r r r r r r r r r r r r r r b b b b b 
# # # # # r r r s s s s s s s s r s s s s s s s s r s s s s s s s s r s s s s s s s s r s s s s s s s s r r r # # # # # 
# # # # # r r r s s s s s s s s r s s s s s s s s r s s s s s s s s r s s s s s s s s r s s s s s s s s r r r # # # # # 
b b b b b r r r r r r r r r r r r r r r r r r r r r r r r r r r r r r r r r r r r r r r r r r r r r r r r r r b b b b o 
b b b b b r r r s s s s s s s s r s s s s s s s s r s s s s s s s s r s s s s s s s s r s s s s s s s s r r r b b b b b 
b b b b b r r r s s s s s s s s r s s s s s s s s r s s s s s s s s r s s s s s s s s r s s s s s s s s r r r b b b b b 
i b b b b r r r r r r r r r r r r r r r r r r r r r r r r r r r r r r r r r r r r r r r r r r r r r r r r r r b b b b b 
# # # # # r r r s s s s s s s s r s s s s s s s s r s s s s s s s s r s s s s s s s s r s s s s s s s s r r r # # # # # 
# # # # # r r r s s s s s s s s r s s s s s s s s r s s s s s s s s r s s s s s s s s r s s s s s s s s r r r # # # # # 
b b b b b r r r r r r r r r r r r r r r r r r r r r r r r r r r r r r r r r r r r r r r r r r r r r r r r r r b b b b o 
b b b b b r r r s s s s s s s s r s s s s s s s s r s s s s s s s s r s s s s s s s s r s s s s s s s s r r r b b b b b 
b b b b b r r r s s s s s s s s r s s s s s s s s r s s s s s s s s r s s s s s s s s r s s s s s s s s r r r b b b b b 
i b b b b r r r r r r r r r r r r r r r r r r r r r r r r r r r r r r r r r r r r r r r r r r r r r r r r r r b b b b b 
# # # # # r r r s s s s s s s s r s s s s s s s s r s s s s s s s s r s s s s s s s s r s s s s s s s s r r r # # # # # 
# # # # # r r r s s s s s s s s r s s s s s s s s r s s s s s s s s r s s s s s s s s r s s s s s s s s r r r # # # # # 
b b b b b r r r r r r r r r r r r r r r r r r r r r r r r r r r r r r r r r r r r r r r r r r r r r r r r r r b b b b o 
b b b b b r r r s s s s s s s s r s s s s s s s s r s s s s s s s s r s s s s s s s s r s s s s s s s s r r r b b b b b 
b b b b b r r r s s s s s s s s r s s s s s s s s r s s s s s s s s r s s s s s s s s r s s s s s s s s r r r b b b b b 
i b b b b r r r r r r r r r r r r r r r r r r r r r r r r r r r r r r r r r r r r r r r r r r r r r r r r r r b b b b b 
# # # # # r r r s s s s s s s s r s s s s s s s s r s s s s s s s s r s s s s s s s s r s s s s s s s s r r r # # # # # 
# # # # # r r r s s s s s s s s r s s s s s s s s r s s s s s s s s r s s s s s s s s r s s s s s s s s r r r # # # # # 
# # # # # r r r r r r r r r r r r r r r r r r r r r r r r r r r r r r r r r r r r r r r r r r r r r r r r r r # # # # # 
# # # # # r r r s s s s s s s s r s s s s s s s s r s s s s s s s s r s s s s s s s s r s s s s s s s s r r r # # # # # 
# # # # # r r r s s s s s s s s r s s s s s s s s r s s s s s s s s r s s s s s s s s r s s s s s s s s r r r # # # # # 
# # # # # r r r r r r r r r r r r r r r r r r r r r r r r r r r r r r r r r r r r r r r r r r r r r r r r r r # # # # # 
# # # # # r r r s s s s s s s s r s s s s s s s s r s s s s s s s s r s s s s s s s s r s s s s s s s s r r r # # # # # 
# # # # # r r r s s s s s s s s r s s s s s s s s r s s s s s s s s r s s s s s s s s r s s s s s s s s r r r # # # # # 
# # # # # r r r r r r r r r r r r r r r r r r r r r r r r r r r r r r r r r r r r r r r r r r r r r r r r r r # # # # # 


[EnergyConsumption] Configured from LayoutConfiguration: RobotMass=100 kg, PodFrameMass=300 kg
StatisticsFolder: aesop-aesop-aesop-ecbs-42
Done!
Executing ... 
 03:37:27 | >>> Warming up ...
 00:00:00 | >>> Warmup finished - starting simulation ...
 Realtime |   ETA    |  Sim.Time  | Progress | #Orders | #Bundles | Inv. | Distance | #Coll. |   Memory    
 00:00:00 |   n/a    | 0.00:00:00 |  0.00%   |    0    |    0     | 70%  |    0     |   0    | 151.90MB  
 00:00:04 | WARNING! Aborting ECBS - could not obtain an initial solution for the following agents: Agent10(13->2)
 00:00:04 | WARNING! Aborting ECBS - could not obtain an initial solution for the following agents: Agent10(13->2)
 00:00:04 | WARNING! Aborting ECBS - could not obtain an initial solution for the following agents: Agent10(13->2)
 00:00:05 | 00:01:35 | 0.00:01:29 |  4.98%   |    6    |    5     | 70%  |   1149   |   0    | 158.29MB  
 00:00:08 | WARNING! Aborting ECBS - could not obtain an initial solution for the following agents: Agent4(72->71)
 00:00:10 | 00:00:25 | 0.00:08:25 |  28.09%  |   104   |   142    | 71%  |   4606   |   0    | 159.67MB  
 00:00:10 | WARNING! Aborting ECBS - could not obtain an initial solution for the following agents: Agent6(74->73)
 00:00:10 | WARNING! Aborting ECBS - could not obtain an initial solution for the following agents: Agent6(74->73)
 00:00:10 | WARNING! Aborting ECBS - could not obtain an initial solution for the following agents: Agent6(74->73)
 00:00:10 | WARNING! Aborting ECBS - could not obtain an initial solution for the following agents: Agent6(74->73)
 00:00:10 | WARNING! Aborting ECBS - could not obtain an initial solution for the following agents: Agent6(74->73)
 00:00:14 | WARNING! Aborting ECBS - could not obtain an initial solution for the following agents: Agent19(34->33)
 00:00:14 | WARNING! Aborting ECBS - could not obtain an initial solution for the following agents: Agent19(34->33)
 00:00:14 | WARNING! Aborting ECBS - could not obtain an initial solution for the following agents: Agent19(34->33)
 00:00:14 | WARNING! Aborting ECBS - could not obtain an initial solution for the following agents: Agent19(34->33)
 00:00:14 | WARNING! Aborting ECBS - could not obtain an initial solution for the following agents: Agent19(34->33)
 00:00:15 | 00:00:17 | 0.00:13:59 |  46.65%  |   172   |   247    | 72%  |   8007   |   0    | 164.35MB  
 00:00:17 | WARNING! Aborting ECBS - could not obtain an initial solution for the following agents: Agent10(12->11)
 00:00:17 | WARNING! Aborting ECBS - could not obtain an initial solution for the following agents: Agent10(12->11)
 00:00:18 | ECBS RandomHop mutated 1/14 agent paths (cumulative=1)
 00:00:18 | ECBS RandomHop mutated 1/15 agent paths (cumulative=2)
 00:00:18 | ECBS RandomHop mutated 1/16 agent paths (cumulative=3)
 00:00:18 | ECBS RandomHop mutated 1/17 agent paths (cumulative=4)
 00:00:18 | ECBS RandomHop mutated 1/15 agent paths (cumulative=5)
 00:00:18 | ECBS RandomHop mutated 1/17 agent paths (cumulative=6)
 00:00:18 | ECBS RandomHop mutated 1/18 agent paths (cumulative=7)
 00:00:18 | ECBS RandomHop mutated 1/16 agent paths (cumulative=8)
 00:00:18 | ECBS RandomHop mutated 1/16 agent paths (cumulative=9)
 00:00:18 | ECBS RandomHop mutated 1/16 agent paths (cumulative=10)
 00:00:18 | ECBS RandomHop mutated 1/15 agent paths (cumulative=11)
 00:00:18 | ECBS RandomHop mutated 1/15 agent paths (cumulative=12)
 00:00:18 | WARNING! Aborting ECBS - could not obtain an initial solution for the following agents: Agent16(14->13)
 00:00:18 | ECBS RandomHop mutated 1/13 agent paths (cumulative=13)
 00:00:18 | WARNING! Aborting ECBS - could not obtain an initial solution for the following agents: Agent16(14->13)
 00:00:18 | ECBS RandomHop mutated 2/12 agent paths (cumulative=15)
 00:00:18 | WARNING! Aborting ECBS - could not obtain an initial solution for the following agents: Agent16(14->13)
 00:00:18 | ECBS RandomHop mutated 1/11 agent paths (cumulative=16)
 00:00:18 | WARNING! Aborting ECBS - could not obtain an initial solution for the following agents: Agent16(14->13)
 00:00:18 | ECBS RandomHop mutated 1/11 agent paths (cumulative=17)
 00:00:18 | WARNING! Aborting ECBS - could not obtain an initial solution for the following agents: Agent16(14->13)
 00:00:18 | ECBS RandomHop mutated 1/11 agent paths (cumulative=18)
 00:00:18 | WARNING! Aborting ECBS - could not obtain an initial solution for the following agents: Agent16(14->13)
 00:00:18 | ECBS RandomHop mutated 1/12 agent paths (cumulative=19)
 00:00:18 | WARNING! Aborting ECBS - could not obtain an initial solution for the following agents: Agent16(14->13)
 00:00:18 | WARNING! Aborting ECBS - could not obtain an initial solution for the following agents: Agent16(14->13)
 00:00:19 | WARNING! Aborting ECBS - could not obtain an initial solution for the following agents: Agent10(14->13)
 00:00:19 | WARNING! Aborting ECBS - could not obtain an initial solution for the following agents: Agent10(14->13)
 00:00:19 | WARNING! Aborting ECBS - could not obtain an initial solution for the following agents: Agent10(14->13)
 00:00:19 | WARNING! Aborting ECBS - could not obtain an initial solution for the following agents: Agent3(34->33)
 00:00:19 | WARNING! Aborting ECBS - could not obtain an initial solution for the following agents: Agent3(34->33)
 00:00:19 | WARNING! Aborting ECBS - could not obtain an initial solution for the following agents: Agent3(34->33)
 00:00:19 | WARNING! Aborting ECBS - could not obtain an initial solution for the following agents: Agent3(34->33)
 00:00:19 | WARNING! Aborting ECBS - could not obtain an initial solution for the following agents: Agent3(34->33)
 00:00:19 | WARNING! Aborting ECBS - could not obtain an initial solution for the following agents: Agent3(34->33)
 00:00:19 | WARNING! Aborting ECBS - could not obtain an initial solution for the following agents: Agent8(12->11)
 00:00:19 | WARNING! Aborting ECBS - could not obtain an initial solution for the following agents: Agent17(64->63)
 00:00:20 | 00:00:07 | 0.00:21:56 |  73.14%  |   263   |   388    | 73%  |  12863   |   0    | 166.69MB  
 00:00:23 | WARNING! Aborting ECBS - could not obtain an initial solution for the following agents: Agent15(154->153)
 00:00:23 | WARNING! Aborting ECBS - could not obtain an initial solution for the following agents: Agent15(154->153)
 00:00:23 | WARNING! Aborting ECBS - could not obtain an initial solution for the following agents: Agent15(154->153)
 00:00:23 | WARNING! Aborting ECBS - could not obtain an initial solution for the following agents: Agent15(154->153)
 00:00:23 | WARNING! Aborting ECBS - could not obtain an initial solution for the following agents: Agent15(154->153)
 00:00:23 | WARNING! Aborting ECBS - could not obtain an initial solution for the following agents: Agent15(154->153)
 00:00:24 | WARNING! Aborting ECBS - could not obtain an initial solution for the following agents: Agent4(74->73)
 00:00:24 | WARNING! Aborting ECBS - could not obtain an initial solution for the following agents: Agent4(74->73)
 00:00:24 | 00:00:00 | 0.00:30:00 | 100.00%  |   361   |   522    | 74%  |  17976   |   0    | 170.09MB  
 00:00:24 | >>> Simulation finished - writing results ...
 00:00:25 | >>> Results written
Simulation finished.
>>> Timings
StatTimingPathPlanningAverage: 0.013426802321262744
StatTimingPathPlanningOverall: 14.460666099999974
StatTimingPathPlanningCount: 1077
StatTimingTaskAllocationAverage: 0.011040190657894735
StatTimingTaskAllocationOverall: 8.390544899999998
StatTimingTaskAllocationCount: 760
StatTimingItemStorageAverage: 1.0504058441558452E-05
StatTimingItemStorageOverall: 0.006470500000000006
StatTimingItemStorageCount: 616
StatTimingPodStorageAverage: 0.010886700956937802
StatTimingPodStorageOverall: 2.2753205000000007
StatTimingPodStorageCount: 209
StatTimingReplenishmentBatchingAverage: 2.2910403726708046E-05
StatTimingReplenishmentBatchingOverall: 0.01475429999999998
StatTimingReplenishmentBatchingCount: 644
StatTimingOrderBatchingAverage: 0.0001261631979695431
StatTimingOrderBatchingOverall: 0.14912489999999995
StatTimingOrderBatchingCount: 1182
>>> Overall
StatOverallBundlesPlaced: 606
StatOverallItemsOrdered: 604
StatOverallOrdersPlaced: 378
StatOverallBundlesRejected: 0
StatOverallOrdersRejected: 0
StatOverallBundlesHandled: 522
StatOverallItemsHandled: 564
StatOverallLinesHandled: 536
StatOverallOrdersHandled: 361
StatOverallCollisions: 0
StatOverallDistanceTraveled: 17976.101483511637
StatOverallDistanceEstimated: 16306
StatOverallAssignedTasks: 760
StatMaxMemoryUsed: 170.09375
StatRealTimeUsed: 24.7417054
StatAverageTurnoverTime: 534.1284559998904
StatMedianTurnoverTime: 420.59834433709386
StatLowerQuartileTurnoverTime: 188.47857200645763
StatUpperQuartileTurnoverTime: 839.2131870519462
StatAverageThroughputTime: 82.71262644653808
StatMedianThroughputTime: 60.44634163388173
StatLowerQuartileThroughputTime: 30.46408346488448
StatUpperQuartileThroughputTime: 120.45758849957178
>>> Energy (Rizqi model)
StatEnergyTotalKJ: 2200.7179698334426
StatEnergyE1AccelKJ: 775.9864752196847
StatEnergyE2DecelKJ: 0
StatEnergyE3CruiseKJ: 609.6710156971601
StatEnergyE4RotationKJ: 264.0317888451659
StatEnergyE5LiftLowerKJ: 551.0286900714314
StatEnergyPerOrderKJ: 6.096171661588484
StatEnergyPerMeterJoule: 121.97749527953899
StatDistanceTraveledRizqiM: 18042
>>> Motion Behavior
StatTurningCount: 2377
StatStopAndGoCount: 2884
StatLoadedDistanceM: 12723
StatLoadedTurningCount: 1827
StatWaitTimeSec: 18071.368652132805
StatMoveEnergyEmptyKJ: 76.237525
StatMoveTimeEmptySec: 6755.983679936895
StatTurnEnergyEmptyKJ: 10.511666775019082
StatTurnTimeEmptySec: 573.3287925002858
StatMoveEnergyLoadedKJ: 1309.419965916845
StatMoveTimeLoadedSec: 18925.72359352292
StatTurnEnergyLoadedKJ: 253.5201220701468
StatTurnTimeLoadedSec: 1868.3513911575253
StatPrefEmptyW: 11.835924870340914
StatPrefLoadedW: 75.16276098544667

Marked tag finished after 1 tries!
.Fin. - SUCCESS
