<<< Welcome to the RAWSimO CLI >>>
The time is: 04/14/2026 14:25:43
Starting RAWSimO wrapper with the following arguments:
Instance: Material/Instances/PP/1-4-4-32-550.xinst
Setting: Material/Instances/PP/PPMinimal.xsett
ControlConfig: Material/Instances/PP/aesop-cbs.xconf
StatisticsDir: C:\Users\Aesop\Desktop\rawsim-o-rmfs-world-models\output_pref\seed_19
Seed: 19
Adding handler for unhandled exceptions ...
Initializing ... 
Instance recognized!
Parsing setting config ...
Parsing control config ...
Parsing instance ...
StatisticsFolder: 1-4-4-32-550-PPMinimal-aesop-cbs-19
Done!
Executing ... 
 14:25:46 | >>> Warming up ...
 00:00:00 | >>> Warmup finished - starting simulation ...
 Realtime |   ETA    |  Sim.Time  | Progress | #Orders | #Bundles | Inv. | Distance | #Coll. |   Memory    
 00:00:00 |   n/a    | 0.00:00:00 |  0.00%   |    0    |    0     | 60%  |    0     |   0    | 123.28MB  
 00:00:05 | 04:29:16 | 0.00:00:08 |  0.03%   |    0    |    0     | 60%  |   177    |   0    | 132.83MB  
 00:00:10 | 02:15:22 | 0.00:00:35 |  0.12%   |    0    |    0     | 60%  |   821    |   0    | 143.95MB  
 00:00:15 | 02:51:26 | 0.00:00:41 |  0.15%   |    0    |    0     | 60%  |   949    |   0    | 150.70MB  
 00:00:20 | 03:13:03 | 0.00:00:49 |  0.17%   |    2    |    0     | 60%  |   1123   |   0    | 152.69MB  
 00:00:25 | 03:38:27 | 0.00:00:54 |  0.19%   |    2    |    0     | 60%  |   1223   |   0    | 159.44MB  
 00:00:30 | 03:59:41 | 0.00:00:59 |  0.21%   |    4    |    0     | 60%  |   1325   |   0    | 164.45MB  
 00:00:32 | WARNING! Aborting CBS - could not obtain an initial solution for the following agents: Agent8(41->32)
 00:00:32 | WARNING! Aborting CBS - could not obtain an initial solution for the following agents: Agent8(41->32)
 00:00:32 | WARNING! Aborting CBS - could not obtain an initial solution for the following agents: Agent8(41->34)
 00:00:33 | WARNING! Aborting CBS - could not obtain an initial solution for the following agents: Agent27(1->0)
 00:00:33 | WARNING! Aborting CBS - could not obtain an initial solution for the following agents: Agent27(1->0)
 00:00:35 | 02:59:00 | 0.00:01:33 |  0.32%   |   16    |    7     | 60%  |   1888   |   0    | 167.11MB  
 00:00:36 | WARNING! Aborting CBS - could not obtain an initial solution for the following agents: Agent29(56->55)
 00:00:36 | WARNING! Aborting CBS - could not obtain an initial solution for the following agents: Agent21(41->40)
 00:00:36 | WARNING! Aborting CBS - could not obtain an initial solution for the following agents: Agent21(41->40)
 00:00:36 | WARNING! Aborting CBS - could not obtain an initial solution for the following agents: Agent21(41->40)
 00:00:37 | WARNING! Aborting CBS - could not obtain an initial solution for the following agents: Agent27(9->8)
 00:00:40 | 00:31:07 | 0.00:10:04 |  2.10%   |   216   |   207    | 60%  |   5360   |   0    | 168.09MB  
 00:00:43 | WARNING! Aborting CBS - could not obtain an initial solution for the following agents: Agent28(41->40)
 00:00:44 | WARNING! Aborting CBS - could not obtain an initial solution for the following agents: Agent9(57->56)
 00:00:45 | 00:17:17 | 0.00:19:57 |  4.16%   |   450   |   439    | 60%  |   9566   |   0    | 168.13MB  
 00:00:46 | WARNING! Aborting CBS - could not obtain an initial solution for the following agents: Agent1(9->8)
 00:00:46 | WARNING! Aborting CBS - could not obtain an initial solution for the following agents: Agent29(57->56)
 00:00:50 | 00:13:12 | 0.00:28:29 |  5.94%   |   650   |   638    | 60%  |  13639   |   0    | 168.56MB  
 00:00:51 | WARNING! Aborting CBS - could not obtain an initial solution for the following agents: Agent19(3->1)
 00:00:51 | WARNING! Aborting CBS - could not obtain an initial solution for the following agents: Agent19(3->2)
 00:00:51 | WARNING! Aborting CBS - could not obtain an initial solution for the following agents: Agent19(3->2)
 00:00:53 | WARNING! Aborting CBS - could not obtain an initial solution for the following agents: Agent0(25->24)
 00:00:53 | WARNING! Aborting CBS - could not obtain an initial solution for the following agents: Agent16(56->55)
 00:00:53 | WARNING! Aborting CBS - could not obtain an initial solution for the following agents: Agent16(56->55)
 00:00:55 | 00:10:33 | 0.00:38:21 |  7.99%   |   880   |   869    | 60%  |  18675   |   0    | 168.08MB  
 00:00:55 | WARNING! Aborting CBS - could not obtain an initial solution for the following agents: Agent10(41->40)
 00:00:55 | WARNING! Aborting CBS - could not obtain an initial solution for the following agents: Agent19(3->2)
 00:00:58 | WARNING! Aborting CBS - could not obtain an initial solution for the following agents: Agent2(25->24)
 00:01:00 | 00:08:56 | 0.00:48:17 |  10.06%  |  1114   |   1101   | 60%  |  24010   |   0    | 168.04MB  
 00:01:00 | WARNING! Aborting CBS - could not obtain an initial solution for the following agents: Agent16(57->56)
 00:01:00 | WARNING! Aborting CBS - could not obtain an initial solution for the following agents: Agent16(57->56)
 00:01:00 | WARNING! Aborting CBS - could not obtain an initial solution for the following agents: Agent28(41->40)
 00:01:00 | WARNING! Aborting CBS - could not obtain an initial solution for the following agents: Agent2(25->24)
 00:01:00 | WARNING! Aborting CBS - could not obtain an initial solution for the following agents: Agent2(25->24)
 00:01:01 | WARNING! Aborting CBS - could not obtain an initial solution for the following agents: Agent10(35->34)
 00:01:01 | WARNING! Aborting CBS - could not obtain an initial solution for the following agents: Agent10(35->34)
 00:01:04 | WARNING! Aborting CBS - could not obtain an initial solution for the following agents: Agent25(3->1)
 00:01:04 | WARNING! Aborting CBS - could not obtain an initial solution for the following agents: Agent25(3->2)
 00:01:04 | WARNING! Aborting CBS - could not obtain an initial solution for the following agents: Agent25(3->2)
 00:01:05 | 00:07:58 | 0.00:57:26 |  11.97%  |  1327   |   1315   | 60%  |  28843   |   0    | 168.46MB  
 00:01:07 | WARNING! Aborting CBS - could not obtain an initial solution for the following agents: Agent24(25->24)
 00:01:07 | WARNING! Aborting CBS - could not obtain an initial solution for the following agents: Agent28(41->40)
 00:01:07 | WARNING! Aborting CBS - could not obtain an initial solution for the following agents: Agent28(41->40)
 00:01:07 | WARNING! Aborting CBS - could not obtain an initial solution for the following agents: Agent28(41->40)
 00:01:09 | WARNING! Aborting CBS - could not obtain an initial solution for the following agents: Agent26(25->24)
 00:01:09 | WARNING! Aborting CBS - could not obtain an initial solution for the following agents: Agent26(25->24)
 00:01:09 | WARNING! Aborting CBS - could not obtain an initial solution for the following agents: Agent2(25->24)
 00:01:09 | WARNING! Aborting CBS - could not obtain an initial solution for the following agents: Agent2(25->24)
 00:01:09 | WARNING! Aborting CBS - could not obtain an initial solution for the following agents: Agent2(25->24)
 00:01:10 | 00:07:00 | 0.01:08:32 |  14.28%  |  1589   |   1576   | 60%  |  34557   |   0    | 167.43MB  
 00:01:10 | WARNING! Aborting CBS - could not obtain an initial solution for the following agents: Agent0(25->24)
 00:01:10 | WARNING! Aborting CBS - could not obtain an initial solution for the following agents: Agent27(3->2)
 00:01:12 | WARNING! Aborting CBS - could not obtain an initial solution for the following agents: Agent8(41->40)
 00:01:12 | WARNING! Aborting CBS - could not obtain an initial solution for the following agents: Agent8(41->40)
 00:01:15 | 00:06:21 | 0.01:18:56 |  16.45%  |  1832   |   1819   | 60%  |  39971   |   0    | 168.00MB  
 00:01:20 | 00:06:01 | 0.01:26:58 |  18.12%  |  2021   |   2007   | 60%  |  44310   |   0    | 168.14MB  
 00:01:23 | WARNING! Aborting CBS - could not obtain an initial solution for the following agents: Agent4(3->2)
 00:01:24 | WARNING! Aborting CBS - could not obtain an initial solution for the following agents: Agent26(25->24)
 00:01:24 | WARNING! Aborting CBS - could not obtain an initial solution for the following agents: Agent26(25->24)
 00:01:25 | 00:05:31 | 0.01:38:04 |  20.43%  |  2274   |   2266   | 60%  |  50672   |   0    | 167.89MB  
 00:01:25 | WARNING! Aborting CBS - could not obtain an initial solution for the following agents: Agent25(9->8)
 00:01:26 | WARNING! Aborting CBS - could not obtain an initial solution for the following agents: Agent25(9->8)
 00:01:26 | WARNING! Aborting CBS - could not obtain an initial solution for the following agents: Agent28(41->40)
 00:01:27 | WARNING! Aborting CBS - could not obtain an initial solution for the following agents: Agent4(3->1)
 00:01:27 | WARNING! Aborting CBS - could not obtain an initial solution for the following agents: Agent4(3->2)
 00:01:27 | WARNING! Aborting CBS - could not obtain an initial solution for the following agents: Agent4(3->2)
 00:01:27 | WARNING! Aborting CBS - could not obtain an initial solution for the following agents: Agent4(3->2)
 00:01:29 | WARNING! Aborting CBS - could not obtain an initial solution for the following agents: Agent21(40->39)
 00:01:30 | 00:05:09 | 0.01:48:13 |  22.55%  |  2511   |   2505   | 60%  |  56116   |   0    | 168.34MB  
 00:01:30 | WARNING! Aborting CBS - could not obtain an initial solution for the following agents: Agent28(41->40)
 00:01:33 | WARNING! Aborting CBS - could not obtain an initial solution for the following agents: Agent7(56->50)
 00:01:33 | WARNING! Aborting CBS - could not obtain an initial solution for the following agents: Agent7(56->54)
 00:01:35 | 00:04:50 | 0.01:58:11 |  24.62%  |  2742   |   2739   | 60%  |  61310   |   0    | 167.76MB  
 00:01:35 | WARNING! Aborting CBS - could not obtain an initial solution for the following agents: Agent8(41->34)
 00:01:37 | WARNING! Aborting CBS - could not obtain an initial solution for the following agents: Agent5(56->55)
 00:01:39 | WARNING! Aborting CBS - could not obtain an initial solution for the following agents: Agent14(9->8)
 00:01:39 | WARNING! Aborting CBS - could not obtain an initial solution for the following agents: Agent7(58->50)
 00:01:39 | WARNING! Aborting CBS - could not obtain an initial solution for the following agents: Agent7(58->50)
 00:01:40 | 00:04:34 | 0.02:08:03 |  26.68%  |  2970   |   2970   | 60%  |  66399   |   0    | 168.64MB  
 00:01:40 | WARNING! Aborting CBS - could not obtain an initial solution for the following agents: Agent19(9->8)
 00:01:40 | WARNING! Aborting CBS - could not obtain an initial solution for the following agents: Agent19(9->8)
 00:01:44 | WARNING! Aborting CBS - could not obtain an initial solution for the following agents: Agent5(59->58)
 00:01:44 | WARNING! Aborting CBS - could not obtain an initial solution for the following agents: Agent5(59->58)
 00:01:44 | WARNING! Aborting CBS - could not obtain an initial solution for the following agents: Agent5(59->58)
 00:01:44 | WARNING! Aborting CBS - could not obtain an initial solution for the following agents: Agent5(59->58)
 00:01:45 | 00:04:19 | 0.02:18:05 |  28.77%  |  3203   |   3205   | 60%  |  72034   |   0    | 170.05MB  
 00:01:49 | WARNING! Aborting CBS - could not obtain an initial solution for the following agents: Agent9(59->50)
 00:01:49 | WARNING! Aborting CBS - could not obtain an initial solution for the following agents: Agent9(59->50)
 00:01:49 | WARNING! Aborting CBS - could not obtain an initial solution for the following agents: Agent9(59->50)
 00:01:49 | WARNING! Aborting CBS - could not obtain an initial solution for the following agents: Agent9(59->50)
 00:01:50 | 00:04:11 | 0.02:26:00 |  30.42%  |  3386   |   3390   | 60%  |  76396   |   0    | 169.54MB  
 00:01:52 | WARNING! Aborting CBS - could not obtain an initial solution for the following agents: Agent19(2->1)
 00:01:55 | 00:03:55 | 0.02:37:21 |  32.78%  |  3653   |   3658   | 60%  |  82264   |   0    | 171.64MB  
 00:01:56 | WARNING! Aborting CBS - could not obtain an initial solution for the following agents: Agent1(11->10)
 00:01:56 | WARNING! Aborting CBS - could not obtain an initial solution for the following agents: Agent1(11->10)
 00:01:56 | WARNING! Aborting CBS - could not obtain an initial solution for the following agents: Agent1(11->10)
 00:01:56 | WARNING! Aborting CBS - could not obtain an initial solution for the following agents: Agent1(11->10)
 00:01:56 | WARNING! Aborting CBS - could not obtain an initial solution for the following agents: Agent21(41->40)
 00:01:57 | WARNING! Aborting CBS - could not obtain an initial solution for the following agents: Agent25(9->8)
 00:01:57 | WARNING! Aborting CBS - could not obtain an initial solution for the following agents: Agent9(57->56)
 00:02:00 | 00:03:44 | 0.02:47:12 |  34.83%  |  3880   |   3887   | 60%  |  87709   |   0    | 169.74MB  
 00:02:00 | WARNING! Aborting CBS - could not obtain an initial solution for the following agents: Agent24(25->24)
 00:02:00 | WARNING! Aborting CBS - could not obtain an initial solution for the following agents: Agent24(25->24)
 00:02:00 | WARNING! Aborting CBS - could not obtain an initial solution for the following agents: Agent0(25->24)
 00:02:01 | WARNING! Aborting CBS - could not obtain an initial solution for the following agents: Agent9(56->55)
 00:02:01 | WARNING! Aborting CBS - could not obtain an initial solution for the following agents: Agent9(56->55)
 00:02:02 | WARNING! Aborting CBS - could not obtain an initial solution for the following agents: Agent4(3->1)
 00:02:02 | WARNING! Aborting CBS - could not obtain an initial solution for the following agents: Agent4(3->2)
 00:02:03 | WARNING! Aborting CBS - could not obtain an initial solution for the following agents: Agent24(25->24)
 00:02:05 | 00:03:26 | 0.03:00:51 |  37.68%  |  4198   |   4210   | 60%  |  94672   |   0    | 169.61MB  
 00:02:05 | WARNING! Aborting CBS - could not obtain an initial solution for the following agents: Agent30(41->40)
 00:02:05 | WARNING! Aborting CBS - could not obtain an initial solution for the following agents: Agent7(56->55)
 00:02:05 | WARNING! Aborting CBS - could not obtain an initial solution for the following agents: Agent7(56->55)
 00:02:08 | WARNING! Aborting CBS - could not obtain an initial solution for the following agents: Agent5(58->57)
 00:02:08 | WARNING! Aborting CBS - could not obtain an initial solution for the following agents: Agent5(58->57)
 00:02:08 | WARNING! Aborting CBS - could not obtain an initial solution for the following agents: Agent5(58->57)
 00:02:10 | 00:03:16 | 0.03:11:17 |  39.85%  |  4443   |   4454   | 60%  |  100083  |   0    | 169.79MB  
 00:02:15 | 00:03:07 | 0.03:21:05 |  41.89%  |  4672   |   4682   | 60%  |  105645  |   0    | 169.76MB  
 00:02:17 | WARNING! Aborting CBS - could not obtain an initial solution for the following agents: Agent11(25->24)
 00:02:20 | 00:02:59 | 0.03:30:32 |  43.86%  |  4890   |   4905   | 60%  |  110655  |   0    | 170.00MB  
 00:02:20 | WARNING! Aborting CBS - could not obtain an initial solution for the following agents: Agent7(58->57),Agent29(59->58)
 00:02:20 | WARNING! Aborting CBS - could not obtain an initial solution for the following agents: Agent7(58->57)
 00:02:20 | WARNING! Aborting CBS - could not obtain an initial solution for the following agents: Agent7(58->57)
 00:02:22 | WARNING! Aborting CBS - could not obtain an initial solution for the following agents: Agent25(9->8)
 00:02:25 | 00:02:52 | 0.03:39:13 |  45.67%  |  5092   |   5110   | 60%  |  115227  |   0    | 171.14MB  
 00:02:25 | WARNING! Aborting CBS - could not obtain an initial solution for the following agents: Agent5(57->56)
 00:02:25 | WARNING! Aborting CBS - could not obtain an initial solution for the following agents: Agent30(40->39)
 00:02:30 | 00:02:42 | 0.03:50:43 |  48.07%  |  5359   |   5379   | 60%  |  121523  |   0    | 170.95MB  
 00:02:30 | WARNING! Aborting CBS - could not obtain an initial solution for the following agents: Agent19(3->0)
 00:02:30 | WARNING! Aborting CBS - could not obtain an initial solution for the following agents: Agent19(3->0)
 00:02:30 | WARNING! Aborting CBS - could not obtain an initial solution for the following agents: Agent19(3->1)
 00:02:30 | WARNING! Aborting CBS - could not obtain an initial solution for the following agents: Agent19(3->1)
 00:02:30 | WARNING! Aborting CBS - could not obtain an initial solution for the following agents: Agent14(3->2)
 00:02:32 | WARNING! Aborting CBS - could not obtain an initial solution for the following agents: Agent5(57->56)
 00:02:32 | WARNING! Aborting CBS - could not obtain an initial solution for the following agents: Agent5(57->56)
 00:02:32 | WARNING! Aborting CBS - could not obtain an initial solution for the following agents: Agent5(57->56)
 00:02:32 | WARNING! Aborting CBS - could not obtain an initial solution for the following agents: Agent5(57->56)
 00:02:33 | WARNING! Aborting CBS - could not obtain an initial solution for the following agents: Agent9(57->56)
 00:02:35 | 00:02:34 | 0.04:00:18 |  50.07%  |  5581   |   5603   | 60%  |  127013  |   0    | 172.12MB  
 00:02:36 | WARNING! Aborting CBS - could not obtain an initial solution for the following agents: Agent7(57->56)
 00:02:37 | WARNING! Aborting CBS - could not obtain an initial solution for the following agents: Agent30(42->34)
 00:02:37 | WARNING! Aborting CBS - could not obtain an initial solution for the following agents: Agent30(42->34)
 00:02:37 | WARNING! Aborting CBS - could not obtain an initial solution for the following agents: Agent30(42->34)
 00:02:40 | 00:02:27 | 0.04:09:32 |  51.99%  |  5794   |   5819   | 60%  |  132278  |   0    | 170.59MB  
 00:02:42 | WARNING! Aborting CBS - could not obtain an initial solution for the following agents: Agent26(25->24)
 00:02:43 | WARNING! Aborting CBS - could not obtain an initial solution for the following agents: Agent8(41->40)
 00:02:43 | WARNING! Aborting CBS - could not obtain an initial solution for the following agents: Agent1(9->1)
 00:02:43 | WARNING! Aborting CBS - could not obtain an initial solution for the following agents: Agent1(9->1)
 00:02:43 | WARNING! Aborting CBS - could not obtain an initial solution for the following agents: Agent1(9->2)
 00:02:43 | WARNING! Aborting CBS - could not obtain an initial solution for the following agents: Agent1(9->3)
 00:02:45 | 00:02:23 | 0.04:17:04 |  53.56%  |  5971   |   5998   | 60%  |  136345  |   0    | 170.82MB  
 00:02:49 | WARNING! Aborting CBS - could not obtain an initial solution for the following agents: Agent14(8->2)
 00:02:49 | WARNING! Aborting CBS - could not obtain an initial solution for the following agents: Agent14(8->2)
 00:02:49 | WARNING! Aborting CBS - could not obtain an initial solution for the following agents: Agent14(8->6)
 00:02:49 | WARNING! Aborting CBS - could not obtain an initial solution for the following agents: Agent14(8->6)
 00:02:49 | WARNING! Aborting CBS - could not obtain an initial solution for the following agents: Agent30(41->40)
 00:02:50 | 00:02:13 | 0.04:28:52 |  56.01%  |  6244   |   6272   | 60%  |  142449  |   0    | 171.89MB  
 00:02:54 | WARNING! Aborting CBS - could not obtain an initial solution for the following agents: Agent16(57->56)
 00:02:55 | 00:02:06 | 0.04:38:24 |  58.00%  |  6466   |   6498   | 60%  |  147680  |   0    | 170.95MB  
 00:02:55 | WARNING! Aborting CBS - could not obtain an initial solution for the following agents: Agent26(25->24)
 00:02:56 | WARNING! Aborting CBS - could not obtain an initial solution for the following agents: Agent14(9->8)
 00:02:56 | WARNING! Aborting CBS - could not obtain an initial solution for the following agents: Agent8(40->39)
 00:03:00 | 00:01:59 | 0.04:48:01 |  60.00%  |  6687   |   6721   | 60%  |  153101  |   0    | 171.20MB  
 00:03:02 | WARNING! Aborting CBS - could not obtain an initial solution for the following agents: Agent7(56->55)
 00:03:02 | WARNING! Aborting CBS - could not obtain an initial solution for the following agents: Agent4(8->7)
 00:03:02 | WARNING! Aborting CBS - could not obtain an initial solution for the following agents: Agent4(8->7)
 00:03:03 | WARNING! Aborting CBS - could not obtain an initial solution for the following agents: Agent2(25->24)
 00:03:05 | 00:01:55 | 0.04:55:53 |  61.65%  |  6871   |   6906   | 60%  |  157709  |   0    | 171.30MB  
 00:03:08 | WARNING! Aborting CBS - could not obtain an initial solution for the following agents: Agent0(25->24)
 00:03:10 | 00:01:48 | 0.05:06:02 |  63.76%  |  7104   |   7143   | 60%  |  163262  |   0    | 171.09MB  
 00:03:11 | WARNING! Aborting CBS - could not obtain an initial solution for the following agents: Agent30(33->32)
 00:03:11 | WARNING! Aborting CBS - could not obtain an initial solution for the following agents: Agent30(33->32)
 00:03:15 | 00:01:43 | 0.05:13:59 |  65.41%  |  7283   |   7329   | 60%  |  167575  |   0    | 172.54MB  
 00:03:19 | WARNING! Aborting CBS - could not obtain an initial solution for the following agents: Agent19(3->1)
 00:03:19 | WARNING! Aborting CBS - could not obtain an initial solution for the following agents: Agent19(3->1)
 00:03:19 | WARNING! Aborting CBS - could not obtain an initial solution for the following agents: Agent19(3->2)
 00:03:19 | WARNING! Aborting CBS - could not obtain an initial solution for the following agents: Agent19(3->2)
 00:03:20 | 00:01:33 | 0.05:26:46 |  68.08%  |  7578   |   7629   | 60%  |  173967  |   0    | 171.40MB  
 00:03:23 | WARNING! Aborting CBS - could not obtain an initial solution for the following agents: Agent25(2->1)
 00:03:25 | 00:01:29 | 0.05:34:36 |  69.71%  |  7760   |   7813   | 60%  |  178037  |   0    | 175.12MB  
 00:03:27 | WARNING! Aborting CBS - could not obtain an initial solution for the following agents: Agent25(9->8)
 00:03:27 | WARNING! Aborting CBS - could not obtain an initial solution for the following agents: Agent25(9->8)
 00:03:30 | 00:01:23 | 0.05:43:58 |  71.66%  |  7978   |   8032   | 60%  |  183180  |   0    | 171.25MB  
 00:03:32 | WARNING! Aborting CBS - could not obtain an initial solution for the following agents: Agent11(24->23)
 00:03:35 | 00:01:18 | 0.05:52:10 |  73.37%  |  8169   |   8225   | 60%  |  188065  |   0    | 172.39MB  
 00:03:40 | 00:01:10 | 0.06:03:56 |  75.82%  |  8442   |   8501   | 60%  |  194326  |   0    | 171.88MB  
 00:03:40 | WARNING! Aborting CBS - could not obtain an initial solution for the following agents: Agent25(9->8)
 00:03:40 | WARNING! Aborting CBS - could not obtain an initial solution for the following agents: Agent25(9->8)
 00:03:40 | WARNING! Aborting CBS - could not obtain an initial solution for the following agents: Agent24(25->24)
 00:03:42 | WARNING! Aborting CBS - could not obtain an initial solution for the following agents: Agent25(9->8)
 00:03:42 | WARNING! Aborting CBS - could not obtain an initial solution for the following agents: Agent25(9->8)
 00:03:45 | 00:01:03 | 0.06:14:41 |  78.06%  |  8690   |   8753   | 60%  |  200273  |   0    | 173.01MB  
 00:03:47 | WARNING! Aborting CBS - could not obtain an initial solution for the following agents: Agent2(25->24)
 00:03:50 | 00:00:57 | 0.06:23:29 |  79.89%  |  8897   |   8957   | 60%  |  205025  |   0    | 172.39MB  
 00:03:50 | WARNING! Aborting CBS - could not obtain an initial solution for the following agents: Agent29(56->55)
 00:03:50 | WARNING! Aborting CBS - could not obtain an initial solution for the following agents: Agent29(56->55)
 00:03:50 | WARNING! Aborting CBS - could not obtain an initial solution for the following agents: Agent29(56->55)
 00:03:52 | WARNING! Aborting CBS - could not obtain an initial solution for the following agents: Agent9(56->54)
 00:03:55 | 00:00:51 | 0.06:33:41 |  82.02%  |  9126   |   9198   | 60%  |  210287  |   0    | 173.19MB  
 00:03:55 | WARNING! Aborting CBS - could not obtain an initial solution for the following agents: Agent10(35->33)
 00:03:55 | WARNING! Aborting CBS - could not obtain an initial solution for the following agents: Agent10(35->33)
 00:03:55 | WARNING! Aborting CBS - could not obtain an initial solution for the following agents: Agent10(35->33)
 00:03:56 | WARNING! Aborting CBS - could not obtain an initial solution for the following agents: Agent11(25->24)
 00:03:57 | WARNING! Aborting CBS - could not obtain an initial solution for the following agents: Agent8(41->40)
 00:03:57 | WARNING! Aborting CBS - could not obtain an initial solution for the following agents: Agent28(40->39)
 00:03:57 | WARNING! Aborting CBS - could not obtain an initial solution for the following agents: Agent28(40->39)
 00:03:57 | WARNING! Aborting CBS - could not obtain an initial solution for the following agents: Agent28(40->39)
 00:03:58 | WARNING! Aborting CBS - could not obtain an initial solution for the following agents: Agent7(57->56)
 00:03:58 | WARNING! Aborting CBS - could not obtain an initial solution for the following agents: Agent7(57->56)
 00:04:00 | 00:00:45 | 0.06:44:01 |  84.17%  |  9368   |   9441   | 60%  |  215609  |   0    | 172.44MB  
 00:04:04 | WARNING! Aborting CBS - could not obtain an initial solution for the following agents: Agent0(25->24)
 00:04:04 | WARNING! Aborting CBS - could not obtain an initial solution for the following agents: Agent10(41->39)
 00:04:04 | WARNING! Aborting CBS - could not obtain an initial solution for the following agents: Agent10(41->39)
 00:04:05 | WARNING! Aborting CBS - could not obtain an initial solution for the following agents: Agent10(41->40)
 00:04:05 | 00:00:38 | 0.06:54:47 |  86.41%  |  9616   |   9693   | 60%  |  221725  |   0    | 172.72MB  
 00:04:07 | WARNING! Aborting CBS - could not obtain an initial solution for the following agents: Agent19(2->1)
 00:04:08 | WARNING! Aborting CBS - could not obtain an initial solution for the following agents: Agent5(58->57)
 00:04:08 | WARNING! Aborting CBS - could not obtain an initial solution for the following agents: Agent5(58->57)
 00:04:08 | WARNING! Aborting CBS - could not obtain an initial solution for the following agents: Agent29(56->55)
 00:04:09 | WARNING! Aborting CBS - could not obtain an initial solution for the following agents: Agent27(9->8)
 00:04:09 | WARNING! Aborting CBS - could not obtain an initial solution for the following agents: Agent27(9->8)
 00:04:10 | 00:00:32 | 0.07:04:59 |  88.54%  |  9848   |   9932   | 60%  |  227722  |   0    | 172.72MB  
 00:04:11 | WARNING! Aborting CBS - could not obtain an initial solution for the following agents: Agent29(57->56)
 00:04:15 | WARNING! Aborting CBS - could not obtain an initial solution for the following agents: Agent2(25->24)
 00:04:15 | 00:00:28 | 0.07:11:12 |  89.84%  |  9993   |  10077   | 60%  |  231468  |   0    | 172.81MB  
 00:04:20 | 00:00:24 | 0.07:19:18 |  91.52%  |  10181  |  10269   | 60%  |  236003  |   0    | 173.07MB  
 00:04:20 | WARNING! Aborting CBS - could not obtain an initial solution for the following agents: Agent11(25->24)
 00:04:22 | WARNING! Aborting CBS - could not obtain an initial solution for the following agents: Agent30(40->39)
 00:04:24 | WARNING! Aborting CBS - could not obtain an initial solution for the following agents: Agent14(3->1)
 00:04:24 | WARNING! Aborting CBS - could not obtain an initial solution for the following agents: Agent24(24->23)
 00:04:25 | 00:00:19 | 0.07:27:39 |  93.26%  |  10377  |  10463   | 60%  |  240420  |   0    | 173.82MB  
 00:04:25 | WARNING! Aborting CBS - could not obtain an initial solution for the following agents: Agent10(41->40),Agent28(40->39)
 00:04:25 | WARNING! Aborting CBS - could not obtain an initial solution for the following agents: Agent0(25->24)
 00:04:25 | WARNING! Aborting CBS - could not obtain an initial solution for the following agents: Agent0(25->24)
 00:04:25 | WARNING! Aborting CBS - could not obtain an initial solution for the following agents: Agent0(25->24)
 00:04:26 | WARNING! Aborting CBS - could not obtain an initial solution for the following agents: Agent0(25->24)
 00:04:26 | WARNING! Aborting CBS - could not obtain an initial solution for the following agents: Agent0(25->24)
 00:04:27 | WARNING! Aborting CBS - could not obtain an initial solution for the following agents: Agent2(25->24)
 00:04:28 | WARNING! Aborting CBS - could not obtain an initial solution for the following agents: Agent9(57->56)
 00:04:30 | 00:00:11 | 0.07:39:44 |  95.78%  |  10660  |  10746   | 60%  |  246923  |   0    | 173.12MB  
 00:04:30 | WARNING! Aborting CBS - could not obtain an initial solution for the following agents: Agent1(8->2)
 00:04:33 | WARNING! Aborting CBS - could not obtain an initial solution for the following agents: Agent1(9->8)
 00:04:33 | WARNING! Aborting CBS - could not obtain an initial solution for the following agents: Agent1(9->8)
 00:04:33 | WARNING! Aborting CBS - could not obtain an initial solution for the following agents: Agent1(9->7)
 00:04:33 | WARNING! Aborting CBS - could not obtain an initial solution for the following agents: Agent1(9->8)
 00:04:35 | 00:00:08 | 0.07:46:10 |  97.12%  |  10808  |  10897   | 60%  |  250339  |   0    | 173.35MB  
 00:04:39 | WARNING! Aborting CBS - could not obtain an initial solution for the following agents: Agent4(3->1)
 00:04:39 | WARNING! Aborting CBS - could not obtain an initial solution for the following agents: Agent4(3->2)
 00:04:40 | 00:00:02 | 0.07:55:29 |  99.06%  |  11028  |  11115   | 60%  |  255609  |   0    | 173.21MB  
 00:04:40 | WARNING! Aborting CBS - could not obtain an initial solution for the following agents: Agent29(57->56)
 00:04:41 | WARNING! Aborting CBS - could not obtain an initial solution for the following agents: Agent2(26->25)
 00:04:41 | WARNING! Aborting CBS - could not obtain an initial solution for the following agents: Agent30(41->40)
 00:04:41 | WARNING! Aborting CBS - could not obtain an initial solution for the following agents: Agent30(41->40)
 00:04:41 | 00:00:00 | 0.08:00:00 | 100.00%  |  11131  |  11221   | 60%  |  257754  |   0    | 173.11MB  
 00:04:41 | >>> Simulation finished - writing results ...
 00:04:42 | >>> Results written
Simulation finished.
>>> Timings
StatTimingPathPlanningAverage: 0.01409445029247283
StatTimingPathPlanningOverall: 219.26736319999983
StatTimingPathPlanningCount: 15557
StatTimingTaskAllocationAverage: 0.00146254296089747
StatTimingTaskAllocationOverall: 22.553874999999884
StatTimingTaskAllocationCount: 15421
StatTimingItemStorageAverage: 3.5296122521247587E-06
StatTimingItemStorageOverall: 0.03987050000000127
StatTimingItemStorageCount: 11296
StatTimingPodStorageAverage: 0.001948904802352177
StatTimingPodStorageOverall: 5.965597600000014
StatTimingPodStorageCount: 3061
StatTimingReplenishmentBatchingAverage: 7.727091295116797E-06
StatTimingReplenishmentBatchingOverall: 0.09098650000000028
StatTimingReplenishmentBatchingCount: 11775
StatTimingOrderBatchingAverage: 0.00010846789044478468
StatTimingOrderBatchingOverall: 3.3385332000000276
StatTimingOrderBatchingCount: 30779
>>> Overall
StatOverallBundlesPlaced: 15160
StatOverallItemsOrdered: 11175
StatOverallOrdersPlaced: 11175
StatOverallBundlesRejected: 0
StatOverallOrdersRejected: 0
StatOverallBundlesHandled: 11221
StatOverallItemsHandled: 11135
StatOverallLinesHandled: 11135
StatOverallOrdersHandled: 11131
StatOverallCollisions: 0
StatOverallDistanceTraveled: 257753.59508883167
StatOverallDistanceEstimated: 237344
StatOverallAssignedTasks: 15421
StatMaxMemoryUsed: 175.41015625
StatRealTimeUsed: 281.5899258
StatAverageTurnoverTime: 368.1469956751939
StatMedianTurnoverTime: 213.62648708020924
StatLowerQuartileTurnoverTime: 121.50084012453226
StatUpperQuartileTurnoverTime: 497.9931681326889
StatAverageThroughputTime: 114.34216255381226
StatMedianThroughputTime: 121.09185824765882
StatLowerQuartileThroughputTime: 80.90702556524593
StatUpperQuartileThroughputTime: 142.19194723745932
>>> Energy (Rizqi model)
StatEnergyTotalKJ: 19738.287520820704
StatEnergyE1AccelKJ: 5402.03798449998
StatEnergyE2DecelKJ: 0
StatEnergyE3CruiseKJ: 9677.631124000007
StatEnergyE4RotationKJ: 3837.9461900984543
StatEnergyE5LiftLowerKJ: 820.6722222222224
StatEnergyPerOrderKJ: 1.7732717204941788
StatEnergyPerMeterJoule: 76.55840323024088
StatDistanceTraveledRizqiM: 257820
>>> Motion Behavior
StatTurningCount: 32483
StatStopAndGoCount: 44146
StatLoadedDistanceM: 174176
StatLoadedTurningCount: 23869
StatWaitTimeSec: 606268.307471658
StatMoveEnergyEmptyKJ: 4291.3299
StatMoveTimeEmptySec: 83061.68002192795
StatTurnEnergyEmptyKJ: 884.7390234285295
StatTurnTimeEmptySec: 5803.995603662592
StatMoveEnergyLoadedKJ: 10788.339208499992
StatMoveTimeLoadedSec: 203723.14223752782
StatTurnEnergyLoadedKJ: 2953.2071666699467
StatTurnTimeLoadedSec: 15084.467116741547
StatPrefEmptyW: 58.24598628199685
StatPrefLoadedW: 62.80195837669031

Marked tag finished after 1 tries!
.Fin. - SUCCESS
