<<< Welcome to the RAWSimO CLI >>>
The time is: 04/14/2026 14:30:29
Starting RAWSimO wrapper with the following arguments:
Instance: Material/Instances/PP/1-4-4-32-550.xinst
Setting: Material/Instances/PP/PPMinimal.xsett
ControlConfig: Material/Instances/PP/aesop-cbs.xconf
StatisticsDir: C:\Users\Aesop\Desktop\rawsim-o-rmfs-world-models\output_pref\seed_22
Seed: 22
Adding handler for unhandled exceptions ...
Initializing ... 
Instance recognized!
Parsing setting config ...
Parsing control config ...
Parsing instance ...
StatisticsFolder: 1-4-4-32-550-PPMinimal-aesop-cbs-22
Done!
Executing ... 
 14:30:31 | >>> Warming up ...
 00:00:00 | >>> Warmup finished - starting simulation ...
 Realtime |   ETA    |  Sim.Time  | Progress | #Orders | #Bundles | Inv. | Distance | #Coll. |   Memory    
 00:00:00 |   n/a    | 0.00:00:00 |  0.00%   |    0    |    0     | 60%  |    0     |   0    | 123.07MB  
 00:00:05 | 05:39:41 | 0.00:00:07 |  0.02%   |    0    |    0     | 60%  |   130    |   0    | 129.85MB  
 00:00:10 | 02:15:18 | 0.00:00:35 |  0.12%   |    0    |    0     | 60%  |   821    |   0    | 140.95MB  
 00:00:15 | 02:56:35 | 0.00:00:40 |  0.14%   |    0    |    0     | 60%  |   924    |   0    | 147.82MB  
 00:00:20 | 03:13:01 | 0.00:00:49 |  0.17%   |    2    |    0     | 60%  |   1123   |   0    | 149.36MB  
 00:00:25 | 03:38:32 | 0.00:00:54 |  0.19%   |    2    |    0     | 60%  |   1223   |   0    | 157.60MB  
 00:00:30 | 03:59:52 | 0.00:00:59 |  0.21%   |    4    |    0     | 60%  |   1325   |   0    | 162.60MB  
 00:00:32 | WARNING! Aborting CBS - could not obtain an initial solution for the following agents: Agent8(41->32)
 00:00:32 | WARNING! Aborting CBS - could not obtain an initial solution for the following agents: Agent8(41->32)
 00:00:32 | WARNING! Aborting CBS - could not obtain an initial solution for the following agents: Agent8(41->34)
 00:00:34 | WARNING! Aborting CBS - could not obtain an initial solution for the following agents: Agent27(1->0)
 00:00:34 | WARNING! Aborting CBS - could not obtain an initial solution for the following agents: Agent27(1->0)
 00:00:35 | 03:07:29 | 0.00:01:29 |  0.31%   |   14    |    6     | 60%  |   1808   |   0    | 165.04MB  
 00:00:40 | 00:38:56 | 0.00:08:04 |  1.68%   |   170   |   160    | 60%  |   4647   |   0    | 164.37MB  
 00:00:45 | 00:23:21 | 0.00:14:56 |  3.11%   |   331   |   321    | 60%  |   7825   |   0    | 166.85MB  
 00:00:47 | WARNING! Aborting CBS - could not obtain an initial solution for the following agents: Agent24(26->25)
 00:00:49 | WARNING! Aborting CBS - could not obtain an initial solution for the following agents: Agent4(9->8)
 00:00:49 | WARNING! Aborting CBS - could not obtain an initial solution for the following agents: Agent24(25->24)
 00:00:49 | WARNING! Aborting CBS - could not obtain an initial solution for the following agents: Agent24(25->24)
 00:00:50 | 00:16:31 | 0.00:23:02 |  4.80%   |   519   |   510    | 60%  |  11799   |   0    | 167.50MB  
 00:00:54 | WARNING! Aborting CBS - could not obtain an initial solution for the following agents: Agent2(26->25)
 00:00:54 | WARNING! Aborting CBS - could not obtain an initial solution for the following agents: Agent2(26->25)
 00:00:55 | 00:12:25 | 0.00:32:59 |  6.87%   |   751   |   743    | 60%  |  16381   |   0    | 169.27MB  
 00:00:56 | WARNING! Aborting CBS - could not obtain an initial solution for the following agents: Agent2(24->21)
 00:00:58 | WARNING! Aborting CBS - could not obtain an initial solution for the following agents: Agent21(41->40)
 00:01:00 | 00:09:56 | 0.00:43:53 |  9.14%   |  1008   |   998    | 60%  |  21604   |   0    | 168.47MB  
 00:01:00 | WARNING! Aborting CBS - could not obtain an initial solution for the following agents: Agent11(24->23)
 00:01:03 | WARNING! Aborting CBS - could not obtain an initial solution for the following agents: Agent21(41->33)
 00:01:03 | WARNING! Aborting CBS - could not obtain an initial solution for the following agents: Agent21(41->35)
 00:01:05 | 00:08:31 | 0.00:54:05 |  11.27%  |  1243   |   1237   | 60%  |  26886   |   0    | 168.45MB  
 00:01:10 | 00:07:37 | 0.01:03:43 |  13.27%  |  1469   |   1463   | 60%  |  31757   |   0    | 168.69MB  
 00:01:10 | WARNING! Aborting CBS - could not obtain an initial solution for the following agents: Agent26(25->18)
 00:01:11 | WARNING! Aborting CBS - could not obtain an initial solution for the following agents: Agent1(9->8)
 00:01:11 | WARNING! Aborting CBS - could not obtain an initial solution for the following agents: Agent1(9->8)
 00:01:13 | WARNING! Aborting CBS - could not obtain an initial solution for the following agents: Agent8(34->32),Agent10(41->33)
 00:01:13 | WARNING! Aborting CBS - could not obtain an initial solution for the following agents: Agent8(34->32),Agent10(41->33)
 00:01:13 | WARNING! Aborting CBS - could not obtain an initial solution for the following agents: Agent8(34->33),Agent10(41->32)
 00:01:13 | WARNING! Aborting CBS - could not obtain an initial solution for the following agents: Agent10(41->34)
 00:01:13 | WARNING! Aborting CBS - could not obtain an initial solution for the following agents: Agent10(41->34)
 00:01:13 | WARNING! Aborting CBS - could not obtain an initial solution for the following agents: Agent25(9->8)
 00:01:13 | WARNING! Aborting CBS - could not obtain an initial solution for the following agents: Agent25(9->8)
 00:01:15 | 00:07:00 | 0.01:12:39 |  15.14%  |  1679   |   1671   | 60%  |  36872   |   0    | 168.82MB  
 00:01:18 | WARNING! Aborting CBS - could not obtain an initial solution for the following agents: Agent26(25->24)
 00:01:20 | 00:06:41 | 0.01:19:44 |  16.61%  |  1846   |   1839   | 60%  |  40669   |   0    | 168.79MB  
 00:01:23 | WARNING! Aborting CBS - could not obtain an initial solution for the following agents: Agent14(9->8)
 00:01:25 | 00:06:10 | 0.01:29:37 |  18.67%  |  2080   |   2070   | 60%  |  45755   |   0    | 169.38MB  
 00:01:26 | WARNING! Aborting CBS - could not obtain an initial solution for the following agents: Agent28(35->34)
 00:01:28 | WARNING! Aborting CBS - could not obtain an initial solution for the following agents: Agent0(25->24)
 00:01:30 | 00:05:44 | 0.01:39:31 |  20.73%  |  2305   |   2302   | 60%  |  51559   |   0    | 169.39MB  
 00:01:33 | WARNING! Aborting CBS - could not obtain an initial solution for the following agents: Agent25(9->8)
 00:01:33 | WARNING! Aborting CBS - could not obtain an initial solution for the following agents: Agent25(9->8)
 00:01:33 | WARNING! Aborting CBS - could not obtain an initial solution for the following agents: Agent10(41->40)
 00:01:35 | 00:05:17 | 0.01:50:39 |  23.05%  |  2565   |   2563   | 60%  |  57482   |   0    | 168.84MB  
 00:01:35 | WARNING! Aborting CBS - could not obtain an initial solution for the following agents: Agent26(25->24)
 00:01:37 | WARNING! Aborting CBS - could not obtain an initial solution for the following agents: Agent19(1->0)
 00:01:38 | WARNING! Aborting CBS - could not obtain an initial solution for the following agents: Agent11(25->24)
 00:01:40 | 00:04:53 | 0.02:01:59 |  25.42%  |  2832   |   2827   | 60%  |  63574   |   0    | 169.66MB  
 00:01:43 | WARNING! Aborting CBS - could not obtain an initial solution for the following agents: Agent24(25->24)
 00:01:45 | 00:04:39 | 0.02:11:08 |  27.32%  |  3043   |   3038   | 60%  |  68711   |   0    | 169.96MB  
 00:01:46 | WARNING! Aborting CBS - could not obtain an initial solution for the following agents: Agent19(8->7)
 00:01:46 | WARNING! Aborting CBS - could not obtain an initial solution for the following agents: Agent1(8->7)
 00:01:50 | 00:04:27 | 0.02:19:57 |  29.16%  |  3250   |   3245   | 60%  |  73607   |   0    | 170.44MB  
 00:01:55 | 00:04:38 | 0.02:20:12 |  29.21%  |  3254   |   3251   | 60%  |  73707   |   0    | 174.15MB  
 00:02:00 | 00:04:42 | 0.02:23:03 |  29.81%  |  3320   |   3318   | 60%  |  75254   |   0    | 170.93MB  
 00:02:02 | WARNING! Aborting CBS - could not obtain an initial solution for the following agents: Agent21(41->40)
 00:02:05 | 00:04:23 | 0.02:34:19 |  32.15%  |  3585   |   3580   | 60%  |  81291   |   0    | 171.65MB  
 00:02:06 | WARNING! Aborting CBS - could not obtain an initial solution for the following agents: Agent19(9->8)
 00:02:06 | WARNING! Aborting CBS - could not obtain an initial solution for the following agents: Agent7(57->56)
 00:02:06 | WARNING! Aborting CBS - could not obtain an initial solution for the following agents: Agent21(41->40)
 00:02:09 | WARNING! Aborting CBS - could not obtain an initial solution for the following agents: Agent9(58->50)
 00:02:09 | WARNING! Aborting CBS - could not obtain an initial solution for the following agents: Agent9(58->50)
 00:02:09 | WARNING! Aborting CBS - could not obtain an initial solution for the following agents: Agent10(41->40)
 00:02:10 | 00:04:06 | 0.02:45:50 |  34.55%  |  3853   |   3850   | 60%  |  87536   |   0    | 169.83MB  
 00:02:12 | WARNING! Aborting CBS - could not obtain an initial solution for the following agents: Agent5(57->56)
 00:02:12 | WARNING! Aborting CBS - could not obtain an initial solution for the following agents: Agent5(57->56)
 00:02:12 | WARNING! Aborting CBS - could not obtain an initial solution for the following agents: Agent5(57->56)
 00:02:15 | 00:03:54 | 0.02:55:35 |  36.58%  |  4080   |   4080   | 60%  |  92692   |   0    | 170.21MB  
 00:02:18 | WARNING! Aborting CBS - could not obtain an initial solution for the following agents: Agent19(3->0)
 00:02:20 | 00:03:48 | 0.03:02:26 |  38.01%  |  4238   |   4239   | 60%  |  96856   |   0    | 170.98MB  
 00:02:21 | WARNING! Aborting CBS - could not obtain an initial solution for the following agents: Agent9(57->56)
 00:02:21 | WARNING! Aborting CBS - could not obtain an initial solution for the following agents: Agent9(57->56)
 00:02:21 | WARNING! Aborting CBS - could not obtain an initial solution for the following agents: Agent9(57->56)
 00:02:23 | WARNING! Aborting CBS - could not obtain an initial solution for the following agents: Agent24(25->24)
 00:02:25 | 00:03:38 | 0.03:11:39 |  39.93%  |  4452   |   4456   | 60%  |  102160  |   0    | 170.33MB  
 00:02:28 | WARNING! Aborting CBS - could not obtain an initial solution for the following agents: Agent30(41->40)
 00:02:28 | WARNING! Aborting CBS - could not obtain an initial solution for the following agents: Agent30(41->40)
 00:02:28 | WARNING! Aborting CBS - could not obtain an initial solution for the following agents: Agent30(41->40)
 00:02:30 | 00:03:23 | 0.03:23:55 |  42.48%  |  4739   |   4743   | 60%  |  108510  |   0    | 171.29MB  
 00:02:30 | WARNING! Aborting CBS - could not obtain an initial solution for the following agents: Agent21(41->40)
 00:02:31 | WARNING! Aborting CBS - could not obtain an initial solution for the following agents: Agent2(26->25)
 00:02:31 | WARNING! Aborting CBS - could not obtain an initial solution for the following agents: Agent2(26->25)
 00:02:31 | WARNING! Aborting CBS - could not obtain an initial solution for the following agents: Agent2(26->25)
 00:02:31 | WARNING! Aborting CBS - could not obtain an initial solution for the following agents: Agent26(25->24)
 00:02:33 | WARNING! Aborting CBS - could not obtain an initial solution for the following agents: Agent25(9->8)
 00:02:35 | 00:03:18 | 0.03:30:41 |  43.90%  |  4896   |   4903   | 60%  |  112516  |   0    | 172.49MB  
 00:02:38 | WARNING! Aborting CBS - could not obtain an initial solution for the following agents: Agent25(9->8)
 00:02:40 | 00:03:11 | 0.03:38:33 |  45.53%  |  5078   |   5088   | 60%  |  116971  |   0    | 173.89MB  
 00:02:42 | WARNING! Aborting CBS - could not obtain an initial solution for the following agents: Agent25(3->1)
 00:02:42 | WARNING! Aborting CBS - could not obtain an initial solution for the following agents: Agent25(3->1)
 00:02:42 | WARNING! Aborting CBS - could not obtain an initial solution for the following agents: Agent25(3->2)
 00:02:42 | WARNING! Aborting CBS - could not obtain an initial solution for the following agents: Agent25(3->2)
 00:02:45 | 00:03:03 | 0.03:47:13 |  47.34%  |  5281   |   5291   | 60%  |  122062  |   0    | 172.30MB  
 00:02:46 | WARNING! Aborting CBS - could not obtain an initial solution for the following agents: Agent1(9->8)
 00:02:46 | WARNING! Aborting CBS - could not obtain an initial solution for the following agents: Agent1(9->8)
 00:02:48 | WARNING! Aborting CBS - could not obtain an initial solution for the following agents: Agent10(40->39)
 00:02:48 | WARNING! Aborting CBS - could not obtain an initial solution for the following agents: Agent10(40->39)
 00:02:50 | 00:02:55 | 0.03:56:22 |  49.24%  |  5495   |   5505   | 60%  |  127256  |   0    | 172.25MB  
 00:02:51 | WARNING! Aborting CBS - could not obtain an initial solution for the following agents: Agent14(8->7)
 00:02:51 | WARNING! Aborting CBS - could not obtain an initial solution for the following agents: Agent14(8->7)
 00:02:54 | WARNING! Aborting CBS - could not obtain an initial solution for the following agents: Agent16(59->58)
 00:02:54 | WARNING! Aborting CBS - could not obtain an initial solution for the following agents: Agent16(59->58)
 00:02:55 | 00:02:45 | 0.04:06:21 |  51.33%  |  5723   |   5740   | 60%  |  132723  |   0    | 172.55MB  
 00:02:55 | WARNING! Aborting CBS - could not obtain an initial solution for the following agents: Agent5(57->56)
 00:02:56 | WARNING! Aborting CBS - could not obtain an initial solution for the following agents: Agent5(57->56)
 00:02:56 | WARNING! Aborting CBS - could not obtain an initial solution for the following agents: Agent0(25->24)
 00:03:00 | 00:02:37 | 0.04:15:41 |  53.27%  |  5940   |   5957   | 60%  |  137771  |   0    | 172.34MB  
 00:03:00 | WARNING! Aborting CBS - could not obtain an initial solution for the following agents: Agent1(3->2)
 00:03:00 | WARNING! Aborting CBS - could not obtain an initial solution for the following agents: Agent1(3->2)
 00:03:01 | WARNING! Aborting CBS - could not obtain an initial solution for the following agents: Agent5(57->56)
 00:03:01 | WARNING! Aborting CBS - could not obtain an initial solution for the following agents: Agent5(57->56)
 00:03:01 | WARNING! Aborting CBS - could not obtain an initial solution for the following agents: Agent5(57->56)
 00:03:03 | WARNING! Aborting CBS - could not obtain an initial solution for the following agents: Agent0(25->24)
 00:03:03 | WARNING! Aborting CBS - could not obtain an initial solution for the following agents: Agent0(25->24)
 00:03:05 | 00:02:26 | 0.04:27:39 |  55.76%  |  6217   |   6239   | 60%  |  144013  |   0    | 172.20MB  
 00:03:10 | 00:02:21 | 0.04:35:12 |  57.33%  |  6390   |   6414   | 60%  |  148142  |   0    | 174.98MB  
 00:03:14 | WARNING! Aborting CBS - could not obtain an initial solution for the following agents: Agent4(8->1)
 00:03:14 | WARNING! Aborting CBS - could not obtain an initial solution for the following agents: Agent4(8->1)
 00:03:14 | WARNING! Aborting CBS - could not obtain an initial solution for the following agents: Agent4(8->1)
 00:03:14 | WARNING! Aborting CBS - could not obtain an initial solution for the following agents: Agent4(8->2)
 00:03:15 | 00:02:14 | 0.04:43:58 |  59.16%  |  6595   |   6619   | 60%  |  153158  |   0    | 172.22MB  
 00:03:19 | WARNING! Aborting CBS - could not obtain an initial solution for the following agents: Agent5(57->56)
 00:03:20 | 00:02:07 | 0.04:52:43 |  60.98%  |  6798   |   6825   | 60%  |  157616  |   0    | 172.81MB  
 00:03:21 | WARNING! Aborting CBS - could not obtain an initial solution for the following agents: Agent4(9->8)
 00:03:21 | WARNING! Aborting CBS - could not obtain an initial solution for the following agents: Agent4(9->8)
 00:03:21 | WARNING! Aborting CBS - could not obtain an initial solution for the following agents: Agent4(9->8)
 00:03:24 | WARNING! Aborting CBS - could not obtain an initial solution for the following agents: Agent10(41->40)
 00:03:25 | 00:02:05 | 0.04:57:56 |  62.07%  |  6913   |   6948   | 60%  |  160657  |   0    | 172.19MB  
 00:03:26 | WARNING! Aborting CBS - could not obtain an initial solution for the following agents: Agent7(57->56)
 00:03:26 | WARNING! Aborting CBS - could not obtain an initial solution for the following agents: Agent7(57->56)
 00:03:26 | WARNING! Aborting CBS - could not obtain an initial solution for the following agents: Agent7(57->56)
 00:03:27 | WARNING! Aborting CBS - could not obtain an initial solution for the following agents: Agent21(41->40)
 00:03:30 | 00:01:59 | 0.05:06:21 |  63.83%  |  7108   |   7146   | 60%  |  165452  |   0    | 173.89MB  
 00:03:35 | 00:01:52 | 0.05:14:38 |  65.55%  |  7298   |   7340   | 60%  |  170096  |   0    | 172.73MB  
 00:03:40 | 00:01:47 | 0.05:22:31 |  67.19%  |  7480   |   7524   | 60%  |  174752  |   0    | 172.50MB  
 00:03:42 | WARNING! Aborting CBS - could not obtain an initial solution for the following agents: Agent11(25->24)
 00:03:44 | WARNING! Aborting CBS - could not obtain an initial solution for the following agents: Agent24(26->25)
 00:03:45 | 00:01:43 | 0.05:29:07 |  68.57%  |  7634   |   7678   | 60%  |  178673  |   0    | 172.47MB  
 00:03:46 | WARNING! Aborting CBS - could not obtain an initial solution for the following agents: Agent1(9->8)
 00:03:46 | WARNING! Aborting CBS - could not obtain an initial solution for the following agents: Agent1(9->8)
 00:03:47 | WARNING! Aborting CBS - could not obtain an initial solution for the following agents: Agent14(3->1)
 00:03:47 | WARNING! Aborting CBS - could not obtain an initial solution for the following agents: Agent14(3->1)
 00:03:47 | WARNING! Aborting CBS - could not obtain an initial solution for the following agents: Agent14(3->2)
 00:03:47 | WARNING! Aborting CBS - could not obtain an initial solution for the following agents: Agent14(3->2)
 00:03:47 | WARNING! Aborting CBS - could not obtain an initial solution for the following agents: Agent11(25->24)
 00:03:47 | WARNING! Aborting CBS - could not obtain an initial solution for the following agents: Agent11(25->24)
 00:03:50 | 00:01:40 | 0.05:34:19 |  69.65%  |  7754   |   7801   | 60%  |  181618  |   0    | 175.61MB  
 00:03:53 | WARNING! Aborting CBS - could not obtain an initial solution for the following agents: Agent7(57->56)
 00:03:53 | WARNING! Aborting CBS - could not obtain an initial solution for the following agents: Agent7(57->56)
 00:03:53 | WARNING! Aborting CBS - could not obtain an initial solution for the following agents: Agent7(57->56)
 00:03:53 | WARNING! Aborting CBS - could not obtain an initial solution for the following agents: Agent7(57->56)
 00:03:55 | 00:01:35 | 0.05:41:47 |  71.21%  |  7931   |   7976   | 60%  |  185529  |   0    | 176.08MB  
 00:03:56 | WARNING! Aborting CBS - could not obtain an initial solution for the following agents: Agent4(3->1)
 00:03:56 | WARNING! Aborting CBS - could not obtain an initial solution for the following agents: Agent4(3->1)
 00:03:56 | WARNING! Aborting CBS - could not obtain an initial solution for the following agents: Agent4(3->2)
 00:03:56 | WARNING! Aborting CBS - could not obtain an initial solution for the following agents: Agent4(3->2)
 00:03:56 | WARNING! Aborting CBS - could not obtain an initial solution for the following agents: Agent4(3->2)
 00:03:56 | WARNING! Aborting CBS - could not obtain an initial solution for the following agents: Agent11(24->18)
 00:03:56 | WARNING! Aborting CBS - could not obtain an initial solution for the following agents: Agent11(24->21)
 00:03:56 | WARNING! Aborting CBS - could not obtain an initial solution for the following agents: Agent11(24->22)
 00:04:00 | 00:01:29 | 0.05:49:59 |  72.91%  |  8120   |   8169   | 60%  |  189947  |   0    | 176.21MB  
 00:04:00 | WARNING! Aborting CBS - could not obtain an initial solution for the following agents: Agent30(41->40)
 00:04:01 | WARNING! Aborting CBS - could not obtain an initial solution for the following agents: Agent7(57->56)
 00:04:01 | WARNING! Aborting CBS - could not obtain an initial solution for the following agents: Agent7(57->56)
 00:04:01 | WARNING! Aborting CBS - could not obtain an initial solution for the following agents: Agent28(41->40)
 00:04:01 | WARNING! Aborting CBS - could not obtain an initial solution for the following agents: Agent28(41->40)
 00:04:05 | 00:01:21 | 0.06:00:06 |  75.02%  |  8357   |   8406   | 60%  |  195510  |   0    | 177.45MB  
 00:04:07 | WARNING! Aborting CBS - could not obtain an initial solution for the following agents: Agent16(57->56)
 00:04:10 | 00:01:19 | 0.06:04:15 |  75.89%  |  8448   |   8502   | 60%  |  197901  |   0    | 193.68MB  
 00:04:10 | WARNING! Aborting CBS - could not obtain an initial solution for the following agents: Agent19(3->1)
 00:04:10 | WARNING! Aborting CBS - could not obtain an initial solution for the following agents: Agent19(3->1)
 00:04:10 | WARNING! Aborting CBS - could not obtain an initial solution for the following agents: Agent19(3->2)
 00:04:10 | WARNING! Aborting CBS - could not obtain an initial solution for the following agents: Agent19(3->2)
 00:04:10 | WARNING! Aborting CBS - could not obtain an initial solution for the following agents: Agent19(3->2)
 00:04:13 | WARNING! Aborting CBS - could not obtain an initial solution for the following agents: Agent9(57->49)
 00:04:13 | WARNING! Aborting CBS - could not obtain an initial solution for the following agents: Agent9(57->50)
 00:04:13 | WARNING! Aborting CBS - could not obtain an initial solution for the following agents: Agent9(57->50)
 00:04:14 | WARNING! Aborting CBS - could not obtain an initial solution for the following agents: Agent10(41->34)
 00:04:15 | 00:01:12 | 0.06:13:11 |  77.75%  |  8657   |   8712   | 60%  |  202797  |   0    | 194.53MB  
 00:04:16 | WARNING! Aborting CBS - could not obtain an initial solution for the following agents: Agent9(58->57)
 00:04:18 | WARNING! Aborting CBS - could not obtain an initial solution for the following agents: Agent29(57->56)
 00:04:19 | WARNING! Aborting CBS - could not obtain an initial solution for the following agents: Agent19(9->8)
 00:04:20 | 00:01:05 | 0.06:22:53 |  79.77%  |  8882   |   8939   | 60%  |  208024  |   0    | 194.04MB  
 00:04:22 | WARNING! Aborting CBS - could not obtain an initial solution for the following agents: Agent30(40->39)
 00:04:25 | 00:01:00 | 0.06:30:33 |  81.37%  |  9061   |   9119   | 60%  |  212222  |   0    | 194.09MB  
 00:04:29 | WARNING! Aborting CBS - could not obtain an initial solution for the following agents: Agent0(25->24)
 00:04:30 | 00:00:56 | 0.06:36:47 |  82.67%  |  9205   |   9266   | 60%  |  216209  |   0    | 193.81MB  
 00:04:35 | 00:00:50 | 0.06:45:19 |  84.44%  |  9405   |   9466   | 60%  |  220951  |   0    | 193.73MB  
 00:04:39 | WARNING! Aborting CBS - could not obtain an initial solution for the following agents: Agent16(57->56)
 00:04:39 | WARNING! Aborting CBS - could not obtain an initial solution for the following agents: Agent16(57->56)
 00:04:40 | 00:00:42 | 0.06:56:14 |  86.72%  |  9658   |   9721   | 60%  |  226794  |   0    | 193.75MB  
 00:04:43 | WARNING! Aborting CBS - could not obtain an initial solution for the following agents: Agent7(57->56)
 00:04:44 | WARNING! Aborting CBS - could not obtain an initial solution for the following agents: Agent11(25->24)
 00:04:45 | WARNING! Aborting CBS - could not obtain an initial solution for the following agents: Agent28(41->40)
 00:04:45 | WARNING! Aborting CBS - could not obtain an initial solution for the following agents: Agent28(41->40)
 00:04:45 | WARNING! Aborting CBS - could not obtain an initial solution for the following agents: Agent28(41->40)
 00:04:45 | 00:00:37 | 0.07:04:40 |  88.47%  |  9854   |   9918   | 60%  |  231639  |   0    | 194.10MB  
 00:04:47 | WARNING! Aborting CBS - could not obtain an initial solution for the following agents: Agent1(9->8)
 00:04:47 | WARNING! Aborting CBS - could not obtain an initial solution for the following agents: Agent1(9->8)
 00:04:48 | WARNING! Aborting CBS - could not obtain an initial solution for the following agents: Agent5(57->56)
 00:04:49 | WARNING! Aborting CBS - could not obtain an initial solution for the following agents: Agent10(41->40)
 00:04:50 | 00:00:31 | 0.07:13:20 |  90.28%  |  10051  |  10121   | 60%  |  236643  |   0    | 194.90MB  
 00:04:51 | WARNING! Aborting CBS - could not obtain an initial solution for the following agents: Agent16(57->56)
 00:04:55 | 00:00:24 | 0.07:23:26 |  92.38%  |  10288  |  10357   | 60%  |  242037  |   0    | 194.75MB  
 00:05:00 | 00:00:18 | 0.07:32:29 |  94.27%  |  10500  |  10570   | 60%  |  246887  |   0    | 194.18MB  
 00:05:01 | WARNING! Aborting CBS - could not obtain an initial solution for the following agents: Agent0(25->24)
 00:05:01 | WARNING! Aborting CBS - could not obtain an initial solution for the following agents: Agent0(25->24)
 00:05:03 | WARNING! Aborting CBS - could not obtain an initial solution for the following agents: Agent14(3->2)
 00:05:05 | 00:00:11 | 0.07:43:14 |  96.51%  |  10750  |  10822   | 60%  |  252705  |   0    | 194.66MB  
 00:05:07 | WARNING! Aborting CBS - could not obtain an initial solution for the following agents: Agent9(58->57)
 00:05:07 | WARNING! Aborting CBS - could not obtain an initial solution for the following agents: Agent9(58->57)
 00:05:07 | WARNING! Aborting CBS - could not obtain an initial solution for the following agents: Agent9(58->57)
 00:05:07 | WARNING! Aborting CBS - could not obtain an initial solution for the following agents: Agent29(57->56)
 00:05:07 | WARNING! Aborting CBS - could not obtain an initial solution for the following agents: Agent29(57->56)
 00:05:08 | WARNING! Aborting CBS - could not obtain an initial solution for the following agents: Agent11(25->24)
 00:05:08 | WARNING! Aborting CBS - could not obtain an initial solution for the following agents: Agent11(25->24)
 00:05:10 | 00:00:06 | 0.07:50:09 |  97.95%  |  10910  |  10984   | 60%  |  256878  |   0    | 194.47MB  
 00:05:13 | WARNING! Aborting CBS - could not obtain an initial solution for the following agents: Agent2(25->24)
 00:05:13 | WARNING! Aborting CBS - could not obtain an initial solution for the following agents: Agent2(25->24)
 00:05:13 | WARNING! Aborting CBS - could not obtain an initial solution for the following agents: Agent1(9->8)
 00:05:13 | WARNING! Aborting CBS - could not obtain an initial solution for the following agents: Agent25(8->7)
 00:05:13 | WARNING! Aborting CBS - could not obtain an initial solution for the following agents: Agent25(8->7)
 00:05:15 | 00:00:00 | 0.07:59:32 |  99.90%  |  11129  |  11203   | 60%  |  261851  |   0    | 195.77MB  
 00:05:15 | 00:00:00 | 0.08:00:00 | 100.00%  |  11141  |  11214   | 60%  |  262163  |   0    | 196.11MB  
 00:05:15 | >>> Simulation finished - writing results ...
 00:05:16 | >>> Results written
Simulation finished.
>>> Timings
StatTimingPathPlanningAverage: 0.015811146749363812
StatTimingPathPlanningOverall: 248.5512268999991
StatTimingPathPlanningCount: 15720
StatTimingTaskAllocationAverage: 0.0015557676107720796
StatTimingTaskAllocationOverall: 23.454752499999874
StatTimingTaskAllocationCount: 15076
StatTimingItemStorageAverage: 3.847976413830173E-06
StatTimingItemStorageOverall: 0.043070400000001126
StatTimingItemStorageCount: 11193
StatTimingPodStorageAverage: 0.002041810490639121
StatTimingPodStorageOverall: 6.3255288999999975
StatTimingPodStorageCount: 3098
StatTimingReplenishmentBatchingAverage: 9.292968950474698E-06
StatTimingReplenishmentBatchingOverall: 0.10864409999999969
StatTimingReplenishmentBatchingCount: 11691
StatTimingOrderBatchingAverage: 0.00012272981660357775
StatTimingOrderBatchingOverall: 3.760932500000037
StatTimingOrderBatchingCount: 30644
>>> Overall
StatOverallBundlesPlaced: 15151
StatOverallItemsOrdered: 11185
StatOverallOrdersPlaced: 11185
StatOverallBundlesRejected: 0
StatOverallOrdersRejected: 0
StatOverallBundlesHandled: 11214
StatOverallItemsHandled: 11145
StatOverallLinesHandled: 11145
StatOverallOrdersHandled: 11141
StatOverallCollisions: 0
StatOverallDistanceTraveled: 262162.7868941782
StatOverallDistanceEstimated: 241708
StatOverallAssignedTasks: 15076
StatMaxMemoryUsed: 198.08203125
StatRealTimeUsed: 315.5118668
StatAverageTurnoverTime: 367.726909893351
StatMedianTurnoverTime: 219.17037596910632
StatLowerQuartileTurnoverTime: 123.6834279281943
StatUpperQuartileTurnoverTime: 491.6490042590158
StatAverageThroughputTime: 114.28846846012527
StatMedianThroughputTime: 120.84101731969713
StatLowerQuartileThroughputTime: 80.86398688572262
StatUpperQuartileThroughputTime: 141.97483405315506
>>> Energy (Rizqi model)
StatEnergyTotalKJ: 20081.638792358503
StatEnergyE1AccelKJ: 5470.709723249979
StatEnergyE2DecelKJ: 0
StatEnergyE3CruiseKJ: 9904.745830000009
StatEnergyE4RotationKJ: 3870.8810968862613
StatEnergyE5LiftLowerKJ: 835.3021422222228
StatEnergyPerOrderKJ: 1.802498769621982
StatEnergyPerMeterJoule: 76.58667467185785
StatDistanceTraveledRizqiM: 262208
>>> Motion Behavior
StatTurningCount: 32704
StatStopAndGoCount: 44429
StatLoadedDistanceM: 178198
StatLoadedTurningCount: 24116
StatWaitTimeSec: 602279.512540349
StatMoveEnergyEmptyKJ: 4313.885249999999
StatMoveTimeEmptySec: 83146.2891772471
StatTurnEnergyEmptyKJ: 882.5163616163675
StatTurnTimeEmptySec: 5796.577347562576
StatMoveEnergyLoadedKJ: 11061.570303249982
StatMoveTimeLoadedSec: 207440.27311080013
StatTurnEnergyLoadedKJ: 2988.364735269918
StatTurnTimeLoadedSec: 15276.934750210577
StatPrefEmptyW: 58.424040225495595
StatPrefLoadedW: 63.084191713142914

Marked tag finished after 1 tries!
.Fin. - SUCCESS
