<<< Welcome to the RAWSimO CLI >>>
The time is: 04/14/2026 14:35:56
Starting RAWSimO wrapper with the following arguments:
Instance: Material/Instances/PP/1-4-4-32-550.xinst
Setting: Material/Instances/PP/PPMinimal.xsett
ControlConfig: Material/Instances/PP/aesop-cbs.xconf
StatisticsDir: C:\Users\Aesop\Desktop\rawsim-o-rmfs-world-models\output_pref\seed_28
Seed: 28
Adding handler for unhandled exceptions ...
Initializing ... 
Instance recognized!
Parsing setting config ...
Parsing control config ...
Parsing instance ...
StatisticsFolder: 1-4-4-32-550-PPMinimal-aesop-cbs-28
Done!
Executing ... 
 14:35:59 | >>> Warming up ...
 00:00:00 | >>> Warmup finished - starting simulation ...
 Realtime |   ETA    |  Sim.Time  | Progress | #Orders | #Bundles | Inv. | Distance | #Coll. |   Memory    
 00:00:00 |   n/a    | 0.00:00:00 |  0.00%   |    0    |    0     | 60%  |    0     |   0    | 123.00MB  
 00:00:05 | 04:29:18 | 0.00:00:08 |  0.03%   |    0    |    0     | 60%  |   177    |   0    | 132.42MB  
 00:00:10 | 02:11:30 | 0.00:00:36 |  0.13%   |    0    |    0     | 60%  |   839    |   0    | 144.77MB  
 00:00:15 | 02:51:31 | 0.00:00:41 |  0.15%   |    0    |    0     | 60%  |   949    |   0    | 155.37MB  
 00:00:20 | 03:09:12 | 0.00:00:50 |  0.18%   |    2    |    0     | 60%  |   1142   |   0    | 157.12MB  
 00:00:25 | 03:34:38 | 0.00:00:55 |  0.19%   |    3    |    0     | 60%  |   1240   |   0    | 163.99MB  
 00:00:30 | 03:57:02 | 0.00:01:00 |  0.21%   |    4    |    0     | 60%  |   1340   |   0    | 167.96MB  
 00:00:31 | WARNING! Aborting CBS - could not obtain an initial solution for the following agents: Agent8(41->32)
 00:00:31 | WARNING! Aborting CBS - could not obtain an initial solution for the following agents: Agent8(41->32)
 00:00:31 | WARNING! Aborting CBS - could not obtain an initial solution for the following agents: Agent8(41->34)
 00:00:34 | WARNING! Aborting CBS - could not obtain an initial solution for the following agents: Agent26(25->23)
 00:00:35 | 00:51:16 | 0.00:05:24 |  1.13%   |   104   |    98    | 60%  |   3023   |   0    | 170.09MB  
 00:00:38 | WARNING! Aborting CBS - could not obtain an initial solution for the following agents: Agent9(57->56)
 00:00:38 | WARNING! Aborting CBS - could not obtain an initial solution for the following agents: Agent9(57->56)
 00:00:39 | WARNING! Aborting CBS - could not obtain an initial solution for the following agents: Agent10(41->40)
 00:00:39 | WARNING! Aborting CBS - could not obtain an initial solution for the following agents: Agent10(41->40)
 00:00:39 | WARNING! Aborting CBS - could not obtain an initial solution for the following agents: Agent10(41->40)
 00:00:40 | 00:26:12 | 0.00:11:54 |  2.48%   |   257   |   251    | 60%  |   6209   |   0    | 170.57MB  
 00:00:41 | WARNING! Aborting CBS - could not obtain an initial solution for the following agents: Agent26(25->24)
 00:00:41 | WARNING! Aborting CBS - could not obtain an initial solution for the following agents: Agent26(25->24)
 00:00:45 | 00:17:52 | 0.00:19:20 |  4.03%   |   432   |   423    | 60%  |   9705   |   0    | 170.74MB  
 00:00:45 | WARNING! Aborting CBS - could not obtain an initial solution for the following agents: Agent2(26->25)
 00:00:45 | WARNING! Aborting CBS - could not obtain an initial solution for the following agents: Agent2(26->25)
 00:00:46 | WARNING! Aborting CBS - could not obtain an initial solution for the following agents: Agent14(3->1)
 00:00:46 | WARNING! Aborting CBS - could not obtain an initial solution for the following agents: Agent14(3->1)
 00:00:46 | WARNING! Aborting CBS - could not obtain an initial solution for the following agents: Agent14(3->2)
 00:00:46 | WARNING! Aborting CBS - could not obtain an initial solution for the following agents: Agent14(3->2)
 00:00:46 | WARNING! Aborting CBS - could not obtain an initial solution for the following agents: Agent14(3->2)
 00:00:50 | 00:13:05 | 0.00:28:43 |  5.98%   |   654   |   643    | 60%  |  14201   |   0    | 170.60MB  
 00:00:50 | WARNING! Aborting CBS - could not obtain an initial solution for the following agents: Agent30(35->34)
 00:00:50 | WARNING! Aborting CBS - could not obtain an initial solution for the following agents: Agent27(1->0)
 00:00:51 | WARNING! Aborting CBS - could not obtain an initial solution for the following agents: Agent19(9->8)
 00:00:51 | WARNING! Aborting CBS - could not obtain an initial solution for the following agents: Agent19(9->8)
 00:00:51 | WARNING! Aborting CBS - could not obtain an initial solution for the following agents: Agent19(9->8)
 00:00:52 | WARNING! Aborting CBS - could not obtain an initial solution for the following agents: Agent11(25->24)
 00:00:52 | WARNING! Aborting CBS - could not obtain an initial solution for the following agents: Agent11(25->24)
 00:00:52 | WARNING! Aborting CBS - could not obtain an initial solution for the following agents: Agent11(25->24)
 00:00:52 | WARNING! Aborting CBS - could not obtain an initial solution for the following agents: Agent8(34->33)
 00:00:52 | WARNING! Aborting CBS - could not obtain an initial solution for the following agents: Agent8(34->33)
 00:00:54 | WARNING! Aborting CBS - could not obtain an initial solution for the following agents: Agent27(9->8)
 00:00:55 | 00:10:40 | 0.00:37:56 |  7.90%   |   869   |   859    | 60%  |  18565   |   0    | 170.96MB  
 00:01:00 | 00:09:26 | 0.00:46:00 |  9.59%   |  1057   |   1049   | 60%  |  22449   |   0    | 170.16MB  
 00:01:00 | WARNING! Aborting CBS - could not obtain an initial solution for the following agents: Agent4(9->8)
 00:01:03 | WARNING! Aborting CBS - could not obtain an initial solution for the following agents: Agent30(41->40)
 00:01:04 | WARNING! Aborting CBS - could not obtain an initial solution for the following agents: Agent30(40->39)
 00:01:04 | WARNING! Aborting CBS - could not obtain an initial solution for the following agents: Agent30(40->39)
 00:01:05 | 00:07:52 | 0.00:58:02 |  12.09%  |  1338   |   1329   | 60%  |  28571   |   0    | 170.47MB  
 00:01:05 | WARNING! Aborting CBS - could not obtain an initial solution for the following agents: Agent28(41->40)
 00:01:05 | WARNING! Aborting CBS - could not obtain an initial solution for the following agents: Agent28(41->40)
 00:01:06 | WARNING! Aborting CBS - could not obtain an initial solution for the following agents: Agent30(40->39)
 00:01:06 | WARNING! Aborting CBS - could not obtain an initial solution for the following agents: Agent30(40->39)
 00:01:06 | WARNING! Aborting CBS - could not obtain an initial solution for the following agents: Agent8(40->39)
 00:01:06 | WARNING! Aborting CBS - could not obtain an initial solution for the following agents: Agent19(9->8)
 00:01:08 | WARNING! Aborting CBS - could not obtain an initial solution for the following agents: Agent2(24->23)
 00:01:08 | WARNING! Aborting CBS - could not obtain an initial solution for the following agents: Agent2(24->23)
 00:01:10 | 00:06:54 | 0.01:09:22 |  14.45%  |  1605   |   1596   | 60%  |  34632   |   0    | 169.64MB  
 00:01:12 | WARNING! Aborting CBS - could not obtain an initial solution for the following agents: Agent5(58->57)
 00:01:15 | 00:06:24 | 0.01:18:16 |  16.31%  |  1814   |   1803   | 60%  |  39724   |   0    | 170.72MB  
 00:01:15 | WARNING! Aborting CBS - could not obtain an initial solution for the following agents: Agent0(26->25)
 00:01:15 | WARNING! Aborting CBS - could not obtain an initial solution for the following agents: Agent0(26->25)
 00:01:16 | WARNING! Aborting CBS - could not obtain an initial solution for the following agents: Agent26(25->24)
 00:01:16 | WARNING! Aborting CBS - could not obtain an initial solution for the following agents: Agent26(25->24)
 00:01:20 | 00:05:55 | 0.01:28:14 |  18.38%  |  2050   |   2037   | 60%  |  44902   |   0    | 170.43MB  
 00:01:20 | WARNING! Aborting CBS - could not obtain an initial solution for the following agents: Agent2(25->18)
 00:01:21 | WARNING! Aborting CBS - could not obtain an initial solution for the following agents: Agent2(25->24)
 00:01:23 | WARNING! Aborting CBS - could not obtain an initial solution for the following agents: Agent5(56->49)
 00:01:24 | WARNING! Aborting CBS - could not obtain an initial solution for the following agents: Agent27(3->1)
 00:01:24 | WARNING! Aborting CBS - could not obtain an initial solution for the following agents: Agent27(3->2)
 00:01:25 | 00:05:20 | 0.01:40:31 |  20.94%  |  2337   |   2325   | 60%  |  51139   |   0    | 171.14MB  
 00:01:28 | WARNING! Aborting CBS - could not obtain an initial solution for the following agents: Agent9(57->56)
 00:01:28 | WARNING! Aborting CBS - could not obtain an initial solution for the following agents: Agent9(57->56)
 00:01:29 | WARNING! Aborting CBS - could not obtain an initial solution for the following agents: Agent19(3->2)
 00:01:30 | 00:04:58 | 0.01:51:07 |  23.15%  |  2584   |   2573   | 60%  |  56781   |   0    | 170.62MB  
 00:01:34 | WARNING! Aborting CBS - could not obtain an initial solution for the following agents: Agent28(41->40)
 00:01:35 | 00:04:33 | 0.02:03:46 |  25.79%  |  2880   |   2869   | 60%  |  63414   |   0    | 170.71MB  
 00:01:36 | WARNING! Aborting CBS - could not obtain an initial solution for the following agents: Agent26(25->24)
 00:01:40 | 00:04:17 | 0.02:14:23 |  28.00%  |  3126   |   3118   | 60%  |  69418   |   0    | 170.19MB  
 00:01:41 | WARNING! Aborting CBS - could not obtain an initial solution for the following agents: Agent26(25->24)
 00:01:43 | WARNING! Aborting CBS - could not obtain an initial solution for the following agents: Agent7(57->56)
 00:01:45 | 00:04:01 | 0.02:25:20 |  30.28%  |  3381   |   3374   | 60%  |  75236   |   0    | 170.37MB  
 00:01:50 | 00:03:50 | 0.02:34:51 |  32.26%  |  3601   |   3597   | 60%  |  80520   |   0    | 172.48MB  
 00:01:55 | 00:03:49 | 0.02:40:05 |  33.35%  |  3722   |   3717   | 60%  |  83111   |   0    | 174.38MB  
 00:01:58 | WARNING! Aborting CBS - could not obtain an initial solution for the following agents: Agent11(25->24)
 00:01:59 | WARNING! Aborting CBS - could not obtain an initial solution for the following agents: Agent29(57->56)
 00:01:59 | WARNING! Aborting CBS - could not obtain an initial solution for the following agents: Agent29(57->50)
 00:01:59 | WARNING! Aborting CBS - could not obtain an initial solution for the following agents: Agent30(40->34)
 00:01:59 | WARNING! Aborting CBS - could not obtain an initial solution for the following agents: Agent30(40->34)
 00:02:00 | 00:03:34 | 0.02:52:00 |  35.84%  |  4002   |   3997   | 60%  |  89302   |   0    | 171.55MB  
 00:02:01 | WARNING! Aborting CBS - could not obtain an initial solution for the following agents: Agent4(3->1)
 00:02:01 | WARNING! Aborting CBS - could not obtain an initial solution for the following agents: Agent4(3->1)
 00:02:01 | WARNING! Aborting CBS - could not obtain an initial solution for the following agents: Agent4(3->1)
 00:02:01 | WARNING! Aborting CBS - could not obtain an initial solution for the following agents: Agent4(3->2)
 00:02:01 | WARNING! Aborting CBS - could not obtain an initial solution for the following agents: Agent4(3->2)
 00:02:01 | WARNING! Aborting CBS - could not obtain an initial solution for the following agents: Agent4(3->2)
 00:02:04 | WARNING! Aborting CBS - could not obtain an initial solution for the following agents: Agent16(57->56)
 00:02:05 | 00:03:24 | 0.03:01:58 |  37.91%  |  4236   |   4230   | 60%  |  94630   |   0    | 171.70MB  
 00:02:06 | WARNING! Aborting CBS - could not obtain an initial solution for the following agents: Agent28(41->34)
 00:02:06 | WARNING! Aborting CBS - could not obtain an initial solution for the following agents: Agent16(57->56)
 00:02:06 | WARNING! Aborting CBS - could not obtain an initial solution for the following agents: Agent16(57->56)
 00:02:06 | WARNING! Aborting CBS - could not obtain an initial solution for the following agents: Agent16(57->56)
 00:02:07 | WARNING! Aborting CBS - could not obtain an initial solution for the following agents: Agent11(25->24)
 00:02:07 | WARNING! Aborting CBS - could not obtain an initial solution for the following agents: Agent11(25->24)
 00:02:08 | WARNING! Aborting CBS - could not obtain an initial solution for the following agents: Agent0(26->25)
 00:02:09 | WARNING! Aborting CBS - could not obtain an initial solution for the following agents: Agent14(9->8)
 00:02:10 | 00:03:14 | 0.03:12:23 |  40.08%  |  4480   |   4474   | 60%  |  100087  |   0    | 172.30MB  
 00:02:12 | WARNING! Aborting CBS - could not obtain an initial solution for the following agents: Agent19(9->8)
 00:02:14 | WARNING! Aborting CBS - could not obtain an initial solution for the following agents: Agent10(41->40)
 00:02:15 | 00:03:05 | 0.03:22:23 |  42.16%  |  4712   |   4710   | 60%  |  105851  |   0    | 172.74MB  
 00:02:15 | WARNING! Aborting CBS - could not obtain an initial solution for the following agents: Agent7(58->57)
 00:02:15 | WARNING! Aborting CBS - could not obtain an initial solution for the following agents: Agent7(58->57)
 00:02:15 | WARNING! Aborting CBS - could not obtain an initial solution for the following agents: Agent29(56->55)
 00:02:15 | WARNING! Aborting CBS - could not obtain an initial solution for the following agents: Agent29(56->55)
 00:02:16 | WARNING! Aborting CBS - could not obtain an initial solution for the following agents: Agent30(41->40)
 00:02:16 | WARNING! Aborting CBS - could not obtain an initial solution for the following agents: Agent30(41->40)
 00:02:17 | WARNING! Aborting CBS - could not obtain an initial solution for the following agents: Agent11(25->24)
 00:02:17 | WARNING! Aborting CBS - could not obtain an initial solution for the following agents: Agent11(25->24)
 00:02:17 | WARNING! Aborting CBS - could not obtain an initial solution for the following agents: Agent26(25->17)
 00:02:17 | WARNING! Aborting CBS - could not obtain an initial solution for the following agents: Agent26(25->18)
 00:02:17 | WARNING! Aborting CBS - could not obtain an initial solution for the following agents: Agent26(25->19)
 00:02:20 | 00:02:55 | 0.03:32:52 |  44.35%  |  4956   |   4955   | 60%  |  111596  |   0    | 172.46MB  
 00:02:20 | WARNING! Aborting CBS - could not obtain an initial solution for the following agents: Agent25(3->1)
 00:02:20 | WARNING! Aborting CBS - could not obtain an initial solution for the following agents: Agent25(3->2)
 00:02:20 | WARNING! Aborting CBS - could not obtain an initial solution for the following agents: Agent25(3->2)
 00:02:21 | WARNING! Aborting CBS - could not obtain an initial solution for the following agents: Agent7(57->56)
 00:02:23 | WARNING! Aborting CBS - could not obtain an initial solution for the following agents: Agent7(57->56)
 00:02:23 | WARNING! Aborting CBS - could not obtain an initial solution for the following agents: Agent11(25->24)
 00:02:24 | WARNING! Aborting CBS - could not obtain an initial solution for the following agents: Agent9(57->56)
 00:02:24 | WARNING! Aborting CBS - could not obtain an initial solution for the following agents: Agent29(57->50)
 00:02:25 | 00:02:44 | 0.03:44:59 |  46.87%  |  5239   |   5239   | 60%  |  117785  |   0    | 173.74MB  
 00:02:30 | 00:02:33 | 0.03:57:17 |  49.43%  |  5526   |   5527   | 60%  |  124298  |   0    | 174.81MB  
 00:02:31 | WARNING! Aborting CBS - could not obtain an initial solution for the following agents: Agent4(3->1)
 00:02:35 | 00:02:33 | 0.04:01:19 |  50.28%  |  5618   |   5622   | 60%  |  126612  |   0    | 176.18MB  
 00:02:40 | 00:02:27 | 0.04:09:26 |  51.97%  |  5806   |   5813   | 60%  |  130978  |   0    | 193.41MB  
 00:02:43 | WARNING! Aborting CBS - could not obtain an initial solution for the following agents: Agent27(9->8)
 00:02:45 | 00:02:17 | 0.04:21:59 |  54.58%  |  6099   |   6107   | 60%  |  137311  |   0    | 194.16MB  
 00:02:48 | WARNING! Aborting CBS - could not obtain an initial solution for the following agents: Agent9(57->56)
 00:02:49 | WARNING! Aborting CBS - could not obtain an initial solution for the following agents: Agent2(25->24)
 00:02:49 | WARNING! Aborting CBS - could not obtain an initial solution for the following agents: Agent2(25->24)
 00:02:49 | WARNING! Aborting CBS - could not obtain an initial solution for the following agents: Agent2(25->24)
 00:02:49 | WARNING! Aborting CBS - could not obtain an initial solution for the following agents: Agent2(25->24)
 00:02:50 | 00:02:08 | 0.04:33:15 |  56.93%  |  6362   |   6371   | 60%  |  143397  |   0    | 195.09MB  
 00:02:51 | WARNING! Aborting CBS - could not obtain an initial solution for the following agents: Agent21(41->40)
 00:02:51 | WARNING! Aborting CBS - could not obtain an initial solution for the following agents: Agent21(41->40)
 00:02:51 | WARNING! Aborting CBS - could not obtain an initial solution for the following agents: Agent14(8->7)
 00:02:51 | WARNING! Aborting CBS - could not obtain an initial solution for the following agents: Agent14(8->7)
 00:02:53 | WARNING! Aborting CBS - could not obtain an initial solution for the following agents: Agent24(25->24)
 00:02:55 | 00:02:00 | 0.04:44:24 |  59.25%  |  6622   |   6632   | 60%  |  149647  |   0    | 196.32MB  
 00:02:56 | WARNING! Aborting CBS - could not obtain an initial solution for the following agents: Agent27(3->1)
 00:02:56 | WARNING! Aborting CBS - could not obtain an initial solution for the following agents: Agent27(3->1)
 00:02:56 | WARNING! Aborting CBS - could not obtain an initial solution for the following agents: Agent27(3->1)
 00:03:00 | 00:01:52 | 0.04:55:23 |  61.54%  |  6876   |   6890   | 60%  |  156012  |   0    | 196.97MB  
 00:03:00 | WARNING! Aborting CBS - could not obtain an initial solution for the following agents: Agent16(59->58)
 00:03:00 | WARNING! Aborting CBS - could not obtain an initial solution for the following agents: Agent16(59->58)
 00:03:00 | WARNING! Aborting CBS - could not obtain an initial solution for the following agents: Agent16(59->58)
 00:03:02 | WARNING! Aborting CBS - could not obtain an initial solution for the following agents: Agent5(57->50)
 00:03:02 | WARNING! Aborting CBS - could not obtain an initial solution for the following agents: Agent5(57->50)
 00:03:02 | WARNING! Aborting CBS - could not obtain an initial solution for the following agents: Agent1(9->8)
 00:03:02 | WARNING! Aborting CBS - could not obtain an initial solution for the following agents: Agent1(9->8)
 00:03:02 | WARNING! Aborting CBS - could not obtain an initial solution for the following agents: Agent1(9->8)
 00:03:03 | WARNING! Aborting CBS - could not obtain an initial solution for the following agents: Agent2(25->24)
 00:03:04 | WARNING! Aborting CBS - could not obtain an initial solution for the following agents: Agent11(25->24)
 00:03:04 | WARNING! Aborting CBS - could not obtain an initial solution for the following agents: Agent11(25->24)
 00:03:05 | 00:01:43 | 0.05:08:09 |  64.20%  |  7175   |   7189   | 60%  |  162568  |   0    | 197.46MB  
 00:03:05 | WARNING! Aborting CBS - could not obtain an initial solution for the following agents: Agent28(41->40)
 00:03:10 | 00:01:37 | 0.05:17:04 |  66.06%  |  7382   |   7398   | 60%  |  167495  |   0    | 198.84MB  
 00:03:13 | WARNING! Aborting CBS - could not obtain an initial solution for the following agents: Agent27(9->8)
 00:03:14 | WARNING! Aborting CBS - could not obtain an initial solution for the following agents: Agent7(57->56)
 00:03:14 | WARNING! Aborting CBS - could not obtain an initial solution for the following agents: Agent7(57->56)
 00:03:15 | 00:01:32 | 0.05:25:40 |  67.85%  |  7576   |   7600   | 60%  |  172354  |   0    | 200.45MB  
 00:03:16 | WARNING! Aborting CBS - could not obtain an initial solution for the following agents: Agent10(41->40)
 00:03:16 | WARNING! Aborting CBS - could not obtain an initial solution for the following agents: Agent10(41->40)
 00:03:16 | WARNING! Aborting CBS - could not obtain an initial solution for the following agents: Agent10(41->40)
 00:03:18 | WARNING! Aborting CBS - could not obtain an initial solution for the following agents: Agent8(41->40)
 00:03:18 | WARNING! Aborting CBS - could not obtain an initial solution for the following agents: Agent4(3->2)
 00:03:20 | 00:01:28 | 0.05:32:48 |  69.34%  |  7741   |   7768   | 60%  |  176508  |   0    | 201.61MB  
 00:03:22 | WARNING! Aborting CBS - could not obtain an initial solution for the following agents: Agent11(25->24)
 00:03:24 | WARNING! Aborting CBS - could not obtain an initial solution for the following agents: Agent25(9->1)
 00:03:24 | WARNING! Aborting CBS - could not obtain an initial solution for the following agents: Agent25(9->1)
 00:03:24 | WARNING! Aborting CBS - could not obtain an initial solution for the following agents: Agent25(9->2)
 00:03:24 | WARNING! Aborting CBS - could not obtain an initial solution for the following agents: Agent25(9->3)
 00:03:25 | 00:01:20 | 0.05:44:29 |  71.77%  |  8013   |   8041   | 60%  |  183008  |   0    | 202.79MB  
 00:03:26 | WARNING! Aborting CBS - could not obtain an initial solution for the following agents: Agent10(41->40)
 00:03:28 | WARNING! Aborting CBS - could not obtain an initial solution for the following agents: Agent10(41->40)
 00:03:30 | 00:01:13 | 0.05:55:00 |  73.96%  |  8259   |   8286   | 60%  |  189337  |   0    | 205.41MB  
 00:03:35 | 00:01:07 | 0.06:05:30 |  76.15%  |  8502   |   8532   | 60%  |  194905  |   0    | 205.73MB  
 00:03:36 | WARNING! Aborting CBS - could not obtain an initial solution for the following agents: Agent2(25->24)
 00:03:40 | 00:01:01 | 0.06:15:43 |  78.28%  |  8738   |   8772   | 60%  |  200583  |   0    | 206.20MB  
 00:03:43 | WARNING! Aborting CBS - could not obtain an initial solution for the following agents: Agent14(2->1)
 00:03:45 | 00:00:54 | 0.06:25:50 |  80.39%  |  8973   |   9008   | 60%  |  206174  |   0    | 209.66MB  
 00:03:45 | WARNING! Aborting CBS - could not obtain an initial solution for the following agents: Agent29(57->56)
 00:03:46 | WARNING! Aborting CBS - could not obtain an initial solution for the following agents: Agent25(9->8)
 00:03:46 | WARNING! Aborting CBS - could not obtain an initial solution for the following agents: Agent16(57->56)
 00:03:46 | WARNING! Aborting CBS - could not obtain an initial solution for the following agents: Agent16(57->56)
 00:03:48 | WARNING! Aborting CBS - could not obtain an initial solution for the following agents: Agent0(25->24)
 00:03:49 | WARNING! Aborting CBS - could not obtain an initial solution for the following agents: Agent2(26->25)
 00:03:50 | 00:00:47 | 0.06:37:40 |  82.85%  |  9251   |   9284   | 60%  |  212440  |   0    | 208.98MB  
 00:03:54 | WARNING! Aborting CBS - could not obtain an initial solution for the following agents: Agent5(58->57)
 00:03:54 | WARNING! Aborting CBS - could not obtain an initial solution for the following agents: Agent2(26->17),Agent26(27->18)
 00:03:54 | WARNING! Aborting CBS - could not obtain an initial solution for the following agents: Agent2(26->17),Agent26(27->18)
 00:03:54 | WARNING! Aborting CBS - could not obtain an initial solution for the following agents: Agent2(26->17),Agent26(27->18)
 00:03:54 | WARNING! Aborting CBS - could not obtain an initial solution for the following agents: Agent2(26->18)
 00:03:54 | WARNING! Aborting CBS - could not obtain an initial solution for the following agents: Agent2(26->18)
 00:03:55 | 00:00:41 | 0.06:47:31 |  84.90%  |  9477   |   9516   | 60%  |  217687  |   0    | 209.03MB  
 00:03:57 | WARNING! Aborting CBS - could not obtain an initial solution for the following agents: Agent1(9->8)
 00:04:00 | 00:00:34 | 0.07:00:13 |  87.55%  |  9773   |   9813   | 60%  |  224353  |   0    | 209.45MB  
 00:04:04 | WARNING! Aborting CBS - could not obtain an initial solution for the following agents: Agent16(57->56)
 00:04:05 | 00:00:27 | 0.07:12:12 |  90.04%  |  10056  |  10094   | 60%  |  230758  |   0    | 210.00MB  
 00:04:05 | WARNING! Aborting CBS - could not obtain an initial solution for the following agents: Agent1(8->6)
 00:04:08 | WARNING! Aborting CBS - could not obtain an initial solution for the following agents: Agent2(25->24)
 00:04:09 | WARNING! Aborting CBS - could not obtain an initial solution for the following agents: Agent4(9->8)
 00:04:09 | WARNING! Aborting CBS - could not obtain an initial solution for the following agents: Agent4(9->8)
 00:04:10 | 00:00:20 | 0.07:24:13 |  92.55%  |  10337  |  10375   | 60%  |  237395  |   0    | 209.27MB  
 00:04:12 | WARNING! Aborting CBS - could not obtain an initial solution for the following agents: Agent7(57->56)
 00:04:14 | WARNING! Aborting CBS - could not obtain an initial solution for the following agents: Agent1(8->1)
 00:04:14 | WARNING! Aborting CBS - could not obtain an initial solution for the following agents: Agent1(8->1)
 00:04:14 | WARNING! Aborting CBS - could not obtain an initial solution for the following agents: Agent5(57->56)
 00:04:14 | WARNING! Aborting CBS - could not obtain an initial solution for the following agents: Agent5(57->56)
 00:04:14 | WARNING! Aborting CBS - could not obtain an initial solution for the following agents: Agent14(9->8)
 00:04:15 | 00:00:13 | 0.07:36:28 |  95.10%  |  10622  |  10663   | 60%  |  243815  |   0    | 209.25MB  
 00:04:15 | WARNING! Aborting CBS - could not obtain an initial solution for the following agents: Agent1(3->1)
 00:04:15 | WARNING! Aborting CBS - could not obtain an initial solution for the following agents: Agent1(3->1)
 00:04:15 | WARNING! Aborting CBS - could not obtain an initial solution for the following agents: Agent1(3->1)
 00:04:15 | WARNING! Aborting CBS - could not obtain an initial solution for the following agents: Agent1(3->2)
 00:04:15 | WARNING! Aborting CBS - could not obtain an initial solution for the following agents: Agent1(3->2)
 00:04:16 | WARNING! Aborting CBS - could not obtain an initial solution for the following agents: Agent26(25->24)
 00:04:16 | WARNING! Aborting CBS - could not obtain an initial solution for the following agents: Agent26(25->24)
 00:04:20 | 00:00:06 | 0.07:47:42 |  97.44%  |  10884  |  10925   | 60%  |  249508  |   0    | 209.44MB  
 00:04:21 | WARNING! Aborting CBS - could not obtain an initial solution for the following agents: Agent21(41->40)
 00:04:21 | WARNING! Aborting CBS - could not obtain an initial solution for the following agents: Agent21(41->40)
 00:04:21 | WARNING! Aborting CBS - could not obtain an initial solution for the following agents: Agent21(41->40)
 00:04:22 | WARNING! Aborting CBS - could not obtain an initial solution for the following agents: Agent11(602->603)
 00:04:25 | 00:00:01 | 0.07:57:11 |  99.42%  |  11104  |  11148   | 60%  |  254726  |   0    | 209.50MB  
 00:04:26 | 00:00:00 | 0.08:00:00 | 100.00%  |  11172  |  11213   | 60%  |  256293  |   0    | 209.94MB  
 00:04:26 | >>> Simulation finished - writing results ...
 00:04:27 | >>> Results written
Simulation finished.
>>> Timings
StatTimingPathPlanningAverage: 0.013287536639545471
StatTimingPathPlanningOverall: 205.77079240000117
StatTimingPathPlanningCount: 15486
StatTimingTaskAllocationAverage: 0.0013829575464590488
StatTimingTaskAllocationOverall: 22.02774779999973
StatTimingTaskAllocationCount: 15928
StatTimingItemStorageAverage: 3.34412726469297E-06
StatTimingItemStorageOverall: 0.037838800000000956
StatTimingItemStorageCount: 11315
StatTimingPodStorageAverage: 0.0018814415541652978
StatTimingPodStorageOverall: 5.7139380000000095
StatTimingPodStorageCount: 3037
StatTimingReplenishmentBatchingAverage: 7.9090831918506E-06
StatTimingReplenishmentBatchingOverall: 0.09316900000000007
StatTimingReplenishmentBatchingCount: 11780
StatTimingOrderBatchingAverage: 0.00010779421944750008
StatTimingOrderBatchingOverall: 3.3323505000000173
StatTimingOrderBatchingCount: 30914
>>> Overall
StatOverallBundlesPlaced: 15143
StatOverallItemsOrdered: 11216
StatOverallOrdersPlaced: 11216
StatOverallBundlesRejected: 0
StatOverallOrdersRejected: 0
StatOverallBundlesHandled: 11213
StatOverallItemsHandled: 11176
StatOverallLinesHandled: 11176
StatOverallOrdersHandled: 11172
StatOverallCollisions: 0
StatOverallDistanceTraveled: 256293.24482454418
StatOverallDistanceEstimated: 236293
StatOverallAssignedTasks: 15928
StatMaxMemoryUsed: 210.6015625
StatRealTimeUsed: 266.5081053
StatAverageTurnoverTime: 367.10713106733147
StatMedianTurnoverTime: 214.442725281584
StatLowerQuartileTurnoverTime: 121.78829630091536
StatUpperQuartileTurnoverTime: 488.57137092550875
StatAverageThroughputTime: 114.0043315167196
StatMedianThroughputTime: 120.80886731004284
StatLowerQuartileThroughputTime: 80.92213562372854
StatUpperQuartileThroughputTime: 142.00768798455283
>>> Energy (Rizqi model)
StatEnergyTotalKJ: 19642.92656536432
StatEnergyE1AccelKJ: 5370.255781999981
StatEnergyE2DecelKJ: 0
StatEnergyE3CruiseKJ: 9635.129504000008
StatEnergyE4RotationKJ: 3818.5717549198503
StatEnergyE5LiftLowerKJ: 818.9695244444447
StatEnergyPerOrderKJ: 1.7582282997998855
StatEnergyPerMeterJoule: 76.61017923239113
StatDistanceTraveledRizqiM: 256401
>>> Motion Behavior
StatTurningCount: 32310
StatStopAndGoCount: 43871
StatLoadedDistanceM: 173229
StatLoadedTurningCount: 23649
StatWaitTimeSec: 608037.3705585387
StatMoveEnergyEmptyKJ: 4263.367574999999
StatMoveTimeEmptySec: 82867.3772606248
StatTurnEnergyEmptyKJ: 888.7738143856135
StatTurnTimeEmptySec: 5817.786775891956
StatMoveEnergyLoadedKJ: 10742.017710999986
StatMoveTimeLoadedSec: 202286.15498969046
StatTurnEnergyLoadedKJ: 2929.7979405342576
StatTurnTimeLoadedSec: 14983.858029891615
StatPrefEmptyW: 58.09473822773989
StatPrefLoadedW: 62.92546063548141

Marked tag finished after 1 tries!
.Fin. - SUCCESS
