<<< Welcome to the RAWSimO CLI >>>
The time is: 04/14/2026 00:06:59
Starting RAWSimO wrapper with the following arguments:
Instance: Material/Instances/PP/1-4-4-32-550.xinst
Setting: Material/Instances/PP/PPMinimal.xsett
ControlConfig: Material/Instances/PP/aesop-cbs.xconf
StatisticsDir: C:\Users\Aesop\Desktop\rawsim-o-rmfs-world-models\output_exp\cbs\seed_13
Seed: 13
Adding handler for unhandled exceptions ...
Initializing ... 
Instance recognized!
Parsing setting config ...
Parsing control config ...
Parsing instance ...
StatisticsFolder: 1-4-4-32-550-PPMinimal-aesop-cbs-13
Done!
Executing ... 
 00:07:01 | >>> Warming up ...
 00:00:00 | >>> Warmup finished - starting simulation ...
 Realtime |   ETA    |  Sim.Time  | Progress | #Orders | #Bundles | Inv. | Distance | #Coll. |   Memory    
 00:00:00 |   n/a    | 0.00:00:00 |  0.00%   |    0    |    0     | 60%  |    0     |   0    | 123.32MB  
 00:00:05 | 06:53:26 | 0.00:00:05 |  0.02%   |    0    |    0     | 60%  |    99    |   0    | 132.00MB  
 00:00:10 | 02:15:16 | 0.00:00:35 |  0.12%   |    0    |    0     | 60%  |   821    |   0    | 143.82MB  
 00:00:15 | 02:56:37 | 0.00:00:40 |  0.14%   |    0    |    0     | 60%  |   924    |   0    | 149.01MB  
 00:00:20 | 03:13:09 | 0.00:00:49 |  0.17%   |    2    |    0     | 60%  |   1123   |   0    | 154.24MB  
 00:00:25 | 03:38:28 | 0.00:00:54 |  0.19%   |    2    |    0     | 60%  |   1223   |   0    | 157.74MB  
 00:00:30 | 03:59:49 | 0.00:00:59 |  0.21%   |    4    |    0     | 60%  |   1325   |   0    | 162.64MB  
 00:00:32 | WARNING! Aborting CBS - could not obtain an initial solution for the following agents: Agent8(41->32)
 00:00:32 | WARNING! Aborting CBS - could not obtain an initial solution for the following agents: Agent8(41->32)
 00:00:32 | WARNING! Aborting CBS - could not obtain an initial solution for the following agents: Agent8(41->34)
 00:00:35 | 04:06:30 | 0.00:01:07 |  0.24%   |    7    |    2     | 60%  |   1485   |   0    | 169.07MB  
 00:00:40 | 01:03:49 | 0.00:04:57 |  1.03%   |   94    |    88    | 60%  |   3057   |   0    | 170.02MB  
 00:00:45 | 00:27:08 | 0.00:12:54 |  2.69%   |   282   |   273    | 60%  |   6368   |   0    | 169.46MB  
 00:00:48 | WARNING! Aborting CBS - could not obtain an initial solution for the following agents: Agent8(40->39)
 00:00:50 | 00:17:19 | 0.00:22:01 |  4.59%   |   496   |   489    | 60%  |  10324   |   0    | 169.31MB  
 00:00:50 | WARNING! Aborting CBS - could not obtain an initial solution for the following agents: Agent30(41->40)
 00:00:51 | WARNING! Aborting CBS - could not obtain an initial solution for the following agents: Agent24(25->24)
 00:00:51 | WARNING! Aborting CBS - could not obtain an initial solution for the following agents: Agent24(25->24)
 00:00:51 | WARNING! Aborting CBS - could not obtain an initial solution for the following agents: Agent24(25->24)
 00:00:51 | WARNING! Aborting CBS - could not obtain an initial solution for the following agents: Agent24(25->24)
 00:00:51 | WARNING! Aborting CBS - could not obtain an initial solution for the following agents: Agent24(25->24)
 00:00:51 | WARNING! Aborting CBS - could not obtain an initial solution for the following agents: Agent2(19->17)
 00:00:51 | WARNING! Aborting CBS - could not obtain an initial solution for the following agents: Agent2(19->17)
 00:00:54 | WARNING! Aborting CBS - could not obtain an initial solution for the following agents: Agent5(56->55)
 00:00:55 | 00:13:27 | 0.00:30:37 |  6.38%   |   697   |   689    | 60%  |  14449   |   0    | 168.44MB  
 00:01:00 | 00:11:29 | 0.00:38:25 |  8.00%   |   881   |   870    | 60%  |  18781   |   0    | 167.61MB  
 00:01:04 | WARNING! Aborting CBS - could not obtain an initial solution for the following agents: Agent27(9->8)
 00:01:05 | 00:09:43 | 0.00:48:06 |  10.02%  |  1108   |   1097   | 60%  |  23463   |   0    | 167.98MB  
 00:01:10 | 00:08:45 | 0.00:56:24 |  11.75%  |  1298   |   1292   | 60%  |  27709   |   0    | 168.62MB  
 00:01:12 | WARNING! Aborting CBS - could not obtain an initial solution for the following agents: Agent30(41->40)
 00:01:13 | WARNING! Aborting CBS - could not obtain an initial solution for the following agents: Agent4(3->2)
 00:01:13 | WARNING! Aborting CBS - could not obtain an initial solution for the following agents: Agent24(25->24)
 00:01:15 | 00:07:46 | 0.01:06:30 |  13.86%  |  1533   |   1528   | 60%  |  33329   |   0    | 168.77MB  
 00:01:16 | WARNING! Aborting CBS - could not obtain an initial solution for the following agents: Agent30(33->32)
 00:01:18 | WARNING! Aborting CBS - could not obtain an initial solution for the following agents: Agent28(35->33)
 00:01:20 | 00:06:54 | 0.01:17:35 |  16.16%  |  1788   |   1788   | 60%  |  39246   |   0    | 168.61MB  
 00:01:21 | WARNING! Aborting CBS - could not obtain an initial solution for the following agents: Agent1(3->2)
 00:01:21 | WARNING! Aborting CBS - could not obtain an initial solution for the following agents: Agent1(3->2)
 00:01:21 | WARNING! Aborting CBS - could not obtain an initial solution for the following agents: Agent1(3->2)
 00:01:21 | WARNING! Aborting CBS - could not obtain an initial solution for the following agents: Agent30(41->40)
 00:01:21 | WARNING! Aborting CBS - could not obtain an initial solution for the following agents: Agent30(41->40)
 00:01:22 | WARNING! Aborting CBS - could not obtain an initial solution for the following agents: Agent29(57->56)
 00:01:22 | WARNING! Aborting CBS - could not obtain an initial solution for the following agents: Agent29(57->56)
 00:01:22 | WARNING! Aborting CBS - could not obtain an initial solution for the following agents: Agent29(57->56)
 00:01:24 | WARNING! Aborting CBS - could not obtain an initial solution for the following agents: Agent24(26->25)
 00:01:24 | WARNING! Aborting CBS - could not obtain an initial solution for the following agents: Agent24(26->25)
 00:01:25 | 00:06:16 | 0.01:28:20 |  18.40%  |  2036   |   2039   | 60%  |  44842   |   0    | 168.60MB  
 00:01:28 | WARNING! Aborting CBS - could not obtain an initial solution for the following agents: Agent24(25->24)
 00:01:29 | WARNING! Aborting CBS - could not obtain an initial solution for the following agents: Agent4(9->8)
 00:01:29 | WARNING! Aborting CBS - could not obtain an initial solution for the following agents: Agent4(9->8)
 00:01:29 | WARNING! Aborting CBS - could not obtain an initial solution for the following agents: Agent5(57->56)
 00:01:30 | 00:05:36 | 0.01:41:14 |  21.09%  |  2334   |   2342   | 60%  |  51490   |   0    | 169.20MB  
 00:01:30 | WARNING! Aborting CBS - could not obtain an initial solution for the following agents: Agent21(41->40)
 00:01:31 | WARNING! Aborting CBS - could not obtain an initial solution for the following agents: Agent11(25->24)
 00:01:32 | WARNING! Aborting CBS - could not obtain an initial solution for the following agents: Agent30(41->40)
 00:01:32 | WARNING! Aborting CBS - could not obtain an initial solution for the following agents: Agent30(41->40)
 00:01:35 | 00:05:21 | 0.01:49:22 |  22.79%  |  2522   |   2532   | 60%  |  56043   |   0    | 168.61MB  
 00:01:37 | WARNING! Aborting CBS - could not obtain an initial solution for the following agents: Agent25(3->2)
 00:01:37 | WARNING! Aborting CBS - could not obtain an initial solution for the following agents: Agent25(3->2)
 00:01:37 | WARNING! Aborting CBS - could not obtain an initial solution for the following agents: Agent25(3->2)
 00:01:40 | 00:04:51 | 0.02:02:28 |  25.52%  |  2831   |   2839   | 60%  |  62963   |   0    | 168.75MB  
 00:01:40 | WARNING! Aborting CBS - could not obtain an initial solution for the following agents: Agent25(9->8)
 00:01:40 | WARNING! Aborting CBS - could not obtain an initial solution for the following agents: Agent25(9->8)
 00:01:45 | 00:04:39 | 0.02:11:12 |  27.33%  |  3035   |   3043   | 60%  |  67732   |   0    | 168.19MB  
 00:01:45 | WARNING! Aborting CBS - could not obtain an initial solution for the following agents: Agent8(41->40)
 00:01:47 | WARNING! Aborting CBS - could not obtain an initial solution for the following agents: Agent30(43->34)
 00:01:47 | WARNING! Aborting CBS - could not obtain an initial solution for the following agents: Agent30(43->34)
 00:01:47 | WARNING! Aborting CBS - could not obtain an initial solution for the following agents: Agent30(43->34)
 00:01:47 | WARNING! Aborting CBS - could not obtain an initial solution for the following agents: Agent30(43->42)
 00:01:48 | WARNING! Aborting CBS - could not obtain an initial solution for the following agents: Agent25(9->8)
 00:01:48 | WARNING! Aborting CBS - could not obtain an initial solution for the following agents: Agent25(9->8)
 00:01:48 | WARNING! Aborting CBS - could not obtain an initial solution for the following agents: Agent25(9->8)
 00:01:49 | WARNING! Aborting CBS - could not obtain an initial solution for the following agents: Agent0(25->24)
 00:01:49 | WARNING! Aborting CBS - could not obtain an initial solution for the following agents: Agent0(25->24)
 00:01:49 | WARNING! Aborting CBS - could not obtain an initial solution for the following agents: Agent27(8->1)
 00:01:50 | WARNING! Aborting CBS - could not obtain an initial solution for the following agents: Agent27(8->1)
 00:01:50 | WARNING! Aborting CBS - could not obtain an initial solution for the following agents: Agent27(8->2)
 00:01:50 | 00:04:24 | 0.02:21:06 |  29.40%  |  3263   |   3275   | 60%  |  72988   |   0    | 168.53MB  
 00:01:51 | WARNING! Aborting CBS - could not obtain an initial solution for the following agents: Agent2(25->24)
 00:01:52 | WARNING! Aborting CBS - could not obtain an initial solution for the following agents: Agent19(9->8)
 00:01:52 | WARNING! Aborting CBS - could not obtain an initial solution for the following agents: Agent19(9->8)
 00:01:53 | WARNING! Aborting CBS - could not obtain an initial solution for the following agents: Agent1(3->1)
 00:01:53 | WARNING! Aborting CBS - could not obtain an initial solution for the following agents: Agent1(3->2)
 00:01:53 | WARNING! Aborting CBS - could not obtain an initial solution for the following agents: Agent1(3->2)
 00:01:55 | 00:04:11 | 0.02:30:44 |  31.40%  |  3490   |   3501   | 60%  |  78239   |   0    | 170.50MB  
 00:01:55 | WARNING! Aborting CBS - could not obtain an initial solution for the following agents: Agent19(9->8)
 00:01:57 | WARNING! Aborting CBS - could not obtain an initial solution for the following agents: Agent28(40->39)
 00:01:57 | WARNING! Aborting CBS - could not obtain an initial solution for the following agents: Agent28(40->39)
 00:02:00 | 00:03:58 | 0.02:40:41 |  33.48%  |  3723   |   3735   | 60%  |  83437   |   0    | 168.58MB  
 00:02:00 | WARNING! Aborting CBS - could not obtain an initial solution for the following agents: Agent24(24->23)
 00:02:05 | 00:03:46 | 0.02:50:38 |  35.55%  |  3951   |   3968   | 60%  |  88978   |   0    | 169.26MB  
 00:02:05 | WARNING! Aborting CBS - could not obtain an initial solution for the following agents: Agent29(57->56)
 00:02:05 | WARNING! Aborting CBS - could not obtain an initial solution for the following agents: Agent29(57->56)
 00:02:05 | WARNING! Aborting CBS - could not obtain an initial solution for the following agents: Agent25(9->8)
 00:02:10 | 00:03:39 | 0.02:58:42 |  37.23%  |  4141   |   4157   | 60%  |  93580   |   0    | 168.33MB  
 00:02:12 | WARNING! Aborting CBS - could not obtain an initial solution for the following agents: Agent11(26->25)
 00:02:12 | WARNING! Aborting CBS - could not obtain an initial solution for the following agents: Agent11(26->25)
 00:02:14 | WARNING! Aborting CBS - could not obtain an initial solution for the following agents: Agent0(25->24)
 00:02:15 | 00:03:31 | 0.03:06:48 |  38.92%  |  4329   |   4347   | 60%  |  98352   |   0    | 168.79MB  
 00:02:16 | WARNING! Aborting CBS - could not obtain an initial solution for the following agents: Agent4(9->8)
 00:02:20 | 00:03:20 | 0.03:17:07 |  41.07%  |  4570   |   4589   | 60%  |  104009  |   0    | 169.47MB  
 00:02:20 | WARNING! Aborting CBS - could not obtain an initial solution for the following agents: Agent4(9->8)
 00:02:20 | WARNING! Aborting CBS - could not obtain an initial solution for the following agents: Agent4(9->8)
 00:02:21 | WARNING! Aborting CBS - could not obtain an initial solution for the following agents: Agent19(9->8)
 00:02:21 | WARNING! Aborting CBS - could not obtain an initial solution for the following agents: Agent19(9->8)
 00:02:22 | WARNING! Aborting CBS - could not obtain an initial solution for the following agents: Agent7(57->56)
 00:02:22 | WARNING! Aborting CBS - could not obtain an initial solution for the following agents: Agent7(57->56)
 00:02:25 | 00:03:08 | 0.03:28:38 |  43.47%  |  4839   |   4859   | 60%  |  110366  |   0    | 169.84MB  
 00:02:26 | WARNING! Aborting CBS - could not obtain an initial solution for the following agents: Agent4(2->1)
 00:02:26 | WARNING! Aborting CBS - could not obtain an initial solution for the following agents: Agent4(2->1)
 00:02:26 | WARNING! Aborting CBS - could not obtain an initial solution for the following agents: Agent4(2->1)
 00:02:27 | WARNING! Aborting CBS - could not obtain an initial solution for the following agents: Agent8(41->40)
 00:02:27 | WARNING! Aborting CBS - could not obtain an initial solution for the following agents: Agent8(41->40)
 00:02:30 | 00:03:01 | 0.03:36:52 |  45.18%  |  5030   |   5053   | 60%  |  115242  |   0    | 170.41MB  
 00:02:31 | WARNING! Aborting CBS - could not obtain an initial solution for the following agents: Agent1(9->8)
 00:02:35 | 00:02:54 | 0.03:45:34 |  46.99%  |  5232   |   5255   | 60%  |  120070  |   0    | 170.81MB  
 00:02:38 | WARNING! Aborting CBS - could not obtain an initial solution for the following agents: Agent29(57->56)
 00:02:39 | WARNING! Aborting CBS - could not obtain an initial solution for the following agents: Agent7(56->55)
 00:02:40 | 00:02:46 | 0.03:55:14 |  49.01%  |  5458   |   5482   | 60%  |  125038  |   0    | 169.41MB  
 00:02:41 | WARNING! Aborting CBS - could not obtain an initial solution for the following agents: Agent14(8->7)
 00:02:43 | WARNING! Aborting CBS - could not obtain an initial solution for the following agents: Agent26(25->24)
 00:02:45 | 00:02:36 | 0.04:05:58 |  51.24%  |  5708   |   5733   | 60%  |  130885  |   0    | 170.19MB  
 00:02:47 | WARNING! Aborting CBS - could not obtain an initial solution for the following agents: Agent24(25->24)
 00:02:48 | WARNING! Aborting CBS - could not obtain an initial solution for the following agents: Agent21(41->40)
 00:02:48 | WARNING! Aborting CBS - could not obtain an initial solution for the following agents: Agent19(9->8)
 00:02:48 | WARNING! Aborting CBS - could not obtain an initial solution for the following agents: Agent19(9->8)
 00:02:48 | WARNING! Aborting CBS - could not obtain an initial solution for the following agents: Agent25(3->1)
 00:02:48 | WARNING! Aborting CBS - could not obtain an initial solution for the following agents: Agent25(3->1)
 00:02:48 | WARNING! Aborting CBS - could not obtain an initial solution for the following agents: Agent25(3->2)
 00:02:48 | WARNING! Aborting CBS - could not obtain an initial solution for the following agents: Agent25(3->2)
 00:02:48 | WARNING! Aborting CBS - could not obtain an initial solution for the following agents: Agent25(3->2)
 00:02:50 | 00:02:36 | 0.04:09:52 |  52.06%  |  5797   |   5826   | 60%  |  133214  |   0    | 169.62MB  
 00:02:50 | WARNING! Aborting CBS - could not obtain an initial solution for the following agents: Agent0(17->16)
 00:02:50 | WARNING! Aborting CBS - could not obtain an initial solution for the following agents: Agent0(17->16)
 00:02:54 | WARNING! Aborting CBS - could not obtain an initial solution for the following agents: Agent8(40->39)
 00:02:54 | WARNING! Aborting CBS - could not obtain an initial solution for the following agents: Agent8(40->39)
 00:02:55 | 00:02:27 | 0.04:20:09 |  54.20%  |  6034   |   6066   | 60%  |  138970  |   0    | 169.87MB  
 00:02:56 | WARNING! Aborting CBS - could not obtain an initial solution for the following agents: Agent28(35->33)
 00:02:56 | WARNING! Aborting CBS - could not obtain an initial solution for the following agents: Agent28(35->34)
 00:02:58 | WARNING! Aborting CBS - could not obtain an initial solution for the following agents: Agent29(57->56)
 00:03:00 | 00:02:22 | 0.04:27:42 |  55.77%  |  6213   |   6243   | 60%  |  143251  |   0    | 170.24MB  
 00:03:02 | WARNING! Aborting CBS - could not obtain an initial solution for the following agents: Agent4(9->8)
 00:03:02 | WARNING! Aborting CBS - could not obtain an initial solution for the following agents: Agent4(9->8)
 00:03:03 | WARNING! Aborting CBS - could not obtain an initial solution for the following agents: Agent1(9->8)
 00:03:04 | WARNING! Aborting CBS - could not obtain an initial solution for the following agents: Agent28(41->40)
 00:03:05 | 00:02:14 | 0.04:37:53 |  57.89%  |  6448   |   6483   | 60%  |  148559  |   0    | 170.16MB  
 00:03:09 | WARNING! Aborting CBS - could not obtain an initial solution for the following agents: Agent0(24->23)
 00:03:10 | 00:02:08 | 0.04:46:41 |  59.73%  |  6655   |   6688   | 60%  |  153171  |   0    | 169.79MB  
 00:03:11 | WARNING! Aborting CBS - could not obtain an initial solution for the following agents: Agent7(56->55)
 00:03:11 | WARNING! Aborting CBS - could not obtain an initial solution for the following agents: Agent7(56->55)
 00:03:15 | 00:01:59 | 0.04:57:16 |  61.93%  |  6901   |   6936   | 60%  |  159340  |   0    | 169.58MB  
 00:03:16 | WARNING! Aborting CBS - could not obtain an initial solution for the following agents: Agent21(41->40)
 00:03:20 | 00:01:52 | 0.05:07:00 |  63.96%  |  7124   |   7164   | 60%  |  165047  |   0    | 169.59MB  
 00:03:22 | WARNING! Aborting CBS - could not obtain an initial solution for the following agents: Agent11(25->24)
 00:03:22 | WARNING! Aborting CBS - could not obtain an initial solution for the following agents: Agent11(25->24)
 00:03:25 | 00:01:46 | 0.05:16:05 |  65.85%  |  7336   |   7377   | 60%  |  170082  |   0    | 179.36MB  
 00:03:27 | WARNING! Aborting CBS - could not obtain an initial solution for the following agents: Agent16(58->57)
 00:03:27 | WARNING! Aborting CBS - could not obtain an initial solution for the following agents: Agent16(58->57)
 00:03:30 | 00:01:42 | 0.05:22:53 |  67.27%  |  7490   |   7537   | 60%  |  173859  |   0    | 192.65MB  
 00:03:30 | WARNING! Aborting CBS - could not obtain an initial solution for the following agents: Agent7(57->56)
 00:03:30 | WARNING! Aborting CBS - could not obtain an initial solution for the following agents: Agent7(57->56)
 00:03:30 | WARNING! Aborting CBS - could not obtain an initial solution for the following agents: Agent7(57->56)
 00:03:30 | WARNING! Aborting CBS - could not obtain an initial solution for the following agents: Agent30(41->40)
 00:03:30 | WARNING! Aborting CBS - could not obtain an initial solution for the following agents: Agent30(41->40)
 00:03:32 | WARNING! Aborting CBS - could not obtain an initial solution for the following agents: Agent27(9->8)
 00:03:35 | 00:01:35 | 0.05:31:56 |  69.15%  |  7699   |   7748   | 60%  |  178471  |   0    | 193.08MB  
 00:03:35 | WARNING! Aborting CBS - could not obtain an initial solution for the following agents: Agent0(25->24)
 00:03:35 | WARNING! Aborting CBS - could not obtain an initial solution for the following agents: Agent0(25->24)
 00:03:36 | WARNING! Aborting CBS - could not obtain an initial solution for the following agents: Agent0(25->24)
 00:03:36 | WARNING! Aborting CBS - could not obtain an initial solution for the following agents: Agent0(25->24)
 00:03:36 | WARNING! Aborting CBS - could not obtain an initial solution for the following agents: Agent0(25->24)
 00:03:36 | WARNING! Aborting CBS - could not obtain an initial solution for the following agents: Agent0(25->24)
 00:03:36 | WARNING! Aborting CBS - could not obtain an initial solution for the following agents: Agent0(25->24)
 00:03:39 | WARNING! Aborting CBS - could not obtain an initial solution for the following agents: Agent26(25->24)
 00:03:39 | WARNING! Aborting CBS - could not obtain an initial solution for the following agents: Agent26(25->24)
 00:03:40 | 00:01:27 | 0.05:43:27 |  71.56%  |  7969   |   8020   | 60%  |  184875  |   0    | 194.31MB  
 00:03:41 | WARNING! Aborting CBS - could not obtain an initial solution for the following agents: Agent29(56->55)
 00:03:41 | WARNING! Aborting CBS - could not obtain an initial solution for the following agents: Agent29(56->55)
 00:03:42 | WARNING! Aborting CBS - could not obtain an initial solution for the following agents: Agent7(57->56)
 00:03:45 | 00:01:20 | 0.05:53:10 |  73.58%  |  8195   |   8247   | 60%  |  190275  |   0    | 196.48MB  
 00:03:47 | WARNING! Aborting CBS - could not obtain an initial solution for the following agents: Agent16(57->56)
 00:03:48 | WARNING! Aborting CBS - could not obtain an initial solution for the following agents: Agent30(41->40)
 00:03:48 | WARNING! Aborting CBS - could not obtain an initial solution for the following agents: Agent30(41->40)
 00:03:48 | WARNING! Aborting CBS - could not obtain an initial solution for the following agents: Agent1(2->1)
 00:03:49 | WARNING! Aborting CBS - could not obtain an initial solution for the following agents: Agent2(25->24)
 00:03:50 | 00:01:14 | 0.06:02:19 |  75.49%  |  8404   |   8461   | 60%  |  195523  |   0    | 197.60MB  
 00:03:50 | WARNING! Aborting CBS - could not obtain an initial solution for the following agents: Agent8(42->40)
 00:03:50 | WARNING! Aborting CBS - could not obtain an initial solution for the following agents: Agent8(42->41)
 00:03:52 | WARNING! Aborting CBS - could not obtain an initial solution for the following agents: Agent26(24->23)
 00:03:54 | WARNING! Aborting CBS - could not obtain an initial solution for the following agents: Agent1(8->2)
 00:03:54 | WARNING! Aborting CBS - could not obtain an initial solution for the following agents: Agent1(8->2)
 00:03:54 | WARNING! Aborting CBS - could not obtain an initial solution for the following agents: Agent1(8->2)
 00:03:54 | WARNING! Aborting CBS - could not obtain an initial solution for the following agents: Agent1(8->6)
 00:03:54 | WARNING! Aborting CBS - could not obtain an initial solution for the following agents: Agent1(8->6)
 00:03:55 | 00:01:06 | 0.06:14:04 |  77.93%  |  8675   |   8736   | 60%  |  202002  |   0    | 198.21MB  
 00:03:55 | WARNING! Aborting CBS - could not obtain an initial solution for the following agents: Agent16(57->56)
 00:03:56 | WARNING! Aborting CBS - could not obtain an initial solution for the following agents: Agent7(57->49)
 00:03:56 | WARNING! Aborting CBS - could not obtain an initial solution for the following agents: Agent7(57->49)
 00:03:56 | WARNING! Aborting CBS - could not obtain an initial solution for the following agents: Agent7(57->50)
 00:03:56 | WARNING! Aborting CBS - could not obtain an initial solution for the following agents: Agent7(57->51)
 00:03:56 | WARNING! Aborting CBS - could not obtain an initial solution for the following agents: Agent30(41->40)
 00:03:57 | WARNING! Aborting CBS - could not obtain an initial solution for the following agents: Agent9(56->55)
 00:03:57 | WARNING! Aborting CBS - could not obtain an initial solution for the following agents: Agent8(41->40)
 00:03:57 | WARNING! Aborting CBS - could not obtain an initial solution for the following agents: Agent8(41->40)
 00:04:00 | 00:00:58 | 0.06:26:04 |  80.43%  |  8955   |   9018   | 60%  |  208522  |   0    | 199.38MB  
 00:04:00 | WARNING! Aborting CBS - could not obtain an initial solution for the following agents: Agent0(27->26)
 00:04:00 | WARNING! Aborting CBS - could not obtain an initial solution for the following agents: Agent0(27->26)
 00:04:00 | WARNING! Aborting CBS - could not obtain an initial solution for the following agents: Agent0(27->26)
 00:04:00 | WARNING! Aborting CBS - could not obtain an initial solution for the following agents: Agent0(27->26)
 00:04:01 | WARNING! Aborting CBS - could not obtain an initial solution for the following agents: Agent28(41->40)
 00:04:04 | WARNING! Aborting CBS - could not obtain an initial solution for the following agents: Agent27(9->8)
 00:04:04 | WARNING! Aborting CBS - could not obtain an initial solution for the following agents: Agent27(9->8)
 00:04:05 | 00:00:51 | 0.06:36:33 |  82.62%  |  9200   |   9264   | 60%  |  214084  |   0    | 200.04MB  
 00:04:10 | 00:00:45 | 0.06:46:22 |  84.66%  |  9430   |   9493   | 60%  |  219292  |   0    | 199.97MB  
 00:04:11 | WARNING! Aborting CBS - could not obtain an initial solution for the following agents: Agent27(8->7)
 00:04:11 | WARNING! Aborting CBS - could not obtain an initial solution for the following agents: Agent27(8->7)
 00:04:14 | WARNING! Aborting CBS - could not obtain an initial solution for the following agents: Agent21(41->40)
 00:04:14 | WARNING! Aborting CBS - could not obtain an initial solution for the following agents: Agent21(41->40)
 00:04:14 | WARNING! Aborting CBS - could not obtain an initial solution for the following agents: Agent27(9->8)
 00:04:14 | WARNING! Aborting CBS - could not obtain an initial solution for the following agents: Agent27(9->8)
 00:04:15 | 00:00:39 | 0.06:55:39 |  86.59%  |  9647   |   9712   | 60%  |  224286  |   0    | 199.60MB  
 00:04:15 | WARNING! Aborting CBS - could not obtain an initial solution for the following agents: Agent19(9->8)
 00:04:15 | WARNING! Aborting CBS - could not obtain an initial solution for the following agents: Agent19(9->8)
 00:04:15 | WARNING! Aborting CBS - could not obtain an initial solution for the following agents: Agent8(41->40)
 00:04:15 | WARNING! Aborting CBS - could not obtain an initial solution for the following agents: Agent8(41->40)
 00:04:18 | WARNING! Aborting CBS - could not obtain an initial solution for the following agents: Agent30(41->40)
 00:04:20 | 00:00:33 | 0.07:04:36 |  88.46%  |  9851   |   9921   | 60%  |  229625  |   0    | 200.05MB  
 00:04:25 | 00:00:27 | 0.07:14:22 |  90.50%  |  10080  |  10150   | 60%  |  234904  |   0    | 199.78MB  
 00:04:26 | WARNING! Aborting CBS - could not obtain an initial solution for the following agents: Agent24(25->24)
 00:04:27 | WARNING! Aborting CBS - could not obtain an initial solution for the following agents: Agent26(26->25)
 00:04:27 | WARNING! Aborting CBS - could not obtain an initial solution for the following agents: Agent26(26->25)
 00:04:28 | WARNING! Aborting CBS - could not obtain an initial solution for the following agents: Agent30(41->40)
 00:04:28 | WARNING! Aborting CBS - could not obtain an initial solution for the following agents: Agent30(41->40)
 00:04:30 | 00:00:22 | 0.07:23:28 |  92.39%  |  10293  |  10364   | 60%  |  239512  |   0    | 199.81MB  
 00:04:35 | 00:00:19 | 0.07:27:41 |  93.27%  |  10387  |  10462   | 60%  |  242091  |   0    | 199.62MB  
 00:04:36 | WARNING! Aborting CBS - could not obtain an initial solution for the following agents: Agent4(8->7)
 00:04:36 | WARNING! Aborting CBS - could not obtain an initial solution for the following agents: Agent4(8->7)
 00:04:36 | WARNING! Aborting CBS - could not obtain an initial solution for the following agents: Agent30(732->755)
 00:04:37 | WARNING! Aborting CBS - could not obtain an initial solution for the following agents: Agent16(58->50)
 00:04:37 | WARNING! Aborting CBS - could not obtain an initial solution for the following agents: Agent28(41->40)
 00:04:37 | WARNING! Aborting CBS - could not obtain an initial solution for the following agents: Agent28(41->40)
 00:04:37 | WARNING! Aborting CBS - could not obtain an initial solution for the following agents: Agent28(41->40)
 00:04:40 | 00:00:11 | 0.07:40:37 |  95.96%  |  10686  |  10765   | 60%  |  248495  |   0    | 199.92MB  
 00:04:42 | WARNING! Aborting CBS - could not obtain an initial solution for the following agents: Agent16(58->50)
 00:04:42 | WARNING! Aborting CBS - could not obtain an initial solution for the following agents: Agent16(58->50)
 00:04:42 | WARNING! Aborting CBS - could not obtain an initial solution for the following agents: Agent16(58->51)
 00:04:45 | 00:00:05 | 0.07:50:52 |  98.10%  |  10923  |  11005   | 60%  |  253858  |   0    | 199.86MB  
 00:04:49 | WARNING! Aborting CBS - could not obtain an initial solution for the following agents: Agent7(57->56)
 00:04:49 | WARNING! Aborting CBS - could not obtain an initial solution for the following agents: Agent7(57->56)
 00:04:49 | 00:00:00 | 0.08:00:00 | 100.00%  |  11133  |  11219   | 60%  |  258835  |   0    | 200.46MB  
 00:04:49 | >>> Simulation finished - writing results ...
 00:04:50 | >>> Results written
Simulation finished.
>>> Timings
StatTimingPathPlanningAverage: 0.014438470607129337
StatTimingPathPlanningOverall: 229.2540362999996
StatTimingPathPlanningCount: 15878
StatTimingTaskAllocationAverage: 0.0014133348861997584
StatTimingTaskAllocationOverall: 22.541278099999946
StatTimingTaskAllocationCount: 15949
StatTimingItemStorageAverage: 3.7851482527357583E-06
StatTimingItemStorageOverall: 0.04289330000000161
StatTimingItemStorageCount: 11332
StatTimingPodStorageAverage: 0.0018629991816693971
StatTimingPodStorageOverall: 5.691462500000008
StatTimingPodStorageCount: 3055
StatTimingReplenishmentBatchingAverage: 8.195999658819461E-06
StatTimingReplenishmentBatchingOverall: 0.09608989999999937
StatTimingReplenishmentBatchingCount: 11724
StatTimingOrderBatchingAverage: 0.00010720844603381055
StatTimingOrderBatchingOverall: 3.2977318000000126
StatTimingOrderBatchingCount: 30760
>>> Overall
StatOverallBundlesPlaced: 15123
StatOverallItemsOrdered: 11179
StatOverallOrdersPlaced: 11179
StatOverallBundlesRejected: 0
StatOverallOrdersRejected: 0
StatOverallBundlesHandled: 11219
StatOverallItemsHandled: 11137
StatOverallLinesHandled: 11137
StatOverallOrdersHandled: 11133
StatOverallCollisions: 0
StatOverallDistanceTraveled: 258834.82617717888
StatOverallDistanceEstimated: 238640
StatOverallAssignedTasks: 15949
StatMaxMemoryUsed: 200.91015625
StatRealTimeUsed: 289.7231681
StatAverageTurnoverTime: 367.42314109142103
StatMedianTurnoverTime: 213.70824114882453
StatLowerQuartileTurnoverTime: 123.0698268030028
StatUpperQuartileTurnoverTime: 485.1821388730368
StatAverageThroughputTime: 114.36274225741525
StatMedianThroughputTime: 120.82982680300483
StatLowerQuartileThroughputTime: 80.73546976051057
StatUpperQuartileThroughputTime: 142.10658006816448
>>> Energy (Rizqi model)
StatEnergyTotalKJ: 19262.528615083487
StatEnergyE1AccelKJ: 5411.904213749979
StatEnergyE2DecelKJ: 0
StatEnergyE3CruiseKJ: 9742.521530000005
StatEnergyE4RotationKJ: 3282.6974402223123
StatEnergyE5LiftLowerKJ: 825.4054311111115
StatEnergyPerOrderKJ: 1.7302190438411469
StatEnergyPerMeterJoule: 74.41205817395104
StatDistanceTraveledRizqiM: 258863
>>> Motion Behavior
StatTurningCount: 32382
StatStopAndGoCount: 44012
StatLoadedDistanceM: 174211
StatLoadedTurningCount: 23670
StatWaitTimeSec: 375745.0400347146

Marked tag finished after 1 tries!
.Fin. - SUCCESS
