<<< Welcome to the RAWSimO CLI >>>
The time is: 04/13/2026 23:58:02
Starting RAWSimO wrapper with the following arguments:
Instance: Material/Instances/PP/1-4-4-32-550.xinst
Setting: Material/Instances/PP/PPMinimal.xsett
ControlConfig: Material/Instances/PP/aesop-cbs.xconf
StatisticsDir: C:\Users\Aesop\Desktop\rawsim-o-rmfs-world-models\output_exp\cbs\seed_8
Seed: 8
Adding handler for unhandled exceptions ...
Initializing ... 
Instance recognized!
Parsing setting config ...
Parsing control config ...
Parsing instance ...
StatisticsFolder: 1-4-4-32-550-PPMinimal-aesop-cbs-8
Done!
Executing ... 
 23:58:04 | >>> Warming up ...
 00:00:00 | >>> Warmup finished - starting simulation ...
 Realtime |   ETA    |  Sim.Time  | Progress | #Orders | #Bundles | Inv. | Distance | #Coll. |   Memory    
 00:00:00 |   n/a    | 0.00:00:00 |  0.00%   |    0    |    0     | 60%  |    0     |   0    | 123.22MB  
 00:00:05 | 04:59:19 | 0.00:00:08 |  0.03%   |    0    |    0     | 60%  |   153    |   0    | 131.70MB  
 00:00:10 | 02:15:21 | 0.00:00:35 |  0.12%   |    0    |    0     | 60%  |   821    |   0    | 143.23MB  
 00:00:15 | 02:56:47 | 0.00:00:40 |  0.14%   |    0    |    0     | 60%  |   924    |   0    | 150.79MB  
 00:00:20 | 03:09:04 | 0.00:00:50 |  0.18%   |    2    |    0     | 60%  |   1142   |   0    | 154.57MB  
 00:00:25 | 03:38:25 | 0.00:00:54 |  0.19%   |    2    |    0     | 60%  |   1223   |   0    | 161.36MB  
 00:00:30 | 03:59:40 | 0.00:00:59 |  0.21%   |    4    |    0     | 60%  |   1325   |   0    | 165.05MB  
 00:00:32 | WARNING! Aborting CBS - could not obtain an initial solution for the following agents: Agent8(41->32)
 00:00:32 | WARNING! Aborting CBS - could not obtain an initial solution for the following agents: Agent8(41->32)
 00:00:32 | WARNING! Aborting CBS - could not obtain an initial solution for the following agents: Agent8(41->34)
 00:00:33 | WARNING! Aborting CBS - could not obtain an initial solution for the following agents: Agent27(1->0)
 00:00:33 | WARNING! Aborting CBS - could not obtain an initial solution for the following agents: Agent27(1->0)
 00:00:35 | 02:44:27 | 0.00:01:41 |  0.35%   |   20    |    9     | 60%  |   1937   |   0    | 171.70MB  
 00:00:36 | WARNING! Aborting CBS - could not obtain an initial solution for the following agents: Agent7(56->55)
 00:00:36 | WARNING! Aborting CBS - could not obtain an initial solution for the following agents: Agent7(56->55)
 00:00:38 | WARNING! Aborting CBS - could not obtain an initial solution for the following agents: Agent16(57->49)
 00:00:38 | WARNING! Aborting CBS - could not obtain an initial solution for the following agents: Agent16(57->50)
 00:00:38 | WARNING! Aborting CBS - could not obtain an initial solution for the following agents: Agent16(57->51)
 00:00:40 | 00:29:19 | 0.00:10:40 |  2.22%   |   231   |   221    | 60%  |   5080   |   0    | 169.58MB  
 00:00:42 | WARNING! Aborting CBS - could not obtain an initial solution for the following agents: Agent2(25->18)
 00:00:44 | WARNING! Aborting CBS - could not obtain an initial solution for the following agents: Agent26(25->24)
 00:00:44 | WARNING! Aborting CBS - could not obtain an initial solution for the following agents: Agent7(56->55)
 00:00:45 | 00:17:06 | 0.00:20:10 |  4.20%   |   454   |   444    | 60%  |   9346   |   0    | 169.20MB  
 00:00:47 | WARNING! Aborting CBS - could not obtain an initial solution for the following agents: Agent14(9->8)
 00:00:47 | WARNING! Aborting CBS - could not obtain an initial solution for the following agents: Agent14(9->8)
 00:00:48 | WARNING! Aborting CBS - could not obtain an initial solution for the following agents: Agent25(8->7)
 00:00:48 | WARNING! Aborting CBS - could not obtain an initial solution for the following agents: Agent25(8->7)
 00:00:48 | WARNING! Aborting CBS - could not obtain an initial solution for the following agents: Agent25(8->7)
 00:00:50 | 00:12:31 | 0.00:29:57 |  6.24%   |   682   |   673    | 60%  |  13853   |   0    | 169.55MB  
 00:00:50 | WARNING! Aborting CBS - could not obtain an initial solution for the following agents: Agent26(25->24)
 00:00:50 | WARNING! Aborting CBS - could not obtain an initial solution for the following agents: Agent26(25->24)
 00:00:52 | WARNING! Aborting CBS - could not obtain an initial solution for the following agents: Agent29(57->56)
 00:00:55 | 00:10:36 | 0.00:38:10 |  7.95%   |   872   |   865    | 60%  |  18168   |   0    | 169.55MB  
 00:00:56 | WARNING! Aborting CBS - could not obtain an initial solution for the following agents: Agent27(2->1)
 00:00:58 | WARNING! Aborting CBS - could not obtain an initial solution for the following agents: Agent29(57->56)
 00:00:59 | WARNING! Aborting CBS - could not obtain an initial solution for the following agents: Agent10(41->40)
 00:01:00 | 00:09:22 | 0.00:46:14 |  9.63%   |  1061   |   1055   | 60%  |  22244   |   0    | 168.29MB  
 00:01:01 | WARNING! Aborting CBS - could not obtain an initial solution for the following agents: Agent26(26->25)
 00:01:01 | WARNING! Aborting CBS - could not obtain an initial solution for the following agents: Agent26(26->25)
 00:01:01 | WARNING! Aborting CBS - could not obtain an initial solution for the following agents: Agent26(26->25)
 00:01:04 | WARNING! Aborting CBS - could not obtain an initial solution for the following agents: Agent19(9->8)
 00:01:05 | 00:08:41 | 0.00:53:09 |  11.08%  |  1223   |   1215   | 60%  |  26086   |   0    | 169.09MB  
 00:01:06 | WARNING! Aborting CBS - could not obtain an initial solution for the following agents: Agent27(9->8)
 00:01:06 | WARNING! Aborting CBS - could not obtain an initial solution for the following agents: Agent27(9->8)
 00:01:06 | WARNING! Aborting CBS - could not obtain an initial solution for the following agents: Agent27(9->8)
 00:01:10 | 00:08:03 | 0.01:00:40 |  12.64%  |  1399   |   1392   | 60%  |  30374   |   0    | 169.43MB  
 00:01:10 | WARNING! Aborting CBS - could not obtain an initial solution for the following agents: Agent11(25->24)
 00:01:15 | 00:07:35 | 0.01:07:51 |  14.14%  |  1565   |   1559   | 60%  |  33966   |   0    | 171.64MB  
 00:01:15 | WARNING! Aborting CBS - could not obtain an initial solution for the following agents: Agent5(57->56)
 00:01:20 | 00:07:18 | 0.01:14:03 |  15.43%  |  1710   |   1705   | 60%  |  37586   |   0    | 169.66MB  
 00:01:21 | WARNING! Aborting CBS - could not obtain an initial solution for the following agents: Agent14(8->6)
 00:01:25 | 00:06:34 | 0.01:25:08 |  17.74%  |  1965   |   1964   | 60%  |  43767   |   0    | 168.89MB  
 00:01:25 | WARNING! Aborting CBS - could not obtain an initial solution for the following agents: Agent19(9->8)
 00:01:25 | WARNING! Aborting CBS - could not obtain an initial solution for the following agents: Agent19(9->8)
 00:01:25 | WARNING! Aborting CBS - could not obtain an initial solution for the following agents: Agent19(9->8)
 00:01:26 | WARNING! Aborting CBS - could not obtain an initial solution for the following agents: Agent10(40->39)
 00:01:30 | 00:06:09 | 0.01:33:59 |  19.58%  |  2170   |   2171   | 60%  |  48548   |   0    | 170.26MB  
 00:01:30 | WARNING! Aborting CBS - could not obtain an initial solution for the following agents: Agent2(25->24)
 00:01:34 | WARNING! Aborting CBS - could not obtain an initial solution for the following agents: Agent26(25->24)
 00:01:34 | WARNING! Aborting CBS - could not obtain an initial solution for the following agents: Agent26(25->24)
 00:01:34 | WARNING! Aborting CBS - could not obtain an initial solution for the following agents: Agent26(25->24)
 00:01:35 | 00:05:39 | 0.01:44:58 |  21.87%  |  2429   |   2428   | 60%  |  54573   |   0    | 170.50MB  
 00:01:38 | WARNING! Aborting CBS - could not obtain an initial solution for the following agents: Agent0(25->24)
 00:01:38 | WARNING! Aborting CBS - could not obtain an initial solution for the following agents: Agent0(25->24)
 00:01:38 | WARNING! Aborting CBS - could not obtain an initial solution for the following agents: Agent0(25->24)
 00:01:40 | 00:05:24 | 0.01:53:07 |  23.57%  |  2620   |   2619   | 60%  |  58969   |   0    | 170.69MB  
 00:01:40 | WARNING! Aborting CBS - could not obtain an initial solution for the following agents: Agent27(11->2)
 00:01:42 | WARNING! Aborting CBS - could not obtain an initial solution for the following agents: Agent4(9->8)
 00:01:42 | WARNING! Aborting CBS - could not obtain an initial solution for the following agents: Agent4(9->8)
 00:01:45 | 00:05:03 | 0.02:03:27 |  25.72%  |  2860   |   2860   | 60%  |  64775   |   0    | 170.74MB  
 00:01:47 | WARNING! Aborting CBS - could not obtain an initial solution for the following agents: Agent1(8->1)
 00:01:47 | WARNING! Aborting CBS - could not obtain an initial solution for the following agents: Agent1(8->1)
 00:01:49 | WARNING! Aborting CBS - could not obtain an initial solution for the following agents: Agent14(9->8)
 00:01:50 | 00:04:52 | 0.02:11:20 |  27.36%  |  3043   |   3047   | 60%  |  69524   |   0    | 170.80MB  
 00:01:52 | WARNING! Aborting CBS - could not obtain an initial solution for the following agents: Agent7(57->56)
 00:01:55 | 00:04:39 | 0.02:19:49 |  29.13%  |  3239   |   3246   | 60%  |  74372   |   0    | 170.41MB  
 00:01:56 | WARNING! Aborting CBS - could not obtain an initial solution for the following agents: Agent11(25->24)
 00:02:00 | 00:04:31 | 0.02:27:07 |  30.65%  |  3408   |   3417   | 60%  |  78227   |   0    | 171.05MB  
 00:02:05 | 00:04:27 | 0.02:32:57 |  31.87%  |  3545   |   3554   | 60%  |  81566   |   0    | 174.60MB  
 00:02:06 | WARNING! Aborting CBS - could not obtain an initial solution for the following agents: Agent24(25->24)
 00:02:06 | WARNING! Aborting CBS - could not obtain an initial solution for the following agents: Agent0(25->24)
 00:02:06 | WARNING! Aborting CBS - could not obtain an initial solution for the following agents: Agent0(25->24)
 00:02:06 | WARNING! Aborting CBS - could not obtain an initial solution for the following agents: Agent4(8->2)
 00:02:08 | WARNING! Aborting CBS - could not obtain an initial solution for the following agents: Agent29(57->56)
 00:02:08 | WARNING! Aborting CBS - could not obtain an initial solution for the following agents: Agent29(57->56)
 00:02:09 | WARNING! Aborting CBS - could not obtain an initial solution for the following agents: Agent24(19->18)
 00:02:09 | WARNING! Aborting CBS - could not obtain an initial solution for the following agents: Agent24(19->18)
 00:02:09 | WARNING! Aborting CBS - could not obtain an initial solution for the following agents: Agent19(8->1)
 00:02:09 | WARNING! Aborting CBS - could not obtain an initial solution for the following agents: Agent19(8->1)
 00:02:10 | 00:04:05 | 0.02:46:19 |  34.65%  |  3855   |   3867   | 60%  |  88504   |   0    | 172.01MB  
 00:02:11 | WARNING! Aborting CBS - could not obtain an initial solution for the following agents: Agent2(25->24)
 00:02:15 | 00:03:54 | 0.02:55:14 |  36.51%  |  4064   |   4077   | 60%  |  93305   |   0    | 172.75MB  
 00:02:16 | WARNING! Aborting CBS - could not obtain an initial solution for the following agents: Agent29(57->56)
 00:02:19 | WARNING! Aborting CBS - could not obtain an initial solution for the following agents: Agent26(25->24)
 00:02:19 | WARNING! Aborting CBS - could not obtain an initial solution for the following agents: Agent26(25->24)
 00:02:20 | 00:03:48 | 0.03:02:29 |  38.02%  |  4234   |   4246   | 60%  |  97532   |   0    | 172.00MB  
 00:02:20 | WARNING! Aborting CBS - could not obtain an initial solution for the following agents: Agent19(9->8)
 00:02:21 | WARNING! Aborting CBS - could not obtain an initial solution for the following agents: Agent16(58->57)
 00:02:21 | WARNING! Aborting CBS - could not obtain an initial solution for the following agents: Agent16(58->50)
 00:02:21 | WARNING! Aborting CBS - could not obtain an initial solution for the following agents: Agent16(58->50)
 00:02:22 | WARNING! Aborting CBS - could not obtain an initial solution for the following agents: Agent19(3->1)
 00:02:22 | WARNING! Aborting CBS - could not obtain an initial solution for the following agents: Agent19(3->1)
 00:02:22 | WARNING! Aborting CBS - could not obtain an initial solution for the following agents: Agent19(3->2)
 00:02:23 | WARNING! Aborting CBS - could not obtain an initial solution for the following agents: Agent1(3->1)
 00:02:23 | WARNING! Aborting CBS - could not obtain an initial solution for the following agents: Agent1(3->2)
 00:02:25 | 00:03:36 | 0.03:12:26 |  40.09%  |  4467   |   4480   | 60%  |  103048  |   0    | 172.38MB  
 00:02:30 | 00:03:25 | 0.03:22:28 |  42.18%  |  4699   |   4714   | 60%  |  108509  |   0    | 172.95MB  
 00:02:30 | WARNING! Aborting CBS - could not obtain an initial solution for the following agents: Agent24(24->18)
 00:02:35 | 00:03:19 | 0.03:29:40 |  43.68%  |  4867   |   4884   | 60%  |  112860  |   0    | 173.47MB  
 00:02:35 | WARNING! Aborting CBS - could not obtain an initial solution for the following agents: Agent8(41->40)
 00:02:36 | WARNING! Aborting CBS - could not obtain an initial solution for the following agents: Agent26(25->24)
 00:02:37 | WARNING! Aborting CBS - could not obtain an initial solution for the following agents: Agent29(57->56)
 00:02:37 | WARNING! Aborting CBS - could not obtain an initial solution for the following agents: Agent29(57->56)
 00:02:40 | 00:03:10 | 0.03:39:04 |  45.64%  |  5084   |   5104   | 60%  |  118214  |   0    | 172.64MB  
 00:02:40 | WARNING! Aborting CBS - could not obtain an initial solution for the following agents: Agent1(9->8)
 00:02:40 | WARNING! Aborting CBS - could not obtain an initial solution for the following agents: Agent1(9->8)
 00:02:45 | 00:03:01 | 0.03:48:28 |  47.60%  |  5302   |   5325   | 60%  |  123718  |   0    | 172.85MB  
 00:02:46 | WARNING! Aborting CBS - could not obtain an initial solution for the following agents: Agent7(57->56)
 00:02:48 | WARNING! Aborting CBS - could not obtain an initial solution for the following agents: Agent10(41->40)
 00:02:50 | 00:02:49 | 0.04:00:07 |  50.03%  |  5573   |   5596   | 60%  |  130090  |   0    | 172.45MB  
 00:02:50 | WARNING! Aborting CBS - could not obtain an initial solution for the following agents: Agent26(27->26)
 00:02:50 | WARNING! Aborting CBS - could not obtain an initial solution for the following agents: Agent26(27->26)
 00:02:50 | WARNING! Aborting CBS - could not obtain an initial solution for the following agents: Agent9(57->56)
 00:02:51 | WARNING! Aborting CBS - could not obtain an initial solution for the following agents: Agent10(41->40)
 00:02:51 | WARNING! Aborting CBS - could not obtain an initial solution for the following agents: Agent10(41->40)
 00:02:55 | 00:02:40 | 0.04:10:20 |  52.15%  |  5812   |   5836   | 60%  |  135691  |   0    | 173.11MB  
 00:02:55 | WARNING! Aborting CBS - could not obtain an initial solution for the following agents: Agent25(10->9)
 00:02:55 | WARNING! Aborting CBS - could not obtain an initial solution for the following agents: Agent25(10->9)
 00:02:55 | WARNING! Aborting CBS - could not obtain an initial solution for the following agents: Agent9(56->55)
 00:02:55 | WARNING! Aborting CBS - could not obtain an initial solution for the following agents: Agent9(56->55)
 00:02:59 | WARNING! Aborting CBS - could not obtain an initial solution for the following agents: Agent29(57->56)
 00:02:59 | WARNING! Aborting CBS - could not obtain an initial solution for the following agents: Agent29(57->56)
 00:02:59 | WARNING! Aborting CBS - could not obtain an initial solution for the following agents: Agent29(57->56)
 00:02:59 | WARNING! Aborting CBS - could not obtain an initial solution for the following agents: Agent5(57->56)
 00:03:00 | 00:02:35 | 0.04:17:53 |  53.73%  |  5985   |   6014   | 60%  |  140164  |   0    | 172.62MB  
 00:03:02 | WARNING! Aborting CBS - could not obtain an initial solution for the following agents: Agent25(9->8)
 00:03:05 | 00:02:27 | 0.04:26:54 |  55.60%  |  6198   |   6225   | 60%  |  145193  |   0    | 172.34MB  
 00:03:10 | 00:02:28 | 0.04:29:42 |  56.19%  |  6259   |   6291   | 60%  |  147007  |   0    | 175.65MB  
 00:03:14 | WARNING! Aborting CBS - could not obtain an initial solution for the following agents: Agent8(40->33)
 00:03:14 | WARNING! Aborting CBS - could not obtain an initial solution for the following agents: Agent8(40->34)
 00:03:14 | WARNING! Aborting CBS - could not obtain an initial solution for the following agents: Agent8(40->34)
 00:03:14 | WARNING! Aborting CBS - could not obtain an initial solution for the following agents: Agent11(25->24)
 00:03:15 | 00:02:25 | 0.04:35:14 |  57.34%  |  6385   |   6420   | 60%  |  149922  |   0    | 172.79MB  
 00:03:15 | WARNING! Aborting CBS - could not obtain an initial solution for the following agents: Agent30(41->40)
 00:03:15 | WARNING! Aborting CBS - could not obtain an initial solution for the following agents: Agent30(41->40)
 00:03:20 | 00:02:15 | 0.04:46:07 |  59.61%  |  6636   |   6676   | 60%  |  155986  |   0    | 172.85MB  
 00:03:25 | 00:02:08 | 0.04:54:57 |  61.45%  |  6845   |   6882   | 60%  |  160786  |   0    | 175.54MB  
 00:03:30 | 00:02:10 | 0.04:55:46 |  61.62%  |  6863   |   6902   | 60%  |  161386  |   0    | 173.82MB  
 00:03:30 | WARNING! Aborting CBS - could not obtain an initial solution for the following agents: Agent16(51->49)
 00:03:35 | 00:02:01 | 0.05:06:50 |  63.93%  |  7113   |   7161   | 60%  |  167790  |   0    | 172.55MB  
 00:03:35 | WARNING! Aborting CBS - could not obtain an initial solution for the following agents: Agent1(9->8)
 00:03:38 | WARNING! Aborting CBS - could not obtain an initial solution for the following agents: Agent25(9->8)
 00:03:40 | 00:01:53 | 0.05:16:29 |  65.93%  |  7339   |   7388   | 60%  |  173138  |   0    | 174.13MB  
 00:03:43 | WARNING! Aborting CBS - could not obtain an initial solution for the following agents: Agent5(57->56)
 00:03:45 | 00:01:44 | 0.05:27:29 |  68.23%  |  7593   |   7645   | 60%  |  179344  |   0    | 172.50MB  
 00:03:46 | WARNING! Aborting CBS - could not obtain an initial solution for the following agents: Agent2(25->24)
 00:03:46 | WARNING! Aborting CBS - could not obtain an initial solution for the following agents: Agent2(25->24)
 00:03:46 | WARNING! Aborting CBS - could not obtain an initial solution for the following agents: Agent21(41->40)
 00:03:46 | WARNING! Aborting CBS - could not obtain an initial solution for the following agents: Agent21(41->40)
 00:03:48 | WARNING! Aborting CBS - could not obtain an initial solution for the following agents: Agent11(25->24)
 00:03:50 | 00:01:35 | 0.05:38:40 |  70.56%  |  7854   |   7908   | 60%  |  185218  |   0    | 173.06MB  
 00:03:50 | WARNING! Aborting CBS - could not obtain an initial solution for the following agents: Agent26(24->18)
 00:03:53 | WARNING! Aborting CBS - could not obtain an initial solution for the following agents: Agent29(57->56)
 00:03:55 | 00:01:33 | 0.05:43:28 |  71.56%  |  7964   |   8021   | 60%  |  188011  |   0    | 174.34MB  
 00:03:55 | WARNING! Aborting CBS - could not obtain an initial solution for the following agents: Agent30(40->34)
 00:03:56 | WARNING! Aborting CBS - could not obtain an initial solution for the following agents: Agent26(24->23)
 00:03:56 | WARNING! Aborting CBS - could not obtain an initial solution for the following agents: Agent26(24->23)
 00:03:56 | WARNING! Aborting CBS - could not obtain an initial solution for the following agents: Agent27(9->8)
 00:04:00 | 00:01:27 | 0.05:51:30 |  73.23%  |  8152   |   8209   | 60%  |  192344  |   0    | 173.11MB  
 00:04:00 | WARNING! Aborting CBS - could not obtain an initial solution for the following agents: Agent21(41->40)
 00:04:00 | WARNING! Aborting CBS - could not obtain an initial solution for the following agents: Agent21(41->40)
 00:04:00 | WARNING! Aborting CBS - could not obtain an initial solution for the following agents: Agent27(8->1)
 00:04:00 | WARNING! Aborting CBS - could not obtain an initial solution for the following agents: Agent27(8->1)
 00:04:00 | WARNING! Aborting CBS - could not obtain an initial solution for the following agents: Agent27(8->2)
 00:04:02 | WARNING! Aborting CBS - could not obtain an initial solution for the following agents: Agent30(41->35)
 00:04:04 | WARNING! Aborting CBS - could not obtain an initial solution for the following agents: Agent25(8->1)
 00:04:05 | 00:01:20 | 0.06:00:45 |  75.16%  |  8366   |   8426   | 60%  |  197705  |   0    | 172.70MB  
 00:04:09 | WARNING! Aborting CBS - could not obtain an initial solution for the following agents: Agent16(57->56)
 00:04:10 | 00:01:15 | 0.06:08:30 |  76.77%  |  8545   |   8605   | 60%  |  201924  |   0    | 173.98MB  
 00:04:10 | WARNING! Aborting CBS - could not obtain an initial solution for the following agents: Agent28(41->34)
 00:04:10 | WARNING! Aborting CBS - could not obtain an initial solution for the following agents: Agent28(41->33)
 00:04:10 | WARNING! Aborting CBS - could not obtain an initial solution for the following agents: Agent28(41->33)
 00:04:10 | WARNING! Aborting CBS - could not obtain an initial solution for the following agents: Agent28(41->34)
 00:04:10 | WARNING! Aborting CBS - could not obtain an initial solution for the following agents: Agent28(41->34)
 00:04:10 | WARNING! Aborting CBS - could not obtain an initial solution for the following agents: Agent28(41->35)
 00:04:12 | WARNING! Aborting CBS - could not obtain an initial solution for the following agents: Agent25(3->2)
 00:04:12 | WARNING! Aborting CBS - could not obtain an initial solution for the following agents: Agent25(3->1)
 00:04:12 | WARNING! Aborting CBS - could not obtain an initial solution for the following agents: Agent25(3->1)
 00:04:12 | WARNING! Aborting CBS - could not obtain an initial solution for the following agents: Agent25(3->2)
 00:04:12 | WARNING! Aborting CBS - could not obtain an initial solution for the following agents: Agent25(3->2)
 00:04:15 | 00:01:07 | 0.06:19:09 |  78.99%  |  8793   |   8857   | 60%  |  207691  |   0    | 172.73MB  
 00:04:17 | WARNING! Aborting CBS - could not obtain an initial solution for the following agents: Agent9(57->56)
 00:04:17 | WARNING! Aborting CBS - could not obtain an initial solution for the following agents: Agent9(57->56)
 00:04:20 | 00:01:01 | 0.06:28:38 |  80.97%  |  9017   |   9078   | 60%  |  212431  |   0    | 173.10MB  
 00:04:20 | WARNING! Aborting CBS - could not obtain an initial solution for the following agents: Agent1(9->8)
 00:04:20 | WARNING! Aborting CBS - could not obtain an initial solution for the following agents: Agent1(9->8)
 00:04:22 | WARNING! Aborting CBS - could not obtain an initial solution for the following agents: Agent11(25->24)
 00:04:22 | WARNING! Aborting CBS - could not obtain an initial solution for the following agents: Agent11(25->24)
 00:04:22 | WARNING! Aborting CBS - could not obtain an initial solution for the following agents: Agent11(25->24)
 00:04:23 | WARNING! Aborting CBS - could not obtain an initial solution for the following agents: Agent24(25->24)
 00:04:23 | WARNING! Aborting CBS - could not obtain an initial solution for the following agents: Agent9(56->50)
 00:04:25 | 00:00:54 | 0.06:38:07 |  82.94%  |  9237   |   9301   | 60%  |  217837  |   0    | 172.61MB  
 00:04:26 | WARNING! Aborting CBS - could not obtain an initial solution for the following agents: Agent4(9->8)
 00:04:29 | WARNING! Aborting CBS - could not obtain an initial solution for the following agents: Agent0(26->25)
 00:04:29 | WARNING! Aborting CBS - could not obtain an initial solution for the following agents: Agent0(26->25)
 00:04:29 | WARNING! Aborting CBS - could not obtain an initial solution for the following agents: Agent0(26->25)
 00:04:29 | WARNING! Aborting CBS - could not obtain an initial solution for the following agents: Agent0(26->18)
 00:04:29 | WARNING! Aborting CBS - could not obtain an initial solution for the following agents: Agent0(26->18)
 00:04:30 | 00:00:49 | 0.06:45:58 |  84.58%  |  9418   |   9485   | 60%  |  222161  |   0    | 172.34MB  
 00:04:31 | WARNING! Aborting CBS - could not obtain an initial solution for the following agents: Agent14(2->1)
 00:04:31 | WARNING! Aborting CBS - could not obtain an initial solution for the following agents: Agent14(2->1)
 00:04:35 | 00:00:42 | 0.06:55:56 |  86.65%  |  9650   |   9718   | 60%  |  227230  |   0    | 172.26MB  
 00:04:35 | WARNING! Aborting CBS - could not obtain an initial solution for the following agents: Agent25(3->1)
 00:04:35 | WARNING! Aborting CBS - could not obtain an initial solution for the following agents: Agent25(3->1)
 00:04:35 | WARNING! Aborting CBS - could not obtain an initial solution for the following agents: Agent25(3->1)
 00:04:35 | WARNING! Aborting CBS - could not obtain an initial solution for the following agents: Agent25(3->2)
 00:04:35 | WARNING! Aborting CBS - could not obtain an initial solution for the following agents: Agent25(3->2)
 00:04:36 | WARNING! Aborting CBS - could not obtain an initial solution for the following agents: Agent28(43->34)
 00:04:36 | WARNING! Aborting CBS - could not obtain an initial solution for the following agents: Agent28(43->34)
 00:04:36 | WARNING! Aborting CBS - could not obtain an initial solution for the following agents: Agent28(43->34)
 00:04:36 | WARNING! Aborting CBS - could not obtain an initial solution for the following agents: Agent28(43->42)
 00:04:37 | WARNING! Aborting CBS - could not obtain an initial solution for the following agents: Agent26(25->24)
 00:04:37 | WARNING! Aborting CBS - could not obtain an initial solution for the following agents: Agent26(25->24)
 00:04:37 | WARNING! Aborting CBS - could not obtain an initial solution for the following agents: Agent26(25->24)
 00:04:37 | WARNING! Aborting CBS - could not obtain an initial solution for the following agents: Agent21(40->39)
 00:04:38 | WARNING! Aborting CBS - could not obtain an initial solution for the following agents: Agent0(25->24)
 00:04:40 | 00:00:35 | 0.07:05:48 |  88.71%  |  9876   |   9949   | 60%  |  232814  |   0    | 172.30MB  
 00:04:41 | WARNING! Aborting CBS - could not obtain an initial solution for the following agents: Agent5(57->56)
 00:04:41 | WARNING! Aborting CBS - could not obtain an initial solution for the following agents: Agent5(57->56)
 00:04:41 | WARNING! Aborting CBS - could not obtain an initial solution for the following agents: Agent24(25->24)
 00:04:42 | WARNING! Aborting CBS - could not obtain an initial solution for the following agents: Agent11(25->24)
 00:04:44 | WARNING! Aborting CBS - could not obtain an initial solution for the following agents: Agent26(25->23)
 00:04:44 | WARNING! Aborting CBS - could not obtain an initial solution for the following agents: Agent26(25->23)
 00:04:44 | WARNING! Aborting CBS - could not obtain an initial solution for the following agents: Agent26(25->23)
 00:04:44 | WARNING! Aborting CBS - could not obtain an initial solution for the following agents: Agent2(24->18)
 00:04:45 | 00:00:30 | 0.07:14:15 |  90.47%  |  10073  |  10148   | 60%  |  237274  |   0    | 172.53MB  
 00:04:46 | WARNING! Aborting CBS - could not obtain an initial solution for the following agents: Agent1(3->0)
 00:04:46 | WARNING! Aborting CBS - could not obtain an initial solution for the following agents: Agent1(3->0)
 00:04:46 | WARNING! Aborting CBS - could not obtain an initial solution for the following agents: Agent1(3->0)
 00:04:46 | WARNING! Aborting CBS - could not obtain an initial solution for the following agents: Agent1(3->1)
 00:04:46 | WARNING! Aborting CBS - could not obtain an initial solution for the following agents: Agent1(3->1)
 00:04:47 | WARNING! Aborting CBS - could not obtain an initial solution for the following agents: Agent14(9->8)
 00:04:49 | WARNING! Aborting CBS - could not obtain an initial solution for the following agents: Agent19(9->2)
 00:04:50 | 00:00:22 | 0.07:25:41 |  92.85%  |  10338  |  10416   | 60%  |  243125  |   0    | 173.15MB  
 00:04:53 | WARNING! Aborting CBS - could not obtain an initial solution for the following agents: Agent8(41->40)
 00:04:53 | WARNING! Aborting CBS - could not obtain an initial solution for the following agents: Agent8(41->40)
 00:04:55 | 00:00:15 | 0.07:36:40 |  95.14%  |  10594  |  10673   | 60%  |  249274  |   0    | 172.56MB  
 00:04:58 | WARNING! Aborting CBS - could not obtain an initial solution for the following agents: Agent27(10->9)
 00:04:58 | WARNING! Aborting CBS - could not obtain an initial solution for the following agents: Agent27(10->9)
 00:04:58 | WARNING! Aborting CBS - could not obtain an initial solution for the following agents: Agent27(10->9)
 00:04:59 | WARNING! Aborting CBS - could not obtain an initial solution for the following agents: Agent19(8->7)
 00:05:00 | 00:00:09 | 0.07:44:49 |  96.84%  |  10786  |  10864   | 60%  |  253827  |   0    | 172.97MB  
 00:05:05 | 00:00:04 | 0.07:53:33 |  98.66%  |  10991  |  11069   | 60%  |  258516  |   0    | 173.03MB  
 00:05:08 | 00:00:00 | 0.08:00:00 | 100.00%  |  11138  |  11218   | 60%  |  262181  |   0    | 172.87MB  
 00:05:08 | >>> Simulation finished - writing results ...
 00:05:08 | >>> Results written
Simulation finished.
>>> Timings
StatTimingPathPlanningAverage: 0.015320984395563125
StatTimingPathPlanningOverall: 244.4769480000008
StatTimingPathPlanningCount: 15957
StatTimingTaskAllocationAverage: 0.0015349504554092155
StatTimingTaskAllocationOverall: 23.42487890000004
StatTimingTaskAllocationCount: 15261
StatTimingItemStorageAverage: 3.739369580924989E-06
StatTimingItemStorageOverall: 0.04140230000000148
StatTimingItemStorageCount: 11072
StatTimingPodStorageAverage: 0.002009399709020373
StatTimingPodStorageOverall: 6.2150733000000145
StatTimingPodStorageCount: 3093
StatTimingReplenishmentBatchingAverage: 8.488447406647872E-06
StatTimingReplenishmentBatchingOverall: 0.09934030000000005
StatTimingReplenishmentBatchingCount: 11703
StatTimingOrderBatchingAverage: 0.00011486776179346254
StatTimingOrderBatchingOverall: 3.4893380000000116
StatTimingOrderBatchingCount: 30377
>>> Overall
StatOverallBundlesPlaced: 15139
StatOverallItemsOrdered: 11182
StatOverallOrdersPlaced: 11182
StatOverallBundlesRejected: 0
StatOverallOrdersRejected: 0
StatOverallBundlesHandled: 11218
StatOverallItemsHandled: 11142
StatOverallLinesHandled: 11142
StatOverallOrdersHandled: 11138
StatOverallCollisions: 0
StatOverallDistanceTraveled: 262180.8232480031
StatOverallDistanceEstimated: 241030
StatOverallAssignedTasks: 15261
StatMaxMemoryUsed: 176.66015625
StatRealTimeUsed: 308.022761
StatAverageTurnoverTime: 368.6691684345681
StatMedianTurnoverTime: 213.65226600209735
StatLowerQuartileTurnoverTime: 123.88703544285454
StatUpperQuartileTurnoverTime: 503.50327793579345
StatAverageThroughputTime: 114.27477643283564
StatMedianThroughputTime: 120.83614070518888
StatLowerQuartileThroughputTime: 81.25713242899525
StatUpperQuartileThroughputTime: 141.80003062406468
>>> Energy (Rizqi model)
StatEnergyTotalKJ: 19502.629242753203
StatEnergyE1AccelKJ: 5498.879021499974
StatEnergyE2DecelKJ: 0
StatEnergyE3CruiseKJ: 9838.253908000008
StatEnergyE4RotationKJ: 3335.119695475357
StatEnergyE5LiftLowerKJ: 830.376617777778
StatEnergyPerOrderKJ: 1.750999213750512
StatEnergyPerMeterJoule: 74.37166037231613
StatDistanceTraveledRizqiM: 262232
>>> Motion Behavior
StatTurningCount: 32932
StatStopAndGoCount: 44742
StatLoadedDistanceM: 177068
StatLoadedTurningCount: 24204
StatWaitTimeSec: 374554.123992138

Marked tag finished after 1 tries!
.Fin. - SUCCESS
