<<< Welcome to the RAWSimO CLI >>>
The time is: 04/14/2026 00:07:33
Starting RAWSimO wrapper with the following arguments:
Instance: Material/Instances/PP/1-4-4-32-550.xinst
Setting: Material/Instances/PP/PPMinimal.xsett
ControlConfig: Material/Instances/PP/aesop-cbs.xconf
StatisticsDir: C:\Users\Aesop\Desktop\rawsim-o-rmfs-world-models\output_exp\cbs\seed_15
Seed: 15
Adding handler for unhandled exceptions ...
Initializing ... 
Instance recognized!
Parsing setting config ...
Parsing control config ...
Parsing instance ...
StatisticsFolder: 1-4-4-32-550-PPMinimal-aesop-cbs-15
Done!
Executing ... 
 00:07:35 | >>> Warming up ...
 00:00:00 | >>> Warmup finished - starting simulation ...
 Realtime |   ETA    |  Sim.Time  | Progress | #Orders | #Bundles | Inv. | Distance | #Coll. |   Memory    
 00:00:00 |   n/a    | 0.00:00:00 |  0.00%   |    0    |    0     | 60%  |    0     |   0    | 123.07MB  
 00:00:05 | 05:04:37 | 0.00:00:07 |  0.03%   |    0    |    0     | 60%  |   149    |   0    | 133.50MB  
 00:00:10 | 02:15:13 | 0.00:00:35 |  0.12%   |    0    |    0     | 60%  |   821    |   0    | 140.57MB  
 00:00:15 | 02:51:32 | 0.00:00:41 |  0.15%   |    0    |    0     | 60%  |   949    |   0    | 152.60MB  
 00:00:20 | 03:09:09 | 0.00:00:50 |  0.18%   |    2    |    0     | 60%  |   1142   |   0    | 154.23MB  
 00:00:25 | 03:34:35 | 0.00:00:55 |  0.19%   |    3    |    0     | 60%  |   1240   |   0    | 163.80MB  
 00:00:30 | 03:57:01 | 0.00:01:00 |  0.21%   |    4    |    0     | 60%  |   1340   |   0    | 165.86MB  
 00:00:31 | WARNING! Aborting CBS - could not obtain an initial solution for the following agents: Agent8(41->32)
 00:00:31 | WARNING! Aborting CBS - could not obtain an initial solution for the following agents: Agent8(41->32)
 00:00:31 | WARNING! Aborting CBS - could not obtain an initial solution for the following agents: Agent8(41->34)
 00:00:35 | 03:44:45 | 0.00:01:14 |  0.26%   |    9    |    3     | 60%  |   1612   |   0    | 168.56MB  
 00:00:40 | 00:37:03 | 0.00:08:29 |  1.77%   |   180   |   169    | 60%  |   4470   |   0    | 169.18MB  
 00:00:43 | WARNING! Aborting CBS - could not obtain an initial solution for the following agents: Agent29(57->56)
 00:00:43 | WARNING! Aborting CBS - could not obtain an initial solution for the following agents: Agent7(57->56)
 00:00:43 | WARNING! Aborting CBS - could not obtain an initial solution for the following agents: Agent7(57->56)
 00:00:45 | 00:20:02 | 0.00:17:19 |  3.61%   |   389   |   377    | 60%  |   8340   |   0    | 169.68MB  
 00:00:50 | 00:16:11 | 0.00:23:30 |  4.90%   |   536   |   521    | 60%  |  11238   |   0    | 171.27MB  
 00:00:53 | WARNING! Aborting CBS - could not obtain an initial solution for the following agents: Agent19(8->7)
 00:00:53 | WARNING! Aborting CBS - could not obtain an initial solution for the following agents: Agent7(57->56)
 00:00:53 | WARNING! Aborting CBS - could not obtain an initial solution for the following agents: Agent7(57->56)
 00:00:53 | WARNING! Aborting CBS - could not obtain an initial solution for the following agents: Agent7(57->56)
 00:00:53 | WARNING! Aborting CBS - could not obtain an initial solution for the following agents: Agent29(56->55)
 00:00:53 | WARNING! Aborting CBS - could not obtain an initial solution for the following agents: Agent29(56->55)
 00:00:55 | 00:12:20 | 0.00:33:12 |  6.92%   |   764   |   749    | 60%  |  16157   |   0    | 168.98MB  
 00:00:56 | WARNING! Aborting CBS - could not obtain an initial solution for the following agents: Agent1(2->1)
 00:00:57 | WARNING! Aborting CBS - could not obtain an initial solution for the following agents: Agent10(35->34)
 00:01:00 | 00:10:05 | 0.00:43:17 |  9.02%   |  1002   |   985    | 60%  |  20895   |   0    | 168.14MB  
 00:01:05 | 00:08:53 | 0.00:52:08 |  10.86%  |  1209   |   1191   | 60%  |  25571   |   0    | 168.78MB  
 00:01:10 | 00:07:55 | 0.01:01:32 |  12.82%  |  1429   |   1411   | 60%  |  30853   |   0    | 168.82MB  
 00:01:10 | WARNING! Aborting CBS - could not obtain an initial solution for the following agents: Agent26(27->26)
 00:01:13 | WARNING! Aborting CBS - could not obtain an initial solution for the following agents: Agent10(41->40)
 00:01:13 | WARNING! Aborting CBS - could not obtain an initial solution for the following agents: Agent10(41->40)
 00:01:14 | WARNING! Aborting CBS - could not obtain an initial solution for the following agents: Agent9(57->56)
 00:01:15 | 00:07:02 | 0.01:12:17 |  15.06%  |  1682   |   1663   | 60%  |  36548   |   0    | 168.89MB  
 00:01:17 | WARNING! Aborting CBS - could not obtain an initial solution for the following agents: Agent28(41->40)
 00:01:17 | WARNING! Aborting CBS - could not obtain an initial solution for the following agents: Agent28(41->40)
 00:01:20 | 00:06:30 | 0.01:21:33 |  16.99%  |  1898   |   1880   | 60%  |  41564   |   0    | 169.32MB  
 00:01:21 | WARNING! Aborting CBS - could not obtain an initial solution for the following agents: Agent5(57->56)
 00:01:21 | WARNING! Aborting CBS - could not obtain an initial solution for the following agents: Agent5(57->56)
 00:01:21 | WARNING! Aborting CBS - could not obtain an initial solution for the following agents: Agent5(57->56)
 00:01:25 | 00:06:08 | 0.01:30:02 |  18.76%  |  2096   |   2079   | 60%  |  46380   |   0    | 169.46MB  
 00:01:26 | WARNING! Aborting CBS - could not obtain an initial solution for the following agents: Agent0(25->24)
 00:01:26 | WARNING! Aborting CBS - could not obtain an initial solution for the following agents: Agent0(25->24),Agent29(57->50)
 00:01:26 | WARNING! Aborting CBS - could not obtain an initial solution for the following agents: Agent0(25->24),Agent29(57->50)
 00:01:30 | 00:05:43 | 0.01:39:39 |  20.76%  |  2321   |   2305   | 60%  |  51601   |   0    | 168.82MB  
 00:01:34 | WARNING! Aborting CBS - could not obtain an initial solution for the following agents: Agent19(3->1)
 00:01:34 | WARNING! Aborting CBS - could not obtain an initial solution for the following agents: Agent19(3->1)
 00:01:34 | WARNING! Aborting CBS - could not obtain an initial solution for the following agents: Agent19(3->1)
 00:01:34 | WARNING! Aborting CBS - could not obtain an initial solution for the following agents: Agent19(3->2)
 00:01:34 | WARNING! Aborting CBS - could not obtain an initial solution for the following agents: Agent19(3->2)
 00:01:34 | WARNING! Aborting CBS - could not obtain an initial solution for the following agents: Agent19(3->2)
 00:01:35 | 00:05:20 | 0.01:49:43 |  22.86%  |  2557   |   2541   | 60%  |  56834   |   0    | 169.20MB  
 00:01:36 | WARNING! Aborting CBS - could not obtain an initial solution for the following agents: Agent7(57->56)
 00:01:37 | WARNING! Aborting CBS - could not obtain an initial solution for the following agents: Agent9(56->55)
 00:01:39 | WARNING! Aborting CBS - could not obtain an initial solution for the following agents: Agent19(9->1),Agent27(3->0)
 00:01:39 | WARNING! Aborting CBS - could not obtain an initial solution for the following agents: Agent19(9->1),Agent27(3->0)
 00:01:39 | WARNING! Aborting CBS - could not obtain an initial solution for the following agents: Agent19(9->3),Agent27(3->1)
 00:01:40 | 00:04:56 | 0.02:01:06 |  25.23%  |  2823   |   2807   | 60%  |  62885   |   0    | 168.73MB  
 00:01:43 | WARNING! Aborting CBS - could not obtain an initial solution for the following agents: Agent28(41->40)
 00:01:45 | 00:04:44 | 0.02:09:30 |  26.98%  |  3018   |   3004   | 60%  |  67551   |   0    | 168.95MB  
 00:01:46 | WARNING! Aborting CBS - could not obtain an initial solution for the following agents: Agent16(56->55)
 00:01:49 | WARNING! Aborting CBS - could not obtain an initial solution for the following agents: Agent14(9->8)
 00:01:50 | 00:04:28 | 0.02:19:39 |  29.10%  |  3255   |   3241   | 60%  |  73089   |   0    | 169.68MB  
 00:01:55 | 00:04:14 | 0.02:29:20 |  31.11%  |  3479   |   3467   | 60%  |  78720   |   0    | 169.07MB  
 00:01:56 | WARNING! Aborting CBS - could not obtain an initial solution for the following agents: Agent8(41->40)
 00:01:56 | WARNING! Aborting CBS - could not obtain an initial solution for the following agents: Agent8(41->40)
 00:01:56 | WARNING! Aborting CBS - could not obtain an initial solution for the following agents: Agent8(41->40)
 00:01:56 | WARNING! Aborting CBS - could not obtain an initial solution for the following agents: Agent2(24->23)
 00:02:00 | 00:04:00 | 0.02:39:59 |  33.33%  |  3728   |   3717   | 60%  |  84731   |   0    | 172.02MB  
 00:02:02 | WARNING! Aborting CBS - could not obtain an initial solution for the following agents: Agent26(25->24)
 00:02:04 | WARNING! Aborting CBS - could not obtain an initial solution for the following agents: Agent29(56->54)
 00:02:05 | 00:03:49 | 0.02:49:24 |  35.29%  |  3946   |   3940   | 60%  |  90040   |   0    | 170.93MB  
 00:02:06 | WARNING! Aborting CBS - could not obtain an initial solution for the following agents: Agent0(24->17)
 00:02:10 | 00:03:34 | 0.03:01:06 |  37.73%  |  4221   |   4213   | 60%  |  96144   |   0    | 170.77MB  
 00:02:13 | WARNING! Aborting CBS - could not obtain an initial solution for the following agents: Agent24(25->24)
 00:02:14 | WARNING! Aborting CBS - could not obtain an initial solution for the following agents: Agent5(57->49)
 00:02:14 | WARNING! Aborting CBS - could not obtain an initial solution for the following agents: Agent5(57->51)
 00:02:14 | WARNING! Aborting CBS - could not obtain an initial solution for the following agents: Agent26(25->24)
 00:02:14 | WARNING! Aborting CBS - could not obtain an initial solution for the following agents: Agent26(25->24)
 00:02:15 | 00:03:21 | 0.03:12:28 |  40.10%  |  4484   |   4480   | 60%  |  102340  |   0    | 171.08MB  
 00:02:17 | WARNING! Aborting CBS - could not obtain an initial solution for the following agents: Agent4(8->7)
 00:02:19 | WARNING! Aborting CBS - could not obtain an initial solution for the following agents: Agent29(58->50)
 00:02:19 | WARNING! Aborting CBS - could not obtain an initial solution for the following agents: Agent29(58->50)
 00:02:20 | 00:03:12 | 0.03:22:23 |  42.17%  |  4712   |   4712   | 60%  |  107955  |   0    | 170.73MB  
 00:02:23 | WARNING! Aborting CBS - could not obtain an initial solution for the following agents: Agent1(9->8)
 00:02:23 | WARNING! Aborting CBS - could not obtain an initial solution for the following agents: Agent1(9->8)
 00:02:24 | WARNING! Aborting CBS - could not obtain an initial solution for the following agents: Agent29(59->58)
 00:02:24 | WARNING! Aborting CBS - could not obtain an initial solution for the following agents: Agent29(59->58)
 00:02:24 | WARNING! Aborting CBS - could not obtain an initial solution for the following agents: Agent29(59->58)
 00:02:24 | WARNING! Aborting CBS - could not obtain an initial solution for the following agents: Agent29(59->58)
 00:02:25 | 00:03:04 | 0.03:31:20 |  44.03%  |  4921   |   4921   | 60%  |  112899  |   0    | 171.66MB  
 00:02:25 | WARNING! Aborting CBS - could not obtain an initial solution for the following agents: Agent29(58->57)
 00:02:26 | WARNING! Aborting CBS - could not obtain an initial solution for the following agents: Agent0(25->24)
 00:02:26 | WARNING! Aborting CBS - could not obtain an initial solution for the following agents: Agent14(9->8)
 00:02:28 | WARNING! Aborting CBS - could not obtain an initial solution for the following agents: Agent25(8->1)
 00:02:28 | WARNING! Aborting CBS - could not obtain an initial solution for the following agents: Agent25(8->2)
 00:02:30 | 00:02:53 | 0.03:42:16 |  46.31%  |  5176   |   5176   | 60%  |  118828  |   0    | 172.17MB  
 00:02:35 | 00:02:48 | 0.03:50:15 |  47.97%  |  5358   |   5364   | 60%  |  123247  |   0    | 173.07MB  
 00:02:36 | WARNING! Aborting CBS - could not obtain an initial solution for the following agents: Agent16(57->56)
 00:02:38 | WARNING! Aborting CBS - could not obtain an initial solution for the following agents: Agent29(57->56)
 00:02:38 | WARNING! Aborting CBS - could not obtain an initial solution for the following agents: Agent29(57->56)
 00:02:39 | WARNING! Aborting CBS - could not obtain an initial solution for the following agents: Agent30(41->40)
 00:02:39 | WARNING! Aborting CBS - could not obtain an initial solution for the following agents: Agent30(41->40)
 00:02:40 | 00:02:38 | 0.04:01:13 |  50.26%  |  5613   |   5621   | 60%  |  129259  |   0    | 171.64MB  
 00:02:42 | WARNING! Aborting CBS - could not obtain an initial solution for the following agents: Agent28(40->39)
 00:02:42 | WARNING! Aborting CBS - could not obtain an initial solution for the following agents: Agent21(41->40)
 00:02:44 | WARNING! Aborting CBS - could not obtain an initial solution for the following agents: Agent27(9->8)
 00:02:44 | WARNING! Aborting CBS - could not obtain an initial solution for the following agents: Agent27(9->8)
 00:02:45 | 00:02:27 | 0.04:13:46 |  52.87%  |  5907   |   5915   | 60%  |  135652  |   0    | 171.40MB  
 00:02:50 | 00:02:19 | 0.04:23:52 |  54.97%  |  6138   |   6151   | 60%  |  141599  |   0    | 171.56MB  
 00:02:52 | WARNING! Aborting CBS - could not obtain an initial solution for the following agents: Agent5(58->57)
 00:02:52 | WARNING! Aborting CBS - could not obtain an initial solution for the following agents: Agent9(57->56)
 00:02:53 | WARNING! Aborting CBS - could not obtain an initial solution for the following agents: Agent1(11->10)
 00:02:53 | WARNING! Aborting CBS - could not obtain an initial solution for the following agents: Agent1(11->10)
 00:02:53 | WARNING! Aborting CBS - could not obtain an initial solution for the following agents: Agent1(11->10)
 00:02:53 | WARNING! Aborting CBS - could not obtain an initial solution for the following agents: Agent1(11->10)
 00:02:54 | WARNING! Aborting CBS - could not obtain an initial solution for the following agents: Agent16(59->58)
 00:02:54 | WARNING! Aborting CBS - could not obtain an initial solution for the following agents: Agent16(59->58)
 00:02:54 | WARNING! Aborting CBS - could not obtain an initial solution for the following agents: Agent16(59->58)
 00:02:54 | WARNING! Aborting CBS - could not obtain an initial solution for the following agents: Agent8(41->40)
 00:02:55 | 00:02:11 | 0.04:33:44 |  57.03%  |  6361   |   6383   | 60%  |  146957  |   0    | 171.75MB  
 00:03:00 | 00:02:05 | 0.04:42:56 |  58.95%  |  6570   |   6600   | 60%  |  151969  |   0    | 171.42MB  
 00:03:04 | WARNING! Aborting CBS - could not obtain an initial solution for the following agents: Agent8(41->33)
 00:03:04 | WARNING! Aborting CBS - could not obtain an initial solution for the following agents: Agent8(41->35)
 00:03:05 | 00:02:01 | 0.04:49:18 |  60.27%  |  6719   |   6748   | 60%  |  155320  |   0    | 173.54MB  
 00:03:07 | WARNING! Aborting CBS - could not obtain an initial solution for the following agents: Agent0(26->25)
 00:03:07 | WARNING! Aborting CBS - could not obtain an initial solution for the following agents: Agent0(26->19)
 00:03:10 | 00:01:55 | 0.04:58:06 |  62.11%  |  6922   |   6954   | 60%  |  160130  |   0    | 172.14MB  
 00:03:10 | WARNING! Aborting CBS - could not obtain an initial solution for the following agents: Agent1(8->7)
 00:03:11 | WARNING! Aborting CBS - could not obtain an initial solution for the following agents: Agent24(24->18)
 00:03:14 | WARNING! Aborting CBS - could not obtain an initial solution for the following agents: Agent9(57->56)
 00:03:15 | 00:01:49 | 0.05:07:17 |  64.02%  |  7135   |   7170   | 60%  |  165343  |   0    | 171.81MB  
 00:03:16 | WARNING! Aborting CBS - could not obtain an initial solution for the following agents: Agent4(8->1)
 00:03:16 | WARNING! Aborting CBS - could not obtain an initial solution for the following agents: Agent4(8->1)
 00:03:17 | WARNING! Aborting CBS - could not obtain an initial solution for the following agents: Agent8(41->40)
 00:03:17 | WARNING! Aborting CBS - could not obtain an initial solution for the following agents: Agent8(41->40)
 00:03:20 | 00:01:42 | 0.05:16:52 |  66.02%  |  7360   |   7395   | 60%  |  170756  |   0    | 172.00MB  
 00:03:20 | WARNING! Aborting CBS - could not obtain an initial solution for the following agents: Agent1(9->1)
 00:03:20 | WARNING! Aborting CBS - could not obtain an initial solution for the following agents: Agent1(9->2)
 00:03:20 | WARNING! Aborting CBS - could not obtain an initial solution for the following agents: Agent1(9->2)
 00:03:20 | WARNING! Aborting CBS - could not obtain an initial solution for the following agents: Agent0(25->24)
 00:03:24 | WARNING! Aborting CBS - could not obtain an initial solution for the following agents: Agent8(40->39)
 00:03:25 | 00:01:35 | 0.05:27:31 |  68.24%  |  7607   |   7645   | 60%  |  176502  |   0    | 171.78MB  
 00:03:30 | 00:01:27 | 0.05:38:54 |  70.61%  |  7871   |   7910   | 60%  |  182842  |   0    | 171.24MB  
 00:03:35 | 00:01:21 | 0.05:48:00 |  72.50%  |  8084   |   8124   | 60%  |  187697  |   0    | 171.43MB  
 00:03:37 | WARNING! Aborting CBS - could not obtain an initial solution for the following agents: Agent4(2->1)
 00:03:37 | WARNING! Aborting CBS - could not obtain an initial solution for the following agents: Agent4(2->1)
 00:03:39 | WARNING! Aborting CBS - could not obtain an initial solution for the following agents: Agent29(57->56)
 00:03:39 | WARNING! Aborting CBS - could not obtain an initial solution for the following agents: Agent29(57->56)
 00:03:40 | 00:01:14 | 0.05:59:01 |  74.80%  |  8338   |   8382   | 60%  |  193404  |   0    | 172.36MB  
 00:03:45 | 00:01:06 | 0.06:10:27 |  77.18%  |  8598   |   8650   | 60%  |  199445  |   0    | 172.40MB  
 00:03:46 | WARNING! Aborting CBS - could not obtain an initial solution for the following agents: Agent2(25->24)
 00:03:49 | WARNING! Aborting CBS - could not obtain an initial solution for the following agents: Agent30(41->40)
 00:03:49 | WARNING! Aborting CBS - could not obtain an initial solution for the following agents: Agent30(41->40)
 00:03:50 | 00:01:01 | 0.06:18:14 |  78.80%  |  8780   |   8833   | 60%  |  203580  |   0    | 173.66MB  
 00:03:51 | WARNING! Aborting CBS - could not obtain an initial solution for the following agents: Agent27(9->8)
 00:03:53 | WARNING! Aborting CBS - could not obtain an initial solution for the following agents: Agent8(42->34)
 00:03:53 | WARNING! Aborting CBS - could not obtain an initial solution for the following agents: Agent8(42->34)
 00:03:53 | WARNING! Aborting CBS - could not obtain an initial solution for the following agents: Agent8(42->34)
 00:03:55 | 00:00:56 | 0.06:26:50 |  80.59%  |  8977   |   9033   | 60%  |  208680  |   0    | 172.77MB  
 00:03:55 | WARNING! Aborting CBS - could not obtain an initial solution for the following agents: Agent5(56->55)
 00:03:56 | WARNING! Aborting CBS - could not obtain an initial solution for the following agents: Agent14(9->8)
 00:03:56 | WARNING! Aborting CBS - could not obtain an initial solution for the following agents: Agent14(9->8)
 00:03:59 | WARNING! Aborting CBS - could not obtain an initial solution for the following agents: Agent11(25->24)
 00:03:59 | WARNING! Aborting CBS - could not obtain an initial solution for the following agents: Agent11(25->24)
 00:03:59 | WARNING! Aborting CBS - could not obtain an initial solution for the following agents: Agent11(25->24)
 00:04:00 | 00:00:47 | 0.06:40:10 |  83.37%  |  9288   |   9346   | 60%  |  215405  |   0    | 173.25MB  
 00:04:03 | WARNING! Aborting CBS - could not obtain an initial solution for the following agents: Agent28(41->40)
 00:04:03 | WARNING! Aborting CBS - could not obtain an initial solution for the following agents: Agent28(41->40)
 00:04:04 | WARNING! Aborting CBS - could not obtain an initial solution for the following agents: Agent19(9->8)
 00:04:05 | 00:00:42 | 0.06:49:32 |  85.32%  |  9503   |   9566   | 60%  |  220898  |   0    | 172.88MB  
 00:04:05 | WARNING! Aborting CBS - could not obtain an initial solution for the following agents: Agent8(42->41)
 00:04:05 | WARNING! Aborting CBS - could not obtain an initial solution for the following agents: Agent8(42->41)
 00:04:08 | WARNING! Aborting CBS - could not obtain an initial solution for the following agents: Agent29(51->49)
 00:04:08 | WARNING! Aborting CBS - could not obtain an initial solution for the following agents: Agent29(51->50)
 00:04:08 | WARNING! Aborting CBS - could not obtain an initial solution for the following agents: Agent29(51->50)
 00:04:10 | 00:00:36 | 0.06:58:51 |  87.26%  |  9722   |   9785   | 60%  |  225776  |   0    | 173.27MB  
 00:04:13 | WARNING! Aborting CBS - could not obtain an initial solution for the following agents: Agent1(9->8)
 00:04:13 | WARNING! Aborting CBS - could not obtain an initial solution for the following agents: Agent1(9->8)
 00:04:14 | WARNING! Aborting CBS - could not obtain an initial solution for the following agents: Agent29(57->56)
 00:04:15 | 00:00:29 | 0.07:09:34 |  89.49%  |  9967   |  10036   | 60%  |  231727  |   0    | 173.46MB  
 00:04:18 | WARNING! Aborting CBS - could not obtain an initial solution for the following agents: Agent14(9->8)
 00:04:18 | WARNING! Aborting CBS - could not obtain an initial solution for the following agents: Agent14(9->8)
 00:04:20 | 00:00:24 | 0.07:19:15 |  91.51%  |  10193  |  10262   | 60%  |  237320  |   0    | 173.04MB  
 00:04:21 | WARNING! Aborting CBS - could not obtain an initial solution for the following agents: Agent28(41->40)
 00:04:24 | WARNING! Aborting CBS - could not obtain an initial solution for the following agents: Agent9(58->57)
 00:04:24 | WARNING! Aborting CBS - could not obtain an initial solution for the following agents: Agent9(58->57)
 00:04:24 | WARNING! Aborting CBS - could not obtain an initial solution for the following agents: Agent29(57->56)
 00:04:24 | WARNING! Aborting CBS - could not obtain an initial solution for the following agents: Agent29(57->56)
 00:04:24 | WARNING! Aborting CBS - could not obtain an initial solution for the following agents: Agent29(57->56)
 00:04:25 | 00:00:19 | 0.07:27:20 |  93.19%  |  10380  |  10451   | 60%  |  241103  |   0    | 173.20MB  
 00:04:25 | WARNING! Aborting CBS - could not obtain an initial solution for the following agents: Agent14(9->8)
 00:04:26 | WARNING! Aborting CBS - could not obtain an initial solution for the following agents: Agent27(3->2)
 00:04:27 | WARNING! Aborting CBS - could not obtain an initial solution for the following agents: Agent16(57->56)
 00:04:28 | WARNING! Aborting CBS - could not obtain an initial solution for the following agents: Agent4(3->1)
 00:04:28 | WARNING! Aborting CBS - could not obtain an initial solution for the following agents: Agent4(3->2)
 00:04:28 | WARNING! Aborting CBS - could not obtain an initial solution for the following agents: Agent4(3->2)
 00:04:29 | WARNING! Aborting CBS - could not obtain an initial solution for the following agents: Agent28(41->40)
 00:04:29 | WARNING! Aborting CBS - could not obtain an initial solution for the following agents: Agent28(41->40)
 00:04:30 | 00:00:13 | 0.07:36:34 |  95.12%  |  10593  |  10666   | 60%  |  246341  |   0    | 175.39MB  
 00:04:30 | WARNING! Aborting CBS - could not obtain an initial solution for the following agents: Agent26(27->26)
 00:04:33 | WARNING! Aborting CBS - could not obtain an initial solution for the following agents: Agent29(56->55)
 00:04:34 | WARNING! Aborting CBS - could not obtain an initial solution for the following agents: Agent26(27->26)
 00:04:34 | WARNING! Aborting CBS - could not obtain an initial solution for the following agents: Agent26(27->26)
 00:04:34 | WARNING! Aborting CBS - could not obtain an initial solution for the following agents: Agent26(27->26)
 00:04:35 | 00:00:07 | 0.07:46:35 |  97.21%  |  10828  |  10901   | 60%  |  251544  |   0    | 173.01MB  
 00:04:35 | WARNING! Aborting CBS - could not obtain an initial solution for the following agents: Agent21(41->40)
 00:04:35 | WARNING! Aborting CBS - could not obtain an initial solution for the following agents: Agent21(41->40)
 00:04:40 | 00:00:02 | 0.07:55:41 |  99.10%  |  11039  |  11113   | 60%  |  256809  |   0    | 172.81MB  
 00:04:41 | WARNING! Aborting CBS - could not obtain an initial solution for the following agents: Agent26(24->23)
 00:04:41 | WARNING! Aborting CBS - could not obtain an initial solution for the following agents: Agent7(57->56)
 00:04:41 | WARNING! Aborting CBS - could not obtain an initial solution for the following agents: Agent7(57->56)
 00:04:41 | WARNING! Aborting CBS - could not obtain an initial solution for the following agents: Agent14(9->8)
 00:04:42 | 00:00:00 | 0.08:00:00 | 100.00%  |  11141  |  11212   | 60%  |  259443  |   0    | 173.09MB  
 00:04:42 | >>> Simulation finished - writing results ...
 00:04:43 | >>> Results written
Simulation finished.
>>> Timings
StatTimingPathPlanningAverage: 0.014104726061223148
StatTimingPathPlanningOverall: 221.62756059999933
StatTimingPathPlanningCount: 15713
StatTimingTaskAllocationAverage: 0.0014284842311583276
StatTimingTaskAllocationOverall: 22.59290660000011
StatTimingTaskAllocationCount: 15816
StatTimingItemStorageAverage: 3.3828086948679848E-06
StatTimingItemStorageOverall: 0.03750520000000135
StatTimingItemStorageCount: 11087
StatTimingPodStorageAverage: 0.0019421586666666718
StatTimingPodStorageOverall: 5.972137900000016
StatTimingPodStorageCount: 3075
StatTimingReplenishmentBatchingAverage: 8.03076988515521E-06
StatTimingReplenishmentBatchingOverall: 0.09440169999999949
StatTimingReplenishmentBatchingCount: 11755
StatTimingOrderBatchingAverage: 0.00010999039296998463
StatTimingOrderBatchingOverall: 3.341948100000013
StatTimingOrderBatchingCount: 30384
>>> Overall
StatOverallBundlesPlaced: 15110
StatOverallItemsOrdered: 11185
StatOverallOrdersPlaced: 11185
StatOverallBundlesRejected: 0
StatOverallOrdersRejected: 0
StatOverallBundlesHandled: 11212
StatOverallItemsHandled: 11145
StatOverallLinesHandled: 11145
StatOverallOrdersHandled: 11141
StatOverallCollisions: 0
StatOverallDistanceTraveled: 259443.36544315887
StatOverallDistanceEstimated: 238973
StatOverallAssignedTasks: 15816
StatMaxMemoryUsed: 176.0703125
StatRealTimeUsed: 282.4328853
StatAverageTurnoverTime: 368.67784248088583
StatMedianTurnoverTime: 221.93805676071315
StatLowerQuartileTurnoverTime: 124.20158006815836
StatUpperQuartileTurnoverTime: 499.25016120248983
StatAverageThroughputTime: 114.26965764816428
StatMedianThroughputTime: 120.59685105474637
StatLowerQuartileThroughputTime: 81.16824673484825
StatUpperQuartileThroughputTime: 141.75681748143688
>>> Energy (Rizqi model)
StatEnergyTotalKJ: 19329.84367918562
StatEnergyE1AccelKJ: 5426.238623249975
StatEnergyE2DecelKJ: 0
StatEnergyE3CruiseKJ: 9774.628486000005
StatEnergyE4RotationKJ: 3299.868063268885
StatEnergyE5LiftLowerKJ: 829.1085066666668
StatEnergyPerOrderKJ: 1.7350187307410123
StatEnergyPerMeterJoule: 74.48248579768043
StatDistanceTraveledRizqiM: 259522
>>> Motion Behavior
StatTurningCount: 32583
StatStopAndGoCount: 44226
StatLoadedDistanceM: 175552
StatLoadedTurningCount: 23920
StatWaitTimeSec: 375701.75821284094

Marked tag finished after 1 tries!
.Fin. - SUCCESS
