<<< Welcome to the RAWSimO CLI >>>
The time is: 04/17/2026 04:02:12
Starting RAWSimO wrapper with the following arguments:
Instance: Material/Instances/CoreBenchmark/aesop.xlayo
Setting: Material/Instances/CoreBenchmark/test-short.xsett
ControlConfig: Material/Instances/CoreBenchmark/aesop-cbs.xconf
StatisticsDir: output_compare/stat10v2/
Seed: 1
Adding handler for unhandled exceptions ...
Initializing ... 
LayoutConfiguration recognized!
Parsing setting config ...
Parsing control config ...
Parsing layout config ...
Generating instance...
Info about all directions within the generated instance:
# # # # # e p e p p p p p p p p p p p p p p p p p e p p p p p p p p p p p p p p p p p e p p p p p p p p p e s # # # # # 
# # # # # n q ^ + + + + + + + + v + + + + + + + + ^ + + + + + + + + v + + + + + + + + ^ + + + + + + + + q d q # # # # # 
# # # # # b p b + + + + + + + + v + + + + + + + + ^ + + + + + + + + v + + + + + + + + ^ + + + + + + + + v b s # # # # # 
s w w w w d q d < < < < < < < < q < < < < < < < < d < < < < < < < < q < < < < < < < < d < < < < < < < < q d q w w w w w 
p e e e s b p b + + + + + + + + v + + + + + + + + ^ + + + + + + + + v + + + + + + + + ^ + + + + + + + + v b p e e e e n 
s w w w w d q ^ + + + + + + + + v + + + + + + + + ^ + + + + + + + + v + + + + + + + + ^ + + + + + + + + q d q n w w w d 
e e e e e b p b > > > > > > > > p > > > > > > > > b > > > > > > > > p > > > > > > > > b > > > > > > > > p b p e e e e n 
# # # # # n q ^ + + + + + + + + v + + + + + + + + ^ + + + + + + + + v + + + + + + + + ^ + + + + + + + + q d q # # # # # 
# # # # # b p b + + + + + + + + v + + + + + + + + ^ + + + + + + + + v + + + + + + + + ^ + + + + + + + + v b s # # # # # 
s w w w w d q d < < < < < < < < q < < < < < < < < d < < < < < < < < q < < < < < < < < d < < < < < < < < q d q w w w w w 
p e e e s b p b + + + + + + + + v + + + + + + + + ^ + + + + + + + + v + + + + + + + + ^ + + + + + + + + v b p e e e e n 
s w w w w d q ^ + + + + + + + + v + + + + + + + + ^ + + + + + + + + v + + + + + + + + ^ + + + + + + + + q d q n w w w d 
e e e e e b p b > > > > > > > > p > > > > > > > > b > > > > > > > > p > > > > > > > > b > > > > > > > > p b p e e e e n 
# # # # # n q ^ + + + + + + + + v + + + + + + + + ^ + + + + + + + + v + + + + + + + + ^ + + + + + + + + q d q # # # # # 
# # # # # b p b + + + + + + + + v + + + + + + + + ^ + + + + + + + + v + + + + + + + + ^ + + + + + + + + v b s # # # # # 
s w w w w d q d < < < < < < < < q < < < < < < < < d < < < < < < < < q < < < < < < < < d < < < < < < < < q d q w w w w w 
p e e e s b p b + + + + + + + + v + + + + + + + + ^ + + + + + + + + v + + + + + + + + ^ + + + + + + + + v b p e e e e n 
s w w w w d q ^ + + + + + + + + v + + + + + + + + ^ + + + + + + + + v + + + + + + + + ^ + + + + + + + + q d q n w w w d 
e e e e e b p b > > > > > > > > p > > > > > > > > b > > > > > > > > p > > > > > > > > b > > > > > > > > p b p e e e e n 
# # # # # n q ^ + + + + + + + + v + + + + + + + + ^ + + + + + + + + v + + + + + + + + ^ + + + + + + + + q d q # # # # # 
# # # # # b p b + + + + + + + + v + + + + + + + + ^ + + + + + + + + v + + + + + + + + ^ + + + + + + + + v b s # # # # # 
s w w w w d q d < < < < < < < < q < < < < < < < < d < < < < < < < < q < < < < < < < < d < < < < < < < < q d q w w w w w 
p e e e s b p b + + + + + + + + v + + + + + + + + ^ + + + + + + + + v + + + + + + + + ^ + + + + + + + + v b p e e e e n 
s w w w w d q ^ + + + + + + + + v + + + + + + + + ^ + + + + + + + + v + + + + + + + + ^ + + + + + + + + q d q n w w w d 
e e e e e b p b > > > > > > > > p > > > > > > > > b > > > > > > > > p > > > > > > > > b > > > > > > > > p b p e e e e n 
# # # # # n q ^ + + + + + + + + v + + + + + + + + ^ + + + + + + + + v + + + + + + + + ^ + + + + + + + + q d q # # # # # 
# # # # # b p b + + + + + + + + v + + + + + + + + ^ + + + + + + + + v + + + + + + + + ^ + + + + + + + + v b s # # # # # 
# # # # # n q d < < < < < < < < q < < < < < < < < d < < < < < < < < q < < < < < < < < d < < < < < < < < q d q # # # # # 
# # # # # b p b + + + + + + + + v + + + + + + + + ^ + + + + + + + + v + + + + + + + + ^ + + + + + + + + v b s # # # # # 
# # # # # n q ^ + + + + + + + + v + + + + + + + + ^ + + + + + + + + v + + + + + + + + ^ + + + + + + + + q d q # # # # # 
# # # # # b p b > > > > > > > > p > > > > > > > > b > > > > > > > > p > > > > > > > > b > > > > > > > > p b s # # # # # 
# # # # # n q ^ + + + + + + + + v + + + + + + + + ^ + + + + + + + + v + + + + + + + + ^ + + + + + + + + q d q # # # # # 
# # # # # b p b + + + + + + + + v + + + + + + + + ^ + + + + + + + + v + + + + + + + + ^ + + + + + + + + v b s # # # # # 
# # # # # n w d d d d d d d d d w d d d d d d d d d d d d d d d d d w d d d d d d d d d d d d d d d d d w d w # # # # # 


Info about all types within the generated instance:
# # # # # r r r r r r r r r r r r r r r r r r r r r r r r r r r r r r r r r r r r r r r r r r r r r r r r r r # # # # # 
# # # # # r r r s s s s s s s s r s s s s s s s s r s s s s s s s s r s s s s s s s s r s s s s s s s s r r r # # # # # 
# # # # # r r r s s s s s s s s r s s s s s s s s r s s s s s s s s r s s s s s s s s r s s s s s s s s r r r # # # # # 
b b b b b r r r r r r r r r r r r r r r r r r r r r r r r r r r r r r r r r r r r r r r r r r r r r r r r r r b b b b o 
b b b b b r r r s s s s s s s s r s s s s s s s s r s s s s s s s s r s s s s s s s s r s s s s s s s s r r r b b b b b 
b b b b b r r r s s s s s s s s r s s s s s s s s r s s s s s s s s r s s s s s s s s r s s s s s s s s r r r b b b b b 
i b b b b r r r r r r r r r r r r r r r r r r r r r r r r r r r r r r r r r r r r r r r r r r r r r r r r r r b b b b b 
# # # # # r r r s s s s s s s s r s s s s s s s s r s s s s s s s s r s s s s s s s s r s s s s s s s s r r r # # # # # 
# # # # # r r r s s s s s s s s r s s s s s s s s r s s s s s s s s r s s s s s s s s r s s s s s s s s r r r # # # # # 
b b b b b r r r r r r r r r r r r r r r r r r r r r r r r r r r r r r r r r r r r r r r r r r r r r r r r r r b b b b o 
b b b b b r r r s s s s s s s s r s s s s s s s s r s s s s s s s s r s s s s s s s s r s s s s s s s s r r r b b b b b 
b b b b b r r r s s s s s s s s r s s s s s s s s r s s s s s s s s r s s s s s s s s r s s s s s s s s r r r b b b b b 
i b b b b r r r r r r r r r r r r r r r r r r r r r r r r r r r r r r r r r r r r r r r r r r r r r r r r r r b b b b b 
# # # # # r r r s s s s s s s s r s s s s s s s s r s s s s s s s s r s s s s s s s s r s s s s s s s s r r r # # # # # 
# # # # # r r r s s s s s s s s r s s s s s s s s r s s s s s s s s r s s s s s s s s r s s s s s s s s r r r # # # # # 
b b b b b r r r r r r r r r r r r r r r r r r r r r r r r r r r r r r r r r r r r r r r r r r r r r r r r r r b b b b o 
b b b b b r r r s s s s s s s s r s s s s s s s s r s s s s s s s s r s s s s s s s s r s s s s s s s s r r r b b b b b 
b b b b b r r r s s s s s s s s r s s s s s s s s r s s s s s s s s r s s s s s s s s r s s s s s s s s r r r b b b b b 
i b b b b r r r r r r r r r r r r r r r r r r r r r r r r r r r r r r r r r r r r r r r r r r r r r r r r r r b b b b b 
# # # # # r r r s s s s s s s s r s s s s s s s s r s s s s s s s s r s s s s s s s s r s s s s s s s s r r r # # # # # 
# # # # # r r r s s s s s s s s r s s s s s s s s r s s s s s s s s r s s s s s s s s r s s s s s s s s r r r # # # # # 
b b b b b r r r r r r r r r r r r r r r r r r r r r r r r r r r r r r r r r r r r r r r r r r r r r r r r r r b b b b o 
b b b b b r r r s s s s s s s s r s s s s s s s s r s s s s s s s s r s s s s s s s s r s s s s s s s s r r r b b b b b 
b b b b b r r r s s s s s s s s r s s s s s s s s r s s s s s s s s r s s s s s s s s r s s s s s s s s r r r b b b b b 
i b b b b r r r r r r r r r r r r r r r r r r r r r r r r r r r r r r r r r r r r r r r r r r r r r r r r r r b b b b b 
# # # # # r r r s s s s s s s s r s s s s s s s s r s s s s s s s s r s s s s s s s s r s s s s s s s s r r r # # # # # 
# # # # # r r r s s s s s s s s r s s s s s s s s r s s s s s s s s r s s s s s s s s r s s s s s s s s r r r # # # # # 
# # # # # r r r r r r r r r r r r r r r r r r r r r r r r r r r r r r r r r r r r r r r r r r r r r r r r r r # # # # # 
# # # # # r r r s s s s s s s s r s s s s s s s s r s s s s s s s s r s s s s s s s s r s s s s s s s s r r r # # # # # 
# # # # # r r r s s s s s s s s r s s s s s s s s r s s s s s s s s r s s s s s s s s r s s s s s s s s r r r # # # # # 
# # # # # r r r r r r r r r r r r r r r r r r r r r r r r r r r r r r r r r r r r r r r r r r r r r r r r r r # # # # # 
# # # # # r r r s s s s s s s s r s s s s s s s s r s s s s s s s s r s s s s s s s s r s s s s s s s s r r r # # # # # 
# # # # # r r r s s s s s s s s r s s s s s s s s r s s s s s s s s r s s s s s s s s r s s s s s s s s r r r # # # # # 
# # # # # r r r r r r r r r r r r r r r r r r r r r r r r r r r r r r r r r r r r r r r r r r r r r r r r r r # # # # # 


[EnergyConsumption] Configured from LayoutConfiguration: RobotMass=100 kg, PodFrameMass=300 kg
StatisticsFolder: aesop-aesop-aesop-cbs-1
Done!
Executing ... 
 04:02:14 | >>> Warming up ...
 00:00:00 | >>> Warmup finished - starting simulation ...
 Realtime |   ETA    |  Sim.Time  | Progress | #Orders | #Bundles | Inv. | Distance | #Coll. |   Memory    
 00:00:00 |   n/a    | 0.00:00:00 |  0.00%   |    0    |    0     | 70%  |    0     |   0    | 151.86MB  
 00:00:05 | 00:03:22 | 0.00:00:43 |  2.41%   |    0    |    0     | 70%  |   584    |   0    | 159.46MB  
 00:00:10 | 00:05:05 | 0.00:00:57 |  3.18%   |    0    |    0     | 70%  |   772    |   0    | 165.08MB  
 00:00:12 | WARNING! Aborting CBS - could not obtain an initial solution for the following agents: Agent25(74->73)
 00:00:12 | WARNING! Aborting CBS - could not obtain an initial solution for the following agents: Agent25(74->73)
 00:00:12 | WARNING! Aborting CBS - could not obtain an initial solution for the following agents: Agent25(74->73)
 00:00:12 | WARNING! Aborting CBS - could not obtain an initial solution for the following agents: Agent25(74->73)
 00:00:12 | WARNING! Aborting CBS - could not obtain an initial solution for the following agents: Agent25(74->73)
 00:00:13 | WARNING! Aborting CBS - could not obtain an initial solution for the following agents: Agent0(32->31)
 00:00:13 | WARNING! Aborting CBS - could not obtain an initial solution for the following agents: Agent0(32->31)
 00:00:13 | WARNING! Aborting CBS - could not obtain an initial solution for the following agents: Agent0(32->31)
 00:00:15 | 00:01:09 | 0.00:05:18 |  17.71%  |   65    |    81    | 71%  |   2785   |   0    | 168.16MB  
 00:00:19 | WARNING! Aborting CBS - could not obtain an initial solution for the following agents: Agent23(12->11)
 00:00:20 | 00:00:35 | 0.00:10:53 |  36.29%  |   141   |   185    | 72%  |   5785   |   0    | 171.46MB  
 00:00:21 | WARNING! Aborting CBS - could not obtain an initial solution for the following agents: Agent5(13->12)
 00:00:21 | WARNING! Aborting CBS - could not obtain an initial solution for the following agents: Agent5(13->12)
 00:00:21 | WARNING! Aborting CBS - could not obtain an initial solution for the following agents: Agent5(13->12)
 00:00:23 | WARNING! Aborting CBS - could not obtain an initial solution for the following agents: Agent23(14->3)
 00:00:23 | WARNING! Aborting CBS - could not obtain an initial solution for the following agents: Agent23(14->13)
 00:00:23 | WARNING! Aborting CBS - could not obtain an initial solution for the following agents: Agent23(14->13)
 00:00:25 | 00:00:15 | 0.00:18:24 |  61.38%  |   225   |   324    | 73%  |  10265   |   0    | 172.64MB  
 00:00:26 | WARNING! Aborting CBS - could not obtain an initial solution for the following agents: Agent16(3->2)
 00:00:29 | WARNING! Aborting CBS - could not obtain an initial solution for the following agents: Agent11(54->53)
 00:00:29 | WARNING! Aborting CBS - could not obtain an initial solution for the following agents: Agent11(54->53)
 00:00:29 | WARNING! Aborting CBS - could not obtain an initial solution for the following agents: Agent11(54->53)
 00:00:29 | WARNING! Aborting CBS - could not obtain an initial solution for the following agents: Agent11(54->53)
 00:00:29 | WARNING! Aborting CBS - could not obtain an initial solution for the following agents: Agent11(54->53)
 00:00:29 | WARNING! Aborting CBS - could not obtain an initial solution for the following agents: Agent11(54->53)
 00:00:30 | 00:00:06 | 0.00:24:29 |  81.61%  |   292   |   431    | 74%  |  13951   |   0    | 180.01MB  
 00:00:32 | WARNING! Aborting CBS - could not obtain an initial solution for the following agents: Agent8(13->12)
 00:00:32 | WARNING! Aborting CBS - could not obtain an initial solution for the following agents: Agent8(13->12)
 00:00:32 | WARNING! Aborting CBS - could not obtain an initial solution for the following agents: Agent8(13->12)
 00:00:34 | 00:00:00 | 0.00:30:00 | 100.00%  |   352   |   526    | 75%  |  17451   |   0    | 194.65MB  
 00:00:34 | >>> Simulation finished - writing results ...
 00:00:34 | >>> Results written
Simulation finished.
>>> Timings
StatTimingPathPlanningAverage: 0.02308887761194029
StatTimingPathPlanningOverall: 23.20432199999999
StatTimingPathPlanningCount: 1005
StatTimingTaskAllocationAverage: 0.010985935500000012
StatTimingTaskAllocationOverall: 8.78874840000001
StatTimingTaskAllocationCount: 800
StatTimingItemStorageAverage: 1.3506382978723373E-05
StatTimingItemStorageOverall: 0.008252399999999981
StatTimingItemStorageCount: 611
StatTimingPodStorageAverage: 0.010331682949308753
StatTimingPodStorageOverall: 2.2419751999999993
StatTimingPodStorageCount: 217
StatTimingReplenishmentBatchingAverage: 2.9116822429906567E-05
StatTimingReplenishmentBatchingOverall: 0.018693000000000015
StatTimingReplenishmentBatchingCount: 642
StatTimingOrderBatchingAverage: 0.00014203890756302507
StatTimingOrderBatchingOverall: 0.16902629999999982
StatTimingOrderBatchingCount: 1190
>>> Overall
StatOverallBundlesPlaced: 604
StatOverallItemsOrdered: 603
StatOverallOrdersPlaced: 370
StatOverallBundlesRejected: 0
StatOverallOrdersRejected: 0
StatOverallBundlesHandled: 526
StatOverallItemsHandled: 567
StatOverallLinesHandled: 537
StatOverallOrdersHandled: 352
StatOverallCollisions: 0
StatOverallDistanceTraveled: 17451.150334028167
StatOverallDistanceEstimated: 16295
StatOverallAssignedTasks: 800
StatMaxMemoryUsed: 194.65234375
StatRealTimeUsed: 34.033067
StatAverageTurnoverTime: 550.8094262632608
StatMedianTurnoverTime: 423.4356998052714
StatLowerQuartileTurnoverTime: 199.87932984717486
StatUpperQuartileTurnoverTime: 848.0340174196482
StatAverageThroughputTime: 83.15292805155006
StatMedianThroughputTime: 60.369036771722676
StatLowerQuartileThroughputTime: 31.175007192921612
StatUpperQuartileThroughputTime: 123.2765647527292
>>> Energy (Rizqi model)
StatEnergyTotalKJ: 2148.2257002505544
StatEnergyE1AccelKJ: 763.3929386152253
StatEnergyE2DecelKJ: 0
StatEnergyE3CruiseKJ: 570.5976388286701
StatEnergyE4RotationKJ: 255.60299531343148
StatEnergyE5LiftLowerKJ: 558.6321274932275
StatEnergyPerOrderKJ: 6.102913921166348
StatEnergyPerMeterJoule: 122.52470770835306
StatDistanceTraveledRizqiM: 17533
>>> Motion Behavior
StatTurningCount: 2302
StatStopAndGoCount: 2826
StatLoadedDistanceM: 12343
StatLoadedTurningCount: 1760
StatWaitTimeSec: 18741.95135761607
StatMoveEnergyEmptyKJ: 73.77252499999999
StatMoveTimeEmptySec: 6660.313348684347
StatTurnEnergyEmptyKJ: 10.25033106387619
StatTurnTimeEmptySec: 553.2489466005648
StatMoveEnergyLoadedKJ: 1260.218052443895
StatMoveTimeLoadedSec: 18438.511458458768
StatTurnEnergyLoadedKJ: 245.35266424955523
StatTurnTimeLoadedSec: 1806.639555610509
StatPrefEmptyW: 11.647900527426936
StatPrefLoadedW: 74.36697882110934

Marked tag finished after 1 tries!
.Fin. - SUCCESS
