<<< Welcome to the RAWSimO CLI >>>
The time is: 04/14/2026 00:54:00
Starting RAWSimO wrapper with the following arguments:
Instance: Material/Instances/PP/1-4-4-32-550.xinst
Setting: Material/Instances/PP/PPMinimal.xsett
ControlConfig: Material/Instances/PP/aesop-ecbs.xconf
StatisticsDir: C:\Users\Aesop\Desktop\rawsim-o-rmfs-world-models\output_exp\ecbs\seed_20
Seed: 20
Adding handler for unhandled exceptions ...
Initializing ... 
Instance recognized!
Parsing setting config ...
Parsing control config ...
Parsing instance ...
StatisticsFolder: 1-4-4-32-550-PPMinimal-aesop-ecbs-20
Done!
Executing ... 
 00:54:02 | >>> Warming up ...
 00:00:00 | >>> Warmup finished - starting simulation ...
 Realtime |   ETA    |  Sim.Time  | Progress | #Orders | #Bundles | Inv. | Distance | #Coll. |   Memory    
 00:00:00 |   n/a    | 0.00:00:00 |  0.00%   |    0    |    0     | 60%  |    0     |   0    | 123.19MB  
 00:00:05 | 04:22:56 | 0.00:00:09 |  0.03%   |    0    |    0     | 60%  |   186    |   0    | 165.21MB  
 00:00:07 | WARNING! Aborting ECBS - could not obtain an initial solution for the following agents: Agent2(19->18)
 00:00:07 | WARNING! Aborting ECBS - could not obtain an initial solution for the following agents: Agent2(19->18)
 00:00:10 | 02:18:10 | 0.00:00:34 |  0.12%   |    0    |    0     | 60%  |   802    |   0    | 173.54MB  
 00:00:15 | 03:00:12 | 0.00:00:39 |  0.14%   |    0    |    0     | 60%  |   917    |   0    | 182.27MB  
 00:00:20 | 03:21:50 | 0.00:00:47 |  0.16%   |    2    |    0     | 60%  |   1066   |   0    | 183.00MB  
 00:00:25 | 03:09:32 | 0.00:01:03 |  0.22%   |    6    |    0     | 60%  |   1391   |   0    | 182.62MB  
 00:00:25 | WARNING! Aborting ECBS - could not obtain an initial solution for the following agents: Agent8(41->40)
 00:00:25 | WARNING! Aborting ECBS - could not obtain an initial solution for the following agents: Agent8(41->40)
 00:00:25 | WARNING! Aborting ECBS - could not obtain an initial solution for the following agents: Agent0(17->16)
 00:00:25 | WARNING! Aborting ECBS - could not obtain an initial solution for the following agents: Agent0(17->16)
 00:00:26 | WARNING! Aborting ECBS - could not obtain an initial solution for the following agents: Agent4(9->8)
 00:00:26 | WARNING! Aborting ECBS - could not obtain an initial solution for the following agents: Agent31(105->98)
 00:00:26 | WARNING! Aborting ECBS - could not obtain an initial solution for the following agents: Agent17(73->72)
 00:00:30 | 00:33:55 | 0.00:06:58 |  1.45%   |   146   |   135    | 60%  |   3914   |   0    | 182.42MB  
 00:00:30 | WARNING! Aborting ECBS - could not obtain an initial solution for the following agents: Agent29(57->56)
 00:00:32 | WARNING! Aborting ECBS - could not obtain an initial solution for the following agents: Agent19(3->1)
 00:00:32 | WARNING! Aborting ECBS - could not obtain an initial solution for the following agents: Agent19(3->1)
 00:00:32 | WARNING! Aborting ECBS - could not obtain an initial solution for the following agents: Agent19(3->1)
 00:00:32 | WARNING! Aborting ECBS - could not obtain an initial solution for the following agents: Agent19(3->2)
 00:00:32 | WARNING! Aborting ECBS - could not obtain an initial solution for the following agents: Agent19(3->2)
 00:00:32 | WARNING! Aborting ECBS - could not obtain an initial solution for the following agents: Agent19(3->2)
 00:00:35 | 00:21:23 | 0.00:12:44 |  2.66%   |   281   |   270    | 60%  |   6676   |   0    | 184.40MB  
 00:00:36 | WARNING! Aborting ECBS - could not obtain an initial solution for the following agents: Agent28(35->33)
 00:00:36 | WARNING! Aborting ECBS - could not obtain an initial solution for the following agents: Agent28(35->34)
 00:00:36 | WARNING! Aborting ECBS - could not obtain an initial solution for the following agents: Agent28(35->34)
 00:00:38 | WARNING! Aborting ECBS - could not obtain an initial solution for the following agents: Agent30(41->40)
 00:00:39 | WARNING! Aborting ECBS - could not obtain an initial solution for the following agents: Agent8(40->39)
 00:00:39 | WARNING! Aborting ECBS - could not obtain an initial solution for the following agents: Agent8(40->39)
 00:00:40 | 00:16:04 | 0.00:19:07 |  3.98%   |   431   |   420    | 60%  |   9682   |   0    | 183.68MB  
 00:00:43 | WARNING! Aborting ECBS - could not obtain an initial solution for the following agents: Agent9(57->56)
 00:00:45 | 00:15:06 | 0.00:22:42 |  4.73%   |   516   |   504    | 60%  |  11356   |   0    | 183.05MB  
 00:00:48 | WARNING! Aborting ECBS - could not obtain an initial solution for the following agents: Agent8(40->39)
 00:00:48 | WARNING! Aborting ECBS - could not obtain an initial solution for the following agents: Agent8(40->39)
 00:00:50 | 00:13:48 | 0.00:27:19 |  5.69%   |   622   |   612    | 60%  |  13946   |   0    | 182.88MB  
 00:00:51 | WARNING! Aborting ECBS - could not obtain an initial solution for the following agents: Agent25(9->8)
 00:00:51 | WARNING! Aborting ECBS - could not obtain an initial solution for the following agents: Agent29(57->56)
 00:00:51 | WARNING! Aborting ECBS - could not obtain an initial solution for the following agents: Agent29(57->56)
 00:00:55 | 00:12:00 | 0.00:34:02 |  7.09%   |   781   |   770    | 60%  |  17446   |   0    | 184.52MB  
 00:00:59 | WARNING! Aborting ECBS - could not obtain an initial solution for the following agents: Agent29(57->49)
 00:00:59 | WARNING! Aborting ECBS - could not obtain an initial solution for the following agents: Agent29(57->50)
 00:00:59 | WARNING! Aborting ECBS - could not obtain an initial solution for the following agents: Agent29(57->54)
 00:01:00 | 00:10:32 | 0.00:41:37 |  8.67%   |   959   |   947    | 60%  |  21357   |   0    | 183.60MB  
 00:01:03 | WARNING! Aborting ECBS - could not obtain an initial solution for the following agents: Agent9(59->58)
 00:01:03 | WARNING! Aborting ECBS - could not obtain an initial solution for the following agents: Agent9(59->58)
 00:01:03 | WARNING! Aborting ECBS - could not obtain an initial solution for the following agents: Agent9(59->58)
 00:01:03 | WARNING! Aborting ECBS - could not obtain an initial solution for the following agents: Agent9(59->58)
 00:01:03 | WARNING! Aborting ECBS - could not obtain an initial solution for the following agents: Agent9(59->58)
 00:01:03 | WARNING! Aborting ECBS - could not obtain an initial solution for the following agents: Agent9(59->58)
 00:01:05 | 00:09:18 | 0.00:50:04 |  10.43%  |  1152   |   1145   | 60%  |  25780   |   0    | 182.36MB  
 00:01:06 | WARNING! Aborting ECBS - could not obtain an initial solution for the following agents: Agent26(25->24)
 00:01:06 | WARNING! Aborting ECBS - could not obtain an initial solution for the following agents: Agent26(25->24)
 00:01:10 | 00:08:08 | 0.01:00:07 |  12.53%  |  1390   |   1381   | 60%  |  30876   |   0    | 183.17MB  
 00:01:15 | 00:07:30 | 0.01:08:32 |  14.28%  |  1586   |   1577   | 60%  |  35242   |   0    | 184.62MB  
 00:01:15 | WARNING! Aborting ECBS - could not obtain an initial solution for the following agents: Agent16(57->56)
 00:01:15 | WARNING! Aborting ECBS - could not obtain an initial solution for the following agents: Agent28(40->39)
 00:01:19 | WARNING! Aborting ECBS - could not obtain an initial solution for the following agents: Agent24(24->23)
 00:01:19 | WARNING! Aborting ECBS - could not obtain an initial solution for the following agents: Agent24(24->23)
 00:01:20 | 00:06:58 | 0.01:17:00 |  16.04%  |  1782   |   1776   | 60%  |  39790   |   0    | 184.22MB  
 00:01:20 | WARNING! Aborting ECBS - could not obtain an initial solution for the following agents: Agent25(9->8)
 00:01:21 | WARNING! Aborting ECBS - could not obtain an initial solution for the following agents: Agent10(42->41)
 00:01:21 | WARNING! Aborting ECBS - could not obtain an initial solution for the following agents: Agent10(42->41)
 00:01:21 | WARNING! Aborting ECBS - could not obtain an initial solution for the following agents: Agent10(42->41)
 00:01:22 | WARNING! Aborting ECBS - could not obtain an initial solution for the following agents: Agent11(25->24)
 00:01:22 | WARNING! Aborting ECBS - could not obtain an initial solution for the following agents: Agent11(25->24)
 00:01:22 | WARNING! Aborting ECBS - could not obtain an initial solution for the following agents: Agent11(25->24)
 00:01:25 | 00:06:35 | 0.01:25:00 |  17.71%  |  1963   |   1964   | 60%  |  44418   |   0    | 185.32MB  
 00:01:25 | WARNING! Aborting ECBS - could not obtain an initial solution for the following agents: Agent29(57->56)
 00:01:25 | WARNING! Aborting ECBS - could not obtain an initial solution for the following agents: Agent29(57->56)
 00:01:25 | WARNING! Aborting ECBS - could not obtain an initial solution for the following agents: Agent29(57->56)
 00:01:30 | 00:06:23 | 0.01:31:15 |  19.01%  |  2108   |   2109   | 60%  |  47689   |   0    | 186.43MB  
 00:01:34 | WARNING! Aborting ECBS - could not obtain an initial solution for the following agents: Agent29(57->56)
 00:01:34 | WARNING! Aborting ECBS - could not obtain an initial solution for the following agents: Agent0(24->23)
 00:01:35 | 00:06:06 | 0.01:38:51 |  20.59%  |  2288   |   2286   | 60%  |  51639   |   0    | 187.02MB  
 00:01:36 | WARNING! Aborting ECBS - could not obtain an initial solution for the following agents: Agent9(58->56)
 00:01:40 | 00:05:59 | 0.01:44:23 |  21.75%  |  2416   |   2416   | 60%  |  54933   |   0    | 186.39MB  
 00:01:41 | WARNING! Aborting ECBS - could not obtain an initial solution for the following agents: Agent26(25->24)
 00:01:41 | WARNING! Aborting ECBS - could not obtain an initial solution for the following agents: Agent26(25->24)
 00:01:41 | WARNING! Aborting ECBS - could not obtain an initial solution for the following agents: Agent16(57->56)
 00:01:41 | WARNING! Aborting ECBS - could not obtain an initial solution for the following agents: Agent16(57->56)
 00:01:41 | WARNING! Aborting ECBS - could not obtain an initial solution for the following agents: Agent16(57->56)
 00:01:42 | WARNING! Aborting ECBS - could not obtain an initial solution for the following agents: Agent0(25->24)
 00:01:42 | WARNING! Aborting ECBS - could not obtain an initial solution for the following agents: Agent0(25->24)
 00:01:42 | WARNING! Aborting ECBS - could not obtain an initial solution for the following agents: Agent0(25->24)
 00:01:43 | WARNING! Aborting ECBS - could not obtain an initial solution for the following agents: Agent7(57->56)
 00:01:44 | WARNING! Aborting ECBS - could not obtain an initial solution for the following agents: Agent16(57->56)
 00:01:44 | WARNING! Aborting ECBS - could not obtain an initial solution for the following agents: Agent16(57->56)
 00:01:44 | WARNING! Aborting ECBS - could not obtain an initial solution for the following agents: Agent16(57->56)
 00:01:45 | 00:05:53 | 0.01:49:51 |  22.89%  |  2541   |   2544   | 60%  |  57799   |   0    | 186.28MB  
 00:01:48 | WARNING! Aborting ECBS - could not obtain an initial solution for the following agents: Agent30(41->40)
 00:01:48 | WARNING! Aborting ECBS - could not obtain an initial solution for the following agents: Agent30(41->40)
 00:01:50 | 00:05:39 | 0.01:57:29 |  24.48%  |  2717   |   2723   | 60%  |  61771   |   0    | 187.53MB  
 00:01:55 | 00:05:21 | 0.02:06:34 |  26.37%  |  2931   |   2935   | 60%  |  66834   |   0    | 192.86MB  
 00:01:56 | WARNING! Aborting ECBS - could not obtain an initial solution for the following agents: Agent8(41->40)
 00:01:57 | WARNING! Aborting ECBS - could not obtain an initial solution for the following agents: Agent21(40->34)
 00:01:57 | WARNING! Aborting ECBS - could not obtain an initial solution for the following agents: Agent21(40->34)
 00:01:59 | WARNING! Aborting ECBS - could not obtain an initial solution for the following agents: Agent16(58->57)
 00:02:00 | 00:05:02 | 0.02:16:16 |  28.39%  |  3156   |   3163   | 60%  |  72186   |   0    | 194.15MB  
 00:02:02 | WARNING! Aborting ECBS - could not obtain an initial solution for the following agents: Agent7(57->56)
 00:02:02 | WARNING! Aborting ECBS - could not obtain an initial solution for the following agents: Agent7(57->56)
 00:02:02 | WARNING! Aborting ECBS - could not obtain an initial solution for the following agents: Agent7(57->56)
 00:02:02 | WARNING! Aborting ECBS - could not obtain an initial solution for the following agents: Agent28(35->33)
 00:02:03 | WARNING! Aborting ECBS - could not obtain an initial solution for the following agents: Agent26(25->24)
 00:02:03 | WARNING! Aborting ECBS - could not obtain an initial solution for the following agents: Agent4(9->8)
 00:02:05 | 00:04:48 | 0.02:25:14 |  30.26%  |  3365   |   3372   | 60%  |  77100   |   0    | 195.84MB  
 00:02:09 | WARNING! Aborting ECBS - could not obtain an initial solution for the following agents: Agent9(59->58)
 00:02:09 | WARNING! Aborting ECBS - could not obtain an initial solution for the following agents: Agent9(59->58)
 00:02:09 | WARNING! Aborting ECBS - could not obtain an initial solution for the following agents: Agent9(59->58)
 00:02:09 | WARNING! Aborting ECBS - could not obtain an initial solution for the following agents: Agent9(59->58)
 00:02:09 | WARNING! Aborting ECBS - could not obtain an initial solution for the following agents: Agent9(59->58)
 00:02:09 | WARNING! Aborting ECBS - could not obtain an initial solution for the following agents: Agent9(59->58)
 00:02:10 | 00:04:38 | 0.02:32:44 |  31.82%  |  3539   |   3548   | 60%  |  81221   |   0    | 206.03MB  
 00:02:11 | WARNING! Aborting ECBS - could not obtain an initial solution for the following agents: Agent8(41->40)
 00:02:11 | WARNING! Aborting ECBS - could not obtain an initial solution for the following agents: Agent8(41->40)
 00:02:15 | 00:04:24 | 0.02:42:22 |  33.83%  |  3766   |   3775   | 60%  |  86561   |   0    | 204.65MB  
 00:02:17 | WARNING! Aborting ECBS - could not obtain an initial solution for the following agents: Agent30(41->40)
 00:02:17 | WARNING! Aborting ECBS - could not obtain an initial solution for the following agents: Agent30(41->40)
 00:02:17 | WARNING! Aborting ECBS - could not obtain an initial solution for the following agents: Agent30(41->40)
 00:02:19 | WARNING! Aborting ECBS - could not obtain an initial solution for the following agents: Agent2(25->24)
 00:02:20 | 00:04:16 | 0.02:49:25 |  35.30%  |  3930   |   3940   | 60%  |  90697   |   0    | 205.49MB  
 00:02:21 | WARNING! Aborting ECBS - could not obtain an initial solution for the following agents: Agent4(3->1)
 00:02:21 | WARNING! Aborting ECBS - could not obtain an initial solution for the following agents: Agent4(3->2)
 00:02:21 | WARNING! Aborting ECBS - could not obtain an initial solution for the following agents: Agent4(3->2)
 00:02:24 | WARNING! Aborting ECBS - could not obtain an initial solution for the following agents: Agent8(40->39)
 00:02:25 | 00:03:59 | 0.03:01:09 |  37.74%  |  4202   |   4215   | 60%  |  96611   |   0    | 206.77MB  
 00:02:26 | WARNING! Aborting ECBS - could not obtain an initial solution for the following agents: Agent29(58->56)
 00:02:26 | WARNING! Aborting ECBS - could not obtain an initial solution for the following agents: Agent29(58->57)
 00:02:26 | WARNING! Aborting ECBS - could not obtain an initial solution for the following agents: Agent29(58->57)
 00:02:26 | WARNING! Aborting ECBS - could not obtain an initial solution for the following agents: Agent29(58->57)
 00:02:26 | WARNING! Aborting ECBS - could not obtain an initial solution for the following agents: Agent28(41->40)
 00:02:26 | WARNING! Aborting ECBS - could not obtain an initial solution for the following agents: Agent28(41->40)
 00:02:27 | WARNING! Aborting ECBS - could not obtain an initial solution for the following agents: Agent5(57->56)
 00:02:27 | WARNING! Aborting ECBS - could not obtain an initial solution for the following agents: Agent5(57->56)
 00:02:27 | WARNING! Aborting ECBS - could not obtain an initial solution for the following agents: Agent5(57->56)
 00:02:27 | WARNING! Aborting ECBS - could not obtain an initial solution for the following agents: Agent5(57->50)
 00:02:28 | WARNING! Aborting ECBS - could not obtain an initial solution for the following agents: Agent14(3->1)
 00:02:28 | WARNING! Aborting ECBS - could not obtain an initial solution for the following agents: Agent14(3->2)
 00:02:28 | WARNING! Aborting ECBS - could not obtain an initial solution for the following agents: Agent5(57->56)
 00:02:30 | 00:03:53 | 0.03:07:59 |  39.16%  |  4361   |   4375   | 60%  |  100687  |   0    | 204.41MB  
 00:02:30 | WARNING! Aborting ECBS - could not obtain an initial solution for the following agents: Agent2(25->24)
 00:02:31 | WARNING! Aborting ECBS - could not obtain an initial solution for the following agents: Agent30(42->41)
 00:02:31 | WARNING! Aborting ECBS - could not obtain an initial solution for the following agents: Agent30(42->41)
 00:02:31 | WARNING! Aborting ECBS - could not obtain an initial solution for the following agents: Agent30(42->41)
 00:02:31 | WARNING! Aborting ECBS - could not obtain an initial solution for the following agents: Agent28(41->40)
 00:02:34 | WARNING! Aborting ECBS - could not obtain an initial solution for the following agents: Agent27(9->8)
 00:02:35 | 00:03:45 | 0.03:15:24 |  40.71%  |  4533   |   4548   | 60%  |  104991  |   0    | 205.95MB  
 00:02:36 | WARNING! Aborting ECBS - could not obtain an initial solution for the following agents: Agent27(3->1)
 00:02:36 | WARNING! Aborting ECBS - could not obtain an initial solution for the following agents: Agent27(3->1)
 00:02:36 | WARNING! Aborting ECBS - could not obtain an initial solution for the following agents: Agent27(3->1)
 00:02:36 | WARNING! Aborting ECBS - could not obtain an initial solution for the following agents: Agent27(3->2)
 00:02:36 | WARNING! Aborting ECBS - could not obtain an initial solution for the following agents: Agent27(3->2)
 00:02:36 | WARNING! Aborting ECBS - could not obtain an initial solution for the following agents: Agent27(3->2)
 00:02:36 | WARNING! Aborting ECBS - could not obtain an initial solution for the following agents: Agent0(24->18)
 00:02:36 | WARNING! Aborting ECBS - could not obtain an initial solution for the following agents: Agent7(56->55)
 00:02:36 | WARNING! Aborting ECBS - could not obtain an initial solution for the following agents: Agent10(41->40)
 00:02:36 | WARNING! Aborting ECBS - could not obtain an initial solution for the following agents: Agent10(41->40)
 00:02:36 | WARNING! Aborting ECBS - could not obtain an initial solution for the following agents: Agent10(41->40)
 00:02:37 | WARNING! Aborting ECBS - could not obtain an initial solution for the following agents: Agent19(9->8)
 00:02:37 | WARNING! Aborting ECBS - could not obtain an initial solution for the following agents: Agent9(51->50)
 00:02:38 | WARNING! Aborting ECBS - could not obtain an initial solution for the following agents: Agent29(56->55)
 00:02:38 | WARNING! Aborting ECBS - could not obtain an initial solution for the following agents: Agent29(56->55)
 00:02:38 | WARNING! Aborting ECBS - could not obtain an initial solution for the following agents: Agent29(56->55)
 00:02:39 | WARNING! Aborting ECBS - could not obtain an initial solution for the following agents: Agent5(57->56)
 00:02:39 | WARNING! Aborting ECBS - could not obtain an initial solution for the following agents: Agent5(57->56)
 00:02:40 | 00:03:31 | 0.03:26:52 |  43.10%  |  4802   |   4817   | 60%  |  110915  |   0    | 206.29MB  
 00:02:44 | WARNING! Aborting ECBS - could not obtain an initial solution for the following agents: Agent24(24->23)
 00:02:44 | WARNING! Aborting ECBS - could not obtain an initial solution for the following agents: Agent24(24->23)
 00:02:44 | WARNING! Aborting ECBS - could not obtain an initial solution for the following agents: Agent24(24->23)
 00:02:45 | 00:03:25 | 0.03:33:52 |  44.56%  |  4966   |   4983   | 60%  |  114861  |   0    | 206.01MB  
 00:02:46 | WARNING! Aborting ECBS - could not obtain an initial solution for the following agents: Agent21(41->40)
 00:02:46 | WARNING! Aborting ECBS - could not obtain an initial solution for the following agents: Agent21(41->40)
 00:02:47 | WARNING! Aborting ECBS - could not obtain an initial solution for the following agents: Agent9(57->56)
 00:02:47 | WARNING! Aborting ECBS - could not obtain an initial solution for the following agents: Agent9(57->56)
 00:02:50 | 00:03:15 | 0.03:43:11 |  46.50%  |  5182   |   5200   | 60%  |  119756  |   0    | 206.73MB  
 00:02:55 | 00:03:09 | 0.03:50:31 |  48.02%  |  5351   |   5372   | 60%  |  123904  |   0    | 208.34MB  
 00:02:56 | WARNING! Aborting ECBS - could not obtain an initial solution for the following agents: Agent19(9->8)
 00:02:56 | WARNING! Aborting ECBS - could not obtain an initial solution for the following agents: Agent19(9->8)
 00:02:56 | WARNING! Aborting ECBS - could not obtain an initial solution for the following agents: Agent19(9->8)
 00:02:56 | WARNING! Aborting ECBS - could not obtain an initial solution for the following agents: Agent19(9->8)
 00:02:56 | WARNING! Aborting ECBS - could not obtain an initial solution for the following agents: Agent19(9->2)
 00:02:59 | WARNING! Aborting ECBS - could not obtain an initial solution for the following agents: Agent16(57->56)
 00:03:00 | 00:03:05 | 0.03:56:10 |  49.20%  |  5482   |   5504   | 60%  |  127173  |   0    | 206.65MB  
 00:03:01 | WARNING! Aborting ECBS - could not obtain an initial solution for the following agents: Agent21(41->40)
 00:03:02 | WARNING! Aborting ECBS - could not obtain an initial solution for the following agents: Agent11(25->24)
 00:03:02 | WARNING! Aborting ECBS - could not obtain an initial solution for the following agents: Agent11(25->24)
 00:03:03 | WARNING! Aborting ECBS - could not obtain an initial solution for the following agents: Agent21(41->40)
 00:03:03 | WARNING! Aborting ECBS - could not obtain an initial solution for the following agents: Agent21(41->40)
 00:03:03 | WARNING! Aborting ECBS - could not obtain an initial solution for the following agents: Agent21(41->40)
 00:03:05 | 00:02:57 | 0.04:05:07 |  51.07%  |  5691   |   5715   | 60%  |  131928  |   0    | 206.94MB  
 00:03:06 | WARNING! Aborting ECBS - could not obtain an initial solution for the following agents: Agent7(56->55)
 00:03:06 | WARNING! Aborting ECBS - could not obtain an initial solution for the following agents: Agent7(56->55)
 00:03:06 | WARNING! Aborting ECBS - could not obtain an initial solution for the following agents: Agent7(56->55)
 00:03:06 | WARNING! Aborting ECBS - could not obtain an initial solution for the following agents: Agent0(25->24)
 00:03:07 | WARNING! Aborting ECBS - could not obtain an initial solution for the following agents: Agent25(3->1)
 00:03:07 | WARNING! Aborting ECBS - could not obtain an initial solution for the following agents: Agent25(3->1)
 00:03:07 | WARNING! Aborting ECBS - could not obtain an initial solution for the following agents: Agent25(3->1)
 00:03:07 | WARNING! Aborting ECBS - could not obtain an initial solution for the following agents: Agent25(3->2)
 00:03:07 | WARNING! Aborting ECBS - could not obtain an initial solution for the following agents: Agent25(3->2)
 00:03:07 | WARNING! Aborting ECBS - could not obtain an initial solution for the following agents: Agent25(3->2)
 00:03:10 | 00:02:50 | 0.04:12:41 |  52.64%  |  5863   |   5892   | 60%  |  136036  |   0    | 215.06MB  
 00:03:10 | WARNING! Aborting ECBS - could not obtain an initial solution for the following agents: Agent14(9->8)
 00:03:11 | WARNING! Aborting ECBS - could not obtain an initial solution for the following agents: Agent28(41->40)
 00:03:11 | WARNING! Aborting ECBS - could not obtain an initial solution for the following agents: Agent28(41->40)
 00:03:11 | WARNING! Aborting ECBS - could not obtain an initial solution for the following agents: Agent28(41->40)
 00:03:12 | WARNING! Aborting ECBS - could not obtain an initial solution for the following agents: Agent7(57->56)
 00:03:15 | 00:02:47 | 0.04:18:17 |  53.81%  |  5994   |   6022   | 60%  |  138976  |   0    | 213.71MB  
 00:03:18 | WARNING! Aborting ECBS - could not obtain an initial solution for the following agents: Agent14(9->8)
 00:03:19 | WARNING! Aborting ECBS - could not obtain an initial solution for the following agents: Agent8(41->40)
 00:03:19 | WARNING! Aborting ECBS - could not obtain an initial solution for the following agents: Agent29(57->56)
 00:03:19 | WARNING! Aborting ECBS - could not obtain an initial solution for the following agents: Agent26(25->24)
 00:03:20 | 00:02:39 | 0.04:27:05 |  55.64%  |  6201   |   6228   | 60%  |  143830  |   0    | 213.37MB  
 00:03:20 | WARNING! Aborting ECBS - could not obtain an initial solution for the following agents: Agent11(25->24)
 00:03:22 | WARNING! Aborting ECBS - could not obtain an initial solution for the following agents: Agent10(40->39)
 00:03:25 | 00:02:32 | 0.04:35:06 |  57.32%  |  6381   |   6417   | 60%  |  148425  |   0    | 213.70MB  
 00:03:26 | WARNING! Aborting ECBS - could not obtain an initial solution for the following agents: Agent7(56->55)
 00:03:26 | WARNING! Aborting ECBS - could not obtain an initial solution for the following agents: Agent7(56->55)
 00:03:29 | WARNING! Aborting ECBS - could not obtain an initial solution for the following agents: Agent29(59->50)
 00:03:29 | WARNING! Aborting ECBS - could not obtain an initial solution for the following agents: Agent29(59->50)
 00:03:29 | WARNING! Aborting ECBS - could not obtain an initial solution for the following agents: Agent29(59->50)
 00:03:29 | WARNING! Aborting ECBS - could not obtain an initial solution for the following agents: Agent29(59->50)
 00:03:30 | 00:02:29 | 0.04:40:12 |  58.38%  |  6498   |   6537   | 60%  |  151150  |   0    | 213.12MB  
 00:03:32 | WARNING! Aborting ECBS - could not obtain an initial solution for the following agents: Agent9(57->56)
 00:03:33 | WARNING! Aborting ECBS - could not obtain an initial solution for the following agents: Agent14(8->6)
 00:03:34 | WARNING! Aborting ECBS - could not obtain an initial solution for the following agents: Agent29(57->56)
 00:03:35 | 00:02:24 | 0.04:47:18 |  59.86%  |  6662   |   6703   | 60%  |  155120  |   0    | 213.37MB  
 00:03:36 | WARNING! Aborting ECBS - could not obtain an initial solution for the following agents: Agent7(56->55)
 00:03:36 | WARNING! Aborting ECBS - could not obtain an initial solution for the following agents: Agent26(25->24)
 00:03:36 | WARNING! Aborting ECBS - could not obtain an initial solution for the following agents: Agent26(25->24)
 00:03:37 | WARNING! Aborting ECBS - could not obtain an initial solution for the following agents: Agent2(24->23)
 00:03:37 | WARNING! Aborting ECBS - could not obtain an initial solution for the following agents: Agent2(24->23)
 00:03:39 | WARNING! Aborting ECBS - could not obtain an initial solution for the following agents: Agent26(25->24)
 00:03:39 | WARNING! Aborting ECBS - could not obtain an initial solution for the following agents: Agent26(25->24)
 00:03:40 | 00:02:18 | 0.04:54:54 |  61.44%  |  6840   |   6881   | 60%  |  159225  |   0    | 213.02MB  
 00:03:40 | WARNING! Aborting ECBS - could not obtain an initial solution for the following agents: Agent7(56->55)
 00:03:40 | WARNING! Aborting ECBS - could not obtain an initial solution for the following agents: Agent7(56->55)
 00:03:40 | WARNING! Aborting ECBS - could not obtain an initial solution for the following agents: Agent7(56->55)
 00:03:40 | WARNING! Aborting ECBS - could not obtain an initial solution for the following agents: Agent4(3->2)
 00:03:40 | WARNING! Aborting ECBS - could not obtain an initial solution for the following agents: Agent4(3->1)
 00:03:41 | WARNING! Aborting ECBS - could not obtain an initial solution for the following agents: Agent10(41->40)
 00:03:42 | WARNING! Aborting ECBS - could not obtain an initial solution for the following agents: Agent11(25->24)
 00:03:42 | WARNING! Aborting ECBS - could not obtain an initial solution for the following agents: Agent30(43->42)
 00:03:43 | WARNING! Aborting ECBS - could not obtain an initial solution for the following agents: Agent30(40->39)
 00:03:45 | 00:02:10 | 0.05:03:26 |  63.22%  |  7032   |   7081   | 60%  |  164162  |   0    | 213.17MB  
 00:03:48 | WARNING! Aborting ECBS - could not obtain an initial solution for the following agents: Agent7(57->56)
 00:03:48 | WARNING! Aborting ECBS - could not obtain an initial solution for the following agents: Agent7(57->56)
 00:03:50 | 00:02:03 | 0.05:12:39 |  65.14%  |  7249   |   7298   | 60%  |  168954  |   0    | 214.27MB  
 00:03:50 | WARNING! Aborting ECBS - could not obtain an initial solution for the following agents: Agent5(57->56)
 00:03:51 | WARNING! Aborting ECBS - could not obtain an initial solution for the following agents: Agent5(57->55)
 00:03:51 | WARNING! Aborting ECBS - could not obtain an initial solution for the following agents: Agent5(57->55)
 00:03:51 | WARNING! Aborting ECBS - could not obtain an initial solution for the following agents: Agent5(57->56)
 00:03:51 | WARNING! Aborting ECBS - could not obtain an initial solution for the following agents: Agent16(57->56)
 00:03:51 | WARNING! Aborting ECBS - could not obtain an initial solution for the following agents: Agent16(57->56)
 00:03:51 | WARNING! Aborting ECBS - could not obtain an initial solution for the following agents: Agent19(3->1)
 00:03:51 | WARNING! Aborting ECBS - could not obtain an initial solution for the following agents: Agent19(3->2)
 00:03:51 | WARNING! Aborting ECBS - could not obtain an initial solution for the following agents: Agent19(3->2)
 00:03:53 | WARNING! Aborting ECBS - could not obtain an initial solution for the following agents: Agent1(8->7)
 00:03:53 | WARNING! Aborting ECBS - could not obtain an initial solution for the following agents: Agent30(41->40)
 00:03:55 | 00:01:54 | 0.05:22:56 |  67.28%  |  7488   |   7539   | 60%  |  174225  |   0    | 214.40MB  
 00:03:57 | WARNING! Aborting ECBS - could not obtain an initial solution for the following agents: Agent21(35->33)
 00:03:58 | WARNING! Aborting ECBS - could not obtain an initial solution for the following agents: Agent2(25->18)
 00:04:00 | 00:01:47 | 0.05:31:44 |  69.11%  |  7692   |   7744   | 60%  |  178972  |   0    | 213.29MB  
 00:04:00 | WARNING! Aborting ECBS - could not obtain an initial solution for the following agents: Agent9(56->55)
 00:04:05 | 00:01:44 | 0.05:36:05 |  70.02%  |  7792   |   7847   | 60%  |  181512  |   0    | 215.29MB  
 00:04:07 | WARNING! Aborting ECBS - could not obtain an initial solution for the following agents: Agent9(56->55)
 00:04:07 | WARNING! Aborting ECBS - could not obtain an initial solution for the following agents: Agent9(56->55)
 00:04:08 | WARNING! Aborting ECBS - could not obtain an initial solution for the following agents: Agent14(3->1)
 00:04:08 | WARNING! Aborting ECBS - could not obtain an initial solution for the following agents: Agent14(3->1)
 00:04:10 | 00:01:35 | 0.05:47:30 |  72.40%  |  8061   |   8115   | 60%  |  187278  |   0    | 213.17MB  
 00:04:10 | WARNING! Aborting ECBS - could not obtain an initial solution for the following agents: Agent2(25->24)
 00:04:10 | WARNING! Aborting ECBS - could not obtain an initial solution for the following agents: Agent2(25->24)
 00:04:15 | 00:01:32 | 0.05:52:14 |  73.38%  |  8172   |   8225   | 60%  |  189768  |   0    | 216.73MB  
 00:04:16 | WARNING! Aborting ECBS - could not obtain an initial solution for the following agents: Agent29(51->49)
 00:04:16 | WARNING! Aborting ECBS - could not obtain an initial solution for the following agents: Agent29(51->49)
 00:04:16 | WARNING! Aborting ECBS - could not obtain an initial solution for the following agents: Agent29(51->49)
 00:04:17 | WARNING! Aborting ECBS - could not obtain an initial solution for the following agents: Agent19(9->8)
 00:04:17 | WARNING! Aborting ECBS - could not obtain an initial solution for the following agents: Agent2(24->23),Agent19(9->8)
 00:04:17 | WARNING! Aborting ECBS - could not obtain an initial solution for the following agents: Agent2(24->23)
 00:04:19 | WARNING! Aborting ECBS - could not obtain an initial solution for the following agents: Agent7(56->55)
 00:04:19 | WARNING! Aborting ECBS - could not obtain an initial solution for the following agents: Agent30(41->40)
 00:04:19 | WARNING! Aborting ECBS - could not obtain an initial solution for the following agents: Agent30(41->40)
 00:04:19 | WARNING! Aborting ECBS - could not obtain an initial solution for the following agents: Agent30(41->40)
 00:04:20 | 00:01:25 | 0.06:01:23 |  75.29%  |  8387   |   8439   | 60%  |  194712  |   0    | 219.20MB  
 00:04:20 | WARNING! Aborting ECBS - could not obtain an initial solution for the following agents: Agent0(25->24)
 00:04:20 | WARNING! Aborting ECBS - could not obtain an initial solution for the following agents: Agent25(9->8)
 00:04:23 | WARNING! Aborting ECBS - could not obtain an initial solution for the following agents: Agent25(2->1)
 00:04:25 | 00:01:17 | 0.06:11:03 |  77.30%  |  8610   |   8666   | 60%  |  200170  |   0    | 220.46MB  
 00:04:25 | WARNING! Aborting ECBS - could not obtain an initial solution for the following agents: Agent26(25->24)
 00:04:25 | WARNING! Aborting ECBS - could not obtain an initial solution for the following agents: Agent26(25->24)
 00:04:25 | WARNING! Aborting ECBS - could not obtain an initial solution for the following agents: Agent26(25->24)
 00:04:28 | WARNING! Aborting ECBS - could not obtain an initial solution for the following agents: Agent7(56->55)
 00:04:29 | WARNING! Aborting ECBS - could not obtain an initial solution for the following agents: Agent25(9->8)
 00:04:29 | WARNING! Aborting ECBS - could not obtain an initial solution for the following agents: Agent25(9->8)
 00:04:29 | WARNING! Aborting ECBS - could not obtain an initial solution for the following agents: Agent25(9->8)
 00:04:29 | WARNING! Aborting ECBS - could not obtain an initial solution for the following agents: Agent29(57->56)
 00:04:30 | 00:01:13 | 0.06:17:44 |  78.70%  |  8765   |   8823   | 60%  |  203799  |   0    | 224.81MB  
 00:04:31 | WARNING! Aborting ECBS - could not obtain an initial solution for the following agents: Agent8(40->39)
 00:04:31 | WARNING! Aborting ECBS - could not obtain an initial solution for the following agents: Agent8(40->39)
 00:04:33 | WARNING! Aborting ECBS - could not obtain an initial solution for the following agents: Agent11(25->24)
 00:04:33 | WARNING! Aborting ECBS - could not obtain an initial solution for the following agents: Agent11(25->24)
 00:04:33 | WARNING! Aborting ECBS - could not obtain an initial solution for the following agents: Agent11(25->24)
 00:04:34 | WARNING! Aborting ECBS - could not obtain an initial solution for the following agents: Agent7(57->56)
 00:04:35 | 00:01:05 | 0.06:28:12 |  80.88%  |  9010   |   9067   | 60%  |  209412  |   0    | 224.36MB  
 00:04:35 | WARNING! Aborting ECBS - could not obtain an initial solution for the following agents: Agent14(3->1)
 00:04:35 | WARNING! Aborting ECBS - could not obtain an initial solution for the following agents: Agent14(3->2)
 00:04:36 | WARNING! Aborting ECBS - could not obtain an initial solution for the following agents: Agent10(41->40)
 00:04:37 | WARNING! Aborting ECBS - could not obtain an initial solution for the following agents: Agent25(10->9)
 00:04:37 | WARNING! Aborting ECBS - could not obtain an initial solution for the following agents: Agent25(10->9)
 00:04:38 | WARNING! Aborting ECBS - could not obtain an initial solution for the following agents: Agent27(8->7)
 00:04:40 | 00:01:00 | 0.06:34:13 |  82.13%  |  9146   |   9209   | 60%  |  212997  |   0    | 223.29MB  
 00:04:41 | WARNING! Aborting ECBS - could not obtain an initial solution for the following agents: Agent10(40->39)
 00:04:41 | WARNING! Aborting ECBS - could not obtain an initial solution for the following agents: Agent10(40->39)
 00:04:43 | WARNING! Aborting ECBS - could not obtain an initial solution for the following agents: Agent8(41->40)
 00:04:43 | WARNING! Aborting ECBS - could not obtain an initial solution for the following agents: Agent8(41->40)
 00:04:43 | WARNING! Aborting ECBS - could not obtain an initial solution for the following agents: Agent9(57->56)
 00:04:45 | 00:00:53 | 0.06:44:39 |  84.31%  |  9389   |   9454   | 60%  |  218899  |   0    | 226.28MB  
 00:04:45 | WARNING! Aborting ECBS - could not obtain an initial solution for the following agents: Agent21(41->39)
 00:04:45 | WARNING! Aborting ECBS - could not obtain an initial solution for the following agents: Agent9(57->56)
 00:04:45 | WARNING! Aborting ECBS - could not obtain an initial solution for the following agents: Agent9(57->56)
 00:04:47 | WARNING! Aborting ECBS - could not obtain an initial solution for the following agents: Agent9(56->55)
 00:04:48 | WARNING! Aborting ECBS - could not obtain an initial solution for the following agents: Agent29(56->55)
 00:04:48 | WARNING! Aborting ECBS - could not obtain an initial solution for the following agents: Agent29(56->55)
 00:04:50 | 00:00:46 | 0.06:53:24 |  86.13%  |  9593   |   9658   | 60%  |  223299  |   0    | 223.77MB  
 00:04:51 | WARNING! Aborting ECBS - could not obtain an initial solution for the following agents: Agent4(3->2)
 00:04:51 | WARNING! Aborting ECBS - could not obtain an initial solution for the following agents: Agent4(3->2)
 00:04:55 | 00:00:41 | 0.07:00:59 |  87.71%  |  9772   |   9836   | 60%  |  227829  |   0    | 223.62MB  
 00:04:56 | WARNING! Aborting ECBS - could not obtain an initial solution for the following agents: Agent28(41->40)
 00:04:56 | WARNING! Aborting ECBS - could not obtain an initial solution for the following agents: Agent28(41->40)
 00:04:56 | WARNING! Aborting ECBS - could not obtain an initial solution for the following agents: Agent28(41->40)
 00:04:59 | WARNING! Aborting ECBS - could not obtain an initial solution for the following agents: Agent25(3->2)
 00:04:59 | WARNING! Aborting ECBS - could not obtain an initial solution for the following agents: Agent11(25->24)
 00:04:59 | WARNING! Aborting ECBS - could not obtain an initial solution for the following agents: Agent28(41->40)
 00:05:00 | 00:00:35 | 0.07:09:36 |  89.50%  |  9975   |  10037   | 60%  |  232733  |   0    | 223.66MB  
 00:05:00 | WARNING! Aborting ECBS - could not obtain an initial solution for the following agents: Agent14(9->2),Agent19(8->0)
 00:05:00 | WARNING! Aborting ECBS - could not obtain an initial solution for the following agents: Agent19(8->1)
 00:05:00 | WARNING! Aborting ECBS - could not obtain an initial solution for the following agents: Agent19(8->2)
 00:05:00 | WARNING! Aborting ECBS - could not obtain an initial solution for the following agents: Agent11(25->24)
 00:05:00 | WARNING! Aborting ECBS - could not obtain an initial solution for the following agents: Agent11(25->24)
 00:05:02 | WARNING! Aborting ECBS - could not obtain an initial solution for the following agents: Agent24(25->24)
 00:05:04 | WARNING! Aborting ECBS - could not obtain an initial solution for the following agents: Agent7(58->57)
 00:05:04 | WARNING! Aborting ECBS - could not obtain an initial solution for the following agents: Agent7(58->50)
 00:05:04 | WARNING! Aborting ECBS - could not obtain an initial solution for the following agents: Agent7(58->50)
 00:05:05 | 00:00:28 | 0.07:18:40 |  91.39%  |  10189  |  10249   | 60%  |  237372  |   0    | 223.73MB  
 00:05:06 | WARNING! Aborting ECBS - could not obtain an initial solution for the following agents: Agent29(56->55)
 00:05:06 | WARNING! Aborting ECBS - could not obtain an initial solution for the following agents: Agent29(56->55)
 00:05:06 | WARNING! Aborting ECBS - could not obtain an initial solution for the following agents: Agent29(56->55)
 00:05:08 | WARNING! Aborting ECBS - could not obtain an initial solution for the following agents: Agent10(41->40)
 00:05:10 | 00:00:22 | 0.07:26:59 |  93.12%  |  10381  |  10445   | 60%  |  242019  |   0    | 226.31MB  
 00:05:13 | WARNING! Aborting ECBS - could not obtain an initial solution for the following agents: Agent7(57->56)
 00:05:15 | 00:00:18 | 0.07:32:45 |  94.32%  |  10518  |  10580   | 60%  |  244886  |   0    | 223.88MB  
 00:05:16 | WARNING! Aborting ECBS - could not obtain an initial solution for the following agents: Agent7(58->57)
 00:05:16 | WARNING! Aborting ECBS - could not obtain an initial solution for the following agents: Agent7(58->57)
 00:05:16 | WARNING! Aborting ECBS - could not obtain an initial solution for the following agents: Agent7(58->57)
 00:05:16 | WARNING! Aborting ECBS - could not obtain an initial solution for the following agents: Agent9(57->56)
 00:05:16 | WARNING! Aborting ECBS - could not obtain an initial solution for the following agents: Agent21(41->40)
 00:05:16 | WARNING! Aborting ECBS - could not obtain an initial solution for the following agents: Agent21(41->40)
 00:05:17 | WARNING! Aborting ECBS - could not obtain an initial solution for the following agents: Agent11(25->24)
 00:05:17 | WARNING! Aborting ECBS - could not obtain an initial solution for the following agents: Agent5(57->56)
 00:05:18 | WARNING! Aborting ECBS - could not obtain an initial solution for the following agents: Agent30(35->34)
 00:05:18 | WARNING! Aborting ECBS - could not obtain an initial solution for the following agents: Agent30(35->34)
 00:05:18 | WARNING! Aborting ECBS - could not obtain an initial solution for the following agents: Agent30(35->34)
 00:05:20 | 00:00:14 | 0.07:38:58 |  95.62%  |  10660  |  10725   | 60%  |  248694  |   0    | 224.07MB  
 00:05:25 | 00:00:14 | 0.07:39:08 |  95.65%  |  10664  |  10729   | 60%  |  248793  |   0    | 229.12MB  
 00:05:26 | WARNING! Aborting ECBS - could not obtain an initial solution for the following agents: Agent2(26->25)
 00:05:26 | WARNING! Aborting ECBS - could not obtain an initial solution for the following agents: Agent8(40->33)
 00:05:27 | WARNING! Aborting ECBS - could not obtain an initial solution for the following agents: Agent14(9->8)
 00:05:28 | WARNING! Aborting ECBS - could not obtain an initial solution for the following agents: Agent26(25->24)
 00:05:28 | WARNING! Aborting ECBS - could not obtain an initial solution for the following agents: Agent26(25->24)
 00:05:30 | 00:00:10 | 0.07:45:47 |  97.04%  |  10820  |  10885   | 60%  |  252246  |   0    | 232.05MB  
 00:05:35 | 00:00:02 | 0.07:56:10 |  99.20%  |  11062  |  11129   | 60%  |  257927  |   0    | 231.45MB  
 00:05:35 | WARNING! Aborting ECBS - could not obtain an initial solution for the following agents: Agent26(25->24)
 00:05:36 | 00:00:00 | 0.08:00:00 | 100.00%  |  11152  |  11217   | 60%  |  259727  |   0    | 229.77MB  
 00:05:36 | >>> Simulation finished - writing results ...
 00:05:37 | >>> Results written
Simulation finished.
>>> Timings
StatTimingPathPlanningAverage: 0.017685969955703963
StatTimingPathPlanningOverall: 275.4943540000006
StatTimingPathPlanningCount: 15577
StatTimingTaskAllocationAverage: 0.0014339843132269712
StatTimingTaskAllocationOverall: 22.560875199999938
StatTimingTaskAllocationCount: 15733
StatTimingItemStorageAverage: 3.816087767611396E-06
StatTimingItemStorageOverall: 0.042957700000001486
StatTimingItemStorageCount: 11257
StatTimingPodStorageAverage: 0.0019415525495290681
StatTimingPodStorageOverall: 5.978040300000001
StatTimingPodStorageCount: 3079
StatTimingReplenishmentBatchingAverage: 8.525407331975452E-06
StatTimingReplenishmentBatchingOverall: 0.10046339999999872
StatTimingReplenishmentBatchingCount: 11784
StatTimingOrderBatchingAverage: 0.00011194360338020875
StatTimingOrderBatchingOverall: 3.430959500000018
StatTimingOrderBatchingCount: 30649
>>> Overall
StatOverallBundlesPlaced: 15180
StatOverallItemsOrdered: 11196
StatOverallOrdersPlaced: 11196
StatOverallBundlesRejected: 0
StatOverallOrdersRejected: 0
StatOverallBundlesHandled: 11217
StatOverallItemsHandled: 11156
StatOverallLinesHandled: 11156
StatOverallOrdersHandled: 11152
StatOverallCollisions: 0
StatOverallDistanceTraveled: 259726.75256321437
StatOverallDistanceEstimated: 239152
StatOverallAssignedTasks: 15733
StatMaxMemoryUsed: 233.328125
StatRealTimeUsed: 336.6319971
StatAverageTurnoverTime: 367.1323587485903
StatMedianTurnoverTime: 216.72575432948543
StatLowerQuartileTurnoverTime: 122.22859152190404
StatUpperQuartileTurnoverTime: 501.4858006816394
StatAverageThroughputTime: 114.18579023641529
StatMedianThroughputTime: 120.91723341331817
StatLowerQuartileThroughputTime: 80.98027659165746
StatUpperQuartileThroughputTime: 141.99500080343932
>>> Energy (Rizqi model)
StatEnergyTotalKJ: 19288.240884866012
StatEnergyE1AccelKJ: 5574.981580249976
StatEnergyE2DecelKJ: 0
StatEnergyE3CruiseKJ: 9582.972826000008
StatEnergyE4RotationKJ: 3300.9894030603964
StatEnergyE5LiftLowerKJ: 829.2970755555559
StatEnergyPerOrderKJ: 1.7295768368782292
StatEnergyPerMeterJoule: 74.23979402203923
StatDistanceTraveledRizqiM: 259810
>>> Motion Behavior
StatTurningCount: 32635
StatStopAndGoCount: 44792
StatLoadedDistanceM: 175989
StatLoadedTurningCount: 24135
StatWaitTimeSec: 373895.9063443583

Marked tag finished after 1 tries!
.Fin. - SUCCESS
