<<< Welcome to the RAWSimO CLI >>>
The time is: 04/14/2026 00:59:44
Starting RAWSimO wrapper with the following arguments:
Instance: Material/Instances/PP/1-4-4-32-550.xinst
Setting: Material/Instances/PP/PPMinimal.xsett
ControlConfig: Material/Instances/PP/aesop-ecbs.xconf
StatisticsDir: C:\Users\Aesop\Desktop\rawsim-o-rmfs-world-models\output_exp\ecbs\seed_25
Seed: 25
Adding handler for unhandled exceptions ...
Initializing ... 
Instance recognized!
Parsing setting config ...
Parsing control config ...
Parsing instance ...
StatisticsFolder: 1-4-4-32-550-PPMinimal-aesop-ecbs-25
Done!
Executing ... 
 00:59:46 | >>> Warming up ...
 00:00:00 | >>> Warmup finished - starting simulation ...
 Realtime |   ETA    |  Sim.Time  | Progress | #Orders | #Bundles | Inv. | Distance | #Coll. |   Memory    
 00:00:00 |   n/a    | 0.00:00:00 |  0.00%   |    0    |    0     | 60%  |    0     |   0    | 123.35MB  
 00:00:05 | 04:00:21 | 0.00:00:10 |  0.03%   |    0    |    0     | 60%  |   207    |   0    | 165.75MB  
 00:00:07 | WARNING! Aborting ECBS - could not obtain an initial solution for the following agents: Agent2(19->18)
 00:00:07 | WARNING! Aborting ECBS - could not obtain an initial solution for the following agents: Agent2(19->18)
 00:00:10 | 02:18:15 | 0.00:00:34 |  0.12%   |    0    |    0     | 60%  |   802    |   0    | 174.43MB  
 00:00:15 | 03:00:22 | 0.00:00:39 |  0.14%   |    0    |    0     | 60%  |   917    |   0    | 182.71MB  
 00:00:20 | 03:21:56 | 0.00:00:47 |  0.16%   |    2    |    0     | 60%  |   1066   |   0    | 185.57MB  
 00:00:24 | WARNING! Aborting ECBS - could not obtain an initial solution for the following agents: Agent8(41->40)
 00:00:24 | WARNING! Aborting ECBS - could not obtain an initial solution for the following agents: Agent8(41->40)
 00:00:25 | 02:57:36 | 0.00:01:07 |  0.23%   |    8    |    2     | 60%  |   1473   |   0    | 184.35MB  
 00:00:25 | WARNING! Aborting ECBS - could not obtain an initial solution for the following agents: Agent0(17->16)
 00:00:25 | WARNING! Aborting ECBS - could not obtain an initial solution for the following agents: Agent0(17->16)
 00:00:25 | WARNING! Aborting ECBS - could not obtain an initial solution for the following agents: Agent4(9->8)
 00:00:26 | WARNING! Aborting ECBS - could not obtain an initial solution for the following agents: Agent17(73->72)
 00:00:30 | 00:29:37 | 0.00:07:58 |  1.66%   |   170   |   158    | 60%  |   4253   |   0    | 184.52MB  
 00:00:35 | 00:16:33 | 0.00:16:20 |  3.41%   |   368   |   356    | 60%  |   8054   |   0    | 184.75MB  
 00:00:36 | WARNING! Aborting ECBS - could not obtain an initial solution for the following agents: Agent27(3->2)
 00:00:36 | WARNING! Aborting ECBS - could not obtain an initial solution for the following agents: Agent27(3->2)
 00:00:36 | WARNING! Aborting ECBS - could not obtain an initial solution for the following agents: Agent27(3->2)
 00:00:36 | WARNING! Aborting ECBS - could not obtain an initial solution for the following agents: Agent27(3->2)
 00:00:36 | WARNING! Aborting ECBS - could not obtain an initial solution for the following agents: Agent27(3->2)
 00:00:36 | WARNING! Aborting ECBS - could not obtain an initial solution for the following agents: Agent27(3->2)
 00:00:36 | WARNING! Aborting ECBS - could not obtain an initial solution for the following agents: Agent0(24->22)
 00:00:36 | WARNING! Aborting ECBS - could not obtain an initial solution for the following agents: Agent0(24->23)
 00:00:37 | WARNING! Aborting ECBS - could not obtain an initial solution for the following agents: Agent14(3->1)
 00:00:37 | WARNING! Aborting ECBS - could not obtain an initial solution for the following agents: Agent14(3->1)
 00:00:37 | WARNING! Aborting ECBS - could not obtain an initial solution for the following agents: Agent14(3->1)
 00:00:40 | 00:11:57 | 0.00:25:20 |  5.28%   |   580   |   566    | 60%  |  12455   |   0    | 186.11MB  
 00:00:40 | WARNING! Aborting ECBS - could not obtain an initial solution for the following agents: Agent5(57->56)
 00:00:40 | WARNING! Aborting ECBS - could not obtain an initial solution for the following agents: Agent5(57->56)
 00:00:42 | WARNING! Aborting ECBS - could not obtain an initial solution for the following agents: Agent28(41->40)
 00:00:42 | WARNING! Aborting ECBS - could not obtain an initial solution for the following agents: Agent28(41->40)
 00:00:45 | 00:09:49 | 0.00:34:01 |  7.09%   |   783   |   769    | 60%  |  16662   |   0    | 185.35MB  
 00:00:45 | WARNING! Aborting ECBS - could not obtain an initial solution for the following agents: Agent7(57->56)
 00:00:45 | WARNING! Aborting ECBS - could not obtain an initial solution for the following agents: Agent7(57->56)
 00:00:46 | WARNING! Aborting ECBS - could not obtain an initial solution for the following agents: Agent9(51->50)
 00:00:47 | WARNING! Aborting ECBS - could not obtain an initial solution for the following agents: Agent25(9->8)
 00:00:47 | WARNING! Aborting ECBS - could not obtain an initial solution for the following agents: Agent25(9->8)
 00:00:47 | WARNING! Aborting ECBS - could not obtain an initial solution for the following agents: Agent25(9->8)
 00:00:47 | WARNING! Aborting ECBS - could not obtain an initial solution for the following agents: Agent25(9->8)
 00:00:50 | 00:08:33 | 0.00:42:37 |  8.88%   |   985   |   971    | 60%  |  20861   |   0    | 184.95MB  
 00:00:50 | WARNING! Aborting ECBS - could not obtain an initial solution for the following agents: Agent29(57->56)
 00:00:50 | WARNING! Aborting ECBS - could not obtain an initial solution for the following agents: Agent29(57->56)
 00:00:51 | WARNING! Aborting ECBS - could not obtain an initial solution for the following agents: Agent7(51->49)
 00:00:53 | WARNING! Aborting ECBS - could not obtain an initial solution for the following agents: Agent1(9->8)
 00:00:53 | WARNING! Aborting ECBS - could not obtain an initial solution for the following agents: Agent1(9->8)
 00:00:53 | WARNING! Aborting ECBS - could not obtain an initial solution for the following agents: Agent1(9->8)
 00:00:54 | WARNING! Aborting ECBS - could not obtain an initial solution for the following agents: Agent24(24->17)
 00:00:54 | WARNING! Aborting ECBS - could not obtain an initial solution for the following agents: Agent24(24->17)
 00:00:54 | WARNING! Aborting ECBS - could not obtain an initial solution for the following agents: Agent24(24->18)
 00:00:54 | WARNING! Aborting ECBS - could not obtain an initial solution for the following agents: Agent24(24->18)
 00:00:55 | 00:07:27 | 0.00:52:33 |  10.95%  |  1219   |   1202   | 60%  |  25886   |   0    | 184.63MB  
 00:00:57 | WARNING! Aborting ECBS - could not obtain an initial solution for the following agents: Agent25(9->8)
 00:00:57 | WARNING! Aborting ECBS - could not obtain an initial solution for the following agents: Agent16(58->57)
 00:00:58 | WARNING! Aborting ECBS - could not obtain an initial solution for the following agents: Agent1(9->8)
 00:01:00 | 00:06:44 | 0.01:02:00 |  12.92%  |  1442   |   1425   | 60%  |  30777   |   0    | 184.48MB  
 00:01:00 | WARNING! Aborting ECBS - could not obtain an initial solution for the following agents: Agent25(9->8)
 00:01:00 | WARNING! Aborting ECBS - could not obtain an initial solution for the following agents: Agent25(9->8)
 00:01:03 | WARNING! Aborting ECBS - could not obtain an initial solution for the following agents: Agent16(57->56)
 00:01:04 | WARNING! Aborting ECBS - could not obtain an initial solution for the following agents: Agent8(40->33)
 00:01:04 | WARNING! Aborting ECBS - could not obtain an initial solution for the following agents: Agent8(40->34)
 00:01:04 | WARNING! Aborting ECBS - could not obtain an initial solution for the following agents: Agent8(40->38)
 00:01:05 | 00:06:25 | 0.01:09:20 |  14.44%  |  1612   |   1595   | 60%  |  34744   |   0    | 186.59MB  
 00:01:07 | WARNING! Aborting ECBS - could not obtain an initial solution for the following agents: Agent11(25->24)
 00:01:10 | 00:06:14 | 0.01:15:36 |  15.75%  |  1758   |   1742   | 60%  |  38043   |   0    | 185.33MB  
 00:01:10 | WARNING! Aborting ECBS - could not obtain an initial solution for the following agents: Agent29(57->55)
 00:01:10 | WARNING! Aborting ECBS - could not obtain an initial solution for the following agents: Agent29(57->56)
 00:01:12 | WARNING! Aborting ECBS - could not obtain an initial solution for the following agents: Agent0(25->24)
 00:01:12 | WARNING! Aborting ECBS - could not obtain an initial solution for the following agents: Agent0(25->24)
 00:01:15 | 00:05:54 | 0.01:23:48 |  17.46%  |  1953   |   1934   | 60%  |  42485   |   0    | 185.42MB  
 00:01:20 | 00:06:01 | 0.01:27:00 |  18.13%  |  2030   |   2010   | 60%  |  44073   |   0    | 185.80MB  
 00:01:20 | WARNING! Aborting ECBS - could not obtain an initial solution for the following agents: Agent10(41->40)
 00:01:20 | WARNING! Aborting ECBS - could not obtain an initial solution for the following agents: Agent10(41->40)
 00:01:22 | WARNING! Aborting ECBS - could not obtain an initial solution for the following agents: Agent29(57->56)
 00:01:25 | 00:05:39 | 0.01:36:06 |  20.02%  |  2240   |   2222   | 60%  |  48956   |   0    | 185.08MB  
 00:01:27 | WARNING! Aborting ECBS - could not obtain an initial solution for the following agents: Agent4(3->2)
 00:01:27 | WARNING! Aborting ECBS - could not obtain an initial solution for the following agents: Agent0(25->24)
 00:01:28 | WARNING! Aborting ECBS - could not obtain an initial solution for the following agents: Agent29(57->56)
 00:01:29 | WARNING! Aborting ECBS - could not obtain an initial solution for the following agents: Agent16(56->55)
 00:01:29 | WARNING! Aborting ECBS - could not obtain an initial solution for the following agents: Agent16(56->55)
 00:01:29 | WARNING! Aborting ECBS - could not obtain an initial solution for the following agents: Agent16(56->55)
 00:01:30 | 00:05:16 | 0.01:46:24 |  22.17%  |  2476   |   2464   | 60%  |  54591   |   0    | 185.44MB  
 00:01:30 | WARNING! Aborting ECBS - could not obtain an initial solution for the following agents: Agent7(56->55)
 00:01:30 | WARNING! Aborting ECBS - could not obtain an initial solution for the following agents: Agent7(56->55)
 00:01:32 | WARNING! Aborting ECBS - could not obtain an initial solution for the following agents: Agent11(25->24)
 00:01:32 | WARNING! Aborting ECBS - could not obtain an initial solution for the following agents: Agent11(25->24)
 00:01:32 | WARNING! Aborting ECBS - could not obtain an initial solution for the following agents: Agent11(25->24)
 00:01:32 | WARNING! Aborting ECBS - could not obtain an initial solution for the following agents: Agent5(58->57)
 00:01:32 | WARNING! Aborting ECBS - could not obtain an initial solution for the following agents: Agent5(58->57)
 00:01:35 | 00:05:01 | 0.01:54:53 |  23.94%  |  2674   |   2661   | 60%  |  59200   |   0    | 187.89MB  
 00:01:37 | WARNING! Aborting ECBS - could not obtain an initial solution for the following agents: Agent7(57->56)
 00:01:37 | WARNING! Aborting ECBS - could not obtain an initial solution for the following agents: Agent7(57->56)
 00:01:38 | WARNING! Aborting ECBS - could not obtain an initial solution for the following agents: Agent24(25->24)
 00:01:39 | WARNING! Aborting ECBS - could not obtain an initial solution for the following agents: Agent29(57->48)
 00:01:39 | WARNING! Aborting ECBS - could not obtain an initial solution for the following agents: Agent29(57->48)
 00:01:39 | WARNING! Aborting ECBS - could not obtain an initial solution for the following agents: Agent29(57->49)
 00:01:39 | WARNING! Aborting ECBS - could not obtain an initial solution for the following agents: Agent29(57->54)
 00:01:39 | WARNING! Aborting ECBS - could not obtain an initial solution for the following agents: Agent29(57->54)
 00:01:40 | 00:04:50 | 0.02:02:58 |  25.62%  |  2859   |   2852   | 60%  |  63731   |   0    | 188.81MB  
 00:01:45 | 00:04:37 | 0.02:11:36 |  27.42%  |  3061   |   3053   | 60%  |  68306   |   0    | 191.54MB  
 00:01:45 | WARNING! Aborting ECBS - could not obtain an initial solution for the following agents: Agent14(3->2)
 00:01:45 | WARNING! Aborting ECBS - could not obtain an initial solution for the following agents: Agent14(3->2)
 00:01:46 | WARNING! Aborting ECBS - could not obtain an initial solution for the following agents: Agent27(8->7)
 00:01:46 | WARNING! Aborting ECBS - could not obtain an initial solution for the following agents: Agent27(8->7)
 00:01:46 | WARNING! Aborting ECBS - could not obtain an initial solution for the following agents: Agent9(58->57)
 00:01:46 | WARNING! Aborting ECBS - could not obtain an initial solution for the following agents: Agent9(58->57)
 00:01:50 | 00:04:25 | 0.02:20:34 |  29.28%  |  3269   |   3263   | 60%  |  73277   |   0    | 192.05MB  
 00:01:50 | WARNING! Aborting ECBS - could not obtain an initial solution for the following agents: Agent0(25->24)
 00:01:50 | WARNING! Aborting ECBS - could not obtain an initial solution for the following agents: Agent0(25->24)
 00:01:50 | WARNING! Aborting ECBS - could not obtain an initial solution for the following agents: Agent9(56->55)
 00:01:54 | WARNING! Aborting ECBS - could not obtain an initial solution for the following agents: Agent16(57->56)
 00:01:55 | 00:04:11 | 0.02:30:29 |  31.35%  |  3500   |   3494   | 60%  |  78436   |   0    | 192.56MB  
 00:01:59 | WARNING! Aborting ECBS - could not obtain an initial solution for the following agents: Agent8(41->40)
 00:01:59 | WARNING! Aborting ECBS - could not obtain an initial solution for the following agents: Agent8(41->40)
 00:01:59 | WARNING! Aborting ECBS - could not obtain an initial solution for the following agents: Agent8(41->40)
 00:02:00 | 00:04:07 | 0.02:36:44 |  32.66%  |  3646   |   3640   | 60%  |  81637   |   0    | 194.85MB  
 00:02:00 | WARNING! Aborting ECBS - could not obtain an initial solution for the following agents: Agent21(40->39)
 00:02:01 | WARNING! Aborting ECBS - could not obtain an initial solution for the following agents: Agent14(3->1)
 00:02:01 | WARNING! Aborting ECBS - could not obtain an initial solution for the following agents: Agent14(3->2)
 00:02:05 | 00:03:57 | 0.02:45:31 |  34.49%  |  3851   |   3845   | 60%  |  86673   |   0    | 194.75MB  
 00:02:05 | WARNING! Aborting ECBS - could not obtain an initial solution for the following agents: Agent16(58->57)
 00:02:09 | WARNING! Aborting ECBS - could not obtain an initial solution for the following agents: Agent29(57->56)
 00:02:09 | WARNING! Aborting ECBS - could not obtain an initial solution for the following agents: Agent29(57->56)
 00:02:10 | 00:03:51 | 0.02:52:49 |  36.01%  |  4021   |   4017   | 60%  |  90542   |   0    | 196.64MB  
 00:02:10 | WARNING! Aborting ECBS - could not obtain an initial solution for the following agents: Agent14(3->1)
 00:02:13 | WARNING! Aborting ECBS - could not obtain an initial solution for the following agents: Agent7(57->55)
 00:02:13 | WARNING! Aborting ECBS - could not obtain an initial solution for the following agents: Agent7(57->56)
 00:02:13 | WARNING! Aborting ECBS - could not obtain an initial solution for the following agents: Agent7(57->56)
 00:02:13 | WARNING! Aborting ECBS - could not obtain an initial solution for the following agents: Agent7(57->56)
 00:02:13 | WARNING! Aborting ECBS - could not obtain an initial solution for the following agents: Agent14(9->8)
 00:02:13 | WARNING! Aborting ECBS - could not obtain an initial solution for the following agents: Agent14(9->8)
 00:02:14 | WARNING! Aborting ECBS - could not obtain an initial solution for the following agents: Agent1(9->8)
 00:02:14 | WARNING! Aborting ECBS - could not obtain an initial solution for the following agents: Agent1(9->8)
 00:02:14 | WARNING! Aborting ECBS - could not obtain an initial solution for the following agents: Agent19(9->8)
 00:02:14 | WARNING! Aborting ECBS - could not obtain an initial solution for the following agents: Agent19(9->8)
 00:02:14 | WARNING! Aborting ECBS - could not obtain an initial solution for the following agents: Agent0(24->23)
 00:02:14 | WARNING! Aborting ECBS - could not obtain an initial solution for the following agents: Agent30(41->40)
 00:02:15 | 00:03:36 | 0.03:04:07 |  38.36%  |  4288   |   4284   | 60%  |  96376   |   0    | 199.52MB  
 00:02:15 | WARNING! Aborting ECBS - could not obtain an initial solution for the following agents: Agent9(57->56)
 00:02:20 | 00:03:28 | 0.03:13:01 |  40.21%  |  4496   |   4490   | 60%  |  101410  |   0    | 201.38MB  
 00:02:21 | WARNING! Aborting ECBS - could not obtain an initial solution for the following agents: Agent28(43->34)
 00:02:21 | WARNING! Aborting ECBS - could not obtain an initial solution for the following agents: Agent28(43->34)
 00:02:21 | WARNING! Aborting ECBS - could not obtain an initial solution for the following agents: Agent28(43->34)
 00:02:25 | 00:03:29 | 0.03:16:25 |  40.92%  |  4572   |   4570   | 60%  |  103433  |   0    | 206.97MB  
 00:02:27 | WARNING! Aborting ECBS - could not obtain an initial solution for the following agents: Agent25(9->2)
 00:02:29 | WARNING! Aborting ECBS - could not obtain an initial solution for the following agents: Agent4(9->2)
 00:02:29 | WARNING! Aborting ECBS - could not obtain an initial solution for the following agents: Agent4(9->2)
 00:02:29 | WARNING! Aborting ECBS - could not obtain an initial solution for the following agents: Agent4(9->2)
 00:02:30 | 00:03:24 | 0.03:23:10 |  42.33%  |  4723   |   4729   | 60%  |  107430  |   0    | 206.33MB  
 00:02:31 | WARNING! Aborting ECBS - could not obtain an initial solution for the following agents: Agent29(57->55)
 00:02:31 | WARNING! Aborting ECBS - could not obtain an initial solution for the following agents: Agent29(57->56)
 00:02:31 | WARNING! Aborting ECBS - could not obtain an initial solution for the following agents: Agent29(57->56)
 00:02:32 | WARNING! Aborting ECBS - could not obtain an initial solution for the following agents: Agent2(25->24)
 00:02:33 | WARNING! Aborting ECBS - could not obtain an initial solution for the following agents: Agent5(57->56)
 00:02:33 | WARNING! Aborting ECBS - could not obtain an initial solution for the following agents: Agent5(57->56)
 00:02:35 | 00:03:14 | 0.03:33:03 |  44.39%  |  4954   |   4962   | 60%  |  112886  |   0    | 207.74MB  
 00:02:39 | WARNING! Aborting ECBS - could not obtain an initial solution for the following agents: Agent4(9->8)
 00:02:40 | 00:03:07 | 0.03:40:59 |  46.04%  |  5141   |   5149   | 60%  |  117015  |   0    | 207.49MB  
 00:02:44 | WARNING! Aborting ECBS - could not obtain an initial solution for the following agents: Agent1(3->1)
 00:02:45 | 00:03:00 | 0.03:49:25 |  47.80%  |  5338   |   5345   | 60%  |  121471  |   0    | 206.59MB  
 00:02:49 | WARNING! Aborting ECBS - could not obtain an initial solution for the following agents: Agent29(57->56)
 00:02:50 | 00:02:53 | 0.03:57:23 |  49.46%  |  5522   |   5532   | 60%  |  125450  |   0    | 210.37MB  
 00:02:50 | WARNING! Aborting ECBS - could not obtain an initial solution for the following agents: Agent24(25->24)
 00:02:50 | WARNING! Aborting ECBS - could not obtain an initial solution for the following agents: Agent24(25->24)
 00:02:53 | WARNING! Aborting ECBS - could not obtain an initial solution for the following agents: Agent2(25->24)
 00:02:53 | WARNING! Aborting ECBS - could not obtain an initial solution for the following agents: Agent2(25->24)
 00:02:54 | WARNING! Aborting ECBS - could not obtain an initial solution for the following agents: Agent10(40->39)
 00:02:54 | WARNING! Aborting ECBS - could not obtain an initial solution for the following agents: Agent10(40->39)
 00:02:54 | WARNING! Aborting ECBS - could not obtain an initial solution for the following agents: Agent10(40->39)
 00:02:55 | 00:02:45 | 0.04:06:44 |  51.40%  |  5739   |   5749   | 60%  |  130628  |   0    | 211.23MB  
 00:02:55 | WARNING! Aborting ECBS - could not obtain an initial solution for the following agents: Agent9(57->56)
 00:02:55 | WARNING! Aborting ECBS - could not obtain an initial solution for the following agents: Agent9(57->56)
 00:02:56 | WARNING! Aborting ECBS - could not obtain an initial solution for the following agents: Agent11(25->24)
 00:02:56 | WARNING! Aborting ECBS - could not obtain an initial solution for the following agents: Agent11(25->24)
 00:03:00 | 00:02:35 | 0.04:17:26 |  53.63%  |  5990   |   6001   | 60%  |  136383  |   0    | 214.29MB  
 00:03:02 | WARNING! Aborting ECBS - could not obtain an initial solution for the following agents: Agent29(57->56)
 00:03:03 | WARNING! Aborting ECBS - could not obtain an initial solution for the following agents: Agent16(57->56)
 00:03:03 | WARNING! Aborting ECBS - could not obtain an initial solution for the following agents: Agent19(2->1)
 00:03:05 | 00:02:26 | 0.04:28:01 |  55.84%  |  6236   |   6247   | 60%  |  142108  |   0    | 214.18MB  
 00:03:09 | WARNING! Aborting ECBS - could not obtain an initial solution for the following agents: Agent19(9->8)
 00:03:10 | 00:02:20 | 0.04:35:46 |  57.45%  |  6420   |   6429   | 60%  |  146260  |   0    | 213.89MB  
 00:03:14 | WARNING! Aborting ECBS - could not obtain an initial solution for the following agents: Agent0(25->24)
 00:03:14 | WARNING! Aborting ECBS - could not obtain an initial solution for the following agents: Agent0(25->24)
 00:03:14 | WARNING! Aborting ECBS - could not obtain an initial solution for the following agents: Agent0(25->24)
 00:03:14 | WARNING! Aborting ECBS - could not obtain an initial solution for the following agents: Agent27(9->8)
 00:03:15 | 00:02:16 | 0.04:41:59 |  58.75%  |  6564   |   6575   | 60%  |  150030  |   0    | 220.93MB  
 00:03:17 | WARNING! Aborting ECBS - could not obtain an initial solution for the following agents: Agent4(9->8)
 00:03:18 | WARNING! Aborting ECBS - could not obtain an initial solution for the following agents: Agent30(41->40)
 00:03:19 | WARNING! Aborting ECBS - could not obtain an initial solution for the following agents: Agent8(40->39)
 00:03:20 | 00:02:10 | 0.04:50:40 |  60.56%  |  6768   |   6779   | 60%  |  154435  |   0    | 228.46MB  
 00:03:20 | WARNING! Aborting ECBS - could not obtain an initial solution for the following agents: Agent14(9->8)
 00:03:21 | WARNING! Aborting ECBS - could not obtain an initial solution for the following agents: Agent30(41->40)
 00:03:21 | WARNING! Aborting ECBS - could not obtain an initial solution for the following agents: Agent30(41->40)
 00:03:21 | WARNING! Aborting ECBS - could not obtain an initial solution for the following agents: Agent30(41->40)
 00:03:24 | WARNING! Aborting ECBS - could not obtain an initial solution for the following agents: Agent2(25->24)
 00:03:25 | 00:02:07 | 0.04:55:40 |  61.60%  |  6884   |   6894   | 60%  |  157644  |   0    | 226.35MB  
 00:03:26 | WARNING! Aborting ECBS - could not obtain an initial solution for the following agents: Agent27(9->8)
 00:03:26 | WARNING! Aborting ECBS - could not obtain an initial solution for the following agents: Agent27(9->8)
 00:03:30 | 00:02:02 | 0.05:03:06 |  63.15%  |  7056   |   7068   | 60%  |  161696  |   0    | 226.04MB  
 00:03:35 | 00:01:54 | 0.05:12:53 |  65.19%  |  7288   |   7298   | 60%  |  167071  |   0    | 225.16MB  
 00:03:37 | WARNING! Aborting ECBS - could not obtain an initial solution for the following agents: Agent2(25->24)
 00:03:37 | WARNING! Aborting ECBS - could not obtain an initial solution for the following agents: Agent2(25->24)
 00:03:37 | WARNING! Aborting ECBS - could not obtain an initial solution for the following agents: Agent2(25->24)
 00:03:38 | WARNING! Aborting ECBS - could not obtain an initial solution for the following agents: Agent25(9->2)
 00:03:39 | WARNING! Aborting ECBS - could not obtain an initial solution for the following agents: Agent19(8->1)
 00:03:39 | WARNING! Aborting ECBS - could not obtain an initial solution for the following agents: Agent19(8->1)
 00:03:39 | WARNING! Aborting ECBS - could not obtain an initial solution for the following agents: Agent19(8->3)
 00:03:39 | WARNING! Aborting ECBS - could not obtain an initial solution for the following agents: Agent7(56->55)
 00:03:39 | WARNING! Aborting ECBS - could not obtain an initial solution for the following agents: Agent7(56->55)
 00:03:40 | 00:01:48 | 0.05:21:04 |  66.89%  |  7483   |   7490   | 60%  |  171583  |   0    | 224.75MB  
 00:03:41 | WARNING! Aborting ECBS - could not obtain an initial solution for the following agents: Agent25(8->2)
 00:03:41 | WARNING! Aborting ECBS - could not obtain an initial solution for the following agents: Agent24(25->24),Agent28(42->41)
 00:03:41 | WARNING! Aborting ECBS - could not obtain an initial solution for the following agents: Agent28(42->41)
 00:03:41 | WARNING! Aborting ECBS - could not obtain an initial solution for the following agents: Agent28(42->41)
 00:03:42 | WARNING! Aborting ECBS - could not obtain an initial solution for the following agents: Agent14(3->1),Agent21(41->34)
 00:03:42 | WARNING! Aborting ECBS - could not obtain an initial solution for the following agents: Agent14(3->1),Agent21(41->34)
 00:03:42 | WARNING! Aborting ECBS - could not obtain an initial solution for the following agents: Agent14(3->2)
 00:03:43 | WARNING! Aborting ECBS - could not obtain an initial solution for the following agents: Agent7(57->56)
 00:03:43 | WARNING! Aborting ECBS - could not obtain an initial solution for the following agents: Agent7(57->56)
 00:03:43 | WARNING! Aborting ECBS - could not obtain an initial solution for the following agents: Agent7(57->56)
 00:03:43 | WARNING! Aborting ECBS - could not obtain an initial solution for the following agents: Agent16(57->56)
 00:03:44 | WARNING! Aborting ECBS - could not obtain an initial solution for the following agents: Agent7(57->56)
 00:03:45 | 00:01:41 | 0.05:31:02 |  68.97%  |  7716   |   7723   | 60%  |  177111  |   0    | 225.93MB  
 00:03:50 | 00:01:36 | 0.05:38:00 |  70.42%  |  7877   |   7886   | 60%  |  180930  |   0    | 227.37MB  
 00:03:50 | WARNING! Aborting ECBS - could not obtain an initial solution for the following agents: Agent5(51->50)
 00:03:52 | WARNING! Aborting ECBS - could not obtain an initial solution for the following agents: Agent16(57->56)
 00:03:52 | WARNING! Aborting ECBS - could not obtain an initial solution for the following agents: Agent8(41->40)
 00:03:54 | WARNING! Aborting ECBS - could not obtain an initial solution for the following agents: Agent19(8->1)
 00:03:54 | WARNING! Aborting ECBS - could not obtain an initial solution for the following agents: Agent19(8->2)
 00:03:54 | WARNING! Aborting ECBS - could not obtain an initial solution for the following agents: Agent19(8->6)
 00:03:55 | 00:01:30 | 0.05:46:26 |  72.18%  |  8073   |   8084   | 60%  |  185711  |   0    | 226.07MB  
 00:03:57 | WARNING! Aborting ECBS - could not obtain an initial solution for the following agents: Agent27(8->7)
 00:03:57 | WARNING! Aborting ECBS - could not obtain an initial solution for the following agents: Agent30(43->41)
 00:03:57 | WARNING! Aborting ECBS - could not obtain an initial solution for the following agents: Agent30(43->42)
 00:03:58 | WARNING! Aborting ECBS - could not obtain an initial solution for the following agents: Agent7(57->56)
 00:03:59 | WARNING! Aborting ECBS - could not obtain an initial solution for the following agents: Agent7(57->56)
 00:03:59 | WARNING! Aborting ECBS - could not obtain an initial solution for the following agents: Agent7(57->56)
 00:03:59 | WARNING! Aborting ECBS - could not obtain an initial solution for the following agents: Agent4(2->1)
 00:04:00 | 00:01:24 | 0.05:55:17 |  74.02%  |  8281   |   8293   | 60%  |  190660  |   0    | 224.68MB  
 00:04:05 | WARNING! Aborting ECBS - could not obtain an initial solution for the following agents: Agent19(9->8)
 00:04:05 | 00:01:19 | 0.06:02:54 |  75.60%  |  8455   |   8470   | 60%  |  194891  |   0    | 225.00MB  
 00:04:05 | WARNING! Aborting ECBS - could not obtain an initial solution for the following agents: Agent2(26->25)
 00:04:05 | WARNING! Aborting ECBS - could not obtain an initial solution for the following agents: Agent2(26->25)
 00:04:05 | WARNING! Aborting ECBS - could not obtain an initial solution for the following agents: Agent2(26->25)
 00:04:05 | WARNING! Aborting ECBS - could not obtain an initial solution for the following agents: Agent2(26->25)
 00:04:05 | WARNING! Aborting ECBS - could not obtain an initial solution for the following agents: Agent0(25->24)
 00:04:05 | WARNING! Aborting ECBS - could not obtain an initial solution for the following agents: Agent0(25->24)
 00:04:09 | WARNING! Aborting ECBS - could not obtain an initial solution for the following agents: Agent9(57->56)
 00:04:09 | WARNING! Aborting ECBS - could not obtain an initial solution for the following agents: Agent9(57->56)
 00:04:09 | WARNING! Aborting ECBS - could not obtain an initial solution for the following agents: Agent9(57->56)
 00:04:10 | 00:01:11 | 0.06:13:26 |  77.80%  |  8702   |   8718   | 60%  |  200610  |   0    | 224.91MB  
 00:04:10 | WARNING! Aborting ECBS - could not obtain an initial solution for the following agents: Agent14(9->8)
 00:04:10 | WARNING! Aborting ECBS - could not obtain an initial solution for the following agents: Agent14(9->8)
 00:04:10 | WARNING! Aborting ECBS - could not obtain an initial solution for the following agents: Agent14(9->8)
 00:04:12 | WARNING! Aborting ECBS - could not obtain an initial solution for the following agents: Agent14(8->7)
 00:04:12 | WARNING! Aborting ECBS - could not obtain an initial solution for the following agents: Agent14(8->7)
 00:04:12 | WARNING! Aborting ECBS - could not obtain an initial solution for the following agents: Agent14(8->7)
 00:04:14 | WARNING! Aborting ECBS - could not obtain an initial solution for the following agents: Agent4(9->8)
 00:04:15 | 00:01:05 | 0.06:21:48 |  79.54%  |  8895   |   8914   | 60%  |  205231  |   0    | 224.70MB  
 00:04:16 | WARNING! Aborting ECBS - could not obtain an initial solution for the following agents: Agent4(9->8)
 00:04:16 | WARNING! Aborting ECBS - could not obtain an initial solution for the following agents: Agent4(9->8)
 00:04:16 | WARNING! Aborting ECBS - could not obtain an initial solution for the following agents: Agent4(9->8)
 00:04:16 | WARNING! Aborting ECBS - could not obtain an initial solution for the following agents: Agent2(26->25)
 00:04:18 | WARNING! Aborting ECBS - could not obtain an initial solution for the following agents: Agent7(57->56)
 00:04:18 | WARNING! Aborting ECBS - could not obtain an initial solution for the following agents: Agent7(57->56)
 00:04:18 | WARNING! Aborting ECBS - could not obtain an initial solution for the following agents: Agent7(57->56)
 00:04:19 | WARNING! Aborting ECBS - could not obtain an initial solution for the following agents: Agent27(9->8)
 00:04:20 | 00:00:57 | 0.06:32:48 |  81.84%  |  9153   |   9171   | 60%  |  211222  |   0    | 224.95MB  
 00:04:25 | 00:00:53 | 0.06:39:19 |  83.19%  |  9306   |   9324   | 60%  |  214783  |   0    | 232.55MB  
 00:04:27 | WARNING! Aborting ECBS - could not obtain an initial solution for the following agents: Agent28(41->40)
 00:04:28 | WARNING! Aborting ECBS - could not obtain an initial solution for the following agents: Agent1(3->1)
 00:04:28 | WARNING! Aborting ECBS - could not obtain an initial solution for the following agents: Agent1(3->1)
 00:04:28 | WARNING! Aborting ECBS - could not obtain an initial solution for the following agents: Agent1(3->2)
 00:04:28 | WARNING! Aborting ECBS - could not obtain an initial solution for the following agents: Agent1(3->2)
 00:04:29 | WARNING! Aborting ECBS - could not obtain an initial solution for the following agents: Agent5(58->57)
 00:04:29 | WARNING! Aborting ECBS - could not obtain an initial solution for the following agents: Agent10(42->41)
 00:04:30 | 00:00:47 | 0.06:47:55 |  84.99%  |  9504   |   9526   | 60%  |  219610  |   0    | 231.56MB  
 00:04:34 | WARNING! Aborting ECBS - could not obtain an initial solution for the following agents: Agent27(8->7)
 00:04:35 | 00:00:42 | 0.06:55:39 |  86.59%  |  9682   |   9706   | 60%  |  223810  |   0    | 229.60MB  
 00:04:36 | WARNING! Aborting ECBS - could not obtain an initial solution for the following agents: Agent27(3->1)
 00:04:36 | WARNING! Aborting ECBS - could not obtain an initial solution for the following agents: Agent27(3->2)
 00:04:37 | WARNING! Aborting ECBS - could not obtain an initial solution for the following agents: Agent5(58->57)
 00:04:37 | WARNING! Aborting ECBS - could not obtain an initial solution for the following agents: Agent5(58->57)
 00:04:37 | WARNING! Aborting ECBS - could not obtain an initial solution for the following agents: Agent5(58->57)
 00:04:37 | WARNING! Aborting ECBS - could not obtain an initial solution for the following agents: Agent5(58->57)
 00:04:38 | WARNING! Aborting ECBS - could not obtain an initial solution for the following agents: Agent21(41->40)
 00:04:39 | WARNING! Aborting ECBS - could not obtain an initial solution for the following agents: Agent24(24->23)
 00:04:40 | 00:00:37 | 0.07:03:33 |  88.24%  |  9866   |   9892   | 60%  |  228038  |   0    | 228.68MB  
 00:04:40 | WARNING! Aborting ECBS - could not obtain an initial solution for the following agents: Agent1(9->8)
 00:04:42 | WARNING! Aborting ECBS - could not obtain an initial solution for the following agents: Agent19(9->8)
 00:04:42 | WARNING! Aborting ECBS - could not obtain an initial solution for the following agents: Agent19(9->8)
 00:04:44 | WARNING! Aborting ECBS - could not obtain an initial solution for the following agents: Agent24(24->23)
 00:04:44 | WARNING! Aborting ECBS - could not obtain an initial solution for the following agents: Agent24(24->23)
 00:04:45 | 00:00:32 | 0.07:11:32 |  89.90%  |  10050  |  10078   | 60%  |  232297  |   0    | 231.82MB  
 00:04:45 | WARNING! Aborting ECBS - could not obtain an initial solution for the following agents: Agent16(57->56)
 00:04:45 | WARNING! Aborting ECBS - could not obtain an initial solution for the following agents: Agent16(57->56)
 00:04:49 | WARNING! Aborting ECBS - could not obtain an initial solution for the following agents: Agent1(9->8)
 00:04:50 | 00:00:29 | 0.07:15:40 |  90.77%  |  10147  |  10177   | 60%  |  234888  |   0    | 231.73MB  
 00:04:55 | 00:00:29 | 0.07:15:48 |  90.79%  |  10149  |  10180   | 60%  |  234967  |   0    | 229.55MB  
 00:05:00 | 00:00:30 | 0.07:15:54 |  90.81%  |  10151  |  10181   | 60%  |  235019  |   0    | 231.61MB  
 00:05:05 | 00:00:30 | 0.07:16:01 |  90.84%  |  10155  |  10184   | 60%  |  235067  |   0    | 231.39MB  
 00:05:08 | WARNING! Aborting ECBS - could not obtain an initial solution for the following agents: Agent9(56->55)
 00:05:08 | WARNING! Aborting ECBS - could not obtain an initial solution for the following agents: Agent9(56->55)
 00:05:10 | 00:00:28 | 0.07:19:09 |  91.49%  |  10228  |  10258   | 60%  |  236937  |   0    | 233.87MB  
 00:05:10 | WARNING! Aborting ECBS - could not obtain an initial solution for the following agents: Agent0(25->24)
 00:05:11 | WARNING! Aborting ECBS - could not obtain an initial solution for the following agents: Agent19(9->8)
 00:05:11 | WARNING! Aborting ECBS - could not obtain an initial solution for the following agents: Agent19(9->8)
 00:05:11 | WARNING! Aborting ECBS - could not obtain an initial solution for the following agents: Agent19(9->8)
 00:05:11 | WARNING! Aborting ECBS - could not obtain an initial solution for the following agents: Agent5(57->56)
 00:05:11 | WARNING! Aborting ECBS - could not obtain an initial solution for the following agents: Agent9(57->56)
 00:05:11 | WARNING! Aborting ECBS - could not obtain an initial solution for the following agents: Agent9(57->56)
 00:05:11 | WARNING! Aborting ECBS - could not obtain an initial solution for the following agents: Agent9(57->56)
 00:05:14 | WARNING! Aborting ECBS - could not obtain an initial solution for the following agents: Agent10(41->40)
 00:05:14 | WARNING! Aborting ECBS - could not obtain an initial solution for the following agents: Agent10(41->40)
 00:05:14 | WARNING! Aborting ECBS - could not obtain an initial solution for the following agents: Agent10(41->40)
 00:05:15 | 00:00:22 | 0.07:27:54 |  93.31%  |  10429  |  10462   | 60%  |  241664  |   0    | 237.55MB  
 00:05:18 | WARNING! Aborting ECBS - could not obtain an initial solution for the following agents: Agent24(24->23)
 00:05:20 | 00:00:15 | 0.07:38:09 |  95.45%  |  10667  |  10703   | 60%  |  246819  |   0    | 236.09MB  
 00:05:21 | WARNING! Aborting ECBS - could not obtain an initial solution for the following agents: Agent29(57->56)
 00:05:24 | WARNING! Aborting ECBS - could not obtain an initial solution for the following agents: Agent14(2->1)
 00:05:25 | 00:00:07 | 0.07:48:49 |  97.67%  |  10918  |  10953   | 60%  |  252876  |   0    | 235.94MB  
 00:05:30 | 00:00:03 | 0.07:55:19 |  99.03%  |  11068  |  11105   | 60%  |  256427  |   0    | 235.98MB  
 00:05:30 | WARNING! Aborting ECBS - could not obtain an initial solution for the following agents: Agent9(57->56)
 00:05:30 | WARNING! Aborting ECBS - could not obtain an initial solution for the following agents: Agent9(57->56)
 00:05:30 | WARNING! Aborting ECBS - could not obtain an initial solution for the following agents: Agent5(57->55)
 00:05:30 | WARNING! Aborting ECBS - could not obtain an initial solution for the following agents: Agent5(57->55)
 00:05:30 | WARNING! Aborting ECBS - could not obtain an initial solution for the following agents: Agent5(57->56)
 00:05:31 | 00:00:00 | 0.08:00:00 | 100.00%  |  11178  |  11215   | 60%  |  258866  |   0    | 236.82MB  
 00:05:31 | >>> Simulation finished - writing results ...
 00:05:32 | >>> Results written
Simulation finished.
>>> Timings
StatTimingPathPlanningAverage: 0.017295518997125604
StatTimingPathPlanningOverall: 270.76134990000133
StatTimingPathPlanningCount: 15655
StatTimingTaskAllocationAverage: 0.0014327834835801453
StatTimingTaskAllocationOverall: 22.251127499999658
StatTimingTaskAllocationCount: 15530
StatTimingItemStorageAverage: 3.3435130095018945E-06
StatTimingItemStorageOverall: 0.03765130000000083
StatTimingItemStorageCount: 11261
StatTimingPodStorageAverage: 0.0018751857607282217
StatTimingPodStorageOverall: 5.76807140000001
StatTimingPodStorageCount: 3076
StatTimingReplenishmentBatchingAverage: 8.092674558243198E-06
StatTimingReplenishmentBatchingOverall: 0.0943443999999992
StatTimingReplenishmentBatchingCount: 11658
StatTimingOrderBatchingAverage: 0.00011217159220331329
StatTimingOrderBatchingOverall: 3.447145200000021
StatTimingOrderBatchingCount: 30731
>>> Overall
StatOverallBundlesPlaced: 15166
StatOverallItemsOrdered: 11224
StatOverallOrdersPlaced: 11224
StatOverallBundlesRejected: 0
StatOverallOrdersRejected: 0
StatOverallBundlesHandled: 11215
StatOverallItemsHandled: 11182
StatOverallLinesHandled: 11182
StatOverallOrdersHandled: 11178
StatOverallCollisions: 0
StatOverallDistanceTraveled: 258865.55624669453
StatOverallDistanceEstimated: 238760
StatOverallAssignedTasks: 15530
StatMaxMemoryUsed: 239.203125
StatRealTimeUsed: 331.6827595
StatAverageTurnoverTime: 366.159065880748
StatMedianTurnoverTime: 213.09288995321413
StatLowerQuartileTurnoverTime: 121.78778497070289
StatUpperQuartileTurnoverTime: 502.2808657014284
StatAverageThroughputTime: 113.89353472932515
StatMedianThroughputTime: 120.74778977233746
StatLowerQuartileThroughputTime: 81.02370849896397
StatUpperQuartileThroughputTime: 141.81186544060165
>>> Energy (Rizqi model)
StatEnergyTotalKJ: 19216.87807009581
StatEnergyE1AccelKJ: 5561.389033249976
StatEnergyE2DecelKJ: 0
StatEnergyE3CruiseKJ: 9541.423766000005
StatEnergyE4RotationKJ: 3286.895501956862
StatEnergyE5LiftLowerKJ: 827.1697688888894
StatEnergyPerOrderKJ: 1.7191696251651287
StatEnergyPerMeterJoule: 74.21076682794288
StatDistanceTraveledRizqiM: 258950
>>> Motion Behavior
StatTurningCount: 32478
StatStopAndGoCount: 44579
StatLoadedDistanceM: 175885
StatLoadedTurningCount: 24010
StatWaitTimeSec: 376366.24494757794

Marked tag finished after 1 tries!
.Fin. - SUCCESS
