<<< Welcome to the RAWSimO CLI >>>
The time is: 04/17/2026 03:45:27
Starting RAWSimO wrapper with the following arguments:
Instance: Material/Instances/CoreBenchmark/aesop.xlayo
Setting: Material/Instances/CoreBenchmark/test-short.xsett
ControlConfig: Material/Instances/CoreBenchmark/aesop-ecbs.xconf
StatisticsDir: output_compare/stat10/
Seed: 1
Adding handler for unhandled exceptions ...
Initializing ... 
LayoutConfiguration recognized!
Parsing setting config ...
Parsing control config ...
Parsing layout config ...
Generating instance...
Info about all directions within the generated instance:
# # # # # e p e p p p p p p p p p p p p p p p p p e p p p p p p p p p p p p p p p p p e p p p p p p p p p e s # # # # # 
# # # # # n q ^ + + + + + + + + v + + + + + + + + ^ + + + + + + + + v + + + + + + + + ^ + + + + + + + + q d q # # # # # 
# # # # # b p b + + + + + + + + v + + + + + + + + ^ + + + + + + + + v + + + + + + + + ^ + + + + + + + + v b s # # # # # 
s w w w w d q d < < < < < < < < q < < < < < < < < d < < < < < < < < q < < < < < < < < d < < < < < < < < q d q w w w w w 
p e e e s b p b + + + + + + + + v + + + + + + + + ^ + + + + + + + + v + + + + + + + + ^ + + + + + + + + v b p e e e e n 
s w w w w d q ^ + + + + + + + + v + + + + + + + + ^ + + + + + + + + v + + + + + + + + ^ + + + + + + + + q d q n w w w d 
e e e e e b p b > > > > > > > > p > > > > > > > > b > > > > > > > > p > > > > > > > > b > > > > > > > > p b p e e e e n 
# # # # # n q ^ + + + + + + + + v + + + + + + + + ^ + + + + + + + + v + + + + + + + + ^ + + + + + + + + q d q # # # # # 
# # # # # b p b + + + + + + + + v + + + + + + + + ^ + + + + + + + + v + + + + + + + + ^ + + + + + + + + v b s # # # # # 
s w w w w d q d < < < < < < < < q < < < < < < < < d < < < < < < < < q < < < < < < < < d < < < < < < < < q d q w w w w w 
p e e e s b p b + + + + + + + + v + + + + + + + + ^ + + + + + + + + v + + + + + + + + ^ + + + + + + + + v b p e e e e n 
s w w w w d q ^ + + + + + + + + v + + + + + + + + ^ + + + + + + + + v + + + + + + + + ^ + + + + + + + + q d q n w w w d 
e e e e e b p b > > > > > > > > p > > > > > > > > b > > > > > > > > p > > > > > > > > b > > > > > > > > p b p e e e e n 
# # # # # n q ^ + + + + + + + + v + + + + + + + + ^ + + + + + + + + v + + + + + + + + ^ + + + + + + + + q d q # # # # # 
# # # # # b p b + + + + + + + + v + + + + + + + + ^ + + + + + + + + v + + + + + + + + ^ + + + + + + + + v b s # # # # # 
s w w w w d q d < < < < < < < < q < < < < < < < < d < < < < < < < < q < < < < < < < < d < < < < < < < < q d q w w w w w 
p e e e s b p b + + + + + + + + v + + + + + + + + ^ + + + + + + + + v + + + + + + + + ^ + + + + + + + + v b p e e e e n 
s w w w w d q ^ + + + + + + + + v + + + + + + + + ^ + + + + + + + + v + + + + + + + + ^ + + + + + + + + q d q n w w w d 
e e e e e b p b > > > > > > > > p > > > > > > > > b > > > > > > > > p > > > > > > > > b > > > > > > > > p b p e e e e n 
# # # # # n q ^ + + + + + + + + v + + + + + + + + ^ + + + + + + + + v + + + + + + + + ^ + + + + + + + + q d q # # # # # 
# # # # # b p b + + + + + + + + v + + + + + + + + ^ + + + + + + + + v + + + + + + + + ^ + + + + + + + + v b s # # # # # 
s w w w w d q d < < < < < < < < q < < < < < < < < d < < < < < < < < q < < < < < < < < d < < < < < < < < q d q w w w w w 
p e e e s b p b + + + + + + + + v + + + + + + + + ^ + + + + + + + + v + + + + + + + + ^ + + + + + + + + v b p e e e e n 
s w w w w d q ^ + + + + + + + + v + + + + + + + + ^ + + + + + + + + v + + + + + + + + ^ + + + + + + + + q d q n w w w d 
e e e e e b p b > > > > > > > > p > > > > > > > > b > > > > > > > > p > > > > > > > > b > > > > > > > > p b p e e e e n 
# # # # # n q ^ + + + + + + + + v + + + + + + + + ^ + + + + + + + + v + + + + + + + + ^ + + + + + + + + q d q # # # # # 
# # # # # b p b + + + + + + + + v + + + + + + + + ^ + + + + + + + + v + + + + + + + + ^ + + + + + + + + v b s # # # # # 
# # # # # n q d < < < < < < < < q < < < < < < < < d < < < < < < < < q < < < < < < < < d < < < < < < < < q d q # # # # # 
# # # # # b p b + + + + + + + + v + + + + + + + + ^ + + + + + + + + v + + + + + + + + ^ + + + + + + + + v b s # # # # # 
# # # # # n q ^ + + + + + + + + v + + + + + + + + ^ + + + + + + + + v + + + + + + + + ^ + + + + + + + + q d q # # # # # 
# # # # # b p b > > > > > > > > p > > > > > > > > b > > > > > > > > p > > > > > > > > b > > > > > > > > p b s # # # # # 
# # # # # n q ^ + + + + + + + + v + + + + + + + + ^ + + + + + + + + v + + + + + + + + ^ + + + + + + + + q d q # # # # # 
# # # # # b p b + + + + + + + + v + + + + + + + + ^ + + + + + + + + v + + + + + + + + ^ + + + + + + + + v b s # # # # # 
# # # # # n w d d d d d d d d d w d d d d d d d d d d d d d d d d d w d d d d d d d d d d d d d d d d d w d w # # # # # 


Info about all types within the generated instance:
# # # # # r r r r r r r r r r r r r r r r r r r r r r r r r r r r r r r r r r r r r r r r r r r r r r r r r r # # # # # 
# # # # # r r r s s s s s s s s r s s s s s s s s r s s s s s s s s r s s s s s s s s r s s s s s s s s r r r # # # # # 
# # # # # r r r s s s s s s s s r s s s s s s s s r s s s s s s s s r s s s s s s s s r s s s s s s s s r r r # # # # # 
b b b b b r r r r r r r r r r r r r r r r r r r r r r r r r r r r r r r r r r r r r r r r r r r r r r r r r r b b b b o 
b b b b b r r r s s s s s s s s r s s s s s s s s r s s s s s s s s r s s s s s s s s r s s s s s s s s r r r b b b b b 
b b b b b r r r s s s s s s s s r s s s s s s s s r s s s s s s s s r s s s s s s s s r s s s s s s s s r r r b b b b b 
i b b b b r r r r r r r r r r r r r r r r r r r r r r r r r r r r r r r r r r r r r r r r r r r r r r r r r r b b b b b 
# # # # # r r r s s s s s s s s r s s s s s s s s r s s s s s s s s r s s s s s s s s r s s s s s s s s r r r # # # # # 
# # # # # r r r s s s s s s s s r s s s s s s s s r s s s s s s s s r s s s s s s s s r s s s s s s s s r r r # # # # # 
b b b b b r r r r r r r r r r r r r r r r r r r r r r r r r r r r r r r r r r r r r r r r r r r r r r r r r r b b b b o 
b b b b b r r r s s s s s s s s r s s s s s s s s r s s s s s s s s r s s s s s s s s r s s s s s s s s r r r b b b b b 
b b b b b r r r s s s s s s s s r s s s s s s s s r s s s s s s s s r s s s s s s s s r s s s s s s s s r r r b b b b b 
i b b b b r r r r r r r r r r r r r r r r r r r r r r r r r r r r r r r r r r r r r r r r r r r r r r r r r r b b b b b 
# # # # # r r r s s s s s s s s r s s s s s s s s r s s s s s s s s r s s s s s s s s r s s s s s s s s r r r # # # # # 
# # # # # r r r s s s s s s s s r s s s s s s s s r s s s s s s s s r s s s s s s s s r s s s s s s s s r r r # # # # # 
b b b b b r r r r r r r r r r r r r r r r r r r r r r r r r r r r r r r r r r r r r r r r r r r r r r r r r r b b b b o 
b b b b b r r r s s s s s s s s r s s s s s s s s r s s s s s s s s r s s s s s s s s r s s s s s s s s r r r b b b b b 
b b b b b r r r s s s s s s s s r s s s s s s s s r s s s s s s s s r s s s s s s s s r s s s s s s s s r r r b b b b b 
i b b b b r r r r r r r r r r r r r r r r r r r r r r r r r r r r r r r r r r r r r r r r r r r r r r r r r r b b b b b 
# # # # # r r r s s s s s s s s r s s s s s s s s r s s s s s s s s r s s s s s s s s r s s s s s s s s r r r # # # # # 
# # # # # r r r s s s s s s s s r s s s s s s s s r s s s s s s s s r s s s s s s s s r s s s s s s s s r r r # # # # # 
b b b b b r r r r r r r r r r r r r r r r r r r r r r r r r r r r r r r r r r r r r r r r r r r r r r r r r r b b b b o 
b b b b b r r r s s s s s s s s r s s s s s s s s r s s s s s s s s r s s s s s s s s r s s s s s s s s r r r b b b b b 
b b b b b r r r s s s s s s s s r s s s s s s s s r s s s s s s s s r s s s s s s s s r s s s s s s s s r r r b b b b b 
i b b b b r r r r r r r r r r r r r r r r r r r r r r r r r r r r r r r r r r r r r r r r r r r r r r r r r r b b b b b 
# # # # # r r r s s s s s s s s r s s s s s s s s r s s s s s s s s r s s s s s s s s r s s s s s s s s r r r # # # # # 
# # # # # r r r s s s s s s s s r s s s s s s s s r s s s s s s s s r s s s s s s s s r s s s s s s s s r r r # # # # # 
# # # # # r r r r r r r r r r r r r r r r r r r r r r r r r r r r r r r r r r r r r r r r r r r r r r r r r r # # # # # 
# # # # # r r r s s s s s s s s r s s s s s s s s r s s s s s s s s r s s s s s s s s r s s s s s s s s r r r # # # # # 
# # # # # r r r s s s s s s s s r s s s s s s s s r s s s s s s s s r s s s s s s s s r s s s s s s s s r r r # # # # # 
# # # # # r r r r r r r r r r r r r r r r r r r r r r r r r r r r r r r r r r r r r r r r r r r r r r r r r r # # # # # 
# # # # # r r r s s s s s s s s r s s s s s s s s r s s s s s s s s r s s s s s s s s r s s s s s s s s r r r # # # # # 
# # # # # r r r s s s s s s s s r s s s s s s s s r s s s s s s s s r s s s s s s s s r s s s s s s s s r r r # # # # # 
# # # # # r r r r r r r r r r r r r r r r r r r r r r r r r r r r r r r r r r r r r r r r r r r r r r r r r r # # # # # 


[EnergyConsumption] Configured from LayoutConfiguration: RobotMass=100 kg, PodFrameMass=300 kg
StatisticsFolder: aesop-aesop-aesop-ecbs-1
Done!
Executing ... 
 03:45:29 | >>> Warming up ...
 00:00:00 | >>> Warmup finished - starting simulation ...
 Realtime |   ETA    |  Sim.Time  | Progress | #Orders | #Bundles | Inv. | Distance | #Coll. |   Memory    
 00:00:00 |   n/a    | 0.00:00:00 |  0.00%   |    0    |    0     | 70%  |    0     |   0    | 152.07MB  
 00:00:04 | WARNING! Aborting ECBS - could not obtain an initial solution for the following agents: Agent10(13->2)
 00:00:04 | WARNING! Aborting ECBS - could not obtain an initial solution for the following agents: Agent10(13->2)
 00:00:04 | WARNING! Aborting ECBS - could not obtain an initial solution for the following agents: Agent10(13->2)
 00:00:05 | 00:01:51 | 0.00:01:17 |  4.30%   |    3    |    2     | 70%  |   1023   |   0    | 158.16MB  
 00:00:05 | WARNING! Aborting ECBS - could not obtain an initial solution for the following agents: Agent13(52->51)
 00:00:10 | 00:00:24 | 0.00:08:42 |  29.00%  |   107   |   151    | 71%  |   4929   |   0    | 158.11MB  
 00:00:11 | ECBS RandomHop mutated 1/11 agent paths (cumulative=1)
 00:00:11 | WARNING! Aborting ECBS - could not obtain an initial solution for the following agents: Agent4(72->71)
 00:00:11 | WARNING! Aborting ECBS - could not obtain an initial solution for the following agents: Agent4(72->71)
 00:00:11 | WARNING! Aborting ECBS - could not obtain an initial solution for the following agents: Agent4(72->71)
 00:00:11 | WARNING! Aborting ECBS - could not obtain an initial solution for the following agents: Agent4(72->71)
 00:00:12 | WARNING! Aborting ECBS - could not obtain an initial solution for the following agents: Agent18(34->33)
 00:00:12 | WARNING! Aborting ECBS - could not obtain an initial solution for the following agents: Agent18(34->33)
 00:00:12 | WARNING! Aborting ECBS - could not obtain an initial solution for the following agents: Agent18(34->33)
 00:00:12 | WARNING! Aborting ECBS - could not obtain an initial solution for the following agents: Agent18(34->33)
 00:00:13 | ECBS RandomHop mutated 1/8 agent paths (cumulative=2)
 00:00:15 | 00:00:12 | 0.00:16:35 |  55.33%  |   207   |   285    | 72%  |   9550   |   0    | 159.37MB  
 00:00:15 | WARNING! Aborting ECBS - could not obtain an initial solution for the following agents: Agent23(12->11)
 00:00:15 | WARNING! Aborting ECBS - could not obtain an initial solution for the following agents: Agent23(12->11)
 00:00:18 | WARNING! Aborting ECBS - could not obtain an initial solution for the following agents: Agent17(72->71)
 00:00:18 | WARNING! Aborting ECBS - could not obtain an initial solution for the following agents: Agent17(72->71)
 00:00:18 | WARNING! Aborting ECBS - could not obtain an initial solution for the following agents: Agent17(72->71)
 00:00:20 | 00:00:05 | 0.00:23:55 |  79.74%  |   293   |   420    | 74%  |  13915   |   0    | 163.07MB  
 00:00:21 | ECBS RandomHop mutated 1/19 agent paths (cumulative=3)
 00:00:21 | ECBS RandomHop mutated 1/15 agent paths (cumulative=4)
 00:00:21 | ECBS RandomHop mutated 1/16 agent paths (cumulative=5)
 00:00:21 | ECBS RandomHop mutated 1/16 agent paths (cumulative=6)
 00:00:21 | ECBS RandomHop mutated 1/17 agent paths (cumulative=7)
 00:00:21 | ECBS RandomHop mutated 1/17 agent paths (cumulative=8)
 00:00:21 | ECBS RandomHop mutated 1/17 agent paths (cumulative=9)
 00:00:21 | ECBS RandomHop mutated 1/15 agent paths (cumulative=10)
 00:00:21 | ECBS RandomHop mutated 1/13 agent paths (cumulative=11)
 00:00:21 | ECBS RandomHop mutated 1/13 agent paths (cumulative=12)
 00:00:21 | ECBS RandomHop mutated 1/12 agent paths (cumulative=13)
 00:00:21 | ECBS RandomHop mutated 1/12 agent paths (cumulative=14)
 00:00:21 | ECBS RandomHop mutated 1/13 agent paths (cumulative=15)
 00:00:21 | ECBS RandomHop mutated 1/13 agent paths (cumulative=16)
 00:00:21 | ECBS RandomHop mutated 1/12 agent paths (cumulative=17)
 00:00:21 | ECBS RandomHop mutated 1/12 agent paths (cumulative=18)
 00:00:21 | ECBS RandomHop mutated 1/13 agent paths (cumulative=19)
 00:00:21 | ECBS RandomHop mutated 1/13 agent paths (cumulative=20)
 00:00:21 | ECBS RandomHop mutated 1/13 agent paths (cumulative=21)
 00:00:21 | ECBS RandomHop mutated 1/11 agent paths (cumulative=22)
 00:00:21 | ECBS RandomHop mutated 1/10 agent paths (cumulative=23)
 00:00:21 | ECBS RandomHop mutated 1/10 agent paths (cumulative=24)
 00:00:21 | ECBS RandomHop mutated 2/10 agent paths (cumulative=26)
 00:00:21 | ECBS RandomHop mutated 2/9 agent paths (cumulative=28)
 00:00:21 | ECBS RandomHop mutated 2/9 agent paths (cumulative=30)
 00:00:22 | ECBS RandomHop mutated 2/9 agent paths (cumulative=32)
 00:00:22 | ECBS RandomHop mutated 2/9 agent paths (cumulative=34)
 00:00:22 | ECBS RandomHop mutated 2/9 agent paths (cumulative=36)
 00:00:22 | ECBS RandomHop mutated 2/12 agent paths (cumulative=38)
 00:00:22 | ECBS RandomHop mutated 2/11 agent paths (cumulative=40)
 00:00:22 | ECBS RandomHop mutated 2/11 agent paths (cumulative=42)
 00:00:22 | ECBS RandomHop mutated 2/11 agent paths (cumulative=44)
 00:00:22 | ECBS RandomHop mutated 1/11 agent paths (cumulative=45)
 00:00:22 | ECBS RandomHop mutated 1/12 agent paths (cumulative=46)
 00:00:22 | ECBS RandomHop mutated 1/11 agent paths (cumulative=47)
 00:00:22 | ECBS RandomHop mutated 1/10 agent paths (cumulative=48)
 00:00:24 | WARNING! Aborting ECBS - could not obtain an initial solution for the following agents: Agent4(72->71)
 00:00:25 | 00:00:00 | 0.00:29:56 |  99.82%  |   349   |   522    | 74%  |  17847   |   0    | 166.53MB  
 00:00:25 | 00:00:00 | 0.00:30:00 | 100.00%  |   350   |   523    | 74%  |  17882   |   0    | 168.38MB  
 00:00:25 | >>> Simulation finished - writing results ...
 00:00:25 | >>> Results written
Simulation finished.
>>> Timings
StatTimingPathPlanningAverage: 0.013225176057605734
StatTimingPathPlanningOverall: 14.69317059999997
StatTimingPathPlanningCount: 1111
StatTimingTaskAllocationAverage: 0.012704809898107721
StatTimingTaskAllocationOverall: 8.728204400000005
StatTimingTaskAllocationCount: 687
StatTimingItemStorageAverage: 1.2106168831168832E-05
StatTimingItemStorageOverall: 0.0074574
StatTimingItemStorageCount: 616
StatTimingPodStorageAverage: 0.010908844495412847
StatTimingPodStorageOverall: 2.3781281000000005
StatTimingPodStorageCount: 218
StatTimingReplenishmentBatchingAverage: 2.3870300157977842E-05
StatTimingReplenishmentBatchingOverall: 0.015109899999999975
StatTimingReplenishmentBatchingCount: 633
StatTimingOrderBatchingAverage: 0.00012590693842150935
StatTimingOrderBatchingOverall: 0.14517070000000026
StatTimingOrderBatchingCount: 1153
>>> Overall
StatOverallBundlesPlaced: 602
StatOverallItemsOrdered: 629
StatOverallOrdersPlaced: 367
StatOverallBundlesRejected: 0
StatOverallOrdersRejected: 0
StatOverallBundlesHandled: 523
StatOverallItemsHandled: 566
StatOverallLinesHandled: 536
StatOverallOrdersHandled: 350
StatOverallCollisions: 0
StatOverallDistanceTraveled: 17881.9521705583
StatOverallDistanceEstimated: 16432
StatOverallAssignedTasks: 687
StatMaxMemoryUsed: 168.375
StatRealTimeUsed: 25.2510157
StatAverageTurnoverTime: 542.2975384291465
StatMedianTurnoverTime: 399.9394630121096
StatLowerQuartileTurnoverTime: 198.36177122301115
StatUpperQuartileTurnoverTime: 802.7185614683128
StatAverageThroughputTime: 86.52406078000256
StatMedianThroughputTime: 51.1685713117879
StatLowerQuartileThroughputTime: 30.02673928995705
StatUpperQuartileThroughputTime: 126.59581085998389
>>> Energy (Rizqi model)
StatEnergyTotalKJ: 2205.072874225328
StatEnergyE1AccelKJ: 783.3941676662989
StatEnergyE2DecelKJ: 0
StatEnergyE3CruiseKJ: 588.5584468104818
StatEnergyE4RotationKJ: 265.70185619948194
StatEnergyE5LiftLowerKJ: 567.4184035490665
StatEnergyPerOrderKJ: 6.300208212072366
StatEnergyPerMeterJoule: 122.6403155853909
StatDistanceTraveledRizqiM: 17980
>>> Motion Behavior
StatTurningCount: 2405
StatStopAndGoCount: 2895
StatLoadedDistanceM: 12613
StatLoadedTurningCount: 1828
StatWaitTimeSec: 18057.547257814524
StatMoveEnergyEmptyKJ: 76.639425
StatMoveTimeEmptySec: 6848.353547902284
StatTurnEnergyEmptyKJ: 11.187483726047645
StatTurnTimeEmptySec: 618.7742393090911
StatMoveEnergyLoadedKJ: 1295.3131894767805
StatMoveTimeLoadedSec: 18851.209443712974
StatTurnEnergyLoadedKJ: 254.51437247343435
StatTurnTimeLoadedSec: 1870.0203536347167
StatPrefEmptyW: 11.761806042273038
StatPrefLoadedW: 74.79418823628856

Marked tag finished after 1 tries!
.Fin. - SUCCESS
