<<< Welcome to the RAWSimO CLI >>>
The time is: 04/17/2026 03:46:05
Starting RAWSimO wrapper with the following arguments:
Instance: Material/Instances/CoreBenchmark/aesop.xlayo
Setting: Material/Instances/CoreBenchmark/test-short.xsett
ControlConfig: Material/Instances/CoreBenchmark/aesop-cbs.xconf
StatisticsDir: output_compare/stat10/
Seed: 2
Adding handler for unhandled exceptions ...
Initializing ... 
LayoutConfiguration recognized!
Parsing setting config ...
Parsing control config ...
Parsing layout config ...
Generating instance...
Info about all directions within the generated instance:
# # # # # e p e p p p p p p p p p p p p p p p p p e p p p p p p p p p p p p p p p p p e p p p p p p p p p e s # # # # # 
# # # # # n q ^ + + + + + + + + v + + + + + + + + ^ + + + + + + + + v + + + + + + + + ^ + + + + + + + + q d q # # # # # 
# # # # # b p b + + + + + + + + v + + + + + + + + ^ + + + + + + + + v + + + + + + + + ^ + + + + + + + + v b s # # # # # 
s w w w w d q d < < < < < < < < q < < < < < < < < d < < < < < < < < q < < < < < < < < d < < < < < < < < q d q w w w w w 
p e e e s b p b + + + + + + + + v + + + + + + + + ^ + + + + + + + + v + + + + + + + + ^ + + + + + + + + v b p e e e e n 
s w w w w d q ^ + + + + + + + + v + + + + + + + + ^ + + + + + + + + v + + + + + + + + ^ + + + + + + + + q d q n w w w d 
e e e e e b p b > > > > > > > > p > > > > > > > > b > > > > > > > > p > > > > > > > > b > > > > > > > > p b p e e e e n 
# # # # # n q ^ + + + + + + + + v + + + + + + + + ^ + + + + + + + + v + + + + + + + + ^ + + + + + + + + q d q # # # # # 
# # # # # b p b + + + + + + + + v + + + + + + + + ^ + + + + + + + + v + + + + + + + + ^ + + + + + + + + v b s # # # # # 
s w w w w d q d < < < < < < < < q < < < < < < < < d < < < < < < < < q < < < < < < < < d < < < < < < < < q d q w w w w w 
p e e e s b p b + + + + + + + + v + + + + + + + + ^ + + + + + + + + v + + + + + + + + ^ + + + + + + + + v b p e e e e n 
s w w w w d q ^ + + + + + + + + v + + + + + + + + ^ + + + + + + + + v + + + + + + + + ^ + + + + + + + + q d q n w w w d 
e e e e e b p b > > > > > > > > p > > > > > > > > b > > > > > > > > p > > > > > > > > b > > > > > > > > p b p e e e e n 
# # # # # n q ^ + + + + + + + + v + + + + + + + + ^ + + + + + + + + v + + + + + + + + ^ + + + + + + + + q d q # # # # # 
# # # # # b p b + + + + + + + + v + + + + + + + + ^ + + + + + + + + v + + + + + + + + ^ + + + + + + + + v b s # # # # # 
s w w w w d q d < < < < < < < < q < < < < < < < < d < < < < < < < < q < < < < < < < < d < < < < < < < < q d q w w w w w 
p e e e s b p b + + + + + + + + v + + + + + + + + ^ + + + + + + + + v + + + + + + + + ^ + + + + + + + + v b p e e e e n 
s w w w w d q ^ + + + + + + + + v + + + + + + + + ^ + + + + + + + + v + + + + + + + + ^ + + + + + + + + q d q n w w w d 
e e e e e b p b > > > > > > > > p > > > > > > > > b > > > > > > > > p > > > > > > > > b > > > > > > > > p b p e e e e n 
# # # # # n q ^ + + + + + + + + v + + + + + + + + ^ + + + + + + + + v + + + + + + + + ^ + + + + + + + + q d q # # # # # 
# # # # # b p b + + + + + + + + v + + + + + + + + ^ + + + + + + + + v + + + + + + + + ^ + + + + + + + + v b s # # # # # 
s w w w w d q d < < < < < < < < q < < < < < < < < d < < < < < < < < q < < < < < < < < d < < < < < < < < q d q w w w w w 
p e e e s b p b + + + + + + + + v + + + + + + + + ^ + + + + + + + + v + + + + + + + + ^ + + + + + + + + v b p e e e e n 
s w w w w d q ^ + + + + + + + + v + + + + + + + + ^ + + + + + + + + v + + + + + + + + ^ + + + + + + + + q d q n w w w d 
e e e e e b p b > > > > > > > > p > > > > > > > > b > > > > > > > > p > > > > > > > > b > > > > > > > > p b p e e e e n 
# # # # # n q ^ + + + + + + + + v + + + + + + + + ^ + + + + + + + + v + + + + + + + + ^ + + + + + + + + q d q # # # # # 
# # # # # b p b + + + + + + + + v + + + + + + + + ^ + + + + + + + + v + + + + + + + + ^ + + + + + + + + v b s # # # # # 
# # # # # n q d < < < < < < < < q < < < < < < < < d < < < < < < < < q < < < < < < < < d < < < < < < < < q d q # # # # # 
# # # # # b p b + + + + + + + + v + + + + + + + + ^ + + + + + + + + v + + + + + + + + ^ + + + + + + + + v b s # # # # # 
# # # # # n q ^ + + + + + + + + v + + + + + + + + ^ + + + + + + + + v + + + + + + + + ^ + + + + + + + + q d q # # # # # 
# # # # # b p b > > > > > > > > p > > > > > > > > b > > > > > > > > p > > > > > > > > b > > > > > > > > p b s # # # # # 
# # # # # n q ^ + + + + + + + + v + + + + + + + + ^ + + + + + + + + v + + + + + + + + ^ + + + + + + + + q d q # # # # # 
# # # # # b p b + + + + + + + + v + + + + + + + + ^ + + + + + + + + v + + + + + + + + ^ + + + + + + + + v b s # # # # # 
# # # # # n w d d d d d d d d d w d d d d d d d d d d d d d d d d d w d d d d d d d d d d d d d d d d d w d w # # # # # 


Info about all types within the generated instance:
# # # # # r r r r r r r r r r r r r r r r r r r r r r r r r r r r r r r r r r r r r r r r r r r r r r r r r r # # # # # 
# # # # # r r r s s s s s s s s r s s s s s s s s r s s s s s s s s r s s s s s s s s r s s s s s s s s r r r # # # # # 
# # # # # r r r s s s s s s s s r s s s s s s s s r s s s s s s s s r s s s s s s s s r s s s s s s s s r r r # # # # # 
b b b b b r r r r r r r r r r r r r r r r r r r r r r r r r r r r r r r r r r r r r r r r r r r r r r r r r r b b b b o 
b b b b b r r r s s s s s s s s r s s s s s s s s r s s s s s s s s r s s s s s s s s r s s s s s s s s r r r b b b b b 
b b b b b r r r s s s s s s s s r s s s s s s s s r s s s s s s s s r s s s s s s s s r s s s s s s s s r r r b b b b b 
i b b b b r r r r r r r r r r r r r r r r r r r r r r r r r r r r r r r r r r r r r r r r r r r r r r r r r r b b b b b 
# # # # # r r r s s s s s s s s r s s s s s s s s r s s s s s s s s r s s s s s s s s r s s s s s s s s r r r # # # # # 
# # # # # r r r s s s s s s s s r s s s s s s s s r s s s s s s s s r s s s s s s s s r s s s s s s s s r r r # # # # # 
b b b b b r r r r r r r r r r r r r r r r r r r r r r r r r r r r r r r r r r r r r r r r r r r r r r r r r r b b b b o 
b b b b b r r r s s s s s s s s r s s s s s s s s r s s s s s s s s r s s s s s s s s r s s s s s s s s r r r b b b b b 
b b b b b r r r s s s s s s s s r s s s s s s s s r s s s s s s s s r s s s s s s s s r s s s s s s s s r r r b b b b b 
i b b b b r r r r r r r r r r r r r r r r r r r r r r r r r r r r r r r r r r r r r r r r r r r r r r r r r r b b b b b 
# # # # # r r r s s s s s s s s r s s s s s s s s r s s s s s s s s r s s s s s s s s r s s s s s s s s r r r # # # # # 
# # # # # r r r s s s s s s s s r s s s s s s s s r s s s s s s s s r s s s s s s s s r s s s s s s s s r r r # # # # # 
b b b b b r r r r r r r r r r r r r r r r r r r r r r r r r r r r r r r r r r r r r r r r r r r r r r r r r r b b b b o 
b b b b b r r r s s s s s s s s r s s s s s s s s r s s s s s s s s r s s s s s s s s r s s s s s s s s r r r b b b b b 
b b b b b r r r s s s s s s s s r s s s s s s s s r s s s s s s s s r s s s s s s s s r s s s s s s s s r r r b b b b b 
i b b b b r r r r r r r r r r r r r r r r r r r r r r r r r r r r r r r r r r r r r r r r r r r r r r r r r r b b b b b 
# # # # # r r r s s s s s s s s r s s s s s s s s r s s s s s s s s r s s s s s s s s r s s s s s s s s r r r # # # # # 
# # # # # r r r s s s s s s s s r s s s s s s s s r s s s s s s s s r s s s s s s s s r s s s s s s s s r r r # # # # # 
b b b b b r r r r r r r r r r r r r r r r r r r r r r r r r r r r r r r r r r r r r r r r r r r r r r r r r r b b b b o 
b b b b b r r r s s s s s s s s r s s s s s s s s r s s s s s s s s r s s s s s s s s r s s s s s s s s r r r b b b b b 
b b b b b r r r s s s s s s s s r s s s s s s s s r s s s s s s s s r s s s s s s s s r s s s s s s s s r r r b b b b b 
i b b b b r r r r r r r r r r r r r r r r r r r r r r r r r r r r r r r r r r r r r r r r r r r r r r r r r r b b b b b 
# # # # # r r r s s s s s s s s r s s s s s s s s r s s s s s s s s r s s s s s s s s r s s s s s s s s r r r # # # # # 
# # # # # r r r s s s s s s s s r s s s s s s s s r s s s s s s s s r s s s s s s s s r s s s s s s s s r r r # # # # # 
# # # # # r r r r r r r r r r r r r r r r r r r r r r r r r r r r r r r r r r r r r r r r r r r r r r r r r r # # # # # 
# # # # # r r r s s s s s s s s r s s s s s s s s r s s s s s s s s r s s s s s s s s r s s s s s s s s r r r # # # # # 
# # # # # r r r s s s s s s s s r s s s s s s s s r s s s s s s s s r s s s s s s s s r s s s s s s s s r r r # # # # # 
# # # # # r r r r r r r r r r r r r r r r r r r r r r r r r r r r r r r r r r r r r r r r r r r r r r r r r r # # # # # 
# # # # # r r r s s s s s s s s r s s s s s s s s r s s s s s s s s r s s s s s s s s r s s s s s s s s r r r # # # # # 
# # # # # r r r s s s s s s s s r s s s s s s s s r s s s s s s s s r s s s s s s s s r s s s s s s s s r r r # # # # # 
# # # # # r r r r r r r r r r r r r r r r r r r r r r r r r r r r r r r r r r r r r r r r r r r r r r r r r r # # # # # 


[EnergyConsumption] Configured from LayoutConfiguration: RobotMass=100 kg, PodFrameMass=300 kg
StatisticsFolder: aesop-aesop-aesop-cbs-2
Done!
Executing ... 
 03:46:07 | >>> Warming up ...
 00:00:00 | >>> Warmup finished - starting simulation ...
 Realtime |   ETA    |  Sim.Time  | Progress | #Orders | #Bundles | Inv. | Distance | #Coll. |   Memory    
 00:00:00 |   n/a    | 0.00:00:00 |  0.00%   |    0    |    0     | 70%  |    0     |   0    | 152.06MB  
 00:00:05 | 00:03:22 | 0.00:00:43 |  2.41%   |    0    |    0     | 70%  |   584    |   0    | 163.75MB  
 00:00:10 | 00:05:00 | 0.00:00:58 |  3.23%   |    0    |    0     | 70%  |   782    |   0    | 177.21MB  
 00:00:12 | WARNING! Aborting CBS - could not obtain an initial solution for the following agents: Agent25(74->73)
 00:00:12 | WARNING! Aborting CBS - could not obtain an initial solution for the following agents: Agent25(74->73)
 00:00:12 | WARNING! Aborting CBS - could not obtain an initial solution for the following agents: Agent25(74->73)
 00:00:12 | WARNING! Aborting CBS - could not obtain an initial solution for the following agents: Agent25(74->73)
 00:00:15 | 00:01:08 | 0.00:05:24 |  18.04%  |   61    |    81    | 71%  |   2896   |   0    | 181.11MB  
 00:00:20 | 00:00:28 | 0.00:12:20 |  41.13%  |   153   |   220    | 72%  |   6676   |   0    | 184.12MB  
 00:00:21 | WARNING! Aborting CBS - could not obtain an initial solution for the following agents: Agent8(12->3)
 00:00:21 | WARNING! Aborting CBS - could not obtain an initial solution for the following agents: Agent8(12->3)
 00:00:21 | WARNING! Aborting CBS - could not obtain an initial solution for the following agents: Agent8(12->4)
 00:00:23 | WARNING! Aborting CBS - could not obtain an initial solution for the following agents: Agent10(14->13)
 00:00:23 | WARNING! Aborting CBS - could not obtain an initial solution for the following agents: Agent10(14->13)
 00:00:23 | WARNING! Aborting CBS - could not obtain an initial solution for the following agents: Agent10(14->13)
 00:00:23 | WARNING! Aborting CBS - could not obtain an initial solution for the following agents: Agent10(14->13)
 00:00:23 | WARNING! Aborting CBS - could not obtain an initial solution for the following agents: Agent10(14->13)
 00:00:24 | WARNING! Aborting CBS - could not obtain an initial solution for the following agents: Agent11(52->51)
 00:00:25 | 00:00:13 | 0.00:19:16 |  64.25%  |   237   |   347    | 73%  |  10891   |   0    | 187.46MB  
 00:00:29 | WARNING! Aborting CBS - could not obtain an initial solution for the following agents: Agent18(32->31)
 00:00:29 | WARNING! Aborting CBS - could not obtain an initial solution for the following agents: Agent18(32->31)
 00:00:29 | WARNING! Aborting CBS - could not obtain an initial solution for the following agents: Agent18(32->31)
 00:00:30 | 00:00:04 | 0.00:25:51 |  86.19%  |   319   |   464    | 74%  |  15060   |   0    | 192.13MB  
 00:00:35 | 00:00:00 | 0.00:29:39 |  98.85%  |   368   |   532    | 74%  |  17403   |   0    | 199.44MB  
 00:00:35 | 00:00:00 | 0.00:30:00 | 100.00%  |   371   |   537    | 75%  |  17581   |   0    | 199.58MB  
 00:00:35 | >>> Simulation finished - writing results ...
 00:00:35 | >>> Results written
Simulation finished.
>>> Timings
StatTimingPathPlanningAverage: 0.023294290819081926
StatTimingPathPlanningOverall: 25.87995710000002
StatTimingPathPlanningCount: 1111
StatTimingTaskAllocationAverage: 0.010514789010989019
StatTimingTaskAllocationOverall: 7.654766400000005
StatTimingTaskAllocationCount: 728
StatTimingItemStorageAverage: 8.75347003154572E-06
StatTimingItemStorageOverall: 0.005549699999999987
StatTimingItemStorageCount: 634
StatTimingPodStorageAverage: 0.009928142056074767
StatTimingPodStorageOverall: 2.1246224000000002
StatTimingPodStorageCount: 214
StatTimingReplenishmentBatchingAverage: 2.3775683890577485E-05
StatTimingReplenishmentBatchingOverall: 0.015644399999999985
StatTimingReplenishmentBatchingCount: 658
StatTimingOrderBatchingAverage: 0.00010810992555831257
StatTimingOrderBatchingOverall: 0.1307048999999999
StatTimingOrderBatchingCount: 1209
>>> Overall
StatOverallBundlesPlaced: 623
StatOverallItemsOrdered: 612
StatOverallOrdersPlaced: 388
StatOverallBundlesRejected: 0
StatOverallOrdersRejected: 0
StatOverallBundlesHandled: 537
StatOverallItemsHandled: 584
StatOverallLinesHandled: 553
StatOverallOrdersHandled: 371
StatOverallCollisions: 0
StatOverallDistanceTraveled: 17580.991040088382
StatOverallDistanceEstimated: 16290
StatOverallAssignedTasks: 728
StatMaxMemoryUsed: 200.55859375
StatRealTimeUsed: 35.1567672
StatAverageTurnoverTime: 537.2774042590681
StatMedianTurnoverTime: 419.8871401557444
StatLowerQuartileTurnoverTime: 184.095757432214
StatUpperQuartileTurnoverTime: 815.6443764694741
StatAverageThroughputTime: 81.4530535417607
StatMedianThroughputTime: 59.92744638642094
StatLowerQuartileThroughputTime: 30.943049959386144
StatUpperQuartileThroughputTime: 116.99668171504868
>>> Energy (Rizqi model)
StatEnergyTotalKJ: 2181.105741563706
StatEnergyE1AccelKJ: 748.4460366875045
StatEnergyE2DecelKJ: 0
StatEnergyE3CruiseKJ: 623.0377411975129
StatEnergyE4RotationKJ: 246.89999661041384
StatEnergyE5LiftLowerKJ: 562.7219670682747
StatEnergyPerOrderKJ: 5.878991217152847
StatEnergyPerMeterJoule: 123.61741904124383
StatDistanceTraveledRizqiM: 17644
>>> Motion Behavior
StatTurningCount: 2229
StatStopAndGoCount: 2770
StatLoadedDistanceM: 12347
StatLoadedTurningCount: 1687
StatWaitTimeSec: 18998.722458169083
StatMoveEnergyEmptyKJ: 75.40215000000002
StatMoveTimeEmptySec: 6751.472560232035
StatTurnEnergyEmptyKJ: 10.354254868101396
StatTurnTimeEmptySec: 564.5006385375412
StatMoveEnergyLoadedKJ: 1296.0816278850175
StatMoveTimeLoadedSec: 18143.152644870857
StatTurnEnergyLoadedKJ: 236.5457417423124
StatTurnTimeLoadedSec: 1715.5622112567166
StatPrefEmptyW: 11.721804131612211
StatPrefLoadedW: 77.1765635757857

Marked tag finished after 1 tries!
.Fin. - SUCCESS
