<<< Welcome to the RAWSimO CLI >>>
The time is: 04/14/2026 00:55:34
Starting RAWSimO wrapper with the following arguments:
Instance: Material/Instances/PP/1-4-4-32-550.xinst
Setting: Material/Instances/PP/PPMinimal.xsett
ControlConfig: Material/Instances/PP/aesop-ecbs.xconf
StatisticsDir: C:\Users\Aesop\Desktop\rawsim-o-rmfs-world-models\output_exp\ecbs\seed_22
Seed: 22
Adding handler for unhandled exceptions ...
Initializing ... 
Instance recognized!
Parsing setting config ...
Parsing control config ...
Parsing instance ...
StatisticsFolder: 1-4-4-32-550-PPMinimal-aesop-ecbs-22
Done!
Executing ... 
 00:55:36 | >>> Warming up ...
 00:00:00 | >>> Warmup finished - starting simulation ...
 Realtime |   ETA    |  Sim.Time  | Progress | #Orders | #Bundles | Inv. | Distance | #Coll. |   Memory    
 00:00:00 |   n/a    | 0.00:00:00 |  0.00%   |    0    |    0     | 60%  |    0     |   0    | 123.20MB  
 00:00:05 | 04:00:45 | 0.00:00:10 |  0.03%   |    0    |    0     | 60%  |   207    |   0    | 165.73MB  
 00:00:07 | WARNING! Aborting ECBS - could not obtain an initial solution for the following agents: Agent2(19->18)
 00:00:07 | WARNING! Aborting ECBS - could not obtain an initial solution for the following agents: Agent2(19->18)
 00:00:10 | 02:17:54 | 0.00:00:34 |  0.12%   |    0    |    0     | 60%  |   802    |   0    | 171.59MB  
 00:00:15 | 03:00:20 | 0.00:00:39 |  0.14%   |    0    |    0     | 60%  |   917    |   0    | 177.41MB  
 00:00:20 | 03:22:02 | 0.00:00:47 |  0.16%   |    2    |    0     | 60%  |   1066   |   0    | 183.80MB  
 00:00:24 | WARNING! Aborting ECBS - could not obtain an initial solution for the following agents: Agent8(41->40)
 00:00:24 | WARNING! Aborting ECBS - could not obtain an initial solution for the following agents: Agent8(41->40)
 00:00:25 | 02:52:03 | 0.00:01:09 |  0.24%   |    8    |    2     | 60%  |   1524   |   0    | 183.48MB  
 00:00:25 | WARNING! Aborting ECBS - could not obtain an initial solution for the following agents: Agent0(17->16)
 00:00:25 | WARNING! Aborting ECBS - could not obtain an initial solution for the following agents: Agent0(17->16)
 00:00:25 | WARNING! Aborting ECBS - could not obtain an initial solution for the following agents: Agent4(9->8)
 00:00:26 | WARNING! Aborting ECBS - could not obtain an initial solution for the following agents: Agent17(73->69)
 00:00:26 | WARNING! Aborting ECBS - could not obtain an initial solution for the following agents: Agent17(73->70)
 00:00:28 | WARNING! Aborting ECBS - could not obtain an initial solution for the following agents: Agent9(56->55)
 00:00:28 | WARNING! Aborting ECBS - could not obtain an initial solution for the following agents: Agent9(56->55)
 00:00:30 | 00:30:31 | 0.00:07:44 |  1.61%   |   164   |   153    | 60%  |   4451   |   0    | 183.80MB  
 00:00:31 | WARNING! Aborting ECBS - could not obtain an initial solution for the following agents: Agent25(9->8)
 00:00:35 | 00:18:17 | 0.00:14:50 |  3.09%   |   331   |   320    | 60%  |   7840   |   0    | 185.51MB  
 00:00:35 | WARNING! Aborting ECBS - could not obtain an initial solution for the following agents: Agent4(3->1)
 00:00:35 | WARNING! Aborting ECBS - could not obtain an initial solution for the following agents: Agent4(3->2)
 00:00:35 | WARNING! Aborting ECBS - could not obtain an initial solution for the following agents: Agent4(3->2)
 00:00:37 | WARNING! Aborting ECBS - could not obtain an initial solution for the following agents: Agent16(57->56)
 00:00:40 | 00:14:00 | 0.00:21:48 |  4.54%   |   495   |   484    | 60%  |  11072   |   0    | 184.77MB  
 00:00:41 | WARNING! Aborting ECBS - could not obtain an initial solution for the following agents: Agent29(57->56)
 00:00:41 | WARNING! Aborting ECBS - could not obtain an initial solution for the following agents: Agent29(57->56)
 00:00:43 | WARNING! Aborting ECBS - could not obtain an initial solution for the following agents: Agent0(25->24)
 00:00:43 | WARNING! Aborting ECBS - could not obtain an initial solution for the following agents: Agent0(25->24)
 00:00:44 | WARNING! Aborting ECBS - could not obtain an initial solution for the following agents: Agent10(41->40)
 00:00:44 | WARNING! Aborting ECBS - could not obtain an initial solution for the following agents: Agent10(41->40)
 00:00:44 | WARNING! Aborting ECBS - could not obtain an initial solution for the following agents: Agent29(57->56)
 00:00:44 | WARNING! Aborting ECBS - could not obtain an initial solution for the following agents: Agent29(57->56)
 00:00:44 | WARNING! Aborting ECBS - could not obtain an initial solution for the following agents: Agent29(57->56)
 00:00:45 | 00:11:08 | 0.00:30:15 |  6.30%   |   693   |   681    | 60%  |  14908   |   0    | 184.77MB  
 00:00:46 | WARNING! Aborting ECBS - could not obtain an initial solution for the following agents: Agent7(57->56)
 00:00:47 | WARNING! Aborting ECBS - could not obtain an initial solution for the following agents: Agent7(57->56)
 00:00:47 | WARNING! Aborting ECBS - could not obtain an initial solution for the following agents: Agent7(57->56)
 00:00:47 | WARNING! Aborting ECBS - could not obtain an initial solution for the following agents: Agent19(3->1)
 00:00:47 | WARNING! Aborting ECBS - could not obtain an initial solution for the following agents: Agent19(3->2)
 00:00:50 | 00:09:04 | 0.00:40:22 |  8.41%   |   931   |   918    | 60%  |  19808   |   0    | 183.80MB  
 00:00:52 | WARNING! Aborting ECBS - could not obtain an initial solution for the following agents: Agent2(25->24)
 00:00:52 | WARNING! Aborting ECBS - could not obtain an initial solution for the following agents: Agent2(25->24)
 00:00:52 | WARNING! Aborting ECBS - could not obtain an initial solution for the following agents: Agent1(3->1)
 00:00:52 | WARNING! Aborting ECBS - could not obtain an initial solution for the following agents: Agent1(3->1)
 00:00:52 | WARNING! Aborting ECBS - could not obtain an initial solution for the following agents: Agent1(3->1)
 00:00:52 | WARNING! Aborting ECBS - could not obtain an initial solution for the following agents: Agent1(3->2)
 00:00:52 | WARNING! Aborting ECBS - could not obtain an initial solution for the following agents: Agent21(41->40)
 00:00:52 | WARNING! Aborting ECBS - could not obtain an initial solution for the following agents: Agent21(41->40)
 00:00:52 | WARNING! Aborting ECBS - could not obtain an initial solution for the following agents: Agent21(41->40)
 00:00:55 | 00:08:13 | 0.00:48:08 |  10.03%  |  1114   |   1098   | 60%  |  24160   |   0    | 184.36MB  
 00:00:55 | WARNING! Aborting ECBS - could not obtain an initial solution for the following agents: Agent0(25->24)
 00:00:55 | WARNING! Aborting ECBS - could not obtain an initial solution for the following agents: Agent0(25->24)
 00:00:59 | WARNING! Aborting ECBS - could not obtain an initial solution for the following agents: Agent29(57->56)
 00:00:59 | WARNING! Aborting ECBS - could not obtain an initial solution for the following agents: Agent29(57->56)
 00:01:00 | 00:07:59 | 0.00:53:22 |  11.12%  |  1233   |   1221   | 60%  |  27056   |   0    | 184.98MB  
 00:01:00 | WARNING! Aborting ECBS - could not obtain an initial solution for the following agents: Agent21(40->34)
 00:01:05 | 00:07:13 | 0.01:02:35 |  13.04%  |  1450   |   1437   | 60%  |  31962   |   0    | 183.63MB  
 00:01:05 | WARNING! Aborting ECBS - could not obtain an initial solution for the following agents: Agent21(41->40)
 00:01:05 | WARNING! Aborting ECBS - could not obtain an initial solution for the following agents: Agent21(41->40),Agent25(9->8)
 00:01:05 | WARNING! Aborting ECBS - could not obtain an initial solution for the following agents: Agent21(41->40)
 00:01:07 | WARNING! Aborting ECBS - could not obtain an initial solution for the following agents: Agent10(42->41)
 00:01:07 | WARNING! Aborting ECBS - could not obtain an initial solution for the following agents: Agent21(41->40)
 00:01:09 | WARNING! Aborting ECBS - could not obtain an initial solution for the following agents: Agent21(40->39)
 00:01:10 | 00:06:35 | 0.01:12:11 |  15.04%  |  1674   |   1662   | 60%  |  36990   |   0    | 183.14MB  
 00:01:12 | WARNING! Aborting ECBS - could not obtain an initial solution for the following agents: Agent9(57->55)
 00:01:12 | WARNING! Aborting ECBS - could not obtain an initial solution for the following agents: Agent9(57->55)
 00:01:12 | WARNING! Aborting ECBS - could not obtain an initial solution for the following agents: Agent9(57->56)
 00:01:12 | WARNING! Aborting ECBS - could not obtain an initial solution for the following agents: Agent9(57->56)
 00:01:12 | WARNING! Aborting ECBS - could not obtain an initial solution for the following agents: Agent9(57->56)
 00:01:12 | WARNING! Aborting ECBS - could not obtain an initial solution for the following agents: Agent24(24->23)
 00:01:15 | 00:06:16 | 0.01:19:40 |  16.60%  |  1850   |   1836   | 60%  |  40930   |   0    | 183.68MB  
 00:01:15 | WARNING! Aborting ECBS - could not obtain an initial solution for the following agents: Agent19(3->2)
 00:01:15 | WARNING! Aborting ECBS - could not obtain an initial solution for the following agents: Agent19(3->2)
 00:01:19 | WARNING! Aborting ECBS - could not obtain an initial solution for the following agents: Agent25(9->8)
 00:01:19 | WARNING! Aborting ECBS - could not obtain an initial solution for the following agents: Agent25(9->8)
 00:01:19 | WARNING! Aborting ECBS - could not obtain an initial solution for the following agents: Agent25(9->8)
 00:01:19 | WARNING! Aborting ECBS - could not obtain an initial solution for the following agents: Agent25(9->8)
 00:01:19 | WARNING! Aborting ECBS - could not obtain an initial solution for the following agents: Agent25(9->2)
 00:01:20 | 00:05:57 | 0.01:27:46 |  18.29%  |  2039   |   2027   | 60%  |  45701   |   0    | 184.50MB  
 00:01:21 | WARNING! Aborting ECBS - could not obtain an initial solution for the following agents: Agent0(25->24)
 00:01:25 | 00:05:43 | 0.01:35:09 |  19.82%  |  2212   |   2200   | 60%  |  49851   |   0    | 183.86MB  
 00:01:27 | WARNING! Aborting ECBS - could not obtain an initial solution for the following agents: Agent19(9->8)
 00:01:28 | WARNING! Aborting ECBS - could not obtain an initial solution for the following agents: Agent27(9->8)
 00:01:28 | WARNING! Aborting ECBS - could not obtain an initial solution for the following agents: Agent7(57->56)
 00:01:28 | WARNING! Aborting ECBS - could not obtain an initial solution for the following agents: Agent7(57->56)
 00:01:30 | 00:05:27 | 0.01:43:21 |  21.53%  |  2405   |   2393   | 60%  |  54444   |   0    | 183.96MB  
 00:01:30 | WARNING! Aborting ECBS - could not obtain an initial solution for the following agents: Agent26(25->24)
 00:01:30 | WARNING! Aborting ECBS - could not obtain an initial solution for the following agents: Agent26(25->24)
 00:01:30 | WARNING! Aborting ECBS - could not obtain an initial solution for the following agents: Agent26(25->24)
 00:01:30 | WARNING! Aborting ECBS - could not obtain an initial solution for the following agents: Agent10(41->40)
 00:01:30 | WARNING! Aborting ECBS - could not obtain an initial solution for the following agents: Agent10(41->40)
 00:01:30 | WARNING! Aborting ECBS - could not obtain an initial solution for the following agents: Agent10(41->40)
 00:01:31 | WARNING! Aborting ECBS - could not obtain an initial solution for the following agents: Agent11(24->23)
 00:01:32 | WARNING! Aborting ECBS - could not obtain an initial solution for the following agents: Agent16(57->56)
 00:01:32 | WARNING! Aborting ECBS - could not obtain an initial solution for the following agents: Agent16(57->56)
 00:01:32 | WARNING! Aborting ECBS - could not obtain an initial solution for the following agents: Agent16(57->56)
 00:01:33 | WARNING! Aborting ECBS - could not obtain an initial solution for the following agents: Agent26(25->24)
 00:01:33 | WARNING! Aborting ECBS - could not obtain an initial solution for the following agents: Agent26(25->24)
 00:01:34 | WARNING! Aborting ECBS - could not obtain an initial solution for the following agents: Agent25(2->0)
 00:01:34 | WARNING! Aborting ECBS - could not obtain an initial solution for the following agents: Agent25(2->0)
 00:01:34 | WARNING! Aborting ECBS - could not obtain an initial solution for the following agents: Agent7(58->56)
 00:01:34 | WARNING! Aborting ECBS - could not obtain an initial solution for the following agents: Agent7(58->56)
 00:01:34 | WARNING! Aborting ECBS - could not obtain an initial solution for the following agents: Agent7(58->56)
 00:01:34 | WARNING! Aborting ECBS - could not obtain an initial solution for the following agents: Agent7(58->57)
 00:01:35 | 00:05:00 | 0.01:55:20 |  24.03%  |  2686   |   2672   | 60%  |  60545   |   0    | 184.84MB  
 00:01:35 | WARNING! Aborting ECBS - could not obtain an initial solution for the following agents: Agent16(57->56)
 00:01:35 | WARNING! Aborting ECBS - could not obtain an initial solution for the following agents: Agent16(57->56)
 00:01:35 | WARNING! Aborting ECBS - could not obtain an initial solution for the following agents: Agent16(57->56)
 00:01:35 | WARNING! Aborting ECBS - could not obtain an initial solution for the following agents: Agent16(57->56)
 00:01:35 | WARNING! Aborting ECBS - could not obtain an initial solution for the following agents: Agent16(57->50)
 00:01:36 | WARNING! Aborting ECBS - could not obtain an initial solution for the following agents: Agent5(56->55)
 00:01:36 | WARNING! Aborting ECBS - could not obtain an initial solution for the following agents: Agent5(56->55)
 00:01:40 | 00:04:55 | 0.02:01:20 |  25.28%  |  2825   |   2813   | 60%  |  64018   |   0    | 185.61MB  
 00:01:41 | WARNING! Aborting ECBS - could not obtain an initial solution for the following agents: Agent7(57->56)
 00:01:44 | WARNING! Aborting ECBS - could not obtain an initial solution for the following agents: Agent2(25->24)
 00:01:45 | 00:04:42 | 0.02:10:07 |  27.11%  |  3027   |   3020   | 60%  |  68858   |   0    | 186.16MB  
 00:01:45 | WARNING! Aborting ECBS - could not obtain an initial solution for the following agents: Agent11(25->24)
 00:01:47 | WARNING! Aborting ECBS - could not obtain an initial solution for the following agents: Agent10(40->39)
 00:01:47 | WARNING! Aborting ECBS - could not obtain an initial solution for the following agents: Agent10(40->39)
 00:01:49 | WARNING! Aborting ECBS - could not obtain an initial solution for the following agents: Agent19(8->7)
 00:01:49 | WARNING! Aborting ECBS - could not obtain an initial solution for the following agents: Agent19(8->7)
 00:01:49 | WARNING! Aborting ECBS - could not obtain an initial solution for the following agents: Agent19(8->7)
 00:01:50 | 00:04:27 | 0.02:19:50 |  29.14%  |  3256   |   3246   | 60%  |  74091   |   0    | 185.99MB  
 00:01:53 | WARNING! Aborting ECBS - could not obtain an initial solution for the following agents: Agent9(58->57)
 00:01:53 | WARNING! Aborting ECBS - could not obtain an initial solution for the following agents: Agent9(58->57)
 00:01:53 | WARNING! Aborting ECBS - could not obtain an initial solution for the following agents: Agent9(58->57)
 00:01:53 | WARNING! Aborting ECBS - could not obtain an initial solution for the following agents: Agent9(58->57)
 00:01:54 | WARNING! Aborting ECBS - could not obtain an initial solution for the following agents: Agent5(57->56)
 00:01:54 | WARNING! Aborting ECBS - could not obtain an initial solution for the following agents: Agent5(57->56)
 00:01:54 | WARNING! Aborting ECBS - could not obtain an initial solution for the following agents: Agent5(57->56)
 00:01:55 | 00:04:11 | 0.02:30:41 |  31.39%  |  3512   |   3501   | 60%  |  79955   |   0    | 190.41MB  
 00:01:55 | WARNING! Aborting ECBS - could not obtain an initial solution for the following agents: Agent28(42->41)
 00:01:55 | WARNING! Aborting ECBS - could not obtain an initial solution for the following agents: Agent28(42->41)
 00:01:56 | WARNING! Aborting ECBS - could not obtain an initial solution for the following agents: Agent21(41->40)
 00:01:57 | WARNING! Aborting ECBS - could not obtain an initial solution for the following agents: Agent7(57->56)
 00:01:57 | WARNING! Aborting ECBS - could not obtain an initial solution for the following agents: Agent7(57->56)
 00:01:59 | WARNING! Aborting ECBS - could not obtain an initial solution for the following agents: Agent19(1->0)
 00:01:59 | WARNING! Aborting ECBS - could not obtain an initial solution for the following agents: Agent24(25->24)
 00:01:59 | WARNING! Aborting ECBS - could not obtain an initial solution for the following agents: Agent24(25->24)
 00:02:00 | 00:04:01 | 0.02:39:22 |  33.20%  |  3712   |   3705   | 60%  |  84884   |   0    | 188.01MB  
 00:02:00 | WARNING! Aborting ECBS - could not obtain an initial solution for the following agents: Agent27(8->7)
 00:02:01 | WARNING! Aborting ECBS - could not obtain an initial solution for the following agents: Agent10(40->39)
 00:02:01 | WARNING! Aborting ECBS - could not obtain an initial solution for the following agents: Agent10(40->39)
 00:02:02 | WARNING! Aborting ECBS - could not obtain an initial solution for the following agents: Agent30(41->40)
 00:02:02 | WARNING! Aborting ECBS - could not obtain an initial solution for the following agents: Agent30(41->40)
 00:02:03 | WARNING! Aborting ECBS - could not obtain an initial solution for the following agents: Agent7(51->50)
 00:02:03 | WARNING! Aborting ECBS - could not obtain an initial solution for the following agents: Agent7(51->50)
 00:02:05 | 00:03:45 | 0.02:51:00 |  35.62%  |  3984   |   3977   | 60%  |  91178   |   0    | 188.11MB  
 00:02:05 | WARNING! Aborting ECBS - could not obtain an initial solution for the following agents: Agent11(25->24)
 00:02:05 | WARNING! Aborting ECBS - could not obtain an initial solution for the following agents: Agent11(25->24)
 00:02:06 | WARNING! Aborting ECBS - could not obtain an initial solution for the following agents: Agent21(41->40)
 00:02:06 | WARNING! Aborting ECBS - could not obtain an initial solution for the following agents: Agent21(41->40)
 00:02:06 | WARNING! Aborting ECBS - could not obtain an initial solution for the following agents: Agent21(41->40)
 00:02:10 | 00:03:40 | 0.02:57:59 |  37.08%  |  4147   |   4141   | 60%  |  95152   |   0    | 201.00MB  
 00:02:12 | WARNING! Aborting ECBS - could not obtain an initial solution for the following agents: Agent7(57->56)
 00:02:12 | WARNING! Aborting ECBS - could not obtain an initial solution for the following agents: Agent7(57->56)
 00:02:12 | WARNING! Aborting ECBS - could not obtain an initial solution for the following agents: Agent7(57->56)
 00:02:13 | WARNING! Aborting ECBS - could not obtain an initial solution for the following agents: Agent27(8->7)
 00:02:13 | WARNING! Aborting ECBS - could not obtain an initial solution for the following agents: Agent4(3->1)
 00:02:13 | WARNING! Aborting ECBS - could not obtain an initial solution for the following agents: Agent4(3->2)
 00:02:14 | WARNING! Aborting ECBS - could not obtain an initial solution for the following agents: Agent5(57->56)
 00:02:15 | 00:03:33 | 0.03:06:09 |  38.78%  |  4337   |   4333   | 60%  |  99658   |   0    | 199.20MB  
 00:02:15 | WARNING! Aborting ECBS - could not obtain an initial solution for the following agents: Agent25(9->8)
 00:02:15 | WARNING! Aborting ECBS - could not obtain an initial solution for the following agents: Agent25(9->8)
 00:02:15 | WARNING! Aborting ECBS - could not obtain an initial solution for the following agents: Agent25(9->8)
 00:02:16 | WARNING! Aborting ECBS - could not obtain an initial solution for the following agents: Agent24(24->23)
 00:02:16 | WARNING! Aborting ECBS - could not obtain an initial solution for the following agents: Agent24(24->23)
 00:02:16 | WARNING! Aborting ECBS - could not obtain an initial solution for the following agents: Agent24(24->23)
 00:02:20 | 00:03:28 | 0.03:13:01 |  40.21%  |  4499   |   4495   | 60%  |  103597  |   0    | 198.80MB  
 00:02:20 | WARNING! Aborting ECBS - could not obtain an initial solution for the following agents: Agent16(58->57)
 00:02:20 | WARNING! Aborting ECBS - could not obtain an initial solution for the following agents: Agent16(58->57)
 00:02:20 | WARNING! Aborting ECBS - could not obtain an initial solution for the following agents: Agent16(58->57)
 00:02:20 | WARNING! Aborting ECBS - could not obtain an initial solution for the following agents: Agent5(57->56)
 00:02:20 | WARNING! Aborting ECBS - could not obtain an initial solution for the following agents: Agent5(57->56)
 00:02:23 | WARNING! Aborting ECBS - could not obtain an initial solution for the following agents: Agent5(56->55)
 00:02:25 | 00:03:23 | 0.03:19:44 |  41.61%  |  4657   |   4652   | 60%  |  107364  |   0    | 201.89MB  
 00:02:28 | WARNING! Aborting ECBS - could not obtain an initial solution for the following agents: Agent28(40->39)
 00:02:28 | WARNING! Aborting ECBS - could not obtain an initial solution for the following agents: Agent28(40->39)
 00:02:30 | 00:03:14 | 0.03:28:51 |  43.51%  |  4869   |   4865   | 60%  |  112050  |   0    | 200.49MB  
 00:02:30 | WARNING! Aborting ECBS - could not obtain an initial solution for the following agents: Agent29(57->56)
 00:02:34 | WARNING! Aborting ECBS - could not obtain an initial solution for the following agents: Agent29(56->54)
 00:02:34 | WARNING! Aborting ECBS - could not obtain an initial solution for the following agents: Agent29(56->55)
 00:02:35 | WARNING! Aborting ECBS - could not obtain an initial solution for the following agents: Agent21(41->40)
 00:02:35 | 00:03:04 | 0.03:39:19 |  45.69%  |  5113   |   5110   | 60%  |  117596  |   0    | 201.18MB  
 00:02:35 | WARNING! Aborting ECBS - could not obtain an initial solution for the following agents: Agent11(25->24)
 00:02:35 | WARNING! Aborting ECBS - could not obtain an initial solution for the following agents: Agent11(25->24)
 00:02:37 | WARNING! Aborting ECBS - could not obtain an initial solution for the following agents: Agent4(9->8)
 00:02:37 | WARNING! Aborting ECBS - could not obtain an initial solution for the following agents: Agent28(41->40)
 00:02:38 | WARNING! Aborting ECBS - could not obtain an initial solution for the following agents: Agent7(56->55)
 00:02:38 | WARNING! Aborting ECBS - could not obtain an initial solution for the following agents: Agent7(56->55)
 00:02:39 | WARNING! Aborting ECBS - could not obtain an initial solution for the following agents: Agent29(57->56)
 00:02:39 | WARNING! Aborting ECBS - could not obtain an initial solution for the following agents: Agent24(25->24)
 00:02:39 | WARNING! Aborting ECBS - could not obtain an initial solution for the following agents: Agent24(25->24)
 00:02:39 | WARNING! Aborting ECBS - could not obtain an initial solution for the following agents: Agent10(41->40)
 00:02:40 | WARNING! Aborting ECBS - could not obtain an initial solution for the following agents: Agent10(41->40)
 00:02:40 | 00:02:59 | 0.03:46:27 |  47.18%  |  5279   |   5278   | 60%  |  121741  |   0    | 199.03MB  
 00:02:40 | WARNING! Aborting ECBS - could not obtain an initial solution for the following agents: Agent9(57->56)
 00:02:43 | WARNING! Aborting ECBS - could not obtain an initial solution for the following agents: Agent28(40->39)
 00:02:44 | WARNING! Aborting ECBS - could not obtain an initial solution for the following agents: Agent29(56->55)
 00:02:44 | WARNING! Aborting ECBS - could not obtain an initial solution for the following agents: Agent29(56->55)
 00:02:45 | 00:02:48 | 0.03:57:47 |  49.54%  |  5546   |   5544   | 60%  |  127277  |   0    | 200.24MB  
 00:02:45 | WARNING! Aborting ECBS - could not obtain an initial solution for the following agents: Agent5(57->56)
 00:02:45 | WARNING! Aborting ECBS - could not obtain an initial solution for the following agents: Agent5(57->56)
 00:02:45 | WARNING! Aborting ECBS - could not obtain an initial solution for the following agents: Agent28(42->41)
 00:02:45 | WARNING! Aborting ECBS - could not obtain an initial solution for the following agents: Agent28(42->41)
 00:02:46 | WARNING! Aborting ECBS - could not obtain an initial solution for the following agents: Agent30(41->40)
 00:02:46 | WARNING! Aborting ECBS - could not obtain an initial solution for the following agents: Agent30(41->40)
 00:02:50 | 00:02:45 | 0.04:03:29 |  50.73%  |  5677   |   5678   | 60%  |  130599  |   0    | 206.24MB  
 00:02:50 | WARNING! Aborting ECBS - could not obtain an initial solution for the following agents: Agent19(9->8)
 00:02:50 | WARNING! Aborting ECBS - could not obtain an initial solution for the following agents: Agent7(57->56)
 00:02:50 | WARNING! Aborting ECBS - could not obtain an initial solution for the following agents: Agent7(57->56)
 00:02:51 | WARNING! Aborting ECBS - could not obtain an initial solution for the following agents: Agent10(41->40)
 00:02:52 | WARNING! Aborting ECBS - could not obtain an initial solution for the following agents: Agent1(9->8)
 00:02:55 | 00:02:38 | 0.04:12:02 |  52.51%  |  5877   |   5878   | 60%  |  135321  |   0    | 206.96MB  
 00:02:56 | WARNING! Aborting ECBS - could not obtain an initial solution for the following agents: Agent24(18->17)
 00:02:57 | WARNING! Aborting ECBS - could not obtain an initial solution for the following agents: Agent28(41->40)
 00:02:58 | WARNING! Aborting ECBS - could not obtain an initial solution for the following agents: Agent2(24->23)
 00:02:58 | WARNING! Aborting ECBS - could not obtain an initial solution for the following agents: Agent2(24->23)
 00:02:58 | WARNING! Aborting ECBS - could not obtain an initial solution for the following agents: Agent2(24->23)
 00:02:59 | WARNING! Aborting ECBS - could not obtain an initial solution for the following agents: Agent25(3->2)
 00:03:00 | 00:02:28 | 0.04:22:37 |  54.71%  |  6120   |   6126   | 60%  |  141027  |   0    | 209.85MB  
 00:03:05 | 00:02:19 | 0.04:33:40 |  57.02%  |  6378   |   6384   | 60%  |  146582  |   0    | 210.73MB  
 00:03:05 | WARNING! Aborting ECBS - could not obtain an initial solution for the following agents: Agent28(40->39)
 00:03:05 | WARNING! Aborting ECBS - could not obtain an initial solution for the following agents: Agent28(40->39)
 00:03:10 | 00:02:12 | 0.04:42:45 |  58.91%  |  6592   |   6596   | 60%  |  151448  |   0    | 216.23MB  
 00:03:10 | WARNING! Aborting ECBS - could not obtain an initial solution for the following agents: Agent29(59->50)
 00:03:12 | WARNING! Aborting ECBS - could not obtain an initial solution for the following agents: Agent8(41->40)
 00:03:12 | WARNING! Aborting ECBS - could not obtain an initial solution for the following agents: Agent8(41->40)
 00:03:15 | 00:02:04 | 0.04:52:57 |  61.03%  |  6825   |   6836   | 60%  |  156844  |   0    | 214.10MB  
 00:03:20 | 00:02:01 | 0.04:58:14 |  62.13%  |  6943   |   6959   | 60%  |  159893  |   0    | 216.98MB  
 00:03:22 | WARNING! Aborting ECBS - could not obtain an initial solution for the following agents: Agent5(57->56)
 00:03:22 | WARNING! Aborting ECBS - could not obtain an initial solution for the following agents: Agent5(57->56)
 00:03:22 | WARNING! Aborting ECBS - could not obtain an initial solution for the following agents: Agent5(57->56)
 00:03:22 | WARNING! Aborting ECBS - could not obtain an initial solution for the following agents: Agent7(56->55)
 00:03:22 | WARNING! Aborting ECBS - could not obtain an initial solution for the following agents: Agent7(56->55)
 00:03:25 | 00:01:57 | 0.05:05:23 |  63.62%  |  7110   |   7126   | 60%  |  163869  |   0    | 213.61MB  
 00:03:27 | WARNING! Aborting ECBS - could not obtain an initial solution for the following agents: Agent21(40->39)
 00:03:27 | WARNING! Aborting ECBS - could not obtain an initial solution for the following agents: Agent21(40->39)
 00:03:29 | WARNING! Aborting ECBS - could not obtain an initial solution for the following agents: Agent9(56->55)
 00:03:29 | WARNING! Aborting ECBS - could not obtain an initial solution for the following agents: Agent9(56->55)
 00:03:29 | WARNING! Aborting ECBS - could not obtain an initial solution for the following agents: Agent9(56->55)
 00:03:30 | 00:01:50 | 0.05:14:19 |  65.49%  |  7319   |   7336   | 60%  |  169059  |   0    | 214.21MB  
 00:03:31 | WARNING! Aborting ECBS - could not obtain an initial solution for the following agents: Agent27(9->8)
 00:03:33 | WARNING! Aborting ECBS - could not obtain an initial solution for the following agents: Agent29(57->56)
 00:03:33 | WARNING! Aborting ECBS - could not obtain an initial solution for the following agents: Agent29(57->56)
 00:03:33 | WARNING! Aborting ECBS - could not obtain an initial solution for the following agents: Agent14(9->8)
 00:03:35 | 00:01:45 | 0.05:21:53 |  67.06%  |  7496   |   7514   | 60%  |  173208  |   0    | 213.55MB  
 00:03:35 | WARNING! Aborting ECBS - could not obtain an initial solution for the following agents: Agent21(41->40)
 00:03:36 | WARNING! Aborting ECBS - could not obtain an initial solution for the following agents: Agent14(3->1)
 00:03:36 | WARNING! Aborting ECBS - could not obtain an initial solution for the following agents: Agent14(3->2)
 00:03:37 | WARNING! Aborting ECBS - could not obtain an initial solution for the following agents: Agent0(25->24)
 00:03:38 | WARNING! Aborting ECBS - could not obtain an initial solution for the following agents: Agent4(9->8)
 00:03:38 | WARNING! Aborting ECBS - could not obtain an initial solution for the following agents: Agent28(40->39)
 00:03:39 | WARNING! Aborting ECBS - could not obtain an initial solution for the following agents: Agent29(56->55)
 00:03:40 | 00:01:39 | 0.05:30:59 |  68.96%  |  7710   |   7727   | 60%  |  178132  |   0    | 214.43MB  
 00:03:40 | WARNING! Aborting ECBS - could not obtain an initial solution for the following agents: Agent26(24->23)
 00:03:40 | WARNING! Aborting ECBS - could not obtain an initial solution for the following agents: Agent25(3->1)
 00:03:40 | WARNING! Aborting ECBS - could not obtain an initial solution for the following agents: Agent25(3->1)
 00:03:42 | WARNING! Aborting ECBS - could not obtain an initial solution for the following agents: Agent5(59->50)
 00:03:42 | WARNING! Aborting ECBS - could not obtain an initial solution for the following agents: Agent5(59->58)
 00:03:43 | WARNING! Aborting ECBS - could not obtain an initial solution for the following agents: Agent21(42->41)
 00:03:43 | WARNING! Aborting ECBS - could not obtain an initial solution for the following agents: Agent21(42->41)
 00:03:43 | WARNING! Aborting ECBS - could not obtain an initial solution for the following agents: Agent21(42->41)
 00:03:43 | WARNING! Aborting ECBS - could not obtain an initial solution for the following agents: Agent10(41->40)
 00:03:45 | 00:01:30 | 0.05:41:54 |  71.23%  |  7963   |   7983   | 60%  |  183922  |   0    | 214.89MB  
 00:03:50 | 00:01:27 | 0.05:47:46 |  72.45%  |  8098   |   8120   | 60%  |  187027  |   0    | 215.68MB  
 00:03:50 | WARNING! Aborting ECBS - could not obtain an initial solution for the following agents: Agent9(56->55)
 00:03:50 | WARNING! Aborting ECBS - could not obtain an initial solution for the following agents: Agent9(56->55)
 00:03:52 | WARNING! Aborting ECBS - could not obtain an initial solution for the following agents: Agent25(9->2)
 00:03:52 | WARNING! Aborting ECBS - could not obtain an initial solution for the following agents: Agent25(9->2)
 00:03:53 | WARNING! Aborting ECBS - could not obtain an initial solution for the following agents: Agent9(57->56)
 00:03:53 | WARNING! Aborting ECBS - could not obtain an initial solution for the following agents: Agent9(57->56)
 00:03:53 | WARNING! Aborting ECBS - could not obtain an initial solution for the following agents: Agent9(57->56)
 00:03:55 | 00:01:22 | 0.05:55:34 |  74.08%  |  8279   |   8303   | 60%  |  191194  |   0    | 216.71MB  
 00:04:00 | 00:01:21 | 0.05:58:47 |  74.75%  |  8352   |   8379   | 60%  |  193263  |   0    | 218.87MB  
 00:04:00 | WARNING! Aborting ECBS - could not obtain an initial solution for the following agents: Agent16(59->50)
 00:04:00 | WARNING! Aborting ECBS - could not obtain an initial solution for the following agents: Agent16(59->50)
 00:04:00 | WARNING! Aborting ECBS - could not obtain an initial solution for the following agents: Agent16(59->50)
 00:04:02 | WARNING! Aborting ECBS - could not obtain an initial solution for the following agents: Agent28(41->40)
 00:04:05 | 00:01:15 | 0.06:07:03 |  76.47%  |  8543   |   8573   | 60%  |  197434  |   0    | 217.86MB  
 00:04:08 | WARNING! Aborting ECBS - could not obtain an initial solution for the following agents: Agent16(57->56)
 00:04:08 | WARNING! Aborting ECBS - could not obtain an initial solution for the following agents: Agent16(57->56)
 00:04:09 | WARNING! Aborting ECBS - could not obtain an initial solution for the following agents: Agent28(41->40)
 00:04:10 | 00:01:08 | 0.06:16:10 |  78.37%  |  8757   |   8787   | 60%  |  202406  |   0    | 219.64MB  
 00:04:12 | WARNING! Aborting ECBS - could not obtain an initial solution for the following agents: Agent19(9->8)
 00:04:15 | 00:01:02 | 0.06:24:56 |  80.19%  |  8964   |   8992   | 60%  |  207152  |   0    | 220.03MB  
 00:04:15 | WARNING! Aborting ECBS - could not obtain an initial solution for the following agents: Agent14(9->8)
 00:04:15 | WARNING! Aborting ECBS - could not obtain an initial solution for the following agents: Agent1(9->8)
 00:04:16 | WARNING! Aborting ECBS - could not obtain an initial solution for the following agents: Agent14(9->8)
 00:04:16 | WARNING! Aborting ECBS - could not obtain an initial solution for the following agents: Agent14(9->8)
 00:04:16 | WARNING! Aborting ECBS - could not obtain an initial solution for the following agents: Agent11(24->23)
 00:04:20 | 00:00:57 | 0.06:33:10 |  81.91%  |  9156   |   9185   | 60%  |  211730  |   0    | 224.24MB  
 00:04:21 | WARNING! Aborting ECBS - could not obtain an initial solution for the following agents: Agent27(9->8)
 00:04:21 | WARNING! Aborting ECBS - could not obtain an initial solution for the following agents: Agent27(9->8)
 00:04:22 | WARNING! Aborting ECBS - could not obtain an initial solution for the following agents: Agent25(3->0)
 00:04:22 | WARNING! Aborting ECBS - could not obtain an initial solution for the following agents: Agent25(3->0)
 00:04:22 | WARNING! Aborting ECBS - could not obtain an initial solution for the following agents: Agent25(3->0)
 00:04:22 | WARNING! Aborting ECBS - could not obtain an initial solution for the following agents: Agent25(3->1)
 00:04:22 | WARNING! Aborting ECBS - could not obtain an initial solution for the following agents: Agent25(3->1)
 00:04:22 | WARNING! Aborting ECBS - could not obtain an initial solution for the following agents: Agent25(3->2)
 00:04:25 | 00:00:52 | 0.06:40:58 |  83.54%  |  9338   |   9367   | 60%  |  215908  |   0    | 228.89MB  
 00:04:28 | WARNING! Aborting ECBS - could not obtain an initial solution for the following agents: Agent10(41->40)
 00:04:28 | WARNING! Aborting ECBS - could not obtain an initial solution for the following agents: Agent10(41->40)
 00:04:30 | 00:00:46 | 0.06:49:38 |  85.34%  |  9537   |   9571   | 60%  |  220713  |   0    | 231.14MB  
 00:04:31 | WARNING! Aborting ECBS - could not obtain an initial solution for the following agents: Agent30(41->40)
 00:04:35 | 00:00:40 | 0.06:58:12 |  87.13%  |  9737   |   9771   | 60%  |  225878  |   0    | 229.94MB  
 00:04:38 | WARNING! Aborting ECBS - could not obtain an initial solution for the following agents: Agent5(57->56)
 00:04:40 | 00:00:35 | 0.07:05:45 |  88.70%  |  9912   |   9948   | 60%  |  230142  |   0    | 230.66MB  
 00:04:40 | WARNING! Aborting ECBS - could not obtain an initial solution for the following agents: Agent7(57->56)
 00:04:41 | WARNING! Aborting ECBS - could not obtain an initial solution for the following agents: Agent16(57->56)
 00:04:41 | WARNING! Aborting ECBS - could not obtain an initial solution for the following agents: Agent25(9->8)
 00:04:43 | WARNING! Aborting ECBS - could not obtain an initial solution for the following agents: Agent29(56->55)
 00:04:45 | 00:00:28 | 0.07:16:06 |  90.86%  |  10152  |  10191   | 60%  |  235549  |   0    | 231.65MB  
 00:04:46 | WARNING! Aborting ECBS - could not obtain an initial solution for the following agents: Agent5(57->56)
 00:04:50 | 00:00:22 | 0.07:25:27 |  92.80%  |  10369  |  10411   | 60%  |  240733  |   0    | 232.07MB  
 00:04:51 | WARNING! Aborting ECBS - could not obtain an initial solution for the following agents: Agent28(40->39)
 00:04:51 | WARNING! Aborting ECBS - could not obtain an initial solution for the following agents: Agent25(9->2)
 00:04:51 | WARNING! Aborting ECBS - could not obtain an initial solution for the following agents: Agent2(25->24)
 00:04:53 | WARNING! Aborting ECBS - could not obtain an initial solution for the following agents: Agent8(41->40)
 00:04:55 | 00:00:17 | 0.07:33:11 |  94.41%  |  10551  |  10592   | 60%  |  245010  |   0    | 230.23MB  
 00:04:55 | WARNING! Aborting ECBS - could not obtain an initial solution for the following agents: Agent1(9->8)
 00:04:55 | WARNING! Aborting ECBS - could not obtain an initial solution for the following agents: Agent1(9->8)
 00:05:00 | 00:00:12 | 0.07:41:02 |  96.05%  |  10728  |  10775   | 60%  |  249470  |   0    | 229.53MB  
 00:05:00 | WARNING! Aborting ECBS - could not obtain an initial solution for the following agents: Agent5(58->57)
 00:05:00 | WARNING! Aborting ECBS - could not obtain an initial solution for the following agents: Agent21(41->40)
 00:05:01 | WARNING! Aborting ECBS - could not obtain an initial solution for the following agents: Agent27(9->8)
 00:05:01 | WARNING! Aborting ECBS - could not obtain an initial solution for the following agents: Agent27(9->8)
 00:05:02 | WARNING! Aborting ECBS - could not obtain an initial solution for the following agents: Agent28(43->42)
 00:05:02 | WARNING! Aborting ECBS - could not obtain an initial solution for the following agents: Agent28(43->42)
 00:05:02 | WARNING! Aborting ECBS - could not obtain an initial solution for the following agents: Agent28(43->42)
 00:05:02 | WARNING! Aborting ECBS - could not obtain an initial solution for the following agents: Agent28(43->42)
 00:05:03 | WARNING! Aborting ECBS - could not obtain an initial solution for the following agents: Agent8(40->39)
 00:05:03 | WARNING! Aborting ECBS - could not obtain an initial solution for the following agents: Agent8(40->39)
 00:05:05 | WARNING! Aborting ECBS - could not obtain an initial solution for the following agents: Agent28(40->39)
 00:05:05 | 00:00:06 | 0.07:49:39 |  97.84%  |  10924  |  10977   | 60%  |  254197  |   0    | 229.66MB  
 00:05:05 | WARNING! Aborting ECBS - could not obtain an initial solution for the following agents: Agent28(40->39)
 00:05:06 | WARNING! Aborting ECBS - could not obtain an initial solution for the following agents: Agent2(24->18)
 00:05:06 | WARNING! Aborting ECBS - could not obtain an initial solution for the following agents: Agent2(24->18)
 00:05:06 | WARNING! Aborting ECBS - could not obtain an initial solution for the following agents: Agent28(41->40)
 00:05:06 | WARNING! Aborting ECBS - could not obtain an initial solution for the following agents: Agent28(41->40)
 00:05:07 | WARNING! Aborting ECBS - could not obtain an initial solution for the following agents: Agent1(9->8)
 00:05:10 | 00:00:01 | 0.07:57:39 |  99.51%  |  11112  |  11164   | 60%  |  258584  |   0    | 230.36MB  
 00:05:10 | WARNING! Aborting ECBS - could not obtain an initial solution for the following agents: Agent19(9->8)
 00:05:12 | 00:00:00 | 0.08:00:00 | 100.00%  |  11167  |  11219   | 60%  |  260256  |   0    | 229.60MB  
 00:05:12 | >>> Simulation finished - writing results ...
 00:05:13 | >>> Results written
Simulation finished.
>>> Timings
StatTimingPathPlanningAverage: 0.016319123109843105
StatTimingPathPlanningOverall: 251.67351660000037
StatTimingPathPlanningCount: 15422
StatTimingTaskAllocationAverage: 0.0014834792961608844
StatTimingTaskAllocationOverall: 22.720968900000106
StatTimingTaskAllocationCount: 15316
StatTimingItemStorageAverage: 3.490508234460971E-06
StatTimingItemStorageOverall: 0.039421800000002206
StatTimingItemStorageCount: 11294
StatTimingPodStorageAverage: 0.001978190564805747
StatTimingPodStorageOverall: 6.059197700000004
StatTimingPodStorageCount: 3063
StatTimingReplenishmentBatchingAverage: 7.927812605896286E-06
StatTimingReplenishmentBatchingOverall: 0.09357989999999976
StatTimingReplenishmentBatchingCount: 11804
StatTimingOrderBatchingAverage: 0.0001091376532570164
StatTimingOrderBatchingOverall: 3.3558736999999974
StatTimingOrderBatchingCount: 30749
>>> Overall
StatOverallBundlesPlaced: 15129
StatOverallItemsOrdered: 11211
StatOverallOrdersPlaced: 11211
StatOverallBundlesRejected: 0
StatOverallOrdersRejected: 0
StatOverallBundlesHandled: 11219
StatOverallItemsHandled: 11171
StatOverallLinesHandled: 11171
StatOverallOrdersHandled: 11167
StatOverallCollisions: 0
StatOverallDistanceTraveled: 260256.25298494898
StatOverallDistanceEstimated: 241014
StatOverallAssignedTasks: 15316
StatMaxMemoryUsed: 235.86328125
StatRealTimeUsed: 312.5142639
StatAverageTurnoverTime: 367.17102243023925
StatMedianTurnoverTime: 216.40685185817347
StatLowerQuartileTurnoverTime: 122.09250759462884
StatUpperQuartileTurnoverTime: 491.33250757557107
StatAverageThroughputTime: 114.0260235667609
StatMedianThroughputTime: 120.89266640579262
StatLowerQuartileThroughputTime: 81.04834639598266
StatUpperQuartileThroughputTime: 141.9635461998041
>>> Energy (Rizqi model)
StatEnergyTotalKJ: 19286.62364459201
StatEnergyE1AccelKJ: 5559.583427999972
StatEnergyE2DecelKJ: 0
StatEnergyE3CruiseKJ: 9620.03632800001
StatEnergyE4RotationKJ: 3283.5588263697223
StatEnergyE5LiftLowerKJ: 823.4450622222225
StatEnergyPerOrderKJ: 1.7271087708956758
StatEnergyPerMeterJoule: 74.07646938132827
StatDistanceTraveledRizqiM: 260361
>>> Motion Behavior
StatTurningCount: 32442
StatStopAndGoCount: 44568
StatLoadedDistanceM: 175132
StatLoadedTurningCount: 23830
StatWaitTimeSec: 376875.1977801645

Marked tag finished after 1 tries!
.Fin. - SUCCESS
