<<< Welcome to the RAWSimO CLI >>>
The time is: 04/17/2026 03:47:26
Starting RAWSimO wrapper with the following arguments:
Instance: Material/Instances/CoreBenchmark/aesop.xlayo
Setting: Material/Instances/CoreBenchmark/test-short.xsett
ControlConfig: Material/Instances/CoreBenchmark/aesop-cbs.xconf
StatisticsDir: output_compare/stat10/
Seed: 4
Adding handler for unhandled exceptions ...
Initializing ... 
LayoutConfiguration recognized!
Parsing setting config ...
Parsing control config ...
Parsing layout config ...
Generating instance...
Info about all directions within the generated instance:
# # # # # e p e p p p p p p p p p p p p p p p p p e p p p p p p p p p p p p p p p p p e p p p p p p p p p e s # # # # # 
# # # # # n q ^ + + + + + + + + v + + + + + + + + ^ + + + + + + + + v + + + + + + + + ^ + + + + + + + + q d q # # # # # 
# # # # # b p b + + + + + + + + v + + + + + + + + ^ + + + + + + + + v + + + + + + + + ^ + + + + + + + + v b s # # # # # 
s w w w w d q d < < < < < < < < q < < < < < < < < d < < < < < < < < q < < < < < < < < d < < < < < < < < q d q w w w w w 
p e e e s b p b + + + + + + + + v + + + + + + + + ^ + + + + + + + + v + + + + + + + + ^ + + + + + + + + v b p e e e e n 
s w w w w d q ^ + + + + + + + + v + + + + + + + + ^ + + + + + + + + v + + + + + + + + ^ + + + + + + + + q d q n w w w d 
e e e e e b p b > > > > > > > > p > > > > > > > > b > > > > > > > > p > > > > > > > > b > > > > > > > > p b p e e e e n 
# # # # # n q ^ + + + + + + + + v + + + + + + + + ^ + + + + + + + + v + + + + + + + + ^ + + + + + + + + q d q # # # # # 
# # # # # b p b + + + + + + + + v + + + + + + + + ^ + + + + + + + + v + + + + + + + + ^ + + + + + + + + v b s # # # # # 
s w w w w d q d < < < < < < < < q < < < < < < < < d < < < < < < < < q < < < < < < < < d < < < < < < < < q d q w w w w w 
p e e e s b p b + + + + + + + + v + + + + + + + + ^ + + + + + + + + v + + + + + + + + ^ + + + + + + + + v b p e e e e n 
s w w w w d q ^ + + + + + + + + v + + + + + + + + ^ + + + + + + + + v + + + + + + + + ^ + + + + + + + + q d q n w w w d 
e e e e e b p b > > > > > > > > p > > > > > > > > b > > > > > > > > p > > > > > > > > b > > > > > > > > p b p e e e e n 
# # # # # n q ^ + + + + + + + + v + + + + + + + + ^ + + + + + + + + v + + + + + + + + ^ + + + + + + + + q d q # # # # # 
# # # # # b p b + + + + + + + + v + + + + + + + + ^ + + + + + + + + v + + + + + + + + ^ + + + + + + + + v b s # # # # # 
s w w w w d q d < < < < < < < < q < < < < < < < < d < < < < < < < < q < < < < < < < < d < < < < < < < < q d q w w w w w 
p e e e s b p b + + + + + + + + v + + + + + + + + ^ + + + + + + + + v + + + + + + + + ^ + + + + + + + + v b p e e e e n 
s w w w w d q ^ + + + + + + + + v + + + + + + + + ^ + + + + + + + + v + + + + + + + + ^ + + + + + + + + q d q n w w w d 
e e e e e b p b > > > > > > > > p > > > > > > > > b > > > > > > > > p > > > > > > > > b > > > > > > > > p b p e e e e n 
# # # # # n q ^ + + + + + + + + v + + + + + + + + ^ + + + + + + + + v + + + + + + + + ^ + + + + + + + + q d q # # # # # 
# # # # # b p b + + + + + + + + v + + + + + + + + ^ + + + + + + + + v + + + + + + + + ^ + + + + + + + + v b s # # # # # 
s w w w w d q d < < < < < < < < q < < < < < < < < d < < < < < < < < q < < < < < < < < d < < < < < < < < q d q w w w w w 
p e e e s b p b + + + + + + + + v + + + + + + + + ^ + + + + + + + + v + + + + + + + + ^ + + + + + + + + v b p e e e e n 
s w w w w d q ^ + + + + + + + + v + + + + + + + + ^ + + + + + + + + v + + + + + + + + ^ + + + + + + + + q d q n w w w d 
e e e e e b p b > > > > > > > > p > > > > > > > > b > > > > > > > > p > > > > > > > > b > > > > > > > > p b p e e e e n 
# # # # # n q ^ + + + + + + + + v + + + + + + + + ^ + + + + + + + + v + + + + + + + + ^ + + + + + + + + q d q # # # # # 
# # # # # b p b + + + + + + + + v + + + + + + + + ^ + + + + + + + + v + + + + + + + + ^ + + + + + + + + v b s # # # # # 
# # # # # n q d < < < < < < < < q < < < < < < < < d < < < < < < < < q < < < < < < < < d < < < < < < < < q d q # # # # # 
# # # # # b p b + + + + + + + + v + + + + + + + + ^ + + + + + + + + v + + + + + + + + ^ + + + + + + + + v b s # # # # # 
# # # # # n q ^ + + + + + + + + v + + + + + + + + ^ + + + + + + + + v + + + + + + + + ^ + + + + + + + + q d q # # # # # 
# # # # # b p b > > > > > > > > p > > > > > > > > b > > > > > > > > p > > > > > > > > b > > > > > > > > p b s # # # # # 
# # # # # n q ^ + + + + + + + + v + + + + + + + + ^ + + + + + + + + v + + + + + + + + ^ + + + + + + + + q d q # # # # # 
# # # # # b p b + + + + + + + + v + + + + + + + + ^ + + + + + + + + v + + + + + + + + ^ + + + + + + + + v b s # # # # # 
# # # # # n w d d d d d d d d d w d d d d d d d d d d d d d d d d d w d d d d d d d d d d d d d d d d d w d w # # # # # 


Info about all types within the generated instance:
# # # # # r r r r r r r r r r r r r r r r r r r r r r r r r r r r r r r r r r r r r r r r r r r r r r r r r r # # # # # 
# # # # # r r r s s s s s s s s r s s s s s s s s r s s s s s s s s r s s s s s s s s r s s s s s s s s r r r # # # # # 
# # # # # r r r s s s s s s s s r s s s s s s s s r s s s s s s s s r s s s s s s s s r s s s s s s s s r r r # # # # # 
b b b b b r r r r r r r r r r r r r r r r r r r r r r r r r r r r r r r r r r r r r r r r r r r r r r r r r r b b b b o 
b b b b b r r r s s s s s s s s r s s s s s s s s r s s s s s s s s r s s s s s s s s r s s s s s s s s r r r b b b b b 
b b b b b r r r s s s s s s s s r s s s s s s s s r s s s s s s s s r s s s s s s s s r s s s s s s s s r r r b b b b b 
i b b b b r r r r r r r r r r r r r r r r r r r r r r r r r r r r r r r r r r r r r r r r r r r r r r r r r r b b b b b 
# # # # # r r r s s s s s s s s r s s s s s s s s r s s s s s s s s r s s s s s s s s r s s s s s s s s r r r # # # # # 
# # # # # r r r s s s s s s s s r s s s s s s s s r s s s s s s s s r s s s s s s s s r s s s s s s s s r r r # # # # # 
b b b b b r r r r r r r r r r r r r r r r r r r r r r r r r r r r r r r r r r r r r r r r r r r r r r r r r r b b b b o 
b b b b b r r r s s s s s s s s r s s s s s s s s r s s s s s s s s r s s s s s s s s r s s s s s s s s r r r b b b b b 
b b b b b r r r s s s s s s s s r s s s s s s s s r s s s s s s s s r s s s s s s s s r s s s s s s s s r r r b b b b b 
i b b b b r r r r r r r r r r r r r r r r r r r r r r r r r r r r r r r r r r r r r r r r r r r r r r r r r r b b b b b 
# # # # # r r r s s s s s s s s r s s s s s s s s r s s s s s s s s r s s s s s s s s r s s s s s s s s r r r # # # # # 
# # # # # r r r s s s s s s s s r s s s s s s s s r s s s s s s s s r s s s s s s s s r s s s s s s s s r r r # # # # # 
b b b b b r r r r r r r r r r r r r r r r r r r r r r r r r r r r r r r r r r r r r r r r r r r r r r r r r r b b b b o 
b b b b b r r r s s s s s s s s r s s s s s s s s r s s s s s s s s r s s s s s s s s r s s s s s s s s r r r b b b b b 
b b b b b r r r s s s s s s s s r s s s s s s s s r s s s s s s s s r s s s s s s s s r s s s s s s s s r r r b b b b b 
i b b b b r r r r r r r r r r r r r r r r r r r r r r r r r r r r r r r r r r r r r r r r r r r r r r r r r r b b b b b 
# # # # # r r r s s s s s s s s r s s s s s s s s r s s s s s s s s r s s s s s s s s r s s s s s s s s r r r # # # # # 
# # # # # r r r s s s s s s s s r s s s s s s s s r s s s s s s s s r s s s s s s s s r s s s s s s s s r r r # # # # # 
b b b b b r r r r r r r r r r r r r r r r r r r r r r r r r r r r r r r r r r r r r r r r r r r r r r r r r r b b b b o 
b b b b b r r r s s s s s s s s r s s s s s s s s r s s s s s s s s r s s s s s s s s r s s s s s s s s r r r b b b b b 
b b b b b r r r s s s s s s s s r s s s s s s s s r s s s s s s s s r s s s s s s s s r s s s s s s s s r r r b b b b b 
i b b b b r r r r r r r r r r r r r r r r r r r r r r r r r r r r r r r r r r r r r r r r r r r r r r r r r r b b b b b 
# # # # # r r r s s s s s s s s r s s s s s s s s r s s s s s s s s r s s s s s s s s r s s s s s s s s r r r # # # # # 
# # # # # r r r s s s s s s s s r s s s s s s s s r s s s s s s s s r s s s s s s s s r s s s s s s s s r r r # # # # # 
# # # # # r r r r r r r r r r r r r r r r r r r r r r r r r r r r r r r r r r r r r r r r r r r r r r r r r r # # # # # 
# # # # # r r r s s s s s s s s r s s s s s s s s r s s s s s s s s r s s s s s s s s r s s s s s s s s r r r # # # # # 
# # # # # r r r s s s s s s s s r s s s s s s s s r s s s s s s s s r s s s s s s s s r s s s s s s s s r r r # # # # # 
# # # # # r r r r r r r r r r r r r r r r r r r r r r r r r r r r r r r r r r r r r r r r r r r r r r r r r r # # # # # 
# # # # # r r r s s s s s s s s r s s s s s s s s r s s s s s s s s r s s s s s s s s r s s s s s s s s r r r # # # # # 
# # # # # r r r s s s s s s s s r s s s s s s s s r s s s s s s s s r s s s s s s s s r s s s s s s s s r r r # # # # # 
# # # # # r r r r r r r r r r r r r r r r r r r r r r r r r r r r r r r r r r r r r r r r r r r r r r r r r r # # # # # 


[EnergyConsumption] Configured from LayoutConfiguration: RobotMass=100 kg, PodFrameMass=300 kg
StatisticsFolder: aesop-aesop-aesop-cbs-4
Done!
Executing ... 
 03:47:28 | >>> Warming up ...
 00:00:00 | >>> Warmup finished - starting simulation ...
 Realtime |   ETA    |  Sim.Time  | Progress | #Orders | #Bundles | Inv. | Distance | #Coll. |   Memory    
 00:00:00 |   n/a    | 0.00:00:00 |  0.00%   |    0    |    0     | 70%  |    0     |   0    | 152.16MB  
 00:00:05 | 00:03:22 | 0.00:00:43 |  2.41%   |    0    |    0     | 70%  |   584    |   0    | 163.82MB  
 00:00:10 | 00:05:00 | 0.00:00:58 |  3.23%   |    0    |    0     | 70%  |   782    |   0    | 176.20MB  
 00:00:12 | WARNING! Aborting CBS - could not obtain an initial solution for the following agents: Agent25(74->73)
 00:00:12 | WARNING! Aborting CBS - could not obtain an initial solution for the following agents: Agent25(74->73)
 00:00:12 | WARNING! Aborting CBS - could not obtain an initial solution for the following agents: Agent25(74->73)
 00:00:12 | WARNING! Aborting CBS - could not obtain an initial solution for the following agents: Agent25(74->73)
 00:00:14 | WARNING! Aborting CBS - could not obtain an initial solution for the following agents: Agent7(52->51)
 00:00:14 | WARNING! Aborting CBS - could not obtain an initial solution for the following agents: Agent7(52->51)
 00:00:14 | WARNING! Aborting CBS - could not obtain an initial solution for the following agents: Agent7(52->51)
 00:00:14 | WARNING! Aborting CBS - could not obtain an initial solution for the following agents: Agent16(13->12)
 00:00:14 | WARNING! Aborting CBS - could not obtain an initial solution for the following agents: Agent10(12->11)
 00:00:15 | 00:01:07 | 0.00:05:29 |  18.29%  |   66    |    83    | 71%  |   2929   |   0    | 179.50MB  
 00:00:15 | WARNING! Aborting CBS - could not obtain an initial solution for the following agents: Agent10(12->11)
 00:00:15 | WARNING! Aborting CBS - could not obtain an initial solution for the following agents: Agent10(12->11)
 00:00:15 | WARNING! Aborting CBS - could not obtain an initial solution for the following agents: Agent10(12->11)
 00:00:15 | WARNING! Aborting CBS - could not obtain an initial solution for the following agents: Agent17(72->71)
 00:00:15 | WARNING! Aborting CBS - could not obtain an initial solution for the following agents: Agent17(72->71)
 00:00:15 | WARNING! Aborting CBS - could not obtain an initial solution for the following agents: Agent17(72->71)
 00:00:15 | WARNING! Aborting CBS - could not obtain an initial solution for the following agents: Agent17(72->71)
 00:00:15 | WARNING! Aborting CBS - could not obtain an initial solution for the following agents: Agent13(52->51)
 00:00:18 | WARNING! Aborting CBS - could not obtain an initial solution for the following agents: Agent0(33->32)
 00:00:18 | WARNING! Aborting CBS - could not obtain an initial solution for the following agents: Agent0(33->32)
 00:00:18 | WARNING! Aborting CBS - could not obtain an initial solution for the following agents: Agent0(33->32)
 00:00:19 | WARNING! Aborting CBS - could not obtain an initial solution for the following agents: Agent11(52->51)
 00:00:19 | WARNING! Aborting CBS - could not obtain an initial solution for the following agents: Agent11(52->51)
 00:00:19 | WARNING! Aborting CBS - could not obtain an initial solution for the following agents: Agent11(52->51)
 00:00:20 | 00:00:19 | 0.00:15:10 |  50.57%  |   198   |   274    | 72%  |   8157   |   0    | 182.25MB  
 00:00:20 | WARNING! Aborting CBS - could not obtain an initial solution for the following agents: Agent19(32->31)
 00:00:20 | WARNING! Aborting CBS - could not obtain an initial solution for the following agents: Agent19(32->31)
 00:00:20 | WARNING! Aborting CBS - could not obtain an initial solution for the following agents: Agent19(32->31)
 00:00:20 | WARNING! Aborting CBS - could not obtain an initial solution for the following agents: Agent19(32->31)
 00:00:20 | WARNING! Aborting CBS - could not obtain an initial solution for the following agents: Agent19(32->31)
 00:00:22 | WARNING! Aborting CBS - could not obtain an initial solution for the following agents: Agent8(12->11)
 00:00:22 | WARNING! Aborting CBS - could not obtain an initial solution for the following agents: Agent8(12->11)
 00:00:22 | WARNING! Aborting CBS - could not obtain an initial solution for the following agents: Agent12(124->123)
 00:00:22 | WARNING! Aborting CBS - could not obtain an initial solution for the following agents: Agent12(124->123)
 00:00:22 | WARNING! Aborting CBS - could not obtain an initial solution for the following agents: Agent12(124->123)
 00:00:22 | WARNING! Aborting CBS - could not obtain an initial solution for the following agents: Agent12(124->123)
 00:00:23 | WARNING! Aborting CBS - could not obtain an initial solution for the following agents: Agent19(24->23)
 00:00:23 | WARNING! Aborting CBS - could not obtain an initial solution for the following agents: Agent19(24->23)
 00:00:23 | WARNING! Aborting CBS - could not obtain an initial solution for the following agents: Agent19(24->23)
 00:00:23 | WARNING! Aborting CBS - could not obtain an initial solution for the following agents: Agent19(24->23)
 00:00:25 | 00:00:09 | 0.00:21:30 |  71.67%  |   275   |   390    | 73%  |  11866   |   0    | 186.87MB  
 00:00:25 | WARNING! Aborting CBS - could not obtain an initial solution for the following agents: Agent3(32->31)
 00:00:25 | WARNING! Aborting CBS - could not obtain an initial solution for the following agents: Agent3(32->31)
 00:00:25 | WARNING! Aborting CBS - could not obtain an initial solution for the following agents: Agent3(32->31)
 00:00:25 | WARNING! Aborting CBS - could not obtain an initial solution for the following agents: Agent3(32->31)
 00:00:25 | WARNING! Aborting CBS - could not obtain an initial solution for the following agents: Agent14(52->51)
 00:00:25 | WARNING! Aborting CBS - could not obtain an initial solution for the following agents: Agent14(52->51)
 00:00:26 | WARNING! Aborting CBS - could not obtain an initial solution for the following agents: Agent6(72->71)
 00:00:26 | WARNING! Aborting CBS - could not obtain an initial solution for the following agents: Agent6(72->71)
 00:00:27 | WARNING! Aborting CBS - could not obtain an initial solution for the following agents: Agent10(13->12)
 00:00:27 | WARNING! Aborting CBS - could not obtain an initial solution for the following agents: Agent10(13->12)
 00:00:27 | WARNING! Aborting CBS - could not obtain an initial solution for the following agents: Agent10(13->12)
 00:00:29 | 00:00:00 | 0.00:30:00 | 100.00%  |   373   |   547    | 75%  |  17116   |   0    | 188.04MB  
 00:00:29 | >>> Simulation finished - writing results ...
 00:00:30 | >>> Results written
Simulation finished.
>>> Timings
StatTimingPathPlanningAverage: 0.020648547808358814
StatTimingPathPlanningOverall: 20.256225399999995
StatTimingPathPlanningCount: 981
StatTimingTaskAllocationAverage: 0.011302939367816104
StatTimingTaskAllocationOverall: 7.866845800000008
StatTimingTaskAllocationCount: 696
StatTimingItemStorageAverage: 9.915530903328038E-06
StatTimingItemStorageOverall: 0.006256699999999993
StatTimingItemStorageCount: 631
StatTimingPodStorageAverage: 0.010450661187214612
StatTimingPodStorageOverall: 2.2886948
StatTimingPodStorageCount: 219
StatTimingReplenishmentBatchingAverage: 2.4916119402985034E-05
StatTimingReplenishmentBatchingOverall: 0.016693799999999974
StatTimingReplenishmentBatchingCount: 670
StatTimingOrderBatchingAverage: 0.00010521616814874702
StatTimingOrderBatchingOverall: 0.13015240000000006
StatTimingOrderBatchingCount: 1237
>>> Overall
StatOverallBundlesPlaced: 629
StatOverallItemsOrdered: 644
StatOverallOrdersPlaced: 389
StatOverallBundlesRejected: 0
StatOverallOrdersRejected: 0
StatOverallBundlesHandled: 547
StatOverallItemsHandled: 580
StatOverallLinesHandled: 549
StatOverallOrdersHandled: 373
StatOverallCollisions: 0
StatOverallDistanceTraveled: 17116.114095224802
StatOverallDistanceEstimated: 15846
StatOverallAssignedTasks: 696
StatMaxMemoryUsed: 188.03515625
StatRealTimeUsed: 29.7854358
StatAverageTurnoverTime: 515.6602564036413
StatMedianTurnoverTime: 356.1828352575456
StatLowerQuartileTurnoverTime: 195.98205749110002
StatUpperQuartileTurnoverTime: 745.3946971601353
StatAverageThroughputTime: 81.63500666000819
StatMedianThroughputTime: 50.148559091874176
StatLowerQuartileThroughputTime: 30.31503979164313
StatUpperQuartileThroughputTime: 123.63558082535155
>>> Energy (Rizqi model)
StatEnergyTotalKJ: 2175.179173775934
StatEnergyE1AccelKJ: 773.6046070258441
StatEnergyE2DecelKJ: 0
StatEnergyE3CruiseKJ: 573.4293298265345
StatEnergyE4RotationKJ: 257.51272695630206
StatEnergyE5LiftLowerKJ: 570.6325099672538
StatEnergyPerOrderKJ: 5.831579554359072
StatEnergyPerMeterJoule: 126.20708870182385
StatDistanceTraveledRizqiM: 17235
>>> Motion Behavior
StatTurningCount: 2280
StatStopAndGoCount: 2842
StatLoadedDistanceM: 12373
StatLoadedTurningCount: 1770
StatWaitTimeSec: 19053.027616768326
StatMoveEnergyEmptyKJ: 68.7306
StatMoveTimeEmptySec: 6247.82191739681
StatTurnEnergyEmptyKJ: 9.648204800630902
StatTurnTimeEmptySec: 520.9160322386617
StatMoveEnergyLoadedKJ: 1278.3033368523784
StatMoveTimeLoadedSec: 18658.809557335597
StatTurnEnergyLoadedKJ: 247.86452215567112
StatTurnTimeLoadedSec: 1800.1638316837962
StatPrefEmptyW: 11.579530096131432
StatPrefLoadedW: 74.59650247295225

Marked tag finished after 1 tries!
.Fin. - SUCCESS
