<<< Welcome to the RAWSimO CLI >>>
The time is: 04/14/2026 00:26:14
Starting RAWSimO wrapper with the following arguments:
Instance: Material/Instances/PP/1-4-4-32-550.xinst
Setting: Material/Instances/PP/PPMinimal.xsett
ControlConfig: Material/Instances/PP/aesop-cbs.xconf
StatisticsDir: C:\Users\Aesop\Desktop\rawsim-o-rmfs-world-models\output_exp\cbs\seed_29
Seed: 29
Adding handler for unhandled exceptions ...
Initializing ... 
Instance recognized!
Parsing setting config ...
Parsing control config ...
Parsing instance ...
StatisticsFolder: 1-4-4-32-550-PPMinimal-aesop-cbs-29
Done!
Executing ... 
 00:26:16 | >>> Warming up ...
 00:00:00 | >>> Warmup finished - starting simulation ...
 Realtime |   ETA    |  Sim.Time  | Progress | #Orders | #Bundles | Inv. | Distance | #Coll. |   Memory    
 00:00:00 |   n/a    | 0.00:00:00 |  0.00%   |    0    |    0     | 60%  |    0     |   0    | 123.04MB  
 00:00:05 | 04:21:11 | 0.00:00:09 |  0.03%   |    0    |    0     | 60%  |   184    |   0    | 132.36MB  
 00:00:10 | 02:15:32 | 0.00:00:35 |  0.12%   |    0    |    0     | 60%  |   821    |   0    | 142.86MB  
 00:00:15 | 02:56:39 | 0.00:00:40 |  0.14%   |    0    |    0     | 60%  |   924    |   0    | 150.77MB  
 00:00:20 | 03:13:02 | 0.00:00:49 |  0.17%   |    2    |    0     | 60%  |   1123   |   0    | 154.68MB  
 00:00:25 | 03:38:26 | 0.00:00:54 |  0.19%   |    2    |    0     | 60%  |   1223   |   0    | 161.89MB  
 00:00:30 | 03:59:39 | 0.00:00:59 |  0.21%   |    4    |    0     | 60%  |   1325   |   0    | 165.86MB  
 00:00:32 | WARNING! Aborting CBS - could not obtain an initial solution for the following agents: Agent8(41->32)
 00:00:32 | WARNING! Aborting CBS - could not obtain an initial solution for the following agents: Agent8(41->32)
 00:00:32 | WARNING! Aborting CBS - could not obtain an initial solution for the following agents: Agent8(41->34)
 00:00:34 | WARNING! Aborting CBS - could not obtain an initial solution for the following agents: Agent27(1->0)
 00:00:34 | WARNING! Aborting CBS - could not obtain an initial solution for the following agents: Agent27(1->0)
 00:00:35 | 03:20:03 | 0.00:01:23 |  0.29%   |   13    |    4     | 60%  |   1749   |   0    | 167.50MB  
 00:00:40 | 00:32:31 | 0.00:09:38 |  2.01%   |   207   |   197    | 60%  |   4950   |   0    | 168.51MB  
 00:00:41 | WARNING! Aborting CBS - could not obtain an initial solution for the following agents: Agent5(57->56)
 00:00:41 | WARNING! Aborting CBS - could not obtain an initial solution for the following agents: Agent9(57->56)
 00:00:43 | WARNING! Aborting CBS - could not obtain an initial solution for the following agents: Agent9(57->56)
 00:00:45 | 00:20:55 | 0.00:16:36 |  3.46%   |   371   |   361    | 60%  |   8316   |   0    | 168.95MB  
 00:00:49 | WARNING! Aborting CBS - could not obtain an initial solution for the following agents: Agent14(9->8)
 00:00:50 | 00:15:50 | 0.00:23:59 |  5.00%   |   546   |   532    | 60%  |  12053   |   0    | 169.73MB  
 00:00:50 | WARNING! Aborting CBS - could not obtain an initial solution for the following agents: Agent19(3->1)
 00:00:50 | WARNING! Aborting CBS - could not obtain an initial solution for the following agents: Agent19(3->1)
 00:00:50 | WARNING! Aborting CBS - could not obtain an initial solution for the following agents: Agent19(3->2)
 00:00:51 | WARNING! Aborting CBS - could not obtain an initial solution for the following agents: Agent8(41->40)
 00:00:51 | WARNING! Aborting CBS - could not obtain an initial solution for the following agents: Agent8(41->40)
 00:00:51 | WARNING! Aborting CBS - could not obtain an initial solution for the following agents: Agent8(41->40)
 00:00:51 | WARNING! Aborting CBS - could not obtain an initial solution for the following agents: Agent8(41->40)
 00:00:51 | WARNING! Aborting CBS - could not obtain an initial solution for the following agents: Agent29(57->56)
 00:00:51 | WARNING! Aborting CBS - could not obtain an initial solution for the following agents: Agent29(57->56)
 00:00:54 | WARNING! Aborting CBS - could not obtain an initial solution for the following agents: Agent26(25->24)
 00:00:54 | WARNING! Aborting CBS - could not obtain an initial solution for the following agents: Agent26(25->24)
 00:00:54 | WARNING! Aborting CBS - could not obtain an initial solution for the following agents: Agent10(41->40)
 00:00:54 | WARNING! Aborting CBS - could not obtain an initial solution for the following agents: Agent10(41->40)
 00:00:55 | 00:12:34 | 0.00:32:35 |  6.79%   |   747   |   734    | 60%  |  16359   |   0    | 169.02MB  
 00:00:56 | WARNING! Aborting CBS - could not obtain an initial solution for the following agents: Agent16(57->56)
 00:00:57 | WARNING! Aborting CBS - could not obtain an initial solution for the following agents: Agent16(57->56)
 00:01:00 | 00:11:24 | 0.00:38:40 |  8.06%   |   884   |   876    | 60%  |  19665   |   0    | 168.23MB  
 00:01:00 | WARNING! Aborting CBS - could not obtain an initial solution for the following agents: Agent26(27->26)
 00:01:00 | WARNING! Aborting CBS - could not obtain an initial solution for the following agents: Agent26(27->25)
 00:01:00 | WARNING! Aborting CBS - could not obtain an initial solution for the following agents: Agent26(27->26)
 00:01:00 | WARNING! Aborting CBS - could not obtain an initial solution for the following agents: Agent26(27->26)
 00:01:00 | WARNING! Aborting CBS - could not obtain an initial solution for the following agents: Agent26(27->17)
 00:01:00 | WARNING! Aborting CBS - could not obtain an initial solution for the following agents: Agent26(27->17)
 00:01:00 | WARNING! Aborting CBS - could not obtain an initial solution for the following agents: Agent21(41->40)
 00:01:04 | WARNING! Aborting CBS - could not obtain an initial solution for the following agents: Agent7(57->56)
 00:01:04 | WARNING! Aborting CBS - could not obtain an initial solution for the following agents: Agent7(57->56)
 00:01:04 | WARNING! Aborting CBS - could not obtain an initial solution for the following agents: Agent7(57->56)
 00:01:05 | 00:09:30 | 0.00:49:03 |  10.22%  |  1127   |   1120   | 60%  |  25136   |   0    | 169.43MB  
 00:01:09 | WARNING! Aborting CBS - could not obtain an initial solution for the following agents: Agent1(3->1)
 00:01:10 | 00:08:24 | 0.00:58:31 |  12.19%  |  1350   |   1340   | 60%  |  30221   |   0    | 168.33MB  
 00:01:13 | WARNING! Aborting CBS - could not obtain an initial solution for the following agents: Agent1(2->1)
 00:01:15 | 00:07:12 | 0.01:10:52 |  14.77%  |  1635   |   1630   | 60%  |  36467   |   0    | 169.61MB  
 00:01:18 | WARNING! Aborting CBS - could not obtain an initial solution for the following agents: Agent25(9->8)
 00:01:18 | WARNING! Aborting CBS - could not obtain an initial solution for the following agents: Agent25(9->8)
 00:01:19 | WARNING! Aborting CBS - could not obtain an initial solution for the following agents: Agent30(41->40)
 00:01:20 | 00:06:36 | 0.01:20:39 |  16.80%  |  1866   |   1858   | 60%  |  41892   |   0    | 169.27MB  
 00:01:23 | WARNING! Aborting CBS - could not obtain an initial solution for the following agents: Agent10(42->33),Agent21(43->34)
 00:01:23 | WARNING! Aborting CBS - could not obtain an initial solution for the following agents: Agent10(42->34)
 00:01:24 | WARNING! Aborting CBS - could not obtain an initial solution for the following agents: Agent8(41->40)
 00:01:24 | WARNING! Aborting CBS - could not obtain an initial solution for the following agents: Agent8(41->40)
 00:01:25 | 00:06:21 | 0.01:27:28 |  18.22%  |  2024   |   2016   | 60%  |  46102   |   0    | 168.76MB  
 00:01:28 | WARNING! Aborting CBS - could not obtain an initial solution for the following agents: Agent30(41->40)
 00:01:28 | WARNING! Aborting CBS - could not obtain an initial solution for the following agents: Agent30(41->40)
 00:01:28 | WARNING! Aborting CBS - could not obtain an initial solution for the following agents: Agent30(41->40)
 00:01:28 | WARNING! Aborting CBS - could not obtain an initial solution for the following agents: Agent30(41->40)
 00:01:29 | WARNING! Aborting CBS - could not obtain an initial solution for the following agents: Agent10(41->40)
 00:01:29 | WARNING! Aborting CBS - could not obtain an initial solution for the following agents: Agent8(35->34)
 00:01:30 | 00:05:53 | 0.01:37:20 |  20.28%  |  2256   |   2248   | 60%  |  51218   |   0    | 168.82MB  
 00:01:31 | WARNING! Aborting CBS - could not obtain an initial solution for the following agents: Agent4(8->7),Agent14(9->8)
 00:01:33 | WARNING! Aborting CBS - could not obtain an initial solution for the following agents: Agent25(9->8)
 00:01:35 | 00:05:30 | 0.01:47:15 |  22.35%  |  2487   |   2481   | 60%  |  56595   |   0    | 169.57MB  
 00:01:36 | WARNING! Aborting CBS - could not obtain an initial solution for the following agents: Agent9(57->56)
 00:01:36 | WARNING! Aborting CBS - could not obtain an initial solution for the following agents: Agent9(57->56)
 00:01:38 | WARNING! Aborting CBS - could not obtain an initial solution for the following agents: Agent14(9->8)
 00:01:38 | WARNING! Aborting CBS - could not obtain an initial solution for the following agents: Agent14(9->8)
 00:01:40 | 00:05:08 | 0.01:57:36 |  24.50%  |  2731   |   2724   | 60%  |  62527   |   0    | 169.04MB  
 00:01:45 | 00:04:45 | 0.02:09:13 |  26.92%  |  3001   |   2995   | 60%  |  68905   |   0    | 169.48MB  
 00:01:45 | WARNING! Aborting CBS - could not obtain an initial solution for the following agents: Agent28(41->40)
 00:01:45 | WARNING! Aborting CBS - could not obtain an initial solution for the following agents: Agent28(41->40)
 00:01:49 | WARNING! Aborting CBS - could not obtain an initial solution for the following agents: Agent4(8->7)
 00:01:49 | WARNING! Aborting CBS - could not obtain an initial solution for the following agents: Agent4(8->7)
 00:01:50 | 00:04:25 | 0.02:20:38 |  29.30%  |  3267   |   3263   | 60%  |  75144   |   0    | 169.48MB  
 00:01:50 | WARNING! Aborting CBS - could not obtain an initial solution for the following agents: Agent5(57->56)
 00:01:50 | WARNING! Aborting CBS - could not obtain an initial solution for the following agents: Agent1(10->9)
 00:01:53 | WARNING! Aborting CBS - could not obtain an initial solution for the following agents: Agent7(57->56)
 00:01:53 | WARNING! Aborting CBS - could not obtain an initial solution for the following agents: Agent7(57->56)
 00:01:54 | WARNING! Aborting CBS - could not obtain an initial solution for the following agents: Agent19(9->2)
 00:01:54 | WARNING! Aborting CBS - could not obtain an initial solution for the following agents: Agent19(9->2)
 00:01:54 | WARNING! Aborting CBS - could not obtain an initial solution for the following agents: Agent10(41->40)
 00:01:55 | 00:04:12 | 0.02:30:08 |  31.28%  |  3487   |   3485   | 60%  |  80532   |   0    | 169.33MB  
 00:01:57 | WARNING! Aborting CBS - could not obtain an initial solution for the following agents: Agent1(9->8)
 00:01:57 | WARNING! Aborting CBS - could not obtain an initial solution for the following agents: Agent4(3->1)
 00:01:57 | WARNING! Aborting CBS - could not obtain an initial solution for the following agents: Agent4(3->1)
 00:01:59 | WARNING! Aborting CBS - could not obtain an initial solution for the following agents: Agent30(40->33)
 00:01:59 | WARNING! Aborting CBS - could not obtain an initial solution for the following agents: Agent30(40->33)
 00:01:59 | WARNING! Aborting CBS - could not obtain an initial solution for the following agents: Agent30(40->34)
 00:02:00 | 00:04:01 | 0.02:39:18 |  33.19%  |  3702   |   3701   | 60%  |  85302   |   0    | 171.38MB  
 00:02:02 | WARNING! Aborting CBS - could not obtain an initial solution for the following agents: Agent30(41->40)
 00:02:02 | WARNING! Aborting CBS - could not obtain an initial solution for the following agents: Agent30(41->40)
 00:02:04 | WARNING! Aborting CBS - could not obtain an initial solution for the following agents: Agent4(9->8)
 00:02:05 | 00:03:45 | 0.02:50:58 |  35.62%  |  3973   |   3973   | 60%  |  91719   |   0    | 170.25MB  
 00:02:05 | WARNING! Aborting CBS - could not obtain an initial solution for the following agents: Agent26(25->24)
 00:02:06 | WARNING! Aborting CBS - could not obtain an initial solution for the following agents: Agent5(56->55)
 00:02:06 | WARNING! Aborting CBS - could not obtain an initial solution for the following agents: Agent5(56->55)
 00:02:06 | WARNING! Aborting CBS - could not obtain an initial solution for the following agents: Agent5(56->55)
 00:02:06 | WARNING! Aborting CBS - could not obtain an initial solution for the following agents: Agent1(9->8)
 00:02:08 | WARNING! Aborting CBS - could not obtain an initial solution for the following agents: Agent0(25->24)
 00:02:08 | WARNING! Aborting CBS - could not obtain an initial solution for the following agents: Agent0(25->24)
 00:02:09 | WARNING! Aborting CBS - could not obtain an initial solution for the following agents: Agent29(58->56)
 00:02:09 | WARNING! Aborting CBS - could not obtain an initial solution for the following agents: Agent29(58->57)
 00:02:10 | 00:03:37 | 0.02:59:29 |  37.39%  |  4172   |   4174   | 60%  |  96274   |   0    | 170.35MB  
 00:02:10 | WARNING! Aborting CBS - could not obtain an initial solution for the following agents: Agent0(25->18)
 00:02:10 | WARNING! Aborting CBS - could not obtain an initial solution for the following agents: Agent25(9->8)
 00:02:11 | WARNING! Aborting CBS - could not obtain an initial solution for the following agents: Agent28(41->40)
 00:02:11 | WARNING! Aborting CBS - could not obtain an initial solution for the following agents: Agent28(41->40)
 00:02:15 | 00:03:33 | 0.03:06:02 |  38.76%  |  4324   |   4328   | 60%  |  99877   |   0    | 174.55MB  
 00:02:20 | 00:03:30 | 0.03:11:42 |  39.94%  |  4458   |   4460   | 60%  |  102754  |   0    | 170.71MB  
 00:02:20 | WARNING! Aborting CBS - could not obtain an initial solution for the following agents: Agent21(42->41)
 00:02:20 | WARNING! Aborting CBS - could not obtain an initial solution for the following agents: Agent21(42->41)
 00:02:22 | WARNING! Aborting CBS - could not obtain an initial solution for the following agents: Agent5(57->56)
 00:02:24 | WARNING! Aborting CBS - could not obtain an initial solution for the following agents: Agent2(24->18)
 00:02:24 | WARNING! Aborting CBS - could not obtain an initial solution for the following agents: Agent2(24->18)
 00:02:25 | 00:03:20 | 0.03:21:16 |  41.93%  |  4680   |   4684   | 60%  |  108203  |   0    | 170.95MB  
 00:02:30 | 00:03:12 | 0.03:30:13 |  43.80%  |  4886   |   4894   | 60%  |  113757  |   0    | 170.74MB  
 00:02:33 | WARNING! Aborting CBS - could not obtain an initial solution for the following agents: Agent5(57->56)
 00:02:35 | 00:03:02 | 0.03:40:24 |  45.92%  |  5124   |   5133   | 60%  |  119095  |   0    | 172.02MB  
 00:02:35 | WARNING! Aborting CBS - could not obtain an initial solution for the following agents: Agent14(9->8)
 00:02:38 | WARNING! Aborting CBS - could not obtain an initial solution for the following agents: Agent26(25->24)
 00:02:39 | WARNING! Aborting CBS - could not obtain an initial solution for the following agents: Agent14(3->2)
 00:02:40 | 00:02:50 | 0.03:52:12 |  48.38%  |  5402   |   5410   | 60%  |  125544  |   0    | 171.01MB  
 00:02:40 | WARNING! Aborting CBS - could not obtain an initial solution for the following agents: Agent5(57->56)
 00:02:40 | WARNING! Aborting CBS - could not obtain an initial solution for the following agents: Agent5(57->56)
 00:02:40 | WARNING! Aborting CBS - could not obtain an initial solution for the following agents: Agent5(57->56)
 00:02:43 | WARNING! Aborting CBS - could not obtain an initial solution for the following agents: Agent7(57->56)
 00:02:45 | 00:02:44 | 0.04:00:34 |  50.12%  |  5593   |   5605   | 60%  |  130206  |   0    | 171.12MB  
 00:02:49 | WARNING! Aborting CBS - could not obtain an initial solution for the following agents: Agent5(56->49),Agent9(57->50)
 00:02:49 | WARNING! Aborting CBS - could not obtain an initial solution for the following agents: Agent5(56->50)
 00:02:49 | WARNING! Aborting CBS - could not obtain an initial solution for the following agents: Agent5(56->50)
 00:02:49 | WARNING! Aborting CBS - could not obtain an initial solution for the following agents: Agent5(56->50)
 00:02:50 | 00:02:35 | 0.04:10:34 |  52.20%  |  5827   |   5841   | 60%  |  135295  |   0    | 171.01MB  
 00:02:50 | WARNING! Aborting CBS - could not obtain an initial solution for the following agents: Agent9(57->56)
 00:02:52 | WARNING! Aborting CBS - could not obtain an initial solution for the following agents: Agent25(3->1)
 00:02:52 | WARNING! Aborting CBS - could not obtain an initial solution for the following agents: Agent25(3->2)
 00:02:52 | WARNING! Aborting CBS - could not obtain an initial solution for the following agents: Agent25(3->2)
 00:02:55 | 00:02:27 | 0.04:20:16 |  54.22%  |  6052   |   6068   | 60%  |  140735  |   0    | 170.98MB  
 00:02:56 | WARNING! Aborting CBS - could not obtain an initial solution for the following agents: Agent27(3->1)
 00:02:56 | WARNING! Aborting CBS - could not obtain an initial solution for the following agents: Agent27(3->1)
 00:02:56 | WARNING! Aborting CBS - could not obtain an initial solution for the following agents: Agent27(3->1)
 00:03:00 | 00:02:27 | 0.04:24:02 |  55.01%  |  6137   |   6156   | 60%  |  143082  |   0    | 171.00MB  
 00:03:03 | WARNING! Aborting CBS - could not obtain an initial solution for the following agents: Agent1(3->1)
 00:03:03 | WARNING! Aborting CBS - could not obtain an initial solution for the following agents: Agent1(3->1)
 00:03:03 | WARNING! Aborting CBS - could not obtain an initial solution for the following agents: Agent1(3->2)
 00:03:03 | WARNING! Aborting CBS - could not obtain an initial solution for the following agents: Agent1(3->2)
 00:03:05 | 00:02:17 | 0.04:35:07 |  57.32%  |  6397   |   6416   | 60%  |  148876  |   0    | 171.07MB  
 00:03:05 | WARNING! Aborting CBS - could not obtain an initial solution for the following agents: Agent27(9->8)
 00:03:05 | WARNING! Aborting CBS - could not obtain an initial solution for the following agents: Agent0(25->24)
 00:03:07 | WARNING! Aborting CBS - could not obtain an initial solution for the following agents: Agent9(57->56)
 00:03:07 | WARNING! Aborting CBS - could not obtain an initial solution for the following agents: Agent9(57->56)
 00:03:10 | 00:02:08 | 0.04:46:24 |  59.67%  |  6661   |   6681   | 60%  |  154841  |   0    | 171.35MB  
 00:03:12 | WARNING! Aborting CBS - could not obtain an initial solution for the following agents: Agent9(56->55)
 00:03:15 | 00:02:06 | 0.04:51:10 |  60.66%  |  6771   |   6793   | 60%  |  157579  |   0    | 175.25MB  
 00:03:20 | 00:02:09 | 0.04:51:41 |  60.77%  |  6783   |   6805   | 60%  |  157867  |   0    | 183.41MB  
 00:03:25 | 00:02:11 | 0.04:51:59 |  60.83%  |  6791   |   6812   | 60%  |  158052  |   0    | 205.29MB  
 00:03:30 | 00:02:06 | 0.04:59:45 |  62.45%  |  6972   |   6994   | 60%  |  162174  |   0    | 204.85MB  
 00:03:35 | 00:01:55 | 0.05:12:01 |  65.01%  |  7259   |   7281   | 60%  |  168627  |   0    | 204.19MB  
 00:03:36 | WARNING! Aborting CBS - could not obtain an initial solution for the following agents: Agent4(9->8)
 00:03:40 | 00:01:47 | 0.05:22:00 |  67.08%  |  7485   |   7514   | 60%  |  174334  |   0    | 204.22MB  
 00:03:45 | 00:01:38 | 0.05:33:27 |  69.47%  |  7750   |   7785   | 60%  |  180466  |   0    | 203.70MB  
 00:03:47 | WARNING! Aborting CBS - could not obtain an initial solution for the following agents: Agent10(41->40)
 00:03:47 | WARNING! Aborting CBS - could not obtain an initial solution for the following agents: Agent0(24->23)
 00:03:48 | WARNING! Aborting CBS - could not obtain an initial solution for the following agents: Agent25(9->8)
 00:03:48 | WARNING! Aborting CBS - could not obtain an initial solution for the following agents: Agent25(9->8)
 00:03:50 | 00:01:30 | 0.05:44:25 |  71.76%  |  8003   |   8041   | 60%  |  186452  |   0    | 204.18MB  
 00:03:53 | WARNING! Aborting CBS - could not obtain an initial solution for the following agents: Agent10(41->40)
 00:03:53 | WARNING! Aborting CBS - could not obtain an initial solution for the following agents: Agent10(41->40)
 00:03:53 | WARNING! Aborting CBS - could not obtain an initial solution for the following agents: Agent7(58->56)
 00:03:55 | 00:01:23 | 0.05:53:47 |  73.71%  |  8222   |   8259   | 60%  |  191430  |   0    | 204.91MB  
 00:03:55 | WARNING! Aborting CBS - could not obtain an initial solution for the following agents: Agent10(41->40)
 00:04:00 | 00:01:14 | 0.06:06:02 |  76.26%  |  8506   |   8547   | 60%  |  197672  |   0    | 203.81MB  
 00:04:02 | WARNING! Aborting CBS - could not obtain an initial solution for the following agents: Agent0(25->24)
 00:04:05 | 00:01:08 | 0.06:15:30 |  78.23%  |  8727   |   8768   | 60%  |  203192  |   0    | 203.78MB  
 00:04:05 | WARNING! Aborting CBS - could not obtain an initial solution for the following agents: Agent4(8->2)
 00:04:10 | 00:01:00 | 0.06:27:05 |  80.64%  |  8999   |   9040   | 60%  |  208939  |   0    | 204.05MB  
 00:04:15 | 00:00:52 | 0.06:37:42 |  82.86%  |  9241   |   9288   | 60%  |  214682  |   0    | 203.88MB  
 00:04:18 | WARNING! Aborting CBS - could not obtain an initial solution for the following agents: Agent24(25->24)
 00:04:18 | WARNING! Aborting CBS - could not obtain an initial solution for the following agents: Agent14(8->1)
 00:04:18 | WARNING! Aborting CBS - could not obtain an initial solution for the following agents: Agent14(8->1)
 00:04:18 | WARNING! Aborting CBS - could not obtain an initial solution for the following agents: Agent14(8->1)
 00:04:19 | WARNING! Aborting CBS - could not obtain an initial solution for the following agents: Agent14(8->2)
 00:04:19 | WARNING! Aborting CBS - could not obtain an initial solution for the following agents: Agent14(8->2)
 00:04:19 | WARNING! Aborting CBS - could not obtain an initial solution for the following agents: Agent14(8->2)
 00:04:19 | WARNING! Aborting CBS - could not obtain an initial solution for the following agents: Agent14(8->6)
 00:04:19 | WARNING! Aborting CBS - could not obtain an initial solution for the following agents: Agent26(25->24)
 00:04:20 | 00:00:45 | 0.06:48:58 |  85.20%  |  9497   |   9551   | 60%  |  220857  |   0    | 204.40MB  
 00:04:24 | WARNING! Aborting CBS - could not obtain an initial solution for the following agents: Agent10(41->40)
 00:04:24 | WARNING! Aborting CBS - could not obtain an initial solution for the following agents: Agent7(56->55)
 00:04:25 | 00:00:38 | 0.06:58:56 |  87.28%  |  9730   |   9785   | 60%  |  226076  |   0    | 204.35MB  
 00:04:27 | WARNING! Aborting CBS - could not obtain an initial solution for the following agents: Agent8(41->40)
 00:04:30 | 00:00:30 | 0.07:11:00 |  89.79%  |  10011  |  10068   | 60%  |  232356  |   0    | 204.76MB  
 00:04:32 | WARNING! Aborting CBS - could not obtain an initial solution for the following agents: Agent0(25->24)
 00:04:32 | WARNING! Aborting CBS - could not obtain an initial solution for the following agents: Agent0(25->24)
 00:04:32 | WARNING! Aborting CBS - could not obtain an initial solution for the following agents: Agent10(41->40)
 00:04:35 | 00:00:26 | 0.07:17:50 |  91.22%  |  10170  |  10228   | 60%  |  236096  |   0    | 207.87MB  
 00:04:37 | WARNING! Aborting CBS - could not obtain an initial solution for the following agents: Agent28(41->40)
 00:04:38 | WARNING! Aborting CBS - could not obtain an initial solution for the following agents: Agent24(25->24)
 00:04:38 | WARNING! Aborting CBS - could not obtain an initial solution for the following agents: Agent24(25->24)
 00:04:38 | WARNING! Aborting CBS - could not obtain an initial solution for the following agents: Agent24(25->24)
 00:04:39 | WARNING! Aborting CBS - could not obtain an initial solution for the following agents: Agent14(9->2)
 00:04:40 | 00:00:22 | 0.07:23:35 |  92.42%  |  10303  |  10364   | 60%  |  239205  |   0    | 204.67MB  
 00:04:40 | WARNING! Aborting CBS - could not obtain an initial solution for the following agents: Agent1(9->8)
 00:04:44 | WARNING! Aborting CBS - could not obtain an initial solution for the following agents: Agent7(58->57)
 00:04:44 | WARNING! Aborting CBS - could not obtain an initial solution for the following agents: Agent7(58->57)
 00:04:44 | WARNING! Aborting CBS - could not obtain an initial solution for the following agents: Agent7(58->57)
 00:04:45 | 00:00:18 | 0.07:31:17 |  94.02%  |  10478  |  10542   | 60%  |  243777  |   0    | 205.08MB  
 00:04:45 | WARNING! Aborting CBS - could not obtain an initial solution for the following agents: Agent30(41->40)
 00:04:45 | WARNING! Aborting CBS - could not obtain an initial solution for the following agents: Agent30(41->40)
 00:04:45 | WARNING! Aborting CBS - could not obtain an initial solution for the following agents: Agent30(41->40)
 00:04:47 | WARNING! Aborting CBS - could not obtain an initial solution for the following agents: Agent14(9->8)
 00:04:50 | 00:00:13 | 0.07:38:03 |  95.43%  |  10637  |  10702   | 60%  |  247544  |   0    | 208.34MB  
 00:04:51 | WARNING! Aborting CBS - could not obtain an initial solution for the following agents: Agent2(25->24)
 00:04:54 | WARNING! Aborting CBS - could not obtain an initial solution for the following agents: Agent1(8->7)
 00:04:55 | 00:00:08 | 0.07:46:42 |  97.23%  |  10838  |  10903   | 60%  |  252195  |   0    | 205.49MB  
 00:04:58 | WARNING! Aborting CBS - could not obtain an initial solution for the following agents: Agent27(3->1)
 00:04:59 | WARNING! Aborting CBS - could not obtain an initial solution for the following agents: Agent28(41->40)
 00:04:59 | WARNING! Aborting CBS - could not obtain an initial solution for the following agents: Agent28(41->40)
 00:05:00 | 00:00:00 | 0.07:58:55 |  99.77%  |  11121  |  11190   | 60%  |  258447  |   0    | 205.60MB  
 00:05:00 | 00:00:00 | 0.08:00:00 | 100.00%  |  11147  |  11215   | 60%  |  259136  |   0    | 206.09MB  
 00:05:00 | >>> Simulation finished - writing results ...
 00:05:01 | >>> Results written
Simulation finished.
>>> Timings
StatTimingPathPlanningAverage: 0.015009346388070903
StatTimingPathPlanningOverall: 239.56417769999968
StatTimingPathPlanningCount: 15961
StatTimingTaskAllocationAverage: 0.0014687552815322562
StatTimingTaskAllocationOverall: 22.928738700000054
StatTimingTaskAllocationCount: 15611
StatTimingItemStorageAverage: 3.388800358102206E-06
StatTimingItemStorageOverall: 0.03785290000000164
StatTimingItemStorageCount: 11170
StatTimingPodStorageAverage: 0.001992317434210526
StatTimingPodStorageOverall: 6.056645
StatTimingPodStorageCount: 3040
StatTimingReplenishmentBatchingAverage: 8.00866490585327E-06
StatTimingReplenishmentBatchingOverall: 0.09399769999999984
StatTimingReplenishmentBatchingCount: 11737
StatTimingOrderBatchingAverage: 0.00010893152106718772
StatTimingOrderBatchingOverall: 3.3480103000000145
StatTimingOrderBatchingCount: 30735
>>> Overall
StatOverallBundlesPlaced: 15188
StatOverallItemsOrdered: 11191
StatOverallOrdersPlaced: 11191
StatOverallBundlesRejected: 0
StatOverallOrdersRejected: 0
StatOverallBundlesHandled: 11215
StatOverallItemsHandled: 11150
StatOverallLinesHandled: 11150
StatOverallOrdersHandled: 11147
StatOverallCollisions: 0
StatOverallDistanceTraveled: 259135.51814809916
StatOverallDistanceEstimated: 238760
StatOverallAssignedTasks: 15611
StatMaxMemoryUsed: 208.3359375
StatRealTimeUsed: 300.6337581
StatAverageTurnoverTime: 367.20101384988203
StatMedianTurnoverTime: 215.07769517747232
StatLowerQuartileTurnoverTime: 122.11472262393363
StatUpperQuartileTurnoverTime: 493.12946523876235
StatAverageThroughputTime: 114.23625775018783
StatMedianThroughputTime: 120.83341542980634
StatLowerQuartileThroughputTime: 80.89472662212938
StatUpperQuartileThroughputTime: 142.07565734333775
>>> Energy (Rizqi model)
StatEnergyTotalKJ: 19294.6173303707
StatEnergyE1AccelKJ: 5400.532579499979
StatEnergyE2DecelKJ: 0
StatEnergyE3CruiseKJ: 9784.492676000009
StatEnergyE4RotationKJ: 3287.3812659817413
StatEnergyE5LiftLowerKJ: 822.2108088888893
StatEnergyPerOrderKJ: 1.7309246730394456
StatEnergyPerMeterJoule: 74.42590177040611
StatDistanceTraveledRizqiM: 259246
>>> Motion Behavior
StatTurningCount: 32428
StatStopAndGoCount: 44011
StatLoadedDistanceM: 174256
StatLoadedTurningCount: 23698
StatWaitTimeSec: 376651.20259026735

Marked tag finished after 1 tries!
.Fin. - SUCCESS
