<<< Welcome to the RAWSimO CLI >>>
The time is: 04/14/2026 00:42:25
Starting RAWSimO wrapper with the following arguments:
Instance: Material/Instances/PP/1-4-4-32-550.xinst
Setting: Material/Instances/PP/PPMinimal.xsett
ControlConfig: Material/Instances/PP/aesop-ecbs.xconf
StatisticsDir: C:\Users\Aesop\Desktop\rawsim-o-rmfs-world-models\output_exp\ecbs\seed_11
Seed: 11
Adding handler for unhandled exceptions ...
Initializing ... 
Instance recognized!
Parsing setting config ...
Parsing control config ...
Parsing instance ...
StatisticsFolder: 1-4-4-32-550-PPMinimal-aesop-ecbs-11
Done!
Executing ... 
 00:42:27 | >>> Warming up ...
 00:00:00 | >>> Warmup finished - starting simulation ...
 Realtime |   ETA    |  Sim.Time  | Progress | #Orders | #Bundles | Inv. | Distance | #Coll. |   Memory    
 00:00:00 |   n/a    | 0.00:00:00 |  0.00%   |    0    |    0     | 60%  |    0     |   0    | 123.09MB  
 00:00:05 | 04:26:28 | 0.00:00:09 |  0.03%   |    0    |    0     | 60%  |   182    |   0    | 165.38MB  
 00:00:07 | WARNING! Aborting ECBS - could not obtain an initial solution for the following agents: Agent2(19->18)
 00:00:07 | WARNING! Aborting ECBS - could not obtain an initial solution for the following agents: Agent2(19->18)
 00:00:10 | 02:17:56 | 0.00:00:34 |  0.12%   |    0    |    0     | 60%  |   802    |   0    | 172.16MB  
 00:00:15 | 03:00:14 | 0.00:00:39 |  0.14%   |    0    |    0     | 60%  |   917    |   0    | 180.13MB  
 00:00:20 | 03:21:50 | 0.00:00:47 |  0.16%   |    2    |    0     | 60%  |   1066   |   0    | 182.87MB  
 00:00:25 | 03:18:50 | 0.00:01:00 |  0.21%   |    4    |    0     | 60%  |   1323   |   0    | 183.29MB  
 00:00:25 | WARNING! Aborting ECBS - could not obtain an initial solution for the following agents: Agent8(41->40)
 00:00:25 | WARNING! Aborting ECBS - could not obtain an initial solution for the following agents: Agent8(41->40)
 00:00:26 | WARNING! Aborting ECBS - could not obtain an initial solution for the following agents: Agent0(17->16)
 00:00:26 | WARNING! Aborting ECBS - could not obtain an initial solution for the following agents: Agent0(17->16)
 00:00:27 | WARNING! Aborting ECBS - could not obtain an initial solution for the following agents: Agent4(9->8)
 00:00:27 | WARNING! Aborting ECBS - could not obtain an initial solution for the following agents: Agent31(105->98)
 00:00:27 | WARNING! Aborting ECBS - could not obtain an initial solution for the following agents: Agent17(73->72)
 00:00:27 | WARNING! Aborting ECBS - could not obtain an initial solution for the following agents: Agent17(73->72)
 00:00:27 | WARNING! Aborting ECBS - could not obtain an initial solution for the following agents: Agent16(57->56)
 00:00:30 | 00:39:20 | 0.00:06:01 |  1.26%   |   124   |   114    | 60%  |   3396   |   0    | 183.12MB  
 00:00:30 | WARNING! Aborting ECBS - could not obtain an initial solution for the following agents: Agent24(25->24)
 00:00:30 | WARNING! Aborting ECBS - could not obtain an initial solution for the following agents: Agent24(25->24)
 00:00:31 | WARNING! Aborting ECBS - could not obtain an initial solution for the following agents: Agent7(56->55)
 00:00:31 | WARNING! Aborting ECBS - could not obtain an initial solution for the following agents: Agent7(56->55)
 00:00:33 | WARNING! Aborting ECBS - could not obtain an initial solution for the following agents: Agent29(57->56)
 00:00:33 | WARNING! Aborting ECBS - could not obtain an initial solution for the following agents: Agent21(40->39)
 00:00:34 | WARNING! Aborting ECBS - could not obtain an initial solution for the following agents: Agent28(40->39)
 00:00:34 | WARNING! Aborting ECBS - could not obtain an initial solution for the following agents: Agent28(40->39)
 00:00:35 | 00:19:44 | 0.00:13:46 |  2.87%   |   305   |   294    | 60%  |   6760   |   0    | 184.03MB  
 00:00:36 | WARNING! Aborting ECBS - could not obtain an initial solution for the following agents: Agent1(8->1),Agent25(3->0)
 00:00:36 | WARNING! Aborting ECBS - could not obtain an initial solution for the following agents: Agent1(8->1),Agent25(3->0)
 00:00:40 | 00:13:42 | 0.00:22:16 |  4.64%   |   506   |   494    | 60%  |  10304   |   0    | 188.35MB  
 00:00:45 | 00:11:20 | 0.00:29:47 |  6.21%   |   684   |   670    | 60%  |  14027   |   0    | 189.28MB  
 00:00:45 | WARNING! Aborting ECBS - could not obtain an initial solution for the following agents: Agent1(3->1)
 00:00:45 | WARNING! Aborting ECBS - could not obtain an initial solution for the following agents: Agent1(3->2)
 00:00:45 | WARNING! Aborting ECBS - could not obtain an initial solution for the following agents: Agent1(3->2)
 00:00:45 | WARNING! Aborting ECBS - could not obtain an initial solution for the following agents: Agent1(3->2)
 00:00:45 | WARNING! Aborting ECBS - could not obtain an initial solution for the following agents: Agent1(3->2)
 00:00:50 | 00:10:11 | 0.00:36:15 |  7.55%   |   832   |   822    | 60%  |  17418   |   0    | 187.42MB  
 00:00:51 | WARNING! Aborting ECBS - could not obtain an initial solution for the following agents: Agent10(41->40)
 00:00:51 | WARNING! Aborting ECBS - could not obtain an initial solution for the following agents: Agent5(57->56)
 00:00:51 | WARNING! Aborting ECBS - could not obtain an initial solution for the following agents: Agent5(57->56)
 00:00:55 | 00:09:00 | 0.00:44:20 |  9.24%   |  1023   |   1010   | 60%  |  21424   |   0    | 185.11MB  
 00:00:58 | WARNING! Aborting ECBS - could not obtain an initial solution for the following agents: Agent8(41->40)
 00:00:58 | WARNING! Aborting ECBS - could not obtain an initial solution for the following agents: Agent8(41->40)
 00:01:00 | 00:07:58 | 0.00:53:31 |  11.15%  |  1239   |   1225   | 60%  |  26175   |   0    | 186.18MB  
 00:01:01 | WARNING! Aborting ECBS - could not obtain an initial solution for the following agents: Agent19(8->1)
 00:01:02 | WARNING! Aborting ECBS - could not obtain an initial solution for the following agents: Agent1(9->8)
 00:01:05 | 00:07:18 | 0.01:01:57 |  12.91%  |  1435   |   1424   | 60%  |  30752   |   0    | 184.93MB  
 00:01:10 | 00:07:31 | 0.01:04:25 |  13.42%  |  1492   |   1481   | 60%  |  32319   |   0    | 191.16MB  
 00:01:14 | WARNING! Aborting ECBS - could not obtain an initial solution for the following agents: Agent27(9->8)
 00:01:14 | WARNING! Aborting ECBS - could not obtain an initial solution for the following agents: Agent2(25->24)
 00:01:15 | WARNING! Aborting ECBS - could not obtain an initial solution for the following agents: Agent11(24->23)
 00:01:15 | 00:07:16 | 0.01:10:21 |  14.66%  |  1624   |   1621   | 60%  |  35658   |   0    | 193.81MB  
 00:01:15 | WARNING! Aborting ECBS - could not obtain an initial solution for the following agents: Agent25(2->1)
 00:01:19 | WARNING! Aborting ECBS - could not obtain an initial solution for the following agents: Agent10(42->41)
 00:01:19 | WARNING! Aborting ECBS - could not obtain an initial solution for the following agents: Agent10(42->41)
 00:01:19 | WARNING! Aborting ECBS - could not obtain an initial solution for the following agents: Agent10(42->41)
 00:01:19 | WARNING! Aborting ECBS - could not obtain an initial solution for the following agents: Agent28(41->40)
 00:01:20 | 00:06:37 | 0.01:20:23 |  16.75%  |  1859   |   1855   | 60%  |  41027   |   0    | 193.71MB  
 00:01:20 | WARNING! Aborting ECBS - could not obtain an initial solution for the following agents: Agent19(9->8)
 00:01:21 | WARNING! Aborting ECBS - could not obtain an initial solution for the following agents: Agent8(41->40)
 00:01:21 | WARNING! Aborting ECBS - could not obtain an initial solution for the following agents: Agent27(9->8)
 00:01:25 | 00:06:07 | 0.01:30:06 |  18.77%  |  2087   |   2083   | 60%  |  46520   |   0    | 195.37MB  
 00:01:25 | WARNING! Aborting ECBS - could not obtain an initial solution for the following agents: Agent30(41->40)
 00:01:26 | WARNING! Aborting ECBS - could not obtain an initial solution for the following agents: Agent5(56->55)
 00:01:26 | WARNING! Aborting ECBS - could not obtain an initial solution for the following agents: Agent5(56->55)
 00:01:26 | WARNING! Aborting ECBS - could not obtain an initial solution for the following agents: Agent5(56->55)
 00:01:27 | WARNING! Aborting ECBS - could not obtain an initial solution for the following agents: Agent25(8->7)
 00:01:27 | WARNING! Aborting ECBS - could not obtain an initial solution for the following agents: Agent25(8->7)
 00:01:30 | 00:05:52 | 0.01:37:36 |  20.34%  |  2263   |   2258   | 60%  |  50857   |   0    | 202.02MB  
 00:01:30 | WARNING! Aborting ECBS - could not obtain an initial solution for the following agents: Agent21(40->39)
 00:01:31 | WARNING! Aborting ECBS - could not obtain an initial solution for the following agents: Agent29(57->56)
 00:01:31 | WARNING! Aborting ECBS - could not obtain an initial solution for the following agents: Agent29(57->56)
 00:01:31 | WARNING! Aborting ECBS - could not obtain an initial solution for the following agents: Agent7(56->55)
 00:01:33 | WARNING! Aborting ECBS - could not obtain an initial solution for the following agents: Agent27(9->8)
 00:01:33 | WARNING! Aborting ECBS - could not obtain an initial solution for the following agents: Agent27(9->8)
 00:01:33 | WARNING! Aborting ECBS - could not obtain an initial solution for the following agents: Agent10(40->39)
 00:01:33 | WARNING! Aborting ECBS - could not obtain an initial solution for the following agents: Agent10(40->39)
 00:01:35 | 00:05:28 | 0.01:47:35 |  22.42%  |  2498   |   2490   | 60%  |  56224   |   0    | 206.71MB  
 00:01:39 | WARNING! Aborting ECBS - could not obtain an initial solution for the following agents: Agent14(3->1)
 00:01:39 | WARNING! Aborting ECBS - could not obtain an initial solution for the following agents: Agent14(3->1),Agent24(24->23)
 00:01:39 | WARNING! Aborting ECBS - could not obtain an initial solution for the following agents: Agent14(3->1)
 00:01:39 | WARNING! Aborting ECBS - could not obtain an initial solution for the following agents: Agent14(3->2)
 00:01:39 | WARNING! Aborting ECBS - could not obtain an initial solution for the following agents: Agent14(3->2)
 00:01:40 | 00:05:20 | 0.01:54:10 |  23.79%  |  2653   |   2645   | 60%  |  59915   |   0    | 203.48MB  
 00:01:40 | WARNING! Aborting ECBS - could not obtain an initial solution for the following agents: Agent4(1->0)
 00:01:40 | WARNING! Aborting ECBS - could not obtain an initial solution for the following agents: Agent4(1->0)
 00:01:40 | WARNING! Aborting ECBS - could not obtain an initial solution for the following agents: Agent4(1->0)
 00:01:41 | WARNING! Aborting ECBS - could not obtain an initial solution for the following agents: Agent27(2->1)
 00:01:41 | WARNING! Aborting ECBS - could not obtain an initial solution for the following agents: Agent27(2->1)
 00:01:41 | WARNING! Aborting ECBS - could not obtain an initial solution for the following agents: Agent27(2->1)
 00:01:42 | WARNING! Aborting ECBS - could not obtain an initial solution for the following agents: Agent5(57->56)
 00:01:42 | WARNING! Aborting ECBS - could not obtain an initial solution for the following agents: Agent5(57->56)
 00:01:42 | WARNING! Aborting ECBS - could not obtain an initial solution for the following agents: Agent5(57->56)
 00:01:42 | WARNING! Aborting ECBS - could not obtain an initial solution for the following agents: Agent14(9->8)
 00:01:42 | WARNING! Aborting ECBS - could not obtain an initial solution for the following agents: Agent14(9->8)
 00:01:43 | WARNING! Aborting ECBS - could not obtain an initial solution for the following agents: Agent9(56->55)
 00:01:43 | WARNING! Aborting ECBS - could not obtain an initial solution for the following agents: Agent9(56->55)
 00:01:45 | 00:05:06 | 0.02:02:38 |  25.55%  |  2850   |   2843   | 60%  |  64670   |   0    | 204.70MB  
 00:01:45 | WARNING! Aborting ECBS - could not obtain an initial solution for the following agents: Agent4(3->1)
 00:01:45 | WARNING! Aborting ECBS - could not obtain an initial solution for the following agents: Agent4(3->1)
 00:01:45 | WARNING! Aborting ECBS - could not obtain an initial solution for the following agents: Agent4(3->2)
 00:01:46 | WARNING! Aborting ECBS - could not obtain an initial solution for the following agents: Agent16(56->55)
 00:01:46 | WARNING! Aborting ECBS - could not obtain an initial solution for the following agents: Agent0(25->24)
 00:01:46 | WARNING! Aborting ECBS - could not obtain an initial solution for the following agents: Agent0(25->24)
 00:01:46 | WARNING! Aborting ECBS - could not obtain an initial solution for the following agents: Agent0(25->24)
 00:01:46 | WARNING! Aborting ECBS - could not obtain an initial solution for the following agents: Agent10(42->33)
 00:01:48 | WARNING! Aborting ECBS - could not obtain an initial solution for the following agents: Agent8(40->39)
 00:01:48 | WARNING! Aborting ECBS - could not obtain an initial solution for the following agents: Agent8(40->39)
 00:01:50 | 00:04:50 | 0.02:11:50 |  27.47%  |  3063   |   3059   | 60%  |  69873   |   0    | 204.67MB  
 00:01:51 | WARNING! Aborting ECBS - could not obtain an initial solution for the following agents: Agent5(58->57)
 00:01:51 | WARNING! Aborting ECBS - could not obtain an initial solution for the following agents: Agent5(58->57)
 00:01:51 | WARNING! Aborting ECBS - could not obtain an initial solution for the following agents: Agent5(58->57)
 00:01:51 | WARNING! Aborting ECBS - could not obtain an initial solution for the following agents: Agent0(26->18)
 00:01:51 | WARNING! Aborting ECBS - could not obtain an initial solution for the following agents: Agent0(26->18)
 00:01:52 | WARNING! Aborting ECBS - could not obtain an initial solution for the following agents: Agent28(41->40)
 00:01:54 | WARNING! Aborting ECBS - could not obtain an initial solution for the following agents: Agent27(8->7)
 00:01:54 | WARNING! Aborting ECBS - could not obtain an initial solution for the following agents: Agent26(25->24)
 00:01:55 | 00:04:31 | 0.02:22:53 |  29.77%  |  3321   |   3319   | 60%  |  75761   |   0    | 203.86MB  
 00:01:55 | WARNING! Aborting ECBS - could not obtain an initial solution for the following agents: Agent4(2->1)
 00:01:55 | WARNING! Aborting ECBS - could not obtain an initial solution for the following agents: Agent4(2->1)
 00:01:57 | WARNING! Aborting ECBS - could not obtain an initial solution for the following agents: Agent7(59->50)
 00:01:57 | WARNING! Aborting ECBS - could not obtain an initial solution for the following agents: Agent7(59->50)
 00:01:59 | WARNING! Aborting ECBS - could not obtain an initial solution for the following agents: Agent10(34->33)
 00:02:00 | 00:04:28 | 0.02:28:09 |  30.87%  |  3441   |   3443   | 60%  |  79034   |   0    | 203.95MB  
 00:02:01 | WARNING! Aborting ECBS - could not obtain an initial solution for the following agents: Agent29(57->55)
 00:02:01 | WARNING! Aborting ECBS - could not obtain an initial solution for the following agents: Agent29(57->55)
 00:02:01 | WARNING! Aborting ECBS - could not obtain an initial solution for the following agents: Agent29(57->56)
 00:02:01 | WARNING! Aborting ECBS - could not obtain an initial solution for the following agents: Agent29(57->50)
 00:02:02 | WARNING! Aborting ECBS - could not obtain an initial solution for the following agents: Agent16(57->56)
 00:02:03 | WARNING! Aborting ECBS - could not obtain an initial solution for the following agents: Agent8(41->40)
 00:02:03 | WARNING! Aborting ECBS - could not obtain an initial solution for the following agents: Agent8(41->40)
 00:02:03 | WARNING! Aborting ECBS - could not obtain an initial solution for the following agents: Agent8(41->40)
 00:02:04 | WARNING! Aborting ECBS - could not obtain an initial solution for the following agents: Agent24(26->25)
 00:02:05 | 00:04:22 | 0.02:34:42 |  32.23%  |  3591   |   3595   | 60%  |  82737   |   0    | 205.98MB  
 00:02:06 | WARNING! Aborting ECBS - could not obtain an initial solution for the following agents: Agent21(41->40)
 00:02:10 | 00:04:15 | 0.02:41:50 |  33.72%  |  3758   |   3763   | 60%  |  86902   |   0    | 204.75MB  
 00:02:10 | WARNING! Aborting ECBS - could not obtain an initial solution for the following agents: Agent11(25->24)
 00:02:11 | WARNING! Aborting ECBS - could not obtain an initial solution for the following agents: Agent29(56->55)
 00:02:12 | WARNING! Aborting ECBS - could not obtain an initial solution for the following agents: Agent8(40->39)
 00:02:12 | WARNING! Aborting ECBS - could not obtain an initial solution for the following agents: Agent21(41->40)
 00:02:12 | WARNING! Aborting ECBS - could not obtain an initial solution for the following agents: Agent21(41->40)
 00:02:14 | WARNING! Aborting ECBS - could not obtain an initial solution for the following agents: Agent5(58->57)
 00:02:14 | WARNING! Aborting ECBS - could not obtain an initial solution for the following agents: Agent5(58->57)
 00:02:15 | 00:04:02 | 0.02:51:51 |  35.80%  |  3993   |   3996   | 60%  |  92305   |   0    | 203.77MB  
 00:02:15 | WARNING! Aborting ECBS - could not obtain an initial solution for the following agents: Agent1(9->8)
 00:02:15 | WARNING! Aborting ECBS - could not obtain an initial solution for the following agents: Agent1(9->8)
 00:02:15 | WARNING! Aborting ECBS - could not obtain an initial solution for the following agents: Agent1(9->1)
 00:02:17 | WARNING! Aborting ECBS - could not obtain an initial solution for the following agents: Agent16(57->56)
 00:02:18 | WARNING! Aborting ECBS - could not obtain an initial solution for the following agents: Agent5(57->56)
 00:02:18 | WARNING! Aborting ECBS - could not obtain an initial solution for the following agents: Agent5(57->56)
 00:02:20 | 00:03:53 | 0.03:00:05 |  37.52%  |  4182   |   4191   | 60%  |  96710   |   0    | 204.22MB  
 00:02:20 | WARNING! Aborting ECBS - could not obtain an initial solution for the following agents: Agent29(57->56)
 00:02:20 | WARNING! Aborting ECBS - could not obtain an initial solution for the following agents: Agent29(57->56)
 00:02:20 | WARNING! Aborting ECBS - could not obtain an initial solution for the following agents: Agent29(57->56)
 00:02:24 | WARNING! Aborting ECBS - could not obtain an initial solution for the following agents: Agent0(25->24)
 00:02:24 | WARNING! Aborting ECBS - could not obtain an initial solution for the following agents: Agent0(25->24)
 00:02:25 | 00:03:43 | 0.03:08:49 |  39.34%  |  4385   |   4394   | 60%  |  101842  |   0    | 204.14MB  
 00:02:30 | 00:03:41 | 0.03:13:48 |  40.38%  |  4497   |   4511   | 60%  |  104362  |   0    | 204.99MB  
 00:02:30 | WARNING! Aborting ECBS - could not obtain an initial solution for the following agents: Agent5(57->56)
 00:02:32 | WARNING! Aborting ECBS - could not obtain an initial solution for the following agents: Agent21(43->42)
 00:02:32 | WARNING! Aborting ECBS - could not obtain an initial solution for the following agents: Agent21(43->42)
 00:02:32 | WARNING! Aborting ECBS - could not obtain an initial solution for the following agents: Agent21(43->42)
 00:02:32 | WARNING! Aborting ECBS - could not obtain an initial solution for the following agents: Agent24(25->24)
 00:02:32 | WARNING! Aborting ECBS - could not obtain an initial solution for the following agents: Agent24(25->24)
 00:02:32 | WARNING! Aborting ECBS - could not obtain an initial solution for the following agents: Agent24(25->24)
 00:02:34 | WARNING! Aborting ECBS - could not obtain an initial solution for the following agents: Agent1(9->8)
 00:02:34 | WARNING! Aborting ECBS - could not obtain an initial solution for the following agents: Agent1(9->8)
 00:02:35 | 00:03:33 | 0.03:22:09 |  42.12%  |  4689   |   4707   | 60%  |  108412  |   0    | 206.28MB  
 00:02:35 | WARNING! Aborting ECBS - could not obtain an initial solution for the following agents: Agent8(41->40)
 00:02:40 | 00:03:28 | 0.03:28:29 |  43.44%  |  4833   |   4853   | 60%  |  112036  |   0    | 203.88MB  
 00:02:40 | WARNING! Aborting ECBS - could not obtain an initial solution for the following agents: Agent16(58->57)
 00:02:40 | WARNING! Aborting ECBS - could not obtain an initial solution for the following agents: Agent28(41->40)
 00:02:40 | WARNING! Aborting ECBS - could not obtain an initial solution for the following agents: Agent5(57->56),Agent28(41->40)
 00:02:40 | WARNING! Aborting ECBS - could not obtain an initial solution for the following agents: Agent5(57->56)
 00:02:40 | WARNING! Aborting ECBS - could not obtain an initial solution for the following agents: Agent2(25->23)
 00:02:41 | WARNING! Aborting ECBS - could not obtain an initial solution for the following agents: Agent16(59->50)
 00:02:41 | WARNING! Aborting ECBS - could not obtain an initial solution for the following agents: Agent16(59->58)
 00:02:45 | 00:03:15 | 0.03:39:27 |  45.72%  |  5088   |   5110   | 60%  |  117785  |   0    | 204.51MB  
 00:02:45 | WARNING! Aborting ECBS - could not obtain an initial solution for the following agents: Agent7(57->56)
 00:02:45 | WARNING! Aborting ECBS - could not obtain an initial solution for the following agents: Agent7(57->56)
 00:02:45 | WARNING! Aborting ECBS - could not obtain an initial solution for the following agents: Agent11(26->25)
 00:02:45 | WARNING! Aborting ECBS - could not obtain an initial solution for the following agents: Agent11(26->25)
 00:02:50 | 00:03:08 | 0.03:47:38 |  47.43%  |  5277   |   5303   | 60%  |  122650  |   0    | 204.81MB  
 00:02:53 | WARNING! Aborting ECBS - could not obtain an initial solution for the following agents: Agent7(56->54)
 00:02:55 | 00:03:02 | 0.03:55:14 |  49.01%  |  5453   |   5479   | 60%  |  127057  |   0    | 204.58MB  
 00:02:55 | WARNING! Aborting ECBS - could not obtain an initial solution for the following agents: Agent30(40->39)
 00:02:55 | WARNING! Aborting ECBS - could not obtain an initial solution for the following agents: Agent30(40->39)
 00:02:56 | WARNING! Aborting ECBS - could not obtain an initial solution for the following agents: Agent30(41->40)
 00:02:56 | WARNING! Aborting ECBS - could not obtain an initial solution for the following agents: Agent30(41->40)
 00:02:57 | WARNING! Aborting ECBS - could not obtain an initial solution for the following agents: Agent27(2->1)
 00:03:00 | 00:02:52 | 0.04:05:26 |  51.13%  |  5693   |   5720   | 60%  |  132212  |   0    | 205.69MB  
 00:03:00 | WARNING! Aborting ECBS - could not obtain an initial solution for the following agents: Agent27(8->1)
 00:03:00 | WARNING! Aborting ECBS - could not obtain an initial solution for the following agents: Agent27(8->2)
 00:03:00 | WARNING! Aborting ECBS - could not obtain an initial solution for the following agents: Agent27(8->2)
 00:03:04 | WARNING! Aborting ECBS - could not obtain an initial solution for the following agents: Agent0(25->24)
 00:03:05 | 00:02:46 | 0.04:12:38 |  52.63%  |  5855   |   5888   | 60%  |  136668  |   0    | 208.44MB  
 00:03:06 | WARNING! Aborting ECBS - could not obtain an initial solution for the following agents: Agent4(10->9)
 00:03:06 | WARNING! Aborting ECBS - could not obtain an initial solution for the following agents: Agent4(10->9)
 00:03:06 | WARNING! Aborting ECBS - could not obtain an initial solution for the following agents: Agent4(10->9)
 00:03:08 | WARNING! Aborting ECBS - could not obtain an initial solution for the following agents: Agent1(9->8)
 00:03:10 | 00:02:40 | 0.04:20:27 |  54.26%  |  6038   |   6072   | 60%  |  141166  |   0    | 212.20MB  
 00:03:11 | WARNING! Aborting ECBS - could not obtain an initial solution for the following agents: Agent25(9->8)
 00:03:11 | WARNING! Aborting ECBS - could not obtain an initial solution for the following agents: Agent25(9->8)
 00:03:11 | WARNING! Aborting ECBS - could not obtain an initial solution for the following agents: Agent25(9->8)
 00:03:11 | WARNING! Aborting ECBS - could not obtain an initial solution for the following agents: Agent7(57->56)
 00:03:14 | WARNING! Aborting ECBS - could not obtain an initial solution for the following agents: Agent30(41->40)
 00:03:15 | 00:02:35 | 0.04:27:20 |  55.70%  |  6196   |   6233   | 60%  |  145211  |   0    | 215.51MB  
 00:03:15 | WARNING! Aborting ECBS - could not obtain an initial solution for the following agents: Agent14(8->2)
 00:03:16 | WARNING! Aborting ECBS - could not obtain an initial solution for the following agents: Agent16(57->56)
 00:03:16 | WARNING! Aborting ECBS - could not obtain an initial solution for the following agents: Agent16(57->56)
 00:03:16 | WARNING! Aborting ECBS - could not obtain an initial solution for the following agents: Agent16(57->56)
 00:03:20 | 00:02:27 | 0.04:36:04 |  57.52%  |  6401   |   6437   | 60%  |  149784  |   0    | 218.10MB  
 00:03:21 | WARNING! Aborting ECBS - could not obtain an initial solution for the following agents: Agent5(57->56)
 00:03:22 | WARNING! Aborting ECBS - could not obtain an initial solution for the following agents: Agent27(8->2)
 00:03:23 | WARNING! Aborting ECBS - could not obtain an initial solution for the following agents: Agent5(56->55)
 00:03:23 | WARNING! Aborting ECBS - could not obtain an initial solution for the following agents: Agent5(56->55)
 00:03:23 | WARNING! Aborting ECBS - could not obtain an initial solution for the following agents: Agent5(56->55)
 00:03:25 | 00:02:18 | 0.04:46:15 |  59.64%  |  6636   |   6675   | 60%  |  155039  |   0    | 220.70MB  
 00:03:26 | WARNING! Aborting ECBS - could not obtain an initial solution for the following agents: Agent29(57->56)
 00:03:26 | WARNING! Aborting ECBS - could not obtain an initial solution for the following agents: Agent29(57->56)
 00:03:26 | WARNING! Aborting ECBS - could not obtain an initial solution for the following agents: Agent29(57->56)
 00:03:27 | WARNING! Aborting ECBS - could not obtain an initial solution for the following agents: Agent27(3->1)
 00:03:27 | WARNING! Aborting ECBS - could not obtain an initial solution for the following agents: Agent27(3->2)
 00:03:28 | WARNING! Aborting ECBS - could not obtain an initial solution for the following agents: Agent16(57->50)
 00:03:29 | WARNING! Aborting ECBS - could not obtain an initial solution for the following agents: Agent2(25->24)
 00:03:29 | WARNING! Aborting ECBS - could not obtain an initial solution for the following agents: Agent2(25->24)
 00:03:29 | WARNING! Aborting ECBS - could not obtain an initial solution for the following agents: Agent2(25->24)
 00:03:30 | 00:02:08 | 0.04:57:26 |  61.97%  |  6897   |   6937   | 60%  |  160909  |   0    | 221.22MB  
 00:03:31 | WARNING! Aborting ECBS - could not obtain an initial solution for the following agents: Agent1(3->2)
 00:03:31 | WARNING! Aborting ECBS - could not obtain an initial solution for the following agents: Agent1(3->2)
 00:03:31 | WARNING! Aborting ECBS - could not obtain an initial solution for the following agents: Agent25(3->1)
 00:03:32 | WARNING! Aborting ECBS - could not obtain an initial solution for the following agents: Agent8(42->41)
 00:03:32 | WARNING! Aborting ECBS - could not obtain an initial solution for the following agents: Agent30(41->40)
 00:03:32 | WARNING! Aborting ECBS - could not obtain an initial solution for the following agents: Agent30(41->40)
 00:03:35 | 00:02:04 | 0.05:04:17 |  63.40%  |  7054   |   7098   | 60%  |  164833  |   0    | 220.02MB  
 00:03:36 | WARNING! Aborting ECBS - could not obtain an initial solution for the following agents: Agent26(24->23)
 00:03:36 | WARNING! Aborting ECBS - could not obtain an initial solution for the following agents: Agent26(24->23)
 00:03:36 | WARNING! Aborting ECBS - could not obtain an initial solution for the following agents: Agent26(24->23)
 00:03:37 | WARNING! Aborting ECBS - could not obtain an initial solution for the following agents: Agent8(43->42)
 00:03:37 | WARNING! Aborting ECBS - could not obtain an initial solution for the following agents: Agent8(43->42)
 00:03:40 | 00:01:59 | 0.05:10:54 |  64.77%  |  7205   |   7253   | 60%  |  168942  |   0    | 221.30MB  
 00:03:42 | WARNING! Aborting ECBS - could not obtain an initial solution for the following agents: Agent28(41->40)
 00:03:43 | WARNING! Aborting ECBS - could not obtain an initial solution for the following agents: Agent8(41->40)
 00:03:43 | WARNING! Aborting ECBS - could not obtain an initial solution for the following agents: Agent11(24->23)
 00:03:45 | 00:01:51 | 0.05:20:45 |  66.82%  |  7434   |   7484   | 60%  |  174137  |   0    | 219.34MB  
 00:03:45 | WARNING! Aborting ECBS - could not obtain an initial solution for the following agents: Agent27(9->8)
 00:03:47 | WARNING! Aborting ECBS - could not obtain an initial solution for the following agents: Agent28(42->41)
 00:03:47 | WARNING! Aborting ECBS - could not obtain an initial solution for the following agents: Agent28(42->41)
 00:03:47 | WARNING! Aborting ECBS - could not obtain an initial solution for the following agents: Agent28(42->34)
 00:03:47 | WARNING! Aborting ECBS - could not obtain an initial solution for the following agents: Agent28(42->34)
 00:03:47 | WARNING! Aborting ECBS - could not obtain an initial solution for the following agents: Agent28(42->34)
 00:03:50 | 00:01:46 | 0.05:28:16 |  68.39%  |  7610   |   7659   | 60%  |  178176  |   0    | 218.02MB  
 00:03:55 | 00:01:42 | 0.05:34:07 |  69.61%  |  7745   |   7797   | 60%  |  181690  |   0    | 218.23MB  
 00:03:56 | WARNING! Aborting ECBS - could not obtain an initial solution for the following agents: Agent29(57->56)
 00:04:00 | 00:01:35 | 0.05:43:21 |  71.53%  |  7960   |   8012   | 60%  |  186902  |   0    | 218.90MB  
 00:04:00 | WARNING! Aborting ECBS - could not obtain an initial solution for the following agents: Agent21(41->40)
 00:04:05 | 00:01:28 | 0.05:52:11 |  73.37%  |  8166   |   8219   | 60%  |  191716  |   0    | 218.56MB  
 00:04:10 | 00:01:27 | 0.05:55:35 |  74.08%  |  8245   |   8297   | 60%  |  193635  |   0    | 219.32MB  
 00:04:10 | WARNING! Aborting ECBS - could not obtain an initial solution for the following agents: Agent14(9->8)
 00:04:10 | WARNING! Aborting ECBS - could not obtain an initial solution for the following agents: Agent14(9->8)
 00:04:10 | WARNING! Aborting ECBS - could not obtain an initial solution for the following agents: Agent14(9->8)
 00:04:10 | WARNING! Aborting ECBS - could not obtain an initial solution for the following agents: Agent14(9->8)
 00:04:11 | WARNING! Aborting ECBS - could not obtain an initial solution for the following agents: Agent27(9->8)
 00:04:15 | 00:01:23 | 0.06:01:06 |  75.23%  |  8372   |   8427   | 60%  |  197009  |   0    | 219.32MB  
 00:04:20 | 00:01:16 | 0.06:10:22 |  77.16%  |  8583   |   8644   | 60%  |  201787  |   0    | 220.46MB  
 00:04:22 | WARNING! Aborting ECBS - could not obtain an initial solution for the following agents: Agent4(9->8)
 00:04:22 | WARNING! Aborting ECBS - could not obtain an initial solution for the following agents: Agent29(57->56)
 00:04:22 | WARNING! Aborting ECBS - could not obtain an initial solution for the following agents: Agent29(57->56)
 00:04:22 | WARNING! Aborting ECBS - could not obtain an initial solution for the following agents: Agent29(57->56)
 00:04:23 | WARNING! Aborting ECBS - could not obtain an initial solution for the following agents: Agent10(41->40)
 00:04:23 | WARNING! Aborting ECBS - could not obtain an initial solution for the following agents: Agent24(25->24)
 00:04:23 | WARNING! Aborting ECBS - could not obtain an initial solution for the following agents: Agent24(25->24)
 00:04:23 | WARNING! Aborting ECBS - could not obtain an initial solution for the following agents: Agent24(25->24)
 00:04:25 | 00:01:13 | 0.06:15:22 |  78.20%  |  8701   |   8761   | 60%  |  204689  |   0    | 218.84MB  
 00:04:27 | WARNING! Aborting ECBS - could not obtain an initial solution for the following agents: Agent25(9->8)
 00:04:29 | WARNING! Aborting ECBS - could not obtain an initial solution for the following agents: Agent30(41->40)
 00:04:29 | WARNING! Aborting ECBS - could not obtain an initial solution for the following agents: Agent30(41->40)
 00:04:30 | 00:01:07 | 0.06:24:07 |  80.02%  |  8898   |   8967   | 60%  |  209358  |   0    | 218.77MB  
 00:04:32 | WARNING! Aborting ECBS - could not obtain an initial solution for the following agents: Agent2(25->24)
 00:04:32 | WARNING! Aborting ECBS - could not obtain an initial solution for the following agents: Agent2(25->24)
 00:04:33 | WARNING! Aborting ECBS - could not obtain an initial solution for the following agents: Agent14(9->8)
 00:04:33 | WARNING! Aborting ECBS - could not obtain an initial solution for the following agents: Agent14(9->8)
 00:04:33 | WARNING! Aborting ECBS - could not obtain an initial solution for the following agents: Agent26(25->24)
 00:04:34 | WARNING! Aborting ECBS - could not obtain an initial solution for the following agents: Agent10(41->40)
 00:04:34 | WARNING! Aborting ECBS - could not obtain an initial solution for the following agents: Agent10(41->40)
 00:04:35 | 00:01:00 | 0.06:33:31 |  81.98%  |  9116   |   9187   | 60%  |  214143  |   0    | 218.65MB  
 00:04:38 | WARNING! Aborting ECBS - could not obtain an initial solution for the following agents: Agent1(9->8)
 00:04:38 | WARNING! Aborting ECBS - could not obtain an initial solution for the following agents: Agent28(41->40)
 00:04:38 | WARNING! Aborting ECBS - could not obtain an initial solution for the following agents: Agent28(41->40)
 00:04:38 | WARNING! Aborting ECBS - could not obtain an initial solution for the following agents: Agent28(41->40)
 00:04:39 | WARNING! Aborting ECBS - could not obtain an initial solution for the following agents: Agent24(24->23)
 00:04:39 | WARNING! Aborting ECBS - could not obtain an initial solution for the following agents: Agent24(24->23)
 00:04:40 | 00:00:55 | 0.06:40:57 |  83.53%  |  9292   |   9361   | 60%  |  218165  |   0    | 220.14MB  
 00:04:44 | WARNING! Aborting ECBS - could not obtain an initial solution for the following agents: Agent4(3->1)
 00:04:44 | WARNING! Aborting ECBS - could not obtain an initial solution for the following agents: Agent4(3->2)
 00:04:44 | WARNING! Aborting ECBS - could not obtain an initial solution for the following agents: Agent4(3->2)
 00:04:44 | WARNING! Aborting ECBS - could not obtain an initial solution for the following agents: Agent4(3->2)
 00:04:45 | 00:00:50 | 0.06:47:40 |  84.93%  |  9446   |   9517   | 60%  |  222086  |   0    | 228.57MB  
 00:04:49 | WARNING! Aborting ECBS - could not obtain an initial solution for the following agents: Agent7(56->55)
 00:04:49 | WARNING! Aborting ECBS - could not obtain an initial solution for the following agents: Agent7(56->55)
 00:04:50 | 00:00:42 | 0.06:58:59 |  87.29%  |  9709   |   9784   | 60%  |  228028  |   0    | 228.44MB  
 00:04:50 | WARNING! Aborting ECBS - could not obtain an initial solution for the following agents: Agent7(57->56)
 00:04:55 | 00:00:36 | 0.07:07:03 |  88.97%  |  9896   |   9972   | 60%  |  231940  |   0    | 227.87MB  
 00:04:58 | WARNING! Aborting ECBS - could not obtain an initial solution for the following agents: Agent11(25->24)
 00:04:58 | WARNING! Aborting ECBS - could not obtain an initial solution for the following agents: Agent11(25->24)
 00:04:58 | WARNING! Aborting ECBS - could not obtain an initial solution for the following agents: Agent11(25->24)
 00:04:58 | WARNING! Aborting ECBS - could not obtain an initial solution for the following agents: Agent27(9->8)
 00:04:59 | WARNING! Aborting ECBS - could not obtain an initial solution for the following agents: Agent11(25->24)
 00:04:59 | WARNING! Aborting ECBS - could not obtain an initial solution for the following agents: Agent11(25->24)
 00:05:00 | 00:00:29 | 0.07:16:39 |  90.97%  |  10123  |  10197   | 60%  |  237186  |   0    | 228.41MB  
 00:05:01 | WARNING! Aborting ECBS - could not obtain an initial solution for the following agents: Agent5(57->56)
 00:05:05 | 00:00:22 | 0.07:27:25 |  93.21%  |  10375  |  10449   | 60%  |  242993  |   0    | 229.87MB  
 00:05:05 | WARNING! Aborting ECBS - could not obtain an initial solution for the following agents: Agent26(25->24)
 00:05:05 | WARNING! Aborting ECBS - could not obtain an initial solution for the following agents: Agent0(24->23)
 00:05:06 | WARNING! Aborting ECBS - could not obtain an initial solution for the following agents: Agent0(24->23)
 00:05:07 | WARNING! Aborting ECBS - could not obtain an initial solution for the following agents: Agent0(25->24)
 00:05:07 | WARNING! Aborting ECBS - could not obtain an initial solution for the following agents: Agent0(25->24)
 00:05:07 | WARNING! Aborting ECBS - could not obtain an initial solution for the following agents: Agent26(25->24)
 00:05:08 | WARNING! Aborting ECBS - could not obtain an initial solution for the following agents: Agent0(25->24)
 00:05:08 | WARNING! Aborting ECBS - could not obtain an initial solution for the following agents: Agent0(25->24)
 00:05:08 | WARNING! Aborting ECBS - could not obtain an initial solution for the following agents: Agent16(57->56)
 00:05:08 | WARNING! Aborting ECBS - could not obtain an initial solution for the following agents: Agent16(57->56)
 00:05:08 | WARNING! Aborting ECBS - could not obtain an initial solution for the following agents: Agent16(57->56)
 00:05:09 | WARNING! Aborting ECBS - could not obtain an initial solution for the following agents: Agent24(25->24)
 00:05:10 | 00:00:16 | 0.07:35:43 |  94.94%  |  10570  |  10644   | 60%  |  247493  |   0    | 228.95MB  
 00:05:13 | WARNING! Aborting ECBS - could not obtain an initial solution for the following agents: Agent7(57->56)
 00:05:13 | WARNING! Aborting ECBS - could not obtain an initial solution for the following agents: Agent7(57->56)
 00:05:14 | WARNING! Aborting ECBS - could not obtain an initial solution for the following agents: Agent30(41->40)
 00:05:15 | 00:00:11 | 0.07:43:45 |  96.62%  |  10756  |  10831   | 60%  |  252089  |   0    | 228.15MB  
 00:05:17 | WARNING! Aborting ECBS - could not obtain an initial solution for the following agents: Agent1(9->8)
 00:05:17 | WARNING! Aborting ECBS - could not obtain an initial solution for the following agents: Agent1(9->8)
 00:05:17 | WARNING! Aborting ECBS - could not obtain an initial solution for the following agents: Agent28(42->41)
 00:05:17 | WARNING! Aborting ECBS - could not obtain an initial solution for the following agents: Agent8(42->40)
 00:05:17 | WARNING! Aborting ECBS - could not obtain an initial solution for the following agents: Agent8(42->41)
 00:05:20 | 00:00:05 | 0.07:52:29 |  98.44%  |  10960  |  11036   | 60%  |  256782  |   0    | 229.71MB  
 00:05:23 | 00:00:00 | 0.08:00:00 | 100.00%  |  11136  |  11212   | 60%  |  260381  |   0    | 228.31MB  
 00:05:23 | >>> Simulation finished - writing results ...
 00:05:23 | >>> Results written
Simulation finished.
>>> Timings
StatTimingPathPlanningAverage: 0.01658738621914853
StatTimingPathPlanningOverall: 261.43379419999997
StatTimingPathPlanningCount: 15761
StatTimingTaskAllocationAverage: 0.0014930228700711036
StatTimingTaskAllocationOverall: 23.097063799999972
StatTimingTaskAllocationCount: 15470
StatTimingItemStorageAverage: 3.6408941719152804E-06
StatTimingItemStorageOverall: 0.041043800000000956
StatTimingItemStorageCount: 11273
StatTimingPodStorageAverage: 0.0019849397664612437
StatTimingPodStorageOverall: 6.119569300000014
StatTimingPodStorageCount: 3083
StatTimingReplenishmentBatchingAverage: 8.299636977627685E-06
StatTimingReplenishmentBatchingOverall: 0.09830919999999993
StatTimingReplenishmentBatchingCount: 11845
StatTimingOrderBatchingAverage: 0.00011001944003370192
StatTimingOrderBatchingOverall: 3.3950899000000074
StatTimingOrderBatchingCount: 30859
>>> Overall
StatOverallBundlesPlaced: 15182
StatOverallItemsOrdered: 11180
StatOverallOrdersPlaced: 11180
StatOverallBundlesRejected: 0
StatOverallOrdersRejected: 0
StatOverallBundlesHandled: 11212
StatOverallItemsHandled: 11140
StatOverallLinesHandled: 11140
StatOverallOrdersHandled: 11136
StatOverallCollisions: 0
StatOverallDistanceTraveled: 260381.34626726547
StatOverallDistanceEstimated: 240839
StatOverallAssignedTasks: 15470
StatMaxMemoryUsed: 232.47265625
StatRealTimeUsed: 323.3945567
StatAverageTurnoverTime: 367.7431546529848
StatMedianTurnoverTime: 216.88138023552528
StatLowerQuartileTurnoverTime: 123.70000719291056
StatUpperQuartileTurnoverTime: 497.0164860121804
StatAverageThroughputTime: 114.31978278109831
StatMedianThroughputTime: 119.08029230995453
StatLowerQuartileThroughputTime: 81.19295177820095
StatUpperQuartileThroughputTime: 141.73426405454575
>>> Energy (Rizqi model)
StatEnergyTotalKJ: 19316.032532903944
StatEnergyE1AccelKJ: 5594.188772999978
StatEnergyE2DecelKJ: 0
StatEnergyE3CruiseKJ: 9593.619448000005
StatEnergyE4RotationKJ: 3299.1801963483135
StatEnergyE5LiftLowerKJ: 829.0441155555558
StatEnergyPerOrderKJ: 1.7345575191185294
StatEnergyPerMeterJoule: 74.17204588285146
StatDistanceTraveledRizqiM: 260422
>>> Motion Behavior
StatTurningCount: 32601
StatStopAndGoCount: 44772
StatLoadedDistanceM: 176548
StatLoadedTurningCount: 24007
StatWaitTimeSec: 374276.20019843656

Marked tag finished after 1 tries!
.Fin. - SUCCESS
