<<< Welcome to the RAWSimO CLI >>>
The time is: 04/14/2026 14:25:57
Starting RAWSimO wrapper with the following arguments:
Instance: Material/Instances/PP/1-4-4-32-550.xinst
Setting: Material/Instances/PP/PPMinimal.xsett
ControlConfig: Material/Instances/PP/aesop-cbs.xconf
StatisticsDir: C:\Users\Aesop\Desktop\rawsim-o-rmfs-world-models\output_pref\seed_21
Seed: 21
Adding handler for unhandled exceptions ...
Initializing ... 
Instance recognized!
Parsing setting config ...
Parsing control config ...
Parsing instance ...
StatisticsFolder: 1-4-4-32-550-PPMinimal-aesop-cbs-21
Done!
Executing ... 
 14:25:59 | >>> Warming up ...
 00:00:00 | >>> Warmup finished - starting simulation ...
 Realtime |   ETA    |  Sim.Time  | Progress | #Orders | #Bundles | Inv. | Distance | #Coll. |   Memory    
 00:00:00 |   n/a    | 0.00:00:00 |  0.00%   |    0    |    0     | 60%  |    0     |   0    | 123.18MB  
 00:00:05 | 04:28:46 | 0.00:00:08 |  0.03%   |    0    |    0     | 60%  |   177    |   0    | 133.94MB  
 00:00:10 | 02:11:27 | 0.00:00:36 |  0.13%   |    0    |    0     | 60%  |   839    |   0    | 144.57MB  
 00:00:15 | 02:51:33 | 0.00:00:41 |  0.15%   |    0    |    0     | 60%  |   949    |   0    | 152.54MB  
 00:00:20 | 03:09:04 | 0.00:00:50 |  0.18%   |    2    |    0     | 60%  |   1142   |   0    | 156.33MB  
 00:00:25 | 03:34:38 | 0.00:00:55 |  0.19%   |    3    |    0     | 60%  |   1240   |   0    | 162.22MB  
 00:00:30 | 03:57:03 | 0.00:01:00 |  0.21%   |    4    |    0     | 60%  |   1340   |   0    | 165.68MB  
 00:00:32 | WARNING! Aborting CBS - could not obtain an initial solution for the following agents: Agent8(41->32)
 00:00:32 | WARNING! Aborting CBS - could not obtain an initial solution for the following agents: Agent8(41->32)
 00:00:32 | WARNING! Aborting CBS - could not obtain an initial solution for the following agents: Agent8(41->34)
 00:00:35 | 01:09:24 | 0.00:04:00 |  0.83%   |   70    |    65    | 60%  |   2600   |   0    | 166.81MB  
 00:00:38 | WARNING! Aborting CBS - could not obtain an initial solution for the following agents: Agent8(40->39)
 00:00:38 | WARNING! Aborting CBS - could not obtain an initial solution for the following agents: Agent8(40->39)
 00:00:39 | WARNING! Aborting CBS - could not obtain an initial solution for the following agents: Agent24(25->24)
 00:00:40 | 00:26:12 | 0.00:11:54 |  2.48%   |   257   |   251    | 60%  |   5763   |   0    | 168.28MB  
 00:00:40 | WARNING! Aborting CBS - could not obtain an initial solution for the following agents: Agent4(9->8)
 00:00:40 | WARNING! Aborting CBS - could not obtain an initial solution for the following agents: Agent4(9->8)
 00:00:45 | 00:17:08 | 0.00:20:08 |  4.20%   |   452   |   443    | 60%  |   9809   |   0    | 168.87MB  
 00:00:46 | WARNING! Aborting CBS - could not obtain an initial solution for the following agents: Agent11(25->17)
 00:00:50 | 00:13:06 | 0.00:28:41 |  5.98%   |   650   |   643    | 60%  |  14258   |   0    | 168.09MB  
 00:00:51 | WARNING! Aborting CBS - could not obtain an initial solution for the following agents: Agent5(57->49)
 00:00:51 | WARNING! Aborting CBS - could not obtain an initial solution for the following agents: Agent5(57->52)
 00:00:51 | WARNING! Aborting CBS - could not obtain an initial solution for the following agents: Agent5(57->52)
 00:00:51 | WARNING! Aborting CBS - could not obtain an initial solution for the following agents: Agent5(57->54)
 00:00:53 | WARNING! Aborting CBS - could not obtain an initial solution for the following agents: Agent24(25->24)
 00:00:55 | 00:10:39 | 0.00:38:00 |  7.92%   |   867   |   860    | 60%  |  18979   |   0    | 167.74MB  
 00:00:55 | WARNING! Aborting CBS - could not obtain an initial solution for the following agents: Agent9(56->55)
 00:00:56 | WARNING! Aborting CBS - could not obtain an initial solution for the following agents: Agent0(25->24)
 00:01:00 | 00:09:03 | 0.00:47:42 |  9.94%   |  1093   |   1088   | 60%  |  23968   |   0    | 167.67MB  
 00:01:01 | WARNING! Aborting CBS - could not obtain an initial solution for the following agents: Agent9(57->56)
 00:01:02 | WARNING! Aborting CBS - could not obtain an initial solution for the following agents: Agent14(8->7)
 00:01:02 | WARNING! Aborting CBS - could not obtain an initial solution for the following agents: Agent14(8->7)
 00:01:05 | 00:07:41 | 0.00:59:14 |  12.34%  |  1363   |   1357   | 60%  |  30058   |   0    | 168.01MB  
 00:01:05 | WARNING! Aborting CBS - could not obtain an initial solution for the following agents: Agent19(9->8)
 00:01:10 | 00:06:46 | 0.01:10:35 |  14.71%  |  1628   |   1624   | 60%  |  35552   |   0    | 167.45MB  
 00:01:11 | WARNING! Aborting CBS - could not obtain an initial solution for the following agents: Agent1(9->8)
 00:01:15 | 00:06:17 | 0.01:19:37 |  16.59%  |  1841   |   1835   | 60%  |  40379   |   0    | 167.89MB  
 00:01:15 | WARNING! Aborting CBS - could not obtain an initial solution for the following agents: Agent29(58->50)
 00:01:15 | WARNING! Aborting CBS - could not obtain an initial solution for the following agents: Agent29(58->50)
 00:01:15 | WARNING! Aborting CBS - could not obtain an initial solution for the following agents: Agent29(58->50)
 00:01:15 | WARNING! Aborting CBS - could not obtain an initial solution for the following agents: Agent9(57->50)
 00:01:15 | WARNING! Aborting CBS - could not obtain an initial solution for the following agents: Agent9(57->50)
 00:01:16 | WARNING! Aborting CBS - could not obtain an initial solution for the following agents: Agent8(41->40)
 00:01:17 | WARNING! Aborting CBS - could not obtain an initial solution for the following agents: Agent21(41->40)
 00:01:20 | 00:05:45 | 0.01:30:16 |  18.81%  |  2090   |   2084   | 60%  |  46226   |   0    | 168.63MB  
 00:01:20 | WARNING! Aborting CBS - could not obtain an initial solution for the following agents: Agent24(25->24)
 00:01:23 | WARNING! Aborting CBS - could not obtain an initial solution for the following agents: Agent16(57->56)
 00:01:23 | WARNING! Aborting CBS - could not obtain an initial solution for the following agents: Agent11(25->24)
 00:01:25 | 00:05:14 | 0.01:42:14 |  21.30%  |  2370   |   2365   | 60%  |  52275   |   0    | 168.62MB  
 00:01:27 | WARNING! Aborting CBS - could not obtain an initial solution for the following agents: Agent1(9->8)
 00:01:27 | WARNING! Aborting CBS - could not obtain an initial solution for the following agents: Agent1(9->8)
 00:01:28 | WARNING! Aborting CBS - could not obtain an initial solution for the following agents: Agent2(25->24)
 00:01:30 | 00:05:10 | 0.01:47:57 |  22.49%  |  2503   |   2496   | 60%  |  55722   |   0    | 168.07MB  
 00:01:30 | WARNING! Aborting CBS - could not obtain an initial solution for the following agents: Agent0(25->17)
 00:01:30 | WARNING! Aborting CBS - could not obtain an initial solution for the following agents: Agent0(25->17)
 00:01:32 | WARNING! Aborting CBS - could not obtain an initial solution for the following agents: Agent27(8->2)
 00:01:33 | WARNING! Aborting CBS - could not obtain an initial solution for the following agents: Agent9(58->57)
 00:01:33 | WARNING! Aborting CBS - could not obtain an initial solution for the following agents: Agent9(58->57)
 00:01:33 | WARNING! Aborting CBS - could not obtain an initial solution for the following agents: Agent9(58->57)
 00:01:35 | 00:04:54 | 0.01:57:06 |  24.40%  |  2714   |   2712   | 60%  |  61051   |   0    | 168.02MB  
 00:01:35 | WARNING! Aborting CBS - could not obtain an initial solution for the following agents: Agent4(9->8)
 00:01:35 | WARNING! Aborting CBS - could not obtain an initial solution for the following agents: Agent4(9->8)
 00:01:37 | WARNING! Aborting CBS - could not obtain an initial solution for the following agents: Agent26(25->24)
 00:01:40 | 00:04:38 | 0.02:06:42 |  26.40%  |  2939   |   2937   | 60%  |  66551   |   0    | 167.87MB  
 00:01:45 | 00:04:25 | 0.02:16:05 |  28.35%  |  3155   |   3155   | 60%  |  71738   |   0    | 169.41MB  
 00:01:45 | WARNING! Aborting CBS - could not obtain an initial solution for the following agents: Agent5(57->56)
 00:01:45 | WARNING! Aborting CBS - could not obtain an initial solution for the following agents: Agent27(9->8)
 00:01:45 | WARNING! Aborting CBS - could not obtain an initial solution for the following agents: Agent27(9->8)
 00:01:50 | 00:04:13 | 0.02:25:17 |  30.27%  |  3371   |   3369   | 60%  |  76930   |   0    | 168.85MB  
 00:01:55 | 00:04:03 | 0.02:34:05 |  32.10%  |  3574   |   3576   | 60%  |  82194   |   0    | 170.40MB  
 00:01:56 | WARNING! Aborting CBS - could not obtain an initial solution for the following agents: Agent19(9->8)
 00:01:56 | WARNING! Aborting CBS - could not obtain an initial solution for the following agents: Agent11(24->17)
 00:01:58 | WARNING! Aborting CBS - could not obtain an initial solution for the following agents: Agent0(25->24)
 00:01:59 | WARNING! Aborting CBS - could not obtain an initial solution for the following agents: Agent29(57->56)
 00:02:00 | 00:03:55 | 0.02:42:10 |  33.79%  |  3762   |   3767   | 60%  |  86700   |   0    | 168.92MB  
 00:02:02 | WARNING! Aborting CBS - could not obtain an initial solution for the following agents: Agent21(41->40)
 00:02:05 | 00:03:42 | 0.02:52:42 |  35.98%  |  4006   |   4012   | 60%  |  92603   |   0    | 169.18MB  
 00:02:10 | 00:03:36 | 0.03:00:12 |  37.54%  |  4184   |   4189   | 60%  |  96971   |   0    | 169.98MB  
 00:02:11 | WARNING! Aborting CBS - could not obtain an initial solution for the following agents: Agent27(8->7)
 00:02:15 | 00:03:20 | 0.03:12:52 |  40.18%  |  4478   |   4485   | 60%  |  103751  |   0    | 168.76MB  
 00:02:20 | 00:03:17 | 0.03:18:50 |  41.42%  |  4620   |   4626   | 60%  |  107395  |   0    | 171.80MB  
 00:02:25 | 00:03:06 | 0.03:29:47 |  43.71%  |  4877   |   4882   | 60%  |  113375  |   0    | 169.27MB  
 00:02:25 | WARNING! Aborting CBS - could not obtain an initial solution for the following agents: Agent1(9->8)
 00:02:26 | WARNING! Aborting CBS - could not obtain an initial solution for the following agents: Agent24(25->24)
 00:02:27 | WARNING! Aborting CBS - could not obtain an initial solution for the following agents: Agent14(9->8)
 00:02:27 | WARNING! Aborting CBS - could not obtain an initial solution for the following agents: Agent14(9->8)
 00:02:27 | WARNING! Aborting CBS - could not obtain an initial solution for the following agents: Agent24(25->24)
 00:02:27 | WARNING! Aborting CBS - could not obtain an initial solution for the following agents: Agent24(25->24)
 00:02:30 | 00:02:57 | 0.03:39:52 |  45.81%  |  5112   |   5119   | 60%  |  118845  |   0    | 169.61MB  
 00:02:30 | WARNING! Aborting CBS - could not obtain an initial solution for the following agents: Agent16(57->56)
 00:02:32 | WARNING! Aborting CBS - could not obtain an initial solution for the following agents: Agent29(57->50)
 00:02:32 | WARNING! Aborting CBS - could not obtain an initial solution for the following agents: Agent29(57->50)
 00:02:32 | WARNING! Aborting CBS - could not obtain an initial solution for the following agents: Agent29(57->50)
 00:02:32 | WARNING! Aborting CBS - could not obtain an initial solution for the following agents: Agent29(57->50)
 00:02:32 | WARNING! Aborting CBS - could not obtain an initial solution for the following agents: Agent29(57->51)
 00:02:34 | WARNING! Aborting CBS - could not obtain an initial solution for the following agents: Agent16(59->50)
 00:02:34 | WARNING! Aborting CBS - could not obtain an initial solution for the following agents: Agent16(59->50)
 00:02:34 | WARNING! Aborting CBS - could not obtain an initial solution for the following agents: Agent25(9->8)
 00:02:34 | WARNING! Aborting CBS - could not obtain an initial solution for the following agents: Agent25(9->8)
 00:02:34 | WARNING! Aborting CBS - could not obtain an initial solution for the following agents: Agent11(24->23)
 00:02:35 | WARNING! Aborting CBS - could not obtain an initial solution for the following agents: Agent11(24->23)
 00:02:35 | WARNING! Aborting CBS - could not obtain an initial solution for the following agents: Agent11(24->23)
 00:02:35 | 00:02:48 | 0.03:49:51 |  47.89%  |  5343   |   5353   | 60%  |  124015  |   0    | 170.96MB  
 00:02:35 | WARNING! Aborting CBS - could not obtain an initial solution for the following agents: Agent21(42->41)
 00:02:35 | WARNING! Aborting CBS - could not obtain an initial solution for the following agents: Agent21(42->41)
 00:02:35 | WARNING! Aborting CBS - could not obtain an initial solution for the following agents: Agent21(42->41)
 00:02:35 | WARNING! Aborting CBS - could not obtain an initial solution for the following agents: Agent30(42->41)
 00:02:38 | WARNING! Aborting CBS - could not obtain an initial solution for the following agents: Agent1(9->8)
 00:02:38 | WARNING! Aborting CBS - could not obtain an initial solution for the following agents: Agent1(9->8)
 00:02:38 | WARNING! Aborting CBS - could not obtain an initial solution for the following agents: Agent14(3->1)
 00:02:38 | WARNING! Aborting CBS - could not obtain an initial solution for the following agents: Agent14(3->1)
 00:02:38 | WARNING! Aborting CBS - could not obtain an initial solution for the following agents: Agent14(3->2)
 00:02:40 | 00:02:40 | 0.03:59:22 |  49.87%  |  5563   |   5576   | 60%  |  129344  |   0    | 169.47MB  
 00:02:40 | WARNING! Aborting CBS - could not obtain an initial solution for the following agents: Agent28(43->42)
 00:02:40 | WARNING! Aborting CBS - could not obtain an initial solution for the following agents: Agent28(43->42)
 00:02:40 | WARNING! Aborting CBS - could not obtain an initial solution for the following agents: Agent28(43->42)
 00:02:41 | WARNING! Aborting CBS - could not obtain an initial solution for the following agents: Agent29(57->56)
 00:02:42 | WARNING! Aborting CBS - could not obtain an initial solution for the following agents: Agent14(3->2)
 00:02:43 | WARNING! Aborting CBS - could not obtain an initial solution for the following agents: Agent19(3->1)
 00:02:43 | WARNING! Aborting CBS - could not obtain an initial solution for the following agents: Agent19(3->1)
 00:02:43 | WARNING! Aborting CBS - could not obtain an initial solution for the following agents: Agent19(3->2)
 00:02:43 | WARNING! Aborting CBS - could not obtain an initial solution for the following agents: Agent19(3->2)
 00:02:44 | WARNING! Aborting CBS - could not obtain an initial solution for the following agents: Agent26(25->24)
 00:02:45 | 00:02:31 | 0.04:10:13 |  52.13%  |  5815   |   5832   | 60%  |  135379  |   0    | 169.43MB  
 00:02:50 | 00:02:23 | 0.04:20:33 |  54.28%  |  6052   |   6072   | 60%  |  141342  |   0    | 169.93MB  
 00:02:50 | WARNING! Aborting CBS - could not obtain an initial solution for the following agents: Agent27(9->8)
 00:02:50 | WARNING! Aborting CBS - could not obtain an initial solution for the following agents: Agent27(9->8)
 00:02:50 | WARNING! Aborting CBS - could not obtain an initial solution for the following agents: Agent27(9->8)
 00:02:53 | WARNING! Aborting CBS - could not obtain an initial solution for the following agents: Agent8(41->40)
 00:02:53 | WARNING! Aborting CBS - could not obtain an initial solution for the following agents: Agent8(41->40)
 00:02:55 | 00:02:18 | 0.04:27:34 |  55.75%  |  6213   |   6238   | 60%  |  145193  |   0    | 171.15MB  
 00:02:55 | WARNING! Aborting CBS - could not obtain an initial solution for the following agents: Agent25(3->1)
 00:02:55 | WARNING! Aborting CBS - could not obtain an initial solution for the following agents: Agent25(3->2)
 00:02:55 | WARNING! Aborting CBS - could not obtain an initial solution for the following agents: Agent25(3->2)
 00:03:00 | 00:02:10 | 0.04:37:56 |  57.90%  |  6456   |   6481   | 60%  |  150669  |   0    | 169.88MB  
 00:03:01 | WARNING! Aborting CBS - could not obtain an initial solution for the following agents: Agent28(41->40)
 00:03:01 | WARNING! Aborting CBS - could not obtain an initial solution for the following agents: Agent28(41->40)
 00:03:03 | WARNING! Aborting CBS - could not obtain an initial solution for the following agents: Agent26(25->24)
 00:03:04 | WARNING! Aborting CBS - could not obtain an initial solution for the following agents: Agent11(25->24)
 00:03:05 | 00:02:03 | 0.04:47:23 |  59.87%  |  6674   |   6702   | 60%  |  155958  |   0    | 169.69MB  
 00:03:10 | 00:01:56 | 0.04:57:22 |  61.95%  |  6907   |   6937   | 60%  |  161510  |   0    | 169.58MB  
 00:03:15 | 00:01:51 | 0.05:05:30 |  63.65%  |  7090   |   7127   | 60%  |  166320  |   0    | 170.61MB  
 00:03:16 | WARNING! Aborting CBS - could not obtain an initial solution for the following agents: Agent7(57->56)
 00:03:16 | WARNING! Aborting CBS - could not obtain an initial solution for the following agents: Agent7(57->56)
 00:03:19 | WARNING! Aborting CBS - could not obtain an initial solution for the following agents: Agent2(25->24)
 00:03:19 | WARNING! Aborting CBS - could not obtain an initial solution for the following agents: Agent2(25->24)
 00:03:19 | WARNING! Aborting CBS - could not obtain an initial solution for the following agents: Agent2(25->24)
 00:03:20 | 00:01:43 | 0.05:16:07 |  65.86%  |  7336   |   7375   | 60%  |  171597  |   0    | 170.47MB  
 00:03:20 | WARNING! Aborting CBS - could not obtain an initial solution for the following agents: Agent14(3->2)
 00:03:22 | WARNING! Aborting CBS - could not obtain an initial solution for the following agents: Agent7(57->56)
 00:03:22 | WARNING! Aborting CBS - could not obtain an initial solution for the following agents: Agent7(57->56)
 00:03:25 | 00:01:34 | 0.05:28:13 |  68.38%  |  7619   |   7659   | 60%  |  178163  |   0    | 169.57MB  
 00:03:25 | WARNING! Aborting CBS - could not obtain an initial solution for the following agents: Agent14(3->1)
 00:03:25 | WARNING! Aborting CBS - could not obtain an initial solution for the following agents: Agent14(3->2)
 00:03:25 | WARNING! Aborting CBS - could not obtain an initial solution for the following agents: Agent14(3->2)
 00:03:26 | WARNING! Aborting CBS - could not obtain an initial solution for the following agents: Agent8(42->33)
 00:03:26 | WARNING! Aborting CBS - could not obtain an initial solution for the following agents: Agent8(42->41)
 00:03:27 | WARNING! Aborting CBS - could not obtain an initial solution for the following agents: Agent1(8->1)
 00:03:28 | WARNING! Aborting CBS - could not obtain an initial solution for the following agents: Agent27(9->8)
 00:03:28 | WARNING! Aborting CBS - could not obtain an initial solution for the following agents: Agent0(25->24)
 00:03:28 | WARNING! Aborting CBS - could not obtain an initial solution for the following agents: Agent29(1004->1016)
 00:03:30 | 00:01:27 | 0.05:38:37 |  70.55%  |  7859   |   7903   | 60%  |  183841  |   0    | 170.60MB  
 00:03:32 | WARNING! Aborting CBS - could not obtain an initial solution for the following agents: Agent9(56->55)
 00:03:35 | 00:01:21 | 0.05:47:30 |  72.40%  |  8065   |   8111   | 60%  |  188903  |   0    | 169.69MB  
 00:03:37 | WARNING! Aborting CBS - could not obtain an initial solution for the following agents: Agent8(41->40)
 00:03:37 | WARNING! Aborting CBS - could not obtain an initial solution for the following agents: Agent8(41->40)
 00:03:37 | WARNING! Aborting CBS - could not obtain an initial solution for the following agents: Agent11(25->24)
 00:03:40 | 00:01:17 | 0.05:55:00 |  73.96%  |  8238   |   8288   | 60%  |  193002  |   0    | 170.60MB  
 00:03:43 | WARNING! Aborting CBS - could not obtain an initial solution for the following agents: Agent1(9->8)
 00:03:43 | WARNING! Aborting CBS - could not obtain an initial solution for the following agents: Agent19(3->1)
 00:03:43 | WARNING! Aborting CBS - could not obtain an initial solution for the following agents: Agent19(3->2)
 00:03:43 | WARNING! Aborting CBS - could not obtain an initial solution for the following agents: Agent19(3->2)
 00:03:45 | 00:01:10 | 0.06:05:43 |  76.19%  |  8486   |   8537   | 60%  |  199135  |   0    | 170.23MB  
 00:03:45 | WARNING! Aborting CBS - could not obtain an initial solution for the following agents: Agent7(57->56)
 00:03:46 | WARNING! Aborting CBS - could not obtain an initial solution for the following agents: Agent2(25->24)
 00:03:46 | WARNING! Aborting CBS - could not obtain an initial solution for the following agents: Agent5(56->50)
 00:03:46 | WARNING! Aborting CBS - could not obtain an initial solution for the following agents: Agent5(56->50)
 00:03:50 | 00:01:06 | 0.06:12:27 |  77.59%  |  8640   |   8696   | 60%  |  203115  |   0    | 170.73MB  
 00:03:51 | WARNING! Aborting CBS - could not obtain an initial solution for the following agents: Agent5(57->56)
 00:03:51 | WARNING! Aborting CBS - could not obtain an initial solution for the following agents: Agent10(40->39)
 00:03:51 | WARNING! Aborting CBS - could not obtain an initial solution for the following agents: Agent16(57->56)
 00:03:51 | WARNING! Aborting CBS - could not obtain an initial solution for the following agents: Agent16(57->56)
 00:03:51 | WARNING! Aborting CBS - could not obtain an initial solution for the following agents: Agent16(57->56)
 00:03:52 | WARNING! Aborting CBS - could not obtain an initial solution for the following agents: Agent2(25->24)
 00:03:53 | WARNING! Aborting CBS - could not obtain an initial solution for the following agents: Agent14(3->1)
 00:03:53 | WARNING! Aborting CBS - could not obtain an initial solution for the following agents: Agent14(3->1)
 00:03:53 | WARNING! Aborting CBS - could not obtain an initial solution for the following agents: Agent14(3->2)
 00:03:54 | WARNING! Aborting CBS - could not obtain an initial solution for the following agents: Agent21(41->33)
 00:03:54 | WARNING! Aborting CBS - could not obtain an initial solution for the following agents: Agent21(41->34)
 00:03:54 | WARNING! Aborting CBS - could not obtain an initial solution for the following agents: Agent21(41->34)
 00:03:54 | WARNING! Aborting CBS - could not obtain an initial solution for the following agents: Agent21(41->34)
 00:03:54 | WARNING! Aborting CBS - could not obtain an initial solution for the following agents: Agent21(41->38)
 00:03:55 | 00:00:58 | 0.06:24:21 |  80.08%  |  8917   |   8974   | 60%  |  209472  |   0    | 170.29MB  
 00:03:55 | WARNING! Aborting CBS - could not obtain an initial solution for the following agents: Agent26(25->24)
 00:03:55 | WARNING! Aborting CBS - could not obtain an initial solution for the following agents: Agent11(25->24)
 00:04:00 | 00:00:50 | 0.06:36:07 |  82.52%  |  9188   |   9250   | 60%  |  215624  |   0    | 171.09MB  
 00:04:00 | WARNING! Aborting CBS - could not obtain an initial solution for the following agents: Agent11(25->24)
 00:04:00 | WARNING! Aborting CBS - could not obtain an initial solution for the following agents: Agent11(25->24)
 00:04:05 | 00:00:45 | 0.06:45:15 |  84.43%  |  9398   |   9463   | 60%  |  220400  |   0    | 170.70MB  
 00:04:07 | WARNING! Aborting CBS - could not obtain an initial solution for the following agents: Agent21(41->40)
 00:04:10 | 00:00:39 | 0.06:55:09 |  86.49%  |  9628   |   9695   | 60%  |  225836  |   0    | 171.02MB  
 00:04:10 | WARNING! Aborting CBS - could not obtain an initial solution for the following agents: Agent9(59->58)
 00:04:10 | WARNING! Aborting CBS - could not obtain an initial solution for the following agents: Agent9(59->58)
 00:04:13 | WARNING! Aborting CBS - could not obtain an initial solution for the following agents: Agent11(25->24)
 00:04:14 | WARNING! Aborting CBS - could not obtain an initial solution for the following agents: Agent11(25->24)
 00:04:15 | 00:00:32 | 0.07:05:28 |  88.64%  |  9867   |   9937   | 60%  |  231761  |   0    | 171.81MB  
 00:04:18 | WARNING! Aborting CBS - could not obtain an initial solution for the following agents: Agent25(10->9)
 00:04:18 | WARNING! Aborting CBS - could not obtain an initial solution for the following agents: Agent25(10->9)
 00:04:20 | 00:00:26 | 0.07:15:35 |  90.75%  |  10105  |  10175   | 60%  |  237564  |   0    | 171.70MB  
 00:04:20 | WARNING! Aborting CBS - could not obtain an initial solution for the following agents: Agent21(41->40)
 00:04:25 | 00:00:19 | 0.07:26:24 |  93.00%  |  10355  |  10428   | 60%  |  243547  |   0    | 171.06MB  
 00:04:25 | WARNING! Aborting CBS - could not obtain an initial solution for the following agents: Agent19(8->2)
 00:04:25 | WARNING! Aborting CBS - could not obtain an initial solution for the following agents: Agent19(8->2)
 00:04:25 | WARNING! Aborting CBS - could not obtain an initial solution for the following agents: Agent19(8->1)
 00:04:25 | WARNING! Aborting CBS - could not obtain an initial solution for the following agents: Agent19(8->2)
 00:04:25 | WARNING! Aborting CBS - could not obtain an initial solution for the following agents: Agent19(8->2)
 00:04:27 | WARNING! Aborting CBS - could not obtain an initial solution for the following agents: Agent2(25->24)
 00:04:28 | WARNING! Aborting CBS - could not obtain an initial solution for the following agents: Agent4(9->8)
 00:04:28 | WARNING! Aborting CBS - could not obtain an initial solution for the following agents: Agent4(9->8)
 00:04:28 | WARNING! Aborting CBS - could not obtain an initial solution for the following agents: Agent16(57->56)
 00:04:30 | 00:00:15 | 0.07:33:47 |  94.54%  |  10529  |  10602   | 60%  |  247863  |   0    | 170.88MB  
 00:04:35 | 00:00:09 | 0.07:44:21 |  96.74%  |  10774  |  10850   | 60%  |  253450  |   0    | 171.34MB  
 00:04:37 | WARNING! Aborting CBS - could not obtain an initial solution for the following agents: Agent2(25->24)
 00:04:40 | 00:00:05 | 0.07:51:29 |  98.23%  |  10940  |  11016   | 60%  |  257681  |   0    | 170.95MB  
 00:04:42 | WARNING! Aborting CBS - could not obtain an initial solution for the following agents: Agent8(41->40)
 00:04:42 | WARNING! Aborting CBS - could not obtain an initial solution for the following agents: Agent8(41->40)
 00:04:43 | WARNING! Aborting CBS - could not obtain an initial solution for the following agents: Agent10(41->40)
 00:04:43 | WARNING! Aborting CBS - could not obtain an initial solution for the following agents: Agent10(41->40)
 00:04:44 | 00:00:00 | 0.08:00:00 | 100.00%  |  11141  |  11215   | 60%  |  262129  |   0    | 171.31MB  
 00:04:44 | >>> Simulation finished - writing results ...
 00:04:44 | >>> Results written
Simulation finished.
>>> Timings
StatTimingPathPlanningAverage: 0.014069762198545444
StatTimingPathPlanningOverall: 220.5294527000013
StatTimingPathPlanningCount: 15674
StatTimingTaskAllocationAverage: 0.0014612448262646901
StatTimingTaskAllocationOverall: 22.87724899999999
StatTimingTaskAllocationCount: 15656
StatTimingItemStorageAverage: 3.445878707392804E-06
StatTimingItemStorageOverall: 0.038921200000001724
StatTimingItemStorageCount: 11295
StatTimingPodStorageAverage: 0.0020009891063274632
StatTimingPodStorageOverall: 6.135032600000002
StatTimingPodStorageCount: 3066
StatTimingReplenishmentBatchingAverage: 8.231333276754643E-06
StatTimingReplenishmentBatchingOverall: 0.09698979999999996
StatTimingReplenishmentBatchingCount: 11783
StatTimingOrderBatchingAverage: 0.00011229145746618121
StatTimingOrderBatchingOverall: 3.453186900000005
StatTimingOrderBatchingCount: 30752
>>> Overall
StatOverallBundlesPlaced: 15113
StatOverallItemsOrdered: 11185
StatOverallOrdersPlaced: 11185
StatOverallBundlesRejected: 0
StatOverallOrdersRejected: 0
StatOverallBundlesHandled: 11215
StatOverallItemsHandled: 11145
StatOverallLinesHandled: 11145
StatOverallOrdersHandled: 11141
StatOverallCollisions: 0
StatOverallDistanceTraveled: 262128.77416928418
StatOverallDistanceEstimated: 241748
StatOverallAssignedTasks: 15656
StatMaxMemoryUsed: 171.8046875
StatRealTimeUsed: 284.0074581
StatAverageTurnoverTime: 368.4892844262276
StatMedianTurnoverTime: 218.7096328307206
StatLowerQuartileTurnoverTime: 122.51956779206739
StatUpperQuartileTurnoverTime: 498.9094042553247
StatAverageThroughputTime: 114.31942705597646
StatMedianThroughputTime: 120.95686783188467
StatLowerQuartileThroughputTime: 81.02362828995865
StatUpperQuartileThroughputTime: 141.78175806680065
>>> Energy (Rizqi model)
StatEnergyTotalKJ: 20071.663481960917
StatEnergyE1AccelKJ: 5410.20517924998
StatEnergyE2DecelKJ: 0
StatEnergyE3CruiseKJ: 9995.026762000005
StatEnergyE4RotationKJ: 3837.3362518220124
StatEnergyE5LiftLowerKJ: 829.0952888888895
StatEnergyPerOrderKJ: 1.8016034002298642
StatEnergyPerMeterJoule: 76.56439910114253
StatDistanceTraveledRizqiM: 262154
>>> Motion Behavior
StatTurningCount: 32420
StatStopAndGoCount: 43992
StatLoadedDistanceM: 178223
StatLoadedTurningCount: 23845
StatWaitTimeSec: 603556.3454464359
StatMoveEnergyEmptyKJ: 4311.690299999997
StatMoveTimeEmptySec: 82995.43111650724
StatTurnEnergyEmptyKJ: 881.5450104163436
StatTurnTimeEmptySec: 5796.025597935404
StatMoveEnergyLoadedKJ: 11093.541641249985
StatMoveTimeLoadedSec: 206389.89548637162
StatTurnEnergyLoadedKJ: 2955.791241405688
StatTurnTimeLoadedSec: 15102.899161972971
StatPrefEmptyW: 58.48800664593241
StatPrefLoadedW: 63.43020279716659

Marked tag finished after 1 tries!
.Fin. - SUCCESS
