<<< Welcome to the RAWSimO CLI >>>
The time is: 04/16/2026 23:13:27
Starting RAWSimO wrapper with the following arguments:
Instance: Material/Instances/CoreBenchmark/aesop.xlayo
Setting: Material/Instances/CoreBenchmark/aesop.xsett
ControlConfig: Material/Instances/CoreBenchmark/aesop-ecbs.xconf
StatisticsDir: output_compare/diag/
Seed: 42
Adding handler for unhandled exceptions ...
Initializing ... 
LayoutConfiguration recognized!
Parsing setting config ...
Parsing control config ...
Parsing layout config ...
Generating instance...
Info about all directions within the generated instance:
# # # # # e p e p p p p p p p p p p p p p p p p p e p p p p p p p p p p p p p p p p p e p p p p p p p p p e s # # # # # 
# # # # # n q ^ + + + + + + + + v + + + + + + + + ^ + + + + + + + + v + + + + + + + + ^ + + + + + + + + q d q # # # # # 
# # # # # b p b + + + + + + + + v + + + + + + + + ^ + + + + + + + + v + + + + + + + + ^ + + + + + + + + v b s # # # # # 
s w w w w d q d < < < < < < < < q < < < < < < < < d < < < < < < < < q < < < < < < < < d < < < < < < < < q d q w w w w w 
p e e e s b p b + + + + + + + + v + + + + + + + + ^ + + + + + + + + v + + + + + + + + ^ + + + + + + + + v b p e e e e n 
s w w w w d q ^ + + + + + + + + v + + + + + + + + ^ + + + + + + + + v + + + + + + + + ^ + + + + + + + + q d q n w w w d 
e e e e e b p b > > > > > > > > p > > > > > > > > b > > > > > > > > p > > > > > > > > b > > > > > > > > p b p e e e e n 
# # # # # n q ^ + + + + + + + + v + + + + + + + + ^ + + + + + + + + v + + + + + + + + ^ + + + + + + + + q d q # # # # # 
# # # # # b p b + + + + + + + + v + + + + + + + + ^ + + + + + + + + v + + + + + + + + ^ + + + + + + + + v b s # # # # # 
s w w w w d q d < < < < < < < < q < < < < < < < < d < < < < < < < < q < < < < < < < < d < < < < < < < < q d q w w w w w 
p e e e s b p b + + + + + + + + v + + + + + + + + ^ + + + + + + + + v + + + + + + + + ^ + + + + + + + + v b p e e e e n 
s w w w w d q ^ + + + + + + + + v + + + + + + + + ^ + + + + + + + + v + + + + + + + + ^ + + + + + + + + q d q n w w w d 
e e e e e b p b > > > > > > > > p > > > > > > > > b > > > > > > > > p > > > > > > > > b > > > > > > > > p b p e e e e n 
# # # # # n q ^ + + + + + + + + v + + + + + + + + ^ + + + + + + + + v + + + + + + + + ^ + + + + + + + + q d q # # # # # 
# # # # # b p b + + + + + + + + v + + + + + + + + ^ + + + + + + + + v + + + + + + + + ^ + + + + + + + + v b s # # # # # 
s w w w w d q d < < < < < < < < q < < < < < < < < d < < < < < < < < q < < < < < < < < d < < < < < < < < q d q w w w w w 
p e e e s b p b + + + + + + + + v + + + + + + + + ^ + + + + + + + + v + + + + + + + + ^ + + + + + + + + v b p e e e e n 
s w w w w d q ^ + + + + + + + + v + + + + + + + + ^ + + + + + + + + v + + + + + + + + ^ + + + + + + + + q d q n w w w d 
e e e e e b p b > > > > > > > > p > > > > > > > > b > > > > > > > > p > > > > > > > > b > > > > > > > > p b p e e e e n 
# # # # # n q ^ + + + + + + + + v + + + + + + + + ^ + + + + + + + + v + + + + + + + + ^ + + + + + + + + q d q # # # # # 
# # # # # b p b + + + + + + + + v + + + + + + + + ^ + + + + + + + + v + + + + + + + + ^ + + + + + + + + v b s # # # # # 
s w w w w d q d < < < < < < < < q < < < < < < < < d < < < < < < < < q < < < < < < < < d < < < < < < < < q d q w w w w w 
p e e e s b p b + + + + + + + + v + + + + + + + + ^ + + + + + + + + v + + + + + + + + ^ + + + + + + + + v b p e e e e n 
s w w w w d q ^ + + + + + + + + v + + + + + + + + ^ + + + + + + + + v + + + + + + + + ^ + + + + + + + + q d q n w w w d 
e e e e e b p b > > > > > > > > p > > > > > > > > b > > > > > > > > p > > > > > > > > b > > > > > > > > p b p e e e e n 
# # # # # n q ^ + + + + + + + + v + + + + + + + + ^ + + + + + + + + v + + + + + + + + ^ + + + + + + + + q d q # # # # # 
# # # # # b p b + + + + + + + + v + + + + + + + + ^ + + + + + + + + v + + + + + + + + ^ + + + + + + + + v b s # # # # # 
# # # # # n q d < < < < < < < < q < < < < < < < < d < < < < < < < < q < < < < < < < < d < < < < < < < < q d q # # # # # 
# # # # # b p b + + + + + + + + v + + + + + + + + ^ + + + + + + + + v + + + + + + + + ^ + + + + + + + + v b s # # # # # 
# # # # # n q ^ + + + + + + + + v + + + + + + + + ^ + + + + + + + + v + + + + + + + + ^ + + + + + + + + q d q # # # # # 
# # # # # b p b > > > > > > > > p > > > > > > > > b > > > > > > > > p > > > > > > > > b > > > > > > > > p b s # # # # # 
# # # # # n q ^ + + + + + + + + v + + + + + + + + ^ + + + + + + + + v + + + + + + + + ^ + + + + + + + + q d q # # # # # 
# # # # # b p b + + + + + + + + v + + + + + + + + ^ + + + + + + + + v + + + + + + + + ^ + + + + + + + + v b s # # # # # 
# # # # # n w d d d d d d d d d w d d d d d d d d d d d d d d d d d w d d d d d d d d d d d d d d d d d w d w # # # # # 


Info about all types within the generated instance:
# # # # # r r r r r r r r r r r r r r r r r r r r r r r r r r r r r r r r r r r r r r r r r r r r r r r r r r # # # # # 
# # # # # r r r s s s s s s s s r s s s s s s s s r s s s s s s s s r s s s s s s s s r s s s s s s s s r r r # # # # # 
# # # # # r r r s s s s s s s s r s s s s s s s s r s s s s s s s s r s s s s s s s s r s s s s s s s s r r r # # # # # 
b b b b b r r r r r r r r r r r r r r r r r r r r r r r r r r r r r r r r r r r r r r r r r r r r r r r r r r b b b b o 
b b b b b r r r s s s s s s s s r s s s s s s s s r s s s s s s s s r s s s s s s s s r s s s s s s s s r r r b b b b b 
b b b b b r r r s s s s s s s s r s s s s s s s s r s s s s s s s s r s s s s s s s s r s s s s s s s s r r r b b b b b 
i b b b b r r r r r r r r r r r r r r r r r r r r r r r r r r r r r r r r r r r r r r r r r r r r r r r r r r b b b b b 
# # # # # r r r s s s s s s s s r s s s s s s s s r s s s s s s s s r s s s s s s s s r s s s s s s s s r r r # # # # # 
# # # # # r r r s s s s s s s s r s s s s s s s s r s s s s s s s s r s s s s s s s s r s s s s s s s s r r r # # # # # 
b b b b b r r r r r r r r r r r r r r r r r r r r r r r r r r r r r r r r r r r r r r r r r r r r r r r r r r b b b b o 
b b b b b r r r s s s s s s s s r s s s s s s s s r s s s s s s s s r s s s s s s s s r s s s s s s s s r r r b b b b b 
b b b b b r r r s s s s s s s s r s s s s s s s s r s s s s s s s s r s s s s s s s s r s s s s s s s s r r r b b b b b 
i b b b b r r r r r r r r r r r r r r r r r r r r r r r r r r r r r r r r r r r r r r r r r r r r r r r r r r b b b b b 
# # # # # r r r s s s s s s s s r s s s s s s s s r s s s s s s s s r s s s s s s s s r s s s s s s s s r r r # # # # # 
# # # # # r r r s s s s s s s s r s s s s s s s s r s s s s s s s s r s s s s s s s s r s s s s s s s s r r r # # # # # 
b b b b b r r r r r r r r r r r r r r r r r r r r r r r r r r r r r r r r r r r r r r r r r r r r r r r r r r b b b b o 
b b b b b r r r s s s s s s s s r s s s s s s s s r s s s s s s s s r s s s s s s s s r s s s s s s s s r r r b b b b b 
b b b b b r r r s s s s s s s s r s s s s s s s s r s s s s s s s s r s s s s s s s s r s s s s s s s s r r r b b b b b 
i b b b b r r r r r r r r r r r r r r r r r r r r r r r r r r r r r r r r r r r r r r r r r r r r r r r r r r b b b b b 
# # # # # r r r s s s s s s s s r s s s s s s s s r s s s s s s s s r s s s s s s s s r s s s s s s s s r r r # # # # # 
# # # # # r r r s s s s s s s s r s s s s s s s s r s s s s s s s s r s s s s s s s s r s s s s s s s s r r r # # # # # 
b b b b b r r r r r r r r r r r r r r r r r r r r r r r r r r r r r r r r r r r r r r r r r r r r r r r r r r b b b b o 
b b b b b r r r s s s s s s s s r s s s s s s s s r s s s s s s s s r s s s s s s s s r s s s s s s s s r r r b b b b b 
b b b b b r r r s s s s s s s s r s s s s s s s s r s s s s s s s s r s s s s s s s s r s s s s s s s s r r r b b b b b 
i b b b b r r r r r r r r r r r r r r r r r r r r r r r r r r r r r r r r r r r r r r r r r r r r r r r r r r b b b b b 
# # # # # r r r s s s s s s s s r s s s s s s s s r s s s s s s s s r s s s s s s s s r s s s s s s s s r r r # # # # # 
# # # # # r r r s s s s s s s s r s s s s s s s s r s s s s s s s s r s s s s s s s s r s s s s s s s s r r r # # # # # 
# # # # # r r r r r r r r r r r r r r r r r r r r r r r r r r r r r r r r r r r r r r r r r r r r r r r r r r # # # # # 
# # # # # r r r s s s s s s s s r s s s s s s s s r s s s s s s s s r s s s s s s s s r s s s s s s s s r r r # # # # # 
# # # # # r r r s s s s s s s s r s s s s s s s s r s s s s s s s s r s s s s s s s s r s s s s s s s s r r r # # # # # 
# # # # # r r r r r r r r r r r r r r r r r r r r r r r r r r r r r r r r r r r r r r r r r r r r r r r r r r # # # # # 
# # # # # r r r s s s s s s s s r s s s s s s s s r s s s s s s s s r s s s s s s s s r s s s s s s s s r r r # # # # # 
# # # # # r r r s s s s s s s s r s s s s s s s s r s s s s s s s s r s s s s s s s s r s s s s s s s s r r r # # # # # 
# # # # # r r r r r r r r r r r r r r r r r r r r r r r r r r r r r r r r r r r r r r r r r r r r r r r r r r # # # # # 


StatisticsFolder: aesop-aesop-aesop-ecbs-42
Done!
Executing ... 
 23:13:30 | >>> Warming up ...
 00:00:00 | >>> Warmup finished - starting simulation ...
 Realtime |   ETA    |  Sim.Time  | Progress | #Orders | #Bundles | Inv. | Distance | #Coll. |   Memory    
 00:00:00 |   n/a    | 0.00:00:00 |  0.00%   |    0    |    0     | 70%  |    0     |   0    | 153.98MB  
 00:00:02 | WARNING! Aborting ECBS - could not obtain an initial solution for the following agents: Agent23(4->3)
 00:00:02 | WARNING! Aborting ECBS - could not obtain an initial solution for the following agents: Agent23(4->3)
 00:00:02 | WARNING! Aborting ECBS - could not obtain an initial solution for the following agents: Agent10(13->12)
 00:00:02 | WARNING! Aborting ECBS - could not obtain an initial solution for the following agents: Agent10(13->12)
 00:00:02 | WARNING! Aborting ECBS - could not obtain an initial solution for the following agents: Agent10(13->2)
 00:00:02 | WARNING! Aborting ECBS - could not obtain an initial solution for the following agents: Agent10(13->3)
 00:00:02 | WARNING! Aborting ECBS - could not obtain an initial solution for the following agents: Agent10(13->4)
 00:00:02 | WARNING! Aborting ECBS - could not obtain an initial solution for the following agents: Agent10(13->4)
 00:00:03 | WARNING! Aborting ECBS - could not obtain an initial solution for the following agents: Agent3(32->31)
 00:00:03 | WARNING! Aborting ECBS - could not obtain an initial solution for the following agents: Agent3(32->31)
 00:00:05 | 00:14:06 | 0.00:02:49 |  0.59%   |   32    |    44    | 70%  |   2157   |   0    | 158.02MB  
 00:00:10 | 00:07:20 | 0.00:10:39 |  2.22%   |   154   |   217    | 72%  |   7134   |   0    | 153.45MB  
 00:00:15 | 00:06:59 | 0.00:16:34 |  3.45%   |   236   |   341    | 73%  |  11057   |   0    | 153.79MB  
 00:00:19 | WARNING! Aborting ECBS - could not obtain an initial solution for the following agents: Agent4(72->71)
 00:00:20 | 00:06:45 | 0.00:22:32 |  4.70%   |   325   |   463    | 74%  |  15111   |   0    | 154.65MB  
 00:00:22 | WARNING! Aborting ECBS - could not obtain an initial solution for the following agents: Agent19(34->33)
 00:00:22 | WARNING! Aborting ECBS - could not obtain an initial solution for the following agents: Agent19(34->33)
 00:00:22 | WARNING! Aborting ECBS - could not obtain an initial solution for the following agents: Agent19(34->33)
 00:00:25 | 00:06:33 | 0.00:28:42 |  5.98%   |   408   |   568    | 75%  |  19936   |   0    | 157.30MB  
 00:00:25 | WARNING! Aborting ECBS - could not obtain an initial solution for the following agents: Agent4(74->63)
 00:00:25 | WARNING! Aborting ECBS - could not obtain an initial solution for the following agents: Agent4(74->63)
 00:00:26 | WARNING! Aborting ECBS - could not obtain an initial solution for the following agents: Agent4(74->63)
 00:00:26 | WARNING! Aborting ECBS - could not obtain an initial solution for the following agents: Agent4(74->63)
 00:00:26 | WARNING! Aborting ECBS - could not obtain an initial solution for the following agents: Agent4(74->63)
 00:00:28 | WARNING! Aborting ECBS - could not obtain an initial solution for the following agents: Agent23(12->11)
 00:00:30 | 00:06:25 | 0.00:34:40 |  7.22%   |   481   |   692    | 76%  |  24802   |   0    | 159.78MB  
 00:00:32 | WARNING! Aborting ECBS - could not obtain an initial solution for the following agents: Agent7(54->53)
 00:00:34 | WARNING! Aborting ECBS - could not obtain an initial solution for the following agents: Agent25(74->73)
 00:00:34 | WARNING! Aborting ECBS - could not obtain an initial solution for the following agents: Agent25(74->73)
 00:00:34 | WARNING! Aborting ECBS - could not obtain an initial solution for the following agents: Agent25(74->73)
 00:00:34 | WARNING! Aborting ECBS - could not obtain an initial solution for the following agents: Agent25(74->73)
 00:00:34 | WARNING! Aborting ECBS - could not obtain an initial solution for the following agents: Agent25(74->73)
 00:00:35 | WARNING! Aborting ECBS - could not obtain an initial solution for the following agents: Agent25(74->73)
 00:00:35 | 00:05:58 | 0.00:42:44 |  8.91%   |   592   |   846    | 77%  |  30960   |   0    | 160.44MB  
 00:00:35 | WARNING! Aborting ECBS - could not obtain an initial solution for the following agents: Agent7(54->53)
 00:00:35 | WARNING! Aborting ECBS - could not obtain an initial solution for the following agents: Agent7(54->53)
 00:00:35 | WARNING! Aborting ECBS - could not obtain an initial solution for the following agents: Agent7(54->53)
 00:00:37 | WARNING! Aborting ECBS - could not obtain an initial solution for the following agents: Agent16(12->11)
 00:00:37 | WARNING! Aborting ECBS - could not obtain an initial solution for the following agents: Agent16(12->11)
 00:00:38 | WARNING! Aborting ECBS - could not obtain an initial solution for the following agents: Agent8(12->11)
 00:00:38 | WARNING! Aborting ECBS - could not obtain an initial solution for the following agents: Agent8(12->11)
 00:00:38 | WARNING! Aborting ECBS - could not obtain an initial solution for the following agents: Agent22(134->133)
 00:00:38 | WARNING! Aborting ECBS - could not obtain an initial solution for the following agents: Agent22(134->133)
 00:00:40 | 00:05:33 | 0.00:51:27 |  10.72%  |   720   |   1000   | 78%  |  37608   |   0    | 163.17MB  
 00:00:40 | WARNING! Aborting ECBS - could not obtain an initial solution for the following agents: Agent10(2->1)
 00:00:41 | WARNING! Aborting ECBS - could not obtain an initial solution for the following agents: Agent25(72->71)
 00:00:41 | WARNING! Aborting ECBS - could not obtain an initial solution for the following agents: Agent25(72->71)
 00:00:42 | WARNING! Aborting ECBS - could not obtain an initial solution for the following agents: Agent10(13->12)
 00:00:42 | WARNING! Aborting ECBS - could not obtain an initial solution for the following agents: Agent10(13->12)
 00:00:43 | WARNING! Aborting ECBS - could not obtain an initial solution for the following agents: Agent11(52->51)
 00:00:45 | 00:05:21 | 0.00:58:57 |  12.28%  |   818   |   1134   | 80%  |  43506   |   0    | 167.20MB  
 00:00:47 | WARNING! Aborting ECBS - could not obtain an initial solution for the following agents: Agent23(4->3)
 00:00:47 | WARNING! Aborting ECBS - could not obtain an initial solution for the following agents: Agent23(4->3)
 00:00:50 | 00:05:24 | 0.01:04:09 |  13.37%  |   888   |   1219   | 80%  |  47959   |   0    | 171.14MB  
 00:00:50 | WARNING! Aborting ECBS - could not obtain an initial solution for the following agents: Agent13(54->53)
 00:00:50 | WARNING! Aborting ECBS - could not obtain an initial solution for the following agents: Agent13(54->53)
 00:00:50 | WARNING! Aborting ECBS - could not obtain an initial solution for the following agents: Agent13(54->53)
 00:00:50 | WARNING! Aborting ECBS - could not obtain an initial solution for the following agents: Agent13(54->53)
 00:00:50 | WARNING! Aborting ECBS - could not obtain an initial solution for the following agents: Agent13(54->53)
 00:00:50 | WARNING! Aborting ECBS - could not obtain an initial solution for the following agents: Agent0(34->23)
 00:00:50 | WARNING! Aborting ECBS - could not obtain an initial solution for the following agents: Agent0(34->23)
 00:00:50 | WARNING! Aborting ECBS - could not obtain an initial solution for the following agents: Agent6(74->73)
 00:00:51 | WARNING! Aborting ECBS - could not obtain an initial solution for the following agents: Agent25(72->71)
 00:00:51 | WARNING! Aborting ECBS - could not obtain an initial solution for the following agents: Agent25(72->71)
 00:00:53 | WARNING! Aborting ECBS - could not obtain an initial solution for the following agents: Agent10(12->11)
 00:00:54 | WARNING! Aborting ECBS - could not obtain an initial solution for the following agents: Agent25(72->71)
 00:00:55 | 00:05:09 | 0.01:12:23 |  15.08%  |   989   |   1362   | 81%  |  54334   |   0    | 172.59MB  
 00:00:59 | Pausing bundle generation due to inventory+reserved+backlog level (currently at: 0.8500051382577858)
 00:01:00 | 00:05:03 | 0.01:19:12 |  16.50%  |  1078   |   1465   | 82%  |  60113   |   0    | 176.85MB  
 00:01:00 | WARNING! Aborting ECBS - could not obtain an initial solution for the following agents: Agent23(14->13)
 00:01:00 | WARNING! Aborting ECBS - could not obtain an initial solution for the following agents: Agent23(14->13)
 00:01:00 | WARNING! Aborting ECBS - could not obtain an initial solution for the following agents: Agent23(14->13)
 00:01:05 | 00:04:49 | 0.01:27:57 |  18.32%  |  1193   |   1602   | 83%  |  67554   |   0    | 177.99MB  
 00:01:05 | WARNING! Aborting ECBS - could not obtain an initial solution for the following agents: Agent7(52->51)
 00:01:05 | WARNING! Aborting ECBS - could not obtain an initial solution for the following agents: Agent7(52->51)
 00:01:05 | WARNING! Aborting ECBS - could not obtain an initial solution for the following agents: Agent25(72->71)
 00:01:05 | WARNING! Aborting ECBS - could not obtain an initial solution for the following agents: Agent25(72->71)
 00:01:10 | 00:04:39 | 0.01:36:06 |  20.02%  |  1310   |   1719   | 84%  |  74080   |   0    | 182.93MB  
 00:01:13 | WARNING! Aborting ECBS - could not obtain an initial solution for the following agents: Agent18(32->31)
 00:01:15 | 00:04:28 | 0.01:44:55 |  21.86%  |  1431   |   1732   | 84%  |  80396   |   0    | 188.69MB  
 00:01:16 | WARNING! Aborting ECBS - could not obtain an initial solution for the following agents: Agent12(34->33)
 00:01:18 | WARNING! Aborting ECBS - could not obtain an initial solution for the following agents: Agent11(52->51)
 00:01:18 | WARNING! Aborting ECBS - could not obtain an initial solution for the following agents: Agent11(52->51)
 00:01:18 | WARNING! Aborting ECBS - could not obtain an initial solution for the following agents: Agent21(32->31)
 00:01:20 | 00:04:17 | 0.01:53:54 |  23.73%  |  1555   |   1732   | 84%  |  86603   |   0    | 191.75MB  
 00:01:20 | WARNING! Aborting ECBS - could not obtain an initial solution for the following agents: Agent13(52->51)
 00:01:20 | WARNING! Aborting ECBS - could not obtain an initial solution for the following agents: Agent13(52->51)
 00:01:21 | WARNING! Aborting ECBS - could not obtain an initial solution for the following agents: Agent3(21->20),Agent19(22->21)
 00:01:21 | WARNING! Aborting ECBS - could not obtain an initial solution for the following agents: Agent3(21->20),Agent19(22->21)
 00:01:22 | WARNING! Aborting ECBS - could not obtain an initial solution for the following agents: Agent25(72->71)
 00:01:22 | WARNING! Aborting ECBS - could not obtain an initial solution for the following agents: Agent25(72->71)
 00:01:22 | WARNING! Aborting ECBS - could not obtain an initial solution for the following agents: Agent12(34->33)
 00:01:22 | WARNING! Aborting ECBS - could not obtain an initial solution for the following agents: Agent12(34->33)
 00:01:22 | WARNING! Aborting ECBS - could not obtain an initial solution for the following agents: Agent12(34->33)
 00:01:22 | WARNING! Aborting ECBS - could not obtain an initial solution for the following agents: Agent12(34->33)
 00:01:22 | WARNING! Aborting ECBS - could not obtain an initial solution for the following agents: Agent12(34->33)
 00:01:23 | WARNING! Aborting ECBS - could not obtain an initial solution for the following agents: Agent19(31->30)
 00:01:23 | WARNING! Aborting ECBS - could not obtain an initial solution for the following agents: Agent19(31->30)
 00:01:25 | 00:04:09 | 0.02:01:49 |  25.38%  |  1668   |   1732   | 84%  |  91933   |   0    | 196.34MB  
 00:01:28 | WARNING! Aborting ECBS - could not obtain an initial solution for the following agents: Agent7(52->51)
 00:01:28 | WARNING! Aborting ECBS - could not obtain an initial solution for the following agents: Agent7(52->51)
 00:01:28 | WARNING! Aborting ECBS - could not obtain an initial solution for the following agents: Agent13(52->51)
 00:01:28 | WARNING! Aborting ECBS - could not obtain an initial solution for the following agents: Agent2(34->33)
 00:01:28 | WARNING! Aborting ECBS - could not obtain an initial solution for the following agents: Agent2(34->33)
 00:01:28 | WARNING! Aborting ECBS - could not obtain an initial solution for the following agents: Agent2(34->33)
 00:01:28 | WARNING! Aborting ECBS - could not obtain an initial solution for the following agents: Agent2(34->33)
 00:01:28 | WARNING! Aborting ECBS - could not obtain an initial solution for the following agents: Agent2(34->33)
 00:01:30 | 00:04:20 | 0.02:03:05 |  25.65%  |  1678   |   1732   | 84%  |  92870   |   0    | 206.17MB  
 00:01:31 | WARNING! Aborting ECBS - could not obtain an initial solution for the following agents: Agent17(72->71)
 00:01:31 | WARNING! Aborting ECBS - could not obtain an initial solution for the following agents: Agent6(64->63)
 00:01:31 | WARNING! Aborting ECBS - could not obtain an initial solution for the following agents: Agent20(73->72)
 00:01:31 | WARNING! Aborting ECBS - could not obtain an initial solution for the following agents: Agent20(73->72)
 00:01:31 | WARNING! Aborting ECBS - could not obtain an initial solution for the following agents: Agent20(73->63)
 00:01:31 | WARNING! Aborting ECBS - could not obtain an initial solution for the following agents: Agent20(73->63)
 00:01:32 | WARNING! Aborting ECBS - could not obtain an initial solution for the following agents: Agent14(44->43)
 00:01:32 | WARNING! Aborting ECBS - could not obtain an initial solution for the following agents: Agent14(44->43)
 00:01:33 | WARNING! Aborting ECBS - could not obtain an initial solution for the following agents: Agent10(12->11)
 00:01:33 | WARNING! Aborting ECBS - could not obtain an initial solution for the following agents: Agent10(12->11)
 00:01:35 | 00:04:13 | 0.02:10:56 |  27.28%  |  1787   |   1732   | 84%  |  98079   |   0    | 213.82MB  
 00:01:35 | WARNING! Aborting ECBS - could not obtain an initial solution for the following agents: Agent6(71->70)
 00:01:37 | WARNING! Aborting ECBS - could not obtain an initial solution for the following agents: Agent12(32->31)
 00:01:37 | WARNING! Aborting ECBS - could not obtain an initial solution for the following agents: Agent13(52->41)
 00:01:37 | WARNING! Aborting ECBS - could not obtain an initial solution for the following agents: Agent13(52->42)
 00:01:37 | WARNING! Aborting ECBS - could not obtain an initial solution for the following agents: Agent13(52->43)
 00:01:39 | WARNING! Aborting ECBS - could not obtain an initial solution for the following agents: Agent6(72->70)
 00:01:39 | WARNING! Aborting ECBS - could not obtain an initial solution for the following agents: Agent6(72->70)
 00:01:39 | WARNING! Aborting ECBS - could not obtain an initial solution for the following agents: Agent6(72->71)
 00:01:39 | WARNING! Aborting ECBS - could not obtain an initial solution for the following agents: Agent20(72->71)
 00:01:40 | 00:03:59 | 0.02:21:32 |  29.49%  |  1933   |   1732   | 83%  |  104925  |   0    | 212.89MB  
 00:01:40 | WARNING! Aborting ECBS - could not obtain an initial solution for the following agents: Agent23(3->2)
 00:01:41 | WARNING! Aborting ECBS - could not obtain an initial solution for the following agents: Agent12(32->31)
 00:01:45 | 00:03:51 | 0.02:29:46 |  31.20%  |  2045   |   1732   | 83%  |  110864  |   0    | 213.51MB  
 00:01:45 | WARNING! Aborting ECBS - could not obtain an initial solution for the following agents: Agent10(14->3)
 00:01:45 | WARNING! Aborting ECBS - could not obtain an initial solution for the following agents: Agent10(14->3)
 00:01:46 | WARNING! Aborting ECBS - could not obtain an initial solution for the following agents: Agent14(52->51)
 00:01:46 | WARNING! Aborting ECBS - could not obtain an initial solution for the following agents: Agent14(52->51)
 00:01:46 | WARNING! Aborting ECBS - could not obtain an initial solution for the following agents: Agent2(32->31)
 00:01:46 | WARNING! Aborting ECBS - could not obtain an initial solution for the following agents: Agent2(32->31)
 00:01:46 | WARNING! Aborting ECBS - could not obtain an initial solution for the following agents: Agent3(32->31)
