<<< Welcome to the RAWSimO CLI >>>
The time is: 04/17/2026 04:07:53
Starting RAWSimO wrapper with the following arguments:
Instance: Material/Instances/CoreBenchmark/aesop.xlayo
Setting: Material/Instances/CoreBenchmark/test-short.xsett
ControlConfig: Material/Instances/CoreBenchmark/aesop-cbs.xconf
StatisticsDir: output_compare/stat10v2/
Seed: 9
Adding handler for unhandled exceptions ...
Initializing ... 
LayoutConfiguration recognized!
Parsing setting config ...
Parsing control config ...
Parsing layout config ...
Generating instance...
Info about all directions within the generated instance:
# # # # # e p e p p p p p p p p p p p p p p p p p e p p p p p p p p p p p p p p p p p e p p p p p p p p p e s # # # # # 
# # # # # n q ^ + + + + + + + + v + + + + + + + + ^ + + + + + + + + v + + + + + + + + ^ + + + + + + + + q d q # # # # # 
# # # # # b p b + + + + + + + + v + + + + + + + + ^ + + + + + + + + v + + + + + + + + ^ + + + + + + + + v b s # # # # # 
s w w w w d q d < < < < < < < < q < < < < < < < < d < < < < < < < < q < < < < < < < < d < < < < < < < < q d q w w w w w 
p e e e s b p b + + + + + + + + v + + + + + + + + ^ + + + + + + + + v + + + + + + + + ^ + + + + + + + + v b p e e e e n 
s w w w w d q ^ + + + + + + + + v + + + + + + + + ^ + + + + + + + + v + + + + + + + + ^ + + + + + + + + q d q n w w w d 
e e e e e b p b > > > > > > > > p > > > > > > > > b > > > > > > > > p > > > > > > > > b > > > > > > > > p b p e e e e n 
# # # # # n q ^ + + + + + + + + v + + + + + + + + ^ + + + + + + + + v + + + + + + + + ^ + + + + + + + + q d q # # # # # 
# # # # # b p b + + + + + + + + v + + + + + + + + ^ + + + + + + + + v + + + + + + + + ^ + + + + + + + + v b s # # # # # 
s w w w w d q d < < < < < < < < q < < < < < < < < d < < < < < < < < q < < < < < < < < d < < < < < < < < q d q w w w w w 
p e e e s b p b + + + + + + + + v + + + + + + + + ^ + + + + + + + + v + + + + + + + + ^ + + + + + + + + v b p e e e e n 
s w w w w d q ^ + + + + + + + + v + + + + + + + + ^ + + + + + + + + v + + + + + + + + ^ + + + + + + + + q d q n w w w d 
e e e e e b p b > > > > > > > > p > > > > > > > > b > > > > > > > > p > > > > > > > > b > > > > > > > > p b p e e e e n 
# # # # # n q ^ + + + + + + + + v + + + + + + + + ^ + + + + + + + + v + + + + + + + + ^ + + + + + + + + q d q # # # # # 
# # # # # b p b + + + + + + + + v + + + + + + + + ^ + + + + + + + + v + + + + + + + + ^ + + + + + + + + v b s # # # # # 
s w w w w d q d < < < < < < < < q < < < < < < < < d < < < < < < < < q < < < < < < < < d < < < < < < < < q d q w w w w w 
p e e e s b p b + + + + + + + + v + + + + + + + + ^ + + + + + + + + v + + + + + + + + ^ + + + + + + + + v b p e e e e n 
s w w w w d q ^ + + + + + + + + v + + + + + + + + ^ + + + + + + + + v + + + + + + + + ^ + + + + + + + + q d q n w w w d 
e e e e e b p b > > > > > > > > p > > > > > > > > b > > > > > > > > p > > > > > > > > b > > > > > > > > p b p e e e e n 
# # # # # n q ^ + + + + + + + + v + + + + + + + + ^ + + + + + + + + v + + + + + + + + ^ + + + + + + + + q d q # # # # # 
# # # # # b p b + + + + + + + + v + + + + + + + + ^ + + + + + + + + v + + + + + + + + ^ + + + + + + + + v b s # # # # # 
s w w w w d q d < < < < < < < < q < < < < < < < < d < < < < < < < < q < < < < < < < < d < < < < < < < < q d q w w w w w 
p e e e s b p b + + + + + + + + v + + + + + + + + ^ + + + + + + + + v + + + + + + + + ^ + + + + + + + + v b p e e e e n 
s w w w w d q ^ + + + + + + + + v + + + + + + + + ^ + + + + + + + + v + + + + + + + + ^ + + + + + + + + q d q n w w w d 
e e e e e b p b > > > > > > > > p > > > > > > > > b > > > > > > > > p > > > > > > > > b > > > > > > > > p b p e e e e n 
# # # # # n q ^ + + + + + + + + v + + + + + + + + ^ + + + + + + + + v + + + + + + + + ^ + + + + + + + + q d q # # # # # 
# # # # # b p b + + + + + + + + v + + + + + + + + ^ + + + + + + + + v + + + + + + + + ^ + + + + + + + + v b s # # # # # 
# # # # # n q d < < < < < < < < q < < < < < < < < d < < < < < < < < q < < < < < < < < d < < < < < < < < q d q # # # # # 
# # # # # b p b + + + + + + + + v + + + + + + + + ^ + + + + + + + + v + + + + + + + + ^ + + + + + + + + v b s # # # # # 
# # # # # n q ^ + + + + + + + + v + + + + + + + + ^ + + + + + + + + v + + + + + + + + ^ + + + + + + + + q d q # # # # # 
# # # # # b p b > > > > > > > > p > > > > > > > > b > > > > > > > > p > > > > > > > > b > > > > > > > > p b s # # # # # 
# # # # # n q ^ + + + + + + + + v + + + + + + + + ^ + + + + + + + + v + + + + + + + + ^ + + + + + + + + q d q # # # # # 
# # # # # b p b + + + + + + + + v + + + + + + + + ^ + + + + + + + + v + + + + + + + + ^ + + + + + + + + v b s # # # # # 
# # # # # n w d d d d d d d d d w d d d d d d d d d d d d d d d d d w d d d d d d d d d d d d d d d d d w d w # # # # # 


Info about all types within the generated instance:
# # # # # r r r r r r r r r r r r r r r r r r r r r r r r r r r r r r r r r r r r r r r r r r r r r r r r r r # # # # # 
# # # # # r r r s s s s s s s s r s s s s s s s s r s s s s s s s s r s s s s s s s s r s s s s s s s s r r r # # # # # 
# # # # # r r r s s s s s s s s r s s s s s s s s r s s s s s s s s r s s s s s s s s r s s s s s s s s r r r # # # # # 
b b b b b r r r r r r r r r r r r r r r r r r r r r r r r r r r r r r r r r r r r r r r r r r r r r r r r r r b b b b o 
b b b b b r r r s s s s s s s s r s s s s s s s s r s s s s s s s s r s s s s s s s s r s s s s s s s s r r r b b b b b 
b b b b b r r r s s s s s s s s r s s s s s s s s r s s s s s s s s r s s s s s s s s r s s s s s s s s r r r b b b b b 
i b b b b r r r r r r r r r r r r r r r r r r r r r r r r r r r r r r r r r r r r r r r r r r r r r r r r r r b b b b b 
# # # # # r r r s s s s s s s s r s s s s s s s s r s s s s s s s s r s s s s s s s s r s s s s s s s s r r r # # # # # 
# # # # # r r r s s s s s s s s r s s s s s s s s r s s s s s s s s r s s s s s s s s r s s s s s s s s r r r # # # # # 
b b b b b r r r r r r r r r r r r r r r r r r r r r r r r r r r r r r r r r r r r r r r r r r r r r r r r r r b b b b o 
b b b b b r r r s s s s s s s s r s s s s s s s s r s s s s s s s s r s s s s s s s s r s s s s s s s s r r r b b b b b 
b b b b b r r r s s s s s s s s r s s s s s s s s r s s s s s s s s r s s s s s s s s r s s s s s s s s r r r b b b b b 
i b b b b r r r r r r r r r r r r r r r r r r r r r r r r r r r r r r r r r r r r r r r r r r r r r r r r r r b b b b b 
# # # # # r r r s s s s s s s s r s s s s s s s s r s s s s s s s s r s s s s s s s s r s s s s s s s s r r r # # # # # 
# # # # # r r r s s s s s s s s r s s s s s s s s r s s s s s s s s r s s s s s s s s r s s s s s s s s r r r # # # # # 
b b b b b r r r r r r r r r r r r r r r r r r r r r r r r r r r r r r r r r r r r r r r r r r r r r r r r r r b b b b o 
b b b b b r r r s s s s s s s s r s s s s s s s s r s s s s s s s s r s s s s s s s s r s s s s s s s s r r r b b b b b 
b b b b b r r r s s s s s s s s r s s s s s s s s r s s s s s s s s r s s s s s s s s r s s s s s s s s r r r b b b b b 
i b b b b r r r r r r r r r r r r r r r r r r r r r r r r r r r r r r r r r r r r r r r r r r r r r r r r r r b b b b b 
# # # # # r r r s s s s s s s s r s s s s s s s s r s s s s s s s s r s s s s s s s s r s s s s s s s s r r r # # # # # 
# # # # # r r r s s s s s s s s r s s s s s s s s r s s s s s s s s r s s s s s s s s r s s s s s s s s r r r # # # # # 
b b b b b r r r r r r r r r r r r r r r r r r r r r r r r r r r r r r r r r r r r r r r r r r r r r r r r r r b b b b o 
b b b b b r r r s s s s s s s s r s s s s s s s s r s s s s s s s s r s s s s s s s s r s s s s s s s s r r r b b b b b 
b b b b b r r r s s s s s s s s r s s s s s s s s r s s s s s s s s r s s s s s s s s r s s s s s s s s r r r b b b b b 
i b b b b r r r r r r r r r r r r r r r r r r r r r r r r r r r r r r r r r r r r r r r r r r r r r r r r r r b b b b b 
# # # # # r r r s s s s s s s s r s s s s s s s s r s s s s s s s s r s s s s s s s s r s s s s s s s s r r r # # # # # 
# # # # # r r r s s s s s s s s r s s s s s s s s r s s s s s s s s r s s s s s s s s r s s s s s s s s r r r # # # # # 
# # # # # r r r r r r r r r r r r r r r r r r r r r r r r r r r r r r r r r r r r r r r r r r r r r r r r r r # # # # # 
# # # # # r r r s s s s s s s s r s s s s s s s s r s s s s s s s s r s s s s s s s s r s s s s s s s s r r r # # # # # 
# # # # # r r r s s s s s s s s r s s s s s s s s r s s s s s s s s r s s s s s s s s r s s s s s s s s r r r # # # # # 
# # # # # r r r r r r r r r r r r r r r r r r r r r r r r r r r r r r r r r r r r r r r r r r r r r r r r r r # # # # # 
# # # # # r r r s s s s s s s s r s s s s s s s s r s s s s s s s s r s s s s s s s s r s s s s s s s s r r r # # # # # 
# # # # # r r r s s s s s s s s r s s s s s s s s r s s s s s s s s r s s s s s s s s r s s s s s s s s r r r # # # # # 
# # # # # r r r r r r r r r r r r r r r r r r r r r r r r r r r r r r r r r r r r r r r r r r r r r r r r r r # # # # # 


[EnergyConsumption] Configured from LayoutConfiguration: RobotMass=100 kg, PodFrameMass=300 kg
StatisticsFolder: aesop-aesop-aesop-cbs-9
Done!
Executing ... 
 04:07:55 | >>> Warming up ...
 00:00:00 | >>> Warmup finished - starting simulation ...
 Realtime |   ETA    |  Sim.Time  | Progress | #Orders | #Bundles | Inv. | Distance | #Coll. |   Memory    
 00:00:00 |   n/a    | 0.00:00:00 |  0.00%   |    0    |    0     | 70%  |    0     |   0    | 152.21MB  
 00:00:05 | 00:03:22 | 0.00:00:43 |  2.41%   |    0    |    0     | 70%  |   584    |   0    | 163.39MB  
 00:00:10 | 00:05:06 | 0.00:00:56 |  3.16%   |    0    |    0     | 70%  |   765    |   0    | 175.36MB  
 00:00:13 | WARNING! Aborting CBS - could not obtain an initial solution for the following agents: Agent25(74->73)
 00:00:13 | WARNING! Aborting CBS - could not obtain an initial solution for the following agents: Agent25(74->73)
 00:00:13 | WARNING! Aborting CBS - could not obtain an initial solution for the following agents: Agent25(74->73)
 00:00:13 | WARNING! Aborting CBS - could not obtain an initial solution for the following agents: Agent25(74->73)
 00:00:14 | WARNING! Aborting CBS - could not obtain an initial solution for the following agents: Agent18(32->31)
 00:00:14 | WARNING! Aborting CBS - could not obtain an initial solution for the following agents: Agent18(32->31)
 00:00:15 | 00:01:40 | 0.00:03:54 |  13.03%  |   41    |    58    | 70%  |   2094   |   0    | 180.03MB  
 00:00:16 | WARNING! Aborting CBS - could not obtain an initial solution for the following agents: Agent10(13->12)
 00:00:18 | WARNING! Aborting CBS - could not obtain an initial solution for the following agents: Agent3(32->31)
 00:00:18 | WARNING! Aborting CBS - could not obtain an initial solution for the following agents: Agent4(74->73)
 00:00:19 | WARNING! Aborting CBS - could not obtain an initial solution for the following agents: Agent25(72->71)
 00:00:19 | WARNING! Aborting CBS - could not obtain an initial solution for the following agents: Agent25(72->71)
 00:00:20 | 00:00:32 | 0.00:11:23 |  37.98%  |   144   |   195    | 72%  |   6315   |   0    | 191.35MB  
 00:00:20 | WARNING! Aborting CBS - could not obtain an initial solution for the following agents: Agent8(12->11)
 00:00:23 | WARNING! Aborting CBS - could not obtain an initial solution for the following agents: Agent6(63->62)
 00:00:23 | WARNING! Aborting CBS - could not obtain an initial solution for the following agents: Agent6(63->62)
 00:00:23 | WARNING! Aborting CBS - could not obtain an initial solution for the following agents: Agent6(63->62)
 00:00:25 | 00:00:16 | 0.00:18:02 |  60.11%  |   231   |   328    | 73%  |   9915   |   0    | 210.71MB  
 00:00:25 | WARNING! Aborting CBS - could not obtain an initial solution for the following agents: Agent10(14->13)
 00:00:25 | WARNING! Aborting CBS - could not obtain an initial solution for the following agents: Agent10(14->13)
 00:00:25 | WARNING! Aborting CBS - could not obtain an initial solution for the following agents: Agent10(14->13)
 00:00:25 | WARNING! Aborting CBS - could not obtain an initial solution for the following agents: Agent10(14->13)
 00:00:25 | WARNING! Aborting CBS - could not obtain an initial solution for the following agents: Agent10(14->13)
 00:00:25 | WARNING! Aborting CBS - could not obtain an initial solution for the following agents: Agent10(14->13)
 00:00:25 | WARNING! Aborting CBS - could not obtain an initial solution for the following agents: Agent0(34->23)
 00:00:25 | WARNING! Aborting CBS - could not obtain an initial solution for the following agents: Agent0(34->23)
 00:00:25 | WARNING! Aborting CBS - could not obtain an initial solution for the following agents: Agent0(34->23)
 00:00:25 | WARNING! Aborting CBS - could not obtain an initial solution for the following agents: Agent0(34->23)
 00:00:25 | WARNING! Aborting CBS - could not obtain an initial solution for the following agents: Agent0(34->23)
 00:00:27 | WARNING! Aborting CBS - could not obtain an initial solution for the following agents: Agent13(54->43)
 00:00:29 | WARNING! Aborting CBS - could not obtain an initial solution for the following agents: Agent10(12->11)
 00:00:29 | WARNING! Aborting CBS - could not obtain an initial solution for the following agents: Agent10(12->11)
 00:00:29 | WARNING! Aborting CBS - could not obtain an initial solution for the following agents: Agent10(12->11)
 00:00:29 | WARNING! Aborting CBS - could not obtain an initial solution for the following agents: Agent10(12->11)
 00:00:30 | 00:00:04 | 0.00:25:51 |  86.22%  |   322   |   469    | 74%  |  15007   |   0    | 211.70MB  
 00:00:31 | WARNING! Aborting CBS - could not obtain an initial solution for the following agents: Agent7(52->51)
 00:00:31 | WARNING! Aborting CBS - could not obtain an initial solution for the following agents: Agent7(52->51)
 00:00:31 | WARNING! Aborting CBS - could not obtain an initial solution for the following agents: Agent7(52->51)
 00:00:31 | WARNING! Aborting CBS - could not obtain an initial solution for the following agents: Agent7(52->51)
 00:00:32 | WARNING! Aborting CBS - could not obtain an initial solution for the following agents: Agent0(34->33)
 00:00:32 | WARNING! Aborting CBS - could not obtain an initial solution for the following agents: Agent0(34->33)
 00:00:32 | WARNING! Aborting CBS - could not obtain an initial solution for the following agents: Agent0(34->33)
 00:00:32 | WARNING! Aborting CBS - could not obtain an initial solution for the following agents: Agent0(34->33)
 00:00:32 | WARNING! Aborting CBS - could not obtain an initial solution for the following agents: Agent0(34->33)
 00:00:32 | WARNING! Aborting CBS - could not obtain an initial solution for the following agents: Agent0(34->33)
 00:00:32 | WARNING! Aborting CBS - could not obtain an initial solution for the following agents: Agent0(34->33),Agent25(73->72)
 00:00:32 | WARNING! Aborting CBS - could not obtain an initial solution for the following agents: Agent25(73->72)
 00:00:32 | WARNING! Aborting CBS - could not obtain an initial solution for the following agents: Agent4(72->71)
 00:00:32 | WARNING! Aborting CBS - could not obtain an initial solution for the following agents: Agent4(72->71)
 00:00:32 | 00:00:00 | 0.00:30:00 | 100.00%  |   365   |   533    | 75%  |  17581   |   0    | 213.61MB  
 00:00:32 | >>> Simulation finished - writing results ...
 00:00:33 | >>> Results written
Simulation finished.
>>> Timings
StatTimingPathPlanningAverage: 0.021952755182625905
StatTimingPathPlanningOverall: 22.23814100000004
StatTimingPathPlanningCount: 1013
StatTimingTaskAllocationAverage: 0.011813284806629822
StatTimingTaskAllocationOverall: 8.552818199999992
StatTimingTaskAllocationCount: 724
StatTimingItemStorageAverage: 1.0106709265175682E-05
StatTimingItemStorageOverall: 0.006326799999999977
StatTimingItemStorageCount: 626
StatTimingPodStorageAverage: 0.011104837980769229
StatTimingPodStorageOverall: 2.3098062999999995
StatTimingPodStorageCount: 208
StatTimingReplenishmentBatchingAverage: 2.0391770186335388E-05
StatTimingReplenishmentBatchingOverall: 0.01313229999999999
StatTimingReplenishmentBatchingCount: 644
StatTimingOrderBatchingAverage: 0.00012007541390728475
StatTimingOrderBatchingOverall: 0.1450511
StatTimingOrderBatchingCount: 1208
>>> Overall
StatOverallBundlesPlaced: 619
StatOverallItemsOrdered: 619
StatOverallOrdersPlaced: 382
StatOverallBundlesRejected: 0
StatOverallOrdersRejected: 0
StatOverallBundlesHandled: 533
StatOverallItemsHandled: 570
StatOverallLinesHandled: 542
StatOverallOrdersHandled: 365
StatOverallCollisions: 0
StatOverallDistanceTraveled: 17581.216910160136
StatOverallDistanceEstimated: 16396
StatOverallAssignedTasks: 724
StatMaxMemoryUsed: 213.60546875
StatRealTimeUsed: 32.6397188
StatAverageTurnoverTime: 535.0685607247134
StatMedianTurnoverTime: 395.6230649134942
StatLowerQuartileTurnoverTime: 194.0858738088358
StatUpperQuartileTurnoverTime: 789.4213412393156
StatAverageThroughputTime: 82.09121677765285
StatMedianThroughputTime: 52.10129869393734
StatLowerQuartileThroughputTime: 30.347131199368278
StatUpperQuartileThroughputTime: 124.3784776940679
>>> Energy (Rizqi model)
StatEnergyTotalKJ: 2132.5871058646962
StatEnergyE1AccelKJ: 742.1970826115514
StatEnergyE2DecelKJ: 0
StatEnergyE3CruiseKJ: 596.2858076458236
StatEnergyE4RotationKJ: 243.5395887728642
StatEnergyE5LiftLowerKJ: 550.5646268344573
StatEnergyPerOrderKJ: 5.842704399629305
StatEnergyPerMeterJoule: 120.7307011925213
StatDistanceTraveledRizqiM: 17664
>>> Motion Behavior
StatTurningCount: 2220
StatStopAndGoCount: 2746
StatLoadedDistanceM: 12149
StatLoadedTurningCount: 1670
StatWaitTimeSec: 19146.75201460803
StatMoveEnergyEmptyKJ: 79.67495000000002
StatMoveTimeEmptySec: 6903.37778894323
StatTurnEnergyEmptyKJ: 10.398399674096984
StatTurnTimeEmptySec: 561.0655142680132
StatMoveEnergyLoadedKJ: 1258.807940257375
StatMoveTimeLoadedSec: 17917.06426053416
StatTurnEnergyLoadedKJ: 233.14118909876711
StatTurnTimeLoadedSec: 1695.328738128546
StatPrefEmptyW: 12.066988255553763
StatPrefLoadedW: 76.0717536844113

Marked tag finished after 1 tries!
.Fin. - SUCCESS
