<<< Welcome to the RAWSimO CLI >>>
The time is: 04/14/2026 00:49:28
Starting RAWSimO wrapper with the following arguments:
Instance: Material/Instances/PP/1-4-4-32-550.xinst
Setting: Material/Instances/PP/PPMinimal.xsett
ControlConfig: Material/Instances/PP/aesop-ecbs.xconf
StatisticsDir: C:\Users\Aesop\Desktop\rawsim-o-rmfs-world-models\output_exp\ecbs\seed_18
Seed: 18
Adding handler for unhandled exceptions ...
Initializing ... 
Instance recognized!
Parsing setting config ...
Parsing control config ...
Parsing instance ...
StatisticsFolder: 1-4-4-32-550-PPMinimal-aesop-ecbs-18
Done!
Executing ... 
 00:49:30 | >>> Warming up ...
 00:00:00 | >>> Warmup finished - starting simulation ...
 Realtime |   ETA    |  Sim.Time  | Progress | #Orders | #Bundles | Inv. | Distance | #Coll. |   Memory    
 00:00:00 |   n/a    | 0.00:00:00 |  0.00%   |    0    |    0     | 60%  |    0     |   0    | 123.27MB  
 00:00:05 | 03:20:43 | 0.00:00:11 |  0.04%   |    0    |    0     | 60%  |   254    |   0    | 167.41MB  
 00:00:07 | WARNING! Aborting ECBS - could not obtain an initial solution for the following agents: Agent2(19->18)
 00:00:07 | WARNING! Aborting ECBS - could not obtain an initial solution for the following agents: Agent2(19->18)
 00:00:10 | 02:18:05 | 0.00:00:34 |  0.12%   |    0    |    0     | 60%  |   802    |   0    | 174.36MB  
 00:00:15 | 03:00:19 | 0.00:00:39 |  0.14%   |    0    |    0     | 60%  |   917    |   0    | 180.81MB  
 00:00:20 | 03:22:02 | 0.00:00:47 |  0.16%   |    2    |    0     | 60%  |   1066   |   0    | 184.80MB  
 00:00:24 | WARNING! Aborting ECBS - could not obtain an initial solution for the following agents: Agent8(41->40)
 00:00:24 | WARNING! Aborting ECBS - could not obtain an initial solution for the following agents: Agent8(41->40)
 00:00:24 | WARNING! Aborting ECBS - could not obtain an initial solution for the following agents: Agent0(17->16)
 00:00:24 | WARNING! Aborting ECBS - could not obtain an initial solution for the following agents: Agent0(17->16)
 00:00:25 | 02:40:21 | 0.00:01:14 |  0.26%   |   11    |    3     | 60%  |   1615   |   0    | 183.87MB  
 00:00:25 | WARNING! Aborting ECBS - could not obtain an initial solution for the following agents: Agent4(9->8)
 00:00:25 | WARNING! Aborting ECBS - could not obtain an initial solution for the following agents: Agent17(74->73)
 00:00:25 | WARNING! Aborting ECBS - could not obtain an initial solution for the following agents: Agent17(74->73)
 00:00:25 | WARNING! Aborting ECBS - could not obtain an initial solution for the following agents: Agent17(74->73)
 00:00:30 | WARNING! Aborting ECBS - could not obtain an initial solution for the following agents: Agent0(25->24)
 00:00:30 | 00:28:57 | 0.00:08:09 |  1.70%   |   174   |   162    | 60%  |   4597   |   0    | 184.03MB  
 00:00:34 | WARNING! Aborting ECBS - could not obtain an initial solution for the following agents: Agent24(24->23)
 00:00:34 | WARNING! Aborting ECBS - could not obtain an initial solution for the following agents: Agent24(24->23)
 00:00:34 | WARNING! Aborting ECBS - could not obtain an initial solution for the following agents: Agent27(9->8)
 00:00:35 | 00:16:55 | 0.00:16:00 |  3.33%   |   359   |   348    | 60%  |   8224   |   0    | 187.60MB  
 00:00:39 | WARNING! Aborting ECBS - could not obtain an initial solution for the following agents: Agent1(3->2)
 00:00:39 | WARNING! Aborting ECBS - could not obtain an initial solution for the following agents: Agent1(3->2)
 00:00:39 | WARNING! Aborting ECBS - could not obtain an initial solution for the following agents: Agent1(3->1)
 00:00:39 | WARNING! Aborting ECBS - could not obtain an initial solution for the following agents: Agent1(3->2)
 00:00:39 | WARNING! Aborting ECBS - could not obtain an initial solution for the following agents: Agent1(3->2)
 00:00:40 | 00:12:25 | 0.00:24:26 |  5.09%   |   558   |   544    | 60%  |  12552   |   0    | 185.53MB  
 00:00:41 | WARNING! Aborting ECBS - could not obtain an initial solution for the following agents: Agent2(25->24)
 00:00:45 | 00:09:47 | 0.00:34:08 |  7.11%   |   788   |   771    | 60%  |  16968   |   0    | 185.05MB  
 00:00:45 | WARNING! Aborting ECBS - could not obtain an initial solution for the following agents: Agent9(57->56)
 00:00:45 | WARNING! Aborting ECBS - could not obtain an initial solution for the following agents: Agent9(57->56)
 00:00:45 | WARNING! Aborting ECBS - could not obtain an initial solution for the following agents: Agent9(57->56)
 00:00:46 | WARNING! Aborting ECBS - could not obtain an initial solution for the following agents: Agent2(25->24)
 00:00:46 | WARNING! Aborting ECBS - could not obtain an initial solution for the following agents: Agent2(25->24)
 00:00:48 | WARNING! Aborting ECBS - could not obtain an initial solution for the following agents: Agent21(41->40)
 00:00:48 | WARNING! Aborting ECBS - could not obtain an initial solution for the following agents: Agent8(40->39)
 00:00:50 | 00:08:26 | 0.00:43:06 |  8.98%   |   997   |   980    | 60%  |  21330   |   0    | 185.31MB  
 00:00:51 | WARNING! Aborting ECBS - could not obtain an initial solution for the following agents: Agent10(41->40)
 00:00:51 | WARNING! Aborting ECBS - could not obtain an initial solution for the following agents: Agent10(41->40)
 00:00:52 | WARNING! Aborting ECBS - could not obtain an initial solution for the following agents: Agent1(2->1)
 00:00:52 | WARNING! Aborting ECBS - could not obtain an initial solution for the following agents: Agent1(2->1)
 00:00:52 | WARNING! Aborting ECBS - could not obtain an initial solution for the following agents: Agent1(2->1)
 00:00:52 | WARNING! Aborting ECBS - could not obtain an initial solution for the following agents: Agent1(2->1)
 00:00:52 | WARNING! Aborting ECBS - could not obtain an initial solution for the following agents: Agent29(57->56)
 00:00:54 | WARNING! Aborting ECBS - could not obtain an initial solution for the following agents: Agent1(3->1)
 00:00:54 | WARNING! Aborting ECBS - could not obtain an initial solution for the following agents: Agent1(3->1)
 00:00:54 | WARNING! Aborting ECBS - could not obtain an initial solution for the following agents: Agent1(3->2)
 00:00:54 | WARNING! Aborting ECBS - could not obtain an initial solution for the following agents: Agent10(41->40)
 00:00:54 | WARNING! Aborting ECBS - could not obtain an initial solution for the following agents: Agent10(41->40)
 00:00:54 | WARNING! Aborting ECBS - could not obtain an initial solution for the following agents: Agent30(41->40)
 00:00:55 | 00:07:25 | 0.00:52:46 |  11.00%  |  1223   |   1207   | 60%  |  26346   |   0    | 185.05MB  
 00:00:56 | WARNING! Aborting ECBS - could not obtain an initial solution for the following agents: Agent4(9->8)
 00:00:56 | WARNING! Aborting ECBS - could not obtain an initial solution for the following agents: Agent4(9->8)
 00:00:57 | WARNING! Aborting ECBS - could not obtain an initial solution for the following agents: Agent5(57->56)
 00:00:57 | WARNING! Aborting ECBS - could not obtain an initial solution for the following agents: Agent5(57->56)
 00:01:00 | 00:07:05 | 0.00:59:21 |  12.36%  |  1379   |   1361   | 60%  |  29845   |   0    | 186.75MB  
 00:01:00 | WARNING! Aborting ECBS - could not obtain an initial solution for the following agents: Agent5(51->50)
 00:01:02 | WARNING! Aborting ECBS - could not obtain an initial solution for the following agents: Agent7(57->55)
 00:01:02 | WARNING! Aborting ECBS - could not obtain an initial solution for the following agents: Agent7(57->55)
 00:01:02 | WARNING! Aborting ECBS - could not obtain an initial solution for the following agents: Agent7(57->56)
 00:01:02 | WARNING! Aborting ECBS - could not obtain an initial solution for the following agents: Agent7(57->56)
 00:01:05 | 00:06:58 | 0.01:04:30 |  13.44%  |  1499   |   1483   | 60%  |  32687   |   0    | 185.18MB  
 00:01:06 | WARNING! Aborting ECBS - could not obtain an initial solution for the following agents: Agent21(41->40)
 00:01:06 | WARNING! Aborting ECBS - could not obtain an initial solution for the following agents: Agent21(41->40)
 00:01:07 | WARNING! Aborting ECBS - could not obtain an initial solution for the following agents: Agent10(40->33)
 00:01:07 | WARNING! Aborting ECBS - could not obtain an initial solution for the following agents: Agent10(40->34)
 00:01:07 | WARNING! Aborting ECBS - could not obtain an initial solution for the following agents: Agent10(40->34)
 00:01:07 | WARNING! Aborting ECBS - could not obtain an initial solution for the following agents: Agent10(40->34)
 00:01:08 | WARNING! Aborting ECBS - could not obtain an initial solution for the following agents: Agent8(41->40)
 00:01:10 | 00:06:51 | 0.01:09:49 |  14.55%  |  1625   |   1607   | 60%  |  35471   |   0    | 184.09MB  
 00:01:10 | WARNING! Aborting ECBS - could not obtain an initial solution for the following agents: Agent9(58->57)
 00:01:10 | WARNING! Aborting ECBS - could not obtain an initial solution for the following agents: Agent9(58->57)
 00:01:10 | WARNING! Aborting ECBS - could not obtain an initial solution for the following agents: Agent16(57->56)
 00:01:11 | WARNING! Aborting ECBS - could not obtain an initial solution for the following agents: Agent0(19->17)
 00:01:11 | WARNING! Aborting ECBS - could not obtain an initial solution for the following agents: Agent0(19->18)
 00:01:13 | WARNING! Aborting ECBS - could not obtain an initial solution for the following agents: Agent4(9->8)
 00:01:14 | WARNING! Aborting ECBS - could not obtain an initial solution for the following agents: Agent7(57->56)
 00:01:14 | WARNING! Aborting ECBS - could not obtain an initial solution for the following agents: Agent7(57->56)
 00:01:15 | 00:06:22 | 0.01:18:41 |  16.39%  |  1832   |   1815   | 60%  |  40447   |   0    | 185.14MB  
 00:01:17 | WARNING! Aborting ECBS - could not obtain an initial solution for the following agents: Agent1(9->8)
 00:01:17 | WARNING! Aborting ECBS - could not obtain an initial solution for the following agents: Agent1(9->8)
 00:01:17 | WARNING! Aborting ECBS - could not obtain an initial solution for the following agents: Agent1(9->8)
 00:01:17 | WARNING! Aborting ECBS - could not obtain an initial solution for the following agents: Agent14(3->2)
 00:01:17 | WARNING! Aborting ECBS - could not obtain an initial solution for the following agents: Agent14(3->2)
 00:01:19 | WARNING! Aborting ECBS - could not obtain an initial solution for the following agents: Agent7(56->55)
 00:01:19 | WARNING! Aborting ECBS - could not obtain an initial solution for the following agents: Agent7(56->55)
 00:01:20 | 00:05:56 | 0.01:27:55 |  18.32%  |  2049   |   2031   | 60%  |  45380   |   0    | 185.27MB  
 00:01:20 | WARNING! Aborting ECBS - could not obtain an initial solution for the following agents: Agent8(40->38)
 00:01:25 | 00:05:40 | 0.01:35:56 |  19.99%  |  2239   |   2218   | 60%  |  49568   |   0    | 185.85MB  
 00:01:25 | WARNING! Aborting ECBS - could not obtain an initial solution for the following agents: Agent21(40->39)
 00:01:30 | 00:05:38 | 0.01:40:51 |  21.01%  |  2351   |   2334   | 60%  |  52221   |   0    | 185.27MB  
 00:01:33 | WARNING! Aborting ECBS - could not obtain an initial solution for the following agents: Agent30(41->40)
 00:01:33 | WARNING! Aborting ECBS - could not obtain an initial solution for the following agents: Agent26(25->24)
 00:01:33 | WARNING! Aborting ECBS - could not obtain an initial solution for the following agents: Agent4(3->1)
 00:01:34 | WARNING! Aborting ECBS - could not obtain an initial solution for the following agents: Agent27(8->7)
 00:01:34 | WARNING! Aborting ECBS - could not obtain an initial solution for the following agents: Agent27(8->7)
 00:01:35 | 00:05:23 | 0.01:49:04 |  22.72%  |  2542   |   2526   | 60%  |  56661   |   0    | 187.27MB  
 00:01:35 | WARNING! Aborting ECBS - could not obtain an initial solution for the following agents: Agent29(57->56)
 00:01:35 | WARNING! Aborting ECBS - could not obtain an initial solution for the following agents: Agent7(58->56)
 00:01:35 | WARNING! Aborting ECBS - could not obtain an initial solution for the following agents: Agent7(58->56)
 00:01:40 | 00:05:05 | 0.01:58:23 |  24.67%  |  2760   |   2743   | 60%  |  61678   |   0    | 186.60MB  
 00:01:41 | WARNING! Aborting ECBS - could not obtain an initial solution for the following agents: Agent9(56->55)
 00:01:41 | WARNING! Aborting ECBS - could not obtain an initial solution for the following agents: Agent9(56->55)
 00:01:41 | WARNING! Aborting ECBS - could not obtain an initial solution for the following agents: Agent9(56->55)
 00:01:41 | WARNING! Aborting ECBS - could not obtain an initial solution for the following agents: Agent9(56->55)
 00:01:41 | WARNING! Aborting ECBS - could not obtain an initial solution for the following agents: Agent1(1->0)
 00:01:44 | WARNING! Aborting ECBS - could not obtain an initial solution for the following agents: Agent14(3->2)
 00:01:45 | 00:04:52 | 0.02:06:55 |  26.44%  |  2959   |   2944   | 60%  |  66445   |   0    | 186.79MB  
 00:01:48 | WARNING! Aborting ECBS - could not obtain an initial solution for the following agents: Agent9(59->58)
 00:01:48 | WARNING! Aborting ECBS - could not obtain an initial solution for the following agents: Agent9(59->58)
 00:01:48 | WARNING! Aborting ECBS - could not obtain an initial solution for the following agents: Agent11(24->17)
 00:01:48 | WARNING! Aborting ECBS - could not obtain an initial solution for the following agents: Agent11(24->18)
 00:01:49 | WARNING! Aborting ECBS - could not obtain an initial solution for the following agents: Agent10(41->40)
 00:01:49 | WARNING! Aborting ECBS - could not obtain an initial solution for the following agents: Agent10(41->40)
 00:01:49 | WARNING! Aborting ECBS - could not obtain an initial solution for the following agents: Agent26(27->26)
 00:01:49 | WARNING! Aborting ECBS - could not obtain an initial solution for the following agents: Agent26(27->26)
 00:01:49 | WARNING! Aborting ECBS - could not obtain an initial solution for the following agents: Agent26(27->26)
 00:01:50 | 00:04:38 | 0.02:15:50 |  28.30%  |  3164   |   3152   | 60%  |  71587   |   0    | 188.01MB  
 00:01:50 | WARNING! Aborting ECBS - could not obtain an initial solution for the following agents: Agent19(9->8)
 00:01:50 | WARNING! Aborting ECBS - could not obtain an initial solution for the following agents: Agent19(9->8)
 00:01:54 | WARNING! Aborting ECBS - could not obtain an initial solution for the following agents: Agent1(8->1)
 00:01:54 | WARNING! Aborting ECBS - could not obtain an initial solution for the following agents: Agent1(8->1)
 00:01:54 | WARNING! Aborting ECBS - could not obtain an initial solution for the following agents: Agent1(8->1)
 00:01:54 | WARNING! Aborting ECBS - could not obtain an initial solution for the following agents: Agent1(8->2)
 00:01:54 | WARNING! Aborting ECBS - could not obtain an initial solution for the following agents: Agent1(8->2)
 00:01:54 | WARNING! Aborting ECBS - could not obtain an initial solution for the following agents: Agent9(56->55)
 00:01:55 | 00:04:25 | 0.02:25:03 |  30.22%  |  3381   |   3368   | 60%  |  76598   |   0    | 190.51MB  
 00:01:58 | WARNING! Aborting ECBS - could not obtain an initial solution for the following agents: Agent8(40->39)
 00:02:00 | 00:04:20 | 0.02:31:31 |  31.57%  |  3529   |   3518   | 60%  |  80222   |   0    | 189.97MB  
 00:02:00 | WARNING! Aborting ECBS - could not obtain an initial solution for the following agents: Agent7(57->56)
 00:02:00 | WARNING! Aborting ECBS - could not obtain an initial solution for the following agents: Agent7(57->56)
 00:02:00 | WARNING! Aborting ECBS - could not obtain an initial solution for the following agents: Agent7(57->56)
 00:02:00 | WARNING! Aborting ECBS - could not obtain an initial solution for the following agents: Agent9(56->55)
 00:02:00 | WARNING! Aborting ECBS - could not obtain an initial solution for the following agents: Agent30(41->40)
 00:02:02 | WARNING! Aborting ECBS - could not obtain an initial solution for the following agents: Agent9(56->55)
 00:02:04 | WARNING! Aborting ECBS - could not obtain an initial solution for the following agents: Agent10(41->40)
 00:02:04 | WARNING! Aborting ECBS - could not obtain an initial solution for the following agents: Agent10(41->40)
 00:02:05 | 00:04:09 | 0.02:40:10 |  33.37%  |  3730   |   3722   | 60%  |  84898   |   0    | 189.18MB  
 00:02:08 | WARNING! Aborting ECBS - could not obtain an initial solution for the following agents: Agent9(57->56)
 00:02:08 | WARNING! Aborting ECBS - could not obtain an initial solution for the following agents: Agent1(9->8)
 00:02:08 | WARNING! Aborting ECBS - could not obtain an initial solution for the following agents: Agent28(41->40)
 00:02:08 | WARNING! Aborting ECBS - could not obtain an initial solution for the following agents: Agent28(41->40)
 00:02:09 | WARNING! Aborting ECBS - could not obtain an initial solution for the following agents: Agent29(57->56)
 00:02:10 | 00:03:55 | 0.02:50:46 |  35.58%  |  3975   |   3971   | 60%  |  90497   |   0    | 189.59MB  
 00:02:14 | WARNING! Aborting ECBS - could not obtain an initial solution for the following agents: Agent8(35->34)
 00:02:14 | WARNING! Aborting ECBS - could not obtain an initial solution for the following agents: Agent26(24->23)
 00:02:15 | 00:03:49 | 0.02:57:50 |  37.05%  |  4139   |   4135   | 60%  |  94542   |   0    | 194.94MB  
 00:02:18 | WARNING! Aborting ECBS - could not obtain an initial solution for the following agents: Agent9(57->56)
 00:02:18 | WARNING! Aborting ECBS - could not obtain an initial solution for the following agents: Agent8(41->40)
 00:02:20 | 00:03:44 | 0.03:04:07 |  38.36%  |  4287   |   4283   | 60%  |  98121   |   0    | 195.84MB  
 00:02:21 | WARNING! Aborting ECBS - could not obtain an initial solution for the following agents: Agent8(41->40)
 00:02:21 | WARNING! Aborting ECBS - could not obtain an initial solution for the following agents: Agent8(41->40)
 00:02:21 | WARNING! Aborting ECBS - could not obtain an initial solution for the following agents: Agent8(41->40)
 00:02:22 | WARNING! Aborting ECBS - could not obtain an initial solution for the following agents: Agent26(25->24)
 00:02:25 | 00:03:39 | 0.03:10:58 |  39.79%  |  4445   |   4443   | 60%  |  101949  |   0    | 201.65MB  
 00:02:26 | WARNING! Aborting ECBS - could not obtain an initial solution for the following agents: Agent24(24->23)
 00:02:26 | WARNING! Aborting ECBS - could not obtain an initial solution for the following agents: Agent24(24->23)
 00:02:28 | WARNING! Aborting ECBS - could not obtain an initial solution for the following agents: Agent5(56->55)
 00:02:30 | 00:03:39 | 0.03:14:52 |  40.60%  |  4535   |   4533   | 60%  |  104509  |   0    | 202.45MB  
 00:02:30 | WARNING! Aborting ECBS - could not obtain an initial solution for the following agents: Agent26(25->24)
 00:02:30 | WARNING! Aborting ECBS - could not obtain an initial solution for the following agents: Agent26(25->24)
 00:02:30 | WARNING! Aborting ECBS - could not obtain an initial solution for the following agents: Agent26(25->24)
 00:02:30 | WARNING! Aborting ECBS - could not obtain an initial solution for the following agents: Agent26(25->24)
 00:02:30 | WARNING! Aborting ECBS - could not obtain an initial solution for the following agents: Agent30(41->40)
 00:02:31 | WARNING! Aborting ECBS - could not obtain an initial solution for the following agents: Agent27(9->8)
 00:02:31 | WARNING! Aborting ECBS - could not obtain an initial solution for the following agents: Agent27(9->8)
 00:02:32 | WARNING! Aborting ECBS - could not obtain an initial solution for the following agents: Agent19(3->1)
 00:02:32 | WARNING! Aborting ECBS - could not obtain an initial solution for the following agents: Agent19(3->1)
 00:02:32 | WARNING! Aborting ECBS - could not obtain an initial solution for the following agents: Agent19(3->1)
 00:02:32 | WARNING! Aborting ECBS - could not obtain an initial solution for the following agents: Agent19(3->2)
 00:02:32 | WARNING! Aborting ECBS - could not obtain an initial solution for the following agents: Agent19(3->2)
 00:02:32 | WARNING! Aborting ECBS - could not obtain an initial solution for the following agents: Agent19(3->2)
 00:02:35 | 00:03:38 | 0.03:19:22 |  41.54%  |  4639   |   4640   | 60%  |  107128  |   0    | 202.68MB  
 00:02:36 | WARNING! Aborting ECBS - could not obtain an initial solution for the following agents: Agent9(58->57)
 00:02:36 | WARNING! Aborting ECBS - could not obtain an initial solution for the following agents: Agent9(58->57)
 00:02:37 | WARNING! Aborting ECBS - could not obtain an initial solution for the following agents: Agent24(26->25)
 00:02:37 | WARNING! Aborting ECBS - could not obtain an initial solution for the following agents: Agent24(26->25)
 00:02:37 | WARNING! Aborting ECBS - could not obtain an initial solution for the following agents: Agent24(26->25)
 00:02:37 | WARNING! Aborting ECBS - could not obtain an initial solution for the following agents: Agent2(25->24)
 00:02:37 | WARNING! Aborting ECBS - could not obtain an initial solution for the following agents: Agent21(40->39)
 00:02:37 | WARNING! Aborting ECBS - could not obtain an initial solution for the following agents: Agent21(40->39)
 00:02:38 | WARNING! Aborting ECBS - could not obtain an initial solution for the following agents: Agent8(41->33)
 00:02:38 | WARNING! Aborting ECBS - could not obtain an initial solution for the following agents: Agent8(41->34)
 00:02:38 | WARNING! Aborting ECBS - could not obtain an initial solution for the following agents: Agent8(41->34)
 00:02:39 | WARNING! Aborting ECBS - could not obtain an initial solution for the following agents: Agent7(57->56)
 00:02:40 | WARNING! Aborting ECBS - could not obtain an initial solution for the following agents: Agent7(57->56)
 00:02:40 | 00:03:33 | 0.03:25:31 |  42.82%  |  4781   |   4784   | 60%  |  110835  |   0    | 200.80MB  
 00:02:40 | WARNING! Aborting ECBS - could not obtain an initial solution for the following agents: Agent8(41->40)
 00:02:45 | 00:03:24 | 0.03:34:17 |  44.64%  |  4984   |   4989   | 60%  |  115430  |   0    | 201.73MB  
 00:02:50 | 00:03:21 | 0.03:39:32 |  45.74%  |  5106   |   5113   | 60%  |  118785  |   0    | 200.76MB  
 00:02:52 | WARNING! Aborting ECBS - could not obtain an initial solution for the following agents: Agent8(41->40)
 00:02:53 | WARNING! Aborting ECBS - could not obtain an initial solution for the following agents: Agent11(24->23)
 00:02:55 | 00:03:13 | 0.03:48:01 |  47.50%  |  5305   |   5312   | 60%  |  123983  |   0    | 201.45MB  
 00:02:55 | WARNING! Aborting ECBS - could not obtain an initial solution for the following agents: Agent7(57->56)
 00:02:55 | WARNING! Aborting ECBS - could not obtain an initial solution for the following agents: Agent7(57->56)
 00:02:56 | WARNING! Aborting ECBS - could not obtain an initial solution for the following agents: Agent24(25->24)
 00:03:00 | 00:03:12 | 0.03:51:49 |  48.30%  |  5394   |   5400   | 60%  |  126272  |   0    | 201.22MB  
 00:03:04 | WARNING! Aborting ECBS - could not obtain an initial solution for the following agents: Agent1(3->1)
 00:03:04 | WARNING! Aborting ECBS - could not obtain an initial solution for the following agents: Agent1(3->1)
 00:03:04 | WARNING! Aborting ECBS - could not obtain an initial solution for the following agents: Agent1(3->2)
 00:03:04 | WARNING! Aborting ECBS - could not obtain an initial solution for the following agents: Agent16(51->49)
 00:03:04 | WARNING! Aborting ECBS - could not obtain an initial solution for the following agents: Agent16(51->49)
 00:03:04 | WARNING! Aborting ECBS - could not obtain an initial solution for the following agents: Agent16(51->49)
 00:03:04 | WARNING! Aborting ECBS - could not obtain an initial solution for the following agents: Agent16(51->50)
 00:03:04 | WARNING! Aborting ECBS - could not obtain an initial solution for the following agents: Agent16(51->50)
 00:03:05 | 00:03:05 | 0.03:59:59 |  50.00%  |  5585   |   5592   | 60%  |  130849  |   0    | 201.09MB  
 00:03:10 | 00:02:55 | 0.04:09:51 |  52.05%  |  5815   |   5823   | 60%  |  135891  |   0    | 201.36MB  
 00:03:10 | WARNING! Aborting ECBS - could not obtain an initial solution for the following agents: Agent2(19->17)
 00:03:12 | WARNING! Aborting ECBS - could not obtain an initial solution for the following agents: Agent1(3->2)
 00:03:14 | WARNING! Aborting ECBS - could not obtain an initial solution for the following agents: Agent19(3->0)
 00:03:14 | WARNING! Aborting ECBS - could not obtain an initial solution for the following agents: Agent19(3->0)
 00:03:14 | WARNING! Aborting ECBS - could not obtain an initial solution for the following agents: Agent19(3->0)
 00:03:14 | WARNING! Aborting ECBS - could not obtain an initial solution for the following agents: Agent19(3->0)
 00:03:14 | WARNING! Aborting ECBS - could not obtain an initial solution for the following agents: Agent19(3->1)
 00:03:14 | WARNING! Aborting ECBS - could not obtain an initial solution for the following agents: Agent19(3->2)
 00:03:14 | WARNING! Aborting ECBS - could not obtain an initial solution for the following agents: Agent1(3->2)
 00:03:14 | WARNING! Aborting ECBS - could not obtain an initial solution for the following agents: Agent1(3->2)
 00:03:14 | WARNING! Aborting ECBS - could not obtain an initial solution for the following agents: Agent1(3->2)
 00:03:15 | 00:02:47 | 0.04:17:59 |  53.75%  |  6007   |   6013   | 60%  |  140460  |   0    | 201.48MB  
 00:03:18 | WARNING! Aborting ECBS - could not obtain an initial solution for the following agents: Agent10(42->41)
 00:03:18 | WARNING! Aborting ECBS - could not obtain an initial solution for the following agents: Agent11(25->24)
 00:03:18 | WARNING! Aborting ECBS - could not obtain an initial solution for the following agents: Agent11(25->24)
 00:03:18 | WARNING! Aborting ECBS - could not obtain an initial solution for the following agents: Agent11(25->24)
 00:03:20 | 00:02:40 | 0.04:26:07 |  55.44%  |  6198   |   6206   | 60%  |  145076  |   0    | 203.17MB  
 00:03:24 | WARNING! Aborting ECBS - could not obtain an initial solution for the following agents: Agent28(41->40)
 00:03:24 | WARNING! Aborting ECBS - could not obtain an initial solution for the following agents: Agent26(25->24)
 00:03:24 | WARNING! Aborting ECBS - could not obtain an initial solution for the following agents: Agent26(25->24)
 00:03:25 | 00:02:33 | 0.04:34:31 |  57.19%  |  6396   |   6402   | 60%  |  149337  |   0    | 203.16MB  
 00:03:25 | WARNING! Aborting ECBS - could not obtain an initial solution for the following agents: Agent2(26->25)
 00:03:26 | WARNING! Aborting ECBS - could not obtain an initial solution for the following agents: Agent11(25->24)
 00:03:30 | 00:02:28 | 0.04:41:17 |  58.60%  |  6553   |   6559   | 60%  |  153171  |   0    | 211.65MB  
 00:03:31 | WARNING! Aborting ECBS - could not obtain an initial solution for the following agents: Agent8(41->40)
 00:03:31 | WARNING! Aborting ECBS - could not obtain an initial solution for the following agents: Agent8(41->40)
 00:03:31 | WARNING! Aborting ECBS - could not obtain an initial solution for the following agents: Agent8(41->40)
 00:03:31 | WARNING! Aborting ECBS - could not obtain an initial solution for the following agents: Agent19(9->8)
 00:03:35 | 00:02:20 | 0.04:50:31 |  60.52%  |  6769   |   6776   | 60%  |  158347  |   0    | 216.10MB  
 00:03:36 | WARNING! Aborting ECBS - could not obtain an initial solution for the following agents: Agent9(57->56)
 00:03:36 | WARNING! Aborting ECBS - could not obtain an initial solution for the following agents: Agent9(57->56)
 00:03:36 | WARNING! Aborting ECBS - could not obtain an initial solution for the following agents: Agent9(57->56)
 00:03:36 | WARNING! Aborting ECBS - could not obtain an initial solution for the following agents: Agent7(57->56)
 00:03:38 | WARNING! Aborting ECBS - could not obtain an initial solution for the following agents: Agent16(56->55)
 00:03:38 | WARNING! Aborting ECBS - could not obtain an initial solution for the following agents: Agent30(41->40)
 00:03:38 | WARNING! Aborting ECBS - could not obtain an initial solution for the following agents: Agent30(41->40)
 00:03:40 | 00:02:14 | 0.04:57:30 |  61.98%  |  6930   |   6940   | 60%  |  162118  |   0    | 212.21MB  
 00:03:40 | WARNING! Aborting ECBS - could not obtain an initial solution for the following agents: Agent1(3->2)
 00:03:40 | WARNING! Aborting ECBS - could not obtain an initial solution for the following agents: Agent1(3->2)
 00:03:40 | WARNING! Aborting ECBS - could not obtain an initial solution for the following agents: Agent1(3->2)
 00:03:40 | WARNING! Aborting ECBS - could not obtain an initial solution for the following agents: Agent1(3->2)
 00:03:42 | WARNING! Aborting ECBS - could not obtain an initial solution for the following agents: Agent14(9->8)
 00:03:44 | WARNING! Aborting ECBS - could not obtain an initial solution for the following agents: Agent10(41->40)
 00:03:44 | WARNING! Aborting ECBS - could not obtain an initial solution for the following agents: Agent14(9->8)
 00:03:45 | 00:02:08 | 0.05:05:26 |  63.63%  |  7115   |   7126   | 60%  |  166415  |   0    | 212.44MB  
 00:03:45 | WARNING! Aborting ECBS - could not obtain an initial solution for the following agents: Agent4(9->8)
 00:03:47 | WARNING! Aborting ECBS - could not obtain an initial solution for the following agents: Agent4(9->8)
 00:03:47 | WARNING! Aborting ECBS - could not obtain an initial solution for the following agents: Agent4(9->8)
 00:03:48 | WARNING! Aborting ECBS - could not obtain an initial solution for the following agents: Agent2(24->23)
 00:03:48 | WARNING! Aborting ECBS - could not obtain an initial solution for the following agents: Agent2(24->23)
 00:03:48 | WARNING! Aborting ECBS - could not obtain an initial solution for the following agents: Agent16(57->56)
 00:03:49 | WARNING! Aborting ECBS - could not obtain an initial solution for the following agents: Agent29(56->49)
 00:03:49 | WARNING! Aborting ECBS - could not obtain an initial solution for the following agents: Agent8(41->40)
 00:03:49 | WARNING! Aborting ECBS - could not obtain an initial solution for the following agents: Agent8(41->40)
 00:03:50 | 00:02:00 | 0.05:15:25 |  65.71%  |  7346   |   7361   | 60%  |  171791  |   0    | 211.95MB  
 00:03:53 | WARNING! Aborting ECBS - could not obtain an initial solution for the following agents: Agent29(58->57)
 00:03:53 | WARNING! Aborting ECBS - could not obtain an initial solution for the following agents: Agent29(58->57)
 00:03:55 | 00:01:54 | 0.05:22:51 |  67.26%  |  7518   |   7534   | 60%  |  175440  |   0    | 215.35MB  
 00:04:00 | 00:01:56 | 0.05:22:59 |  67.29%  |  7522   |   7538   | 60%  |  175503  |   0    | 215.03MB  
 00:04:05 | 00:01:58 | 0.05:23:21 |  67.37%  |  7529   |   7546   | 60%  |  175840  |   0    | 218.75MB  
 00:04:10 | 00:02:00 | 0.05:23:31 |  67.40%  |  7532   |   7550   | 60%  |  175914  |   0    | 223.31MB  
 00:04:15 | 00:02:01 | 0.05:25:26 |  67.80%  |  7574   |   7595   | 60%  |  176810  |   0    | 221.57MB  
 00:04:17 | WARNING! Aborting ECBS - could not obtain an initial solution for the following agents: Agent21(40->34)
 00:04:17 | WARNING! Aborting ECBS - could not obtain an initial solution for the following agents: Agent21(40->34)
 00:04:18 | WARNING! Aborting ECBS - could not obtain an initial solution for the following agents: Agent4(3->2)
 00:04:18 | WARNING! Aborting ECBS - could not obtain an initial solution for the following agents: Agent4(3->2)
 00:04:18 | WARNING! Aborting ECBS - could not obtain an initial solution for the following agents: Agent4(3->1)
 00:04:18 | WARNING! Aborting ECBS - could not obtain an initial solution for the following agents: Agent4(3->2)
 00:04:18 | WARNING! Aborting ECBS - could not obtain an initial solution for the following agents: Agent4(3->2)
 00:04:18 | WARNING! Aborting ECBS - could not obtain an initial solution for the following agents: Agent4(3->2)
 00:04:19 | WARNING! Aborting ECBS - could not obtain an initial solution for the following agents: Agent28(41->40)
 00:04:19 | WARNING! Aborting ECBS - could not obtain an initial solution for the following agents: Agent28(41->40)
 00:04:19 | WARNING! Aborting ECBS - could not obtain an initial solution for the following agents: Agent29(57->56)
 00:04:19 | WARNING! Aborting ECBS - could not obtain an initial solution for the following agents: Agent29(57->56)
 00:04:20 | 00:01:55 | 0.05:32:30 |  69.27%  |  7737   |   7761   | 60%  |  180879  |   0    | 221.37MB  
 00:04:22 | WARNING! Aborting ECBS - could not obtain an initial solution for the following agents: Agent10(41->40)
 00:04:22 | WARNING! Aborting ECBS - could not obtain an initial solution for the following agents: Agent10(41->40)
 00:04:25 | 00:01:47 | 0.05:41:14 |  71.09%  |  7941   |   7965   | 60%  |  185512  |   0    | 223.95MB  
 00:04:26 | WARNING! Aborting ECBS - could not obtain an initial solution for the following agents: Agent9(57->56)
 00:04:26 | WARNING! Aborting ECBS - could not obtain an initial solution for the following agents: Agent27(9->8)
 00:04:26 | WARNING! Aborting ECBS - could not obtain an initial solution for the following agents: Agent14(3->1)
 00:04:26 | WARNING! Aborting ECBS - could not obtain an initial solution for the following agents: Agent14(3->1)
 00:04:26 | WARNING! Aborting ECBS - could not obtain an initial solution for the following agents: Agent14(3->2)
 00:04:26 | WARNING! Aborting ECBS - could not obtain an initial solution for the following agents: Agent14(3->2)
 00:04:30 | 00:01:40 | 0.05:49:58 |  72.91%  |  8144   |   8170   | 60%  |  190723  |   0    | 223.73MB  
 00:04:33 | WARNING! Aborting ECBS - could not obtain an initial solution for the following agents: Agent21(41->40)
 00:04:34 | WARNING! Aborting ECBS - could not obtain an initial solution for the following agents: Agent1(8->7)
 00:04:35 | 00:01:34 | 0.05:57:21 |  74.45%  |  8314   |   8343   | 60%  |  194470  |   0    | 221.76MB  
 00:04:35 | WARNING! Aborting ECBS - could not obtain an initial solution for the following agents: Agent10(41->40)
 00:04:36 | WARNING! Aborting ECBS - could not obtain an initial solution for the following agents: Agent10(40->34)
 00:04:36 | WARNING! Aborting ECBS - could not obtain an initial solution for the following agents: Agent10(40->35)
 00:04:36 | WARNING! Aborting ECBS - could not obtain an initial solution for the following agents: Agent10(40->34)
 00:04:36 | WARNING! Aborting ECBS - could not obtain an initial solution for the following agents: Agent10(40->34)
 00:04:38 | WARNING! Aborting ECBS - could not obtain an initial solution for the following agents: Agent0(19->17)
 00:04:38 | WARNING! Aborting ECBS - could not obtain an initial solution for the following agents: Agent0(19->17)
 00:04:38 | WARNING! Aborting ECBS - could not obtain an initial solution for the following agents: Agent0(19->17)
 00:04:38 | WARNING! Aborting ECBS - could not obtain an initial solution for the following agents: Agent0(19->18)
 00:04:38 | WARNING! Aborting ECBS - could not obtain an initial solution for the following agents: Agent0(19->18)
 00:04:38 | WARNING! Aborting ECBS - could not obtain an initial solution for the following agents: Agent0(19->18)
 00:04:39 | WARNING! Aborting ECBS - could not obtain an initial solution for the following agents: Agent1(8->7)
 00:04:39 | WARNING! Aborting ECBS - could not obtain an initial solution for the following agents: Agent1(8->7)
 00:04:40 | 00:01:27 | 0.06:05:33 |  76.16%  |  8502   |   8536   | 60%  |  198920  |   0    | 221.70MB  
 00:04:43 | WARNING! Aborting ECBS - could not obtain an initial solution for the following agents: Agent24(19->18)
 00:04:43 | WARNING! Aborting ECBS - could not obtain an initial solution for the following agents: Agent24(19->18)
 00:04:43 | WARNING! Aborting ECBS - could not obtain an initial solution for the following agents: Agent24(19->18)
 00:04:43 | WARNING! Aborting ECBS - could not obtain an initial solution for the following agents: Agent5(57->56)
 00:04:43 | WARNING! Aborting ECBS - could not obtain an initial solution for the following agents: Agent5(57->56)
 00:04:43 | WARNING! Aborting ECBS - could not obtain an initial solution for the following agents: Agent5(57->56)
 00:04:44 | WARNING! Aborting ECBS - could not obtain an initial solution for the following agents: Agent0(25->24)
 00:04:45 | 00:01:18 | 0.06:16:00 |  78.34%  |  8742   |   8781   | 60%  |  204505  |   0    | 221.67MB  
 00:04:46 | WARNING! Aborting ECBS - could not obtain an initial solution for the following agents: Agent19(3->1)
 00:04:46 | WARNING! Aborting ECBS - could not obtain an initial solution for the following agents: Agent19(3->1)
 00:04:46 | WARNING! Aborting ECBS - could not obtain an initial solution for the following agents: Agent19(3->1)
 00:04:46 | WARNING! Aborting ECBS - could not obtain an initial solution for the following agents: Agent19(3->2)
 00:04:47 | WARNING! Aborting ECBS - could not obtain an initial solution for the following agents: Agent10(41->40)
 00:04:48 | WARNING! Aborting ECBS - could not obtain an initial solution for the following agents: Agent11(25->24)
 00:04:48 | WARNING! Aborting ECBS - could not obtain an initial solution for the following agents: Agent11(25->24)
 00:04:50 | 00:01:13 | 0.06:22:51 |  79.76%  |  8901   |   8942   | 60%  |  208408  |   0    | 221.88MB  
 00:04:55 | 00:01:14 | 0.06:23:07 |  79.82%  |  8906   |   8947   | 60%  |  208557  |   0    | 221.99MB  
 00:04:59 | WARNING! Aborting ECBS - could not obtain an initial solution for the following agents: Agent7(57->50)
 00:04:59 | WARNING! Aborting ECBS - could not obtain an initial solution for the following agents: Agent4(9->8)
 00:05:00 | 00:01:13 | 0.06:25:17 |  80.27%  |  8953   |   8998   | 60%  |  209790  |   0    | 222.98MB  
 00:05:00 | WARNING! Aborting ECBS - could not obtain an initial solution for the following agents: Agent26(24->17)
 00:05:00 | WARNING! Aborting ECBS - could not obtain an initial solution for the following agents: Agent26(24->17)
 00:05:00 | WARNING! Aborting ECBS - could not obtain an initial solution for the following agents: Agent26(24->17)
 00:05:00 | WARNING! Aborting ECBS - could not obtain an initial solution for the following agents: Agent26(24->18)
 00:05:00 | WARNING! Aborting ECBS - could not obtain an initial solution for the following agents: Agent26(24->18)
 00:05:00 | WARNING! Aborting ECBS - could not obtain an initial solution for the following agents: Agent8(42->41)
 00:05:02 | WARNING! Aborting ECBS - could not obtain an initial solution for the following agents: Agent29(58->57)
 00:05:02 | WARNING! Aborting ECBS - could not obtain an initial solution for the following agents: Agent29(58->57)
 00:05:05 | 00:01:06 | 0.06:34:28 |  82.18%  |  9169   |   9213   | 60%  |  214333  |   0    | 221.39MB  
 00:05:05 | WARNING! Aborting ECBS - could not obtain an initial solution for the following agents: Agent19(8->6)
 00:05:07 | WARNING! Aborting ECBS - could not obtain an initial solution for the following agents: Agent28(41->40)
 00:05:09 | WARNING! Aborting ECBS - could not obtain an initial solution for the following agents: Agent5(57->56)
 00:05:09 | WARNING! Aborting ECBS - could not obtain an initial solution for the following agents: Agent5(57->56)
 00:05:09 | WARNING! Aborting ECBS - could not obtain an initial solution for the following agents: Agent5(57->56)
 00:05:10 | 00:00:58 | 0.06:43:39 |  84.10%  |  9382   |   9429   | 60%  |  219006  |   0    | 221.61MB  
 00:05:15 | 00:00:55 | 0.06:48:25 |  85.09%  |  9495   |   9541   | 60%  |  221726  |   0    | 221.57MB  
 00:05:16 | WARNING! Aborting ECBS - could not obtain an initial solution for the following agents: Agent29(58->57)
 00:05:16 | WARNING! Aborting ECBS - could not obtain an initial solution for the following agents: Agent29(58->57)
 00:05:20 | 00:00:46 | 0.06:58:49 |  87.25%  |  9738   |   9785   | 60%  |  227256  |   0    | 225.16MB  
 00:05:20 | WARNING! Aborting ECBS - could not obtain an initial solution for the following agents: Agent2(25->24)
 00:05:25 | 00:00:39 | 0.07:07:38 |  89.09%  |  9943   |   9990   | 60%  |  231860  |   0    | 227.59MB  
 00:05:30 | 00:00:36 | 0.07:11:40 |  89.93%  |  10037  |  10087   | 60%  |  234139  |   0    | 230.93MB  
 00:05:33 | WARNING! Aborting ECBS - could not obtain an initial solution for the following agents: Agent4(3->1)
 00:05:33 | WARNING! Aborting ECBS - could not obtain an initial solution for the following agents: Agent4(3->2),Agent29(57->56)
 00:05:33 | WARNING! Aborting ECBS - could not obtain an initial solution for the following agents: Agent29(57->56)
 00:05:33 | WARNING! Aborting ECBS - could not obtain an initial solution for the following agents: Agent25(3->1)
 00:05:35 | 00:00:31 | 0.07:18:52 |  91.43%  |  10205  |  10254   | 60%  |  238306  |   0    | 230.79MB  
 00:05:37 | WARNING! Aborting ECBS - could not obtain an initial solution for the following agents: Agent5(59->58)
 00:05:37 | WARNING! Aborting ECBS - could not obtain an initial solution for the following agents: Agent5(59->58)
 00:05:37 | WARNING! Aborting ECBS - could not obtain an initial solution for the following agents: Agent5(59->58)
 00:05:37 | WARNING! Aborting ECBS - could not obtain an initial solution for the following agents: Agent5(59->58)
 00:05:37 | WARNING! Aborting ECBS - could not obtain an initial solution for the following agents: Agent5(59->58)
 00:05:37 | WARNING! Aborting ECBS - could not obtain an initial solution for the following agents: Agent5(59->58)
 00:05:37 | WARNING! Aborting ECBS - could not obtain an initial solution for the following agents: Agent5(59->58)
 00:05:39 | WARNING! Aborting ECBS - could not obtain an initial solution for the following agents: Agent9(57->56)
 00:05:40 | 00:00:24 | 0.07:27:54 |  93.32%  |  10414  |  10466   | 60%  |  243283  |   0    | 229.76MB  
 00:05:41 | WARNING! Aborting ECBS - could not obtain an initial solution for the following agents: Agent27(9->8)
 00:05:44 | WARNING! Aborting ECBS - could not obtain an initial solution for the following agents: Agent2(25->24)
 00:05:44 | WARNING! Aborting ECBS - could not obtain an initial solution for the following agents: Agent2(25->24)
 00:05:44 | WARNING! Aborting ECBS - could not obtain an initial solution for the following agents: Agent2(25->24)
 00:05:45 | 00:00:17 | 0.07:37:09 |  95.24%  |  10632  |  10684   | 60%  |  248116  |   0    | 230.77MB  
 00:05:46 | WARNING! Aborting ECBS - could not obtain an initial solution for the following agents: Agent14(3->1)
 00:05:46 | WARNING! Aborting ECBS - could not obtain an initial solution for the following agents: Agent14(3->1)
 00:05:46 | WARNING! Aborting ECBS - could not obtain an initial solution for the following agents: Agent14(3->1)
 00:05:46 | WARNING! Aborting ECBS - could not obtain an initial solution for the following agents: Agent14(3->2)
 00:05:47 | WARNING! Aborting ECBS - could not obtain an initial solution for the following agents: Agent25(8->1)
 00:05:47 | WARNING! Aborting ECBS - could not obtain an initial solution for the following agents: Agent25(8->2)
 00:05:47 | WARNING! Aborting ECBS - could not obtain an initial solution for the following agents: Agent25(8->2)
 00:05:50 | 00:00:15 | 0.07:39:08 |  95.66%  |  10676  |  10729   | 60%  |  249407  |   0    | 230.30MB  
 00:05:55 | 00:00:11 | 0.07:44:47 |  96.83%  |  10806  |  10861   | 60%  |  252498  |   0    | 231.19MB  
 00:05:58 | WARNING! Aborting ECBS - could not obtain an initial solution for the following agents: Agent10(41->40)
 00:06:00 | 00:00:03 | 0.07:55:06 |  98.98%  |  11045  |  11102   | 60%  |  257788  |   0    | 230.37MB  
 00:06:01 | 00:00:00 | 0.08:00:00 | 100.00%  |  11161  |  11217   | 60%  |  259968  |   0    | 230.53MB  
 00:06:01 | >>> Simulation finished - writing results ...
 00:06:02 | >>> Results written
Simulation finished.
>>> Timings
StatTimingPathPlanningAverage: 0.01905514362241656
StatTimingPathPlanningOverall: 300.5758354999988
StatTimingPathPlanningCount: 15774
StatTimingTaskAllocationAverage: 0.0014385231670254548
StatTimingTaskAllocationOverall: 22.720034900000034
StatTimingTaskAllocationCount: 15794
StatTimingItemStorageAverage: 3.4722054915856133E-06
StatTimingItemStorageOverall: 0.039201200000001574
StatTimingItemStorageCount: 11290
StatTimingPodStorageAverage: 0.001965733169934637
StatTimingPodStorageOverall: 6.015143499999989
StatTimingPodStorageCount: 3060
StatTimingReplenishmentBatchingAverage: 8.037283825025375E-06
StatTimingReplenishmentBatchingOverall: 0.09480779999999932
StatTimingReplenishmentBatchingCount: 11796
StatTimingOrderBatchingAverage: 0.00011156651969525043
StatTimingOrderBatchingOverall: 3.441269299999999
StatTimingOrderBatchingCount: 30845
>>> Overall
StatOverallBundlesPlaced: 15163
StatOverallItemsOrdered: 11205
StatOverallOrdersPlaced: 11205
StatOverallBundlesRejected: 0
StatOverallOrdersRejected: 0
StatOverallBundlesHandled: 11217
StatOverallItemsHandled: 11165
StatOverallLinesHandled: 11165
StatOverallOrdersHandled: 11161
StatOverallCollisions: 0
StatOverallDistanceTraveled: 259967.57797970768
StatOverallDistanceEstimated: 240528
StatOverallAssignedTasks: 15794
StatMaxMemoryUsed: 234.58984375
StatRealTimeUsed: 361.9349848
StatAverageTurnoverTime: 367.2743582446862
StatMedianTurnoverTime: 216.8434319263797
StatLowerQuartileTurnoverTime: 122.22597309426419
StatUpperQuartileTurnoverTime: 491.4539994764673
StatAverageThroughputTime: 114.08618353070261
StatMedianThroughputTime: 120.8501572232799
StatLowerQuartileThroughputTime: 80.9712561516526
StatUpperQuartileThroughputTime: 141.92215744784426
>>> Energy (Rizqi model)
StatEnergyTotalKJ: 19243.51504855337
StatEnergyE1AccelKJ: 5567.525015249974
StatEnergyE2DecelKJ: 0
StatEnergyE3CruiseKJ: 9567.120934000004
StatEnergyE4RotationKJ: 3286.663379303292
StatEnergyE5LiftLowerKJ: 822.2057200000002
StatEnergyPerOrderKJ: 1.7241748094752594
StatEnergyPerMeterJoule: 74.00412658606166
StatDistanceTraveledRizqiM: 260033
>>> Motion Behavior
StatTurningCount: 32490
StatStopAndGoCount: 44516
StatLoadedDistanceM: 173654
StatLoadedTurningCount: 23775
StatWaitTimeSec: 373757.7182915164

Marked tag finished after 1 tries!
.Fin. - SUCCESS
