<<< Welcome to the RAWSimO CLI >>>
The time is: 04/14/2026 00:22:37
Starting RAWSimO wrapper with the following arguments:
Instance: Material/Instances/PP/1-4-4-32-550.xinst
Setting: Material/Instances/PP/PPMinimal.xsett
ControlConfig: Material/Instances/PP/aesop-cbs.xconf
StatisticsDir: C:\Users\Aesop\Desktop\rawsim-o-rmfs-world-models\output_exp\cbs\seed_28
Seed: 28
Adding handler for unhandled exceptions ...
Initializing ... 
Instance recognized!
Parsing setting config ...
Parsing control config ...
Parsing instance ...
StatisticsFolder: 1-4-4-32-550-PPMinimal-aesop-cbs-28
Done!
Executing ... 
 00:22:39 | >>> Warming up ...
 00:00:00 | >>> Warmup finished - starting simulation ...
 Realtime |   ETA    |  Sim.Time  | Progress | #Orders | #Bundles | Inv. | Distance | #Coll. |   Memory    
 00:00:00 |   n/a    | 0.00:00:00 |  0.00%   |    0    |    0     | 60%  |    0     |   0    | 123.12MB  
 00:00:05 | 04:29:09 | 0.00:00:08 |  0.03%   |    0    |    0     | 60%  |   177    |   0    | 132.38MB  
 00:00:10 | 02:11:35 | 0.00:00:36 |  0.13%   |    0    |    0     | 60%  |   839    |   0    | 145.16MB  
 00:00:15 | 02:51:28 | 0.00:00:41 |  0.15%   |    0    |    0     | 60%  |   949    |   0    | 154.24MB  
 00:00:20 | 03:09:05 | 0.00:00:50 |  0.18%   |    2    |    0     | 60%  |   1142   |   0    | 159.00MB  
 00:00:25 | 03:34:33 | 0.00:00:55 |  0.19%   |    3    |    0     | 60%  |   1240   |   0    | 163.11MB  
 00:00:30 | 03:57:04 | 0.00:01:00 |  0.21%   |    4    |    0     | 60%  |   1340   |   0    | 166.83MB  
 00:00:31 | WARNING! Aborting CBS - could not obtain an initial solution for the following agents: Agent8(41->32)
 00:00:31 | WARNING! Aborting CBS - could not obtain an initial solution for the following agents: Agent8(41->32)
 00:00:31 | WARNING! Aborting CBS - could not obtain an initial solution for the following agents: Agent8(41->34)
 00:00:34 | WARNING! Aborting CBS - could not obtain an initial solution for the following agents: Agent26(25->23)
 00:00:35 | 00:56:04 | 0.00:04:56 |  1.03%   |   93    |    87    | 60%  |   2848   |   0    | 168.38MB  
 00:00:38 | WARNING! Aborting CBS - could not obtain an initial solution for the following agents: Agent9(57->56)
 00:00:38 | WARNING! Aborting CBS - could not obtain an initial solution for the following agents: Agent9(57->56)
 00:00:39 | WARNING! Aborting CBS - could not obtain an initial solution for the following agents: Agent10(41->40)
 00:00:39 | WARNING! Aborting CBS - could not obtain an initial solution for the following agents: Agent10(41->40)
 00:00:39 | WARNING! Aborting CBS - could not obtain an initial solution for the following agents: Agent10(41->40)
 00:00:40 | 00:29:22 | 0.00:10:39 |  2.22%   |   228   |   221    | 60%  |   5674   |   0    | 169.32MB  
 00:00:42 | WARNING! Aborting CBS - could not obtain an initial solution for the following agents: Agent26(25->24)
 00:00:42 | WARNING! Aborting CBS - could not obtain an initial solution for the following agents: Agent26(25->24)
 00:00:45 | 00:19:28 | 0.00:17:48 |  3.71%   |   396   |   387    | 60%  |   8879   |   0    | 168.45MB  
 00:00:46 | WARNING! Aborting CBS - could not obtain an initial solution for the following agents: Agent2(26->25)
 00:00:46 | WARNING! Aborting CBS - could not obtain an initial solution for the following agents: Agent2(26->25)
 00:00:47 | WARNING! Aborting CBS - could not obtain an initial solution for the following agents: Agent14(3->1)
 00:00:47 | WARNING! Aborting CBS - could not obtain an initial solution for the following agents: Agent14(3->1)
 00:00:47 | WARNING! Aborting CBS - could not obtain an initial solution for the following agents: Agent14(3->2)
 00:00:48 | WARNING! Aborting CBS - could not obtain an initial solution for the following agents: Agent14(3->2)
 00:00:48 | WARNING! Aborting CBS - could not obtain an initial solution for the following agents: Agent14(3->2)
 00:00:50 | 00:13:53 | 0.00:27:10 |  5.66%   |   618   |   608    | 60%  |  13236   |   0    | 168.53MB  
 00:00:52 | WARNING! Aborting CBS - could not obtain an initial solution for the following agents: Agent30(35->34)
 00:00:52 | WARNING! Aborting CBS - could not obtain an initial solution for the following agents: Agent27(1->0)
 00:00:53 | WARNING! Aborting CBS - could not obtain an initial solution for the following agents: Agent19(9->8)
 00:00:53 | WARNING! Aborting CBS - could not obtain an initial solution for the following agents: Agent19(9->8)
 00:00:53 | WARNING! Aborting CBS - could not obtain an initial solution for the following agents: Agent19(9->8)
 00:00:53 | WARNING! Aborting CBS - could not obtain an initial solution for the following agents: Agent11(25->24)
 00:00:53 | WARNING! Aborting CBS - could not obtain an initial solution for the following agents: Agent11(25->24)
 00:00:53 | WARNING! Aborting CBS - could not obtain an initial solution for the following agents: Agent11(25->24)
 00:00:54 | WARNING! Aborting CBS - could not obtain an initial solution for the following agents: Agent8(34->33)
 00:00:54 | WARNING! Aborting CBS - could not obtain an initial solution for the following agents: Agent8(34->33)
 00:00:55 | 00:11:52 | 0.00:34:24 |  7.17%   |   787   |   777    | 60%  |  17092   |   0    | 168.14MB  
 00:00:55 | WARNING! Aborting CBS - could not obtain an initial solution for the following agents: Agent27(9->8)
 00:01:00 | 00:10:12 | 0.00:42:50 |  8.93%   |   984   |   974    | 60%  |  20782   |   0    | 168.42MB  
 00:01:02 | WARNING! Aborting CBS - could not obtain an initial solution for the following agents: Agent4(9->8)
 00:01:05 | 00:08:33 | 0.00:53:55 |  11.24%  |  1242   |   1233   | 60%  |  26511   |   0    | 168.48MB  
 00:01:05 | WARNING! Aborting CBS - could not obtain an initial solution for the following agents: Agent30(41->40)
 00:01:06 | WARNING! Aborting CBS - could not obtain an initial solution for the following agents: Agent30(40->39)
 00:01:06 | WARNING! Aborting CBS - could not obtain an initial solution for the following agents: Agent30(40->39)
 00:01:07 | WARNING! Aborting CBS - could not obtain an initial solution for the following agents: Agent28(41->40)
 00:01:07 | WARNING! Aborting CBS - could not obtain an initial solution for the following agents: Agent28(41->40)
 00:01:08 | WARNING! Aborting CBS - could not obtain an initial solution for the following agents: Agent30(40->39)
 00:01:08 | WARNING! Aborting CBS - could not obtain an initial solution for the following agents: Agent30(40->39)
 00:01:08 | WARNING! Aborting CBS - could not obtain an initial solution for the following agents: Agent8(40->39)
 00:01:08 | WARNING! Aborting CBS - could not obtain an initial solution for the following agents: Agent19(9->8)
 00:01:10 | 00:07:33 | 0.01:04:14 |  13.38%  |  1485   |   1475   | 60%  |  32058   |   0    | 167.74MB  
 00:01:10 | WARNING! Aborting CBS - could not obtain an initial solution for the following agents: Agent2(24->23)
 00:01:10 | WARNING! Aborting CBS - could not obtain an initial solution for the following agents: Agent2(24->23)
 00:01:14 | WARNING! Aborting CBS - could not obtain an initial solution for the following agents: Agent5(58->57)
 00:01:15 | 00:06:48 | 0.01:14:29 |  15.52%  |  1726   |   1715   | 60%  |  37516   |   0    | 168.16MB  
 00:01:18 | WARNING! Aborting CBS - could not obtain an initial solution for the following agents: Agent0(26->25)
 00:01:18 | WARNING! Aborting CBS - could not obtain an initial solution for the following agents: Agent0(26->25)
 00:01:18 | WARNING! Aborting CBS - could not obtain an initial solution for the following agents: Agent26(25->24)
 00:01:18 | WARNING! Aborting CBS - could not obtain an initial solution for the following agents: Agent26(25->24)
 00:01:20 | 00:06:14 | 0.01:24:24 |  17.59%  |  1959   |   1948   | 60%  |  42975   |   0    | 169.11MB  
 00:01:22 | WARNING! Aborting CBS - could not obtain an initial solution for the following agents: Agent2(25->18)
 00:01:24 | WARNING! Aborting CBS - could not obtain an initial solution for the following agents: Agent2(25->24)
 00:01:25 | 00:05:42 | 0.01:35:28 |  19.89%  |  2217   |   2207   | 60%  |  48626   |   0    | 168.55MB  
 00:01:25 | WARNING! Aborting CBS - could not obtain an initial solution for the following agents: Agent5(56->49)
 00:01:26 | WARNING! Aborting CBS - could not obtain an initial solution for the following agents: Agent27(3->1)
 00:01:26 | WARNING! Aborting CBS - could not obtain an initial solution for the following agents: Agent27(3->2)
 00:01:30 | 00:05:16 | 0.01:46:24 |  22.17%  |  2474   |   2462   | 60%  |  54291   |   0    | 169.16MB  
 00:01:30 | WARNING! Aborting CBS - could not obtain an initial solution for the following agents: Agent9(57->56)
 00:01:30 | WARNING! Aborting CBS - could not obtain an initial solution for the following agents: Agent9(57->56)
 00:01:31 | WARNING! Aborting CBS - could not obtain an initial solution for the following agents: Agent19(3->2)
 00:01:35 | 00:04:50 | 0.01:58:14 |  24.63%  |  2750   |   2739   | 60%  |  60628   |   0    | 168.71MB  
 00:01:37 | WARNING! Aborting CBS - could not obtain an initial solution for the following agents: Agent28(41->40)
 00:01:39 | WARNING! Aborting CBS - could not obtain an initial solution for the following agents: Agent26(25->24)
 00:01:40 | 00:04:31 | 0.02:09:11 |  26.92%  |  3005   |   2996   | 60%  |  66571   |   0    | 168.58MB  
 00:01:44 | WARNING! Aborting CBS - could not obtain an initial solution for the following agents: Agent26(25->24)
 00:01:45 | 00:04:18 | 0.02:18:50 |  28.92%  |  3230   |   3222   | 60%  |  71670   |   0    | 168.84MB  
 00:01:46 | WARNING! Aborting CBS - could not obtain an initial solution for the following agents: Agent7(57->56)
 00:01:50 | 00:04:06 | 0.02:28:16 |  30.89%  |  3449   |   3444   | 60%  |  76947   |   0    | 169.07MB  
 00:01:55 | 00:03:52 | 0.02:38:40 |  33.06%  |  3687   |   3687   | 60%  |  82379   |   0    | 170.88MB  
 00:02:00 | 00:03:44 | 0.02:47:06 |  34.81%  |  3886   |   3883   | 60%  |  86552   |   0    | 170.63MB  
 00:02:00 | WARNING! Aborting CBS - could not obtain an initial solution for the following agents: Agent11(25->24)
 00:02:01 | WARNING! Aborting CBS - could not obtain an initial solution for the following agents: Agent29(57->56)
 00:02:01 | WARNING! Aborting CBS - could not obtain an initial solution for the following agents: Agent29(57->50)
 00:02:01 | WARNING! Aborting CBS - could not obtain an initial solution for the following agents: Agent30(40->34)
 00:02:01 | WARNING! Aborting CBS - could not obtain an initial solution for the following agents: Agent30(40->34)
 00:02:04 | WARNING! Aborting CBS - could not obtain an initial solution for the following agents: Agent4(3->1)
 00:02:04 | WARNING! Aborting CBS - could not obtain an initial solution for the following agents: Agent4(3->1)
 00:02:04 | WARNING! Aborting CBS - could not obtain an initial solution for the following agents: Agent4(3->1)
 00:02:04 | WARNING! Aborting CBS - could not obtain an initial solution for the following agents: Agent4(3->2)
 00:02:04 | WARNING! Aborting CBS - could not obtain an initial solution for the following agents: Agent4(3->2)
 00:02:04 | WARNING! Aborting CBS - could not obtain an initial solution for the following agents: Agent4(3->2)
 00:02:05 | 00:03:30 | 0.02:58:38 |  37.22%  |  4158   |   4152   | 60%  |  92809   |   0    | 171.36MB  
 00:02:07 | WARNING! Aborting CBS - could not obtain an initial solution for the following agents: Agent16(57->56)
 00:02:08 | WARNING! Aborting CBS - could not obtain an initial solution for the following agents: Agent28(41->34)
 00:02:08 | WARNING! Aborting CBS - could not obtain an initial solution for the following agents: Agent16(57->56)
 00:02:08 | WARNING! Aborting CBS - could not obtain an initial solution for the following agents: Agent16(57->56)
 00:02:08 | WARNING! Aborting CBS - could not obtain an initial solution for the following agents: Agent16(57->56)
 00:02:10 | 00:03:23 | 0.03:06:58 |  38.95%  |  4353   |   4347   | 60%  |  97354   |   0    | 170.46MB  
 00:02:10 | WARNING! Aborting CBS - could not obtain an initial solution for the following agents: Agent11(25->24)
 00:02:10 | WARNING! Aborting CBS - could not obtain an initial solution for the following agents: Agent11(25->24)
 00:02:10 | WARNING! Aborting CBS - could not obtain an initial solution for the following agents: Agent0(26->25)
 00:02:11 | WARNING! Aborting CBS - could not obtain an initial solution for the following agents: Agent14(9->8)
 00:02:14 | WARNING! Aborting CBS - could not obtain an initial solution for the following agents: Agent19(9->8)
 00:02:15 | 00:03:14 | 0.03:16:24 |  40.92%  |  4574   |   4569   | 60%  |  102561  |   0    | 172.04MB  
 00:02:16 | WARNING! Aborting CBS - could not obtain an initial solution for the following agents: Agent10(41->40)
 00:02:17 | WARNING! Aborting CBS - could not obtain an initial solution for the following agents: Agent7(58->57)
 00:02:17 | WARNING! Aborting CBS - could not obtain an initial solution for the following agents: Agent7(58->57)
 00:02:18 | WARNING! Aborting CBS - could not obtain an initial solution for the following agents: Agent29(56->55)
 00:02:18 | WARNING! Aborting CBS - could not obtain an initial solution for the following agents: Agent29(56->55)
 00:02:18 | WARNING! Aborting CBS - could not obtain an initial solution for the following agents: Agent30(41->40)
 00:02:18 | WARNING! Aborting CBS - could not obtain an initial solution for the following agents: Agent30(41->40)
 00:02:19 | WARNING! Aborting CBS - could not obtain an initial solution for the following agents: Agent11(25->24)
 00:02:19 | WARNING! Aborting CBS - could not obtain an initial solution for the following agents: Agent11(25->24)
 00:02:20 | 00:03:03 | 0.03:27:56 |  43.32%  |  4841   |   4840   | 60%  |  108846  |   0    | 171.17MB  
 00:02:20 | WARNING! Aborting CBS - could not obtain an initial solution for the following agents: Agent26(25->17)
 00:02:20 | WARNING! Aborting CBS - could not obtain an initial solution for the following agents: Agent26(25->18)
 00:02:20 | WARNING! Aborting CBS - could not obtain an initial solution for the following agents: Agent26(25->19)
 00:02:22 | WARNING! Aborting CBS - could not obtain an initial solution for the following agents: Agent25(3->1)
 00:02:22 | WARNING! Aborting CBS - could not obtain an initial solution for the following agents: Agent25(3->2)
 00:02:22 | WARNING! Aborting CBS - could not obtain an initial solution for the following agents: Agent25(3->2)
 00:02:24 | WARNING! Aborting CBS - could not obtain an initial solution for the following agents: Agent7(57->56)
 00:02:25 | 00:02:52 | 0.03:39:22 |  45.70%  |  5109   |   5107   | 60%  |  114978  |   0    | 170.88MB  
 00:02:25 | WARNING! Aborting CBS - could not obtain an initial solution for the following agents: Agent7(57->56)
 00:02:25 | WARNING! Aborting CBS - could not obtain an initial solution for the following agents: Agent11(25->24)
 00:02:27 | WARNING! Aborting CBS - could not obtain an initial solution for the following agents: Agent9(57->56)
 00:02:27 | WARNING! Aborting CBS - could not obtain an initial solution for the following agents: Agent29(57->50)
 00:02:30 | 00:02:42 | 0.03:50:24 |  48.00%  |  5364   |   5366   | 60%  |  120925  |   0    | 171.41MB  
 00:02:33 | WARNING! Aborting CBS - could not obtain an initial solution for the following agents: Agent4(3->1)
 00:02:35 | 00:02:33 | 0.04:00:50 |  50.18%  |  5609   |   5611   | 60%  |  126252  |   0    | 173.03MB  
 00:02:40 | 00:02:31 | 0.04:06:56 |  51.45%  |  5748   |   5754   | 60%  |  129510  |   0    | 173.29MB  
 00:02:45 | 00:02:26 | 0.04:14:32 |  53.03%  |  5924   |   5933   | 60%  |  133436  |   0    | 193.21MB  
 00:02:47 | WARNING! Aborting CBS - could not obtain an initial solution for the following agents: Agent27(9->8)
 00:02:50 | 00:02:17 | 0.04:25:13 |  55.26%  |  6174   |   6183   | 60%  |  139183  |   0    | 192.25MB  
 00:02:52 | WARNING! Aborting CBS - could not obtain an initial solution for the following agents: Agent9(57->56)
 00:02:52 | WARNING! Aborting CBS - could not obtain an initial solution for the following agents: Agent2(25->24)
 00:02:52 | WARNING! Aborting CBS - could not obtain an initial solution for the following agents: Agent2(25->24)
 00:02:52 | WARNING! Aborting CBS - could not obtain an initial solution for the following agents: Agent2(25->24)
 00:02:52 | WARNING! Aborting CBS - could not obtain an initial solution for the following agents: Agent2(25->24)
 00:02:54 | WARNING! Aborting CBS - could not obtain an initial solution for the following agents: Agent21(41->40)
 00:02:54 | WARNING! Aborting CBS - could not obtain an initial solution for the following agents: Agent21(41->40)
 00:02:54 | WARNING! Aborting CBS - could not obtain an initial solution for the following agents: Agent14(8->7)
 00:02:54 | WARNING! Aborting CBS - could not obtain an initial solution for the following agents: Agent14(8->7)
 00:02:55 | 00:02:07 | 0.04:38:07 |  57.94%  |  6477   |   6485   | 60%  |  145842  |   0    | 193.20MB  
 00:02:56 | WARNING! Aborting CBS - could not obtain an initial solution for the following agents: Agent24(25->24)
 00:02:59 | WARNING! Aborting CBS - could not obtain an initial solution for the following agents: Agent27(3->1)
 00:02:59 | WARNING! Aborting CBS - could not obtain an initial solution for the following agents: Agent27(3->1)
 00:02:59 | WARNING! Aborting CBS - could not obtain an initial solution for the following agents: Agent27(3->1)
 00:03:00 | 00:01:58 | 0.04:49:40 |  60.35%  |  6745   |   6756   | 60%  |  152344  |   0    | 194.08MB  
 00:03:03 | WARNING! Aborting CBS - could not obtain an initial solution for the following agents: Agent16(59->58)
 00:03:03 | WARNING! Aborting CBS - could not obtain an initial solution for the following agents: Agent16(59->58)
 00:03:04 | WARNING! Aborting CBS - could not obtain an initial solution for the following agents: Agent16(59->58)
 00:03:05 | 00:01:51 | 0.04:59:27 |  62.39%  |  6970   |   6985   | 60%  |  158233  |   0    | 194.54MB  
 00:03:05 | WARNING! Aborting CBS - could not obtain an initial solution for the following agents: Agent5(57->50)
 00:03:05 | WARNING! Aborting CBS - could not obtain an initial solution for the following agents: Agent5(57->50)
 00:03:06 | WARNING! Aborting CBS - could not obtain an initial solution for the following agents: Agent1(9->8)
 00:03:06 | WARNING! Aborting CBS - could not obtain an initial solution for the following agents: Agent1(9->8)
 00:03:06 | WARNING! Aborting CBS - could not obtain an initial solution for the following agents: Agent1(9->8)
 00:03:06 | WARNING! Aborting CBS - could not obtain an initial solution for the following agents: Agent2(25->24)
 00:03:08 | WARNING! Aborting CBS - could not obtain an initial solution for the following agents: Agent11(25->24)
 00:03:08 | WARNING! Aborting CBS - could not obtain an initial solution for the following agents: Agent11(25->24)
 00:03:08 | WARNING! Aborting CBS - could not obtain an initial solution for the following agents: Agent28(41->40)
 00:03:10 | 00:01:41 | 0.05:12:31 |  65.11%  |  7277   |   7292   | 60%  |  164854  |   0    | 195.72MB  
 00:03:15 | 00:01:37 | 0.05:19:48 |  66.63%  |  7445   |   7464   | 60%  |  168972  |   0    | 196.68MB  
 00:03:17 | WARNING! Aborting CBS - could not obtain an initial solution for the following agents: Agent27(9->8)
 00:03:18 | WARNING! Aborting CBS - could not obtain an initial solution for the following agents: Agent7(57->56)
 00:03:18 | WARNING! Aborting CBS - could not obtain an initial solution for the following agents: Agent7(57->56)
 00:03:19 | WARNING! Aborting CBS - could not obtain an initial solution for the following agents: Agent10(41->40)
 00:03:19 | WARNING! Aborting CBS - could not obtain an initial solution for the following agents: Agent10(41->40)
 00:03:19 | WARNING! Aborting CBS - could not obtain an initial solution for the following agents: Agent10(41->40)
 00:03:20 | 00:01:33 | 0.05:27:12 |  68.17%  |  7611   |   7636   | 60%  |  173291  |   0    | 199.85MB  
 00:03:21 | WARNING! Aborting CBS - could not obtain an initial solution for the following agents: Agent8(41->40)
 00:03:22 | WARNING! Aborting CBS - could not obtain an initial solution for the following agents: Agent4(3->2)
 00:03:25 | 00:01:28 | 0.05:35:34 |  69.91%  |  7803   |   7832   | 60%  |  178078  |   0    | 200.76MB  
 00:03:25 | WARNING! Aborting CBS - could not obtain an initial solution for the following agents: Agent11(25->24)
 00:03:28 | WARNING! Aborting CBS - could not obtain an initial solution for the following agents: Agent25(9->1)
 00:03:28 | WARNING! Aborting CBS - could not obtain an initial solution for the following agents: Agent25(9->1)
 00:03:28 | WARNING! Aborting CBS - could not obtain an initial solution for the following agents: Agent25(9->2)
 00:03:28 | WARNING! Aborting CBS - could not obtain an initial solution for the following agents: Agent25(9->3)
 00:03:30 | 00:01:21 | 0.05:46:16 |  72.14%  |  8055   |   8082   | 60%  |  184213  |   0    | 200.42MB  
 00:03:30 | WARNING! Aborting CBS - could not obtain an initial solution for the following agents: Agent10(41->40)
 00:03:32 | WARNING! Aborting CBS - could not obtain an initial solution for the following agents: Agent10(41->40)
 00:03:35 | 00:01:14 | 0.05:56:47 |  74.33%  |  8302   |   8329   | 60%  |  190074  |   0    | 203.07MB  
 00:03:40 | 00:01:08 | 0.06:06:20 |  76.32%  |  8520   |   8551   | 60%  |  195323  |   0    | 203.45MB  
 00:03:40 | WARNING! Aborting CBS - could not obtain an initial solution for the following agents: Agent2(25->24)
 00:03:45 | 00:01:02 | 0.06:15:19 |  78.19%  |  8730   |   8762   | 60%  |  200372  |   0    | 205.23MB  
 00:03:49 | WARNING! Aborting CBS - could not obtain an initial solution for the following agents: Agent14(2->1)
 00:03:50 | 00:00:56 | 0.06:25:29 |  80.31%  |  8965   |   8998   | 60%  |  205953  |   0    | 206.88MB  
 00:03:50 | WARNING! Aborting CBS - could not obtain an initial solution for the following agents: Agent29(57->56)
 00:03:51 | WARNING! Aborting CBS - could not obtain an initial solution for the following agents: Agent25(9->8)
 00:03:51 | WARNING! Aborting CBS - could not obtain an initial solution for the following agents: Agent16(57->56)
 00:03:51 | WARNING! Aborting CBS - could not obtain an initial solution for the following agents: Agent16(57->56)
 00:03:53 | WARNING! Aborting CBS - could not obtain an initial solution for the following agents: Agent0(25->24)
 00:03:54 | WARNING! Aborting CBS - could not obtain an initial solution for the following agents: Agent2(26->25)
 00:03:55 | 00:00:49 | 0.06:36:21 |  82.57%  |  9219   |   9254   | 60%  |  211916  |   0    | 208.53MB  
 00:03:59 | WARNING! Aborting CBS - could not obtain an initial solution for the following agents: Agent5(58->57)
 00:04:00 | 00:00:43 | 0.06:46:50 |  84.76%  |  9464   |   9500   | 60%  |  217232  |   0    | 207.49MB  
 00:04:00 | WARNING! Aborting CBS - could not obtain an initial solution for the following agents: Agent2(26->17),Agent26(27->18)
 00:04:00 | WARNING! Aborting CBS - could not obtain an initial solution for the following agents: Agent2(26->17),Agent26(27->18)
 00:04:00 | WARNING! Aborting CBS - could not obtain an initial solution for the following agents: Agent2(26->17),Agent26(27->18)
 00:04:00 | WARNING! Aborting CBS - could not obtain an initial solution for the following agents: Agent2(26->18)
 00:04:00 | WARNING! Aborting CBS - could not obtain an initial solution for the following agents: Agent2(26->18)
 00:04:02 | WARNING! Aborting CBS - could not obtain an initial solution for the following agents: Agent1(9->8)
 00:04:05 | 00:00:35 | 0.06:58:34 |  87.20%  |  9734   |   9774   | 60%  |  223562  |   0    | 207.34MB  
 00:04:10 | 00:00:29 | 0.07:10:06 |  89.61%  |  10005  |  10044   | 60%  |  229660  |   0    | 207.19MB  
 00:04:11 | WARNING! Aborting CBS - could not obtain an initial solution for the following agents: Agent16(57->56)
 00:04:11 | WARNING! Aborting CBS - could not obtain an initial solution for the following agents: Agent1(8->6)
 00:04:14 | WARNING! Aborting CBS - could not obtain an initial solution for the following agents: Agent2(25->24)
 00:04:15 | 00:00:22 | 0.07:21:28 |  91.98%  |  10274  |  10311   | 60%  |  235776  |   0    | 207.65MB  
 00:04:15 | WARNING! Aborting CBS - could not obtain an initial solution for the following agents: Agent4(9->8)
 00:04:15 | WARNING! Aborting CBS - could not obtain an initial solution for the following agents: Agent4(9->8)
 00:04:18 | WARNING! Aborting CBS - could not obtain an initial solution for the following agents: Agent7(57->56)
 00:04:20 | 00:00:15 | 0.07:33:36 |  94.50%  |  10554  |  10596   | 60%  |  242358  |   0    | 207.28MB  
 00:04:20 | WARNING! Aborting CBS - could not obtain an initial solution for the following agents: Agent1(8->1)
 00:04:20 | WARNING! Aborting CBS - could not obtain an initial solution for the following agents: Agent1(8->1)
 00:04:20 | WARNING! Aborting CBS - could not obtain an initial solution for the following agents: Agent5(57->56)
 00:04:20 | WARNING! Aborting CBS - could not obtain an initial solution for the following agents: Agent5(57->56)
 00:04:20 | WARNING! Aborting CBS - could not obtain an initial solution for the following agents: Agent14(9->8)
 00:04:21 | WARNING! Aborting CBS - could not obtain an initial solution for the following agents: Agent1(3->1)
 00:04:21 | WARNING! Aborting CBS - could not obtain an initial solution for the following agents: Agent1(3->1)
 00:04:21 | WARNING! Aborting CBS - could not obtain an initial solution for the following agents: Agent1(3->1)
 00:04:21 | WARNING! Aborting CBS - could not obtain an initial solution for the following agents: Agent1(3->2)
 00:04:21 | WARNING! Aborting CBS - could not obtain an initial solution for the following agents: Agent1(3->2)
 00:04:22 | WARNING! Aborting CBS - could not obtain an initial solution for the following agents: Agent26(25->24)
 00:04:22 | WARNING! Aborting CBS - could not obtain an initial solution for the following agents: Agent26(25->24)
 00:04:25 | 00:00:07 | 0.07:46:09 |  97.12%  |  10847  |  10890   | 60%  |  248753  |   0    | 207.78MB  
 00:04:26 | WARNING! Aborting CBS - could not obtain an initial solution for the following agents: Agent21(41->40)
 00:04:26 | WARNING! Aborting CBS - could not obtain an initial solution for the following agents: Agent21(41->40)
 00:04:27 | WARNING! Aborting CBS - could not obtain an initial solution for the following agents: Agent21(41->40)
 00:04:28 | WARNING! Aborting CBS - could not obtain an initial solution for the following agents: Agent11(602->603)
 00:04:30 | 00:00:02 | 0.07:55:24 |  99.04%  |  11062  |  11106   | 60%  |  253907  |   0    | 207.59MB  
 00:04:31 | 00:00:00 | 0.08:00:00 | 100.00%  |  11172  |  11213   | 60%  |  256293  |   0    | 207.49MB  
 00:04:31 | >>> Simulation finished - writing results ...
 00:04:32 | >>> Results written
Simulation finished.
>>> Timings
StatTimingPathPlanningAverage: 0.013607246706702783
StatTimingPathPlanningOverall: 210.7218224999993
StatTimingPathPlanningCount: 15486
StatTimingTaskAllocationAverage: 0.001449586074836764
StatTimingTaskAllocationOverall: 23.089006999999977
StatTimingTaskAllocationCount: 15928
StatTimingItemStorageAverage: 3.5067167476802036E-06
StatTimingItemStorageOverall: 0.039678500000001504
StatTimingItemStorageCount: 11315
StatTimingPodStorageAverage: 0.001960699703654931
StatTimingPodStorageOverall: 5.954645000000025
StatTimingPodStorageCount: 3037
StatTimingReplenishmentBatchingAverage: 7.989465195246163E-06
StatTimingReplenishmentBatchingOverall: 0.0941158999999998
StatTimingReplenishmentBatchingCount: 11780
StatTimingOrderBatchingAverage: 0.00010793635246166866
StatTimingOrderBatchingOverall: 3.336744400000025
StatTimingOrderBatchingCount: 30914
>>> Overall
StatOverallBundlesPlaced: 15143
StatOverallItemsOrdered: 11216
StatOverallOrdersPlaced: 11216
StatOverallBundlesRejected: 0
StatOverallOrdersRejected: 0
StatOverallBundlesHandled: 11213
StatOverallItemsHandled: 11176
StatOverallLinesHandled: 11176
StatOverallOrdersHandled: 11172
StatOverallCollisions: 0
StatOverallDistanceTraveled: 256293.24482454418
StatOverallDistanceEstimated: 236293
StatOverallAssignedTasks: 15928
StatMaxMemoryUsed: 208.53125
StatRealTimeUsed: 271.8644132
StatAverageTurnoverTime: 367.10713106733147
StatMedianTurnoverTime: 214.442725281584
StatLowerQuartileTurnoverTime: 121.78829630091536
StatUpperQuartileTurnoverTime: 488.57137092550875
StatAverageThroughputTime: 114.0043315167196
StatMedianThroughputTime: 120.80886731004284
StatLowerQuartileThroughputTime: 80.92213562372854
StatUpperQuartileThroughputTime: 142.00768798455283
>>> Energy (Rizqi model)
StatEnergyTotalKJ: 19099.963622801097
StatEnergyE1AccelKJ: 5370.255781999981
StatEnergyE2DecelKJ: 0
StatEnergyE3CruiseKJ: 9635.129504000008
StatEnergyE4RotationKJ: 3275.6088123565787
StatEnergyE5LiftLowerKJ: 818.9695244444447
StatEnergyPerOrderKJ: 1.7096279648049675
StatEnergyPerMeterJoule: 74.49254730988216
StatDistanceTraveledRizqiM: 256401
>>> Motion Behavior
StatTurningCount: 32310
StatStopAndGoCount: 43871
StatLoadedDistanceM: 173229
StatLoadedTurningCount: 23649
StatWaitTimeSec: 378778.9137836331

Marked tag finished after 1 tries!
.Fin. - SUCCESS
