<<< Welcome to the RAWSimO CLI >>>
The time is: 04/14/2026 00:07:29
Starting RAWSimO wrapper with the following arguments:
Instance: Material/Instances/PP/1-4-4-32-550.xinst
Setting: Material/Instances/PP/PPMinimal.xsett
ControlConfig: Material/Instances/PP/aesop-cbs.xconf
StatisticsDir: C:\Users\Aesop\Desktop\rawsim-o-rmfs-world-models\output_exp\cbs\seed_14
Seed: 14
Adding handler for unhandled exceptions ...
Initializing ... 
Instance recognized!
Parsing setting config ...
Parsing control config ...
Parsing instance ...
StatisticsFolder: 1-4-4-32-550-PPMinimal-aesop-cbs-14
Done!
Executing ... 
 00:07:31 | >>> Warming up ...
 00:00:00 | >>> Warmup finished - starting simulation ...
 Realtime |   ETA    |  Sim.Time  | Progress | #Orders | #Bundles | Inv. | Distance | #Coll. |   Memory    
 00:00:00 |   n/a    | 0.00:00:00 |  0.00%   |    0    |    0     | 60%  |    0     |   0    | 123.00MB  
 00:00:05 | 06:52:25 | 0.00:00:05 |  0.02%   |    0    |    0     | 60%  |    99    |   0    | 132.93MB  
 00:00:10 | 02:15:23 | 0.00:00:35 |  0.12%   |    0    |    0     | 60%  |   821    |   0    | 143.92MB  
 00:00:15 | 02:56:39 | 0.00:00:40 |  0.14%   |    0    |    0     | 60%  |   924    |   0    | 151.98MB  
 00:00:20 | 03:09:07 | 0.00:00:50 |  0.18%   |    2    |    0     | 60%  |   1142   |   0    | 155.39MB  
 00:00:25 | 03:34:32 | 0.00:00:55 |  0.19%   |    3    |    0     | 60%  |   1240   |   0    | 162.51MB  
 00:00:30 | 03:59:41 | 0.00:00:59 |  0.21%   |    4    |    0     | 60%  |   1325   |   0    | 164.39MB  
 00:00:32 | WARNING! Aborting CBS - could not obtain an initial solution for the following agents: Agent8(41->32)
 00:00:32 | WARNING! Aborting CBS - could not obtain an initial solution for the following agents: Agent8(41->32)
 00:00:32 | WARNING! Aborting CBS - could not obtain an initial solution for the following agents: Agent8(41->34)
 00:00:35 | 03:58:53 | 0.00:01:10 |  0.24%   |    7    |    2     | 60%  |   1528   |   0    | 168.73MB  
 00:00:40 | 00:43:10 | 0.00:07:18 |  1.52%   |   150   |   141    | 60%  |   3728   |   0    | 168.41MB  
 00:00:41 | WARNING! Aborting CBS - could not obtain an initial solution for the following agents: Agent1(9->8)
 00:00:41 | WARNING! Aborting CBS - could not obtain an initial solution for the following agents: Agent1(9->8)
 00:00:45 | 00:24:25 | 0.00:14:18 |  2.98%   |   316   |   306    | 60%  |   7093   |   0    | 168.68MB  
 00:00:45 | WARNING! Aborting CBS - could not obtain an initial solution for the following agents: Agent14(3->1)
 00:00:45 | WARNING! Aborting CBS - could not obtain an initial solution for the following agents: Agent14(3->1)
 00:00:45 | WARNING! Aborting CBS - could not obtain an initial solution for the following agents: Agent14(3->2)
 00:00:45 | WARNING! Aborting CBS - could not obtain an initial solution for the following agents: Agent14(3->2)
 00:00:49 | WARNING! Aborting CBS - could not obtain an initial solution for the following agents: Agent19(8->7)
 00:00:49 | WARNING! Aborting CBS - could not obtain an initial solution for the following agents: Agent19(8->6)
 00:00:49 | WARNING! Aborting CBS - could not obtain an initial solution for the following agents: Agent9(56->55)
 00:00:50 | 00:16:11 | 0.00:23:29 |  4.90%   |   531   |   521    | 60%  |  11168   |   0    | 168.78MB  
 00:00:55 | 00:12:49 | 0.00:32:01 |  6.67%   |   728   |   722    | 60%  |  15784   |   0    | 168.41MB  
 00:00:55 | WARNING! Aborting CBS - could not obtain an initial solution for the following agents: Agent28(41->40)
 00:00:55 | WARNING! Aborting CBS - could not obtain an initial solution for the following agents: Agent28(41->40)
 00:00:57 | WARNING! Aborting CBS - could not obtain an initial solution for the following agents: Agent21(41->40)
 00:00:57 | WARNING! Aborting CBS - could not obtain an initial solution for the following agents: Agent21(41->40)
 00:01:00 | 00:10:25 | 0.00:42:02 |  8.76%   |   964   |   955    | 60%  |  21062   |   0    | 167.86MB  
 00:01:01 | WARNING! Aborting CBS - could not obtain an initial solution for the following agents: Agent26(24->23)
 00:01:01 | WARNING! Aborting CBS - could not obtain an initial solution for the following agents: Agent26(24->23)
 00:01:05 | 00:08:51 | 0.00:52:20 |  10.90%  |  1203   |   1196   | 60%  |  26288   |   0    | 167.62MB  
 00:01:06 | WARNING! Aborting CBS - could not obtain an initial solution for the following agents: Agent28(41->40)
 00:01:07 | WARNING! Aborting CBS - could not obtain an initial solution for the following agents: Agent28(40->39)
 00:01:08 | WARNING! Aborting CBS - could not obtain an initial solution for the following agents: Agent16(57->56)
 00:01:08 | WARNING! Aborting CBS - could not obtain an initial solution for the following agents: Agent7(57->56)
 00:01:08 | WARNING! Aborting CBS - could not obtain an initial solution for the following agents: Agent7(57->56)
 00:01:10 | 00:07:54 | 0.01:01:42 |  12.86%  |  1424   |   1415   | 60%  |  31425   |   0    | 167.94MB  
 00:01:11 | WARNING! Aborting CBS - could not obtain an initial solution for the following agents: Agent16(57->56)
 00:01:15 | 00:06:56 | 0.01:13:17 |  15.27%  |  1691   |   1687   | 60%  |  37634   |   0    | 167.73MB  
 00:01:15 | WARNING! Aborting CBS - could not obtain an initial solution for the following agents: Agent16(58->57)
 00:01:15 | WARNING! Aborting CBS - could not obtain an initial solution for the following agents: Agent29(57->56)
 00:01:15 | WARNING! Aborting CBS - could not obtain an initial solution for the following agents: Agent29(57->56)
 00:01:15 | WARNING! Aborting CBS - could not obtain an initial solution for the following agents: Agent29(57->56)
 00:01:16 | WARNING! Aborting CBS - could not obtain an initial solution for the following agents: Agent2(25->24)
 00:01:16 | WARNING! Aborting CBS - could not obtain an initial solution for the following agents: Agent10(41->40)
 00:01:20 | 00:06:28 | 0.01:21:56 |  17.07%  |  1896   |   1890   | 60%  |  42277   |   0    | 168.55MB  
 00:01:20 | WARNING! Aborting CBS - could not obtain an initial solution for the following agents: Agent28(40->39)
 00:01:24 | WARNING! Aborting CBS - could not obtain an initial solution for the following agents: Agent0(25->24)
 00:01:24 | WARNING! Aborting CBS - could not obtain an initial solution for the following agents: Agent10(41->40)
 00:01:24 | WARNING! Aborting CBS - could not obtain an initial solution for the following agents: Agent10(41->40)
 00:01:25 | 00:05:53 | 0.01:33:03 |  19.39%  |  2152   |   2149   | 60%  |  48362   |   0    | 167.35MB  
 00:01:26 | WARNING! Aborting CBS - could not obtain an initial solution for the following agents: Agent26(25->24)
 00:01:26 | WARNING! Aborting CBS - could not obtain an initial solution for the following agents: Agent26(25->24)
 00:01:26 | WARNING! Aborting CBS - could not obtain an initial solution for the following agents: Agent28(41->40)
 00:01:28 | WARNING! Aborting CBS - could not obtain an initial solution for the following agents: Agent2(26->25)
 00:01:28 | WARNING! Aborting CBS - could not obtain an initial solution for the following agents: Agent9(57->56)
 00:01:29 | WARNING! Aborting CBS - could not obtain an initial solution for the following agents: Agent14(3->2)
 00:01:29 | WARNING! Aborting CBS - could not obtain an initial solution for the following agents: Agent14(3->2),Agent29(57->56)
 00:01:29 | WARNING! Aborting CBS - could not obtain an initial solution for the following agents: Agent14(3->2),Agent29(57->56)
 00:01:29 | WARNING! Aborting CBS - could not obtain an initial solution for the following agents: Agent29(57->56)
 00:01:30 | 00:05:28 | 0.01:43:07 |  21.48%  |  2387   |   2385   | 60%  |  53561   |   0    | 167.65MB  
 00:01:35 | 00:05:07 | 0.01:53:20 |  23.61%  |  2626   |   2625   | 60%  |  59225   |   0    | 168.09MB  
 00:01:37 | WARNING! Aborting CBS - could not obtain an initial solution for the following agents: Agent16(56->55)
 00:01:39 | WARNING! Aborting CBS - could not obtain an initial solution for the following agents: Agent24(27->26)
 00:01:39 | WARNING! Aborting CBS - could not obtain an initial solution for the following agents: Agent24(27->26)
 00:01:39 | WARNING! Aborting CBS - could not obtain an initial solution for the following agents: Agent24(27->26)
 00:01:40 | 00:05:06 | 0.01:57:57 |  24.57%  |  2730   |   2733   | 60%  |  61788   |   0    | 167.97MB  
 00:01:40 | WARNING! Aborting CBS - could not obtain an initial solution for the following agents: Agent26(25->24)
 00:01:40 | WARNING! Aborting CBS - could not obtain an initial solution for the following agents: Agent26(25->24)
 00:01:41 | WARNING! Aborting CBS - could not obtain an initial solution for the following agents: Agent26(25->24)
 00:01:41 | WARNING! Aborting CBS - could not obtain an initial solution for the following agents: Agent30(41->40)
 00:01:43 | WARNING! Aborting CBS - could not obtain an initial solution for the following agents: Agent21(41->40)
 00:01:43 | WARNING! Aborting CBS - could not obtain an initial solution for the following agents: Agent21(41->40)
 00:01:45 | 00:04:51 | 0.02:07:07 |  26.49%  |  2942   |   2948   | 60%  |  66997   |   0    | 168.06MB  
 00:01:46 | WARNING! Aborting CBS - could not obtain an initial solution for the following agents: Agent10(41->40)
 00:01:46 | WARNING! Aborting CBS - could not obtain an initial solution for the following agents: Agent30(41->40)
 00:01:48 | WARNING! Aborting CBS - could not obtain an initial solution for the following agents: Agent27(8->2)
 00:01:48 | WARNING! Aborting CBS - could not obtain an initial solution for the following agents: Agent27(8->2)
 00:01:50 | 00:04:41 | 0.02:14:58 |  28.12%  |  3126   |   3132   | 60%  |  71487   |   0    | 168.62MB  
 00:01:52 | WARNING! Aborting CBS - could not obtain an initial solution for the following agents: Agent2(25->18)
 00:01:53 | WARNING! Aborting CBS - could not obtain an initial solution for the following agents: Agent25(8->7)
 00:01:53 | WARNING! Aborting CBS - could not obtain an initial solution for the following agents: Agent25(8->7)
 00:01:54 | WARNING! Aborting CBS - could not obtain an initial solution for the following agents: Agent8(41->40)
 00:01:55 | 00:04:22 | 0.02:26:05 |  30.44%  |  3385   |   3393   | 60%  |  77564   |   0    | 167.89MB  
 00:01:58 | WARNING! Aborting CBS - could not obtain an initial solution for the following agents: Agent21(41->40)
 00:01:59 | WARNING! Aborting CBS - could not obtain an initial solution for the following agents: Agent14(9->8)
 00:02:00 | 00:04:02 | 0.02:38:50 |  33.09%  |  3679   |   3692   | 60%  |  84460   |   0    | 169.64MB  
 00:02:00 | WARNING! Aborting CBS - could not obtain an initial solution for the following agents: Agent1(8->1)
 00:02:00 | WARNING! Aborting CBS - could not obtain an initial solution for the following agents: Agent1(8->1)
 00:02:02 | WARNING! Aborting CBS - could not obtain an initial solution for the following agents: Agent26(24->17)
 00:02:02 | WARNING! Aborting CBS - could not obtain an initial solution for the following agents: Agent26(24->18)
 00:02:02 | WARNING! Aborting CBS - could not obtain an initial solution for the following agents: Agent26(24->18)
 00:02:02 | WARNING! Aborting CBS - could not obtain an initial solution for the following agents: Agent8(42->41)
 00:02:02 | WARNING! Aborting CBS - could not obtain an initial solution for the following agents: Agent8(42->41)
 00:02:05 | 00:03:56 | 0.02:46:05 |  34.60%  |  3850   |   3861   | 60%  |  88623   |   0    | 169.84MB  
 00:02:06 | WARNING! Aborting CBS - could not obtain an initial solution for the following agents: Agent24(25->24)
 00:02:07 | WARNING! Aborting CBS - could not obtain an initial solution for the following agents: Agent27(9->8)
 00:02:07 | WARNING! Aborting CBS - could not obtain an initial solution for the following agents: Agent27(9->8)
 00:02:10 | 00:03:44 | 0.02:56:13 |  36.71%  |  4087   |   4099   | 60%  |  94349   |   0    | 168.17MB  
 00:02:10 | WARNING! Aborting CBS - could not obtain an initial solution for the following agents: Agent5(57->56)
 00:02:10 | WARNING! Aborting CBS - could not obtain an initial solution for the following agents: Agent5(57->56)
 00:02:11 | WARNING! Aborting CBS - could not obtain an initial solution for the following agents: Agent29(59->58)
 00:02:11 | WARNING! Aborting CBS - could not obtain an initial solution for the following agents: Agent29(59->58)
 00:02:11 | WARNING! Aborting CBS - could not obtain an initial solution for the following agents: Agent29(59->58)
 00:02:11 | WARNING! Aborting CBS - could not obtain an initial solution for the following agents: Agent29(59->58)
 00:02:15 | 00:03:33 | 0.03:05:58 |  38.74%  |  4309   |   4327   | 60%  |  99524   |   0    | 168.27MB  
 00:02:19 | WARNING! Aborting CBS - could not obtain an initial solution for the following agents: Agent5(58->57)
 00:02:19 | WARNING! Aborting CBS - could not obtain an initial solution for the following agents: Agent5(58->57)
 00:02:19 | WARNING! Aborting CBS - could not obtain an initial solution for the following agents: Agent14(1->0)
 00:02:19 | WARNING! Aborting CBS - could not obtain an initial solution for the following agents: Agent14(1->0)
 00:02:20 | 00:03:22 | 0.03:16:10 |  40.87%  |  4546   |   4567   | 60%  |  105198  |   0    | 168.55MB  
 00:02:20 | WARNING! Aborting CBS - could not obtain an initial solution for the following agents: Agent11(25->18)
 00:02:20 | WARNING! Aborting CBS - could not obtain an initial solution for the following agents: Agent11(25->17)
 00:02:20 | WARNING! Aborting CBS - could not obtain an initial solution for the following agents: Agent11(25->17)
 00:02:20 | WARNING! Aborting CBS - could not obtain an initial solution for the following agents: Agent11(25->18)
 00:02:20 | WARNING! Aborting CBS - could not obtain an initial solution for the following agents: Agent11(25->19)
 00:02:22 | WARNING! Aborting CBS - could not obtain an initial solution for the following agents: Agent27(3->1)
 00:02:22 | WARNING! Aborting CBS - could not obtain an initial solution for the following agents: Agent27(3->2)
 00:02:24 | WARNING! Aborting CBS - could not obtain an initial solution for the following agents: Agent30(41->40)
 00:02:25 | 00:03:11 | 0.03:26:36 |  43.04%  |  4787   |   4811   | 60%  |  110649  |   0    | 168.61MB  
 00:02:25 | WARNING! Aborting CBS - could not obtain an initial solution for the following agents: Agent2(25->24)
 00:02:25 | WARNING! Aborting CBS - could not obtain an initial solution for the following agents: Agent2(25->24)
 00:02:26 | WARNING! Aborting CBS - could not obtain an initial solution for the following agents: Agent9(57->56)
 00:02:30 | 00:03:01 | 0.03:37:02 |  45.22%  |  5033   |   5056   | 60%  |  116229  |   0    | 169.20MB  
 00:02:35 | 00:02:50 | 0.03:48:47 |  47.66%  |  5306   |   5331   | 60%  |  122732  |   0    | 170.18MB  
 00:02:36 | WARNING! Aborting CBS - could not obtain an initial solution for the following agents: Agent29(57->50)
 00:02:36 | WARNING! Aborting CBS - could not obtain an initial solution for the following agents: Agent29(57->50)
 00:02:38 | WARNING! Aborting CBS - could not obtain an initial solution for the following agents: Agent24(25->24)
 00:02:40 | 00:02:46 | 0.03:55:29 |  49.06%  |  5460   |   5489   | 60%  |  127011  |   0    | 169.26MB  
 00:02:42 | WARNING! Aborting CBS - could not obtain an initial solution for the following agents: Agent14(9->8)
 00:02:42 | WARNING! Aborting CBS - could not obtain an initial solution for the following agents: Agent14(9->8)
 00:02:43 | WARNING! Aborting CBS - could not obtain an initial solution for the following agents: Agent7(57->56)
 00:02:45 | 00:02:37 | 0.04:05:55 |  51.24%  |  5700   |   5733   | 60%  |  132668  |   0    | 168.81MB  
 00:02:45 | WARNING! Aborting CBS - could not obtain an initial solution for the following agents: Agent0(25->24)
 00:02:45 | WARNING! Aborting CBS - could not obtain an initial solution for the following agents: Agent8(41->40)
 00:02:46 | WARNING! Aborting CBS - could not obtain an initial solution for the following agents: Agent26(25->24)
 00:02:47 | WARNING! Aborting CBS - could not obtain an initial solution for the following agents: Agent30(41->40)
 00:02:50 | 00:02:27 | 0.04:17:00 |  53.54%  |  5962   |   5992   | 60%  |  138720  |   0    | 168.87MB  
 00:02:50 | WARNING! Aborting CBS - could not obtain an initial solution for the following agents: Agent10(41->40)
 00:02:50 | WARNING! Aborting CBS - could not obtain an initial solution for the following agents: Agent10(41->40)
 00:02:50 | WARNING! Aborting CBS - could not obtain an initial solution for the following agents: Agent10(41->40)
 00:02:51 | WARNING! Aborting CBS - could not obtain an initial solution for the following agents: Agent24(25->24)
 00:02:53 | WARNING! Aborting CBS - could not obtain an initial solution for the following agents: Agent30(41->40)
 00:02:54 | WARNING! Aborting CBS - could not obtain an initial solution for the following agents: Agent7(56->50)
 00:02:55 | 00:02:19 | 0.04:27:16 |  55.68%  |  6202   |   6232   | 60%  |  144687  |   0    | 169.20MB  
 00:02:56 | WARNING! Aborting CBS - could not obtain an initial solution for the following agents: Agent27(1->0)
 00:02:56 | WARNING! Aborting CBS - could not obtain an initial solution for the following agents: Agent27(1->0)
 00:03:00 | 00:02:12 | 0.04:36:20 |  57.57%  |  6411   |   6445   | 60%  |  149699  |   0    | 169.21MB  
 00:03:03 | WARNING! Aborting CBS - could not obtain an initial solution for the following agents: Agent8(41->40)
 00:03:03 | WARNING! Aborting CBS - could not obtain an initial solution for the following agents: Agent8(41->40)
 00:03:03 | WARNING! Aborting CBS - could not obtain an initial solution for the following agents: Agent8(41->40)
 00:03:04 | WARNING! Aborting CBS - could not obtain an initial solution for the following agents: Agent16(56->49)
 00:03:04 | WARNING! Aborting CBS - could not obtain an initial solution for the following agents: Agent16(56->50)
 00:03:05 | 00:02:04 | 0.04:46:53 |  59.77%  |  6659   |   6693   | 60%  |  155202  |   0    | 169.29MB  
 00:03:08 | WARNING! Aborting CBS - could not obtain an initial solution for the following agents: Agent14(9->8)
 00:03:10 | 00:01:58 | 0.04:55:35 |  61.58%  |  6859   |   6897   | 60%  |  160360  |   0    | 169.24MB  
 00:03:10 | WARNING! Aborting CBS - could not obtain an initial solution for the following agents: Agent29(57->56)
 00:03:10 | WARNING! Aborting CBS - could not obtain an initial solution for the following agents: Agent29(57->56)
 00:03:10 | WARNING! Aborting CBS - could not obtain an initial solution for the following agents: Agent29(57->56)
 00:03:10 | WARNING! Aborting CBS - could not obtain an initial solution for the following agents: Agent29(57->56)
 00:03:10 | WARNING! Aborting CBS - could not obtain an initial solution for the following agents: Agent29(57->56)
 00:03:15 | 00:01:50 | 0.05:06:25 |  63.84%  |  7113   |   7151   | 60%  |  166254  |   0    | 169.06MB  
 00:03:16 | WARNING! Aborting CBS - could not obtain an initial solution for the following agents: Agent29(59->58)
 00:03:16 | WARNING! Aborting CBS - could not obtain an initial solution for the following agents: Agent29(59->58)
 00:03:16 | WARNING! Aborting CBS - could not obtain an initial solution for the following agents: Agent29(59->58)
 00:03:17 | WARNING! Aborting CBS - could not obtain an initial solution for the following agents: Agent10(41->40)
 00:03:17 | WARNING! Aborting CBS - could not obtain an initial solution for the following agents: Agent10(41->40)
 00:03:17 | WARNING! Aborting CBS - could not obtain an initial solution for the following agents: Agent10(41->40)
 00:03:17 | WARNING! Aborting CBS - could not obtain an initial solution for the following agents: Agent9(57->56)
 00:03:17 | WARNING! Aborting CBS - could not obtain an initial solution for the following agents: Agent9(57->56)
 00:03:18 | WARNING! Aborting CBS - could not obtain an initial solution for the following agents: Agent11(25->24)
 00:03:18 | WARNING! Aborting CBS - could not obtain an initial solution for the following agents: Agent11(25->24)
 00:03:20 | 00:01:42 | 0.05:17:05 |  66.06%  |  7356   |   7402   | 60%  |  172218  |   0    | 169.28MB  
 00:03:20 | WARNING! Aborting CBS - could not obtain an initial solution for the following agents: Agent14(3->1)
 00:03:20 | WARNING! Aborting CBS - could not obtain an initial solution for the following agents: Agent14(3->1)
 00:03:20 | WARNING! Aborting CBS - could not obtain an initial solution for the following agents: Agent14(3->2)
 00:03:20 | WARNING! Aborting CBS - could not obtain an initial solution for the following agents: Agent2(25->24),Agent14(3->2)
 00:03:20 | WARNING! Aborting CBS - could not obtain an initial solution for the following agents: Agent2(25->24)
 00:03:20 | WARNING! Aborting CBS - could not obtain an initial solution for the following agents: Agent2(25->24)
 00:03:20 | WARNING! Aborting CBS - could not obtain an initial solution for the following agents: Agent29(57->56)
 00:03:23 | WARNING! Aborting CBS - could not obtain an initial solution for the following agents: Agent2(25->24)
 00:03:25 | 00:01:33 | 0.05:29:13 |  68.59%  |  7637   |   7685   | 60%  |  178701  |   0    | 169.82MB  
 00:03:28 | WARNING! Aborting CBS - could not obtain an initial solution for the following agents: Agent4(9->8)
 00:03:28 | WARNING! Aborting CBS - could not obtain an initial solution for the following agents: Agent4(9->8)
 00:03:28 | WARNING! Aborting CBS - could not obtain an initial solution for the following agents: Agent4(9->8)
 00:03:29 | WARNING! Aborting CBS - could not obtain an initial solution for the following agents: Agent27(8->2)
 00:03:30 | 00:01:29 | 0.05:37:01 |  70.21%  |  7817   |   7868   | 60%  |  183409  |   0    | 169.33MB  
 00:03:35 | 00:01:26 | 0.05:42:07 |  71.27%  |  7935   |   7987   | 60%  |  186398  |   0    | 170.67MB  
 00:03:35 | WARNING! Aborting CBS - could not obtain an initial solution for the following agents: Agent8(41->40)
 00:03:38 | WARNING! Aborting CBS - could not obtain an initial solution for the following agents: Agent1(3->2)
 00:03:38 | WARNING! Aborting CBS - could not obtain an initial solution for the following agents: Agent1(3->2)
 00:03:39 | WARNING! Aborting CBS - could not obtain an initial solution for the following agents: Agent9(57->56)
 00:03:39 | WARNING! Aborting CBS - could not obtain an initial solution for the following agents: Agent9(57->56)
 00:03:40 | 00:01:18 | 0.05:53:53 |  73.73%  |  8208   |   8265   | 60%  |  192592  |   0    | 170.39MB  
 00:03:40 | WARNING! Aborting CBS - could not obtain an initial solution for the following agents: Agent24(25->24)
 00:03:41 | WARNING! Aborting CBS - could not obtain an initial solution for the following agents: Agent8(41->40)
 00:03:41 | WARNING! Aborting CBS - could not obtain an initial solution for the following agents: Agent7(57->56)
 00:03:45 | 00:01:10 | 0.06:05:13 |  76.09%  |  8469   |   8530   | 60%  |  198779  |   0    | 171.12MB  
 00:03:46 | WARNING! Aborting CBS - could not obtain an initial solution for the following agents: Agent24(25->24)
 00:03:49 | WARNING! Aborting CBS - could not obtain an initial solution for the following agents: Agent5(57->56)
 00:03:49 | WARNING! Aborting CBS - could not obtain an initial solution for the following agents: Agent5(57->56)
 00:03:49 | WARNING! Aborting CBS - could not obtain an initial solution for the following agents: Agent8(41->40)
 00:03:50 | 00:01:03 | 0.06:15:51 |  78.30%  |  8715   |   8779   | 60%  |  204691  |   0    | 171.14MB  
 00:03:50 | WARNING! Aborting CBS - could not obtain an initial solution for the following agents: Agent27(3->1)
 00:03:50 | WARNING! Aborting CBS - could not obtain an initial solution for the following agents: Agent27(3->1)
 00:03:52 | WARNING! Aborting CBS - could not obtain an initial solution for the following agents: Agent8(35->34)
 00:03:52 | WARNING! Aborting CBS - could not obtain an initial solution for the following agents: Agent8(35->34)
 00:03:55 | 00:00:57 | 0.06:25:41 |  80.35%  |  8940   |   9010   | 60%  |  210021  |   0    | 170.16MB  
 00:03:56 | WARNING! Aborting CBS - could not obtain an initial solution for the following agents: Agent19(9->8)
 00:03:56 | WARNING! Aborting CBS - could not obtain an initial solution for the following agents: Agent9(57->56)
 00:03:59 | WARNING! Aborting CBS - could not obtain an initial solution for the following agents: Agent30(41->40)
 00:04:00 | 00:00:50 | 0.06:36:29 |  82.60%  |  9192   |   9263   | 60%  |  215694  |   0    | 170.75MB  
 00:04:02 | WARNING! Aborting CBS - could not obtain an initial solution for the following agents: Agent27(9->1)
 00:04:02 | WARNING! Aborting CBS - could not obtain an initial solution for the following agents: Agent27(9->1)
 00:04:05 | 00:00:43 | 0.06:48:03 |  85.01%  |  9462   |   9534   | 60%  |  222003  |   0    | 170.79MB  
 00:04:09 | WARNING! Aborting CBS - could not obtain an initial solution for the following agents: Agent19(3->1)
 00:04:09 | WARNING! Aborting CBS - could not obtain an initial solution for the following agents: Agent19(3->2)
 00:04:09 | WARNING! Aborting CBS - could not obtain an initial solution for the following agents: Agent19(3->2)
 00:04:10 | 00:00:37 | 0.06:57:01 |  86.88%  |  9666   |   9745   | 60%  |  227085  |   0    | 170.39MB  
 00:04:10 | WARNING! Aborting CBS - could not obtain an initial solution for the following agents: Agent5(58->57)
 00:04:10 | WARNING! Aborting CBS - could not obtain an initial solution for the following agents: Agent5(58->57)
 00:04:10 | WARNING! Aborting CBS - could not obtain an initial solution for the following agents: Agent5(58->57)
 00:04:11 | WARNING! Aborting CBS - could not obtain an initial solution for the following agents: Agent1(3->2)
 00:04:12 | WARNING! Aborting CBS - could not obtain an initial solution for the following agents: Agent25(9->8)
 00:04:12 | WARNING! Aborting CBS - could not obtain an initial solution for the following agents: Agent25(9->8)
 00:04:13 | WARNING! Aborting CBS - could not obtain an initial solution for the following agents: Agent10(41->40)
 00:04:13 | WARNING! Aborting CBS - could not obtain an initial solution for the following agents: Agent10(41->40)
 00:04:15 | 00:00:29 | 0.07:09:53 |  89.56%  |  9967   |  10046   | 60%  |  234148  |   0    | 170.61MB  
 00:04:19 | WARNING! Aborting CBS - could not obtain an initial solution for the following agents: Agent11(25->24)
 00:04:20 | 00:00:24 | 0.07:17:57 |  91.24%  |  10153  |  10234   | 60%  |  238850  |   0    | 171.34MB  
 00:04:20 | WARNING! Aborting CBS - could not obtain an initial solution for the following agents: Agent7(57->56)
 00:04:20 | WARNING! Aborting CBS - could not obtain an initial solution for the following agents: Agent7(57->56)
 00:04:20 | WARNING! Aborting CBS - could not obtain an initial solution for the following agents: Agent7(57->56)
 00:04:20 | WARNING! Aborting CBS - could not obtain an initial solution for the following agents: Agent9(57->56)
 00:04:21 | WARNING! Aborting CBS - could not obtain an initial solution for the following agents: Agent30(41->40)
 00:04:24 | WARNING! Aborting CBS - could not obtain an initial solution for the following agents: Agent29(58->57)
 00:04:24 | WARNING! Aborting CBS - could not obtain an initial solution for the following agents: Agent29(58->57)
 00:04:24 | WARNING! Aborting CBS - could not obtain an initial solution for the following agents: Agent29(58->57)
 00:04:24 | WARNING! Aborting CBS - could not obtain an initial solution for the following agents: Agent5(57->56)
 00:04:25 | 00:00:21 | 0.07:23:17 |  92.35%  |  10277  |  10359   | 60%  |  241905  |   0    | 172.68MB  
 00:04:26 | WARNING! Aborting CBS - could not obtain an initial solution for the following agents: Agent27(9->8)
 00:04:26 | WARNING! Aborting CBS - could not obtain an initial solution for the following agents: Agent27(9->8)
 00:04:27 | WARNING! Aborting CBS - could not obtain an initial solution for the following agents: Agent14(9->8)
 00:04:28 | WARNING! Aborting CBS - could not obtain an initial solution for the following agents: Agent8(41->40)
 00:04:29 | WARNING! Aborting CBS - could not obtain an initial solution for the following agents: Agent26(25->24)
 00:04:30 | 00:00:15 | 0.07:34:20 |  94.65%  |  10536  |  10618   | 60%  |  247851  |   0    | 171.12MB  
 00:04:30 | WARNING! Aborting CBS - could not obtain an initial solution for the following agents: Agent7(56->55)
 00:04:32 | WARNING! Aborting CBS - could not obtain an initial solution for the following agents: Agent24(25->24)
 00:04:32 | WARNING! Aborting CBS - could not obtain an initial solution for the following agents: Agent24(25->24)
 00:04:32 | WARNING! Aborting CBS - could not obtain an initial solution for the following agents: Agent24(25->24)
 00:04:33 | WARNING! Aborting CBS - could not obtain an initial solution for the following agents: Agent4(9->1)
 00:04:33 | WARNING! Aborting CBS - could not obtain an initial solution for the following agents: Agent4(9->1)
 00:04:33 | WARNING! Aborting CBS - could not obtain an initial solution for the following agents: Agent4(9->2)
 00:04:33 | WARNING! Aborting CBS - could not obtain an initial solution for the following agents: Agent4(9->2)
 00:04:33 | WARNING! Aborting CBS - could not obtain an initial solution for the following agents: Agent4(9->3)
 00:04:35 | 00:00:09 | 0.07:44:41 |  96.81%  |  10776  |  10862   | 60%  |  253619  |   0    | 171.52MB  
 00:04:36 | WARNING! Aborting CBS - could not obtain an initial solution for the following agents: Agent28(40->33)
 00:04:36 | WARNING! Aborting CBS - could not obtain an initial solution for the following agents: Agent28(40->33)
 00:04:36 | WARNING! Aborting CBS - could not obtain an initial solution for the following agents: Agent28(40->35)
 00:04:40 | 00:00:05 | 0.07:50:31 |  98.03%  |  10909  |  10998   | 60%  |  256872  |   0    | 172.09MB  
 00:04:40 | WARNING! Aborting CBS - could not obtain an initial solution for the following agents: Agent5(56->49)
 00:04:40 | WARNING! Aborting CBS - could not obtain an initial solution for the following agents: Agent5(56->49)
 00:04:40 | WARNING! Aborting CBS - could not obtain an initial solution for the following agents: Agent5(56->49)
 00:04:40 | WARNING! Aborting CBS - could not obtain an initial solution for the following agents: Agent5(56->50)
 00:04:41 | WARNING! Aborting CBS - could not obtain an initial solution for the following agents: Agent5(56->55)
 00:04:42 | WARNING! Aborting CBS - could not obtain an initial solution for the following agents: Agent28(41->40)
 00:04:42 | WARNING! Aborting CBS - could not obtain an initial solution for the following agents: Agent28(41->40)
 00:04:43 | WARNING! Aborting CBS - could not obtain an initial solution for the following agents: Agent29(56->55)
 00:04:43 | WARNING! Aborting CBS - could not obtain an initial solution for the following agents: Agent1(3->1)
 00:04:43 | WARNING! Aborting CBS - could not obtain an initial solution for the following agents: Agent1(3->1)
 00:04:43 | WARNING! Aborting CBS - could not obtain an initial solution for the following agents: Agent1(3->2)
 00:04:43 | WARNING! Aborting CBS - could not obtain an initial solution for the following agents: Agent1(3->2)
 00:04:43 | WARNING! Aborting CBS - could not obtain an initial solution for the following agents: Agent1(3->2)
 00:04:44 | 00:00:00 | 0.08:00:00 | 100.00%  |  11130  |  11220   | 60%  |  262350  |   0    | 170.96MB  
 00:04:44 | >>> Simulation finished - writing results ...
 00:04:45 | >>> Results written
Simulation finished.
>>> Timings
StatTimingPathPlanningAverage: 0.014112466489932548
StatTimingPathPlanningOverall: 223.58380660000137
StatTimingPathPlanningCount: 15843
StatTimingTaskAllocationAverage: 0.0015027758308157
StatTimingTaskAllocationOverall: 22.881264799999848
StatTimingTaskAllocationCount: 15226
StatTimingItemStorageAverage: 3.380786767992964E-06
StatTimingItemStorageOverall: 0.0378141000000013
StatTimingItemStorageCount: 11185
StatTimingPodStorageAverage: 0.0019524404131697815
StatTimingPodStorageOverall: 6.048660399999983
StatTimingPodStorageCount: 3098
StatTimingReplenishmentBatchingAverage: 8.064782867340854E-06
StatTimingReplenishmentBatchingOverall: 0.09489829999999982
StatTimingReplenishmentBatchingCount: 11767
StatTimingOrderBatchingAverage: 0.0001087668978767752
StatTimingOrderBatchingOverall: 3.340013900000013
StatTimingOrderBatchingCount: 30708
>>> Overall
StatOverallBundlesPlaced: 15169
StatOverallItemsOrdered: 11174
StatOverallOrdersPlaced: 11174
StatOverallBundlesRejected: 0
StatOverallOrdersRejected: 0
StatOverallBundlesHandled: 11220
StatOverallItemsHandled: 11134
StatOverallLinesHandled: 11134
StatOverallOrdersHandled: 11130
StatOverallCollisions: 0
StatOverallDistanceTraveled: 262349.9332894444
StatOverallDistanceEstimated: 241480
StatOverallAssignedTasks: 15226
StatMaxMemoryUsed: 173.31640625
StatRealTimeUsed: 284.9608565
StatAverageTurnoverTime: 368.4029922157223
StatMedianTurnoverTime: 218.09676765098266
StatLowerQuartileTurnoverTime: 123.5641670683799
StatUpperQuartileTurnoverTime: 496.80770636853777
StatAverageThroughputTime: 114.42825066573137
StatMedianThroughputTime: 120.80206287200554
StatLowerQuartileThroughputTime: 80.9942174568132
StatUpperQuartileThroughputTime: 141.92917187002968
>>> Energy (Rizqi model)
StatEnergyTotalKJ: 19540.868060497865
StatEnergyE1AccelKJ: 5485.306460749983
StatEnergyE2DecelKJ: 0
StatEnergyE3CruiseKJ: 9892.263766000005
StatEnergyE4RotationKJ: 3328.848215970028
StatEnergyE5LiftLowerKJ: 834.4496177777781
StatEnergyPerOrderKJ: 1.7556934465856124
StatEnergyPerMeterJoule: 74.46494724235802
StatDistanceTraveledRizqiM: 262417
>>> Motion Behavior
StatTurningCount: 32859
StatStopAndGoCount: 44573
StatLoadedDistanceM: 178201
StatLoadedTurningCount: 24229
StatWaitTimeSec: 375438.243130589

Marked tag finished after 1 tries!
.Fin. - SUCCESS
