<<< Welcome to the RAWSimO CLI >>>
The time is: 04/14/2026 14:20:42
Starting RAWSimO wrapper with the following arguments:
Instance: Material/Instances/PP/1-4-4-32-550.xinst
Setting: Material/Instances/PP/PPMinimal.xsett
ControlConfig: Material/Instances/PP/aesop-cbs.xconf
StatisticsDir: C:\Users\Aesop\Desktop\rawsim-o-rmfs-world-models\output_pref\seed_16
Seed: 16
Adding handler for unhandled exceptions ...
Initializing ... 
Instance recognized!
Parsing setting config ...
Parsing control config ...
Parsing instance ...
StatisticsFolder: 1-4-4-32-550-PPMinimal-aesop-cbs-16
Done!
Executing ... 
 14:20:45 | >>> Warming up ...
 00:00:00 | >>> Warmup finished - starting simulation ...
 Realtime |   ETA    |  Sim.Time  | Progress | #Orders | #Bundles | Inv. | Distance | #Coll. |   Memory    
 00:00:00 |   n/a    | 0.00:00:00 |  0.00%   |    0    |    0     | 60%  |    0     |   0    | 124.99MB  
 00:00:05 | 05:41:14 | 0.00:00:07 |  0.02%   |    0    |    0     | 60%  |   129    |   0    | 133.49MB  
 00:00:10 | 02:15:25 | 0.00:00:35 |  0.12%   |    0    |    0     | 60%  |   821    |   0    | 144.34MB  
 00:00:15 | 02:51:29 | 0.00:00:41 |  0.15%   |    0    |    0     | 60%  |   949    |   0    | 152.86MB  
 00:00:20 | 03:09:17 | 0.00:00:50 |  0.18%   |    2    |    0     | 60%  |   1142   |   0    | 156.87MB  
 00:00:25 | 03:34:41 | 0.00:00:55 |  0.19%   |    3    |    0     | 60%  |   1240   |   0    | 164.31MB  
 00:00:30 | 03:59:42 | 0.00:00:59 |  0.21%   |    4    |    0     | 60%  |   1325   |   0    | 166.46MB  
 00:00:32 | WARNING! Aborting CBS - could not obtain an initial solution for the following agents: Agent8(41->32)
 00:00:32 | WARNING! Aborting CBS - could not obtain an initial solution for the following agents: Agent8(41->32)
 00:00:32 | WARNING! Aborting CBS - could not obtain an initial solution for the following agents: Agent8(41->34)
 00:00:35 | 00:51:22 | 0.00:05:23 |  1.12%   |   105   |    98    | 60%  |   2993   |   0    | 169.31MB  
 00:00:40 | 00:30:55 | 0.00:10:07 |  2.11%   |   214   |   209    | 60%  |   5255   |   0    | 169.12MB  
 00:00:40 | WARNING! Aborting CBS - could not obtain an initial solution for the following agents: Agent14(9->8)
 00:00:40 | WARNING! Aborting CBS - could not obtain an initial solution for the following agents: Agent14(9->8)
 00:00:42 | WARNING! Aborting CBS - could not obtain an initial solution for the following agents: Agent26(25->24)
 00:00:43 | WARNING! Aborting CBS - could not obtain an initial solution for the following agents: Agent21(41->40)
 00:00:43 | WARNING! Aborting CBS - could not obtain an initial solution for the following agents: Agent21(41->40)
 00:00:43 | WARNING! Aborting CBS - could not obtain an initial solution for the following agents: Agent21(41->40)
 00:00:43 | WARNING! Aborting CBS - could not obtain an initial solution for the following agents: Agent14(9->8)
 00:00:43 | WARNING! Aborting CBS - could not obtain an initial solution for the following agents: Agent14(9->8)
 00:00:44 | WARNING! Aborting CBS - could not obtain an initial solution for the following agents: Agent29(58->57)
 00:00:44 | WARNING! Aborting CBS - could not obtain an initial solution for the following agents: Agent29(58->57)
 00:00:45 | 00:20:11 | 0.00:17:11 |  3.58%   |   381   |   375    | 60%  |   8506   |   0    | 170.30MB  
 00:00:48 | WARNING! Aborting CBS - could not obtain an initial solution for the following agents: Agent27(9->8)
 00:00:50 | 00:15:12 | 0.00:24:56 |  5.20%   |   564   |   556    | 60%  |  12290   |   0    | 170.46MB  
 00:00:53 | WARNING! Aborting CBS - could not obtain an initial solution for the following agents: Agent30(40->39)
 00:00:53 | WARNING! Aborting CBS - could not obtain an initial solution for the following agents: Agent30(40->39)
 00:00:55 | 00:12:52 | 0.00:31:54 |  6.65%   |   729   |   719    | 60%  |  15493   |   0    | 168.93MB  
 00:00:59 | WARNING! Aborting CBS - could not obtain an initial solution for the following agents: Agent28(41->40)
 00:00:59 | WARNING! Aborting CBS - could not obtain an initial solution for the following agents: Agent28(41->40)
 00:01:00 | 00:10:40 | 0.00:41:09 |  8.57%   |   945   |   935    | 60%  |  20204   |   0    | 168.34MB  
 00:01:04 | WARNING! Aborting CBS - could not obtain an initial solution for the following agents: Agent26(25->17)
 00:01:05 | 00:08:46 | 0.00:52:44 |  10.99%  |  1219   |   1205   | 60%  |  25976   |   0    | 169.36MB  
 00:01:05 | WARNING! Aborting CBS - could not obtain an initial solution for the following agents: Agent21(41->40)
 00:01:08 | WARNING! Aborting CBS - could not obtain an initial solution for the following agents: Agent14(9->8)
 00:01:10 | 00:08:03 | 0.01:00:40 |  12.64%  |  1407   |   1392   | 60%  |  30096   |   0    | 169.24MB  
 00:01:11 | WARNING! Aborting CBS - could not obtain an initial solution for the following agents: Agent19(9->8)
 00:01:11 | WARNING! Aborting CBS - could not obtain an initial solution for the following agents: Agent19(9->8)
 00:01:14 | WARNING! Aborting CBS - could not obtain an initial solution for the following agents: Agent14(2->1)
 00:01:15 | 00:07:11 | 0.01:11:04 |  14.81%  |  1651   |   1634   | 60%  |  35341   |   0    | 170.61MB  
 00:01:20 | 00:06:36 | 0.01:20:37 |  16.80%  |  1873   |   1859   | 60%  |  40483   |   0    | 169.39MB  
 00:01:20 | WARNING! Aborting CBS - could not obtain an initial solution for the following agents: Agent2(24->23),Agent7(57->56)
 00:01:24 | WARNING! Aborting CBS - could not obtain an initial solution for the following agents: Agent10(41->40)
 00:01:25 | 00:06:11 | 0.01:29:19 |  18.61%  |  2074   |   2063   | 60%  |  45483   |   0    | 169.40MB  
 00:01:30 | 00:05:40 | 0.01:40:21 |  20.91%  |  2333   |   2320   | 60%  |  51438   |   0    | 168.96MB  
 00:01:30 | WARNING! Aborting CBS - could not obtain an initial solution for the following agents: Agent10(41->40)
 00:01:31 | WARNING! Aborting CBS - could not obtain an initial solution for the following agents: Agent30(40->38)
 00:01:31 | WARNING! Aborting CBS - could not obtain an initial solution for the following agents: Agent30(40->39)
 00:01:31 | WARNING! Aborting CBS - could not obtain an initial solution for the following agents: Agent30(40->39)
 00:01:31 | WARNING! Aborting CBS - could not obtain an initial solution for the following agents: Agent29(57->56)
 00:01:32 | WARNING! Aborting CBS - could not obtain an initial solution for the following agents: Agent2(25->24)
 00:01:32 | WARNING! Aborting CBS - could not obtain an initial solution for the following agents: Agent21(41->40)
 00:01:32 | WARNING! Aborting CBS - could not obtain an initial solution for the following agents: Agent21(41->40)
 00:01:34 | WARNING! Aborting CBS - could not obtain an initial solution for the following agents: Agent24(25->24)
 00:01:35 | 00:05:20 | 0.01:49:41 |  22.85%  |  2549   |   2539   | 60%  |  56704   |   0    | 169.79MB  
 00:01:36 | WARNING! Aborting CBS - could not obtain an initial solution for the following agents: Agent14(9->8)
 00:01:36 | WARNING! Aborting CBS - could not obtain an initial solution for the following agents: Agent14(9->8)
 00:01:40 | 00:04:58 | 0.02:00:24 |  25.09%  |  2801   |   2788   | 60%  |  62395   |   0    | 170.06MB  
 00:01:45 | 00:04:47 | 0.02:08:27 |  26.76%  |  2985   |   2975   | 60%  |  67166   |   0    | 172.35MB  
 00:01:50 | 00:04:37 | 0.02:16:12 |  28.38%  |  3166   |   3154   | 60%  |  71163   |   0    | 170.20MB  
 00:01:52 | WARNING! Aborting CBS - could not obtain an initial solution for the following agents: Agent21(41->40)
 00:01:53 | WARNING! Aborting CBS - could not obtain an initial solution for the following agents: Agent27(3->1)
 00:01:53 | WARNING! Aborting CBS - could not obtain an initial solution for the following agents: Agent27(3->2)
 00:01:53 | WARNING! Aborting CBS - could not obtain an initial solution for the following agents: Agent27(3->2)
 00:01:53 | WARNING! Aborting CBS - could not obtain an initial solution for the following agents: Agent0(25->24)
 00:01:55 | 00:04:25 | 0.02:25:12 |  30.25%  |  3379   |   3366   | 60%  |  76411   |   0    | 170.69MB  
 00:01:55 | WARNING! Aborting CBS - could not obtain an initial solution for the following agents: Agent5(57->56)
 00:02:00 | 00:04:22 | 0.02:30:46 |  31.41%  |  3508   |   3496   | 60%  |  79290   |   0    | 172.21MB  
 00:02:00 | WARNING! Aborting CBS - could not obtain an initial solution for the following agents: Agent30(42->34)
 00:02:00 | WARNING! Aborting CBS - could not obtain an initial solution for the following agents: Agent30(42->34)
 00:02:00 | WARNING! Aborting CBS - could not obtain an initial solution for the following agents: Agent30(42->34)
 00:02:02 | WARNING! Aborting CBS - could not obtain an initial solution for the following agents: Agent1(9->8)
 00:02:02 | WARNING! Aborting CBS - could not obtain an initial solution for the following agents: Agent1(9->8)
 00:02:02 | WARNING! Aborting CBS - could not obtain an initial solution for the following agents: Agent10(41->40)
 00:02:03 | WARNING! Aborting CBS - could not obtain an initial solution for the following agents: Agent4(3->1)
 00:02:03 | WARNING! Aborting CBS - could not obtain an initial solution for the following agents: Agent4(3->2)
 00:02:03 | WARNING! Aborting CBS - could not obtain an initial solution for the following agents: Agent4(3->2)
 00:02:03 | WARNING! Aborting CBS - could not obtain an initial solution for the following agents: Agent4(3->2)
 00:02:03 | WARNING! Aborting CBS - could not obtain an initial solution for the following agents: Agent10(41->40)
 00:02:04 | WARNING! Aborting CBS - could not obtain an initial solution for the following agents: Agent25(9->6)
 00:02:04 | WARNING! Aborting CBS - could not obtain an initial solution for the following agents: Agent25(9->6)
 00:02:04 | WARNING! Aborting CBS - could not obtain an initial solution for the following agents: Agent25(9->6)
 00:02:05 | 00:04:11 | 0.02:39:10 |  33.16%  |  3700   |   3693   | 60%  |  84348   |   0    | 170.99MB  
 00:02:06 | WARNING! Aborting CBS - could not obtain an initial solution for the following agents: Agent14(3->1)
 00:02:06 | WARNING! Aborting CBS - could not obtain an initial solution for the following agents: Agent14(3->1)
 00:02:06 | WARNING! Aborting CBS - could not obtain an initial solution for the following agents: Agent14(3->1)
 00:02:06 | WARNING! Aborting CBS - could not obtain an initial solution for the following agents: Agent14(3->2)
 00:02:06 | WARNING! Aborting CBS - could not obtain an initial solution for the following agents: Agent14(3->2)
 00:02:06 | WARNING! Aborting CBS - could not obtain an initial solution for the following agents: Agent14(3->2)
 00:02:07 | WARNING! Aborting CBS - could not obtain an initial solution for the following agents: Agent8(41->40)
 00:02:07 | WARNING! Aborting CBS - could not obtain an initial solution for the following agents: Agent8(41->40)
 00:02:10 | 00:03:59 | 0.02:48:59 |  35.21%  |  3929   |   3924   | 60%  |  89792   |   0    | 170.81MB  
 00:02:11 | WARNING! Aborting CBS - could not obtain an initial solution for the following agents: Agent9(57->56)
 00:02:13 | WARNING! Aborting CBS - could not obtain an initial solution for the following agents: Agent25(9->8)
 00:02:13 | WARNING! Aborting CBS - could not obtain an initial solution for the following agents: Agent14(3->1)
 00:02:13 | WARNING! Aborting CBS - could not obtain an initial solution for the following agents: Agent14(3->1)
 00:02:13 | WARNING! Aborting CBS - could not obtain an initial solution for the following agents: Agent14(3->2)
 00:02:13 | WARNING! Aborting CBS - could not obtain an initial solution for the following agents: Agent14(3->2)
 00:02:13 | WARNING! Aborting CBS - could not obtain an initial solution for the following agents: Agent14(3->2)
 00:02:15 | 00:03:47 | 0.02:58:53 |  37.27%  |  4157   |   4154   | 60%  |  95453   |   0    | 172.57MB  
 00:02:17 | WARNING! Aborting CBS - could not obtain an initial solution for the following agents: Agent21(41->40)
 00:02:17 | WARNING! Aborting CBS - could not obtain an initial solution for the following agents: Agent21(41->40)
 00:02:19 | WARNING! Aborting CBS - could not obtain an initial solution for the following agents: Agent11(25->24)
 00:02:20 | 00:03:38 | 0.03:07:14 |  39.01%  |  4351   |   4352   | 60%  |  100482  |   0    | 172.05MB  
 00:02:22 | WARNING! Aborting CBS - could not obtain an initial solution for the following agents: Agent10(40->39)
 00:02:25 | 00:03:28 | 0.03:16:49 |  41.01%  |  4575   |   4575   | 60%  |  105505  |   0    | 171.41MB  
 00:02:30 | 00:03:19 | 0.03:25:46 |  42.87%  |  4783   |   4784   | 60%  |  110170  |   0    | 171.41MB  
 00:02:31 | WARNING! Aborting CBS - could not obtain an initial solution for the following agents: Agent7(57->56)
 00:02:31 | WARNING! Aborting CBS - could not obtain an initial solution for the following agents: Agent7(57->56)
 00:02:33 | WARNING! Aborting CBS - could not obtain an initial solution for the following agents: Agent8(41->34)
 00:02:35 | 00:03:11 | 0.03:34:47 |  44.75%  |  4992   |   4996   | 60%  |  115216  |   0    | 172.80MB  
 00:02:36 | WARNING! Aborting CBS - could not obtain an initial solution for the following agents: Agent21(41->40)
 00:02:36 | WARNING! Aborting CBS - could not obtain an initial solution for the following agents: Agent1(9->8)
 00:02:36 | WARNING! Aborting CBS - could not obtain an initial solution for the following agents: Agent1(9->8)
 00:02:37 | WARNING! Aborting CBS - could not obtain an initial solution for the following agents: Agent4(9->8)
 00:02:37 | WARNING! Aborting CBS - could not obtain an initial solution for the following agents: Agent4(9->8)
 00:02:37 | WARNING! Aborting CBS - could not obtain an initial solution for the following agents: Agent19(9->8)
 00:02:37 | WARNING! Aborting CBS - could not obtain an initial solution for the following agents: Agent19(9->8)
 00:02:39 | WARNING! Aborting CBS - could not obtain an initial solution for the following agents: Agent9(57->56)
 00:02:40 | 00:02:57 | 0.03:47:29 |  47.39%  |  5290   |   5292   | 60%  |  121760  |   0    | 171.64MB  
 00:02:40 | WARNING! Aborting CBS - could not obtain an initial solution for the following agents: Agent7(57->56)
 00:02:43 | WARNING! Aborting CBS - could not obtain an initial solution for the following agents: Agent5(51->49)
 00:02:43 | WARNING! Aborting CBS - could not obtain an initial solution for the following agents: Agent5(51->50)
 00:02:43 | WARNING! Aborting CBS - could not obtain an initial solution for the following agents: Agent5(51->50)
 00:02:45 | 00:02:46 | 0.03:58:38 |  49.72%  |  5550   |   5553   | 60%  |  127736  |   0    | 171.37MB  
 00:02:45 | WARNING! Aborting CBS - could not obtain an initial solution for the following agents: Agent8(41->40)
 00:02:46 | WARNING! Aborting CBS - could not obtain an initial solution for the following agents: Agent0(24->17)
 00:02:50 | 00:02:38 | 0.04:08:39 |  51.80%  |  5783   |   5788   | 60%  |  132755  |   0    | 171.79MB  
 00:02:52 | WARNING! Aborting CBS - could not obtain an initial solution for the following agents: Agent16(56->55)
 00:02:53 | WARNING! Aborting CBS - could not obtain an initial solution for the following agents: Agent5(57->56)
 00:02:54 | WARNING! Aborting CBS - could not obtain an initial solution for the following agents: Agent1(9->8)
 00:02:55 | 00:02:29 | 0.04:18:51 |  53.93%  |  6021   |   6028   | 60%  |  138187  |   0    | 171.61MB  
 00:02:55 | WARNING! Aborting CBS - could not obtain an initial solution for the following agents: Agent19(9->8)
 00:02:55 | WARNING! Aborting CBS - could not obtain an initial solution for the following agents: Agent19(9->8)
 00:03:00 | 00:02:26 | 0.04:24:59 |  55.21%  |  6164   |   6171   | 60%  |  141930  |   0    | 173.50MB  
 00:03:00 | WARNING! Aborting CBS - could not obtain an initial solution for the following agents: Agent26(24->17)
 00:03:00 | WARNING! Aborting CBS - could not obtain an initial solution for the following agents: Agent26(24->17)
 00:03:00 | WARNING! Aborting CBS - could not obtain an initial solution for the following agents: Agent26(24->17)
 00:03:00 | WARNING! Aborting CBS - could not obtain an initial solution for the following agents: Agent26(24->18)
 00:03:04 | WARNING! Aborting CBS - could not obtain an initial solution for the following agents: Agent0(25->24)
 00:03:05 | 00:02:17 | 0.04:35:04 |  57.31%  |  6398   |   6408   | 60%  |  147514  |   0    | 172.98MB  
 00:03:06 | WARNING! Aborting CBS - could not obtain an initial solution for the following agents: Agent11(25->24)
 00:03:07 | WARNING! Aborting CBS - could not obtain an initial solution for the following agents: Agent16(57->56)
 00:03:10 | 00:02:08 | 0.04:46:05 |  59.60%  |  6657   |   6667   | 60%  |  153631  |   0    | 172.74MB  
 00:03:10 | WARNING! Aborting CBS - could not obtain an initial solution for the following agents: Agent2(19->17)
 00:03:13 | WARNING! Aborting CBS - could not obtain an initial solution for the following agents: Agent26(24->23)
 00:03:15 | 00:02:00 | 0.04:56:26 |  61.76%  |  6894   |   6909   | 60%  |  159350  |   0    | 173.24MB  
 00:03:17 | WARNING! Aborting CBS - could not obtain an initial solution for the following agents: Agent26(25->24)
 00:03:17 | WARNING! Aborting CBS - could not obtain an initial solution for the following agents: Agent26(25->24)
 00:03:17 | WARNING! Aborting CBS - could not obtain an initial solution for the following agents: Agent26(25->24)
 00:03:19 | WARNING! Aborting CBS - could not obtain an initial solution for the following agents: Agent28(41->34)
 00:03:19 | WARNING! Aborting CBS - could not obtain an initial solution for the following agents: Agent19(8->1)
 00:03:20 | 00:01:53 | 0.05:06:02 |  63.76%  |  7118   |   7135   | 60%  |  164688  |   0    | 172.68MB  
 00:03:22 | WARNING! Aborting CBS - could not obtain an initial solution for the following agents: Agent25(3->2)
 00:03:24 | WARNING! Aborting CBS - could not obtain an initial solution for the following agents: Agent9(57->56)
 00:03:24 | WARNING! Aborting CBS - could not obtain an initial solution for the following agents: Agent9(57->56)
 00:03:24 | WARNING! Aborting CBS - could not obtain an initial solution for the following agents: Agent19(8->1)
 00:03:24 | WARNING! Aborting CBS - could not obtain an initial solution for the following agents: Agent19(8->2)
 00:03:25 | 00:01:47 | 0.05:14:41 |  65.56%  |  7318   |   7336   | 60%  |  169508  |   0    | 172.67MB  
 00:03:29 | WARNING! Aborting CBS - could not obtain an initial solution for the following agents: Agent25(9->8)
 00:03:30 | 00:01:41 | 0.05:23:53 |  67.48%  |  7535   |   7553   | 60%  |  174538  |   0    | 173.11MB  
 00:03:30 | WARNING! Aborting CBS - could not obtain an initial solution for the following agents: Agent11(25->24)
 00:03:30 | WARNING! Aborting CBS - could not obtain an initial solution for the following agents: Agent11(25->24)
 00:03:35 | 00:01:38 | 0.05:29:11 |  68.58%  |  7654   |   7677   | 60%  |  177409  |   0    | 173.88MB  
 00:03:40 | 00:01:31 | 0.05:39:14 |  70.67%  |  7885   |   7911   | 60%  |  182801  |   0    | 172.76MB  
 00:03:40 | WARNING! Aborting CBS - could not obtain an initial solution for the following agents: Agent19(8->7)
 00:03:40 | WARNING! Aborting CBS - could not obtain an initial solution for the following agents: Agent19(8->7)
 00:03:40 | WARNING! Aborting CBS - could not obtain an initial solution for the following agents: Agent24(24->17)
 00:03:45 | 00:01:20 | 0.05:53:08 |  73.57%  |  8211   |   8239   | 60%  |  189948  |   0    | 173.10MB  
 00:03:47 | WARNING! Aborting CBS - could not obtain an initial solution for the following agents: Agent1(9->8)
 00:03:47 | WARNING! Aborting CBS - could not obtain an initial solution for the following agents: Agent1(9->8)
 00:03:50 | 00:01:13 | 0.06:03:22 |  75.70%  |  8449   |   8478   | 60%  |  195767  |   0    | 173.77MB  
 00:03:54 | WARNING! Aborting CBS - could not obtain an initial solution for the following agents: Agent30(41->40)
 00:03:55 | 00:01:07 | 0.06:13:21 |  77.78%  |  8683   |   8713   | 60%  |  201468  |   0    | 173.48MB  
 00:03:59 | WARNING! Aborting CBS - could not obtain an initial solution for the following agents: Agent9(57->56)
 00:03:59 | WARNING! Aborting CBS - could not obtain an initial solution for the following agents: Agent9(57->56)
 00:04:00 | 00:01:04 | 0.06:18:53 |  78.93%  |  8812   |   8841   | 60%  |  204248  |   0    | 174.11MB  
 00:04:02 | WARNING! Aborting CBS - could not obtain an initial solution for the following agents: Agent7(57->56)
 00:04:05 | 00:00:55 | 0.06:31:12 |  81.50%  |  9099   |   9131   | 60%  |  210791  |   0    | 174.18MB  
 00:04:10 | 00:00:49 | 0.06:41:10 |  83.58%  |  9323   |   9364   | 60%  |  216365  |   0    | 173.97MB  
 00:04:11 | WARNING! Aborting CBS - could not obtain an initial solution for the following agents: Agent16(57->56)
 00:04:11 | WARNING! Aborting CBS - could not obtain an initial solution for the following agents: Agent28(41->40)
 00:04:14 | WARNING! Aborting CBS - could not obtain an initial solution for the following agents: Agent5(57->56)
 00:04:14 | WARNING! Aborting CBS - could not obtain an initial solution for the following agents: Agent25(9->8)
 00:04:15 | 00:00:43 | 0.06:50:07 |  85.44%  |  9528   |   9574   | 60%  |  221414  |   0    | 173.90MB  
 00:04:17 | WARNING! Aborting CBS - could not obtain an initial solution for the following agents: Agent4(8->2)
 00:04:18 | WARNING! Aborting CBS - could not obtain an initial solution for the following agents: Agent1(3->1)
 00:04:20 | 00:00:37 | 0.06:59:01 |  87.30%  |  9734   |   9783   | 60%  |  226235  |   0    | 174.06MB  
 00:04:20 | WARNING! Aborting CBS - could not obtain an initial solution for the following agents: Agent21(41->40)
 00:04:20 | WARNING! Aborting CBS - could not obtain an initial solution for the following agents: Agent10(42->41)
 00:04:21 | WARNING! Aborting CBS - could not obtain an initial solution for the following agents: Agent29(57->56)
 00:04:24 | WARNING! Aborting CBS - could not obtain an initial solution for the following agents: Agent9(57->56)
 00:04:25 | 00:00:31 | 0.07:08:24 |  89.25%  |  9950   |  10001   | 60%  |  231751  |   0    | 174.36MB  
 00:04:25 | WARNING! Aborting CBS - could not obtain an initial solution for the following agents: Agent30(41->40)
 00:04:25 | WARNING! Aborting CBS - could not obtain an initial solution for the following agents: Agent16(57->56)
 00:04:25 | WARNING! Aborting CBS - could not obtain an initial solution for the following agents: Agent14(8->2)
 00:04:27 | WARNING! Aborting CBS - could not obtain an initial solution for the following agents: Agent1(9->2)
 00:04:27 | WARNING! Aborting CBS - could not obtain an initial solution for the following agents: Agent21(41->40)
 00:04:27 | WARNING! Aborting CBS - could not obtain an initial solution for the following agents: Agent21(41->40)
 00:04:27 | WARNING! Aborting CBS - could not obtain an initial solution for the following agents: Agent16(57->56)
 00:04:30 | 00:00:26 | 0.07:16:37 |  90.96%  |  10140  |  10194   | 60%  |  236657  |   0    | 174.52MB  
 00:04:34 | WARNING! Aborting CBS - could not obtain an initial solution for the following agents: Agent5(58->57)
 00:04:35 | 00:00:20 | 0.07:27:00 |  93.13%  |  10383  |  10438   | 60%  |  241886  |   0    | 174.27MB  
 00:04:36 | WARNING! Aborting CBS - could not obtain an initial solution for the following agents: Agent10(41->40)
 00:04:39 | WARNING! Aborting CBS - could not obtain an initial solution for the following agents: Agent1(3->2)
 00:04:39 | WARNING! Aborting CBS - could not obtain an initial solution for the following agents: Agent1(3->1)
 00:04:39 | WARNING! Aborting CBS - could not obtain an initial solution for the following agents: Agent1(3->2)
 00:04:39 | WARNING! Aborting CBS - could not obtain an initial solution for the following agents: Agent1(3->2)
 00:04:39 | WARNING! Aborting CBS - could not obtain an initial solution for the following agents: Agent1(3->2)
 00:04:40 | 00:00:14 | 0.07:36:41 |  95.14%  |  10607  |  10665   | 60%  |  247359  |   0    | 174.11MB  
 00:04:43 | WARNING! Aborting CBS - could not obtain an initial solution for the following agents: Agent8(41->40)
 00:04:45 | 00:00:11 | 0.07:41:27 |  96.14%  |  10719  |  10777   | 60%  |  250131  |   0    | 174.97MB  
 00:04:47 | WARNING! Aborting CBS - could not obtain an initial solution for the following agents: Agent27(11->10)
 00:04:47 | WARNING! Aborting CBS - could not obtain an initial solution for the following agents: Agent27(11->10)
 00:04:47 | WARNING! Aborting CBS - could not obtain an initial solution for the following agents: Agent27(11->10)
 00:04:47 | WARNING! Aborting CBS - could not obtain an initial solution for the following agents: Agent27(11->10)
 00:04:47 | WARNING! Aborting CBS - could not obtain an initial solution for the following agents: Agent27(11->0)
 00:04:50 | 00:00:05 | 0.07:50:27 |  98.01%  |  10927  |  10988   | 60%  |  254955  |   0    | 174.09MB  
 00:04:53 | WARNING! Aborting CBS - could not obtain an initial solution for the following agents: Agent10(43->42)
 00:04:53 | WARNING! Aborting CBS - could not obtain an initial solution for the following agents: Agent10(43->42)
 00:04:53 | WARNING! Aborting CBS - could not obtain an initial solution for the following agents: Agent10(43->42)
 00:04:53 | WARNING! Aborting CBS - could not obtain an initial solution for the following agents: Agent10(43->42)
 00:04:55 | 00:00:01 | 0.07:58:17 |  99.64%  |  11107  |  11170   | 60%  |  259309  |   0    | 174.35MB  
 00:04:55 | 00:00:00 | 0.08:00:00 | 100.00%  |  11147  |  11211   | 60%  |  260293  |   0    | 173.81MB  
 00:04:55 | >>> Simulation finished - writing results ...
 00:04:56 | >>> Results written
Simulation finished.
>>> Timings
StatTimingPathPlanningAverage: 0.01464601168430333
StatTimingPathPlanningOverall: 232.52008149999966
StatTimingPathPlanningCount: 15876
StatTimingTaskAllocationAverage: 0.0014569859352933567
StatTimingTaskAllocationOverall: 22.696926899999912
StatTimingTaskAllocationCount: 15578
StatTimingItemStorageAverage: 3.639374441465748E-06
StatTimingItemStorageOverall: 0.04072460000000172
StatTimingItemStorageCount: 11190
StatTimingPodStorageAverage: 0.0019239770935157974
StatTimingPodStorageOverall: 5.904685699999982
StatTimingPodStorageCount: 3069
StatTimingReplenishmentBatchingAverage: 8.344431198910074E-06
StatTimingReplenishmentBatchingOverall: 0.0979969999999999
StatTimingReplenishmentBatchingCount: 11744
StatTimingOrderBatchingAverage: 0.00011120984383167809
StatTimingOrderBatchingOverall: 3.4039109000000027
StatTimingOrderBatchingCount: 30608
>>> Overall
StatOverallBundlesPlaced: 15148
StatOverallItemsOrdered: 11191
StatOverallOrdersPlaced: 11191
StatOverallBundlesRejected: 0
StatOverallOrdersRejected: 0
StatOverallBundlesHandled: 11211
StatOverallItemsHandled: 11151
StatOverallLinesHandled: 11151
StatOverallOrdersHandled: 11147
StatOverallCollisions: 0
StatOverallDistanceTraveled: 260293.17334669892
StatOverallDistanceEstimated: 239598
StatOverallAssignedTasks: 15578
StatMaxMemoryUsed: 175.0625
StatRealTimeUsed: 295.7723525
StatAverageTurnoverTime: 366.9698662800712
StatMedianTurnoverTime: 212.54594830174756
StatLowerQuartileTurnoverTime: 122.9528827602735
StatUpperQuartileTurnoverTime: 486.36188407008376
StatAverageThroughputTime: 114.21509138991703
StatMedianThroughputTime: 120.82380229037517
StatLowerQuartileThroughputTime: 80.97122489343019
StatUpperQuartileThroughputTime: 142.01400747277512
>>> Energy (Rizqi model)
StatEnergyTotalKJ: 19926.409676006584
StatEnergyE1AccelKJ: 5453.614772249978
StatEnergyE2DecelKJ: 0
StatEnergyE3CruiseKJ: 9786.871430000007
StatEnergyE4RotationKJ: 3858.832331534331
StatEnergyE5LiftLowerKJ: 827.0911422222225
StatEnergyPerOrderKJ: 1.787602913430213
StatEnergyPerMeterJoule: 76.53259722315435
StatDistanceTraveledRizqiM: 260365
>>> Motion Behavior
StatTurningCount: 32633
StatStopAndGoCount: 44426
StatLoadedDistanceM: 176027
StatLoadedTurningCount: 23987
StatWaitTimeSec: 603631.1231261024
StatMoveEnergyEmptyKJ: 4328.280224999998
StatMoveTimeEmptySec: 83677.76229554937
StatTurnEnergyEmptyKJ: 887.8639342641083
StatTurnTimeEmptySec: 5821.907415690363
StatMoveEnergyLoadedKJ: 10912.205977249983
StatMoveTimeLoadedSec: 205630.72639648803
StatTurnEnergyLoadedKJ: 2970.9683972702455
StatTurnTimeLoadedSec: 15179.761679124762
StatPrefEmptyW: 58.281155406420915
StatPrefLoadedW: 62.87370901406718

Marked tag finished after 1 tries!
.Fin. - SUCCESS
