<<< Welcome to the RAWSimO CLI >>>
The time is: 04/13/2026 23:36:56
Starting RAWSimO wrapper with the following arguments:
Instance: Material/Instances/PP/1-4-4-32-550.xinst
Setting: Material/Instances/PP/PPMinimal.xsett
ControlConfig: Material/Instances/PP/aesop-cbs.xconf
StatisticsDir: output_cbs/
Seed: 42
Adding handler for unhandled exceptions ...
Initializing ... 
Instance recognized!
Parsing setting config ...
Parsing control config ...
Parsing instance ...
StatisticsFolder: 1-4-4-32-550-PPMinimal-aesop-cbs-42
Done!
Executing ... 
 23:36:58 | >>> Warming up ...
 00:00:00 | >>> Warmup finished - starting simulation ...
 Realtime |   ETA    |  Sim.Time  | Progress | #Orders | #Bundles | Inv. | Distance | #Coll. |   Memory    
 00:00:00 |   n/a    | 0.00:00:00 |  0.00%   |    0    |    0     | 60%  |    0     |   0    | 122.96MB  
 00:00:05 | 04:00:05 | 0.00:00:10 |  0.03%   |    0    |    0     | 60%  |   206    |   0    | 133.97MB  
 00:00:10 | 02:11:43 | 0.00:00:36 |  0.13%   |    0    |    0     | 60%  |   839    |   0    | 145.07MB  
 00:00:15 | 02:51:24 | 0.00:00:41 |  0.15%   |    0    |    0     | 60%  |   949    |   0    | 152.48MB  
 00:00:20 | 03:09:04 | 0.00:00:50 |  0.18%   |    2    |    0     | 60%  |   1142   |   0    | 159.30MB  
 00:00:25 | 03:34:34 | 0.00:00:55 |  0.19%   |    3    |    0     | 60%  |   1240   |   0    | 164.68MB  
 00:00:30 | 03:57:03 | 0.00:01:00 |  0.21%   |    4    |    0     | 60%  |   1340   |   0    | 173.23MB  
 00:00:31 | WARNING! Aborting CBS - could not obtain an initial solution for the following agents: Agent8(41->32)
 00:00:31 | WARNING! Aborting CBS - could not obtain an initial solution for the following agents: Agent8(41->32)
 00:00:31 | WARNING! Aborting CBS - could not obtain an initial solution for the following agents: Agent8(41->34)
 00:00:35 | 01:41:31 | 0.00:02:44 |  0.57%   |   43    |    35    | 60%  |   2260   |   0    | 169.84MB  
 00:00:36 | WARNING! Aborting CBS - could not obtain an initial solution for the following agents: Agent8(42->41)
 00:00:37 | WARNING! Aborting CBS - could not obtain an initial solution for the following agents: Agent8(41->40)
 00:00:38 | WARNING! Aborting CBS - could not obtain an initial solution for the following agents: Agent8(41->40)
 00:00:40 | 00:30:17 | 0.00:10:20 |  2.15%   |   223   |   214    | 60%  |   5220   |   0    | 170.99MB  
 00:00:40 | WARNING! Aborting CBS - could not obtain an initial solution for the following agents: Agent24(24->23)
 00:00:43 | WARNING! Aborting CBS - could not obtain an initial solution for the following agents: Agent11(25->24)
 00:00:45 | 00:17:26 | 0.00:19:47 |  4.12%   |   447   |   434    | 60%  |   9345   |   0    | 171.44MB  
 00:00:46 | WARNING! Aborting CBS - could not obtain an initial solution for the following agents: Agent24(25->24)
 00:00:46 | WARNING! Aborting CBS - could not obtain an initial solution for the following agents: Agent24(25->24)
 00:00:50 | 00:12:50 | 0.00:29:15 |  6.10%   |   669   |   657    | 60%  |  13910   |   0    | 170.19MB  
 00:00:50 | WARNING! Aborting CBS - could not obtain an initial solution for the following agents: Agent21(41->40)
 00:00:50 | WARNING! Aborting CBS - could not obtain an initial solution for the following agents: Agent21(41->40)
 00:00:50 | WARNING! Aborting CBS - could not obtain an initial solution for the following agents: Agent19(8->1)
 00:00:50 | WARNING! Aborting CBS - could not obtain an initial solution for the following agents: Agent19(8->2)
 00:00:52 | WARNING! Aborting CBS - could not obtain an initial solution for the following agents: Agent26(24->23)
 00:00:52 | WARNING! Aborting CBS - could not obtain an initial solution for the following agents: Agent26(24->23)
 00:00:52 | WARNING! Aborting CBS - could not obtain an initial solution for the following agents: Agent26(24->23)
 00:00:53 | WARNING! Aborting CBS - could not obtain an initial solution for the following agents: Agent5(57->56)
 00:00:53 | WARNING! Aborting CBS - could not obtain an initial solution for the following agents: Agent0(25->24)
 00:00:53 | WARNING! Aborting CBS - could not obtain an initial solution for the following agents: Agent19(9->1)
 00:00:54 | WARNING! Aborting CBS - could not obtain an initial solution for the following agents: Agent24(24->23)
 00:00:55 | 00:09:48 | 0.00:40:59 |  8.54%   |   944   |   933    | 60%  |  19524   |   0    | 170.30MB  
 00:00:55 | WARNING! Aborting CBS - could not obtain an initial solution for the following agents: Agent19(9->8)
 00:00:55 | WARNING! Aborting CBS - could not obtain an initial solution for the following agents: Agent19(9->8)
 00:00:56 | WARNING! Aborting CBS - could not obtain an initial solution for the following agents: Agent25(3->1)
 00:00:56 | WARNING! Aborting CBS - could not obtain an initial solution for the following agents: Agent25(3->1)
 00:00:56 | WARNING! Aborting CBS - could not obtain an initial solution for the following agents: Agent30(41->34)
 00:00:56 | WARNING! Aborting CBS - could not obtain an initial solution for the following agents: Agent30(41->34)
 00:00:56 | WARNING! Aborting CBS - could not obtain an initial solution for the following agents: Agent29(56->55)
 00:00:58 | WARNING! Aborting CBS - could not obtain an initial solution for the following agents: Agent16(56->55)
 00:00:58 | WARNING! Aborting CBS - could not obtain an initial solution for the following agents: Agent9(57->56)
 00:01:00 | 00:08:22 | 0.00:51:11 |  10.67%  |  1182   |   1171   | 60%  |  24973   |   0    | 171.03MB  
 00:01:00 | WARNING! Aborting CBS - could not obtain an initial solution for the following agents: Agent21(41->40)
 00:01:01 | WARNING! Aborting CBS - could not obtain an initial solution for the following agents: Agent0(25->24)
 00:01:01 | WARNING! Aborting CBS - could not obtain an initial solution for the following agents: Agent0(25->24)
 00:01:02 | WARNING! Aborting CBS - could not obtain an initial solution for the following agents: Agent30(41->40)
 00:01:02 | WARNING! Aborting CBS - could not obtain an initial solution for the following agents: Agent30(41->40)
 00:01:03 | WARNING! Aborting CBS - could not obtain an initial solution for the following agents: Agent26(25->24)
 00:01:03 | WARNING! Aborting CBS - could not obtain an initial solution for the following agents: Agent26(25->24)
 00:01:05 | 00:07:05 | 0.01:03:35 |  13.25%  |  1474   |   1460   | 60%  |  31712   |   0    | 170.95MB  
 00:01:05 | WARNING! Aborting CBS - could not obtain an initial solution for the following agents: Agent27(9->8)
 00:01:08 | WARNING! Aborting CBS - could not obtain an initial solution for the following agents: Agent14(3->1)
 00:01:08 | WARNING! Aborting CBS - could not obtain an initial solution for the following agents: Agent14(3->1)
 00:01:08 | WARNING! Aborting CBS - could not obtain an initial solution for the following agents: Agent14(3->2)
 00:01:08 | WARNING! Aborting CBS - could not obtain an initial solution for the following agents: Agent14(3->2)
 00:01:08 | WARNING! Aborting CBS - could not obtain an initial solution for the following agents: Agent14(3->2)
 00:01:09 | WARNING! Aborting CBS - could not obtain an initial solution for the following agents: Agent21(40->39)
 00:01:09 | WARNING! Aborting CBS - could not obtain an initial solution for the following agents: Agent21(40->39)
 00:01:10 | 00:06:28 | 0.01:13:18 |  15.27%  |  1698   |   1687   | 60%  |  37231   |   0    | 170.45MB  
 00:01:10 | WARNING! Aborting CBS - could not obtain an initial solution for the following agents: Agent27(3->2)
 00:01:11 | WARNING! Aborting CBS - could not obtain an initial solution for the following agents: Agent24(25->24)
 00:01:15 | 00:05:52 | 0.01:24:08 |  17.53%  |  1950   |   1942   | 60%  |  43127   |   0    | 171.13MB  
 00:01:19 | WARNING! Aborting CBS - could not obtain an initial solution for the following agents: Agent19(9->8)
 00:01:19 | WARNING! Aborting CBS - could not obtain an initial solution for the following agents: Agent19(9->8)
 00:01:20 | 00:05:28 | 0.01:33:55 |  19.57%  |  2179   |   2170   | 60%  |  48505   |   0    | 171.82MB  
 00:01:20 | WARNING! Aborting CBS - could not obtain an initial solution for the following agents: Agent25(8->1)
 00:01:20 | WARNING! Aborting CBS - could not obtain an initial solution for the following agents: Agent28(40->39)
 00:01:22 | WARNING! Aborting CBS - could not obtain an initial solution for the following agents: Agent25(9->8)
 00:01:23 | WARNING! Aborting CBS - could not obtain an initial solution for the following agents: Agent10(41->33)
 00:01:23 | WARNING! Aborting CBS - could not obtain an initial solution for the following agents: Agent10(41->33)
 00:01:23 | WARNING! Aborting CBS - could not obtain an initial solution for the following agents: Agent10(41->34)
 00:01:23 | WARNING! Aborting CBS - could not obtain an initial solution for the following agents: Agent25(2->1)
 00:01:23 | WARNING! Aborting CBS - could not obtain an initial solution for the following agents: Agent25(2->1)
 00:01:23 | WARNING! Aborting CBS - could not obtain an initial solution for the following agents: Agent25(2->1)
 00:01:24 | WARNING! Aborting CBS - could not obtain an initial solution for the following agents: Agent24(25->24)
 00:01:24 | WARNING! Aborting CBS - could not obtain an initial solution for the following agents: Agent24(25->24)
 00:01:25 | 00:05:05 | 0.01:44:34 |  21.79%  |  2425   |   2420   | 60%  |  54467   |   0    | 171.08MB  
 00:01:29 | WARNING! Aborting CBS - could not obtain an initial solution for the following agents: Agent27(2->1)
 00:01:29 | WARNING! Aborting CBS - could not obtain an initial solution for the following agents: Agent27(2->1)
 00:01:30 | 00:04:47 | 0.01:54:28 |  23.85%  |  2657   |   2651   | 60%  |  60324   |   0    | 171.44MB  
 00:01:31 | WARNING! Aborting CBS - could not obtain an initial solution for the following agents: Agent29(57->56)
 00:01:35 | 00:04:27 | 0.02:05:57 |  26.24%  |  2924   |   2920   | 60%  |  66561   |   0    | 171.61MB  
 00:01:37 | WARNING! Aborting CBS - could not obtain an initial solution for the following agents: Agent5(57->56)
 00:01:37 | WARNING! Aborting CBS - could not obtain an initial solution for the following agents: Agent1(9->8)
 00:01:37 | WARNING! Aborting CBS - could not obtain an initial solution for the following agents: Agent27(8->1)
 00:01:37 | WARNING! Aborting CBS - could not obtain an initial solution for the following agents: Agent27(8->1)
 00:01:39 | WARNING! Aborting CBS - could not obtain an initial solution for the following agents: Agent0(25->24)
 00:01:39 | WARNING! Aborting CBS - could not obtain an initial solution for the following agents: Agent0(25->24)
 00:01:40 | 00:04:08 | 0.02:17:35 |  28.67%  |  3198   |   3192   | 60%  |  72632   |   0    | 172.31MB  
 00:01:41 | WARNING! Aborting CBS - could not obtain an initial solution for the following agents: Agent0(25->24)
 00:01:41 | WARNING! Aborting CBS - could not obtain an initial solution for the following agents: Agent0(25->24)
 00:01:44 | WARNING! Aborting CBS - could not obtain an initial solution for the following agents: Agent27(9->8)
 00:01:45 | 00:03:56 | 0.02:27:38 |  30.76%  |  3433   |   3428   | 60%  |  78407   |   0    | 172.81MB  
 00:01:45 | WARNING! Aborting CBS - could not obtain an initial solution for the following agents: Agent21(40->39)
 00:01:45 | WARNING! Aborting CBS - could not obtain an initial solution for the following agents: Agent11(25->24)
 00:01:46 | WARNING! Aborting CBS - could not obtain an initial solution for the following agents: Agent16(57->56)
 00:01:47 | WARNING! Aborting CBS - could not obtain an initial solution for the following agents: Agent14(2->1)
 00:01:49 | WARNING! Aborting CBS - could not obtain an initial solution for the following agents: Agent30(41->40)
 00:01:50 | 00:03:42 | 0.02:39:02 |  33.13%  |  3700   |   3694   | 60%  |  84969   |   0    | 174.05MB  
 00:01:51 | WARNING! Aborting CBS - could not obtain an initial solution for the following agents: Agent4(9->8)
 00:01:51 | WARNING! Aborting CBS - could not obtain an initial solution for the following agents: Agent4(9->8)
 00:01:53 | WARNING! Aborting CBS - could not obtain an initial solution for the following agents: Agent2(25->24)
 00:01:53 | WARNING! Aborting CBS - could not obtain an initial solution for the following agents: Agent2(25->24)
 00:01:53 | WARNING! Aborting CBS - could not obtain an initial solution for the following agents: Agent8(41->40)
 00:01:54 | WARNING! Aborting CBS - could not obtain an initial solution for the following agents: Agent9(58->57)
 00:01:55 | 00:03:30 | 0.02:49:42 |  35.35%  |  3950   |   3945   | 60%  |  90991   |   0    | 173.36MB  
 00:01:56 | WARNING! Aborting CBS - could not obtain an initial solution for the following agents: Agent9(57->56)
 00:01:56 | WARNING! Aborting CBS - could not obtain an initial solution for the following agents: Agent27(3->1)
 00:01:56 | WARNING! Aborting CBS - could not obtain an initial solution for the following agents: Agent27(3->2)
 00:02:00 | 00:03:21 | 0.02:59:17 |  37.35%  |  4177   |   4170   | 60%  |  95943   |   0    | 172.58MB  
 00:02:03 | WARNING! Aborting CBS - could not obtain an initial solution for the following agents: Agent24(25->24)
 00:02:03 | WARNING! Aborting CBS - could not obtain an initial solution for the following agents: Agent24(25->24)
 00:02:05 | 00:03:23 | 0.03:02:28 |  38.01%  |  4248   |   4245   | 60%  |  97881   |   0    | 177.64MB  
 00:02:05 | WARNING! Aborting CBS - could not obtain an initial solution for the following agents: Agent30(35->34)
 00:02:05 | WARNING! Aborting CBS - could not obtain an initial solution for the following agents: Agent30(35->34)
 00:02:05 | WARNING! Aborting CBS - could not obtain an initial solution for the following agents: Agent8(41->34)
 00:02:05 | WARNING! Aborting CBS - could not obtain an initial solution for the following agents: Agent8(41->34)
 00:02:06 | WARNING! Aborting CBS - could not obtain an initial solution for the following agents: Agent30(41->40)
 00:02:06 | WARNING! Aborting CBS - could not obtain an initial solution for the following agents: Agent30(41->40)
 00:02:06 | WARNING! Aborting CBS - could not obtain an initial solution for the following agents: Agent7(57->56)
 00:02:06 | WARNING! Aborting CBS - could not obtain an initial solution for the following agents: Agent27(8->7)
 00:02:07 | WARNING! Aborting CBS - could not obtain an initial solution for the following agents: Agent7(57->50)
 00:02:08 | WARNING! Aborting CBS - could not obtain an initial solution for the following agents: Agent11(24->23)
 00:02:10 | 00:03:08 | 0.03:15:44 |  40.78%  |  4559   |   4555   | 60%  |  104769  |   0    | 173.47MB  
 00:02:12 | WARNING! Aborting CBS - could not obtain an initial solution for the following agents: Agent8(41->40)
 00:02:12 | WARNING! Aborting CBS - could not obtain an initial solution for the following agents: Agent8(41->40)
 00:02:14 | WARNING! Aborting CBS - could not obtain an initial solution for the following agents: Agent10(41->40)
 00:02:15 | 00:03:02 | 0.03:24:21 |  42.57%  |  4760   |   4757   | 60%  |  109431  |   0    | 173.62MB  
 00:02:16 | WARNING! Aborting CBS - could not obtain an initial solution for the following agents: Agent8(41->40)
 00:02:16 | WARNING! Aborting CBS - could not obtain an initial solution for the following agents: Agent8(41->40)
 00:02:20 | 00:02:52 | 0.03:35:14 |  44.84%  |  5013   |   5013   | 60%  |  115653  |   0    | 173.49MB  
 00:02:21 | WARNING! Aborting CBS - could not obtain an initial solution for the following agents: Agent9(59->50)
 00:02:25 | 00:02:43 | 0.03:45:22 |  46.95%  |  5249   |   5250   | 60%  |  121271  |   0    | 173.18MB  
 00:02:29 | WARNING! Aborting CBS - could not obtain an initial solution for the following agents: Agent14(8->1),Agent19(3->0)
 00:02:29 | WARNING! Aborting CBS - could not obtain an initial solution for the following agents: Agent14(8->1),Agent19(3->0)
 00:02:29 | WARNING! Aborting CBS - could not obtain an initial solution for the following agents: Agent14(8->2),Agent19(3->1)
 00:02:29 | WARNING! Aborting CBS - could not obtain an initial solution for the following agents: Agent14(8->2),Agent19(3->1)
 00:02:29 | WARNING! Aborting CBS - could not obtain an initial solution for the following agents: Agent19(3->2)
 00:02:30 | 00:02:37 | 0.03:54:19 |  48.82%  |  5458   |   5458   | 60%  |  126408  |   0    | 173.55MB  
 00:02:34 | WARNING! Aborting CBS - could not obtain an initial solution for the following agents: Agent21(41->40)
 00:02:35 | 00:02:28 | 0.04:05:11 |  51.08%  |  5711   |   5714   | 60%  |  132316  |   0    | 174.60MB  
 00:02:37 | WARNING! Aborting CBS - could not obtain an initial solution for the following agents: Agent24(25->24)
 00:02:38 | WARNING! Aborting CBS - could not obtain an initial solution for the following agents: Agent19(9->8)
 00:02:39 | WARNING! Aborting CBS - could not obtain an initial solution for the following agents: Agent28(40->39)
 00:02:39 | WARNING! Aborting CBS - could not obtain an initial solution for the following agents: Agent5(57->56)
 00:02:40 | 00:02:19 | 0.04:16:04 |  53.35%  |  5967   |   5969   | 60%  |  138365  |   0    | 173.58MB  
 00:02:43 | WARNING! Aborting CBS - could not obtain an initial solution for the following agents: Agent14(9->8)
 00:02:43 | WARNING! Aborting CBS - could not obtain an initial solution for the following agents: Agent14(9->8)
 00:02:45 | 00:02:11 | 0.04:27:04 |  55.64%  |  6216   |   6226   | 60%  |  144325  |   0    | 173.70MB  
 00:02:46 | WARNING! Aborting CBS - could not obtain an initial solution for the following agents: Agent9(57->56)
 00:02:46 | WARNING! Aborting CBS - could not obtain an initial solution for the following agents: Agent9(57->56)
 00:02:46 | WARNING! Aborting CBS - could not obtain an initial solution for the following agents: Agent9(57->56)
 00:02:46 | WARNING! Aborting CBS - could not obtain an initial solution for the following agents: Agent9(57->56)
 00:02:46 | WARNING! Aborting CBS - could not obtain an initial solution for the following agents: Agent7(57->56)
 00:02:49 | WARNING! Aborting CBS - could not obtain an initial solution for the following agents: Agent0(25->24)
 00:02:50 | 00:02:02 | 0.04:38:36 |  58.04%  |  6484   |   6498   | 60%  |  150213  |   0    | 174.16MB  
 00:02:50 | WARNING! Aborting CBS - could not obtain an initial solution for the following agents: Agent21(41->40)
 00:02:52 | WARNING! Aborting CBS - could not obtain an initial solution for the following agents: Agent25(10->9)
 00:02:52 | WARNING! Aborting CBS - could not obtain an initial solution for the following agents: Agent25(10->9)
 00:02:52 | WARNING! Aborting CBS - could not obtain an initial solution for the following agents: Agent25(10->9)
 00:02:52 | WARNING! Aborting CBS - could not obtain an initial solution for the following agents: Agent28(41->40)
 00:02:55 | 00:01:55 | 0.04:48:42 |  60.15%  |  6720   |   6734   | 60%  |  155907  |   0    | 173.71MB  
 00:02:56 | WARNING! Aborting CBS - could not obtain an initial solution for the following agents: Agent4(9->8)
 00:02:56 | WARNING! Aborting CBS - could not obtain an initial solution for the following agents: Agent4(9->8)
 00:02:56 | WARNING! Aborting CBS - could not obtain an initial solution for the following agents: Agent4(9->8)
 00:02:59 | WARNING! Aborting CBS - could not obtain an initial solution for the following agents: Agent5(56->55)
 00:03:00 | 00:01:50 | 0.04:57:46 |  62.04%  |  6933   |   6946   | 60%  |  160753  |   0    | 173.86MB  
 00:03:03 | WARNING! Aborting CBS - could not obtain an initial solution for the following agents: Agent24(25->24)
 00:03:05 | 00:01:44 | 0.05:07:10 |  63.99%  |  7153   |   7169   | 60%  |  165923  |   0    | 174.11MB  
 00:03:07 | WARNING! Aborting CBS - could not obtain an initial solution for the following agents: Agent1(3->1)
 00:03:07 | WARNING! Aborting CBS - could not obtain an initial solution for the following agents: Agent1(3->1)
 00:03:07 | WARNING! Aborting CBS - could not obtain an initial solution for the following agents: Agent1(3->2)
 00:03:07 | WARNING! Aborting CBS - could not obtain an initial solution for the following agents: Agent1(3->2)
 00:03:08 | WARNING! Aborting CBS - could not obtain an initial solution for the following agents: Agent30(42->41)
 00:03:08 | WARNING! Aborting CBS - could not obtain an initial solution for the following agents: Agent30(42->41)
 00:03:08 | WARNING! Aborting CBS - could not obtain an initial solution for the following agents: Agent30(42->41)
 00:03:08 | WARNING! Aborting CBS - could not obtain an initial solution for the following agents: Agent29(57->56)
 00:03:08 | WARNING! Aborting CBS - could not obtain an initial solution for the following agents: Agent29(57->56)
 00:03:09 | WARNING! Aborting CBS - could not obtain an initial solution for the following agents: Agent28(40->39)
 00:03:09 | WARNING! Aborting CBS - could not obtain an initial solution for the following agents: Agent14(9->8)
 00:03:09 | WARNING! Aborting CBS - could not obtain an initial solution for the following agents: Agent14(9->8)
 00:03:10 | 00:01:37 | 0.05:17:18 |  66.11%  |  7389   |   7405   | 60%  |  171577  |   0    | 174.14MB  
 00:03:10 | WARNING! Aborting CBS - could not obtain an initial solution for the following agents: Agent29(57->56)
 00:03:12 | WARNING! Aborting CBS - could not obtain an initial solution for the following agents: Agent8(41->40)
 00:03:12 | WARNING! Aborting CBS - could not obtain an initial solution for the following agents: Agent0(25->24)
 00:03:13 | WARNING! Aborting CBS - could not obtain an initial solution for the following agents: Agent24(25->24)
 00:03:15 | 00:01:29 | 0.05:28:59 |  68.54%  |  7665   |   7678   | 60%  |  177826  |   0    | 173.76MB  
 00:03:15 | WARNING! Aborting CBS - could not obtain an initial solution for the following agents: Agent30(41->40)
 00:03:15 | WARNING! Aborting CBS - could not obtain an initial solution for the following agents: Agent30(41->40)
 00:03:16 | WARNING! Aborting CBS - could not obtain an initial solution for the following agents: Agent24(27->26)
 00:03:16 | WARNING! Aborting CBS - could not obtain an initial solution for the following agents: Agent24(27->26)
 00:03:16 | WARNING! Aborting CBS - could not obtain an initial solution for the following agents: Agent1(8->1)
 00:03:16 | WARNING! Aborting CBS - could not obtain an initial solution for the following agents: Agent1(8->2)
 00:03:20 | 00:01:22 | 0.05:39:43 |  70.78%  |  7913   |   7930   | 60%  |  183750  |   0    | 173.49MB  
 00:03:20 | WARNING! Aborting CBS - could not obtain an initial solution for the following agents: Agent27(3->1)
 00:03:20 | WARNING! Aborting CBS - could not obtain an initial solution for the following agents: Agent27(3->1)
 00:03:20 | WARNING! Aborting CBS - could not obtain an initial solution for the following agents: Agent27(3->2)
 00:03:20 | WARNING! Aborting CBS - could not obtain an initial solution for the following agents: Agent27(3->2)
 00:03:21 | WARNING! Aborting CBS - could not obtain an initial solution for the following agents: Agent19(8->1)
 00:03:25 | 00:01:15 | 0.05:51:11 |  73.16%  |  8177   |   8198   | 60%  |  190326  |   0    | 173.82MB  
 00:03:25 | WARNING! Aborting CBS - could not obtain an initial solution for the following agents: Agent28(41->40)
 00:03:25 | WARNING! Aborting CBS - could not obtain an initial solution for the following agents: Agent28(41->40)
 00:03:25 | WARNING! Aborting CBS - could not obtain an initial solution for the following agents: Agent28(41->40)
 00:03:26 | WARNING! Aborting CBS - could not obtain an initial solution for the following agents: Agent29(57->56)
 00:03:26 | WARNING! Aborting CBS - could not obtain an initial solution for the following agents: Agent29(57->56)
 00:03:30 | 00:01:09 | 0.06:00:22 |  75.08%  |  8388   |   8415   | 60%  |  195106  |   0    | 176.26MB  
 00:03:33 | WARNING! Aborting CBS - could not obtain an initial solution for the following agents: Agent8(40->39)
 00:03:33 | WARNING! Aborting CBS - could not obtain an initial solution for the following agents: Agent8(40->39)
 00:03:33 | WARNING! Aborting CBS - could not obtain an initial solution for the following agents: Agent8(40->39)
 00:03:33 | WARNING! Aborting CBS - could not obtain an initial solution for the following agents: Agent29(59->58)
 00:03:35 | 00:01:06 | 0.06:06:51 |  76.43%  |  8533   |   8566   | 60%  |  198809  |   0    | 175.93MB  
 00:03:40 | 00:01:02 | 0.06:13:54 |  77.90%  |  8700   |   8732   | 60%  |  202889  |   0    | 175.38MB  
 00:03:45 | 00:00:55 | 0.06:25:02 |  80.22%  |  8956   |   8993   | 60%  |  208924  |   0    | 176.15MB  
 00:03:46 | WARNING! Aborting CBS - could not obtain an initial solution for the following agents: Agent9(57->56)
 00:03:46 | WARNING! Aborting CBS - could not obtain an initial solution for the following agents: Agent9(57->56)
 00:03:47 | WARNING! Aborting CBS - could not obtain an initial solution for the following agents: Agent24(27->26)
 00:03:47 | WARNING! Aborting CBS - could not obtain an initial solution for the following agents: Agent24(27->26)
 00:03:50 | 00:00:49 | 0.06:34:31 |  82.19%  |  9174   |   9213   | 60%  |  214464  |   0    | 174.47MB  
 00:03:51 | WARNING! Aborting CBS - could not obtain an initial solution for the following agents: Agent24(26->25)
 00:03:51 | WARNING! Aborting CBS - could not obtain an initial solution for the following agents: Agent24(26->25)
 00:03:51 | WARNING! Aborting CBS - could not obtain an initial solution for the following agents: Agent24(26->25)
 00:03:51 | WARNING! Aborting CBS - could not obtain an initial solution for the following agents: Agent24(26->25)
 00:03:51 | WARNING! Aborting CBS - could not obtain an initial solution for the following agents: Agent26(25->24)
 00:03:51 | WARNING! Aborting CBS - could not obtain an initial solution for the following agents: Agent26(25->24)
 00:03:55 | 00:00:42 | 0.06:46:16 |  84.64%  |  9446   |   9489   | 60%  |  220840  |   0    | 175.04MB  
 00:04:00 | 00:00:35 | 0.06:58:34 |  87.20%  |  9733   |   9778   | 60%  |  227010  |   0    | 174.42MB  
 00:04:02 | WARNING! Aborting CBS - could not obtain an initial solution for the following agents: Agent1(9->2)
 00:04:04 | WARNING! Aborting CBS - could not obtain an initial solution for the following agents: Agent30(41->34)
 00:04:04 | WARNING! Aborting CBS - could not obtain an initial solution for the following agents: Agent30(41->34)
 00:04:04 | WARNING! Aborting CBS - could not obtain an initial solution for the following agents: Agent30(41->34)
 00:04:05 | 00:00:28 | 0.07:09:48 |  89.54%  |  9997   |  10042   | 60%  |  232721  |   0    | 174.64MB  
 00:04:10 | 00:00:22 | 0.07:20:44 |  91.82%  |  10251  |  10297   | 60%  |  238564  |   0    | 174.77MB  
 00:04:12 | WARNING! Aborting CBS - could not obtain an initial solution for the following agents: Agent11(27->18)
 00:04:12 | WARNING! Aborting CBS - could not obtain an initial solution for the following agents: Agent11(27->18)
 00:04:15 | 00:00:17 | 0.07:29:57 |  93.74%  |  10462  |  10513   | 60%  |  244029  |   0    | 174.89MB  
 00:04:19 | WARNING! Aborting CBS - could not obtain an initial solution for the following agents: Agent27(10->9)
 00:04:19 | WARNING! Aborting CBS - could not obtain an initial solution for the following agents: Agent27(10->9)
 00:04:20 | 00:00:11 | 0.07:39:05 |  95.65%  |  10672  |  10727   | 60%  |  249249  |   0    | 174.62MB  
 00:04:25 | 00:00:05 | 0.07:49:42 |  97.85%  |  10919  |  10977   | 60%  |  254894  |   0    | 174.65MB  
 00:04:27 | WARNING! Aborting CBS - could not obtain an initial solution for the following agents: Agent26(24->23)
 00:04:28 | WARNING! Aborting CBS - could not obtain an initial solution for the following agents: Agent26(24->23)
 00:04:28 | WARNING! Aborting CBS - could not obtain an initial solution for the following agents: Agent26(24->23)
 00:04:29 | WARNING! Aborting CBS - could not obtain an initial solution for the following agents: Agent9(57->56)
 00:04:29 | 00:00:00 | 0.08:00:00 | 100.00%  |  11156  |  11217   | 60%  |  260610  |   0    | 175.09MB  
 00:04:29 | >>> Simulation finished - writing results ...
 00:04:30 | >>> Results written
Simulation finished.
>>> Timings
StatTimingPathPlanningAverage: 0.013430313185840669
StatTimingPathPlanningOverall: 212.46755459999937
StatTimingPathPlanningCount: 15820
StatTimingTaskAllocationAverage: 0.0013952968120695248
StatTimingTaskAllocationOverall: 21.271299899999907
StatTimingTaskAllocationCount: 15245
StatTimingItemStorageAverage: 3.2397647471911707E-06
StatTimingItemStorageOverall: 0.03690740000000182
StatTimingItemStorageCount: 11392
StatTimingPodStorageAverage: 0.0018685548681211305
StatTimingPodStorageOverall: 5.738331999999992
StatTimingPodStorageCount: 3071
StatTimingReplenishmentBatchingAverage: 7.746464130712233E-06
StatTimingReplenishmentBatchingOverall: 0.09102869999999945
StatTimingReplenishmentBatchingCount: 11751
StatTimingOrderBatchingAverage: 0.00010040391281852339
StatTimingOrderBatchingOverall: 3.1048906000000174
StatTimingOrderBatchingCount: 30924
>>> Overall
StatOverallBundlesPlaced: 15137
StatOverallItemsOrdered: 11201
StatOverallOrdersPlaced: 11201
StatOverallBundlesRejected: 0
StatOverallOrdersRejected: 0
StatOverallBundlesHandled: 11217
StatOverallItemsHandled: 11160
StatOverallLinesHandled: 11160
StatOverallOrdersHandled: 11156
StatOverallCollisions: 0
StatOverallDistanceTraveled: 260610.4478234401
StatOverallDistanceEstimated: 240193
StatOverallAssignedTasks: 15245
StatMaxMemoryUsed: 177.88671875
StatRealTimeUsed: 269.5144889
StatAverageTurnoverTime: 367.36271587955474
StatMedianTurnoverTime: 217.2492560581694
StatLowerQuartileTurnoverTime: 121.49638531150777
StatUpperQuartileTurnoverTime: 483.6569605362092
StatAverageThroughputTime: 114.06742194252988
StatMedianThroughputTime: 120.91907327697118
StatLowerQuartileThroughputTime: 80.80528137421788
StatUpperQuartileThroughputTime: 142.15987904375288
>>> Energy (Rizqi model)
StatEnergyTotalKJ: 19367.525377522248
StatEnergyE1AccelKJ: 5420.979122999978
StatEnergyE2DecelKJ: 0
StatEnergyE3CruiseKJ: 9827.918436000009
StatEnergyE4RotationKJ: 3292.673427411065
StatEnergyE5LiftLowerKJ: 825.9543911111115
StatEnergyPerOrderKJ: 1.7360635870851782
StatEnergyPerMeterJoule: 74.30443534658316
StatDistanceTraveledRizqiM: 260651
>>> Motion Behavior
StatTurningCount: 32488
StatStopAndGoCount: 44171

Marked tag finished after 1 tries!
.Fin. - SUCCESS
