<<< Welcome to the RAWSimO CLI >>>
The time is: 04/14/2026 00:11:53
Starting RAWSimO wrapper with the following arguments:
Instance: Material/Instances/PP/1-4-4-32-550.xinst
Setting: Material/Instances/PP/PPMinimal.xsett
ControlConfig: Material/Instances/PP/aesop-cbs.xconf
StatisticsDir: C:\Users\Aesop\Desktop\rawsim-o-rmfs-world-models\output_exp\cbs\seed_17
Seed: 17
Adding handler for unhandled exceptions ...
Initializing ... 
Instance recognized!
Parsing setting config ...
Parsing control config ...
Parsing instance ...
StatisticsFolder: 1-4-4-32-550-PPMinimal-aesop-cbs-17
Done!
Executing ... 
 00:11:55 | >>> Warming up ...
 00:00:00 | >>> Warmup finished - starting simulation ...
 Realtime |   ETA    |  Sim.Time  | Progress | #Orders | #Bundles | Inv. | Distance | #Coll. |   Memory    
 00:00:00 |   n/a    | 0.00:00:00 |  0.00%   |    0    |    0     | 60%  |    0     |   0    | 123.19MB  
 00:00:05 | 04:59:11 | 0.00:00:08 |  0.03%   |    0    |    0     | 60%  |   153    |   0    | 132.42MB  
 00:00:10 | 02:11:44 | 0.00:00:36 |  0.13%   |    0    |    0     | 60%  |   839    |   0    | 144.51MB  
 00:00:15 | 02:51:26 | 0.00:00:41 |  0.15%   |    0    |    0     | 60%  |   949    |   0    | 147.28MB  
 00:00:20 | 03:09:12 | 0.00:00:50 |  0.18%   |    2    |    0     | 60%  |   1142   |   0    | 153.24MB  
 00:00:25 | 03:34:31 | 0.00:00:55 |  0.19%   |    3    |    0     | 60%  |   1240   |   0    | 156.10MB  
 00:00:26 | WARNING! Aborting CBS - could not obtain an initial solution for the following agents: Agent8(41->32)
 00:00:26 | WARNING! Aborting CBS - could not obtain an initial solution for the following agents: Agent8(41->32)
 00:00:26 | WARNING! Aborting CBS - could not obtain an initial solution for the following agents: Agent8(41->34)
 00:00:28 | WARNING! Aborting CBS - could not obtain an initial solution for the following agents: Agent9(57->56)
 00:00:28 | WARNING! Aborting CBS - could not obtain an initial solution for the following agents: Agent9(57->56)
 00:00:28 | WARNING! Aborting CBS - could not obtain an initial solution for the following agents: Agent9(57->56)
 00:00:30 | 00:40:02 | 0.00:05:55 |  1.23%   |   117   |   111    | 60%  |   3288   |   0    | 156.36MB  
 00:00:31 | WARNING! Aborting CBS - could not obtain an initial solution for the following agents: Agent19(9->8)
 00:00:31 | WARNING! Aborting CBS - could not obtain an initial solution for the following agents: Agent19(9->8)
 00:00:31 | WARNING! Aborting CBS - could not obtain an initial solution for the following agents: Agent19(9->8)
 00:00:33 | WARNING! Aborting CBS - could not obtain an initial solution for the following agents: Agent28(41->40)
 00:00:35 | 00:21:05 | 0.00:12:55 |  2.69%   |   282   |   273    | 60%  |   6574   |   0    | 158.51MB  
 00:00:39 | WARNING! Aborting CBS - could not obtain an initial solution for the following agents: Agent19(9->8)
 00:00:40 | 00:13:24 | 0.00:22:43 |  4.74%   |   514   |   503    | 60%  |  10618   |   0    | 159.66MB  
 00:00:45 | 00:11:01 | 0.00:30:33 |  6.37%   |   697   |   687    | 60%  |  14760   |   0    | 160.32MB  
 00:00:46 | WARNING! Aborting CBS - could not obtain an initial solution for the following agents: Agent0(25->24)
 00:00:50 | 00:09:24 | 0.00:39:05 |  8.14%   |   894   |   887    | 60%  |  19500   |   0    | 161.23MB  
 00:00:52 | WARNING! Aborting CBS - could not obtain an initial solution for the following agents: Agent16(57->56)
 00:00:52 | WARNING! Aborting CBS - could not obtain an initial solution for the following agents: Agent16(57->56)
 00:00:53 | WARNING! Aborting CBS - could not obtain an initial solution for the following agents: Agent10(41->40)
 00:00:53 | WARNING! Aborting CBS - could not obtain an initial solution for the following agents: Agent10(41->40)
 00:00:53 | WARNING! Aborting CBS - could not obtain an initial solution for the following agents: Agent26(25->18)
 00:00:54 | WARNING! Aborting CBS - could not obtain an initial solution for the following agents: Agent0(25->24)
 00:00:55 | 00:07:41 | 0.00:51:05 |  10.64%  |  1177   |   1168   | 60%  |  25499   |   0    | 161.77MB  
 00:00:56 | WARNING! Aborting CBS - could not obtain an initial solution for the following agents: Agent28(41->40)
 00:00:56 | WARNING! Aborting CBS - could not obtain an initial solution for the following agents: Agent28(41->40)
 00:00:56 | WARNING! Aborting CBS - could not obtain an initial solution for the following agents: Agent27(8->7)
 00:00:56 | WARNING! Aborting CBS - could not obtain an initial solution for the following agents: Agent27(8->7)
 00:01:00 | 00:06:57 | 0.01:00:21 |  12.58%  |  1393   |   1385   | 60%  |  30526   |   0    | 162.94MB  
 00:01:03 | WARNING! Aborting CBS - could not obtain an initial solution for the following agents: Agent28(41->40)
 00:01:05 | 00:06:20 | 0.01:09:58 |  14.58%  |  1619   |   1610   | 60%  |  35198   |   0    | 163.45MB  
 00:01:06 | WARNING! Aborting CBS - could not obtain an initial solution for the following agents: Agent7(57->56)
 00:01:06 | WARNING! Aborting CBS - could not obtain an initial solution for the following agents: Agent4(9->8)
 00:01:08 | WARNING! Aborting CBS - could not obtain an initial solution for the following agents: Agent28(41->40)
 00:01:08 | WARNING! Aborting CBS - could not obtain an initial solution for the following agents: Agent28(41->40)
 00:01:08 | WARNING! Aborting CBS - could not obtain an initial solution for the following agents: Agent28(41->40)
 00:01:09 | WARNING! Aborting CBS - could not obtain an initial solution for the following agents: Agent16(57->56)
 00:01:09 | WARNING! Aborting CBS - could not obtain an initial solution for the following agents: Agent16(57->56)
 00:01:10 | 00:06:00 | 0.01:18:02 |  16.26%  |  1809   |   1798   | 60%  |  39882   |   0    | 165.23MB  
 00:01:11 | WARNING! Aborting CBS - could not obtain an initial solution for the following agents: Agent5(57->56)
 00:01:11 | WARNING! Aborting CBS - could not obtain an initial solution for the following agents: Agent5(57->56)
 00:01:11 | WARNING! Aborting CBS - could not obtain an initial solution for the following agents: Agent7(56->55)
 00:01:13 | WARNING! Aborting CBS - could not obtain an initial solution for the following agents: Agent7(56->55)
 00:01:13 | WARNING! Aborting CBS - could not obtain an initial solution for the following agents: Agent7(56->55)
 00:01:14 | WARNING! Aborting CBS - could not obtain an initial solution for the following agents: Agent30(41->40)
 00:01:14 | WARNING! Aborting CBS - could not obtain an initial solution for the following agents: Agent30(41->40)
 00:01:15 | 00:05:34 | 0.01:28:01 |  18.34%  |  2040   |   2032   | 60%  |  45274   |   0    | 165.80MB  
 00:01:16 | WARNING! Aborting CBS - could not obtain an initial solution for the following agents: Agent21(40->39)
 00:01:18 | WARNING! Aborting CBS - could not obtain an initial solution for the following agents: Agent11(25->24)
 00:01:18 | WARNING! Aborting CBS - could not obtain an initial solution for the following agents: Agent11(25->24)
 00:01:18 | WARNING! Aborting CBS - could not obtain an initial solution for the following agents: Agent10(41->40)
 00:01:20 | 00:05:14 | 0.01:37:16 |  20.26%  |  2256   |   2248   | 60%  |  50217   |   0    | 166.61MB  
 00:01:25 | 00:04:58 | 0.01:46:30 |  22.19%  |  2470   |   2465   | 60%  |  55409   |   0    | 168.94MB  
 00:01:27 | WARNING! Aborting CBS - could not obtain an initial solution for the following agents: Agent24(25->24)
 00:01:27 | WARNING! Aborting CBS - could not obtain an initial solution for the following agents: Agent11(25->24)
 00:01:27 | WARNING! Aborting CBS - could not obtain an initial solution for the following agents: Agent11(25->24)
 00:01:28 | WARNING! Aborting CBS - could not obtain an initial solution for the following agents: Agent5(51->49)
 00:01:28 | WARNING! Aborting CBS - could not obtain an initial solution for the following agents: Agent5(51->50)
 00:01:28 | WARNING! Aborting CBS - could not obtain an initial solution for the following agents: Agent5(51->50)
 00:01:28 | WARNING! Aborting CBS - could not obtain an initial solution for the following agents: Agent5(51->50)
 00:01:28 | WARNING! Aborting CBS - could not obtain an initial solution for the following agents: Agent25(9->8)
 00:01:28 | WARNING! Aborting CBS - could not obtain an initial solution for the following agents: Agent25(9->8)
 00:01:29 | WARNING! Aborting CBS - could not obtain an initial solution for the following agents: Agent9(57->50)
 00:01:30 | 00:04:39 | 0.01:56:56 |  24.36%  |  2713   |   2708   | 60%  |  61417   |   0    | 168.68MB  
 00:01:31 | WARNING! Aborting CBS - could not obtain an initial solution for the following agents: Agent16(57->56)
 00:01:31 | WARNING! Aborting CBS - could not obtain an initial solution for the following agents: Agent16(57->56)
 00:01:31 | WARNING! Aborting CBS - could not obtain an initial solution for the following agents: Agent16(57->56)
 00:01:33 | WARNING! Aborting CBS - could not obtain an initial solution for the following agents: Agent14(8->3)
 00:01:33 | WARNING! Aborting CBS - could not obtain an initial solution for the following agents: Agent14(8->2)
 00:01:35 | 00:04:19 | 0.02:08:34 |  26.79%  |  2986   |   2981   | 60%  |  67469   |   0    | 168.24MB  
 00:01:35 | WARNING! Aborting CBS - could not obtain an initial solution for the following agents: Agent24(25->24)
 00:01:35 | WARNING! Aborting CBS - could not obtain an initial solution for the following agents: Agent24(25->24)
 00:01:35 | WARNING! Aborting CBS - could not obtain an initial solution for the following agents: Agent24(25->24)
 00:01:38 | WARNING! Aborting CBS - could not obtain an initial solution for the following agents: Agent14(9->8)
 00:01:39 | WARNING! Aborting CBS - could not obtain an initial solution for the following agents: Agent29(59->50)
 00:01:39 | WARNING! Aborting CBS - could not obtain an initial solution for the following agents: Agent29(59->50)
 00:01:40 | 00:04:08 | 0.02:17:54 |  28.73%  |  3198   |   3196   | 60%  |  72567   |   0    | 168.19MB  
 00:01:43 | WARNING! Aborting CBS - could not obtain an initial solution for the following agents: Agent14(3->1)
 00:01:43 | WARNING! Aborting CBS - could not obtain an initial solution for the following agents: Agent14(3->1)
 00:01:43 | WARNING! Aborting CBS - could not obtain an initial solution for the following agents: Agent14(3->1)
 00:01:44 | WARNING! Aborting CBS - could not obtain an initial solution for the following agents: Agent28(41->40)
 00:01:45 | 00:03:53 | 0.02:28:51 |  31.01%  |  3456   |   3453   | 60%  |  78613   |   0    | 168.27MB  
 00:01:46 | WARNING! Aborting CBS - could not obtain an initial solution for the following agents: Agent14(9->8)
 00:01:46 | WARNING! Aborting CBS - could not obtain an initial solution for the following agents: Agent14(9->8)
 00:01:48 | WARNING! Aborting CBS - could not obtain an initial solution for the following agents: Agent21(41->34)
 00:01:50 | 00:03:39 | 0.02:40:08 |  33.36%  |  3719   |   3718   | 60%  |  84475   |   0    | 170.43MB  
 00:01:50 | WARNING! Aborting CBS - could not obtain an initial solution for the following agents: Agent26(25->24)
 00:01:50 | WARNING! Aborting CBS - could not obtain an initial solution for the following agents: Agent26(25->24)
 00:01:53 | WARNING! Aborting CBS - could not obtain an initial solution for the following agents: Agent29(57->56)
 00:01:53 | WARNING! Aborting CBS - could not obtain an initial solution for the following agents: Agent21(33->32)
 00:01:53 | WARNING! Aborting CBS - could not obtain an initial solution for the following agents: Agent21(33->32)
 00:01:54 | WARNING! Aborting CBS - could not obtain an initial solution for the following agents: Agent7(57->56)
 00:01:55 | 00:03:29 | 0.02:49:55 |  35.40%  |  3946   |   3946   | 60%  |  90122   |   0    | 169.22MB  
 00:01:55 | WARNING! Aborting CBS - could not obtain an initial solution for the following agents: Agent8(42->41)
 00:01:55 | WARNING! Aborting CBS - could not obtain an initial solution for the following agents: Agent8(42->41)
 00:01:57 | WARNING! Aborting CBS - could not obtain an initial solution for the following agents: Agent5(56->55)
 00:01:57 | WARNING! Aborting CBS - could not obtain an initial solution for the following agents: Agent10(41->40)
 00:02:00 | 00:03:16 | 0.03:02:02 |  37.93%  |  4229   |   4231   | 60%  |  96767   |   0    | 169.51MB  
 00:02:03 | WARNING! Aborting CBS - could not obtain an initial solution for the following agents: Agent4(9->8)
 00:02:03 | WARNING! Aborting CBS - could not obtain an initial solution for the following agents: Agent4(9->8)
 00:02:03 | WARNING! Aborting CBS - could not obtain an initial solution for the following agents: Agent4(9->8)
 00:02:04 | WARNING! Aborting CBS - could not obtain an initial solution for the following agents: Agent25(8->7)
 00:02:05 | 00:03:05 | 0.03:13:32 |  40.32%  |  4496   |   4501   | 60%  |  102718  |   0    | 168.95MB  
 00:02:10 | 00:02:58 | 0.03:22:13 |  42.13%  |  4697   |   4704   | 60%  |  108028  |   0    | 169.27MB  
 00:02:11 | WARNING! Aborting CBS - could not obtain an initial solution for the following agents: Agent21(42->40)
 00:02:11 | WARNING! Aborting CBS - could not obtain an initial solution for the following agents: Agent21(42->41)
 00:02:11 | WARNING! Aborting CBS - could not obtain an initial solution for the following agents: Agent21(42->41)
 00:02:15 | 00:02:49 | 0.03:33:07 |  44.40%  |  4952   |   4959   | 60%  |  113955  |   0    | 169.53MB  
 00:02:20 | 00:02:45 | 0.03:40:18 |  45.90%  |  5117   |   5128   | 60%  |  117960  |   0    | 169.32MB  
 00:02:23 | WARNING! Aborting CBS - could not obtain an initial solution for the following agents: Agent19(9->2)
 00:02:23 | WARNING! Aborting CBS - could not obtain an initial solution for the following agents: Agent19(9->2)
 00:02:25 | 00:02:36 | 0.03:50:37 |  48.05%  |  5356   |   5369   | 60%  |  123633  |   0    | 169.21MB  
 00:02:25 | WARNING! Aborting CBS - could not obtain an initial solution for the following agents: Agent11(25->24)
 00:02:25 | WARNING! Aborting CBS - could not obtain an initial solution for the following agents: Agent11(25->24)
 00:02:25 | WARNING! Aborting CBS - could not obtain an initial solution for the following agents: Agent11(25->24)
 00:02:26 | WARNING! Aborting CBS - could not obtain an initial solution for the following agents: Agent25(9->8)
 00:02:26 | WARNING! Aborting CBS - could not obtain an initial solution for the following agents: Agent25(9->8)
 00:02:30 | 00:02:33 | 0.03:57:06 |  49.40%  |  5508   |   5522   | 60%  |  127174  |   0    | 169.87MB  
 00:02:35 | 00:02:23 | 0.04:09:39 |  52.01%  |  5801   |   5816   | 60%  |  133397  |   0    | 170.35MB  
 00:02:39 | WARNING! Aborting CBS - could not obtain an initial solution for the following agents: Agent29(57->56)
 00:02:40 | 00:02:16 | 0.04:18:43 |  53.90%  |  6015   |   6029   | 60%  |  138307  |   0    | 170.54MB  
 00:02:40 | WARNING! Aborting CBS - could not obtain an initial solution for the following agents: Agent9(58->57)
 00:02:40 | WARNING! Aborting CBS - could not obtain an initial solution for the following agents: Agent7(57->56)
 00:02:40 | WARNING! Aborting CBS - could not obtain an initial solution for the following agents: Agent7(57->56)
 00:02:43 | WARNING! Aborting CBS - could not obtain an initial solution for the following agents: Agent2(25->24)
 00:02:43 | WARNING! Aborting CBS - could not obtain an initial solution for the following agents: Agent2(25->24)
 00:02:45 | 00:02:08 | 0.04:29:34 |  56.16%  |  6268   |   6283   | 60%  |  143919  |   0    | 170.73MB  
 00:02:48 | WARNING! Aborting CBS - could not obtain an initial solution for the following agents: Agent10(40->39)
 00:02:50 | 00:02:05 | 0.04:36:28 |  57.60%  |  6427   |   6446   | 60%  |  148069  |   0    | 169.57MB  
 00:02:54 | WARNING! Aborting CBS - could not obtain an initial solution for the following agents: Agent16(57->56)
 00:02:55 | 00:01:58 | 0.04:45:55 |  59.57%  |  6645   |   6666   | 60%  |  153360  |   0    | 169.97MB  
 00:02:55 | WARNING! Aborting CBS - could not obtain an initial solution for the following agents: Agent26(25->24)
 00:02:55 | WARNING! Aborting CBS - could not obtain an initial solution for the following agents: Agent26(25->24)
 00:02:55 | WARNING! Aborting CBS - could not obtain an initial solution for the following agents: Agent30(41->40)
 00:02:55 | WARNING! Aborting CBS - could not obtain an initial solution for the following agents: Agent1(3->1)
 00:02:55 | WARNING! Aborting CBS - could not obtain an initial solution for the following agents: Agent1(3->1)
 00:02:55 | WARNING! Aborting CBS - could not obtain an initial solution for the following agents: Agent1(3->1)
 00:02:55 | WARNING! Aborting CBS - could not obtain an initial solution for the following agents: Agent1(3->2)
 00:02:55 | WARNING! Aborting CBS - could not obtain an initial solution for the following agents: Agent1(3->2)
 00:02:57 | WARNING! Aborting CBS - could not obtain an initial solution for the following agents: Agent8(41->40)
 00:02:58 | WARNING! Aborting CBS - could not obtain an initial solution for the following agents: Agent16(57->55)
 00:02:58 | WARNING! Aborting CBS - could not obtain an initial solution for the following agents: Agent16(57->56)
 00:03:00 | 00:01:52 | 0.04:55:18 |  61.52%  |  6864   |   6887   | 60%  |  158467  |   0    | 170.12MB  
 00:03:02 | WARNING! Aborting CBS - could not obtain an initial solution for the following agents: Agent0(25->24)
 00:03:03 | WARNING! Aborting CBS - could not obtain an initial solution for the following agents: Agent21(41->40)
 00:03:04 | WARNING! Aborting CBS - could not obtain an initial solution for the following agents: Agent9(57->55)
 00:03:04 | WARNING! Aborting CBS - could not obtain an initial solution for the following agents: Agent9(57->55)
 00:03:04 | WARNING! Aborting CBS - could not obtain an initial solution for the following agents: Agent9(57->55)
 00:03:05 | 00:01:44 | 0.05:06:47 |  63.91%  |  7132   |   7155   | 60%  |  164252  |   0    | 170.61MB  
 00:03:10 | 00:01:37 | 0.05:16:59 |  66.04%  |  7371   |   7394   | 60%  |  169517  |   0    | 170.13MB  
 00:03:10 | WARNING! Aborting CBS - could not obtain an initial solution for the following agents: Agent2(25->24)
 00:03:15 | 00:01:31 | 0.05:26:32 |  68.03%  |  7594   |   7618   | 60%  |  174802  |   0    | 169.65MB  
 00:03:15 | WARNING! Aborting CBS - could not obtain an initial solution for the following agents: Agent0(25->24)
 00:03:15 | WARNING! Aborting CBS - could not obtain an initial solution for the following agents: Agent0(25->24)
 00:03:16 | WARNING! Aborting CBS - could not obtain an initial solution for the following agents: Agent5(57->56)
 00:03:17 | WARNING! Aborting CBS - could not obtain an initial solution for the following agents: Agent29(57->56)
 00:03:20 | 00:01:25 | 0.05:36:38 |  70.13%  |  7831   |   7854   | 60%  |  180436  |   0    | 170.39MB  
 00:03:22 | WARNING! Aborting CBS - could not obtain an initial solution for the following agents: Agent8(41->40)
 00:03:22 | WARNING! Aborting CBS - could not obtain an initial solution for the following agents: Agent8(41->40)
 00:03:22 | WARNING! Aborting CBS - could not obtain an initial solution for the following agents: Agent8(41->40)
 00:03:24 | WARNING! Aborting CBS - could not obtain an initial solution for the following agents: Agent11(25->18)
 00:03:25 | 00:01:18 | 0.05:46:45 |  72.24%  |  8063   |   8091   | 60%  |  186002  |   0    | 169.40MB  
 00:03:25 | WARNING! Aborting CBS - could not obtain an initial solution for the following agents: Agent9(56->50)
 00:03:26 | WARNING! Aborting CBS - could not obtain an initial solution for the following agents: Agent11(26->25)
 00:03:27 | WARNING! Aborting CBS - could not obtain an initial solution for the following agents: Agent16(56->55)
 00:03:28 | WARNING! Aborting CBS - could not obtain an initial solution for the following agents: Agent21(41->40)
 00:03:30 | 00:01:13 | 0.05:55:09 |  73.99%  |  8261   |   8288   | 60%  |  190687  |   0    | 170.12MB  
 00:03:31 | WARNING! Aborting CBS - could not obtain an initial solution for the following agents: Agent25(1->0)
 00:03:35 | 00:01:05 | 0.06:07:28 |  76.56%  |  8548   |   8574   | 60%  |  197371  |   0    | 169.90MB  
 00:03:36 | WARNING! Aborting CBS - could not obtain an initial solution for the following agents: Agent16(51->49)
 00:03:36 | WARNING! Aborting CBS - could not obtain an initial solution for the following agents: Agent16(51->50)
 00:03:37 | WARNING! Aborting CBS - could not obtain an initial solution for the following agents: Agent16(51->50)
 00:03:37 | WARNING! Aborting CBS - could not obtain an initial solution for the following agents: Agent11(27->26)
 00:03:37 | WARNING! Aborting CBS - could not obtain an initial solution for the following agents: Agent11(27->26)
 00:03:39 | WARNING! Aborting CBS - could not obtain an initial solution for the following agents: Agent2(25->24)
 00:03:39 | WARNING! Aborting CBS - could not obtain an initial solution for the following agents: Agent2(25->24)
 00:03:40 | 00:00:59 | 0.06:18:06 |  78.77%  |  8793   |   8824   | 60%  |  203491  |   0    | 169.95MB  
 00:03:42 | WARNING! Aborting CBS - could not obtain an initial solution for the following agents: Agent0(25->24)
 00:03:42 | WARNING! Aborting CBS - could not obtain an initial solution for the following agents: Agent24(25->24)
 00:03:43 | WARNING! Aborting CBS - could not obtain an initial solution for the following agents: Agent7(58->57)
 00:03:43 | WARNING! Aborting CBS - could not obtain an initial solution for the following agents: Agent7(58->57)
 00:03:44 | WARNING! Aborting CBS - could not obtain an initial solution for the following agents: Agent5(57->56)
 00:03:44 | WARNING! Aborting CBS - could not obtain an initial solution for the following agents: Agent5(57->56)
 00:03:44 | WARNING! Aborting CBS - could not obtain an initial solution for the following agents: Agent5(57->56)
 00:03:45 | 00:00:52 | 0.06:29:40 |  81.18%  |  9063   |   9095   | 60%  |  209607  |   0    | 170.87MB  
 00:03:46 | WARNING! Aborting CBS - could not obtain an initial solution for the following agents: Agent0(25->24)
 00:03:46 | WARNING! Aborting CBS - could not obtain an initial solution for the following agents: Agent0(25->24)
 00:03:50 | 00:00:45 | 0.06:40:04 |  83.35%  |  9309   |   9338   | 60%  |  215402  |   0    | 170.25MB  
 00:03:55 | 00:00:40 | 0.06:49:16 |  85.27%  |  9521   |   9554   | 60%  |  219731  |   0    | 171.80MB  
 00:04:00 | 00:00:34 | 0.06:59:20 |  87.36%  |  9752   |   9790   | 60%  |  225084  |   0    | 171.91MB  
 00:04:02 | WARNING! Aborting CBS - could not obtain an initial solution for the following agents: Agent26(25->24)
 00:04:05 | 00:00:28 | 0.07:09:57 |  89.57%  |  10000  |  10037   | 60%  |  230983  |   0    | 171.45MB  
 00:04:08 | WARNING! Aborting CBS - could not obtain an initial solution for the following agents: Agent11(24->17)
 00:04:08 | WARNING! Aborting CBS - could not obtain an initial solution for the following agents: Agent11(24->17)
 00:04:08 | WARNING! Aborting CBS - could not obtain an initial solution for the following agents: Agent11(24->18)
 00:04:08 | WARNING! Aborting CBS - could not obtain an initial solution for the following agents: Agent11(24->19)
 00:04:08 | WARNING! Aborting CBS - could not obtain an initial solution for the following agents: Agent10(43->42)
 00:04:08 | WARNING! Aborting CBS - could not obtain an initial solution for the following agents: Agent10(43->42)
 00:04:08 | WARNING! Aborting CBS - could not obtain an initial solution for the following agents: Agent10(43->42)
 00:04:08 | WARNING! Aborting CBS - could not obtain an initial solution for the following agents: Agent10(43->42)
 00:04:08 | WARNING! Aborting CBS - could not obtain an initial solution for the following agents: Agent10(43->42)
 00:04:08 | WARNING! Aborting CBS - could not obtain an initial solution for the following agents: Agent10(43->42)
 00:04:08 | WARNING! Aborting CBS - could not obtain an initial solution for the following agents: Agent10(43->42)
 00:04:10 | 00:00:23 | 0.07:18:17 |  91.31%  |  10191  |  10233   | 60%  |  235514  |   0    | 171.45MB  
 00:04:15 | 00:00:19 | 0.07:25:44 |  92.86%  |  10367  |  10408   | 60%  |  239655  |   0    | 171.84MB  
 00:04:17 | WARNING! Aborting CBS - could not obtain an initial solution for the following agents: Agent19(9->8)
 00:04:17 | WARNING! Aborting CBS - could not obtain an initial solution for the following agents: Agent19(9->8)
 00:04:20 | 00:00:14 | 0.07:34:07 |  94.61%  |  10561  |  10605   | 60%  |  244476  |   0    | 171.68MB  
 00:04:20 | WARNING! Aborting CBS - could not obtain an initial solution for the following agents: Agent11(25->24)
 00:04:25 | 00:00:08 | 0.07:45:13 |  96.92%  |  10817  |  10863   | 60%  |  250535  |   0    | 171.71MB  
 00:04:26 | WARNING! Aborting CBS - could not obtain an initial solution for the following agents: Agent0(19->17)
 00:04:26 | WARNING! Aborting CBS - could not obtain an initial solution for the following agents: Agent0(19->17)
 00:04:28 | WARNING! Aborting CBS - could not obtain an initial solution for the following agents: Agent5(57->56)
 00:04:30 | 00:00:02 | 0.07:55:06 |  98.98%  |  11046  |  11096   | 60%  |  256240  |   0    | 172.04MB  
 00:04:30 | WARNING! Aborting CBS - could not obtain an initial solution for the following agents: Agent24(25->24)
 00:04:30 | WARNING! Aborting CBS - could not obtain an initial solution for the following agents: Agent24(25->24)
 00:04:30 | WARNING! Aborting CBS - could not obtain an initial solution for the following agents: Agent24(25->24)
 00:04:32 | WARNING! Aborting CBS - could not obtain an initial solution for the following agents: Agent7(57->56)
 00:04:32 | 00:00:00 | 0.08:00:00 | 100.00%  |  11159  |  11210   | 60%  |  259168  |   0    | 171.75MB  
 00:04:32 | >>> Simulation finished - writing results ...
 00:04:33 | >>> Results written
Simulation finished.
>>> Timings
StatTimingPathPlanningAverage: 0.013412027558058665
StatTimingPathPlanningOverall: 211.9502715000011
StatTimingPathPlanningCount: 15803
StatTimingTaskAllocationAverage: 0.001459524910233399
StatTimingTaskAllocationOverall: 22.76275050000009
StatTimingTaskAllocationCount: 15596
StatTimingItemStorageAverage: 3.471989505111886E-06
StatTimingItemStorageOverall: 0.03837590000000168
StatTimingItemStorageCount: 11053
StatTimingPodStorageAverage: 0.0019484053079947574
StatTimingPodStorageOverall: 5.946533
StatTimingPodStorageCount: 3052
StatTimingReplenishmentBatchingAverage: 7.958781239301602E-06
StatTimingReplenishmentBatchingOverall: 0.09299039999999992
StatTimingReplenishmentBatchingCount: 11684
StatTimingOrderBatchingAverage: 0.00010820575836664642
StatTimingOrderBatchingOverall: 3.2752801000000202
StatTimingOrderBatchingCount: 30269
>>> Overall
StatOverallBundlesPlaced: 15180
StatOverallItemsOrdered: 11203
StatOverallOrdersPlaced: 11203
StatOverallBundlesRejected: 0
StatOverallOrdersRejected: 0
StatOverallBundlesHandled: 11210
StatOverallItemsHandled: 11162
StatOverallLinesHandled: 11162
StatOverallOrdersHandled: 11159
StatOverallCollisions: 0
StatOverallDistanceTraveled: 259168.29549508647
StatOverallDistanceEstimated: 238744
StatOverallAssignedTasks: 15596
StatMaxMemoryUsed: 174.8515625
StatRealTimeUsed: 272.6929442
StatAverageTurnoverTime: 367.9417074386052
StatMedianTurnoverTime: 214.4509403054035
StatLowerQuartileTurnoverTime: 121.21770537663724
StatUpperQuartileTurnoverTime: 477.73517162821963
StatAverageThroughputTime: 114.10783031691324
StatMedianThroughputTime: 120.85869255487523
StatLowerQuartileThroughputTime: 80.93315294342392
StatUpperQuartileThroughputTime: 142.07110871981058
>>> Energy (Rizqi model)
StatEnergyTotalKJ: 19291.799387826937
StatEnergyE1AccelKJ: 5407.65520474998
StatEnergyE2DecelKJ: 0
StatEnergyE3CruiseKJ: 9775.062038000005
StatEnergyE4RotationKJ: 3284.697456187987
StatEnergyE5LiftLowerKJ: 824.3846888888891
StatEnergyPerOrderKJ: 1.72881077048364
StatEnergyPerMeterJoule: 74.41302275316751
StatDistanceTraveledRizqiM: 259253
>>> Motion Behavior
StatTurningCount: 32406
StatStopAndGoCount: 43992
StatLoadedDistanceM: 174350
StatLoadedTurningCount: 23751
StatWaitTimeSec: 377292.4174161843

Marked tag finished after 1 tries!
.Fin. - SUCCESS
