<<< Welcome to the RAWSimO CLI >>>
The time is: 04/14/2026 01:00:51
Starting RAWSimO wrapper with the following arguments:
Instance: Material/Instances/PP/1-4-4-32-550.xinst
Setting: Material/Instances/PP/PPMinimal.xsett
ControlConfig: Material/Instances/PP/aesop-ecbs.xconf
StatisticsDir: C:\Users\Aesop\Desktop\rawsim-o-rmfs-world-models\output_exp\ecbs\seed_26
Seed: 26
Adding handler for unhandled exceptions ...
Initializing ... 
Instance recognized!
Parsing setting config ...
Parsing control config ...
Parsing instance ...
StatisticsFolder: 1-4-4-32-550-PPMinimal-aesop-ecbs-26
Done!
Executing ... 
 01:00:53 | >>> Warming up ...
 00:00:00 | >>> Warmup finished - starting simulation ...
 Realtime |   ETA    |  Sim.Time  | Progress | #Orders | #Bundles | Inv. | Distance | #Coll. |   Memory    
 00:00:00 |   n/a    | 0.00:00:00 |  0.00%   |    0    |    0     | 60%  |    0     |   0    | 122.93MB  
 00:00:05 | 01:51:20 | 0.00:00:21 |  0.07%   |    0    |    0     | 60%  |   498    |   0    | 142.38MB  
 00:00:07 | WARNING! Aborting ECBS - could not obtain an initial solution for the following agents: Agent2(19->18)
 00:00:07 | WARNING! Aborting ECBS - could not obtain an initial solution for the following agents: Agent2(19->18)
 00:00:10 | 02:18:08 | 0.00:00:34 |  0.12%   |    0    |    0     | 60%  |   813    |   0    | 153.48MB  
 00:00:15 | 02:45:34 | 0.00:00:43 |  0.15%   |    0    |    0     | 60%  |   987    |   0    | 158.45MB  
 00:00:20 | 03:14:50 | 0.00:00:49 |  0.17%   |    2    |    0     | 60%  |   1105   |   0    | 165.65MB  
 00:00:25 | 03:09:37 | 0.00:01:03 |  0.22%   |    5    |    0     | 60%  |   1393   |   0    | 170.89MB  
 00:00:25 | WARNING! Aborting ECBS - could not obtain an initial solution for the following agents: Agent8(41->40)
 00:00:25 | WARNING! Aborting ECBS - could not obtain an initial solution for the following agents: Agent8(41->40)
 00:00:25 | WARNING! Aborting ECBS - could not obtain an initial solution for the following agents: Agent8(41->40)
 00:00:26 | WARNING! Aborting ECBS - could not obtain an initial solution for the following agents: Agent31(105->98)
 00:00:26 | WARNING! Aborting ECBS - could not obtain an initial solution for the following agents: Agent17(73->72)
 00:00:30 | 00:30:07 | 0.00:07:50 |  1.63%   |   168   |   155    | 60%  |   4091   |   0    | 170.03MB  
 00:00:32 | WARNING! Aborting ECBS - could not obtain an initial solution for the following agents: Agent14(8->2)
 00:00:32 | WARNING! Aborting ECBS - could not obtain an initial solution for the following agents: Agent14(8->1)
 00:00:32 | WARNING! Aborting ECBS - could not obtain an initial solution for the following agents: Agent14(8->1)
 00:00:32 | WARNING! Aborting ECBS - could not obtain an initial solution for the following agents: Agent14(8->2)
 00:00:33 | WARNING! Aborting ECBS - could not obtain an initial solution for the following agents: Agent26(19->17)
 00:00:33 | WARNING! Aborting ECBS - could not obtain an initial solution for the following agents: Agent26(19->17)
 00:00:33 | WARNING! Aborting ECBS - could not obtain an initial solution for the following agents: Agent26(19->17)
 00:00:33 | WARNING! Aborting ECBS - could not obtain an initial solution for the following agents: Agent26(19->18)
 00:00:34 | WARNING! Aborting ECBS - could not obtain an initial solution for the following agents: Agent16(56->55)
 00:00:35 | 00:18:39 | 0.00:14:33 |  3.03%   |   326   |   313    | 60%  |   7313   |   0    | 171.75MB  
 00:00:38 | WARNING! Aborting ECBS - could not obtain an initial solution for the following agents: Agent26(25->24)
 00:00:38 | WARNING! Aborting ECBS - could not obtain an initial solution for the following agents: Agent26(25->24)
 00:00:38 | WARNING! Aborting ECBS - could not obtain an initial solution for the following agents: Agent26(25->24)
 00:00:39 | WARNING! Aborting ECBS - could not obtain an initial solution for the following agents: Agent27(9->8)
 00:00:40 | 00:13:24 | 0.00:22:44 |  4.74%   |   519   |   504    | 60%  |  10900   |   0    | 172.43MB  
 00:00:41 | WARNING! Aborting ECBS - could not obtain an initial solution for the following agents: Agent19(9->8)
 00:00:41 | WARNING! Aborting ECBS - could not obtain an initial solution for the following agents: Agent19(9->8)
 00:00:41 | WARNING! Aborting ECBS - could not obtain an initial solution for the following agents: Agent19(9->8)
 00:00:41 | WARNING! Aborting ECBS - could not obtain an initial solution for the following agents: Agent16(57->56)
 00:00:45 | 00:10:11 | 0.00:32:53 |  6.85%   |   759   |   742    | 60%  |  15844   |   0    | 174.13MB  
 00:00:47 | WARNING! Aborting ECBS - could not obtain an initial solution for the following agents: Agent8(41->40)
 00:00:47 | WARNING! Aborting ECBS - could not obtain an initial solution for the following agents: Agent8(41->40)
 00:00:48 | WARNING! Aborting ECBS - could not obtain an initial solution for the following agents: Agent30(41->40)
 00:00:49 | WARNING! Aborting ECBS - could not obtain an initial solution for the following agents: Agent19(9->8)
 00:00:49 | WARNING! Aborting ECBS - could not obtain an initial solution for the following agents: Agent19(9->8)
 00:00:50 | 00:08:46 | 0.00:41:39 |  8.68%   |   965   |   948    | 60%  |  20250   |   0    | 175.61MB  
 00:00:50 | WARNING! Aborting ECBS - could not obtain an initial solution for the following agents: Agent9(57->56)
 00:00:50 | WARNING! Aborting ECBS - could not obtain an initial solution for the following agents: Agent9(57->56)
 00:00:51 | WARNING! Aborting ECBS - could not obtain an initial solution for the following agents: Agent26(25->24)
 00:00:51 | WARNING! Aborting ECBS - could not obtain an initial solution for the following agents: Agent26(25->24)
 00:00:54 | WARNING! Aborting ECBS - could not obtain an initial solution for the following agents: Agent19(8->2)
 00:00:55 | 00:07:50 | 0.00:50:13 |  10.46%  |  1166   |   1148   | 60%  |  24781   |   0    | 177.65MB  
 00:01:00 | 00:07:27 | 0.00:56:46 |  11.83%  |  1320   |   1302   | 60%  |  28550   |   0    | 179.55MB  
 00:01:04 | WARNING! Aborting ECBS - could not obtain an initial solution for the following agents: Agent14(3->1)
 00:01:04 | WARNING! Aborting ECBS - could not obtain an initial solution for the following agents: Agent14(3->1)
 00:01:04 | WARNING! Aborting ECBS - could not obtain an initial solution for the following agents: Agent9(57->56)
 00:01:04 | WARNING! Aborting ECBS - could not obtain an initial solution for the following agents: Agent9(57->56)
 00:01:05 | 00:07:07 | 0.01:03:22 |  13.20%  |  1476   |   1455   | 60%  |  32322   |   0    | 177.72MB  
 00:01:07 | WARNING! Aborting ECBS - could not obtain an initial solution for the following agents: Agent7(57->56)
 00:01:07 | WARNING! Aborting ECBS - could not obtain an initial solution for the following agents: Agent7(57->56)
 00:01:07 | WARNING! Aborting ECBS - could not obtain an initial solution for the following agents: Agent29(51->50)
 00:01:10 | 00:06:38 | 0.01:11:46 |  14.95%  |  1671   |   1652   | 60%  |  36846   |   0    | 178.19MB  
 00:01:10 | WARNING! Aborting ECBS - could not obtain an initial solution for the following agents: Agent9(56->49)
 00:01:10 | WARNING! Aborting ECBS - could not obtain an initial solution for the following agents: Agent9(56->50)
 00:01:11 | WARNING! Aborting ECBS - could not obtain an initial solution for the following agents: Agent28(41->40)
 00:01:11 | WARNING! Aborting ECBS - could not obtain an initial solution for the following agents: Agent28(41->40)
 00:01:11 | WARNING! Aborting ECBS - could not obtain an initial solution for the following agents: Agent28(41->40)
 00:01:12 | WARNING! Aborting ECBS - could not obtain an initial solution for the following agents: Agent24(25->24)
 00:01:12 | WARNING! Aborting ECBS - could not obtain an initial solution for the following agents: Agent24(25->24)
 00:01:14 | WARNING! Aborting ECBS - could not obtain an initial solution for the following agents: Agent10(41->40)
 00:01:15 | 00:06:18 | 0.01:19:23 |  16.54%  |  1849   |   1831   | 60%  |  40936   |   0    | 178.57MB  
 00:01:17 | WARNING! Aborting ECBS - could not obtain an initial solution for the following agents: Agent10(41->40)
 00:01:17 | WARNING! Aborting ECBS - could not obtain an initial solution for the following agents: Agent10(41->40)
 00:01:17 | WARNING! Aborting ECBS - could not obtain an initial solution for the following agents: Agent4(8->2)
 00:01:20 | 00:06:02 | 0.01:26:49 |  18.09%  |  2019   |   2004   | 60%  |  45145   |   0    | 179.94MB  
 00:01:24 | WARNING! Aborting ECBS - could not obtain an initial solution for the following agents: Agent4(9->8)
 00:01:24 | WARNING! Aborting ECBS - could not obtain an initial solution for the following agents: Agent4(9->8)
 00:01:25 | 00:05:50 | 0.01:33:41 |  19.52%  |  2178   |   2165   | 60%  |  48860   |   0    | 181.39MB  
 00:01:25 | WARNING! Aborting ECBS - could not obtain an initial solution for the following agents: Agent5(56->55)
 00:01:25 | WARNING! Aborting ECBS - could not obtain an initial solution for the following agents: Agent1(9->8)
 00:01:27 | WARNING! Aborting ECBS - could not obtain an initial solution for the following agents: Agent8(41->39)
 00:01:28 | WARNING! Aborting ECBS - could not obtain an initial solution for the following agents: Agent1(3->0)
 00:01:28 | WARNING! Aborting ECBS - could not obtain an initial solution for the following agents: Agent1(3->0)
 00:01:28 | WARNING! Aborting ECBS - could not obtain an initial solution for the following agents: Agent1(3->1)
 00:01:30 | 00:05:25 | 0.01:43:54 |  21.65%  |  2418   |   2405   | 60%  |  54061   |   0    | 180.60MB  
 00:01:30 | WARNING! Aborting ECBS - could not obtain an initial solution for the following agents: Agent29(51->49)
 00:01:30 | WARNING! Aborting ECBS - could not obtain an initial solution for the following agents: Agent29(51->49)
 00:01:30 | WARNING! Aborting ECBS - could not obtain an initial solution for the following agents: Agent29(51->49)
 00:01:30 | WARNING! Aborting ECBS - could not obtain an initial solution for the following agents: Agent29(51->50)
 00:01:30 | WARNING! Aborting ECBS - could not obtain an initial solution for the following agents: Agent29(51->50)
 00:01:30 | WARNING! Aborting ECBS - could not obtain an initial solution for the following agents: Agent29(51->50)
 00:01:31 | WARNING! Aborting ECBS - could not obtain an initial solution for the following agents: Agent2(25->24)
 00:01:31 | WARNING! Aborting ECBS - could not obtain an initial solution for the following agents: Agent2(25->24)
 00:01:32 | WARNING! Aborting ECBS - could not obtain an initial solution for the following agents: Agent19(9->8)
 00:01:33 | WARNING! Aborting ECBS - could not obtain an initial solution for the following agents: Agent7(57->56)
 00:01:34 | WARNING! Aborting ECBS - could not obtain an initial solution for the following agents: Agent9(56->55)
 00:01:34 | WARNING! Aborting ECBS - could not obtain an initial solution for the following agents: Agent26(27->26)
 00:01:34 | WARNING! Aborting ECBS - could not obtain an initial solution for the following agents: Agent26(27->26)
 00:01:34 | WARNING! Aborting ECBS - could not obtain an initial solution for the following agents: Agent26(27->26)
 00:01:34 | WARNING! Aborting ECBS - could not obtain an initial solution for the following agents: Agent26(27->26)
 00:01:34 | WARNING! Aborting ECBS - could not obtain an initial solution for the following agents: Agent26(27->26)
 00:01:34 | WARNING! Aborting ECBS - could not obtain an initial solution for the following agents: Agent26(27->26)
 00:01:35 | 00:05:13 | 0.01:51:29 |  23.23%  |  2594   |   2582   | 60%  |  58338   |   0    | 183.66MB  
 00:01:35 | WARNING! Aborting ECBS - could not obtain an initial solution for the following agents: Agent2(25->24)
 00:01:37 | WARNING! Aborting ECBS - could not obtain an initial solution for the following agents: Agent29(57->56)
 00:01:40 | 00:04:59 | 0.02:00:04 |  25.02%  |  2798   |   2784   | 60%  |  63284   |   0    | 183.91MB  
 00:01:42 | WARNING! Aborting ECBS - could not obtain an initial solution for the following agents: Agent24(24->23)
 00:01:44 | WARNING! Aborting ECBS - could not obtain an initial solution for the following agents: Agent26(25->24)
 00:01:44 | WARNING! Aborting ECBS - could not obtain an initial solution for the following agents: Agent26(25->24)
 00:01:44 | WARNING! Aborting ECBS - could not obtain an initial solution for the following agents: Agent26(25->24)
 00:01:44 | WARNING! Aborting ECBS - could not obtain an initial solution for the following agents: Agent8(43->42)
 00:01:44 | WARNING! Aborting ECBS - could not obtain an initial solution for the following agents: Agent8(43->42)
 00:01:44 | WARNING! Aborting ECBS - could not obtain an initial solution for the following agents: Agent8(43->42)
 00:01:44 | WARNING! Aborting ECBS - could not obtain an initial solution for the following agents: Agent8(43->42)
 00:01:45 | 00:04:46 | 0.02:08:34 |  26.79%  |  2992   |   2983   | 60%  |  67834   |   0    | 187.82MB  
 00:01:45 | WARNING! Aborting ECBS - could not obtain an initial solution for the following agents: Agent10(41->40)
 00:01:45 | WARNING! Aborting ECBS - could not obtain an initial solution for the following agents: Agent10(41->34)
 00:01:45 | WARNING! Aborting ECBS - could not obtain an initial solution for the following agents: Agent10(41->34)
 00:01:45 | WARNING! Aborting ECBS - could not obtain an initial solution for the following agents: Agent10(41->34)
 00:01:46 | WARNING! Aborting ECBS - could not obtain an initial solution for the following agents: Agent14(8->1)
 00:01:46 | WARNING! Aborting ECBS - could not obtain an initial solution for the following agents: Agent5(57->56)
 00:01:46 | WARNING! Aborting ECBS - could not obtain an initial solution for the following agents: Agent5(57->56)
 00:01:48 | WARNING! Aborting ECBS - could not obtain an initial solution for the following agents: Agent4(9->8)
 00:01:49 | WARNING! Aborting ECBS - could not obtain an initial solution for the following agents: Agent28(42->34)
 00:01:49 | WARNING! Aborting ECBS - could not obtain an initial solution for the following agents: Agent28(42->34)
 00:01:49 | WARNING! Aborting ECBS - could not obtain an initial solution for the following agents: Agent28(42->34)
 00:01:50 | 00:04:36 | 0.02:16:30 |  28.44%  |  3176   |   3168   | 60%  |  72631   |   0    | 186.45MB  
 00:01:50 | WARNING! Aborting ECBS - could not obtain an initial solution for the following agents: Agent25(9->8)
 00:01:52 | WARNING! Aborting ECBS - could not obtain an initial solution for the following agents: Agent0(26->25)
 00:01:52 | WARNING! Aborting ECBS - could not obtain an initial solution for the following agents: Agent0(26->25)
 00:01:53 | WARNING! Aborting ECBS - could not obtain an initial solution for the following agents: Agent9(57->56)
 00:01:53 | WARNING! Aborting ECBS - could not obtain an initial solution for the following agents: Agent9(57->56)
 00:01:53 | WARNING! Aborting ECBS - could not obtain an initial solution for the following agents: Agent9(57->56)
 00:01:55 | 00:04:29 | 0.02:23:29 |  29.89%  |  3337   |   3332   | 60%  |  76814   |   0    | 189.54MB  
 00:01:55 | WARNING! Aborting ECBS - could not obtain an initial solution for the following agents: Agent29(57->56)
 00:01:58 | WARNING! Aborting ECBS - could not obtain an initial solution for the following agents: Agent7(57->56),Agent30(41->40)
 00:02:00 | 00:04:14 | 0.02:33:49 |  32.05%  |  3574   |   3574   | 60%  |  82415   |   0    | 195.38MB  
 00:02:02 | WARNING! Aborting ECBS - could not obtain an initial solution for the following agents: Agent9(56->55)
 00:02:03 | WARNING! Aborting ECBS - could not obtain an initial solution for the following agents: Agent30(40->39)
 00:02:03 | WARNING! Aborting ECBS - could not obtain an initial solution for the following agents: Agent30(40->39)
 00:02:04 | WARNING! Aborting ECBS - could not obtain an initial solution for the following agents: Agent19(9->8)
 00:02:04 | WARNING! Aborting ECBS - could not obtain an initial solution for the following agents: Agent27(3->1)
 00:02:04 | WARNING! Aborting ECBS - could not obtain an initial solution for the following agents: Agent27(3->2)
 00:02:04 | WARNING! Aborting ECBS - could not obtain an initial solution for the following agents: Agent16(57->56)
 00:02:05 | 00:04:04 | 0.02:42:23 |  33.83%  |  3777   |   3775   | 60%  |  87148   |   0    | 193.61MB  
 00:02:06 | WARNING! Aborting ECBS - could not obtain an initial solution for the following agents: Agent5(57->56)
 00:02:06 | WARNING! Aborting ECBS - could not obtain an initial solution for the following agents: Agent1(9->8)
 00:02:06 | WARNING! Aborting ECBS - could not obtain an initial solution for the following agents: Agent1(9->8)
 00:02:06 | WARNING! Aborting ECBS - could not obtain an initial solution for the following agents: Agent19(9->8)
 00:02:06 | WARNING! Aborting ECBS - could not obtain an initial solution for the following agents: Agent19(9->8)
 00:02:06 | WARNING! Aborting ECBS - could not obtain an initial solution for the following agents: Agent19(9->2)
 00:02:10 | 00:03:57 | 0.02:49:51 |  35.39%  |  3948   |   3950   | 60%  |  91673   |   0    | 192.86MB  
 00:02:10 | WARNING! Aborting ECBS - could not obtain an initial solution for the following agents: Agent0(26->25)
 00:02:10 | WARNING! Aborting ECBS - could not obtain an initial solution for the following agents: Agent0(26->25)
 00:02:10 | WARNING! Aborting ECBS - could not obtain an initial solution for the following agents: Agent0(26->25)
 00:02:11 | WARNING! Aborting ECBS - could not obtain an initial solution for the following agents: Agent7(57->56)
 00:02:11 | WARNING! Aborting ECBS - could not obtain an initial solution for the following agents: Agent7(57->56)
 00:02:11 | WARNING! Aborting ECBS - could not obtain an initial solution for the following agents: Agent7(57->56)
 00:02:15 | 00:03:46 | 0.02:59:02 |  37.30%  |  4162   |   4166   | 60%  |  96705   |   0    | 193.75MB  
 00:02:20 | 00:03:39 | 0.03:06:57 |  38.95%  |  4341   |   4351   | 60%  |  100997  |   0    | 193.05MB  
 00:02:21 | WARNING! Aborting ECBS - could not obtain an initial solution for the following agents: Agent4(8->7)
 00:02:22 | WARNING! Aborting ECBS - could not obtain an initial solution for the following agents: Agent11(25->24)
 00:02:23 | WARNING! Aborting ECBS - could not obtain an initial solution for the following agents: Agent30(41->40)
 00:02:23 | WARNING! Aborting ECBS - could not obtain an initial solution for the following agents: Agent30(41->40)
 00:02:25 | 00:03:28 | 0.03:17:05 |  41.06%  |  4577   |   4589   | 60%  |  106418  |   0    | 193.70MB  
 00:02:27 | WARNING! Aborting ECBS - could not obtain an initial solution for the following agents: Agent24(24->17)
 00:02:27 | WARNING! Aborting ECBS - could not obtain an initial solution for the following agents: Agent24(24->22)
 00:02:28 | WARNING! Aborting ECBS - could not obtain an initial solution for the following agents: Agent16(57->56)
 00:02:29 | WARNING! Aborting ECBS - could not obtain an initial solution for the following agents: Agent8(41->40)
 00:02:29 | WARNING! Aborting ECBS - could not obtain an initial solution for the following agents: Agent8(41->40)
 00:02:30 | 00:03:19 | 0.03:26:07 |  42.94%  |  4788   |   4802   | 60%  |  111205  |   0    | 192.95MB  
 00:02:30 | WARNING! Aborting ECBS - could not obtain an initial solution for the following agents: Agent4(3->1)
 00:02:31 | WARNING! Aborting ECBS - could not obtain an initial solution for the following agents: Agent4(3->2)
 00:02:31 | WARNING! Aborting ECBS - could not obtain an initial solution for the following agents: Agent5(57->56)
 00:02:31 | WARNING! Aborting ECBS - could not obtain an initial solution for the following agents: Agent5(57->56)
 00:02:32 | WARNING! Aborting ECBS - could not obtain an initial solution for the following agents: Agent27(9->8)
 00:02:34 | WARNING! Aborting ECBS - could not obtain an initial solution for the following agents: Agent21(41->34)
 00:02:34 | WARNING! Aborting ECBS - could not obtain an initial solution for the following agents: Agent21(41->35)
 00:02:35 | 00:03:09 | 0.03:35:42 |  44.94%  |  5010   |   5026   | 60%  |  116655  |   0    | 195.59MB  
 00:02:35 | WARNING! Aborting ECBS - could not obtain an initial solution for the following agents: Agent19(3->1)
 00:02:36 | WARNING! Aborting ECBS - could not obtain an initial solution for the following agents: Agent24(25->24)
 00:02:36 | WARNING! Aborting ECBS - could not obtain an initial solution for the following agents: Agent24(25->24)
 00:02:39 | WARNING! Aborting ECBS - could not obtain an initial solution for the following agents: Agent30(41->40)
 00:02:39 | WARNING! Aborting ECBS - could not obtain an initial solution for the following agents: Agent30(41->40)
 00:02:39 | WARNING! Aborting ECBS - could not obtain an initial solution for the following agents: Agent30(41->40)
 00:02:40 | 00:03:02 | 0.03:44:23 |  46.75%  |  5212   |   5228   | 60%  |  121179  |   0    | 198.19MB  
 00:02:40 | WARNING! Aborting ECBS - could not obtain an initial solution for the following agents: Agent7(56->55)
 00:02:40 | WARNING! Aborting ECBS - could not obtain an initial solution for the following agents: Agent4(9->8)
 00:02:41 | WARNING! Aborting ECBS - could not obtain an initial solution for the following agents: Agent26(19->17)
 00:02:41 | WARNING! Aborting ECBS - could not obtain an initial solution for the following agents: Agent26(19->17)
 00:02:41 | WARNING! Aborting ECBS - could not obtain an initial solution for the following agents: Agent26(19->17)
 00:02:41 | WARNING! Aborting ECBS - could not obtain an initial solution for the following agents: Agent26(19->18)
 00:02:41 | WARNING! Aborting ECBS - could not obtain an initial solution for the following agents: Agent26(19->18)
 00:02:41 | WARNING! Aborting ECBS - could not obtain an initial solution for the following agents: Agent26(19->18)
 00:02:42 | WARNING! Aborting ECBS - could not obtain an initial solution for the following agents: Agent16(57->56)
 00:02:43 | WARNING! Aborting ECBS - could not obtain an initial solution for the following agents: Agent16(57->56)
 00:02:44 | WARNING! Aborting ECBS - could not obtain an initial solution for the following agents: Agent5(58->57)
 00:02:44 | WARNING! Aborting ECBS - could not obtain an initial solution for the following agents: Agent5(58->57)
 00:02:44 | WARNING! Aborting ECBS - could not obtain an initial solution for the following agents: Agent5(58->57)
 00:02:44 | WARNING! Aborting ECBS - could not obtain an initial solution for the following agents: Agent7(57->56)
 00:02:44 | WARNING! Aborting ECBS - could not obtain an initial solution for the following agents: Agent7(57->56)
 00:02:45 | 00:02:55 | 0.03:52:37 |  48.46%  |  5406   |   5422   | 60%  |  125828  |   0    | 195.85MB  
 00:02:45 | WARNING! Aborting ECBS - could not obtain an initial solution for the following agents: Agent26(25->24)
 00:02:45 | WARNING! Aborting ECBS - could not obtain an initial solution for the following agents: Agent26(25->24)
 00:02:45 | WARNING! Aborting ECBS - could not obtain an initial solution for the following agents: Agent4(3->1)
 00:02:48 | WARNING! Aborting ECBS - could not obtain an initial solution for the following agents: Agent4(3->1)
 00:02:48 | WARNING! Aborting ECBS - could not obtain an initial solution for the following agents: Agent4(3->1)
 00:02:48 | WARNING! Aborting ECBS - could not obtain an initial solution for the following agents: Agent4(3->1)
 00:02:48 | WARNING! Aborting ECBS - could not obtain an initial solution for the following agents: Agent4(3->1)
 00:02:48 | WARNING! Aborting ECBS - could not obtain an initial solution for the following agents: Agent4(3->2)
 00:02:48 | WARNING! Aborting ECBS - could not obtain an initial solution for the following agents: Agent4(3->2)
 00:02:48 | WARNING! Aborting ECBS - could not obtain an initial solution for the following agents: Agent5(57->56)
 00:02:50 | 00:02:44 | 0.04:03:56 |  50.82%  |  5668   |   5686   | 60%  |  131476  |   0    | 199.18MB  
 00:02:51 | WARNING! Aborting ECBS - could not obtain an initial solution for the following agents: Agent30(41->40)
 00:02:52 | WARNING! Aborting ECBS - could not obtain an initial solution for the following agents: Agent30(41->40)
 00:02:52 | WARNING! Aborting ECBS - could not obtain an initial solution for the following agents: Agent30(41->40)
 00:02:52 | WARNING! Aborting ECBS - could not obtain an initial solution for the following agents: Agent10(41->40)
 00:02:52 | WARNING! Aborting ECBS - could not obtain an initial solution for the following agents: Agent10(41->40)
 00:02:52 | WARNING! Aborting ECBS - could not obtain an initial solution for the following agents: Agent10(41->40)
 00:02:55 | 00:02:40 | 0.04:10:32 |  52.20%  |  5818   |   5841   | 60%  |  135422  |   0    | 199.61MB  
 00:02:55 | WARNING! Aborting ECBS - could not obtain an initial solution for the following agents: Agent29(57->56)
 00:02:56 | WARNING! Aborting ECBS - could not obtain an initial solution for the following agents: Agent28(41->40)
 00:02:58 | WARNING! Aborting ECBS - could not obtain an initial solution for the following agents: Agent2(24->23)
 00:02:58 | WARNING! Aborting ECBS - could not obtain an initial solution for the following agents: Agent2(24->23)
 00:02:58 | WARNING! Aborting ECBS - could not obtain an initial solution for the following agents: Agent2(24->23)
 00:03:00 | 00:02:33 | 0.04:18:51 |  53.93%  |  6013   |   6038   | 60%  |  139455  |   0    | 200.28MB  
 00:03:02 | WARNING! Aborting ECBS - could not obtain an initial solution for the following agents: Agent28(41->40)
 00:03:02 | WARNING! Aborting ECBS - could not obtain an initial solution for the following agents: Agent28(41->40)
 00:03:02 | WARNING! Aborting ECBS - could not obtain an initial solution for the following agents: Agent28(41->40)
 00:03:04 | WARNING! Aborting ECBS - could not obtain an initial solution for the following agents: Agent1(8->1)
 00:03:04 | WARNING! Aborting ECBS - could not obtain an initial solution for the following agents: Agent1(8->1)
 00:03:04 | WARNING! Aborting ECBS - could not obtain an initial solution for the following agents: Agent1(8->1)
 00:03:04 | WARNING! Aborting ECBS - could not obtain an initial solution for the following agents: Agent1(8->2)
 00:03:05 | 00:02:28 | 0.04:26:09 |  55.45%  |  6185   |   6206   | 60%  |  143485  |   0    | 202.23MB  
 00:03:05 | WARNING! Aborting ECBS - could not obtain an initial solution for the following agents: Agent28(42->41)
 00:03:05 | WARNING! Aborting ECBS - could not obtain an initial solution for the following agents: Agent10(41->40)
 00:03:05 | WARNING! Aborting ECBS - could not obtain an initial solution for the following agents: Agent10(41->40)
 00:03:07 | WARNING! Aborting ECBS - could not obtain an initial solution for the following agents: Agent5(58->57)
 00:03:07 | WARNING! Aborting ECBS - could not obtain an initial solution for the following agents: Agent5(58->57)
 00:03:07 | WARNING! Aborting ECBS - could not obtain an initial solution for the following agents: Agent5(58->57)
 00:03:07 | WARNING! Aborting ECBS - could not obtain an initial solution for the following agents: Agent29(57->56)
 00:03:10 | 00:02:21 | 0.04:35:03 |  57.30%  |  6393   |   6417   | 60%  |  148135  |   0    | 206.98MB  
 00:03:10 | WARNING! Aborting ECBS - could not obtain an initial solution for the following agents: Agent26(25->24)
 00:03:10 | WARNING! Aborting ECBS - could not obtain an initial solution for the following agents: Agent26(25->24)
 00:03:11 | WARNING! Aborting ECBS - could not obtain an initial solution for the following agents: Agent28(42->41)
 00:03:15 | 00:02:14 | 0.04:44:23 |  59.25%  |  6610   |   6634   | 60%  |  153032  |   0    | 208.91MB  
 00:03:19 | WARNING! Aborting ECBS - could not obtain an initial solution for the following agents: Agent19(9->8)
 00:03:19 | WARNING! Aborting ECBS - could not obtain an initial solution for the following agents: Agent19(9->8)
 00:03:20 | 00:02:10 | 0.04:50:32 |  60.53%  |  6749   |   6778   | 60%  |  156705  |   0    | 213.68MB  
 00:03:20 | WARNING! Aborting ECBS - could not obtain an initial solution for the following agents: Agent1(9->2)
 00:03:25 | 00:02:10 | 0.04:53:39 |  61.18%  |  6821   |   6852   | 60%  |  158406  |   0    | 220.84MB  
 00:03:30 | 00:02:13 | 0.04:53:48 |  61.21%  |  6825   |   6855   | 60%  |  158499  |   0    | 216.66MB  
 00:03:30 | WARNING! Aborting ECBS - could not obtain an initial solution for the following agents: Agent4(9->8)
 00:03:30 | WARNING! Aborting ECBS - could not obtain an initial solution for the following agents: Agent4(9->8)
 00:03:31 | WARNING! Aborting ECBS - could not obtain an initial solution for the following agents: Agent2(24->23)
 00:03:32 | WARNING! Aborting ECBS - could not obtain an initial solution for the following agents: Agent28(41->40)
 00:03:32 | WARNING! Aborting ECBS - could not obtain an initial solution for the following agents: Agent28(41->40)
 00:03:32 | WARNING! Aborting ECBS - could not obtain an initial solution for the following agents: Agent28(41->40)
 00:03:33 | WARNING! Aborting ECBS - could not obtain an initial solution for the following agents: Agent29(57->56)
 00:03:34 | WARNING! Aborting ECBS - could not obtain an initial solution for the following agents: Agent26(25->24)
 00:03:34 | WARNING! Aborting ECBS - could not obtain an initial solution for the following agents: Agent26(25->24)
 00:03:35 | 00:02:07 | 0.05:01:09 |  62.74%  |  6997   |   7028   | 60%  |  162654  |   0    | 217.36MB  
 00:03:38 | WARNING! Aborting ECBS - could not obtain an initial solution for the following agents: Agent11(25->24)
 00:03:38 | WARNING! Aborting ECBS - could not obtain an initial solution for the following agents: Agent11(25->24)
 00:03:40 | 00:02:01 | 0.05:09:19 |  64.44%  |  7190   |   7220   | 60%  |  167090  |   0    | 218.59MB  
 00:03:41 | WARNING! Aborting ECBS - could not obtain an initial solution for the following agents: Agent4(8->6)
 00:03:42 | WARNING! Aborting ECBS - could not obtain an initial solution for the following agents: Agent29(57->56)
 00:03:42 | WARNING! Aborting ECBS - could not obtain an initial solution for the following agents: Agent29(57->56)
 00:03:45 | 00:01:53 | 0.05:18:41 |  66.39%  |  7404   |   7439   | 60%  |  172135  |   0    | 216.96MB  
 00:03:45 | WARNING! Aborting ECBS - could not obtain an initial solution for the following agents: Agent14(3->1)
 00:03:45 | WARNING! Aborting ECBS - could not obtain an initial solution for the following agents: Agent14(3->1)
 00:03:45 | WARNING! Aborting ECBS - could not obtain an initial solution for the following agents: Agent14(3->1)
 00:03:45 | WARNING! Aborting ECBS - could not obtain an initial solution for the following agents: Agent14(3->2)
 00:03:45 | WARNING! Aborting ECBS - could not obtain an initial solution for the following agents: Agent14(3->2)
 00:03:45 | WARNING! Aborting ECBS - could not obtain an initial solution for the following agents: Agent10(43->42)
 00:03:45 | WARNING! Aborting ECBS - could not obtain an initial solution for the following agents: Agent10(43->42)
 00:03:46 | WARNING! Aborting ECBS - could not obtain an initial solution for the following agents: Agent28(41->40)
 00:03:47 | WARNING! Aborting ECBS - could not obtain an initial solution for the following agents: Agent5(58->57)
 00:03:47 | WARNING! Aborting ECBS - could not obtain an initial solution for the following agents: Agent5(58->57)
 00:03:47 | WARNING! Aborting ECBS - could not obtain an initial solution for the following agents: Agent5(58->57)
 00:03:47 | WARNING! Aborting ECBS - could not obtain an initial solution for the following agents: Agent7(57->56)
 00:03:47 | WARNING! Aborting ECBS - could not obtain an initial solution for the following agents: Agent7(57->56)
 00:03:48 | WARNING! Aborting ECBS - could not obtain an initial solution for the following agents: Agent10(41->40)
 00:03:48 | WARNING! Aborting ECBS - could not obtain an initial solution for the following agents: Agent10(41->40)
 00:03:49 | WARNING! Aborting ECBS - could not obtain an initial solution for the following agents: Agent21(40->39)
 00:03:50 | 00:01:46 | 0.05:28:24 |  68.42%  |  7628   |   7666   | 60%  |  177272  |   0    | 215.85MB  
 00:03:51 | WARNING! Aborting ECBS - could not obtain an initial solution for the following agents: Agent4(9->8)
 00:03:52 | WARNING! Aborting ECBS - could not obtain an initial solution for the following agents: Agent16(57->56)
 00:03:53 | WARNING! Aborting ECBS - could not obtain an initial solution for the following agents: Agent26(25->24)
 00:03:53 | WARNING! Aborting ECBS - could not obtain an initial solution for the following agents: Agent26(25->24)
 00:03:55 | 00:01:38 | 0.05:38:40 |  70.56%  |  7869   |   7908   | 60%  |  182561  |   0    | 217.21MB  
 00:03:55 | WARNING! Aborting ECBS - could not obtain an initial solution for the following agents: Agent24(24->23)
 00:03:55 | WARNING! Aborting ECBS - could not obtain an initial solution for the following agents: Agent24(24->23)
 00:04:00 | 00:01:33 | 0.05:45:55 |  72.07%  |  8032   |   8078   | 60%  |  186925  |   0    | 218.73MB  
 00:04:02 | WARNING! Aborting ECBS - could not obtain an initial solution for the following agents: Agent8(41->40)
 00:04:05 | 00:01:26 | 0.05:54:17 |  73.81%  |  8227   |   8273   | 60%  |  191618  |   0    | 216.71MB  
 00:04:06 | WARNING! Aborting ECBS - could not obtain an initial solution for the following agents: Agent7(56->55)
 00:04:06 | WARNING! Aborting ECBS - could not obtain an initial solution for the following agents: Agent7(56->55)
 00:04:07 | WARNING! Aborting ECBS - could not obtain an initial solution for the following agents: Agent8(40->39)
 00:04:07 | WARNING! Aborting ECBS - could not obtain an initial solution for the following agents: Agent8(40->39)
 00:04:10 | 00:01:21 | 0.06:01:32 |  75.32%  |  8395   |   8443   | 60%  |  195730  |   0    | 216.52MB  
 00:04:12 | WARNING! Aborting ECBS - could not obtain an initial solution for the following agents: Agent21(41->40)
 00:04:12 | WARNING! Aborting ECBS - could not obtain an initial solution for the following agents: Agent21(41->40)
 00:04:14 | WARNING! Aborting ECBS - could not obtain an initial solution for the following agents: Agent1(3->2)
 00:04:15 | 00:01:14 | 0.06:12:01 |  77.50%  |  8640   |   8690   | 60%  |  201204  |   0    | 216.85MB  
 00:04:18 | WARNING! Aborting ECBS - could not obtain an initial solution for the following agents: Agent21(40->39)
 00:04:18 | WARNING! Aborting ECBS - could not obtain an initial solution for the following agents: Agent21(40->39)
 00:04:18 | WARNING! Aborting ECBS - could not obtain an initial solution for the following agents: Agent4(9->8)
 00:04:19 | WARNING! Aborting ECBS - could not obtain an initial solution for the following agents: Agent11(25->24)
 00:04:19 | WARNING! Aborting ECBS - could not obtain an initial solution for the following agents: Agent11(25->24)
 00:04:20 | 00:01:10 | 0.06:17:10 |  78.58%  |  8761   |   8810   | 60%  |  203942  |   0    | 219.23MB  
 00:04:24 | WARNING! Aborting ECBS - could not obtain an initial solution for the following agents: Agent28(40->39)
 00:04:25 | 00:01:07 | 0.06:22:29 |  79.69%  |  8882   |   8934   | 60%  |  206821  |   0    | 216.80MB  
 00:04:30 | 00:01:03 | 0.06:28:29 |  80.94%  |  9022   |   9076   | 60%  |  210039  |   0    | 216.17MB  
 00:04:33 | WARNING! Aborting ECBS - could not obtain an initial solution for the following agents: Agent29(57->56)
 00:04:33 | WARNING! Aborting ECBS - could not obtain an initial solution for the following agents: Agent29(57->56)
 00:04:33 | WARNING! Aborting ECBS - could not obtain an initial solution for the following agents: Agent0(25->24)
 00:04:35 | 00:00:59 | 0.06:34:14 |  82.13%  |  9154   |   9210   | 60%  |  213587  |   0    | 219.58MB  
 00:04:40 | 00:01:00 | 0.06:34:23 |  82.17%  |  9158   |   9214   | 60%  |  213678  |   0    | 216.47MB  
 00:04:43 | WARNING! Aborting ECBS - could not obtain an initial solution for the following agents: Agent27(9->8)
 00:04:45 | 00:00:57 | 0.06:38:55 |  83.11%  |  9263   |   9321   | 60%  |  216430  |   0    | 220.50MB  
 00:04:47 | WARNING! Aborting ECBS - could not obtain an initial solution for the following agents: Agent0(27->26)
 00:04:47 | WARNING! Aborting ECBS - could not obtain an initial solution for the following agents: Agent0(27->26)
 00:04:47 | WARNING! Aborting ECBS - could not obtain an initial solution for the following agents: Agent0(27->26)
 00:04:47 | WARNING! Aborting ECBS - could not obtain an initial solution for the following agents: Agent0(27->26)
 00:04:47 | WARNING! Aborting ECBS - could not obtain an initial solution for the following agents: Agent0(27->26)
 00:04:47 | WARNING! Aborting ECBS - could not obtain an initial solution for the following agents: Agent16(57->56)
 00:04:49 | WARNING! Aborting ECBS - could not obtain an initial solution for the following agents: Agent24(25->24)
 00:04:49 | WARNING! Aborting ECBS - could not obtain an initial solution for the following agents: Agent19(9->8)
 00:04:49 | WARNING! Aborting ECBS - could not obtain an initial solution for the following agents: Agent19(9->8)
 00:04:49 | WARNING! Aborting ECBS - could not obtain an initial solution for the following agents: Agent19(9->8)
 00:04:50 | 00:00:49 | 0.06:50:19 |  85.49%  |  9526   |   9588   | 60%  |  222479  |   0    | 222.37MB  
 00:04:51 | WARNING! Aborting ECBS - could not obtain an initial solution for the following agents: Agent25(10->9)
 00:04:51 | WARNING! Aborting ECBS - could not obtain an initial solution for the following agents: Agent25(10->9)
 00:04:51 | WARNING! Aborting ECBS - could not obtain an initial solution for the following agents: Agent14(9->8)
 00:04:52 | WARNING! Aborting ECBS - could not obtain an initial solution for the following agents: Agent8(41->40)
 00:04:52 | WARNING! Aborting ECBS - could not obtain an initial solution for the following agents: Agent8(41->40)
 00:04:53 | WARNING! Aborting ECBS - could not obtain an initial solution for the following agents: Agent0(25->24)
 00:04:53 | WARNING! Aborting ECBS - could not obtain an initial solution for the following agents: Agent0(25->24)
 00:04:55 | 00:00:44 | 0.06:56:59 |  86.87%  |  9681   |   9744   | 60%  |  226159  |   0    | 225.55MB  
 00:04:56 | WARNING! Aborting ECBS - could not obtain an initial solution for the following agents: Agent30(40->33)
 00:04:56 | WARNING! Aborting ECBS - could not obtain an initial solution for the following agents: Agent30(40->34)
 00:04:56 | WARNING! Aborting ECBS - could not obtain an initial solution for the following agents: Agent30(40->34)
 00:05:00 | 00:00:37 | 0.07:07:00 |  88.96%  |  9916   |   9978   | 60%  |  231274  |   0    | 230.80MB  
 00:05:02 | WARNING! Aborting ECBS - could not obtain an initial solution for the following agents: Agent28(41->40)
 00:05:04 | WARNING! Aborting ECBS - could not obtain an initial solution for the following agents: Agent29(56->55)
 00:05:05 | 00:00:29 | 0.07:18:08 |  91.28%  |  10178  |  10239   | 60%  |  236967  |   0    | 226.37MB  
 00:05:06 | WARNING! Aborting ECBS - could not obtain an initial solution for the following agents: Agent8(35->34)
 00:05:06 | WARNING! Aborting ECBS - could not obtain an initial solution for the following agents: Agent8(35->34)
 00:05:08 | WARNING! Aborting ECBS - could not obtain an initial solution for the following agents: Agent19(3->1)
 00:05:08 | WARNING! Aborting ECBS - could not obtain an initial solution for the following agents: Agent19(3->2)
 00:05:10 | 00:00:24 | 0.07:25:03 |  92.72%  |  10340  |  10401   | 60%  |  240609  |   0    | 227.33MB  
 00:05:14 | WARNING! Aborting ECBS - could not obtain an initial solution for the following agents: Agent9(56->50)
 00:05:15 | 00:00:18 | 0.07:33:41 |  94.52%  |  10538  |  10603   | 60%  |  245008  |   0    | 227.38MB  
 00:05:16 | WARNING! Aborting ECBS - could not obtain an initial solution for the following agents: Agent14(3->1)
 00:05:16 | WARNING! Aborting ECBS - could not obtain an initial solution for the following agents: Agent14(3->2)
 00:05:16 | WARNING! Aborting ECBS - could not obtain an initial solution for the following agents: Agent14(3->2)
 00:05:20 | 00:00:12 | 0.07:41:16 |  96.10%  |  10710  |  10781   | 60%  |  249670  |   0    | 227.68MB  
 00:05:20 | WARNING! Aborting ECBS - could not obtain an initial solution for the following agents: Agent26(25->24)
 00:05:20 | WARNING! Aborting ECBS - could not obtain an initial solution for the following agents: Agent26(25->24)
 00:05:21 | WARNING! Aborting ECBS - could not obtain an initial solution for the following agents: Agent29(57->56)
 00:05:21 | WARNING! Aborting ECBS - could not obtain an initial solution for the following agents: Agent29(57->56)
 00:05:21 | WARNING! Aborting ECBS - could not obtain an initial solution for the following agents: Agent29(57->56)
 00:05:21 | WARNING! Aborting ECBS - could not obtain an initial solution for the following agents: Agent5(51->49)
 00:05:21 | WARNING! Aborting ECBS - could not obtain an initial solution for the following agents: Agent5(51->49)
 00:05:24 | WARNING! Aborting ECBS - could not obtain an initial solution for the following agents: Agent2(26->25)
 00:05:24 | WARNING! Aborting ECBS - could not obtain an initial solution for the following agents: Agent2(26->25)
 00:05:24 | WARNING! Aborting ECBS - could not obtain an initial solution for the following agents: Agent2(26->25)
 00:05:25 | 00:00:07 | 0.07:49:34 |  97.83%  |  10901  |  10976   | 60%  |  254326  |   0    | 228.74MB  
 00:05:25 | WARNING! Aborting ECBS - could not obtain an initial solution for the following agents: Agent11(25->24)
 00:05:25 | WARNING! Aborting ECBS - could not obtain an initial solution for the following agents: Agent11(25->24)
 00:05:25 | WARNING! Aborting ECBS - could not obtain an initial solution for the following agents: Agent11(25->24)
 00:05:30 | 00:00:00 | 0.07:59:07 |  99.82%  |  11125  |  11198   | 60%  |  259433  |   0    | 226.60MB  
 00:05:30 | 00:00:00 | 0.08:00:00 | 100.00%  |  11146  |  11220   | 60%  |  259855  |   0    | 227.31MB  
 00:05:30 | >>> Simulation finished - writing results ...
 00:05:30 | >>> Results written
Simulation finished.
>>> Timings
StatTimingPathPlanningAverage: 0.016852018867805907
StatTimingPathPlanningOverall: 268.2167322999988
StatTimingPathPlanningCount: 15916
StatTimingTaskAllocationAverage: 0.0014766971293722149
StatTimingTaskAllocationOverall: 22.840074500000046
StatTimingTaskAllocationCount: 15467
StatTimingItemStorageAverage: 3.564113012768371E-06
StatTimingItemStorageOverall: 0.03935850000000112
StatTimingItemStorageCount: 11043
StatTimingPodStorageAverage: 0.001979843949251794
StatTimingPodStorageOverall: 6.086040300000016
StatTimingPodStorageCount: 3074
StatTimingReplenishmentBatchingAverage: 8.365136286201005E-06
StatTimingReplenishmentBatchingOverall: 0.0982066999999998
StatTimingReplenishmentBatchingCount: 11740
StatTimingOrderBatchingAverage: 0.00011398507864578311
StatTimingOrderBatchingOverall: 3.4711876000000332
StatTimingOrderBatchingCount: 30453
>>> Overall
StatOverallBundlesPlaced: 15150
StatOverallItemsOrdered: 11192
StatOverallOrdersPlaced: 11192
StatOverallBundlesRejected: 0
StatOverallOrdersRejected: 0
StatOverallBundlesHandled: 11220
StatOverallItemsHandled: 11150
StatOverallLinesHandled: 11150
StatOverallOrdersHandled: 11146
StatOverallCollisions: 0
StatOverallDistanceTraveled: 259854.82114717245
StatOverallDistanceEstimated: 240101
StatOverallAssignedTasks: 15467
StatMaxMemoryUsed: 231.671875
StatRealTimeUsed: 330.3667648
StatAverageTurnoverTime: 367.91789661975736
StatMedianTurnoverTime: 219.60139409222757
StatLowerQuartileTurnoverTime: 123.51463602545658
StatUpperQuartileTurnoverTime: 495.9478097441497
StatAverageThroughputTime: 114.25351601640132
StatMedianThroughputTime: 121.05549158472058
StatLowerQuartileThroughputTime: 81.19556274846764
StatUpperQuartileThroughputTime: 141.91407727515252
>>> Energy (Rizqi model)
StatEnergyTotalKJ: 19285.677404891867
StatEnergyE1AccelKJ: 5585.359999499976
StatEnergyE2DecelKJ: 0
StatEnergyE3CruiseKJ: 9568.302324000006
StatEnergyE4RotationKJ: 3304.5401302806827
StatEnergyE5LiftLowerKJ: 827.4749511111112
StatEnergyPerOrderKJ: 1.730277893853568
StatEnergyPerMeterJoule: 74.20193839701689
StatDistanceTraveledRizqiM: 259908
>>> Motion Behavior
StatTurningCount: 32637
StatStopAndGoCount: 44732
StatLoadedDistanceM: 175959
StatLoadedTurningCount: 24117
StatWaitTimeSec: 374266.91704240436

Marked tag finished after 1 tries!
.Fin. - SUCCESS
