<<< Welcome to the RAWSimO CLI >>>
The time is: 04/14/2026 00:21:22
Starting RAWSimO wrapper with the following arguments:
Instance: Material/Instances/PP/1-4-4-32-550.xinst
Setting: Material/Instances/PP/PPMinimal.xsett
ControlConfig: Material/Instances/PP/aesop-cbs.xconf
StatisticsDir: C:\Users\Aesop\Desktop\rawsim-o-rmfs-world-models\output_exp\cbs\seed_25
Seed: 25
Adding handler for unhandled exceptions ...
Initializing ... 
Instance recognized!
Parsing setting config ...
Parsing control config ...
Parsing instance ...
StatisticsFolder: 1-4-4-32-550-PPMinimal-aesop-cbs-25
Done!
Executing ... 
 00:21:24 | >>> Warming up ...
 00:00:00 | >>> Warmup finished - starting simulation ...
 Realtime |   ETA    |  Sim.Time  | Progress | #Orders | #Bundles | Inv. | Distance | #Coll. |   Memory    
 00:00:00 |   n/a    | 0.00:00:00 |  0.00%   |    0    |    0     | 60%  |    0     |   0    | 123.14MB  
 00:00:05 | 04:59:26 | 0.00:00:08 |  0.03%   |    0    |    0     | 60%  |   153    |   0    | 133.18MB  
 00:00:10 | 02:15:18 | 0.00:00:35 |  0.12%   |    0    |    0     | 60%  |   821    |   0    | 144.45MB  
 00:00:15 | 02:51:27 | 0.00:00:41 |  0.15%   |    0    |    0     | 60%  |   949    |   0    | 151.44MB  
 00:00:20 | 03:09:15 | 0.00:00:50 |  0.18%   |    2    |    0     | 60%  |   1142   |   0    | 156.32MB  
 00:00:25 | 03:34:32 | 0.00:00:55 |  0.19%   |    3    |    0     | 60%  |   1240   |   0    | 161.41MB  
 00:00:30 | 03:59:40 | 0.00:00:59 |  0.21%   |    4    |    0     | 60%  |   1325   |   0    | 165.99MB  
 00:00:32 | WARNING! Aborting CBS - could not obtain an initial solution for the following agents: Agent8(41->32)
 00:00:32 | WARNING! Aborting CBS - could not obtain an initial solution for the following agents: Agent8(41->32)
 00:00:32 | WARNING! Aborting CBS - could not obtain an initial solution for the following agents: Agent8(41->34)
 00:00:33 | WARNING! Aborting CBS - could not obtain an initial solution for the following agents: Agent27(1->0)
 00:00:33 | WARNING! Aborting CBS - could not obtain an initial solution for the following agents: Agent27(1->0)
 00:00:35 | 02:42:44 | 0.00:01:42 |  0.36%   |   20    |    10    | 60%  |   1931   |   0    | 172.20MB  
 00:00:40 | 00:29:54 | 0.00:10:28 |  2.18%   |   227   |   217    | 60%  |   5019   |   0    | 169.69MB  
 00:00:43 | WARNING! Aborting CBS - could not obtain an initial solution for the following agents: Agent4(3->1)
 00:00:43 | WARNING! Aborting CBS - could not obtain an initial solution for the following agents: Agent4(3->1)
 00:00:43 | WARNING! Aborting CBS - could not obtain an initial solution for the following agents: Agent4(3->1)
 00:00:45 | 00:19:44 | 0.00:17:34 |  3.66%   |   395   |   381    | 60%  |   8335   |   0    | 169.95MB  
 00:00:48 | WARNING! Aborting CBS - could not obtain an initial solution for the following agents: Agent11(25->24)
 00:00:50 | 00:15:09 | 0.00:25:01 |  5.21%   |   570   |   557    | 60%  |  12104   |   0    | 169.50MB  
 00:00:50 | WARNING! Aborting CBS - could not obtain an initial solution for the following agents: Agent9(57->54)
 00:00:53 | WARNING! Aborting CBS - could not obtain an initial solution for the following agents: Agent21(40->39)
 00:00:55 | 00:12:09 | 0.00:33:40 |  7.02%   |   771   |   760    | 60%  |  16335   |   0    | 169.08MB  
 00:00:56 | WARNING! Aborting CBS - could not obtain an initial solution for the following agents: Agent25(9->8)
 00:00:59 | WARNING! Aborting CBS - could not obtain an initial solution for the following agents: Agent4(9->8)
 00:00:59 | WARNING! Aborting CBS - could not obtain an initial solution for the following agents: Agent28(41->40)
 00:00:59 | WARNING! Aborting CBS - could not obtain an initial solution for the following agents: Agent28(41->40)
 00:00:59 | WARNING! Aborting CBS - could not obtain an initial solution for the following agents: Agent28(41->40)
 00:00:59 | WARNING! Aborting CBS - could not obtain an initial solution for the following agents: Agent9(57->56)
 00:01:00 | 00:10:08 | 0.00:43:03 |  8.97%   |   992   |   978    | 60%  |  21379   |   0    | 169.45MB  
 00:01:00 | WARNING! Aborting CBS - could not obtain an initial solution for the following agents: Agent2(25->18)
 00:01:00 | WARNING! Aborting CBS - could not obtain an initial solution for the following agents: Agent4(1->0)
 00:01:00 | WARNING! Aborting CBS - could not obtain an initial solution for the following agents: Agent4(1->0)
 00:01:01 | WARNING! Aborting CBS - could not obtain an initial solution for the following agents: Agent9(57->50)
 00:01:01 | WARNING! Aborting CBS - could not obtain an initial solution for the following agents: Agent9(57->50)
 00:01:04 | WARNING! Aborting CBS - could not obtain an initial solution for the following agents: Agent7(57->56)
 00:01:04 | WARNING! Aborting CBS - could not obtain an initial solution for the following agents: Agent7(57->56)
 00:01:04 | WARNING! Aborting CBS - could not obtain an initial solution for the following agents: Agent2(25->18)
 00:01:05 | 00:09:06 | 0.00:51:01 |  10.63%  |  1181   |   1166   | 60%  |  25832   |   0    | 173.02MB  
 00:01:08 | WARNING! Aborting CBS - could not obtain an initial solution for the following agents: Agent0(25->24)
 00:01:08 | WARNING! Aborting CBS - could not obtain an initial solution for the following agents: Agent0(25->24)
 00:01:09 | WARNING! Aborting CBS - could not obtain an initial solution for the following agents: Agent8(42->41)
 00:01:10 | 00:08:02 | 0.01:00:49 |  12.67%  |  1409   |   1396   | 60%  |  31203   |   0    | 170.62MB  
 00:01:14 | WARNING! Aborting CBS - could not obtain an initial solution for the following agents: Agent5(57->56)
 00:01:14 | WARNING! Aborting CBS - could not obtain an initial solution for the following agents: Agent5(57->56)
 00:01:14 | WARNING! Aborting CBS - could not obtain an initial solution for the following agents: Agent5(57->56)
 00:01:14 | WARNING! Aborting CBS - could not obtain an initial solution for the following agents: Agent30(41->40)
 00:01:15 | 00:07:22 | 0.01:09:34 |  14.49%  |  1612   |   1600   | 60%  |  36158   |   0    | 171.11MB  
 00:01:20 | 00:06:35 | 0.01:20:42 |  16.81%  |  1874   |   1860   | 60%  |  42042   |   0    | 171.75MB  
 00:01:20 | WARNING! Aborting CBS - could not obtain an initial solution for the following agents: Agent8(41->40)
 00:01:25 | 00:05:58 | 0.01:31:58 |  19.16%  |  2136   |   2124   | 60%  |  47663   |   0    | 170.77MB  
 00:01:30 | 00:05:37 | 0.01:41:05 |  21.06%  |  2352   |   2340   | 60%  |  52759   |   0    | 171.94MB  
 00:01:31 | WARNING! Aborting CBS - could not obtain an initial solution for the following agents: Agent26(25->24)
 00:01:31 | WARNING! Aborting CBS - could not obtain an initial solution for the following agents: Agent16(58->57)
 00:01:31 | WARNING! Aborting CBS - could not obtain an initial solution for the following agents: Agent16(58->57)
 00:01:31 | WARNING! Aborting CBS - could not obtain an initial solution for the following agents: Agent16(58->57)
 00:01:34 | WARNING! Aborting CBS - could not obtain an initial solution for the following agents: Agent7(57->56)
 00:01:34 | WARNING! Aborting CBS - could not obtain an initial solution for the following agents: Agent9(56->55)
 00:01:35 | 00:05:19 | 0.01:49:56 |  22.91%  |  2558   |   2545   | 60%  |  57756   |   0    | 171.69MB  
 00:01:39 | WARNING! Aborting CBS - could not obtain an initial solution for the following agents: Agent19(3->1)
 00:01:39 | WARNING! Aborting CBS - could not obtain an initial solution for the following agents: Agent19(3->1)
 00:01:39 | WARNING! Aborting CBS - could not obtain an initial solution for the following agents: Agent19(3->1)
 00:01:39 | WARNING! Aborting CBS - could not obtain an initial solution for the following agents: Agent19(3->2)
 00:01:39 | WARNING! Aborting CBS - could not obtain an initial solution for the following agents: Agent19(3->2)
 00:01:40 | 00:05:07 | 0.01:57:42 |  24.52%  |  2732   |   2727   | 60%  |  62338   |   0    | 172.02MB  
 00:01:43 | WARNING! Aborting CBS - could not obtain an initial solution for the following agents: Agent0(25->24)
 00:01:43 | WARNING! Aborting CBS - could not obtain an initial solution for the following agents: Agent0(25->24)
 00:01:43 | WARNING! Aborting CBS - could not obtain an initial solution for the following agents: Agent19(9->8)
 00:01:44 | WARNING! Aborting CBS - could not obtain an initial solution for the following agents: Agent21(41->40)
 00:01:44 | WARNING! Aborting CBS - could not obtain an initial solution for the following agents: Agent21(41->40)
 00:01:44 | WARNING! Aborting CBS - could not obtain an initial solution for the following agents: Agent21(41->40)
 00:01:45 | 00:04:56 | 0.02:05:28 |  26.14%  |  2912   |   2909   | 60%  |  66613   |   0    | 171.55MB  
 00:01:50 | 00:04:45 | 0.02:13:35 |  27.83%  |  3101   |   3098   | 60%  |  71105   |   0    | 171.50MB  
 00:01:50 | WARNING! Aborting CBS - could not obtain an initial solution for the following agents: Agent16(57->56)
 00:01:50 | WARNING! Aborting CBS - could not obtain an initial solution for the following agents: Agent16(57->56)
 00:01:50 | WARNING! Aborting CBS - could not obtain an initial solution for the following agents: Agent21(41->40)
 00:01:52 | WARNING! Aborting CBS - could not obtain an initial solution for the following agents: Agent29(57->56)
 00:01:52 | WARNING! Aborting CBS - could not obtain an initial solution for the following agents: Agent29(57->56)
 00:01:52 | WARNING! Aborting CBS - could not obtain an initial solution for the following agents: Agent28(40->39)
 00:01:52 | WARNING! Aborting CBS - could not obtain an initial solution for the following agents: Agent9(57->56)
 00:01:55 | 00:04:34 | 0.02:21:34 |  29.50%  |  3288   |   3286   | 60%  |  75295   |   0    | 171.89MB  
 00:02:00 | 00:04:25 | 0.02:29:19 |  31.11%  |  3468   |   3468   | 60%  |  79902   |   0    | 172.01MB  
 00:02:05 | 00:04:12 | 0.02:38:47 |  33.08%  |  3686   |   3688   | 60%  |  85040   |   0    | 174.50MB  
 00:02:10 | 00:04:00 | 0.02:48:38 |  35.13%  |  3916   |   3920   | 60%  |  90427   |   0    | 172.09MB  
 00:02:14 | WARNING! Aborting CBS - could not obtain an initial solution for the following agents: Agent30(41->40)
 00:02:14 | WARNING! Aborting CBS - could not obtain an initial solution for the following agents: Agent30(41->40)
 00:02:14 | WARNING! Aborting CBS - could not obtain an initial solution for the following agents: Agent8(41->40)
 00:02:14 | WARNING! Aborting CBS - could not obtain an initial solution for the following agents: Agent8(41->40)
 00:02:15 | 00:03:45 | 0.02:59:35 |  37.41%  |  4171   |   4177   | 60%  |  96098   |   0    | 172.65MB  
 00:02:16 | WARNING! Aborting CBS - could not obtain an initial solution for the following agents: Agent14(9->8)
 00:02:16 | WARNING! Aborting CBS - could not obtain an initial solution for the following agents: Agent14(9->8)
 00:02:19 | WARNING! Aborting CBS - could not obtain an initial solution for the following agents: Agent28(41->40)
 00:02:19 | WARNING! Aborting CBS - could not obtain an initial solution for the following agents: Agent28(41->40)
 00:02:19 | WARNING! Aborting CBS - could not obtain an initial solution for the following agents: Agent28(41->40)
 00:02:19 | WARNING! Aborting CBS - could not obtain an initial solution for the following agents: Agent11(25->18)
 00:02:19 | WARNING! Aborting CBS - could not obtain an initial solution for the following agents: Agent11(25->18)
 00:02:19 | WARNING! Aborting CBS - could not obtain an initial solution for the following agents: Agent11(25->22)
 00:02:19 | WARNING! Aborting CBS - could not obtain an initial solution for the following agents: Agent11(25->22)
 00:02:19 | WARNING! Aborting CBS - could not obtain an initial solution for the following agents: Agent11(25->22)
 00:02:20 | 00:03:37 | 0.03:07:56 |  39.15%  |  4365   |   4372   | 60%  |  100827  |   0    | 171.99MB  
 00:02:20 | WARNING! Aborting CBS - could not obtain an initial solution for the following agents: Agent27(9->8)
 00:02:21 | WARNING! Aborting CBS - could not obtain an initial solution for the following agents: Agent19(9->8)
 00:02:25 | 00:03:26 | 0.03:17:58 |  41.24%  |  4600   |   4608   | 60%  |  105967  |   0    | 171.96MB  
 00:02:28 | WARNING! Aborting CBS - could not obtain an initial solution for the following agents: Agent8(40->39)
 00:02:28 | WARNING! Aborting CBS - could not obtain an initial solution for the following agents: Agent4(9->8)
 00:02:30 | 00:03:16 | 0.03:27:56 |  43.32%  |  4826   |   4843   | 60%  |  111211  |   0    | 172.84MB  
 00:02:31 | WARNING! Aborting CBS - could not obtain an initial solution for the following agents: Agent4(8->1)
 00:02:31 | WARNING! Aborting CBS - could not obtain an initial solution for the following agents: Agent4(8->1)
 00:02:31 | WARNING! Aborting CBS - could not obtain an initial solution for the following agents: Agent0(25->24)
 00:02:31 | WARNING! Aborting CBS - could not obtain an initial solution for the following agents: Agent0(25->24)
 00:02:34 | WARNING! Aborting CBS - could not obtain an initial solution for the following agents: Agent27(3->2)
 00:02:35 | 00:03:07 | 0.03:37:21 |  45.28%  |  5045   |   5064   | 60%  |  116167  |   0    | 173.94MB  
 00:02:37 | WARNING! Aborting CBS - could not obtain an initial solution for the following agents: Agent24(25->24)
 00:02:37 | WARNING! Aborting CBS - could not obtain an initial solution for the following agents: Agent24(25->24)
 00:02:39 | WARNING! Aborting CBS - could not obtain an initial solution for the following agents: Agent16(57->56)
 00:02:40 | 00:02:55 | 0.03:49:05 |  47.73%  |  5321   |   5338   | 60%  |  122485  |   0    | 172.73MB  
 00:02:42 | WARNING! Aborting CBS - could not obtain an initial solution for the following agents: Agent8(41->40)
 00:02:45 | 00:02:43 | 0.04:01:16 |  50.26%  |  5606   |   5623   | 60%  |  129037  |   0    | 172.48MB  
 00:02:45 | WARNING! Aborting CBS - could not obtain an initial solution for the following agents: Agent29(57->56)
 00:02:45 | WARNING! Aborting CBS - could not obtain an initial solution for the following agents: Agent27(3->2)
 00:02:50 | 00:02:33 | 0.04:12:07 |  52.53%  |  5851   |   5878   | 60%  |  134863  |   0    | 172.71MB  
 00:02:51 | WARNING! Aborting CBS - could not obtain an initial solution for the following agents: Agent0(25->24)
 00:02:53 | WARNING! Aborting CBS - could not obtain an initial solution for the following agents: Agent16(57->56)
 00:02:55 | 00:02:25 | 0.04:21:59 |  54.58%  |  6079   |   6109   | 60%  |  140755  |   0    | 173.16MB  
 00:02:57 | WARNING! Aborting CBS - could not obtain an initial solution for the following agents: Agent8(41->40)
 00:02:58 | WARNING! Aborting CBS - could not obtain an initial solution for the following agents: Agent11(25->24)
 00:02:58 | WARNING! Aborting CBS - could not obtain an initial solution for the following agents: Agent11(25->24)
 00:02:58 | WARNING! Aborting CBS - could not obtain an initial solution for the following agents: Agent11(25->24)
 00:03:00 | 00:02:17 | 0.04:31:58 |  56.66%  |  6315   |   6343   | 60%  |  145876  |   0    | 173.45MB  
 00:03:03 | WARNING! Aborting CBS - could not obtain an initial solution for the following agents: Agent7(57->56)
 00:03:03 | WARNING! Aborting CBS - could not obtain an initial solution for the following agents: Agent7(57->56)
 00:03:03 | WARNING! Aborting CBS - could not obtain an initial solution for the following agents: Agent24(25->24)
 00:03:03 | WARNING! Aborting CBS - could not obtain an initial solution for the following agents: Agent24(25->24)
 00:03:05 | 00:02:15 | 0.04:37:07 |  57.74%  |  6435   |   6464   | 60%  |  148730  |   0    | 173.90MB  
 00:03:05 | WARNING! Aborting CBS - could not obtain an initial solution for the following agents: Agent27(3->1)
 00:03:05 | WARNING! Aborting CBS - could not obtain an initial solution for the following agents: Agent27(3->1)
 00:03:05 | WARNING! Aborting CBS - could not obtain an initial solution for the following agents: Agent27(3->1)
 00:03:05 | WARNING! Aborting CBS - could not obtain an initial solution for the following agents: Agent27(3->2)
 00:03:05 | WARNING! Aborting CBS - could not obtain an initial solution for the following agents: Agent27(3->2)
 00:03:08 | WARNING! Aborting CBS - could not obtain an initial solution for the following agents: Agent2(25->24)
 00:03:08 | WARNING! Aborting CBS - could not obtain an initial solution for the following agents: Agent2(25->24)
 00:03:08 | WARNING! Aborting CBS - could not obtain an initial solution for the following agents: Agent2(25->24)
 00:03:08 | WARNING! Aborting CBS - could not obtain an initial solution for the following agents: Agent2(25->24)
 00:03:09 | WARNING! Aborting CBS - could not obtain an initial solution for the following agents: Agent24(25->24)
 00:03:09 | WARNING! Aborting CBS - could not obtain an initial solution for the following agents: Agent24(25->24)
 00:03:09 | WARNING! Aborting CBS - could not obtain an initial solution for the following agents: Agent28(41->40)
 00:03:09 | WARNING! Aborting CBS - could not obtain an initial solution for the following agents: Agent28(41->40)
 00:03:10 | 00:02:10 | 0.04:44:59 |  59.37%  |  6616   |   6649   | 60%  |  153157  |   0    | 173.00MB  
 00:03:10 | WARNING! Aborting CBS - could not obtain an initial solution for the following agents: Agent9(57->56)
 00:03:12 | WARNING! Aborting CBS - could not obtain an initial solution for the following agents: Agent26(26->25)
 00:03:12 | WARNING! Aborting CBS - could not obtain an initial solution for the following agents: Agent26(26->25)
 00:03:12 | WARNING! Aborting CBS - could not obtain an initial solution for the following agents: Agent26(26->25)
 00:03:12 | WARNING! Aborting CBS - could not obtain an initial solution for the following agents: Agent8(41->40)
 00:03:12 | WARNING! Aborting CBS - could not obtain an initial solution for the following agents: Agent8(41->40)
 00:03:12 | WARNING! Aborting CBS - could not obtain an initial solution for the following agents: Agent8(41->40)
 00:03:15 | 00:02:09 | 0.04:48:43 |  60.15%  |  6697   |   6735   | 60%  |  155456  |   0    | 182.10MB  
 00:03:16 | WARNING! Aborting CBS - could not obtain an initial solution for the following agents: Agent1(9->8)
 00:03:17 | WARNING! Aborting CBS - could not obtain an initial solution for the following agents: Agent19(3->1)
 00:03:17 | WARNING! Aborting CBS - could not obtain an initial solution for the following agents: Agent19(3->2)
 00:03:19 | WARNING! Aborting CBS - could not obtain an initial solution for the following agents: Agent0(26->18)
 00:03:20 | 00:01:58 | 0.05:01:20 |  62.78%  |  6989   |   7032   | 60%  |  162439  |   0    | 179.07MB  
 00:03:25 | 00:01:52 | 0.05:10:11 |  64.62%  |  7197   |   7239   | 60%  |  167528  |   0    | 185.46MB  
 00:03:26 | WARNING! Aborting CBS - could not obtain an initial solution for the following agents: Agent9(59->58)
 00:03:26 | WARNING! Aborting CBS - could not obtain an initial solution for the following agents: Agent9(59->58)
 00:03:26 | WARNING! Aborting CBS - could not obtain an initial solution for the following agents: Agent9(59->58)
 00:03:30 | 00:01:42 | 0.05:22:11 |  67.12%  |  7474   |   7521   | 60%  |  174101  |   0    | 185.16MB  
 00:03:35 | 00:01:33 | 0.05:34:42 |  69.73%  |  7766   |   7814   | 60%  |  180784  |   0    | 186.22MB  
 00:03:35 | WARNING! Aborting CBS - could not obtain an initial solution for the following agents: Agent9(57->56)
 00:03:35 | WARNING! Aborting CBS - could not obtain an initial solution for the following agents: Agent29(59->58)
 00:03:35 | WARNING! Aborting CBS - could not obtain an initial solution for the following agents: Agent29(59->58)
 00:03:35 | WARNING! Aborting CBS - could not obtain an initial solution for the following agents: Agent29(59->58)
 00:03:35 | WARNING! Aborting CBS - could not obtain an initial solution for the following agents: Agent29(59->58)
 00:03:40 | 00:01:27 | 0.05:43:48 |  71.63%  |  7977   |   8028   | 60%  |  185989  |   0    | 187.21MB  
 00:03:42 | WARNING! Aborting CBS - could not obtain an initial solution for the following agents: Agent2(25->24)
 00:03:44 | WARNING! Aborting CBS - could not obtain an initial solution for the following agents: Agent5(57->56)
 00:03:44 | WARNING! Aborting CBS - could not obtain an initial solution for the following agents: Agent5(57->56)
 00:03:45 | 00:01:17 | 0.05:57:35 |  74.50%  |  8298   |   8350   | 60%  |  193138  |   0    | 188.36MB  
 00:03:46 | WARNING! Aborting CBS - could not obtain an initial solution for the following agents: Agent9(57->56)
 00:03:47 | WARNING! Aborting CBS - could not obtain an initial solution for the following agents: Agent30(42->41)
 00:03:47 | WARNING! Aborting CBS - could not obtain an initial solution for the following agents: Agent30(42->41)
 00:03:47 | WARNING! Aborting CBS - could not obtain an initial solution for the following agents: Agent30(42->41)
 00:03:47 | WARNING! Aborting CBS - could not obtain an initial solution for the following agents: Agent30(42->41)
 00:03:47 | WARNING! Aborting CBS - could not obtain an initial solution for the following agents: Agent2(25->24)
 00:03:47 | WARNING! Aborting CBS - could not obtain an initial solution for the following agents: Agent2(25->24)
 00:03:48 | WARNING! Aborting CBS - could not obtain an initial solution for the following agents: Agent16(56->50)
 00:03:50 | 00:01:10 | 0.06:07:54 |  76.65%  |  8540   |   8592   | 60%  |  198964  |   0    | 189.70MB  
 00:03:54 | WARNING! Aborting CBS - could not obtain an initial solution for the following agents: Agent10(40->39)
 00:03:54 | WARNING! Aborting CBS - could not obtain an initial solution for the following agents: Agent10(40->39)
 00:03:55 | 00:01:04 | 0.06:17:12 |  78.58%  |  8753   |   8810   | 60%  |  204197  |   0    | 190.56MB  
 00:03:56 | WARNING! Aborting CBS - could not obtain an initial solution for the following agents: Agent16(57->56)
 00:04:00 | 00:00:57 | 0.06:26:42 |  80.56%  |  8975   |   9033   | 60%  |  209288  |   0    | 191.07MB  
 00:04:01 | WARNING! Aborting CBS - could not obtain an initial solution for the following agents: Agent29(56->55)
 00:04:01 | WARNING! Aborting CBS - could not obtain an initial solution for the following agents: Agent29(56->55)
 00:04:01 | WARNING! Aborting CBS - could not obtain an initial solution for the following agents: Agent30(41->39)
 00:04:01 | WARNING! Aborting CBS - could not obtain an initial solution for the following agents: Agent2(25->23),Agent30(41->39)
 00:04:01 | WARNING! Aborting CBS - could not obtain an initial solution for the following agents: Agent2(25->23),Agent30(41->39)
 00:04:01 | WARNING! Aborting CBS - could not obtain an initial solution for the following agents: Agent2(25->24),Agent30(41->40)
 00:04:02 | WARNING! Aborting CBS - could not obtain an initial solution for the following agents: Agent2(25->24),Agent30(41->40)
 00:04:02 | WARNING! Aborting CBS - could not obtain an initial solution for the following agents: Agent21(41->40)
 00:04:02 | WARNING! Aborting CBS - could not obtain an initial solution for the following agents: Agent21(41->40)
 00:04:02 | WARNING! Aborting CBS - could not obtain an initial solution for the following agents: Agent21(41->40)
 00:04:05 | 00:00:50 | 0.06:37:26 |  82.80%  |  9223   |   9284   | 60%  |  214954  |   0    | 191.04MB  
 00:04:05 | WARNING! Aborting CBS - could not obtain an initial solution for the following agents: Agent30(41->40)
 00:04:09 | WARNING! Aborting CBS - could not obtain an initial solution for the following agents: Agent25(3->1)
 00:04:09 | WARNING! Aborting CBS - could not obtain an initial solution for the following agents: Agent25(3->2)
 00:04:09 | WARNING! Aborting CBS - could not obtain an initial solution for the following agents: Agent25(3->2)
 00:04:10 | 00:00:44 | 0.06:46:53 |  84.77%  |  9440   |   9506   | 60%  |  220360  |   0    | 191.36MB  
 00:04:13 | WARNING! Aborting CBS - could not obtain an initial solution for the following agents: Agent8(41->40)
 00:04:13 | WARNING! Aborting CBS - could not obtain an initial solution for the following agents: Agent8(41->40)
 00:04:15 | 00:00:38 | 0.06:57:02 |  86.88%  |  9677   |   9743   | 60%  |  225614  |   0    | 191.78MB  
 00:04:17 | WARNING! Aborting CBS - could not obtain an initial solution for the following agents: Agent28(41->40)
 00:04:17 | WARNING! Aborting CBS - could not obtain an initial solution for the following agents: Agent10(35->33),Agent29(57->56)
 00:04:17 | WARNING! Aborting CBS - could not obtain an initial solution for the following agents: Agent10(35->33)
 00:04:17 | WARNING! Aborting CBS - could not obtain an initial solution for the following agents: Agent10(35->34)
 00:04:17 | WARNING! Aborting CBS - could not obtain an initial solution for the following agents: Agent27(10->9)
 00:04:18 | WARNING! Aborting CBS - could not obtain an initial solution for the following agents: Agent9(57->56)
 00:04:20 | 00:00:30 | 0.07:09:17 |  89.44%  |  9963   |  10031   | 60%  |  231993  |   0    | 191.73MB  
 00:04:20 | WARNING! Aborting CBS - could not obtain an initial solution for the following agents: Agent30(35->34)
 00:04:20 | WARNING! Aborting CBS - could not obtain an initial solution for the following agents: Agent10(41->35)
 00:04:22 | WARNING! Aborting CBS - could not obtain an initial solution for the following agents: Agent28(40->39)
 00:04:22 | WARNING! Aborting CBS - could not obtain an initial solution for the following agents: Agent28(40->39)
 00:04:25 | 00:00:25 | 0.07:17:50 |  91.22%  |  10155  |  10230   | 60%  |  236998  |   0    | 191.26MB  
 00:04:30 | 00:00:19 | 0.07:27:07 |  93.15%  |  10367  |  10447   | 60%  |  242353  |   0    | 191.24MB  
 00:04:30 | WARNING! Aborting CBS - could not obtain an initial solution for the following agents: Agent19(9->8)
 00:04:30 | WARNING! Aborting CBS - could not obtain an initial solution for the following agents: Agent19(9->8)
 00:04:31 | WARNING! Aborting CBS - could not obtain an initial solution for the following agents: Agent27(9->8)
 00:04:31 | WARNING! Aborting CBS - could not obtain an initial solution for the following agents: Agent27(9->8)
 00:04:31 | WARNING! Aborting CBS - could not obtain an initial solution for the following agents: Agent26(25->24)
 00:04:31 | WARNING! Aborting CBS - could not obtain an initial solution for the following agents: Agent26(25->24)
 00:04:33 | WARNING! Aborting CBS - could not obtain an initial solution for the following agents: Agent11(24->23)
 00:04:34 | WARNING! Aborting CBS - could not obtain an initial solution for the following agents: Agent21(41->40)
 00:04:35 | 00:00:14 | 0.07:35:51 |  94.97%  |  10566  |  10652   | 60%  |  247574  |   0    | 191.24MB  
 00:04:37 | WARNING! Aborting CBS - could not obtain an initial solution for the following agents: Agent10(40->39)
 00:04:40 | 00:00:07 | 0.07:46:54 |  97.27%  |  10827  |  10911   | 60%  |  253418  |   0    | 193.27MB  
 00:04:41 | WARNING! Aborting CBS - could not obtain an initial solution for the following agents: Agent4(3->2)
 00:04:41 | WARNING! Aborting CBS - could not obtain an initial solution for the following agents: Agent4(3->2)
 00:04:45 | 00:00:01 | 0.07:57:10 |  99.41%  |  11068  |  11151   | 60%  |  258762  |   0    | 191.62MB  
 00:04:46 | WARNING! Aborting CBS - could not obtain an initial solution for the following agents: Agent9(56->55)
 00:04:46 | WARNING! Aborting CBS - could not obtain an initial solution for the following agents: Agent9(56->55)
 00:04:46 | WARNING! Aborting CBS - could not obtain an initial solution for the following agents: Agent9(56->55)
 00:04:46 | 00:00:00 | 0.08:00:00 | 100.00%  |  11135  |  11217   | 60%  |  260361  |   0    | 191.68MB  
 00:04:46 | >>> Simulation finished - writing results ...
 00:04:47 | >>> Results written
Simulation finished.
>>> Timings
StatTimingPathPlanningAverage: 0.014515669426218927
StatTimingPathPlanningOverall: 225.66059689999943
StatTimingPathPlanningCount: 15546
StatTimingTaskAllocationAverage: 0.0014535897767406656
StatTimingTaskAllocationOverall: 23.048119499999995
StatTimingTaskAllocationCount: 15856
StatTimingItemStorageAverage: 3.4434656084657545E-06
StatTimingItemStorageOverall: 0.039048900000001656
StatTimingItemStorageCount: 11340
StatTimingPodStorageAverage: 0.0019756463900686026
StatTimingPodStorageOverall: 6.047453599999993
StatTimingPodStorageCount: 3061
StatTimingReplenishmentBatchingAverage: 8.09655406552365E-06
StatTimingReplenishmentBatchingOverall: 0.09539359999999965
StatTimingReplenishmentBatchingCount: 11782
StatTimingOrderBatchingAverage: 0.00010841654237727832
StatTimingOrderBatchingOverall: 3.343783000000018
StatTimingOrderBatchingCount: 30842
>>> Overall
StatOverallBundlesPlaced: 15113
StatOverallItemsOrdered: 11180
StatOverallOrdersPlaced: 11180
StatOverallBundlesRejected: 0
StatOverallOrdersRejected: 0
StatOverallBundlesHandled: 11217
StatOverallItemsHandled: 11139
StatOverallLinesHandled: 11139
StatOverallOrdersHandled: 11135
StatOverallCollisions: 0
StatOverallDistanceTraveled: 260361.04534223728
StatOverallDistanceEstimated: 239637
StatOverallAssignedTasks: 15856
StatMaxMemoryUsed: 193.2734375
StatRealTimeUsed: 286.8549924
StatAverageTurnoverTime: 367.96545676174185
StatMedianTurnoverTime: 220.10163255465523
StatLowerQuartileTurnoverTime: 123.86971543101754
StatUpperQuartileTurnoverTime: 494.5718816978806
StatAverageThroughputTime: 114.34321338695777
StatMedianThroughputTime: 120.97518438808038
StatLowerQuartileThroughputTime: 81.25055555555537
StatUpperQuartileThroughputTime: 141.92008340374014
>>> Energy (Rizqi model)
StatEnergyTotalKJ: 19405.69617228904
StatEnergyE1AccelKJ: 5412.209020999979
StatEnergyE2DecelKJ: 0
StatEnergyE3CruiseKJ: 9872.260692000009
StatEnergyE4RotationKJ: 3292.3645615111895
StatEnergyE5LiftLowerKJ: 828.861897777778
StatEnergyPerOrderKJ: 1.7427657092311666
StatEnergyPerMeterJoule: 74.51777791883417
StatDistanceTraveledRizqiM: 260417
>>> Motion Behavior
StatTurningCount: 32468
StatStopAndGoCount: 44095
StatLoadedDistanceM: 176862
StatLoadedTurningCount: 23893
StatWaitTimeSec: 375293.43843869504

Marked tag finished after 1 tries!
.Fin. - SUCCESS
