<<< Welcome to the RAWSimO CLI >>>
The time is: 04/14/2026 00:12:18
Starting RAWSimO wrapper with the following arguments:
Instance: Material/Instances/PP/1-4-4-32-550.xinst
Setting: Material/Instances/PP/PPMinimal.xsett
ControlConfig: Material/Instances/PP/aesop-cbs.xconf
StatisticsDir: C:\Users\Aesop\Desktop\rawsim-o-rmfs-world-models\output_exp\cbs\seed_18
Seed: 18
Adding handler for unhandled exceptions ...
Initializing ... 
Instance recognized!
Parsing setting config ...
Parsing control config ...
Parsing instance ...
StatisticsFolder: 1-4-4-32-550-PPMinimal-aesop-cbs-18
Done!
Executing ... 
 00:12:21 | >>> Warming up ...
 00:00:00 | >>> Warmup finished - starting simulation ...
 Realtime |   ETA    |  Sim.Time  | Progress | #Orders | #Bundles | Inv. | Distance | #Coll. |   Memory    
 00:00:00 |   n/a    | 0.00:00:00 |  0.00%   |    0    |    0     | 60%  |    0     |   0    | 124.11MB  
 00:00:05 | 04:00:01 | 0.00:00:10 |  0.03%   |    0    |    0     | 60%  |   206    |   0    | 131.49MB  
 00:00:10 | 02:11:32 | 0.00:00:36 |  0.13%   |    0    |    0     | 60%  |   839    |   0    | 143.52MB  
 00:00:15 | 02:51:25 | 0.00:00:41 |  0.15%   |    0    |    0     | 60%  |   949    |   0    | 150.61MB  
 00:00:20 | 03:09:05 | 0.00:00:50 |  0.18%   |    2    |    0     | 60%  |   1142   |   0    | 155.53MB  
 00:00:25 | 03:34:33 | 0.00:00:55 |  0.19%   |    3    |    0     | 60%  |   1240   |   0    | 163.04MB  
 00:00:30 | 03:57:04 | 0.00:01:00 |  0.21%   |    4    |    0     | 60%  |   1340   |   0    | 164.96MB  
 00:00:31 | WARNING! Aborting CBS - could not obtain an initial solution for the following agents: Agent8(41->32)
 00:00:31 | WARNING! Aborting CBS - could not obtain an initial solution for the following agents: Agent8(41->32)
 00:00:31 | WARNING! Aborting CBS - could not obtain an initial solution for the following agents: Agent8(41->34)
 00:00:33 | WARNING! Aborting CBS - could not obtain an initial solution for the following agents: Agent17(73->72)
 00:00:35 | 00:51:59 | 0.00:05:19 |  1.11%   |   105   |    97    | 60%  |   3190   |   0    | 166.48MB  
 00:00:40 | 00:24:36 | 0.00:12:39 |  2.64%   |   276   |   267    | 60%  |   6455   |   0    | 167.84MB  
 00:00:45 | 00:16:36 | 0.00:20:45 |  4.32%   |   467   |   457    | 60%  |  10319   |   0    | 169.77MB  
 00:00:50 | 00:13:42 | 0.00:27:30 |  5.73%   |   625   |   615    | 60%  |  13288   |   0    | 170.71MB  
 00:00:50 | WARNING! Aborting CBS - could not obtain an initial solution for the following agents: Agent9(57->56)
 00:00:50 | WARNING! Aborting CBS - could not obtain an initial solution for the following agents: Agent9(57->56)
 00:00:50 | WARNING! Aborting CBS - could not obtain an initial solution for the following agents: Agent9(57->56)
 00:00:55 | 00:11:26 | 0.00:35:35 |  7.42%   |   814   |   805    | 60%  |  17308   |   0    | 168.70MB  
 00:00:56 | WARNING! Aborting CBS - could not obtain an initial solution for the following agents: Agent1(8->1)
 00:00:56 | WARNING! Aborting CBS - could not obtain an initial solution for the following agents: Agent1(8->1)
 00:00:56 | WARNING! Aborting CBS - could not obtain an initial solution for the following agents: Agent1(8->1)
 00:00:58 | WARNING! Aborting CBS - could not obtain an initial solution for the following agents: Agent28(40->39)
 00:01:00 | 00:09:47 | 0.00:44:29 |  9.27%   |  1023   |   1012   | 60%  |  21891   |   0    | 168.78MB  
 00:01:05 | 00:08:29 | 0.00:54:21 |  11.32%  |  1252   |   1244   | 60%  |  27217   |   0    | 168.32MB  
 00:01:06 | WARNING! Aborting CBS - could not obtain an initial solution for the following agents: Agent9(57->56)
 00:01:06 | WARNING! Aborting CBS - could not obtain an initial solution for the following agents: Agent10(40->39)
 00:01:10 | 00:07:39 | 0.01:03:26 |  13.22%  |  1464   |   1456   | 60%  |  32067   |   0    | 169.50MB  
 00:01:10 | WARNING! Aborting CBS - could not obtain an initial solution for the following agents: Agent24(26->25)
 00:01:10 | WARNING! Aborting CBS - could not obtain an initial solution for the following agents: Agent24(26->25)
 00:01:10 | WARNING! Aborting CBS - could not obtain an initial solution for the following agents: Agent24(26->25)
 00:01:10 | WARNING! Aborting CBS - could not obtain an initial solution for the following agents: Agent24(26->25)
 00:01:10 | WARNING! Aborting CBS - could not obtain an initial solution for the following agents: Agent0(25->24)
 00:01:15 | 00:07:04 | 0.01:12:00 |  15.00%  |  1665   |   1657   | 60%  |  36682   |   0    | 168.84MB  
 00:01:15 | WARNING! Aborting CBS - could not obtain an initial solution for the following agents: Agent27(9->8)
 00:01:15 | WARNING! Aborting CBS - could not obtain an initial solution for the following agents: Agent27(9->8)
 00:01:15 | WARNING! Aborting CBS - could not obtain an initial solution for the following agents: Agent30(41->40)
 00:01:17 | WARNING! Aborting CBS - could not obtain an initial solution for the following agents: Agent5(57->56)
 00:01:17 | WARNING! Aborting CBS - could not obtain an initial solution for the following agents: Agent0(25->24)
 00:01:17 | WARNING! Aborting CBS - could not obtain an initial solution for the following agents: Agent0(25->24)
 00:01:20 | 00:06:16 | 0.01:24:05 |  17.52%  |  1947   |   1940   | 60%  |  43180   |   0    | 168.84MB  
 00:01:21 | WARNING! Aborting CBS - could not obtain an initial solution for the following agents: Agent10(40->39)
 00:01:21 | WARNING! Aborting CBS - could not obtain an initial solution for the following agents: Agent10(40->39)
 00:01:24 | WARNING! Aborting CBS - could not obtain an initial solution for the following agents: Agent9(56->55)
 00:01:24 | WARNING! Aborting CBS - could not obtain an initial solution for the following agents: Agent4(9->8)
 00:01:24 | WARNING! Aborting CBS - could not obtain an initial solution for the following agents: Agent4(9->8)
 00:01:24 | WARNING! Aborting CBS - could not obtain an initial solution for the following agents: Agent27(8->1)
 00:01:25 | 00:05:43 | 0.01:35:15 |  19.84%  |  2207   |   2202   | 60%  |  48743   |   0    | 169.63MB  
 00:01:25 | WARNING! Aborting CBS - could not obtain an initial solution for the following agents: Agent16(57->56)
 00:01:27 | WARNING! Aborting CBS - could not obtain an initial solution for the following agents: Agent9(57->56)
 00:01:28 | WARNING! Aborting CBS - could not obtain an initial solution for the following agents: Agent25(9->8),Agent28(41->40)
 00:01:28 | WARNING! Aborting CBS - could not obtain an initial solution for the following agents: Agent25(9->8)
 00:01:28 | WARNING! Aborting CBS - could not obtain an initial solution for the following agents: Agent9(57->56)
 00:01:29 | WARNING! Aborting CBS - could not obtain an initial solution for the following agents: Agent1(3->2)
 00:01:30 | 00:05:17 | 0.01:45:53 |  22.06%  |  2455   |   2451   | 60%  |  54784   |   0    | 169.40MB  
 00:01:32 | WARNING! Aborting CBS - could not obtain an initial solution for the following agents: Agent14(9->1)
 00:01:32 | WARNING! Aborting CBS - could not obtain an initial solution for the following agents: Agent14(9->2)
 00:01:32 | WARNING! Aborting CBS - could not obtain an initial solution for the following agents: Agent14(9->2)
 00:01:32 | WARNING! Aborting CBS - could not obtain an initial solution for the following agents: Agent14(9->3)
 00:01:35 | 00:04:52 | 0.01:57:49 |  24.55%  |  2733   |   2731   | 60%  |  60982   |   0    | 168.72MB  
 00:01:37 | WARNING! Aborting CBS - could not obtain an initial solution for the following agents: Agent28(41->40)
 00:01:37 | WARNING! Aborting CBS - could not obtain an initial solution for the following agents: Agent28(41->40)
 00:01:37 | WARNING! Aborting CBS - could not obtain an initial solution for the following agents: Agent28(41->40)
 00:01:37 | WARNING! Aborting CBS - could not obtain an initial solution for the following agents: Agent21(41->40)
 00:01:37 | WARNING! Aborting CBS - could not obtain an initial solution for the following agents: Agent21(41->40)
 00:01:37 | WARNING! Aborting CBS - could not obtain an initial solution for the following agents: Agent21(41->40)
 00:01:38 | WARNING! Aborting CBS - could not obtain an initial solution for the following agents: Agent10(41->40)
 00:01:38 | WARNING! Aborting CBS - could not obtain an initial solution for the following agents: Agent10(41->40)
 00:01:40 | 00:04:30 | 0.02:09:23 |  26.96%  |  3002   |   3002   | 60%  |  67063   |   0    | 168.67MB  
 00:01:40 | WARNING! Aborting CBS - could not obtain an initial solution for the following agents: Agent25(8->2)
 00:01:41 | WARNING! Aborting CBS - could not obtain an initial solution for the following agents: Agent24(26->25)
 00:01:41 | WARNING! Aborting CBS - could not obtain an initial solution for the following agents: Agent24(26->25)
 00:01:42 | WARNING! Aborting CBS - could not obtain an initial solution for the following agents: Agent25(9->8)
 00:01:42 | WARNING! Aborting CBS - could not obtain an initial solution for the following agents: Agent30(41->40)
 00:01:45 | 00:04:16 | 0.02:19:14 |  29.01%  |  3233   |   3231   | 60%  |  72531   |   0    | 168.85MB  
 00:01:50 | WARNING! Aborting CBS - could not obtain an initial solution for the following agents: Agent29(57->56)
 00:01:50 | 00:03:58 | 0.02:31:43 |  31.61%  |  3526   |   3524   | 60%  |  78984   |   0    | 170.66MB  
 00:01:51 | WARNING! Aborting CBS - could not obtain an initial solution for the following agents: Agent19(9->8)
 00:01:51 | WARNING! Aborting CBS - could not obtain an initial solution for the following agents: Agent19(9->8)
 00:01:52 | WARNING! Aborting CBS - could not obtain an initial solution for the following agents: Agent29(57->56)
 00:01:52 | WARNING! Aborting CBS - could not obtain an initial solution for the following agents: Agent29(57->56)
 00:01:52 | WARNING! Aborting CBS - could not obtain an initial solution for the following agents: Agent29(57->56)
 00:01:55 | 00:03:52 | 0.02:38:59 |  33.12%  |  3694   |   3695   | 60%  |  83370   |   0    | 169.08MB  
 00:01:55 | WARNING! Aborting CBS - could not obtain an initial solution for the following agents: Agent11(25->24)
 00:01:56 | WARNING! Aborting CBS - could not obtain an initial solution for the following agents: Agent2(25->24)
 00:01:57 | WARNING! Aborting CBS - could not obtain an initial solution for the following agents: Agent28(41->40)
 00:01:57 | WARNING! Aborting CBS - could not obtain an initial solution for the following agents: Agent28(41->40)
 00:01:57 | WARNING! Aborting CBS - could not obtain an initial solution for the following agents: Agent28(41->40)
 00:02:00 | 00:03:36 | 0.02:51:11 |  35.66%  |  3981   |   3982   | 60%  |  89674   |   0    | 170.14MB  
 00:02:01 | WARNING! Aborting CBS - could not obtain an initial solution for the following agents: Agent21(41->40)
 00:02:05 | 00:03:22 | 0.03:03:00 |  38.13%  |  4259   |   4259   | 60%  |  95758   |   0    | 170.38MB  
 00:02:06 | WARNING! Aborting CBS - could not obtain an initial solution for the following agents: Agent8(41->40)
 00:02:09 | WARNING! Aborting CBS - could not obtain an initial solution for the following agents: Agent30(40->39)
 00:02:10 | 00:03:15 | 0.03:11:53 |  39.98%  |  4465   |   4467   | 60%  |  100700  |   0    | 170.30MB  
 00:02:14 | WARNING! Aborting CBS - could not obtain an initial solution for the following agents: Agent25(9->8)
 00:02:14 | WARNING! Aborting CBS - could not obtain an initial solution for the following agents: Agent25(9->8)
 00:02:15 | 00:03:05 | 0.03:22:17 |  42.15%  |  4707   |   4711   | 60%  |  107030  |   0    | 170.38MB  
 00:02:19 | WARNING! Aborting CBS - could not obtain an initial solution for the following agents: Agent4(9->8)
 00:02:19 | WARNING! Aborting CBS - could not obtain an initial solution for the following agents: Agent4(9->8)
 00:02:20 | 00:02:53 | 0.03:34:28 |  44.68%  |  4989   |   4997   | 60%  |  113585  |   0    | 170.36MB  
 00:02:20 | WARNING! Aborting CBS - could not obtain an initial solution for the following agents: Agent30(42->41)
 00:02:20 | WARNING! Aborting CBS - could not obtain an initial solution for the following agents: Agent10(41->40)
 00:02:22 | WARNING! Aborting CBS - could not obtain an initial solution for the following agents: Agent26(26->25)
 00:02:22 | WARNING! Aborting CBS - could not obtain an initial solution for the following agents: Agent26(26->25)
 00:02:22 | WARNING! Aborting CBS - could not obtain an initial solution for the following agents: Agent26(26->25)
 00:02:25 | 00:02:43 | 0.03:45:17 |  46.94%  |  5238   |   5251   | 60%  |  119522  |   0    | 170.91MB  
 00:02:25 | WARNING! Aborting CBS - could not obtain an initial solution for the following agents: Agent4(10->9)
 00:02:25 | WARNING! Aborting CBS - could not obtain an initial solution for the following agents: Agent4(10->9)
 00:02:27 | WARNING! Aborting CBS - could not obtain an initial solution for the following agents: Agent27(3->1)
 00:02:27 | WARNING! Aborting CBS - could not obtain an initial solution for the following agents: Agent27(3->2)
 00:02:30 | 00:02:35 | 0.03:55:34 |  49.08%  |  5477   |   5493   | 60%  |  125186  |   0    | 170.95MB  
 00:02:30 | WARNING! Aborting CBS - could not obtain an initial solution for the following agents: Agent25(9->8)
 00:02:32 | WARNING! Aborting CBS - could not obtain an initial solution for the following agents: Agent0(25->17)
 00:02:32 | WARNING! Aborting CBS - could not obtain an initial solution for the following agents: Agent0(25->18)
 00:02:33 | WARNING! Aborting CBS - could not obtain an initial solution for the following agents: Agent5(57->56)
 00:02:34 | WARNING! Aborting CBS - could not obtain an initial solution for the following agents: Agent24(25->24)
 00:02:34 | WARNING! Aborting CBS - could not obtain an initial solution for the following agents: Agent24(25->24)
 00:02:35 | 00:02:25 | 0.04:07:47 |  51.62%  |  5763   |   5779   | 60%  |  131856  |   0    | 172.62MB  
 00:02:35 | WARNING! Aborting CBS - could not obtain an initial solution for the following agents: Agent10(40->39)
 00:02:40 | 00:02:19 | 0.04:16:42 |  53.48%  |  5972   |   5987   | 60%  |  136733  |   0    | 172.12MB  
 00:02:40 | WARNING! Aborting CBS - could not obtain an initial solution for the following agents: Agent2(27->26)
 00:02:40 | WARNING! Aborting CBS - could not obtain an initial solution for the following agents: Agent2(27->26)
 00:02:40 | WARNING! Aborting CBS - could not obtain an initial solution for the following agents: Agent2(27->26)
 00:02:40 | WARNING! Aborting CBS - could not obtain an initial solution for the following agents: Agent2(27->26)
 00:02:42 | WARNING! Aborting CBS - could not obtain an initial solution for the following agents: Agent10(41->40)
 00:02:45 | 00:02:14 | 0.04:24:26 |  55.09%  |  6151   |   6169   | 60%  |  140808  |   0    | 171.14MB  
 00:02:46 | WARNING! Aborting CBS - could not obtain an initial solution for the following agents: Agent8(41->40)
 00:02:46 | WARNING! Aborting CBS - could not obtain an initial solution for the following agents: Agent8(41->40)
 00:02:50 | 00:02:08 | 0.04:33:49 |  57.05%  |  6365   |   6389   | 60%  |  145841  |   0    | 171.16MB  
 00:02:54 | WARNING! Aborting CBS - could not obtain an initial solution for the following agents: Agent16(57->56)
 00:02:54 | WARNING! Aborting CBS - could not obtain an initial solution for the following agents: Agent16(57->56)
 00:02:55 | 00:02:01 | 0.04:42:59 |  58.96%  |  6583   |   6603   | 60%  |  150882  |   0    | 170.80MB  
 00:02:55 | WARNING! Aborting CBS - could not obtain an initial solution for the following agents: Agent16(57->56)
 00:02:59 | WARNING! Aborting CBS - could not obtain an initial solution for the following agents: Agent5(56->55)
 00:02:59 | WARNING! Aborting CBS - could not obtain an initial solution for the following agents: Agent5(56->55)
 00:03:00 | 00:01:54 | 0.04:53:53 |  61.23%  |  6833   |   6859   | 60%  |  156963  |   0    | 170.96MB  
 00:03:01 | WARNING! Aborting CBS - could not obtain an initial solution for the following agents: Agent1(8->1),Agent27(3->0)
 00:03:01 | WARNING! Aborting CBS - could not obtain an initial solution for the following agents: Agent1(8->1),Agent27(3->0)
 00:03:01 | WARNING! Aborting CBS - could not obtain an initial solution for the following agents: Agent1(8->2),Agent27(3->1)
 00:03:01 | WARNING! Aborting CBS - could not obtain an initial solution for the following agents: Agent1(8->3),Agent27(3->2)
 00:03:05 | 00:01:50 | 0.05:00:42 |  62.65%  |  6994   |   7019   | 60%  |  160847  |   0    | 173.96MB  
 00:03:06 | WARNING! Aborting CBS - could not obtain an initial solution for the following agents: Agent11(25->24)
 00:03:06 | WARNING! Aborting CBS - could not obtain an initial solution for the following agents: Agent11(25->24)
 00:03:07 | WARNING! Aborting CBS - could not obtain an initial solution for the following agents: Agent10(41->40)
 00:03:10 | WARNING! Aborting CBS - could not obtain an initial solution for the following agents: Agent26(25->24)
 00:03:10 | 00:01:43 | 0.05:10:52 |  64.76%  |  7232   |   7257   | 60%  |  166286  |   0    | 171.74MB  
 00:03:12 | WARNING! Aborting CBS - could not obtain an initial solution for the following agents: Agent29(57->56)
 00:03:12 | WARNING! Aborting CBS - could not obtain an initial solution for the following agents: Agent29(57->56)
 00:03:15 | 00:01:35 | 0.05:22:40 |  67.22%  |  7508   |   7533   | 60%  |  172643  |   0    | 171.48MB  
 00:03:16 | WARNING! Aborting CBS - could not obtain an initial solution for the following agents: Agent2(25->24)
 00:03:16 | WARNING! Aborting CBS - could not obtain an initial solution for the following agents: Agent2(25->24)
 00:03:16 | WARNING! Aborting CBS - could not obtain an initial solution for the following agents: Agent24(27->26)
 00:03:16 | WARNING! Aborting CBS - could not obtain an initial solution for the following agents: Agent24(27->26)
 00:03:16 | WARNING! Aborting CBS - could not obtain an initial solution for the following agents: Agent24(27->26)
 00:03:20 | 00:01:32 | 0.05:28:01 |  68.34%  |  7628   |   7659   | 60%  |  175780  |   0    | 172.08MB  
 00:03:20 | WARNING! Aborting CBS - could not obtain an initial solution for the following agents: Agent10(41->40)
 00:03:25 | 00:01:32 | 0.05:30:56 |  68.94%  |  7694   |   7726   | 60%  |  177151  |   0    | 175.66MB  
 00:03:27 | WARNING! Aborting CBS - could not obtain an initial solution for the following agents: Agent25(3->2)
 00:03:29 | WARNING! Aborting CBS - could not obtain an initial solution for the following agents: Agent4(9->8)
 00:03:29 | WARNING! Aborting CBS - could not obtain an initial solution for the following agents: Agent25(8->7)
 00:03:29 | WARNING! Aborting CBS - could not obtain an initial solution for the following agents: Agent21(41->40)
 00:03:30 | 00:01:22 | 0.05:44:05 |  71.69%  |  8006   |   8037   | 60%  |  184189  |   0    | 171.23MB  
 00:03:32 | WARNING! Aborting CBS - could not obtain an initial solution for the following agents: Agent2(25->24)
 00:03:32 | WARNING! Aborting CBS - could not obtain an initial solution for the following agents: Agent29(58->50)
 00:03:35 | 00:01:15 | 0.05:54:58 |  73.95%  |  8250   |   8291   | 60%  |  190140  |   0    | 172.07MB  
 00:03:40 | 00:01:15 | 0.05:57:56 |  74.57%  |  8315   |   8361   | 60%  |  192056  |   0    | 175.11MB  
 00:03:45 | 00:01:13 | 0.06:01:19 |  75.28%  |  8391   |   8440   | 60%  |  193872  |   0    | 173.36MB  
 00:03:47 | WARNING! Aborting CBS - could not obtain an initial solution for the following agents: Agent10(41->40)
 00:03:47 | WARNING! Aborting CBS - could not obtain an initial solution for the following agents: Agent10(41->40)
 00:03:49 | WARNING! Aborting CBS - could not obtain an initial solution for the following agents: Agent8(41->40)
 00:03:49 | WARNING! Aborting CBS - could not obtain an initial solution for the following agents: Agent8(41->40)
 00:03:49 | WARNING! Aborting CBS - could not obtain an initial solution for the following agents: Agent11(27->26)
 00:03:49 | WARNING! Aborting CBS - could not obtain an initial solution for the following agents: Agent11(27->26)
 00:03:49 | WARNING! Aborting CBS - could not obtain an initial solution for the following agents: Agent11(27->26)
 00:03:49 | WARNING! Aborting CBS - could not obtain an initial solution for the following agents: Agent11(27->26)
 00:03:50 | 00:01:11 | 0.06:06:19 |  76.32%  |  8509   |   8557   | 60%  |  197253  |   0    | 174.90MB  
 00:03:50 | WARNING! Aborting CBS - could not obtain an initial solution for the following agents: Agent28(41->40)
 00:03:51 | WARNING! Aborting CBS - could not obtain an initial solution for the following agents: Agent5(57->50)
 00:03:51 | WARNING! Aborting CBS - could not obtain an initial solution for the following agents: Agent5(57->50)
 00:03:54 | WARNING! Aborting CBS - could not obtain an initial solution for the following agents: Agent19(3->1)
 00:03:54 | WARNING! Aborting CBS - could not obtain an initial solution for the following agents: Agent19(3->1)
 00:03:55 | 00:01:04 | 0.06:16:21 |  78.41%  |  8742   |   8793   | 60%  |  202483  |   0    | 172.30MB  
 00:03:58 | WARNING! Aborting CBS - could not obtain an initial solution for the following agents: Agent2(25->24)
 00:03:58 | WARNING! Aborting CBS - could not obtain an initial solution for the following agents: Agent2(25->24)
 00:04:00 | 00:00:56 | 0.06:28:38 |  80.97%  |  9026   |   9081   | 60%  |  208891  |   0    | 172.93MB  
 00:04:04 | WARNING! Aborting CBS - could not obtain an initial solution for the following agents: Agent25(8->1)
 00:04:04 | WARNING! Aborting CBS - could not obtain an initial solution for the following agents: Agent25(8->2)
 00:04:05 | 00:00:50 | 0.06:37:55 |  82.90%  |  9244   |   9298   | 60%  |  214162  |   0    | 175.38MB  
 00:04:06 | WARNING! Aborting CBS - could not obtain an initial solution for the following agents: Agent16(57->56)
 00:04:09 | WARNING! Aborting CBS - could not obtain an initial solution for the following agents: Agent8(41->40)
 00:04:10 | 00:00:42 | 0.06:49:35 |  85.33%  |  9516   |   9572   | 60%  |  220236  |   0    | 175.16MB  
 00:04:10 | WARNING! Aborting CBS - could not obtain an initial solution for the following agents: Agent10(41->40)
 00:04:10 | WARNING! Aborting CBS - could not obtain an initial solution for the following agents: Agent10(41->40)
 00:04:15 | 00:00:37 | 0.06:57:45 |  87.03%  |  9706   |   9763   | 60%  |  224845  |   0    | 175.34MB  
 00:04:15 | WARNING! Aborting CBS - could not obtain an initial solution for the following agents: Agent11(26->18)
 00:04:20 | 00:00:32 | 0.07:06:50 |  88.93%  |  9914   |   9976   | 60%  |  229961  |   0    | 174.76MB  
 00:04:23 | WARNING! Aborting CBS - could not obtain an initial solution for the following agents: Agent16(56->55)
 00:04:24 | WARNING! Aborting CBS - could not obtain an initial solution for the following agents: Agent27(8->7)
 00:04:24 | WARNING! Aborting CBS - could not obtain an initial solution for the following agents: Agent4(8->7)
 00:04:25 | 00:00:25 | 0.07:17:59 |  91.25%  |  10175  |  10237   | 60%  |  235485  |   0    | 175.48MB  
 00:04:26 | WARNING! Aborting CBS - could not obtain an initial solution for the following agents: Agent1(9->8)
 00:04:26 | WARNING! Aborting CBS - could not obtain an initial solution for the following agents: Agent1(9->8)
 00:04:29 | WARNING! Aborting CBS - could not obtain an initial solution for the following agents: Agent30(41->40)
 00:04:29 | WARNING! Aborting CBS - could not obtain an initial solution for the following agents: Agent30(41->40)
 00:04:29 | WARNING! Aborting CBS - could not obtain an initial solution for the following agents: Agent30(41->40)
 00:04:30 | 00:00:19 | 0.07:26:56 |  93.11%  |  10383  |  10447   | 60%  |  240167  |   0    | 174.90MB  
 00:04:30 | WARNING! Aborting CBS - could not obtain an initial solution for the following agents: Agent8(40->39)
 00:04:30 | WARNING! Aborting CBS - could not obtain an initial solution for the following agents: Agent26(25->24)
 00:04:30 | WARNING! Aborting CBS - could not obtain an initial solution for the following agents: Agent26(25->24)
 00:04:30 | WARNING! Aborting CBS - could not obtain an initial solution for the following agents: Agent26(25->24)
 00:04:35 | 00:00:13 | 0.07:37:10 |  95.25%  |  10619  |  10687   | 60%  |  245742  |   0    | 175.20MB  
 00:04:36 | WARNING! Aborting CBS - could not obtain an initial solution for the following agents: Agent27(9->8)
 00:04:36 | WARNING! Aborting CBS - could not obtain an initial solution for the following agents: Agent27(9->8)
 00:04:39 | WARNING! Aborting CBS - could not obtain an initial solution for the following agents: Agent4(9->8)
 00:04:39 | WARNING! Aborting CBS - could not obtain an initial solution for the following agents: Agent30(40->39)
 00:04:40 | 00:00:06 | 0.07:49:17 |  97.77%  |  10904  |  10971   | 60%  |  252332  |   0    | 175.21MB  
 00:04:41 | WARNING! Aborting CBS - could not obtain an initial solution for the following agents: Agent4(8->1),Agent25(3->0)
 00:04:41 | WARNING! Aborting CBS - could not obtain an initial solution for the following agents: Agent4(8->1),Agent25(3->0)
 00:04:41 | WARNING! Aborting CBS - could not obtain an initial solution for the following agents: Agent4(8->1),Agent25(3->0)
 00:04:41 | WARNING! Aborting CBS - could not obtain an initial solution for the following agents: Agent4(8->2),Agent25(3->1)
 00:04:41 | WARNING! Aborting CBS - could not obtain an initial solution for the following agents: Agent25(3->2)
 00:04:41 | WARNING! Aborting CBS - could not obtain an initial solution for the following agents: Agent25(3->2)
 00:04:44 | 00:00:00 | 0.08:00:00 | 100.00%  |  11155  |  11221   | 60%  |  257731  |   0    | 175.51MB  
 00:04:44 | >>> Simulation finished - writing results ...
 00:04:45 | >>> Results written
Simulation finished.
>>> Timings
StatTimingPathPlanningAverage: 0.014491056042960655
StatTimingPathPlanningOverall: 223.97376219999987
StatTimingPathPlanningCount: 15456
StatTimingTaskAllocationAverage: 0.0014711066967741941
StatTimingTaskAllocationOverall: 22.80215380000001
StatTimingTaskAllocationCount: 15500
StatTimingItemStorageAverage: 3.47168410696732E-06
StatTimingItemStorageOverall: 0.038816900000001604
StatTimingItemStorageCount: 11181
StatTimingPodStorageAverage: 0.0019685331920443433
StatTimingPodStorageOverall: 6.037491300000001
StatTimingPodStorageCount: 3067
StatTimingReplenishmentBatchingAverage: 8.057653536637001E-06
StatTimingReplenishmentBatchingOverall: 0.0951205999999998
StatTimingReplenishmentBatchingCount: 11805
StatTimingOrderBatchingAverage: 0.0001090120587469072
StatTimingOrderBatchingOverall: 3.3475423000000264
StatTimingOrderBatchingCount: 30708
>>> Overall
StatOverallBundlesPlaced: 15174
StatOverallItemsOrdered: 11200
StatOverallOrdersPlaced: 11200
StatOverallBundlesRejected: 0
StatOverallOrdersRejected: 0
StatOverallBundlesHandled: 11221
StatOverallItemsHandled: 11159
StatOverallLinesHandled: 11159
StatOverallOrdersHandled: 11155
StatOverallCollisions: 0
StatOverallDistanceTraveled: 257731.211747037
StatOverallDistanceEstimated: 237591
StatOverallAssignedTasks: 15500
StatMaxMemoryUsed: 176.15625
StatRealTimeUsed: 284.7097184
StatAverageTurnoverTime: 367.3591020277429
StatMedianTurnoverTime: 219.90109351151295
StatLowerQuartileTurnoverTime: 122.97007701427356
StatUpperQuartileTurnoverTime: 500.53427149269555
StatAverageThroughputTime: 114.14181333610614
StatMedianThroughputTime: 121.00373409502936
StatLowerQuartileThroughputTime: 81.05528137423426
StatUpperQuartileThroughputTime: 142.10594271574882
>>> Energy (Rizqi model)
StatEnergyTotalKJ: 19205.284339917096
StatEnergyE1AccelKJ: 5406.2673459999805
StatEnergyE2DecelKJ: 0
StatEnergyE3CruiseKJ: 9682.519756000005
StatEnergyE4RotationKJ: 3292.055286805919
StatEnergyE5LiftLowerKJ: 824.4419511111116
StatEnergyPerOrderKJ: 1.721674974443487
StatEnergyPerMeterJoule: 74.49856994312162
StatDistanceTraveledRizqiM: 257794
>>> Motion Behavior
StatTurningCount: 32470
StatStopAndGoCount: 44156
StatLoadedDistanceM: 174720
StatLoadedTurningCount: 23758
StatWaitTimeSec: 379382.0074057039

Marked tag finished after 1 tries!
.Fin. - SUCCESS
