<<< Welcome to the RAWSimO CLI >>>
The time is: 04/14/2026 00:02:19
Starting RAWSimO wrapper with the following arguments:
Instance: Material/Instances/PP/1-4-4-32-550.xinst
Setting: Material/Instances/PP/PPMinimal.xsett
ControlConfig: Material/Instances/PP/aesop-cbs.xconf
StatisticsDir: C:\Users\Aesop\Desktop\rawsim-o-rmfs-world-models\output_exp\cbs\seed_9
Seed: 9
Adding handler for unhandled exceptions ...
Initializing ... 
Instance recognized!
Parsing setting config ...
Parsing control config ...
Parsing instance ...
StatisticsFolder: 1-4-4-32-550-PPMinimal-aesop-cbs-9
Done!
Executing ... 
 00:02:21 | >>> Warming up ...
 00:00:00 | >>> Warmup finished - starting simulation ...
 Realtime |   ETA    |  Sim.Time  | Progress | #Orders | #Bundles | Inv. | Distance | #Coll. |   Memory    
 00:00:00 |   n/a    | 0.00:00:00 |  0.00%   |    0    |    0     | 60%  |    0     |   0    | 123.21MB  
 00:00:05 | 04:58:45 | 0.00:00:08 |  0.03%   |    0    |    0     | 60%  |   153    |   0    | 132.13MB  
 00:00:10 | 02:15:22 | 0.00:00:35 |  0.12%   |    0    |    0     | 60%  |   821    |   0    | 141.67MB  
 00:00:15 | 02:51:29 | 0.00:00:41 |  0.15%   |    0    |    0     | 60%  |   949    |   0    | 152.04MB  
 00:00:20 | 03:09:06 | 0.00:00:50 |  0.18%   |    2    |    0     | 60%  |   1142   |   0    | 154.53MB  
 00:00:25 | 03:34:37 | 0.00:00:55 |  0.19%   |    3    |    0     | 60%  |   1240   |   0    | 160.86MB  
 00:00:27 | WARNING! Aborting CBS - could not obtain an initial solution for the following agents: Agent8(41->32)
 00:00:27 | WARNING! Aborting CBS - could not obtain an initial solution for the following agents: Agent8(41->32)
 00:00:27 | WARNING! Aborting CBS - could not obtain an initial solution for the following agents: Agent8(41->34)
 00:00:28 | WARNING! Aborting CBS - could not obtain an initial solution for the following agents: Agent9(57->56)
 00:00:28 | WARNING! Aborting CBS - could not obtain an initial solution for the following agents: Agent9(57->56)
 00:00:28 | WARNING! Aborting CBS - could not obtain an initial solution for the following agents: Agent9(57->56)
 00:00:30 | 00:50:44 | 0.00:04:41 |  0.98%   |   91    |    81    | 60%  |   2745   |   0    | 159.69MB  
 00:00:32 | WARNING! Aborting CBS - could not obtain an initial solution for the following agents: Agent11(25->24)
 00:00:34 | WARNING! Aborting CBS - could not obtain an initial solution for the following agents: Agent0(25->24)
 00:00:34 | WARNING! Aborting CBS - could not obtain an initial solution for the following agents: Agent0(25->24)
 00:00:34 | WARNING! Aborting CBS - could not obtain an initial solution for the following agents: Agent0(25->24)
 00:00:34 | WARNING! Aborting CBS - could not obtain an initial solution for the following agents: Agent16(57->56)
 00:00:34 | WARNING! Aborting CBS - could not obtain an initial solution for the following agents: Agent16(57->56)
 00:00:35 | 00:22:50 | 0.00:11:57 |  2.49%   |   262   |   251    | 60%  |   5889   |   0    | 161.73MB  
 00:00:35 | WARNING! Aborting CBS - could not obtain an initial solution for the following agents: Agent29(57->56)
 00:00:36 | WARNING! Aborting CBS - could not obtain an initial solution for the following agents: Agent26(26->25)
 00:00:36 | WARNING! Aborting CBS - could not obtain an initial solution for the following agents: Agent26(26->25)
 00:00:37 | WARNING! Aborting CBS - could not obtain an initial solution for the following agents: Agent14(9->8)
 00:00:37 | WARNING! Aborting CBS - could not obtain an initial solution for the following agents: Agent4(3->1)
 00:00:37 | WARNING! Aborting CBS - could not obtain an initial solution for the following agents: Agent4(3->1)
 00:00:37 | WARNING! Aborting CBS - could not obtain an initial solution for the following agents: Agent4(3->2)
 00:00:37 | WARNING! Aborting CBS - could not obtain an initial solution for the following agents: Agent4(3->2)
 00:00:40 | 00:15:25 | 0.00:19:53 |  4.14%   |   450   |   437    | 60%  |   9923   |   0    | 161.94MB  
 00:00:42 | WARNING! Aborting CBS - could not obtain an initial solution for the following agents: Agent10(41->33)
 00:00:42 | WARNING! Aborting CBS - could not obtain an initial solution for the following agents: Agent10(41->33)
 00:00:42 | WARNING! Aborting CBS - could not obtain an initial solution for the following agents: Agent10(41->34)
 00:00:42 | WARNING! Aborting CBS - could not obtain an initial solution for the following agents: Agent10(41->34)
 00:00:43 | WARNING! Aborting CBS - could not obtain an initial solution for the following agents: Agent24(19->17)
 00:00:43 | WARNING! Aborting CBS - could not obtain an initial solution for the following agents: Agent24(19->17)
 00:00:43 | WARNING! Aborting CBS - could not obtain an initial solution for the following agents: Agent24(19->18)
 00:00:44 | WARNING! Aborting CBS - could not obtain an initial solution for the following agents: Agent14(9->8)
 00:00:44 | WARNING! Aborting CBS - could not obtain an initial solution for the following agents: Agent14(9->8)
 00:00:44 | WARNING! Aborting CBS - could not obtain an initial solution for the following agents: Agent14(9->8)
 00:00:45 | 00:12:09 | 0.00:27:53 |  5.81%   |   638   |   624    | 60%  |  13510   |   0    | 163.39MB  
 00:00:45 | WARNING! Aborting CBS - could not obtain an initial solution for the following agents: Agent9(57->56)
 00:00:46 | WARNING! Aborting CBS - could not obtain an initial solution for the following agents: Agent5(57->50)
 00:00:48 | WARNING! Aborting CBS - could not obtain an initial solution for the following agents: Agent25(1->0)
 00:00:48 | WARNING! Aborting CBS - could not obtain an initial solution for the following agents: Agent25(1->0)
 00:00:48 | WARNING! Aborting CBS - could not obtain an initial solution for the following agents: Agent25(1->0)
 00:00:50 | 00:09:38 | 0.00:38:10 |  7.95%   |   880   |   865    | 60%  |  18514   |   0    | 163.50MB  
 00:00:53 | WARNING! Aborting CBS - could not obtain an initial solution for the following agents: Agent29(57->56)
 00:00:53 | WARNING! Aborting CBS - could not obtain an initial solution for the following agents: Agent29(57->56)
 00:00:53 | WARNING! Aborting CBS - could not obtain an initial solution for the following agents: Agent29(57->56)
 00:00:55 | 00:08:07 | 0.00:48:37 |  10.13%  |  1123   |   1109   | 60%  |  23506   |   0    | 164.68MB  
 00:00:55 | WARNING! Aborting CBS - could not obtain an initial solution for the following agents: Agent14(2->0)
 00:00:55 | WARNING! Aborting CBS - could not obtain an initial solution for the following agents: Agent14(2->0)
 00:00:55 | WARNING! Aborting CBS - could not obtain an initial solution for the following agents: Agent14(2->1),Agent30(41->40)
 00:00:55 | WARNING! Aborting CBS - could not obtain an initial solution for the following agents: Agent14(2->1)
 00:00:56 | WARNING! Aborting CBS - could not obtain an initial solution for the following agents: Agent1(2->0)
 00:00:56 | WARNING! Aborting CBS - could not obtain an initial solution for the following agents: Agent1(2->1)
 00:00:56 | WARNING! Aborting CBS - could not obtain an initial solution for the following agents: Agent1(2->1)
 00:00:57 | WARNING! Aborting CBS - could not obtain an initial solution for the following agents: Agent29(57->56)
 00:00:57 | WARNING! Aborting CBS - could not obtain an initial solution for the following agents: Agent29(57->56)
 00:00:59 | WARNING! Aborting CBS - could not obtain an initial solution for the following agents: Agent27(3->0)
 00:01:00 | 00:07:16 | 0.00:58:02 |  12.09%  |  1344   |   1329   | 60%  |  27976   |   0    | 165.52MB  
 00:01:05 | 00:06:26 | 0.01:09:04 |  14.39%  |  1603   |   1588   | 60%  |  33987   |   0    | 165.73MB  
 00:01:05 | WARNING! Aborting CBS - could not obtain an initial solution for the following agents: Agent26(25->24)
 00:01:10 | 00:06:03 | 0.01:17:27 |  16.14%  |  1800   |   1785   | 60%  |  38845   |   0    | 168.24MB  
 00:01:15 | 00:05:35 | 0.01:27:42 |  18.27%  |  2041   |   2024   | 60%  |  44109   |   0    | 168.90MB  
 00:01:16 | WARNING! Aborting CBS - could not obtain an initial solution for the following agents: Agent5(57->56)
 00:01:16 | WARNING! Aborting CBS - could not obtain an initial solution for the following agents: Agent5(57->56)
 00:01:19 | WARNING! Aborting CBS - could not obtain an initial solution for the following agents: Agent11(25->24)
 00:01:20 | 00:05:15 | 0.01:36:59 |  20.21%  |  2258   |   2243   | 60%  |  48920   |   0    | 169.18MB  
 00:01:20 | WARNING! Aborting CBS - could not obtain an initial solution for the following agents: Agent28(41->40)
 00:01:20 | WARNING! Aborting CBS - could not obtain an initial solution for the following agents: Agent28(41->40)
 00:01:22 | WARNING! Aborting CBS - could not obtain an initial solution for the following agents: Agent25(9->8)
 00:01:22 | WARNING! Aborting CBS - could not obtain an initial solution for the following agents: Agent25(9->8)
 00:01:22 | WARNING! Aborting CBS - could not obtain an initial solution for the following agents: Agent1(9->8)
 00:01:22 | WARNING! Aborting CBS - could not obtain an initial solution for the following agents: Agent1(9->8)
 00:01:24 | WARNING! Aborting CBS - could not obtain an initial solution for the following agents: Agent16(58->57)
 00:01:24 | WARNING! Aborting CBS - could not obtain an initial solution for the following agents: Agent16(58->57)
 00:01:25 | 00:05:03 | 0.01:45:01 |  21.88%  |  2438   |   2430   | 60%  |  53479   |   0    | 170.05MB  
 00:01:26 | WARNING! Aborting CBS - could not obtain an initial solution for the following agents: Agent19(2->1)
 00:01:28 | WARNING! Aborting CBS - could not obtain an initial solution for the following agents: Agent14(9->8)
 00:01:28 | WARNING! Aborting CBS - could not obtain an initial solution for the following agents: Agent14(9->8)
 00:01:30 | 00:04:43 | 0.01:55:49 |  24.13%  |  2693   |   2684   | 60%  |  59390   |   0    | 168.96MB  
 00:01:32 | WARNING! Aborting CBS - could not obtain an initial solution for the following agents: Agent2(25->24)
 00:01:34 | WARNING! Aborting CBS - could not obtain an initial solution for the following agents: Agent4(9->8)
 00:01:34 | WARNING! Aborting CBS - could not obtain an initial solution for the following agents: Agent4(9->8)
 00:01:35 | 00:04:21 | 0.02:07:44 |  26.61%  |  2971   |   2963   | 60%  |  65548   |   0    | 169.89MB  
 00:01:36 | WARNING! Aborting CBS - could not obtain an initial solution for the following agents: Agent28(41->33)
 00:01:36 | WARNING! Aborting CBS - could not obtain an initial solution for the following agents: Agent28(41->34)
 00:01:36 | WARNING! Aborting CBS - could not obtain an initial solution for the following agents: Agent28(41->35)
 00:01:37 | WARNING! Aborting CBS - could not obtain an initial solution for the following agents: Agent25(9->2)
 00:01:37 | WARNING! Aborting CBS - could not obtain an initial solution for the following agents: Agent29(59->58)
 00:01:37 | WARNING! Aborting CBS - could not obtain an initial solution for the following agents: Agent29(59->58)
 00:01:37 | WARNING! Aborting CBS - could not obtain an initial solution for the following agents: Agent29(59->58)
 00:01:37 | WARNING! Aborting CBS - could not obtain an initial solution for the following agents: Agent29(59->58)
 00:01:38 | WARNING! Aborting CBS - could not obtain an initial solution for the following agents: Agent19(9->8)
 00:01:38 | WARNING! Aborting CBS - could not obtain an initial solution for the following agents: Agent19(9->8)
 00:01:38 | WARNING! Aborting CBS - could not obtain an initial solution for the following agents: Agent19(9->8)
 00:01:40 | 00:04:15 | 0.02:14:55 |  28.11%  |  3136   |   3130   | 60%  |  69877   |   0    | 169.84MB  
 00:01:40 | WARNING! Aborting CBS - could not obtain an initial solution for the following agents: Agent30(41->40)
 00:01:40 | WARNING! Aborting CBS - could not obtain an initial solution for the following agents: Agent30(41->40)
 00:01:45 | 00:04:11 | 0.02:21:13 |  29.42%  |  3284   |   3278   | 60%  |  73484   |   0    | 172.79MB  
 00:01:45 | WARNING! Aborting CBS - could not obtain an initial solution for the following agents: Agent26(25->24)
 00:01:45 | WARNING! Aborting CBS - could not obtain an initial solution for the following agents: Agent26(25->24)
 00:01:48 | WARNING! Aborting CBS - could not obtain an initial solution for the following agents: Agent25(9->8)
 00:01:48 | WARNING! Aborting CBS - could not obtain an initial solution for the following agents: Agent25(9->8)
 00:01:50 | 00:03:56 | 0.02:32:19 |  31.73%  |  3540   |   3538   | 60%  |  79875   |   0    | 172.57MB  
 00:01:50 | WARNING! Aborting CBS - could not obtain an initial solution for the following agents: Agent8(41->40)
 00:01:51 | WARNING! Aborting CBS - could not obtain an initial solution for the following agents: Agent25(9->8)
 00:01:51 | WARNING! Aborting CBS - could not obtain an initial solution for the following agents: Agent25(9->8)
 00:01:51 | WARNING! Aborting CBS - could not obtain an initial solution for the following agents: Agent19(8->1)
 00:01:51 | WARNING! Aborting CBS - could not obtain an initial solution for the following agents: Agent19(8->2)
 00:01:55 | 00:03:42 | 0.02:43:24 |  34.04%  |  3797   |   3796   | 60%  |  86122   |   0    | 170.69MB  
 00:01:56 | WARNING! Aborting CBS - could not obtain an initial solution for the following agents: Agent11(25->24)
 00:01:56 | WARNING! Aborting CBS - could not obtain an initial solution for the following agents: Agent11(25->24)
 00:01:59 | WARNING! Aborting CBS - could not obtain an initial solution for the following agents: Agent9(56->55)
 00:01:59 | WARNING! Aborting CBS - could not obtain an initial solution for the following agents: Agent9(56->55)
 00:01:59 | WARNING! Aborting CBS - could not obtain an initial solution for the following agents: Agent9(56->55)
 00:02:00 | 00:03:33 | 0.02:52:57 |  36.03%  |  4016   |   4020   | 60%  |  91555   |   0    | 170.83MB  
 00:02:00 | WARNING! Aborting CBS - could not obtain an initial solution for the following agents: Agent24(27->18)
 00:02:00 | WARNING! Aborting CBS - could not obtain an initial solution for the following agents: Agent24(27->26)
 00:02:05 | 00:03:21 | 0.03:03:37 |  38.26%  |  4266   |   4271   | 60%  |  97605   |   0    | 170.72MB  
 00:02:06 | WARNING! Aborting CBS - could not obtain an initial solution for the following agents: Agent29(57->56)
 00:02:06 | WARNING! Aborting CBS - could not obtain an initial solution for the following agents: Agent29(57->56)
 00:02:06 | WARNING! Aborting CBS - could not obtain an initial solution for the following agents: Agent29(57->56)
 00:02:06 | WARNING! Aborting CBS - could not obtain an initial solution for the following agents: Agent29(57->56)
 00:02:09 | WARNING! Aborting CBS - could not obtain an initial solution for the following agents: Agent25(9->8)
 00:02:09 | WARNING! Aborting CBS - could not obtain an initial solution for the following agents: Agent25(9->8)
 00:02:09 | WARNING! Aborting CBS - could not obtain an initial solution for the following agents: Agent2(24->23)
 00:02:10 | 00:03:11 | 0.03:14:19 |  40.48%  |  4518   |   4520   | 60%  |  103405  |   0    | 171.26MB  
 00:02:10 | WARNING! Aborting CBS - could not obtain an initial solution for the following agents: Agent11(26->25)
 00:02:10 | WARNING! Aborting CBS - could not obtain an initial solution for the following agents: Agent11(26->25)
 00:02:10 | WARNING! Aborting CBS - could not obtain an initial solution for the following agents: Agent11(26->25)
 00:02:10 | WARNING! Aborting CBS - could not obtain an initial solution for the following agents: Agent11(26->25)
 00:02:11 | WARNING! Aborting CBS - could not obtain an initial solution for the following agents: Agent26(25->24)
 00:02:15 | 00:03:02 | 0.03:23:53 |  42.48%  |  4739   |   4742   | 60%  |  108681  |   0    | 171.05MB  
 00:02:16 | WARNING! Aborting CBS - could not obtain an initial solution for the following agents: Agent27(9->8)
 00:02:16 | WARNING! Aborting CBS - could not obtain an initial solution for the following agents: Agent27(9->8)
 00:02:16 | WARNING! Aborting CBS - could not obtain an initial solution for the following agents: Agent27(9->7)
 00:02:16 | WARNING! Aborting CBS - could not obtain an initial solution for the following agents: Agent27(9->7)
 00:02:20 | 00:02:55 | 0.03:32:42 |  44.31%  |  4945   |   4951   | 60%  |  113644  |   0    | 171.79MB  
 00:02:24 | WARNING! Aborting CBS - could not obtain an initial solution for the following agents: Agent25(9->8)
 00:02:24 | WARNING! Aborting CBS - could not obtain an initial solution for the following agents: Agent25(9->8)
 00:02:25 | WARNING! Aborting CBS - could not obtain an initial solution for the following agents: Agent14(3->1)
 00:02:25 | 00:02:45 | 0.03:44:26 |  46.76%  |  5222   |   5226   | 60%  |  119607  |   0    | 171.52MB  
 00:02:25 | WARNING! Aborting CBS - could not obtain an initial solution for the following agents: Agent14(3->1)
 00:02:25 | WARNING! Aborting CBS - could not obtain an initial solution for the following agents: Agent14(3->2)
 00:02:25 | WARNING! Aborting CBS - could not obtain an initial solution for the following agents: Agent21(41->40)
 00:02:26 | WARNING! Aborting CBS - could not obtain an initial solution for the following agents: Agent14(3->1)
 00:02:26 | WARNING! Aborting CBS - could not obtain an initial solution for the following agents: Agent14(3->1)
 00:02:30 | 00:02:37 | 0.03:54:03 |  48.76%  |  5443   |   5452   | 60%  |  124828  |   0    | 171.63MB  
 00:02:35 | 00:02:35 | 0.03:59:48 |  49.96%  |  5577   |   5586   | 60%  |  127605  |   0    | 175.45MB  
 00:02:37 | WARNING! Aborting CBS - could not obtain an initial solution for the following agents: Agent26(25->24)
 00:02:37 | WARNING! Aborting CBS - could not obtain an initial solution for the following agents: Agent9(57->56)
 00:02:37 | WARNING! Aborting CBS - could not obtain an initial solution for the following agents: Agent11(25->24)
 00:02:38 | WARNING! Aborting CBS - could not obtain an initial solution for the following agents: Agent1(9->8)
 00:02:40 | 00:02:26 | 0.04:10:13 |  52.13%  |  5820   |   5831   | 60%  |  133420  |   0    | 171.60MB  
 00:02:44 | WARNING! Aborting CBS - could not obtain an initial solution for the following agents: Agent11(24->23)
 00:02:45 | 00:02:19 | 0.04:19:52 |  54.14%  |  6047   |   6057   | 60%  |  138788  |   0    | 172.06MB  
 00:02:46 | WARNING! Aborting CBS - could not obtain an initial solution for the following agents: Agent19(11->2)
 00:02:46 | WARNING! Aborting CBS - could not obtain an initial solution for the following agents: Agent19(11->2)
 00:02:46 | WARNING! Aborting CBS - could not obtain an initial solution for the following agents: Agent19(11->2)
 00:02:46 | WARNING! Aborting CBS - could not obtain an initial solution for the following agents: Agent19(11->2)
 00:02:50 | 00:02:15 | 0.04:27:20 |  55.70%  |  6217   |   6233   | 60%  |  143430  |   0    | 172.18MB  
 00:02:50 | WARNING! Aborting CBS - could not obtain an initial solution for the following agents: Agent8(40->33)
 00:02:50 | WARNING! Aborting CBS - could not obtain an initial solution for the following agents: Agent8(40->33)
 00:02:50 | WARNING! Aborting CBS - could not obtain an initial solution for the following agents: Agent8(40->33)
 00:02:50 | WARNING! Aborting CBS - could not obtain an initial solution for the following agents: Agent8(40->34)
 00:02:50 | WARNING! Aborting CBS - could not obtain an initial solution for the following agents: Agent8(40->34)
 00:02:52 | WARNING! Aborting CBS - could not obtain an initial solution for the following agents: Agent30(41->40)
 00:02:52 | WARNING! Aborting CBS - could not obtain an initial solution for the following agents: Agent30(41->40)
 00:02:53 | WARNING! Aborting CBS - could not obtain an initial solution for the following agents: Agent25(9->2)
 00:02:53 | WARNING! Aborting CBS - could not obtain an initial solution for the following agents: Agent1(3->1)
 00:02:53 | WARNING! Aborting CBS - could not obtain an initial solution for the following agents: Agent1(3->1)
 00:02:53 | WARNING! Aborting CBS - could not obtain an initial solution for the following agents: Agent1(3->2)
 00:02:53 | WARNING! Aborting CBS - could not obtain an initial solution for the following agents: Agent1(3->2)
 00:02:55 | 00:02:07 | 0.04:38:08 |  57.95%  |  6471   |   6485   | 60%  |  149191  |   0    | 172.11MB  
 00:02:56 | WARNING! Aborting CBS - could not obtain an initial solution for the following agents: Agent10(43->42)
 00:02:56 | WARNING! Aborting CBS - could not obtain an initial solution for the following agents: Agent10(43->42)
 00:03:00 | 00:01:58 | 0.04:49:08 |  60.24%  |  6730   |   6744   | 60%  |  155407  |   0    | 172.89MB  
 00:03:03 | WARNING! Aborting CBS - could not obtain an initial solution for the following agents: Agent8(41->40)
 00:03:05 | WARNING! Aborting CBS - could not obtain an initial solution for the following agents: Agent16(57->56)
 00:03:05 | 00:01:51 | 0.04:59:47 |  62.46%  |  6970   |   6993   | 60%  |  161000  |   0    | 172.43MB  
 00:03:05 | WARNING! Aborting CBS - could not obtain an initial solution for the following agents: Agent24(24->23)
 00:03:10 | 00:01:43 | 0.05:10:13 |  64.63%  |  7213   |   7237   | 60%  |  166747  |   0    | 172.38MB  
 00:03:10 | WARNING! Aborting CBS - could not obtain an initial solution for the following agents: Agent10(41->40)
 00:03:12 | WARNING! Aborting CBS - could not obtain an initial solution for the following agents: Agent24(25->24)
 00:03:12 | WARNING! Aborting CBS - could not obtain an initial solution for the following agents: Agent24(25->24)
 00:03:13 | WARNING! Aborting CBS - could not obtain an initial solution for the following agents: Agent9(58->57)
 00:03:13 | WARNING! Aborting CBS - could not obtain an initial solution for the following agents: Agent9(58->57)
 00:03:13 | WARNING! Aborting CBS - could not obtain an initial solution for the following agents: Agent24(25->24)
 00:03:13 | WARNING! Aborting CBS - could not obtain an initial solution for the following agents: Agent24(25->24)
 00:03:13 | WARNING! Aborting CBS - could not obtain an initial solution for the following agents: Agent24(25->24)
 00:03:15 | 00:01:37 | 0.05:20:29 |  66.77%  |  7450   |   7478   | 60%  |  172189  |   0    | 172.49MB  
 00:03:16 | WARNING! Aborting CBS - could not obtain an initial solution for the following agents: Agent4(9->8)
 00:03:16 | WARNING! Aborting CBS - could not obtain an initial solution for the following agents: Agent4(9->8)
 00:03:17 | WARNING! Aborting CBS - could not obtain an initial solution for the following agents: Agent5(56->55)
 00:03:19 | WARNING! Aborting CBS - could not obtain an initial solution for the following agents: Agent8(35->34)
 00:03:20 | 00:01:29 | 0.05:31:39 |  69.10%  |  7711   |   7741   | 60%  |  178122  |   0    | 172.93MB  
 00:03:24 | WARNING! Aborting CBS - could not obtain an initial solution for the following agents: Agent4(9->8)
 00:03:24 | WARNING! Aborting CBS - could not obtain an initial solution for the following agents: Agent4(9->8)
 00:03:24 | WARNING! Aborting CBS - could not obtain an initial solution for the following agents: Agent4(9->8)
 00:03:25 | 00:01:24 | 0.05:39:40 |  70.76%  |  7897   |   7927   | 60%  |  182547  |   0    | 172.47MB  
 00:03:25 | WARNING! Aborting CBS - could not obtain an initial solution for the following agents: Agent21(41->40)
 00:03:28 | WARNING! Aborting CBS - could not obtain an initial solution for the following agents: Agent11(25->24)
 00:03:28 | WARNING! Aborting CBS - could not obtain an initial solution for the following agents: Agent0(25->24)
 00:03:28 | WARNING! Aborting CBS - could not obtain an initial solution for the following agents: Agent24(25->18)
 00:03:30 | 00:01:17 | 0.05:50:46 |  73.08%  |  8152   |   8186   | 60%  |  188879  |   0    | 172.45MB  
 00:03:31 | WARNING! Aborting CBS - could not obtain an initial solution for the following agents: Agent14(9->8)
 00:03:33 | WARNING! Aborting CBS - could not obtain an initial solution for the following agents: Agent30(41->40)
 00:03:35 | 00:01:13 | 0.05:58:18 |  74.65%  |  8327   |   8365   | 60%  |  193205  |   0    | 174.51MB  
 00:03:35 | WARNING! Aborting CBS - could not obtain an initial solution for the following agents: Agent7(57->56)
 00:03:35 | WARNING! Aborting CBS - could not obtain an initial solution for the following agents: Agent7(57->56)
 00:03:36 | WARNING! Aborting CBS - could not obtain an initial solution for the following agents: Agent21(42->41)
 00:03:36 | WARNING! Aborting CBS - could not obtain an initial solution for the following agents: Agent21(42->41)
 00:03:38 | WARNING! Aborting CBS - could not obtain an initial solution for the following agents: Agent5(57->56)
 00:03:38 | WARNING! Aborting CBS - could not obtain an initial solution for the following agents: Agent5(57->56)
 00:03:40 | 00:01:06 | 0.06:08:14 |  76.72%  |  8558   |   8597   | 60%  |  198748  |   0    | 172.95MB  
 00:03:45 | 00:01:01 | 0.06:17:10 |  78.58%  |  8763   |   8806   | 60%  |  203692  |   0    | 172.48MB  
 00:03:45 | WARNING! Aborting CBS - could not obtain an initial solution for the following agents: Agent0(25->24)
 00:03:49 | WARNING! Aborting CBS - could not obtain an initial solution for the following agents: Agent27(3->2)
 00:03:49 | WARNING! Aborting CBS - could not obtain an initial solution for the following agents: Agent27(3->2)
 00:03:49 | WARNING! Aborting CBS - could not obtain an initial solution for the following agents: Agent27(3->1)
 00:03:49 | WARNING! Aborting CBS - could not obtain an initial solution for the following agents: Agent27(3->1)
 00:03:49 | WARNING! Aborting CBS - could not obtain an initial solution for the following agents: Agent27(3->2)
 00:03:50 | 00:00:55 | 0.06:26:25 |  80.51%  |  8982   |   9024   | 60%  |  208576  |   0    | 175.18MB  
 00:03:55 | 00:00:52 | 0.06:32:20 |  81.74%  |  9118   |   9163   | 60%  |  212017  |   0    | 172.86MB  
 00:03:59 | WARNING! Aborting CBS - could not obtain an initial solution for the following agents: Agent28(40->39)
 00:04:00 | 00:00:47 | 0.06:41:09 |  83.58%  |  9323   |   9369   | 60%  |  216655  |   0    | 173.39MB  
 00:04:01 | WARNING! Aborting CBS - could not obtain an initial solution for the following agents: Agent2(24->23)
 00:04:01 | WARNING! Aborting CBS - could not obtain an initial solution for the following agents: Agent2(24->22),Agent21(42->41)
 00:04:01 | WARNING! Aborting CBS - could not obtain an initial solution for the following agents: Agent21(42->41)
 00:04:05 | 00:00:39 | 0.06:53:16 |  86.10%  |  9605   |   9654   | 60%  |  222857  |   0    | 173.04MB  
 00:04:07 | WARNING! Aborting CBS - could not obtain an initial solution for the following agents: Agent4(3->2)
 00:04:10 | 00:00:32 | 0.07:05:14 |  88.59%  |  9885   |   9934   | 60%  |  229044  |   0    | 172.92MB  
 00:04:11 | WARNING! Aborting CBS - could not obtain an initial solution for the following agents: Agent29(57->56)
 00:04:12 | WARNING! Aborting CBS - could not obtain an initial solution for the following agents: Agent9(57->56)
 00:04:12 | WARNING! Aborting CBS - could not obtain an initial solution for the following agents: Agent9(57->56)
 00:04:12 | WARNING! Aborting CBS - could not obtain an initial solution for the following agents: Agent21(40->39)
 00:04:12 | WARNING! Aborting CBS - could not obtain an initial solution for the following agents: Agent4(9->8)
 00:04:13 | WARNING! Aborting CBS - could not obtain an initial solution for the following agents: Agent9(57->56)
 00:04:15 | 00:00:25 | 0.07:16:08 |  90.86%  |  10141  |  10190   | 60%  |  235122  |   0    | 172.85MB  
 00:04:16 | WARNING! Aborting CBS - could not obtain an initial solution for the following agents: Agent11(25->24)
 00:04:16 | WARNING! Aborting CBS - could not obtain an initial solution for the following agents: Agent11(25->24)
 00:04:16 | WARNING! Aborting CBS - could not obtain an initial solution for the following agents: Agent8(41->40)
 00:04:17 | WARNING! Aborting CBS - could not obtain an initial solution for the following agents: Agent10(41->40)
 00:04:20 | 00:00:18 | 0.07:28:38 |  93.47%  |  10435  |  10483   | 60%  |  241737  |   0    | 173.26MB  
 00:04:21 | WARNING! Aborting CBS - could not obtain an initial solution for the following agents: Agent24(25->24)
 00:04:21 | WARNING! Aborting CBS - could not obtain an initial solution for the following agents: Agent24(25->24)
 00:04:21 | WARNING! Aborting CBS - could not obtain an initial solution for the following agents: Agent24(25->24)
 00:04:21 | WARNING! Aborting CBS - could not obtain an initial solution for the following agents: Agent9(56->55)
 00:04:22 | WARNING! Aborting CBS - could not obtain an initial solution for the following agents: Agent30(41->40)
 00:04:22 | WARNING! Aborting CBS - could not obtain an initial solution for the following agents: Agent30(41->40)
 00:04:24 | WARNING! Aborting CBS - could not obtain an initial solution for the following agents: Agent28(41->40)
 00:04:25 | 00:00:12 | 0.07:38:29 |  95.52%  |  10664  |  10713   | 60%  |  246882  |   0    | 172.74MB  
 00:04:26 | WARNING! Aborting CBS - could not obtain an initial solution for the following agents: Agent4(2->1)
 00:04:26 | WARNING! Aborting CBS - could not obtain an initial solution for the following agents: Agent4(2->1)
 00:04:30 | 00:00:08 | 0.07:45:53 |  97.06%  |  10836  |  10888   | 60%  |  251279  |   0    | 174.64MB  
 00:04:35 | 00:00:01 | 0.07:57:03 |  99.39%  |  11095  |  11148   | 60%  |  257286  |   0    | 172.94MB  
 00:04:35 | WARNING! Aborting CBS - could not obtain an initial solution for the following agents: Agent0(24->23)
 00:04:36 | 00:00:00 | 0.08:00:00 | 100.00%  |  11164  |  11217   | 60%  |  258748  |   0    | 172.89MB  
 00:04:36 | >>> Simulation finished - writing results ...
 00:04:36 | >>> Results written
Simulation finished.
>>> Timings
StatTimingPathPlanningAverage: 0.01381109463204022
StatTimingPathPlanningOverall: 214.32056650000013
StatTimingPathPlanningCount: 15518
StatTimingTaskAllocationAverage: 0.00149435958799593
StatTimingTaskAllocationOverall: 23.503287599999986
StatTimingTaskAllocationCount: 15728
StatTimingItemStorageAverage: 3.596985149400785E-06
StatTimingItemStorageOverall: 0.04020710000000197
StatTimingItemStorageCount: 11178
StatTimingPodStorageAverage: 0.0020516987238219874
StatTimingPodStorageOverall: 6.269991299999994
StatTimingPodStorageCount: 3056
StatTimingReplenishmentBatchingAverage: 7.928590959582979E-06
StatTimingReplenishmentBatchingOverall: 0.0927882999999996
StatTimingReplenishmentBatchingCount: 11703
StatTimingOrderBatchingAverage: 0.00010828460956764835
StatTimingOrderBatchingOverall: 3.2934764000000243
StatTimingOrderBatchingCount: 30415
>>> Overall
StatOverallBundlesPlaced: 15119
StatOverallItemsOrdered: 11208
StatOverallOrdersPlaced: 11208
StatOverallBundlesRejected: 0
StatOverallOrdersRejected: 0
StatOverallBundlesHandled: 11217
StatOverallItemsHandled: 11168
StatOverallLinesHandled: 11168
StatOverallOrdersHandled: 11164
StatOverallCollisions: 0
StatOverallDistanceTraveled: 258748.27737214588
StatOverallDistanceEstimated: 238290
StatOverallAssignedTasks: 15728
StatMaxMemoryUsed: 176.8828125
StatRealTimeUsed: 276.1485691
StatAverageTurnoverTime: 367.3450390924007
StatMedianTurnoverTime: 213.6651979704734
StatLowerQuartileTurnoverTime: 121.5757831202418
StatUpperQuartileTurnoverTime: 484.2636163144489
StatAverageThroughputTime: 114.10671856553812
StatMedianThroughputTime: 121.06999280707532
StatLowerQuartileThroughputTime: 80.78676443710901
StatUpperQuartileThroughputTime: 142.06666347194187
>>> Energy (Rizqi model)
StatEnergyTotalKJ: 19281.310672636653
StatEnergyE1AccelKJ: 5387.810619999979
StatEnergyE2DecelKJ: 0
StatEnergyE3CruiseKJ: 9790.043396000008
StatEnergyE4RotationKJ: 3279.306829969911
StatEnergyE5LiftLowerKJ: 824.1498266666669
StatEnergyPerOrderKJ: 1.7270969789176507
StatEnergyPerMeterJoule: 74.48518962932482
StatDistanceTraveledRizqiM: 258861
>>> Motion Behavior
StatTurningCount: 32346
StatStopAndGoCount: 44012
StatLoadedDistanceM: 175617
StatLoadedTurningCount: 23824
StatWaitTimeSec: 377307.69332941156

Marked tag finished after 1 tries!
.Fin. - SUCCESS
