<<< Welcome to the RAWSimO CLI >>>
The time is: 04/17/2026 03:50:27
Starting RAWSimO wrapper with the following arguments:
Instance: Material/Instances/CoreBenchmark/aesop.xlayo
Setting: Material/Instances/CoreBenchmark/test-short.xsett
ControlConfig: Material/Instances/CoreBenchmark/aesop-ecbs.xconf
StatisticsDir: output_compare/stat10/
Seed: 9
Adding handler for unhandled exceptions ...
Initializing ... 
LayoutConfiguration recognized!
Parsing setting config ...
Parsing control config ...
Parsing layout config ...
Generating instance...
Info about all directions within the generated instance:
# # # # # e p e p p p p p p p p p p p p p p p p p e p p p p p p p p p p p p p p p p p e p p p p p p p p p e s # # # # # 
# # # # # n q ^ + + + + + + + + v + + + + + + + + ^ + + + + + + + + v + + + + + + + + ^ + + + + + + + + q d q # # # # # 
# # # # # b p b + + + + + + + + v + + + + + + + + ^ + + + + + + + + v + + + + + + + + ^ + + + + + + + + v b s # # # # # 
s w w w w d q d < < < < < < < < q < < < < < < < < d < < < < < < < < q < < < < < < < < d < < < < < < < < q d q w w w w w 
p e e e s b p b + + + + + + + + v + + + + + + + + ^ + + + + + + + + v + + + + + + + + ^ + + + + + + + + v b p e e e e n 
s w w w w d q ^ + + + + + + + + v + + + + + + + + ^ + + + + + + + + v + + + + + + + + ^ + + + + + + + + q d q n w w w d 
e e e e e b p b > > > > > > > > p > > > > > > > > b > > > > > > > > p > > > > > > > > b > > > > > > > > p b p e e e e n 
# # # # # n q ^ + + + + + + + + v + + + + + + + + ^ + + + + + + + + v + + + + + + + + ^ + + + + + + + + q d q # # # # # 
# # # # # b p b + + + + + + + + v + + + + + + + + ^ + + + + + + + + v + + + + + + + + ^ + + + + + + + + v b s # # # # # 
s w w w w d q d < < < < < < < < q < < < < < < < < d < < < < < < < < q < < < < < < < < d < < < < < < < < q d q w w w w w 
p e e e s b p b + + + + + + + + v + + + + + + + + ^ + + + + + + + + v + + + + + + + + ^ + + + + + + + + v b p e e e e n 
s w w w w d q ^ + + + + + + + + v + + + + + + + + ^ + + + + + + + + v + + + + + + + + ^ + + + + + + + + q d q n w w w d 
e e e e e b p b > > > > > > > > p > > > > > > > > b > > > > > > > > p > > > > > > > > b > > > > > > > > p b p e e e e n 
# # # # # n q ^ + + + + + + + + v + + + + + + + + ^ + + + + + + + + v + + + + + + + + ^ + + + + + + + + q d q # # # # # 
# # # # # b p b + + + + + + + + v + + + + + + + + ^ + + + + + + + + v + + + + + + + + ^ + + + + + + + + v b s # # # # # 
s w w w w d q d < < < < < < < < q < < < < < < < < d < < < < < < < < q < < < < < < < < d < < < < < < < < q d q w w w w w 
p e e e s b p b + + + + + + + + v + + + + + + + + ^ + + + + + + + + v + + + + + + + + ^ + + + + + + + + v b p e e e e n 
s w w w w d q ^ + + + + + + + + v + + + + + + + + ^ + + + + + + + + v + + + + + + + + ^ + + + + + + + + q d q n w w w d 
e e e e e b p b > > > > > > > > p > > > > > > > > b > > > > > > > > p > > > > > > > > b > > > > > > > > p b p e e e e n 
# # # # # n q ^ + + + + + + + + v + + + + + + + + ^ + + + + + + + + v + + + + + + + + ^ + + + + + + + + q d q # # # # # 
# # # # # b p b + + + + + + + + v + + + + + + + + ^ + + + + + + + + v + + + + + + + + ^ + + + + + + + + v b s # # # # # 
s w w w w d q d < < < < < < < < q < < < < < < < < d < < < < < < < < q < < < < < < < < d < < < < < < < < q d q w w w w w 
p e e e s b p b + + + + + + + + v + + + + + + + + ^ + + + + + + + + v + + + + + + + + ^ + + + + + + + + v b p e e e e n 
s w w w w d q ^ + + + + + + + + v + + + + + + + + ^ + + + + + + + + v + + + + + + + + ^ + + + + + + + + q d q n w w w d 
e e e e e b p b > > > > > > > > p > > > > > > > > b > > > > > > > > p > > > > > > > > b > > > > > > > > p b p e e e e n 
# # # # # n q ^ + + + + + + + + v + + + + + + + + ^ + + + + + + + + v + + + + + + + + ^ + + + + + + + + q d q # # # # # 
# # # # # b p b + + + + + + + + v + + + + + + + + ^ + + + + + + + + v + + + + + + + + ^ + + + + + + + + v b s # # # # # 
# # # # # n q d < < < < < < < < q < < < < < < < < d < < < < < < < < q < < < < < < < < d < < < < < < < < q d q # # # # # 
# # # # # b p b + + + + + + + + v + + + + + + + + ^ + + + + + + + + v + + + + + + + + ^ + + + + + + + + v b s # # # # # 
# # # # # n q ^ + + + + + + + + v + + + + + + + + ^ + + + + + + + + v + + + + + + + + ^ + + + + + + + + q d q # # # # # 
# # # # # b p b > > > > > > > > p > > > > > > > > b > > > > > > > > p > > > > > > > > b > > > > > > > > p b s # # # # # 
# # # # # n q ^ + + + + + + + + v + + + + + + + + ^ + + + + + + + + v + + + + + + + + ^ + + + + + + + + q d q # # # # # 
# # # # # b p b + + + + + + + + v + + + + + + + + ^ + + + + + + + + v + + + + + + + + ^ + + + + + + + + v b s # # # # # 
# # # # # n w d d d d d d d d d w d d d d d d d d d d d d d d d d d w d d d d d d d d d d d d d d d d d w d w # # # # # 


Info about all types within the generated instance:
# # # # # r r r r r r r r r r r r r r r r r r r r r r r r r r r r r r r r r r r r r r r r r r r r r r r r r r # # # # # 
# # # # # r r r s s s s s s s s r s s s s s s s s r s s s s s s s s r s s s s s s s s r s s s s s s s s r r r # # # # # 
# # # # # r r r s s s s s s s s r s s s s s s s s r s s s s s s s s r s s s s s s s s r s s s s s s s s r r r # # # # # 
b b b b b r r r r r r r r r r r r r r r r r r r r r r r r r r r r r r r r r r r r r r r r r r r r r r r r r r b b b b o 
b b b b b r r r s s s s s s s s r s s s s s s s s r s s s s s s s s r s s s s s s s s r s s s s s s s s r r r b b b b b 
b b b b b r r r s s s s s s s s r s s s s s s s s r s s s s s s s s r s s s s s s s s r s s s s s s s s r r r b b b b b 
i b b b b r r r r r r r r r r r r r r r r r r r r r r r r r r r r r r r r r r r r r r r r r r r r r r r r r r b b b b b 
# # # # # r r r s s s s s s s s r s s s s s s s s r s s s s s s s s r s s s s s s s s r s s s s s s s s r r r # # # # # 
# # # # # r r r s s s s s s s s r s s s s s s s s r s s s s s s s s r s s s s s s s s r s s s s s s s s r r r # # # # # 
b b b b b r r r r r r r r r r r r r r r r r r r r r r r r r r r r r r r r r r r r r r r r r r r r r r r r r r b b b b o 
b b b b b r r r s s s s s s s s r s s s s s s s s r s s s s s s s s r s s s s s s s s r s s s s s s s s r r r b b b b b 
b b b b b r r r s s s s s s s s r s s s s s s s s r s s s s s s s s r s s s s s s s s r s s s s s s s s r r r b b b b b 
i b b b b r r r r r r r r r r r r r r r r r r r r r r r r r r r r r r r r r r r r r r r r r r r r r r r r r r b b b b b 
# # # # # r r r s s s s s s s s r s s s s s s s s r s s s s s s s s r s s s s s s s s r s s s s s s s s r r r # # # # # 
# # # # # r r r s s s s s s s s r s s s s s s s s r s s s s s s s s r s s s s s s s s r s s s s s s s s r r r # # # # # 
b b b b b r r r r r r r r r r r r r r r r r r r r r r r r r r r r r r r r r r r r r r r r r r r r r r r r r r b b b b o 
b b b b b r r r s s s s s s s s r s s s s s s s s r s s s s s s s s r s s s s s s s s r s s s s s s s s r r r b b b b b 
b b b b b r r r s s s s s s s s r s s s s s s s s r s s s s s s s s r s s s s s s s s r s s s s s s s s r r r b b b b b 
i b b b b r r r r r r r r r r r r r r r r r r r r r r r r r r r r r r r r r r r r r r r r r r r r r r r r r r b b b b b 
# # # # # r r r s s s s s s s s r s s s s s s s s r s s s s s s s s r s s s s s s s s r s s s s s s s s r r r # # # # # 
# # # # # r r r s s s s s s s s r s s s s s s s s r s s s s s s s s r s s s s s s s s r s s s s s s s s r r r # # # # # 
b b b b b r r r r r r r r r r r r r r r r r r r r r r r r r r r r r r r r r r r r r r r r r r r r r r r r r r b b b b o 
b b b b b r r r s s s s s s s s r s s s s s s s s r s s s s s s s s r s s s s s s s s r s s s s s s s s r r r b b b b b 
b b b b b r r r s s s s s s s s r s s s s s s s s r s s s s s s s s r s s s s s s s s r s s s s s s s s r r r b b b b b 
i b b b b r r r r r r r r r r r r r r r r r r r r r r r r r r r r r r r r r r r r r r r r r r r r r r r r r r b b b b b 
# # # # # r r r s s s s s s s s r s s s s s s s s r s s s s s s s s r s s s s s s s s r s s s s s s s s r r r # # # # # 
# # # # # r r r s s s s s s s s r s s s s s s s s r s s s s s s s s r s s s s s s s s r s s s s s s s s r r r # # # # # 
# # # # # r r r r r r r r r r r r r r r r r r r r r r r r r r r r r r r r r r r r r r r r r r r r r r r r r r # # # # # 
# # # # # r r r s s s s s s s s r s s s s s s s s r s s s s s s s s r s s s s s s s s r s s s s s s s s r r r # # # # # 
# # # # # r r r s s s s s s s s r s s s s s s s s r s s s s s s s s r s s s s s s s s r s s s s s s s s r r r # # # # # 
# # # # # r r r r r r r r r r r r r r r r r r r r r r r r r r r r r r r r r r r r r r r r r r r r r r r r r r # # # # # 
# # # # # r r r s s s s s s s s r s s s s s s s s r s s s s s s s s r s s s s s s s s r s s s s s s s s r r r # # # # # 
# # # # # r r r s s s s s s s s r s s s s s s s s r s s s s s s s s r s s s s s s s s r s s s s s s s s r r r # # # # # 
# # # # # r r r r r r r r r r r r r r r r r r r r r r r r r r r r r r r r r r r r r r r r r r r r r r r r r r # # # # # 


[EnergyConsumption] Configured from LayoutConfiguration: RobotMass=100 kg, PodFrameMass=300 kg
StatisticsFolder: aesop-aesop-aesop-ecbs-9
Done!
Executing ... 
 03:50:29 | >>> Warming up ...
 00:00:00 | >>> Warmup finished - starting simulation ...
 Realtime |   ETA    |  Sim.Time  | Progress | #Orders | #Bundles | Inv. | Distance | #Coll. |   Memory    
 00:00:00 |   n/a    | 0.00:00:00 |  0.00%   |    0    |    0     | 70%  |    0     |   0    | 152.05MB  
 00:00:04 | WARNING! Aborting ECBS - could not obtain an initial solution for the following agents: Agent10(13->2)
 00:00:04 | WARNING! Aborting ECBS - could not obtain an initial solution for the following agents: Agent10(13->2)
 00:00:04 | WARNING! Aborting ECBS - could not obtain an initial solution for the following agents: Agent10(13->2)
 00:00:05 | 00:01:39 | 0.00:01:26 |  4.81%   |    6    |    5     | 70%  |   1116   |   0    | 159.95MB  
 00:00:09 | WARNING! Aborting ECBS - could not obtain an initial solution for the following agents: Agent8(12->10)
 00:00:09 | WARNING! Aborting ECBS - could not obtain an initial solution for the following agents: Agent8(12->10)
 00:00:09 | WARNING! Aborting ECBS - could not obtain an initial solution for the following agents: Agent8(12->10)
 00:00:09 | WARNING! Aborting ECBS - could not obtain an initial solution for the following agents: Agent8(12->11)
 00:00:09 | WARNING! Aborting ECBS - could not obtain an initial solution for the following agents: Agent8(12->11)
 00:00:09 | ECBS RandomHop mutated 1/10 agent paths (cumulative=1)
 00:00:09 | ECBS RandomHop mutated 1/10 agent paths (cumulative=2)
 00:00:09 | ECBS RandomHop mutated 1/10 agent paths (cumulative=3)
 00:00:09 | ECBS RandomHop mutated 1/10 agent paths (cumulative=4)
 00:00:09 | ECBS RandomHop mutated 1/11 agent paths (cumulative=5)
 00:00:09 | ECBS RandomHop mutated 1/11 agent paths (cumulative=6)
 00:00:09 | ECBS RandomHop mutated 1/11 agent paths (cumulative=7)
 00:00:09 | ECBS RandomHop mutated 1/10 agent paths (cumulative=8)
 00:00:09 | ECBS RandomHop mutated 1/11 agent paths (cumulative=9)
 00:00:09 | ECBS RandomHop mutated 1/9 agent paths (cumulative=10)
 00:00:09 | ECBS RandomHop mutated 1/9 agent paths (cumulative=11)
 00:00:09 | ECBS RandomHop mutated 1/9 agent paths (cumulative=12)
 00:00:09 | ECBS RandomHop mutated 1/7 agent paths (cumulative=13)
 00:00:09 | ECBS RandomHop mutated 1/7 agent paths (cumulative=14)
 00:00:10 | 00:00:20 | 0.00:09:58 |  33.25%  |   127   |   167    | 71%  |   5631   |   0    | 159.75MB  
 00:00:10 | ECBS RandomHop mutated 1/8 agent paths (cumulative=15)
 00:00:10 | ECBS RandomHop mutated 1/8 agent paths (cumulative=16)
 00:00:10 | ECBS RandomHop mutated 1/8 agent paths (cumulative=17)
 00:00:10 | ECBS RandomHop mutated 1/7 agent paths (cumulative=18)
 00:00:10 | ECBS RandomHop mutated 2/8 agent paths (cumulative=20)
 00:00:10 | ECBS RandomHop mutated 1/8 agent paths (cumulative=21)
 00:00:10 | ECBS RandomHop mutated 1/8 agent paths (cumulative=22)
 00:00:10 | ECBS RandomHop mutated 1/9 agent paths (cumulative=23)
 00:00:10 | ECBS RandomHop mutated 1/9 agent paths (cumulative=24)
 00:00:10 | WARNING! Aborting ECBS - could not obtain an initial solution for the following agents: Agent19(34->33)
 00:00:10 | WARNING! Aborting ECBS - could not obtain an initial solution for the following agents: Agent19(34->33)
 00:00:10 | WARNING! Aborting ECBS - could not obtain an initial solution for the following agents: Agent19(34->33)
 00:00:11 | WARNING! Aborting ECBS - could not obtain an initial solution for the following agents: Agent4(64->63)
 00:00:11 | WARNING! Aborting ECBS - could not obtain an initial solution for the following agents: Agent4(64->63)
 00:00:14 | ECBS timeout #1 fallback=bestLB SolutionCost=31350.87 generated=226
 00:00:15 | 00:00:12 | 0.00:16:22 |  54.58%  |   189   |   286    | 72%  |   9351   |   0    | 166.42MB  
 00:00:17 | WARNING! Aborting ECBS - could not obtain an initial solution for the following agents: Agent4(72->71)
 00:00:18 | WARNING! Aborting ECBS - could not obtain an initial solution for the following agents: Agent6(74->73)
 00:00:18 | WARNING! Aborting ECBS - could not obtain an initial solution for the following agents: Agent6(74->73)
 00:00:18 | WARNING! Aborting ECBS - could not obtain an initial solution for the following agents: Agent6(74->73)
 00:00:18 | WARNING! Aborting ECBS - could not obtain an initial solution for the following agents: Agent6(74->73)
 00:00:18 | WARNING! Aborting ECBS - could not obtain an initial solution for the following agents: Agent6(74->73)
 00:00:18 | WARNING! Aborting ECBS - could not obtain an initial solution for the following agents: Agent6(74->73)
 00:00:20 | 00:00:05 | 0.00:23:09 |  77.21%  |   269   |   418    | 73%  |  13638   |   0    | 169.34MB  
 00:00:20 | WARNING! Aborting ECBS - could not obtain an initial solution for the following agents: Agent7(54->53)
 00:00:20 | WARNING! Aborting ECBS - could not obtain an initial solution for the following agents: Agent7(54->53)
 00:00:22 | WARNING! Aborting ECBS - could not obtain an initial solution for the following agents: Agent0(34->33)
 00:00:22 | WARNING! Aborting ECBS - could not obtain an initial solution for the following agents: Agent0(34->33)
 00:00:22 | WARNING! Aborting ECBS - could not obtain an initial solution for the following agents: Agent0(34->33)
 00:00:22 | WARNING! Aborting ECBS - could not obtain an initial solution for the following agents: Agent0(34->33)
 00:00:22 | WARNING! Aborting ECBS - could not obtain an initial solution for the following agents: Agent0(34->33)
 00:00:22 | WARNING! Aborting ECBS - could not obtain an initial solution for the following agents: Agent0(34->33)
 00:00:23 | WARNING! Aborting ECBS - could not obtain an initial solution for the following agents: Agent16(4->3)
 00:00:23 | 00:00:00 | 0.00:30:00 | 100.00%  |   346   |   540    | 74%  |  17943   |   0    | 171.45MB  
 00:00:23 | >>> Simulation finished - writing results ...
 00:00:24 | >>> Results written
Simulation finished.
>>> Timings
StatTimingPathPlanningAverage: 0.013542456372549031
StatTimingPathPlanningOverall: 13.813305500000011
StatTimingPathPlanningCount: 1020
StatTimingTaskAllocationAverage: 0.009777549097472922
StatTimingTaskAllocationOverall: 8.125143299999998
StatTimingTaskAllocationCount: 831
StatTimingItemStorageAverage: 1.2055333333333296E-05
StatTimingItemStorageOverall: 0.007233199999999977
StatTimingItemStorageCount: 600
StatTimingPodStorageAverage: 0.01027920673076922
StatTimingPodStorageOverall: 2.138074999999998
StatTimingPodStorageCount: 208
StatTimingReplenishmentBatchingAverage: 2.5499848024316094E-05
StatTimingReplenishmentBatchingOverall: 0.01677889999999999
StatTimingReplenishmentBatchingCount: 658
StatTimingOrderBatchingAverage: 0.00013150942760942753
StatTimingOrderBatchingOverall: 0.1562331999999999
StatTimingOrderBatchingCount: 1188
>>> Overall
StatOverallBundlesPlaced: 632
StatOverallItemsOrdered: 586
StatOverallOrdersPlaced: 363
StatOverallBundlesRejected: 0
StatOverallOrdersRejected: 0
StatOverallBundlesHandled: 540
StatOverallItemsHandled: 546
StatOverallLinesHandled: 523
StatOverallOrdersHandled: 346
StatOverallCollisions: 0
StatOverallDistanceTraveled: 17942.61452558014
StatOverallDistanceEstimated: 16307
StatOverallAssignedTasks: 831
StatMaxMemoryUsed: 172
StatRealTimeUsed: 23.7980061
StatAverageTurnoverTime: 565.4789998142957
StatMedianTurnoverTime: 464.8009809129155
StatLowerQuartileTurnoverTime: 205.64558347488935
StatUpperQuartileTurnoverTime: 848.8260640718537
StatAverageThroughputTime: 85.14081688598387
StatMedianThroughputTime: 62.05062808370428
StatLowerQuartileThroughputTime: 39.448137895049285
StatUpperQuartileThroughputTime: 126.37820018932575
>>> Energy (Rizqi model)
StatEnergyTotalKJ: 2216.671523334098
StatEnergyE1AccelKJ: 782.6752886580782
StatEnergyE2DecelKJ: 0
StatEnergyE3CruiseKJ: 614.4192576271698
StatEnergyE4RotationKJ: 271.47427242977386
StatEnergyE5LiftLowerKJ: 548.1027046190761
StatEnergyPerOrderKJ: 6.406565096341323
StatEnergyPerMeterJoule: 122.80048326043422
StatDistanceTraveledRizqiM: 18051
>>> Motion Behavior
StatTurningCount: 2399
StatStopAndGoCount: 2880
StatLoadedDistanceM: 12670
StatLoadedTurningCount: 1842
StatWaitTimeSec: 18093.428996190923
StatMoveEnergyEmptyKJ: 76.11340000000001
StatMoveTimeEmptySec: 6899.5206698644115
StatTurnEnergyEmptyKJ: 10.67003011925081
StatTurnTimeEmptySec: 583.2867852704134
StatMoveEnergyLoadedKJ: 1320.9811462852483
StatMoveTimeLoadedSec: 18784.913576752646
StatTurnEnergyLoadedKJ: 260.804242310523
StatTurnTimeLoadedSec: 1882.5199356195326
StatPrefEmptyW: 11.5977099022772
StatPrefLoadedW: 76.53516280329943

Marked tag finished after 1 tries!
.Fin. - SUCCESS
