<<< Welcome to the RAWSimO CLI >>>
The time is: 04/14/2026 14:20:41
Starting RAWSimO wrapper with the following arguments:
Instance: Material/Instances/PP/1-4-4-32-550.xinst
Setting: Material/Instances/PP/PPMinimal.xsett
ControlConfig: Material/Instances/PP/aesop-cbs.xconf
StatisticsDir: C:\Users\Aesop\Desktop\rawsim-o-rmfs-world-models\output_pref\seed_15
Seed: 15
Adding handler for unhandled exceptions ...
Initializing ... 
Instance recognized!
Parsing setting config ...
Parsing control config ...
Parsing instance ...
StatisticsFolder: 1-4-4-32-550-PPMinimal-aesop-cbs-15
Done!
Executing ... 
 14:20:44 | >>> Warming up ...
 00:00:00 | >>> Warmup finished - starting simulation ...
 Realtime |   ETA    |  Sim.Time  | Progress | #Orders | #Bundles | Inv. | Distance | #Coll. |   Memory    
 00:00:00 |   n/a    | 0.00:00:00 |  0.00%   |    0    |    0     | 60%  |    0     |   0    | 123.02MB  
 00:00:05 | 08:07:59 | 0.00:00:04 |  0.02%   |    0    |    0     | 60%  |    72    |   0    | 132.65MB  
 00:00:10 | 02:15:32 | 0.00:00:35 |  0.12%   |    0    |    0     | 60%  |   821    |   0    | 138.37MB  
 00:00:15 | 02:56:36 | 0.00:00:40 |  0.14%   |    0    |    0     | 60%  |   924    |   0    | 149.81MB  
 00:00:20 | 03:13:08 | 0.00:00:49 |  0.17%   |    2    |    0     | 60%  |   1123   |   0    | 155.23MB  
 00:00:25 | 03:38:31 | 0.00:00:54 |  0.19%   |    2    |    0     | 60%  |   1223   |   0    | 156.82MB  
 00:00:30 | 03:59:46 | 0.00:00:59 |  0.21%   |    4    |    0     | 60%  |   1325   |   0    | 163.12MB  
 00:00:32 | WARNING! Aborting CBS - could not obtain an initial solution for the following agents: Agent8(41->32)
 00:00:32 | WARNING! Aborting CBS - could not obtain an initial solution for the following agents: Agent8(41->32)
 00:00:32 | WARNING! Aborting CBS - could not obtain an initial solution for the following agents: Agent8(41->34)
 00:00:33 | WARNING! Aborting CBS - could not obtain an initial solution for the following agents: Agent27(1->0)
 00:00:33 | WARNING! Aborting CBS - could not obtain an initial solution for the following agents: Agent27(1->0)
 00:00:35 | 02:41:11 | 0.00:01:43 |  0.36%   |   20    |    10    | 60%  |   1952   |   0    | 167.30MB  
 00:00:40 | 00:26:41 | 0.00:11:42 |  2.44%   |   254   |   246    | 60%  |   5427   |   0    | 166.71MB  
 00:00:42 | WARNING! Aborting CBS - could not obtain an initial solution for the following agents: Agent9(56->55)
 00:00:45 | 00:15:38 | 0.00:21:58 |  4.58%   |   495   |   487    | 60%  |   9821   |   0    | 167.73MB  
 00:00:46 | WARNING! Aborting CBS - could not obtain an initial solution for the following agents: Agent27(9->8)
 00:00:46 | WARNING! Aborting CBS - could not obtain an initial solution for the following agents: Agent27(9->8)
 00:00:50 | 00:12:19 | 0.00:30:23 |  6.33%   |   693   |   683    | 60%  |  14052   |   0    | 168.37MB  
 00:00:51 | WARNING! Aborting CBS - could not obtain an initial solution for the following agents: Agent11(25->24)
 00:00:53 | WARNING! Aborting CBS - could not obtain an initial solution for the following agents: Agent4(9->8)
 00:00:53 | WARNING! Aborting CBS - could not obtain an initial solution for the following agents: Agent8(41->40)
 00:00:55 | 00:10:36 | 0.00:38:12 |  7.96%   |   876   |   866    | 60%  |  18062   |   0    | 167.92MB  
 00:01:00 | 00:09:08 | 0.00:47:21 |  9.87%   |  1090   |   1080   | 60%  |  22989   |   0    | 168.10MB  
 00:01:05 | 00:07:57 | 0.00:57:31 |  11.98%  |  1329   |   1318   | 60%  |  28394   |   0    | 167.34MB  
 00:01:10 | 00:07:21 | 0.01:05:42 |  13.69%  |  1520   |   1510   | 60%  |  32698   |   0    | 168.40MB  
 00:01:10 | WARNING! Aborting CBS - could not obtain an initial solution for the following agents: Agent26(25->24),Agent29(59->58)
 00:01:10 | WARNING! Aborting CBS - could not obtain an initial solution for the following agents: Agent29(59->58)
 00:01:10 | WARNING! Aborting CBS - could not obtain an initial solution for the following agents: Agent24(25->24)
 00:01:12 | WARNING! Aborting CBS - could not obtain an initial solution for the following agents: Agent19(9->8)
 00:01:13 | WARNING! Aborting CBS - could not obtain an initial solution for the following agents: Agent25(9->1)
 00:01:15 | 00:06:37 | 0.01:16:14 |  15.88%  |  1766   |   1756   | 60%  |  38325   |   0    | 168.32MB  
 00:01:15 | WARNING! Aborting CBS - could not obtain an initial solution for the following agents: Agent1(3->1)
 00:01:15 | WARNING! Aborting CBS - could not obtain an initial solution for the following agents: Agent1(3->2)
 00:01:15 | WARNING! Aborting CBS - could not obtain an initial solution for the following agents: Agent1(3->2)
 00:01:19 | WARNING! Aborting CBS - could not obtain an initial solution for the following agents: Agent11(25->24)
 00:01:20 | 00:06:15 | 0.01:24:21 |  17.57%  |  1957   |   1946   | 60%  |  43271   |   0    | 167.82MB  
 00:01:21 | WARNING! Aborting CBS - could not obtain an initial solution for the following agents: Agent24(25->24)
 00:01:21 | WARNING! Aborting CBS - could not obtain an initial solution for the following agents: Agent24(25->24)
 00:01:22 | WARNING! Aborting CBS - could not obtain an initial solution for the following agents: Agent10(41->40)
 00:01:22 | WARNING! Aborting CBS - could not obtain an initial solution for the following agents: Agent1(8->1)
 00:01:22 | WARNING! Aborting CBS - could not obtain an initial solution for the following agents: Agent1(8->2)
 00:01:22 | WARNING! Aborting CBS - could not obtain an initial solution for the following agents: Agent1(8->3)
 00:01:22 | WARNING! Aborting CBS - could not obtain an initial solution for the following agents: Agent1(8->3)
 00:01:25 | 00:05:52 | 0.01:33:17 |  19.44%  |  2167   |   2155   | 60%  |  48102   |   0    | 168.64MB  
 00:01:26 | WARNING! Aborting CBS - could not obtain an initial solution for the following agents: Agent8(41->40)
 00:01:30 | 00:05:25 | 0.01:43:59 |  21.67%  |  2414   |   2406   | 60%  |  53781   |   0    | 168.36MB  
 00:01:32 | WARNING! Aborting CBS - could not obtain an initial solution for the following agents: Agent11(25->24)
 00:01:32 | WARNING! Aborting CBS - could not obtain an initial solution for the following agents: Agent11(25->24)
 00:01:32 | WARNING! Aborting CBS - could not obtain an initial solution for the following agents: Agent24(25->24)
 00:01:32 | WARNING! Aborting CBS - could not obtain an initial solution for the following agents: Agent24(25->24)
 00:01:33 | WARNING! Aborting CBS - could not obtain an initial solution for the following agents: Agent21(41->40)
 00:01:33 | WARNING! Aborting CBS - could not obtain an initial solution for the following agents: Agent21(41->40)
 00:01:35 | 00:05:09 | 0.01:52:37 |  23.46%  |  2616   |   2606   | 60%  |  58387   |   0    | 168.36MB  
 00:01:35 | WARNING! Aborting CBS - could not obtain an initial solution for the following agents: Agent11(25->24)
 00:01:38 | WARNING! Aborting CBS - could not obtain an initial solution for the following agents: Agent29(57->55)
 00:01:38 | WARNING! Aborting CBS - could not obtain an initial solution for the following agents: Agent29(57->56)
 00:01:38 | WARNING! Aborting CBS - could not obtain an initial solution for the following agents: Agent29(57->56)
 00:01:39 | WARNING! Aborting CBS - could not obtain an initial solution for the following agents: Agent2(25->23)
 00:01:40 | 00:04:54 | 0.02:01:43 |  25.36%  |  2828   |   2821   | 60%  |  63350   |   0    | 167.89MB  
 00:01:40 | WARNING! Aborting CBS - could not obtain an initial solution for the following agents: Agent5(58->57)
 00:01:42 | WARNING! Aborting CBS - could not obtain an initial solution for the following agents: Agent10(41->40)
 00:01:42 | WARNING! Aborting CBS - could not obtain an initial solution for the following agents: Agent10(41->40)
 00:01:45 | 00:04:39 | 0.02:10:58 |  27.29%  |  3040   |   3038   | 60%  |  68966   |   0    | 168.55MB  
 00:01:46 | WARNING! Aborting CBS - could not obtain an initial solution for the following agents: Agent4(3->1)
 00:01:46 | WARNING! Aborting CBS - could not obtain an initial solution for the following agents: Agent4(3->1)
 00:01:46 | WARNING! Aborting CBS - could not obtain an initial solution for the following agents: Agent4(3->2)
 00:01:48 | WARNING! Aborting CBS - could not obtain an initial solution for the following agents: Agent14(9->8)
 00:01:50 | 00:04:19 | 0.02:22:50 |  29.76%  |  3318   |   3316   | 60%  |  75277   |   0    | 169.70MB  
 00:01:50 | WARNING! Aborting CBS - could not obtain an initial solution for the following agents: Agent29(56->55)
 00:01:55 | 00:04:25 | 0.02:25:10 |  30.25%  |  3372   |   3370   | 60%  |  76584   |   0    | 173.39MB  
 00:01:59 | WARNING! Aborting CBS - could not obtain an initial solution for the following agents: Agent8(43->41)
 00:01:59 | WARNING! Aborting CBS - could not obtain an initial solution for the following agents: Agent8(43->41)
 00:01:59 | WARNING! Aborting CBS - could not obtain an initial solution for the following agents: Agent8(43->41)
 00:01:59 | WARNING! Aborting CBS - could not obtain an initial solution for the following agents: Agent8(43->42)
 00:02:00 | 00:04:31 | 0.02:27:06 |  30.65%  |  3416   |   3415   | 60%  |  77763   |   0    | 185.09MB  
 00:02:01 | WARNING! Aborting CBS - could not obtain an initial solution for the following agents: Agent1(8->1),Agent19(3->0)
 00:02:01 | WARNING! Aborting CBS - could not obtain an initial solution for the following agents: Agent1(8->2),Agent19(3->1)
 00:02:02 | WARNING! Aborting CBS - could not obtain an initial solution for the following agents: Agent25(9->2)
 00:02:02 | WARNING! Aborting CBS - could not obtain an initial solution for the following agents: Agent25(9->6)
 00:02:02 | WARNING! Aborting CBS - could not obtain an initial solution for the following agents: Agent25(9->6)
 00:02:02 | WARNING! Aborting CBS - could not obtain an initial solution for the following agents: Agent25(9->6)
 00:02:02 | WARNING! Aborting CBS - could not obtain an initial solution for the following agents: Agent4(9->8)
 00:02:03 | WARNING! Aborting CBS - could not obtain an initial solution for the following agents: Agent26(25->24)
 00:02:03 | WARNING! Aborting CBS - could not obtain an initial solution for the following agents: Agent26(25->24)
 00:02:05 | 00:04:16 | 0.02:37:07 |  32.74%  |  3650   |   3652   | 60%  |  83602   |   0    | 185.24MB  
 00:02:07 | WARNING! Aborting CBS - could not obtain an initial solution for the following agents: Agent10(41->34)
 00:02:07 | WARNING! Aborting CBS - could not obtain an initial solution for the following agents: Agent10(41->35)
 00:02:08 | WARNING! Aborting CBS - could not obtain an initial solution for the following agents: Agent9(57->56)
 00:02:08 | WARNING! Aborting CBS - could not obtain an initial solution for the following agents: Agent2(25->24),Agent9(57->56)
 00:02:08 | WARNING! Aborting CBS - could not obtain an initial solution for the following agents: Agent2(25->24)
 00:02:09 | WARNING! Aborting CBS - could not obtain an initial solution for the following agents: Agent14(9->8)
 00:02:10 | 00:04:03 | 0.02:47:10 |  34.83%  |  3882   |   3887   | 60%  |  89213   |   0    | 184.44MB  
 00:02:12 | WARNING! Aborting CBS - could not obtain an initial solution for the following agents: Agent29(57->56)
 00:02:13 | WARNING! Aborting CBS - could not obtain an initial solution for the following agents: Agent10(40->39)
 00:02:14 | WARNING! Aborting CBS - could not obtain an initial solution for the following agents: Agent7(51->49)
 00:02:14 | WARNING! Aborting CBS - could not obtain an initial solution for the following agents: Agent7(51->50)
 00:02:14 | WARNING! Aborting CBS - could not obtain an initial solution for the following agents: Agent7(51->50)
 00:02:15 | 00:03:52 | 0.02:56:18 |  36.73%  |  4094   |   4101   | 60%  |  94432   |   0    | 185.04MB  
 00:02:15 | WARNING! Aborting CBS - could not obtain an initial solution for the following agents: Agent14(9->8)
 00:02:15 | WARNING! Aborting CBS - could not obtain an initial solution for the following agents: Agent14(9->8)
 00:02:15 | WARNING! Aborting CBS - could not obtain an initial solution for the following agents: Agent19(3->2)
 00:02:15 | WARNING! Aborting CBS - could not obtain an initial solution for the following agents: Agent19(3->2)
 00:02:18 | WARNING! Aborting CBS - could not obtain an initial solution for the following agents: Agent1(8->6)
 00:02:18 | WARNING! Aborting CBS - could not obtain an initial solution for the following agents: Agent1(8->6)
 00:02:19 | WARNING! Aborting CBS - could not obtain an initial solution for the following agents: Agent2(25->24)
 00:02:19 | WARNING! Aborting CBS - could not obtain an initial solution for the following agents: Agent2(25->24)
 00:02:20 | 00:03:42 | 0.03:05:38 |  38.68%  |  4310   |   4320   | 60%  |  99356   |   0    | 186.66MB  
 00:02:20 | WARNING! Aborting CBS - could not obtain an initial solution for the following agents: Agent16(57->56)
 00:02:22 | WARNING! Aborting CBS - could not obtain an initial solution for the following agents: Agent4(9->8)
 00:02:22 | WARNING! Aborting CBS - could not obtain an initial solution for the following agents: Agent4(9->8)
 00:02:25 | 00:03:35 | 0.03:13:09 |  40.24%  |  4486   |   4495   | 60%  |  103488  |   0    | 188.46MB  
 00:02:30 | 00:03:23 | 0.03:23:53 |  42.48%  |  4736   |   4746   | 60%  |  109480  |   0    | 190.00MB  
 00:02:31 | WARNING! Aborting CBS - could not obtain an initial solution for the following agents: Agent16(56->49)
 00:02:31 | WARNING! Aborting CBS - could not obtain an initial solution for the following agents: Agent16(56->50),Agent28(41->40)
 00:02:31 | WARNING! Aborting CBS - could not obtain an initial solution for the following agents: Agent28(41->40)
 00:02:31 | WARNING! Aborting CBS - could not obtain an initial solution for the following agents: Agent28(41->40)
 00:02:33 | WARNING! Aborting CBS - could not obtain an initial solution for the following agents: Agent5(57->56)
 00:02:35 | 00:03:13 | 0.03:33:24 |  44.46%  |  4957   |   4970   | 60%  |  114262  |   0    | 190.97MB  
 00:02:36 | WARNING! Aborting CBS - could not obtain an initial solution for the following agents: Agent29(51->50)
 00:02:39 | WARNING! Aborting CBS - could not obtain an initial solution for the following agents: Agent1(9->8)
 00:02:40 | 00:03:04 | 0.03:42:59 |  46.46%  |  5178   |   5195   | 60%  |  119370  |   0    | 189.74MB  
 00:02:40 | WARNING! Aborting CBS - could not obtain an initial solution for the following agents: Agent26(25->24)
 00:02:40 | WARNING! Aborting CBS - could not obtain an initial solution for the following agents: Agent26(25->24)
 00:02:42 | WARNING! Aborting CBS - could not obtain an initial solution for the following agents: Agent14(9->8)
 00:02:43 | WARNING! Aborting CBS - could not obtain an initial solution for the following agents: Agent29(57->56)
 00:02:43 | WARNING! Aborting CBS - could not obtain an initial solution for the following agents: Agent29(57->56)
 00:02:45 | 00:02:51 | 0.03:55:13 |  49.01%  |  5463   |   5481   | 60%  |  125495  |   0    | 190.34MB  
 00:02:47 | WARNING! Aborting CBS - could not obtain an initial solution for the following agents: Agent2(25->24)
 00:02:47 | WARNING! Aborting CBS - could not obtain an initial solution for the following agents: Agent21(41->40)
 00:02:47 | WARNING! Aborting CBS - could not obtain an initial solution for the following agents: Agent21(41->40)
 00:02:49 | WARNING! Aborting CBS - could not obtain an initial solution for the following agents: Agent26(24->23)
 00:02:49 | WARNING! Aborting CBS - could not obtain an initial solution for the following agents: Agent26(24->23)
 00:02:49 | WARNING! Aborting CBS - could not obtain an initial solution for the following agents: Agent26(24->23)
 00:02:50 | 00:02:45 | 0.04:02:58 |  50.62%  |  5641   |   5662   | 60%  |  130017  |   0    | 189.89MB  
 00:02:50 | WARNING! Aborting CBS - could not obtain an initial solution for the following agents: Agent4(8->6)
 00:02:50 | WARNING! Aborting CBS - could not obtain an initial solution for the following agents: Agent4(8->6)
 00:02:50 | WARNING! Aborting CBS - could not obtain an initial solution for the following agents: Agent4(8->0)
 00:02:50 | WARNING! Aborting CBS - could not obtain an initial solution for the following agents: Agent4(8->0)
 00:02:50 | WARNING! Aborting CBS - could not obtain an initial solution for the following agents: Agent4(8->1),Agent27(1->0)
 00:02:50 | WARNING! Aborting CBS - could not obtain an initial solution for the following agents: Agent4(8->2)
 00:02:55 | 00:02:35 | 0.04:14:20 |  52.99%  |  5907   |   5929   | 60%  |  135811  |   0    | 190.95MB  
 00:02:55 | WARNING! Aborting CBS - could not obtain an initial solution for the following agents: Agent21(41->40)
 00:02:55 | WARNING! Aborting CBS - could not obtain an initial solution for the following agents: Agent29(58->57)
 00:02:55 | WARNING! Aborting CBS - could not obtain an initial solution for the following agents: Agent29(58->57)
 00:02:57 | WARNING! Aborting CBS - could not obtain an initial solution for the following agents: Agent26(25->24)
 00:03:00 | 00:02:31 | 0.04:20:43 |  54.32%  |  6051   |   6078   | 60%  |  139609  |   0    | 192.67MB  
 00:03:04 | WARNING! Aborting CBS - could not obtain an initial solution for the following agents: Agent21(41->40)
 00:03:04 | WARNING! Aborting CBS - could not obtain an initial solution for the following agents: Agent21(41->40)
 00:03:05 | 00:02:33 | 0.04:21:59 |  54.58%  |  6082   |   6109   | 60%  |  140178  |   0    | 194.38MB  
 00:03:06 | WARNING! Aborting CBS - could not obtain an initial solution for the following agents: Agent5(57->49)
 00:03:06 | WARNING! Aborting CBS - could not obtain an initial solution for the following agents: Agent5(57->49)
 00:03:06 | WARNING! Aborting CBS - could not obtain an initial solution for the following agents: Agent5(57->50)
 00:03:06 | WARNING! Aborting CBS - could not obtain an initial solution for the following agents: Agent5(57->51)
 00:03:09 | WARNING! Aborting CBS - could not obtain an initial solution for the following agents: Agent7(57->49)
 00:03:09 | WARNING! Aborting CBS - could not obtain an initial solution for the following agents: Agent7(57->49)
 00:03:09 | WARNING! Aborting CBS - could not obtain an initial solution for the following agents: Agent7(57->50)
 00:03:09 | WARNING! Aborting CBS - could not obtain an initial solution for the following agents: Agent7(57->51)
 00:03:10 | 00:02:26 | 0.04:31:05 |  56.48%  |  6293   |   6322   | 60%  |  145075  |   0    | 191.38MB  
 00:03:10 | WARNING! Aborting CBS - could not obtain an initial solution for the following agents: Agent27(3->2)
 00:03:12 | WARNING! Aborting CBS - could not obtain an initial solution for the following agents: Agent2(25->24)
 00:03:15 | 00:02:16 | 0.04:42:30 |  58.86%  |  6555   |   6590   | 60%  |  150884  |   0    | 190.61MB  
 00:03:15 | WARNING! Aborting CBS - could not obtain an initial solution for the following agents: Agent9(57->56)
 00:03:17 | WARNING! Aborting CBS - could not obtain an initial solution for the following agents: Agent27(3->2)
 00:03:17 | WARNING! Aborting CBS - could not obtain an initial solution for the following agents: Agent27(3->2)
 00:03:17 | WARNING! Aborting CBS - could not obtain an initial solution for the following agents: Agent27(3->1)
 00:03:17 | WARNING! Aborting CBS - could not obtain an initial solution for the following agents: Agent27(3->2)
 00:03:17 | WARNING! Aborting CBS - could not obtain an initial solution for the following agents: Agent27(3->2)
 00:03:18 | WARNING! Aborting CBS - could not obtain an initial solution for the following agents: Agent16(57->56)
 00:03:20 | 00:02:06 | 0.04:54:13 |  61.30%  |  6825   |   6865   | 60%  |  156839  |   0    | 190.06MB  
 00:03:20 | WARNING! Aborting CBS - could not obtain an initial solution for the following agents: Agent29(57->56)
 00:03:21 | WARNING! Aborting CBS - could not obtain an initial solution for the following agents: Agent9(57->56)
 00:03:22 | WARNING! Aborting CBS - could not obtain an initial solution for the following agents: Agent5(56->49)
 00:03:22 | WARNING! Aborting CBS - could not obtain an initial solution for the following agents: Agent5(56->49)
 00:03:22 | WARNING! Aborting CBS - could not obtain an initial solution for the following agents: Agent5(56->50)
 00:03:23 | WARNING! Aborting CBS - could not obtain an initial solution for the following agents: Agent29(57->56)
 00:03:23 | WARNING! Aborting CBS - could not obtain an initial solution for the following agents: Agent29(57->56)
 00:03:23 | WARNING! Aborting CBS - could not obtain an initial solution for the following agents: Agent2(25->24)
 00:03:24 | WARNING! Aborting CBS - could not obtain an initial solution for the following agents: Agent2(25->24)
 00:03:24 | WARNING! Aborting CBS - could not obtain an initial solution for the following agents: Agent2(25->24)
 00:03:25 | 00:01:57 | 0.05:05:19 |  63.61%  |  7084   |   7125   | 60%  |  162872  |   0    | 190.44MB  
 00:03:30 | 00:01:55 | 0.05:09:33 |  64.49%  |  7180   |   7223   | 60%  |  165097  |   0    | 192.63MB  
 00:03:35 | 00:01:47 | 0.05:19:55 |  66.65%  |  7421   |   7466   | 60%  |  170822  |   0    | 190.25MB  
 00:03:35 | WARNING! Aborting CBS - could not obtain an initial solution for the following agents: Agent10(43->34)
 00:03:35 | WARNING! Aborting CBS - could not obtain an initial solution for the following agents: Agent10(43->34)
 00:03:38 | WARNING! Aborting CBS - could not obtain an initial solution for the following agents: Agent21(41->40)
 00:03:39 | WARNING! Aborting CBS - could not obtain an initial solution for the following agents: Agent9(57->56)
 00:03:39 | WARNING! Aborting CBS - could not obtain an initial solution for the following agents: Agent9(57->56)
 00:03:40 | 00:01:40 | 0.05:29:59 |  68.75%  |  7650   |   7702   | 60%  |  176422  |   0    | 189.84MB  
 00:03:41 | WARNING! Aborting CBS - could not obtain an initial solution for the following agents: Agent26(25->24)
 00:03:41 | WARNING! Aborting CBS - could not obtain an initial solution for the following agents: Agent26(25->24)
 00:03:41 | WARNING! Aborting CBS - could not obtain an initial solution for the following agents: Agent26(25->24)
 00:03:41 | WARNING! Aborting CBS - could not obtain an initial solution for the following agents: Agent26(25->24)
 00:03:41 | WARNING! Aborting CBS - could not obtain an initial solution for the following agents: Agent26(25->24)
 00:03:44 | WARNING! Aborting CBS - could not obtain an initial solution for the following agents: Agent2(25->24)
 00:03:44 | WARNING! Aborting CBS - could not obtain an initial solution for the following agents: Agent2(25->24)
 00:03:45 | 00:01:36 | 0.05:35:27 |  69.89%  |  7779   |   7830   | 60%  |  179617  |   0    | 194.91MB  
 00:03:50 | 00:01:29 | 0.05:45:50 |  72.05%  |  8021   |   8074   | 60%  |  185391  |   0    | 189.85MB  
 00:03:51 | WARNING! Aborting CBS - could not obtain an initial solution for the following agents: Agent10(42->34)
 00:03:51 | WARNING! Aborting CBS - could not obtain an initial solution for the following agents: Agent10(42->34)
 00:03:51 | WARNING! Aborting CBS - could not obtain an initial solution for the following agents: Agent10(42->34)
 00:03:51 | WARNING! Aborting CBS - could not obtain an initial solution for the following agents: Agent10(42->35)
 00:03:51 | WARNING! Aborting CBS - could not obtain an initial solution for the following agents: Agent10(42->35)
 00:03:53 | WARNING! Aborting CBS - could not obtain an initial solution for the following agents: Agent16(57->50)
 00:03:53 | WARNING! Aborting CBS - could not obtain an initial solution for the following agents: Agent16(57->50)
 00:03:54 | WARNING! Aborting CBS - could not obtain an initial solution for the following agents: Agent5(56->50)
 00:03:55 | 00:01:21 | 0.05:56:39 |  74.30%  |  8271   |   8328   | 60%  |  191064  |   0    | 190.64MB  
 00:03:56 | WARNING! Aborting CBS - could not obtain an initial solution for the following agents: Agent27(9->8)
 00:03:57 | WARNING! Aborting CBS - could not obtain an initial solution for the following agents: Agent7(57->56)
 00:03:57 | WARNING! Aborting CBS - could not obtain an initial solution for the following agents: Agent7(57->56)
 00:03:59 | WARNING! Aborting CBS - could not obtain an initial solution for the following agents: Agent21(41->40)
 00:04:00 | 00:01:12 | 0.06:08:32 |  76.78%  |  8548   |   8606   | 60%  |  197583  |   0    | 190.57MB  
 00:04:00 | WARNING! Aborting CBS - could not obtain an initial solution for the following agents: Agent25(9->8)
 00:04:00 | WARNING! Aborting CBS - could not obtain an initial solution for the following agents: Agent25(9->8)
 00:04:02 | WARNING! Aborting CBS - could not obtain an initial solution for the following agents: Agent1(8->7)
 00:04:05 | 00:01:04 | 0.06:20:33 |  79.28%  |  8832   |   8888   | 60%  |  204051  |   0    | 190.41MB  
 00:04:06 | WARNING! Aborting CBS - could not obtain an initial solution for the following agents: Agent2(26->25)
 00:04:06 | WARNING! Aborting CBS - could not obtain an initial solution for the following agents: Agent2(26->25)
 00:04:07 | WARNING! Aborting CBS - could not obtain an initial solution for the following agents: Agent19(3->1)
 00:04:08 | WARNING! Aborting CBS - could not obtain an initial solution for the following agents: Agent19(3->1)
 00:04:10 | WARNING! Aborting CBS - could not obtain an initial solution for the following agents: Agent14(8->7)
 00:04:10 | 00:00:57 | 0.06:30:46 |  81.41%  |  9073   |   9128   | 60%  |  209752  |   0    | 190.58MB  
 00:04:10 | WARNING! Aborting CBS - could not obtain an initial solution for the following agents: Agent14(8->7)
 00:04:10 | WARNING! Aborting CBS - could not obtain an initial solution for the following agents: Agent1(8->2)
 00:04:10 | WARNING! Aborting CBS - could not obtain an initial solution for the following agents: Agent1(8->2)
 00:04:10 | WARNING! Aborting CBS - could not obtain an initial solution for the following agents: Agent1(8->2)
 00:04:10 | WARNING! Aborting CBS - could not obtain an initial solution for the following agents: Agent1(8->6)
 00:04:15 | 00:00:53 | 0.06:36:51 |  82.68%  |  9213   |   9269   | 60%  |  213422  |   0    | 193.50MB  
 00:04:17 | WARNING! Aborting CBS - could not obtain an initial solution for the following agents: Agent5(57->56)
 00:04:17 | WARNING! Aborting CBS - could not obtain an initial solution for the following agents: Agent5(57->56)
 00:04:17 | WARNING! Aborting CBS - could not obtain an initial solution for the following agents: Agent5(57->56)
 00:04:20 | 00:00:47 | 0.06:46:13 |  84.63%  |  9428   |   9490   | 60%  |  218709  |   0    | 190.29MB  
 00:04:25 | 00:00:40 | 0.06:56:43 |  86.82%  |  9674   |   9734   | 60%  |  224467  |   0    | 190.62MB  
 00:04:25 | WARNING! Aborting CBS - could not obtain an initial solution for the following agents: Agent8(41->40)
 00:04:25 | WARNING! Aborting CBS - could not obtain an initial solution for the following agents: Agent8(41->40)
 00:04:26 | WARNING! Aborting CBS - could not obtain an initial solution for the following agents: Agent19(9->8)
 00:04:30 | 00:00:33 | 0.07:06:52 |  88.93%  |  9909   |   9973   | 60%  |  229551  |   0    | 190.98MB  
 00:04:31 | WARNING! Aborting CBS - could not obtain an initial solution for the following agents: Agent24(25->19)
 00:04:33 | WARNING! Aborting CBS - could not obtain an initial solution for the following agents: Agent21(41->40)
 00:04:33 | WARNING! Aborting CBS - could not obtain an initial solution for the following agents: Agent4(9->8),Agent21(41->40)
 00:04:34 | WARNING! Aborting CBS - could not obtain an initial solution for the following agents: Agent14(9->8)
 00:04:35 | 00:00:26 | 0.07:18:02 |  91.26%  |  10173  |  10234   | 60%  |  235475  |   0    | 190.91MB  
 00:04:36 | WARNING! Aborting CBS - could not obtain an initial solution for the following agents: Agent0(24->17)
 00:04:38 | WARNING! Aborting CBS - could not obtain an initial solution for the following agents: Agent9(57->56)
 00:04:38 | WARNING! Aborting CBS - could not obtain an initial solution for the following agents: Agent9(57->56)
 00:04:40 | 00:00:20 | 0.07:26:55 |  93.11%  |  10375  |  10443   | 60%  |  240509  |   0    | 190.71MB  
 00:04:45 | 00:00:16 | 0.07:33:31 |  94.48%  |  10525  |  10598   | 60%  |  244380  |   0    | 194.21MB  
 00:04:45 | WARNING! Aborting CBS - could not obtain an initial solution for the following agents: Agent7(57->56)
 00:04:45 | WARNING! Aborting CBS - could not obtain an initial solution for the following agents: Agent28(41->40)
 00:04:45 | WARNING! Aborting CBS - could not obtain an initial solution for the following agents: Agent26(25->24)
 00:04:50 | 00:00:10 | 0.07:43:16 |  96.51%  |  10750  |  10826   | 60%  |  249513  |   0    | 191.62MB  
 00:04:55 | 00:00:04 | 0.07:52:04 |  98.35%  |  10951  |  11032   | 60%  |  254497  |   0    | 192.31MB  
 00:04:57 | WARNING! Aborting CBS - could not obtain an initial solution for the following agents: Agent10(41->40)
 00:04:57 | WARNING! Aborting CBS - could not obtain an initial solution for the following agents: Agent10(41->40)
 00:04:57 | WARNING! Aborting CBS - could not obtain an initial solution for the following agents: Agent27(9->2)
 00:04:58 | WARNING! Aborting CBS - could not obtain an initial solution for the following agents: Agent28(41->40)
 00:04:58 | WARNING! Aborting CBS - could not obtain an initial solution for the following agents: Agent28(41->40)
 00:04:59 | 00:00:00 | 0.08:00:00 | 100.00%  |  11136  |  11217   | 60%  |  258471  |   0    | 191.61MB  
 00:04:59 | >>> Simulation finished - writing results ...
 00:05:00 | >>> Results written
Simulation finished.
>>> Timings
StatTimingPathPlanningAverage: 0.014948133223580053
StatTimingPathPlanningOverall: 236.07586799999976
StatTimingPathPlanningCount: 15793
StatTimingTaskAllocationAverage: 0.0014448510944378987
StatTimingTaskAllocationOverall: 23.301113599999994
StatTimingTaskAllocationCount: 16127
StatTimingItemStorageAverage: 3.7660240315640126E-06
StatTimingItemStorageOverall: 0.041998700000001866
StatTimingItemStorageCount: 11152
StatTimingPodStorageAverage: 0.0019955277814351553
StatTimingPodStorageOverall: 6.062413400000001
StatTimingPodStorageCount: 3038
StatTimingReplenishmentBatchingAverage: 8.342083965604407E-06
StatTimingReplenishmentBatchingOverall: 0.09895379999999947
StatTimingReplenishmentBatchingCount: 11862
StatTimingOrderBatchingAverage: 0.0001114937894083442
StatTimingOrderBatchingOverall: 3.412713400000008
StatTimingOrderBatchingCount: 30609
>>> Overall
StatOverallBundlesPlaced: 15206
StatOverallItemsOrdered: 11180
StatOverallOrdersPlaced: 11180
StatOverallBundlesRejected: 0
StatOverallOrdersRejected: 0
StatOverallBundlesHandled: 11217
StatOverallItemsHandled: 11140
StatOverallLinesHandled: 11140
StatOverallOrdersHandled: 11136
StatOverallCollisions: 0
StatOverallDistanceTraveled: 258470.67993408794
StatOverallDistanceEstimated: 237817
StatOverallAssignedTasks: 16127
StatMaxMemoryUsed: 194.625
StatRealTimeUsed: 299.6383173
StatAverageTurnoverTime: 367.7096682008559
StatMedianTurnoverTime: 216.32929467861686
StatLowerQuartileTurnoverTime: 121.98914470520322
StatUpperQuartileTurnoverTime: 485.87159525748666
StatAverageThroughputTime: 114.40559237531346
StatMedianThroughputTime: 119.80130508337606
StatLowerQuartileThroughputTime: 80.93937542652566
StatUpperQuartileThroughputTime: 142.0692640545294
>>> Energy (Rizqi model)
StatEnergyTotalKJ: 19805.333332501905
StatEnergyE1AccelKJ: 5369.47137249998
StatEnergyE2DecelKJ: 0
StatEnergyE3CruiseKJ: 9799.47021200001
StatEnergyE4RotationKJ: 3816.9914191129897
StatEnergyE5LiftLowerKJ: 819.4003288888892
StatEnergyPerOrderKJ: 1.778496168507714
StatEnergyPerMeterJoule: 76.61193096146027
StatDistanceTraveledRizqiM: 258515
>>> Motion Behavior
StatTurningCount: 32257
StatStopAndGoCount: 43833
StatLoadedDistanceM: 175615
StatLoadedTurningCount: 23720
StatWaitTimeSec: 606491.7516126204
StatMoveEnergyEmptyKJ: 4253.880749999999
StatMoveTimeEmptySec: 82346.922877826
StatTurnEnergyEmptyKJ: 878.4174902132504
StatTurnTimeEmptySec: 5787.912477462659
StatMoveEnergyLoadedKJ: 10915.060834499984
StatMoveTimeLoadedSec: 204114.0487712628
StatTurnEnergyLoadedKJ: 2938.57392889976
StatTurnTimeLoadedSec: 15015.211434298315
StatPrefEmptyW: 58.2323461492151
StatPrefLoadedW: 63.221291170352615

Marked tag finished after 1 tries!
.Fin. - SUCCESS
