<<< Welcome to the RAWSimO CLI >>>
The time is: 04/17/2026 03:48:00
Starting RAWSimO wrapper with the following arguments:
Instance: Material/Instances/CoreBenchmark/aesop.xlayo
Setting: Material/Instances/CoreBenchmark/test-short.xsett
ControlConfig: Material/Instances/CoreBenchmark/aesop-cbs.xconf
StatisticsDir: output_compare/stat10/
Seed: 5
Adding handler for unhandled exceptions ...
Initializing ... 
LayoutConfiguration recognized!
Parsing setting config ...
Parsing control config ...
Parsing layout config ...
Generating instance...
Info about all directions within the generated instance:
# # # # # e p e p p p p p p p p p p p p p p p p p e p p p p p p p p p p p p p p p p p e p p p p p p p p p e s # # # # # 
# # # # # n q ^ + + + + + + + + v + + + + + + + + ^ + + + + + + + + v + + + + + + + + ^ + + + + + + + + q d q # # # # # 
# # # # # b p b + + + + + + + + v + + + + + + + + ^ + + + + + + + + v + + + + + + + + ^ + + + + + + + + v b s # # # # # 
s w w w w d q d < < < < < < < < q < < < < < < < < d < < < < < < < < q < < < < < < < < d < < < < < < < < q d q w w w w w 
p e e e s b p b + + + + + + + + v + + + + + + + + ^ + + + + + + + + v + + + + + + + + ^ + + + + + + + + v b p e e e e n 
s w w w w d q ^ + + + + + + + + v + + + + + + + + ^ + + + + + + + + v + + + + + + + + ^ + + + + + + + + q d q n w w w d 
e e e e e b p b > > > > > > > > p > > > > > > > > b > > > > > > > > p > > > > > > > > b > > > > > > > > p b p e e e e n 
# # # # # n q ^ + + + + + + + + v + + + + + + + + ^ + + + + + + + + v + + + + + + + + ^ + + + + + + + + q d q # # # # # 
# # # # # b p b + + + + + + + + v + + + + + + + + ^ + + + + + + + + v + + + + + + + + ^ + + + + + + + + v b s # # # # # 
s w w w w d q d < < < < < < < < q < < < < < < < < d < < < < < < < < q < < < < < < < < d < < < < < < < < q d q w w w w w 
p e e e s b p b + + + + + + + + v + + + + + + + + ^ + + + + + + + + v + + + + + + + + ^ + + + + + + + + v b p e e e e n 
s w w w w d q ^ + + + + + + + + v + + + + + + + + ^ + + + + + + + + v + + + + + + + + ^ + + + + + + + + q d q n w w w d 
e e e e e b p b > > > > > > > > p > > > > > > > > b > > > > > > > > p > > > > > > > > b > > > > > > > > p b p e e e e n 
# # # # # n q ^ + + + + + + + + v + + + + + + + + ^ + + + + + + + + v + + + + + + + + ^ + + + + + + + + q d q # # # # # 
# # # # # b p b + + + + + + + + v + + + + + + + + ^ + + + + + + + + v + + + + + + + + ^ + + + + + + + + v b s # # # # # 
s w w w w d q d < < < < < < < < q < < < < < < < < d < < < < < < < < q < < < < < < < < d < < < < < < < < q d q w w w w w 
p e e e s b p b + + + + + + + + v + + + + + + + + ^ + + + + + + + + v + + + + + + + + ^ + + + + + + + + v b p e e e e n 
s w w w w d q ^ + + + + + + + + v + + + + + + + + ^ + + + + + + + + v + + + + + + + + ^ + + + + + + + + q d q n w w w d 
e e e e e b p b > > > > > > > > p > > > > > > > > b > > > > > > > > p > > > > > > > > b > > > > > > > > p b p e e e e n 
# # # # # n q ^ + + + + + + + + v + + + + + + + + ^ + + + + + + + + v + + + + + + + + ^ + + + + + + + + q d q # # # # # 
# # # # # b p b + + + + + + + + v + + + + + + + + ^ + + + + + + + + v + + + + + + + + ^ + + + + + + + + v b s # # # # # 
s w w w w d q d < < < < < < < < q < < < < < < < < d < < < < < < < < q < < < < < < < < d < < < < < < < < q d q w w w w w 
p e e e s b p b + + + + + + + + v + + + + + + + + ^ + + + + + + + + v + + + + + + + + ^ + + + + + + + + v b p e e e e n 
s w w w w d q ^ + + + + + + + + v + + + + + + + + ^ + + + + + + + + v + + + + + + + + ^ + + + + + + + + q d q n w w w d 
e e e e e b p b > > > > > > > > p > > > > > > > > b > > > > > > > > p > > > > > > > > b > > > > > > > > p b p e e e e n 
# # # # # n q ^ + + + + + + + + v + + + + + + + + ^ + + + + + + + + v + + + + + + + + ^ + + + + + + + + q d q # # # # # 
# # # # # b p b + + + + + + + + v + + + + + + + + ^ + + + + + + + + v + + + + + + + + ^ + + + + + + + + v b s # # # # # 
# # # # # n q d < < < < < < < < q < < < < < < < < d < < < < < < < < q < < < < < < < < d < < < < < < < < q d q # # # # # 
# # # # # b p b + + + + + + + + v + + + + + + + + ^ + + + + + + + + v + + + + + + + + ^ + + + + + + + + v b s # # # # # 
# # # # # n q ^ + + + + + + + + v + + + + + + + + ^ + + + + + + + + v + + + + + + + + ^ + + + + + + + + q d q # # # # # 
# # # # # b p b > > > > > > > > p > > > > > > > > b > > > > > > > > p > > > > > > > > b > > > > > > > > p b s # # # # # 
# # # # # n q ^ + + + + + + + + v + + + + + + + + ^ + + + + + + + + v + + + + + + + + ^ + + + + + + + + q d q # # # # # 
# # # # # b p b + + + + + + + + v + + + + + + + + ^ + + + + + + + + v + + + + + + + + ^ + + + + + + + + v b s # # # # # 
# # # # # n w d d d d d d d d d w d d d d d d d d d d d d d d d d d w d d d d d d d d d d d d d d d d d w d w # # # # # 


Info about all types within the generated instance:
# # # # # r r r r r r r r r r r r r r r r r r r r r r r r r r r r r r r r r r r r r r r r r r r r r r r r r r # # # # # 
# # # # # r r r s s s s s s s s r s s s s s s s s r s s s s s s s s r s s s s s s s s r s s s s s s s s r r r # # # # # 
# # # # # r r r s s s s s s s s r s s s s s s s s r s s s s s s s s r s s s s s s s s r s s s s s s s s r r r # # # # # 
b b b b b r r r r r r r r r r r r r r r r r r r r r r r r r r r r r r r r r r r r r r r r r r r r r r r r r r b b b b o 
b b b b b r r r s s s s s s s s r s s s s s s s s r s s s s s s s s r s s s s s s s s r s s s s s s s s r r r b b b b b 
b b b b b r r r s s s s s s s s r s s s s s s s s r s s s s s s s s r s s s s s s s s r s s s s s s s s r r r b b b b b 
i b b b b r r r r r r r r r r r r r r r r r r r r r r r r r r r r r r r r r r r r r r r r r r r r r r r r r r b b b b b 
# # # # # r r r s s s s s s s s r s s s s s s s s r s s s s s s s s r s s s s s s s s r s s s s s s s s r r r # # # # # 
# # # # # r r r s s s s s s s s r s s s s s s s s r s s s s s s s s r s s s s s s s s r s s s s s s s s r r r # # # # # 
b b b b b r r r r r r r r r r r r r r r r r r r r r r r r r r r r r r r r r r r r r r r r r r r r r r r r r r b b b b o 
b b b b b r r r s s s s s s s s r s s s s s s s s r s s s s s s s s r s s s s s s s s r s s s s s s s s r r r b b b b b 
b b b b b r r r s s s s s s s s r s s s s s s s s r s s s s s s s s r s s s s s s s s r s s s s s s s s r r r b b b b b 
i b b b b r r r r r r r r r r r r r r r r r r r r r r r r r r r r r r r r r r r r r r r r r r r r r r r r r r b b b b b 
# # # # # r r r s s s s s s s s r s s s s s s s s r s s s s s s s s r s s s s s s s s r s s s s s s s s r r r # # # # # 
# # # # # r r r s s s s s s s s r s s s s s s s s r s s s s s s s s r s s s s s s s s r s s s s s s s s r r r # # # # # 
b b b b b r r r r r r r r r r r r r r r r r r r r r r r r r r r r r r r r r r r r r r r r r r r r r r r r r r b b b b o 
b b b b b r r r s s s s s s s s r s s s s s s s s r s s s s s s s s r s s s s s s s s r s s s s s s s s r r r b b b b b 
b b b b b r r r s s s s s s s s r s s s s s s s s r s s s s s s s s r s s s s s s s s r s s s s s s s s r r r b b b b b 
i b b b b r r r r r r r r r r r r r r r r r r r r r r r r r r r r r r r r r r r r r r r r r r r r r r r r r r b b b b b 
# # # # # r r r s s s s s s s s r s s s s s s s s r s s s s s s s s r s s s s s s s s r s s s s s s s s r r r # # # # # 
# # # # # r r r s s s s s s s s r s s s s s s s s r s s s s s s s s r s s s s s s s s r s s s s s s s s r r r # # # # # 
b b b b b r r r r r r r r r r r r r r r r r r r r r r r r r r r r r r r r r r r r r r r r r r r r r r r r r r b b b b o 
b b b b b r r r s s s s s s s s r s s s s s s s s r s s s s s s s s r s s s s s s s s r s s s s s s s s r r r b b b b b 
b b b b b r r r s s s s s s s s r s s s s s s s s r s s s s s s s s r s s s s s s s s r s s s s s s s s r r r b b b b b 
i b b b b r r r r r r r r r r r r r r r r r r r r r r r r r r r r r r r r r r r r r r r r r r r r r r r r r r b b b b b 
# # # # # r r r s s s s s s s s r s s s s s s s s r s s s s s s s s r s s s s s s s s r s s s s s s s s r r r # # # # # 
# # # # # r r r s s s s s s s s r s s s s s s s s r s s s s s s s s r s s s s s s s s r s s s s s s s s r r r # # # # # 
# # # # # r r r r r r r r r r r r r r r r r r r r r r r r r r r r r r r r r r r r r r r r r r r r r r r r r r # # # # # 
# # # # # r r r s s s s s s s s r s s s s s s s s r s s s s s s s s r s s s s s s s s r s s s s s s s s r r r # # # # # 
# # # # # r r r s s s s s s s s r s s s s s s s s r s s s s s s s s r s s s s s s s s r s s s s s s s s r r r # # # # # 
# # # # # r r r r r r r r r r r r r r r r r r r r r r r r r r r r r r r r r r r r r r r r r r r r r r r r r r # # # # # 
# # # # # r r r s s s s s s s s r s s s s s s s s r s s s s s s s s r s s s s s s s s r s s s s s s s s r r r # # # # # 
# # # # # r r r s s s s s s s s r s s s s s s s s r s s s s s s s s r s s s s s s s s r s s s s s s s s r r r # # # # # 
# # # # # r r r r r r r r r r r r r r r r r r r r r r r r r r r r r r r r r r r r r r r r r r r r r r r r r r # # # # # 


[EnergyConsumption] Configured from LayoutConfiguration: RobotMass=100 kg, PodFrameMass=300 kg
StatisticsFolder: aesop-aesop-aesop-cbs-5
Done!
Executing ... 
 03:48:02 | >>> Warming up ...
 00:00:00 | >>> Warmup finished - starting simulation ...
 Realtime |   ETA    |  Sim.Time  | Progress | #Orders | #Bundles | Inv. | Distance | #Coll. |   Memory    
 00:00:00 |   n/a    | 0.00:00:00 |  0.00%   |    0    |    0     | 70%  |    0     |   0    | 152.09MB  
 00:00:05 | 00:03:22 | 0.00:00:43 |  2.41%   |    0    |    0     | 70%  |   584    |   0    | 164.13MB  
 00:00:10 | 00:05:00 | 0.00:00:58 |  3.23%   |    0    |    0     | 70%  |   782    |   0    | 177.07MB  
 00:00:12 | WARNING! Aborting CBS - could not obtain an initial solution for the following agents: Agent25(74->73)
 00:00:12 | WARNING! Aborting CBS - could not obtain an initial solution for the following agents: Agent25(74->73)
 00:00:12 | WARNING! Aborting CBS - could not obtain an initial solution for the following agents: Agent25(74->73)
 00:00:12 | WARNING! Aborting CBS - could not obtain an initial solution for the following agents: Agent25(74->73)
 00:00:15 | 00:00:58 | 0.00:06:07 |  20.39%  |   78    |    99    | 71%  |   3183   |   0    | 186.16MB  
 00:00:18 | WARNING! Aborting CBS - could not obtain an initial solution for the following agents: Agent18(32->31)
 00:00:18 | WARNING! Aborting CBS - could not obtain an initial solution for the following agents: Agent18(32->31)
 00:00:20 | 00:00:26 | 0.00:12:56 |  43.15%  |   163   |   230    | 72%  |   7355   |   0    | 188.53MB  
 00:00:20 | WARNING! Aborting CBS - could not obtain an initial solution for the following agents: Agent10(12->11)
 00:00:20 | WARNING! Aborting CBS - could not obtain an initial solution for the following agents: Agent10(12->11)
 00:00:24 | WARNING! Aborting CBS - could not obtain an initial solution for the following agents: Agent19(32->31)
 00:00:24 | WARNING! Aborting CBS - could not obtain an initial solution for the following agents: Agent17(73->63)
 00:00:24 | Potential collision (Bot2) - adding check for crashhandler ...
 00:00:24 | Investigating potential collision of Bot2 ...
 00:00:24 | WARNING! Aborting CBS - could not obtain an initial solution for the following agents: Agent14(54->53)
 00:00:24 | WARNING! Aborting CBS - could not obtain an initial solution for the following agents: Agent14(54->53)
 00:00:25 | 00:00:09 | 0.00:21:42 |  72.38%  |   267   |   399    | 73%  |  12788   |   0    | 190.27MB  
 00:00:25 | WARNING! Aborting CBS - could not obtain an initial solution for the following agents: Agent8(13->3)
 00:00:25 | WARNING! Aborting CBS - could not obtain an initial solution for the following agents: Agent16(12->11)
 00:00:25 | WARNING! Aborting CBS - could not obtain an initial solution for the following agents: Agent16(12->11)
 00:00:25 | WARNING! Aborting CBS - could not obtain an initial solution for the following agents: Agent23(12->11)
 00:00:25 | WARNING! Aborting CBS - could not obtain an initial solution for the following agents: Agent23(12->11)
 00:00:26 | WARNING! Aborting CBS - could not obtain an initial solution for the following agents: Agent23(12->11)
 00:00:27 | WARNING! Aborting CBS - could not obtain an initial solution for the following agents: Agent17(72->71)
 00:00:28 | WARNING! Aborting CBS - could not obtain an initial solution for the following agents: Agent19(34->33)
 00:00:28 | WARNING! Aborting CBS - could not obtain an initial solution for the following agents: Agent19(34->33)
 00:00:28 | WARNING! Aborting CBS - could not obtain an initial solution for the following agents: Agent19(34->33)
 00:00:28 | WARNING! Aborting CBS - could not obtain an initial solution for the following agents: Agent19(34->33)
 00:00:28 | WARNING! Aborting CBS - could not obtain an initial solution for the following agents: Agent19(34->33)
 00:00:28 | WARNING! Aborting CBS - could not obtain an initial solution for the following agents: Agent19(34->33)
 00:00:28 | WARNING! Aborting CBS - could not obtain an initial solution for the following agents: Agent19(34->33)
 00:00:28 | WARNING! Aborting CBS - could not obtain an initial solution for the following agents: Agent19(34->33)
 00:00:29 | 00:00:00 | 0.00:30:00 | 100.00%  |   374   |   544    | 75%  |  17748   |   0    | 192.58MB  
 00:00:29 | >>> Simulation finished - writing results ...
 00:00:29 | >>> Results written
Simulation finished.
>>> Timings
StatTimingPathPlanningAverage: 0.0201355210472279
StatTimingPathPlanningOverall: 19.611997499999973
StatTimingPathPlanningCount: 974
StatTimingTaskAllocationAverage: 0.011353439124087606
StatTimingTaskAllocationOverall: 7.77710580000001
StatTimingTaskAllocationCount: 685
StatTimingItemStorageAverage: 9.814084507042219E-06
StatTimingItemStorageOverall: 0.0062711999999999785
StatTimingItemStorageCount: 639
StatTimingPodStorageAverage: 0.010426306666666664
StatTimingPodStorageOverall: 2.1895243999999994
StatTimingPodStorageCount: 210
StatTimingReplenishmentBatchingAverage: 2.039542682926828E-05
StatTimingReplenishmentBatchingOverall: 0.013379399999999993
StatTimingReplenishmentBatchingCount: 656
StatTimingOrderBatchingAverage: 0.00011511104792851346
StatTimingOrderBatchingOverall: 0.14170170000000007
StatTimingOrderBatchingCount: 1231
>>> Overall
StatOverallBundlesPlaced: 624
StatOverallItemsOrdered: 636
StatOverallOrdersPlaced: 390
StatOverallBundlesRejected: 0
StatOverallOrdersRejected: 0
StatOverallBundlesHandled: 544
StatOverallItemsHandled: 588
StatOverallLinesHandled: 551
StatOverallOrdersHandled: 374
StatOverallCollisions: 0
StatOverallDistanceTraveled: 17748.39514314978
StatOverallDistanceEstimated: 16545
StatOverallAssignedTasks: 685
StatMaxMemoryUsed: 192.58203125
StatRealTimeUsed: 29.0527725
StatAverageTurnoverTime: 537.7690487467431
StatMedianTurnoverTime: 420.5652588918508
StatLowerQuartileTurnoverTime: 188.26491905267437
StatUpperQuartileTurnoverTime: 799.1422336685973
StatAverageThroughputTime: 80.76329421715785
StatMedianThroughputTime: 52.59573674891044
StatLowerQuartileThroughputTime: 30.714232213498576
StatUpperQuartileThroughputTime: 121.85051003697936
>>> Energy (Rizqi model)
StatEnergyTotalKJ: 2175.635603657886
StatEnergyE1AccelKJ: 763.5956320405238
StatEnergyE2DecelKJ: 0
StatEnergyE3CruiseKJ: 607.554613321218
StatEnergyE4RotationKJ: 245.43731313125315
StatEnergyE5LiftLowerKJ: 559.0480451648912
StatEnergyPerOrderKJ: 5.817207496411459
StatEnergyPerMeterJoule: 122.0073801961578
StatDistanceTraveledRizqiM: 17832
>>> Motion Behavior
StatTurningCount: 2211
StatStopAndGoCount: 2732
StatLoadedDistanceM: 12368
StatLoadedTurningCount: 1664
StatWaitTimeSec: 19047.80582943358
StatMoveEnergyEmptyKJ: 78.39004999999999
StatMoveTimeEmptySec: 6846.213870893295
StatTurnEnergyEmptyKJ: 10.460345819646507
StatTurnTimeEmptySec: 570.8528248500102
StatMoveEnergyLoadedKJ: 1292.7601953617416
StatMoveTimeLoadedSec: 18100.717503156073
StatTurnEnergyLoadedKJ: 234.9769673116066
StatTurnTimeLoadedSec: 1710.6523392817558
StatPrefEmptyW: 11.979182534604712
StatPrefLoadedW: 77.1141609501828

Marked tag finished after 1 tries!
.Fin. - SUCCESS
