<<< Welcome to the RAWSimO CLI >>>
The time is: 04/14/2026 00:42:53
Starting RAWSimO wrapper with the following arguments:
Instance: Material/Instances/PP/1-4-4-32-550.xinst
Setting: Material/Instances/PP/PPMinimal.xsett
ControlConfig: Material/Instances/PP/aesop-ecbs.xconf
StatisticsDir: C:\Users\Aesop\Desktop\rawsim-o-rmfs-world-models\output_exp\ecbs\seed_12
Seed: 12
Adding handler for unhandled exceptions ...
Initializing ... 
Instance recognized!
Parsing setting config ...
Parsing control config ...
Parsing instance ...
StatisticsFolder: 1-4-4-32-550-PPMinimal-aesop-ecbs-12
Done!
Executing ... 
 00:42:55 | >>> Warming up ...
 00:00:00 | >>> Warmup finished - starting simulation ...
 Realtime |   ETA    |  Sim.Time  | Progress | #Orders | #Bundles | Inv. | Distance | #Coll. |   Memory    
 00:00:00 |   n/a    | 0.00:00:00 |  0.00%   |    0    |    0     | 60%  |    0     |   0    | 123.27MB  
 00:00:05 | 04:26:50 | 0.00:00:09 |  0.03%   |    0    |    0     | 60%  |   182    |   0    | 163.97MB  
 00:00:07 | WARNING! Aborting ECBS - could not obtain an initial solution for the following agents: Agent2(19->18)
 00:00:07 | WARNING! Aborting ECBS - could not obtain an initial solution for the following agents: Agent2(19->18)
 00:00:10 | 02:17:54 | 0.00:00:34 |  0.12%   |    0    |    0     | 60%  |   802    |   0    | 173.77MB  
 00:00:15 | 03:00:21 | 0.00:00:39 |  0.14%   |    0    |    0     | 60%  |   917    |   0    | 181.16MB  
 00:00:20 | 03:21:56 | 0.00:00:47 |  0.16%   |    2    |    0     | 60%  |   1066   |   0    | 185.58MB  
 00:00:25 | 03:06:18 | 0.00:01:04 |  0.22%   |    7    |    1     | 60%  |   1417   |   0    | 183.11MB  
 00:00:25 | WARNING! Aborting ECBS - could not obtain an initial solution for the following agents: Agent8(41->40)
 00:00:25 | WARNING! Aborting ECBS - could not obtain an initial solution for the following agents: Agent8(41->40)
 00:00:25 | WARNING! Aborting ECBS - could not obtain an initial solution for the following agents: Agent0(17->16)
 00:00:25 | WARNING! Aborting ECBS - could not obtain an initial solution for the following agents: Agent0(17->16)
 00:00:26 | WARNING! Aborting ECBS - could not obtain an initial solution for the following agents: Agent4(9->8)
 00:00:26 | WARNING! Aborting ECBS - could not obtain an initial solution for the following agents: Agent17(73->72)
 00:00:26 | WARNING! Aborting ECBS - could not obtain an initial solution for the following agents: Agent17(73->72)
 00:00:27 | WARNING! Aborting ECBS - could not obtain an initial solution for the following agents: Agent28(35->34)
 00:00:27 | WARNING! Aborting ECBS - could not obtain an initial solution for the following agents: Agent7(57->56),Agent28(35->34)
 00:00:27 | WARNING! Aborting ECBS - could not obtain an initial solution for the following agents: Agent7(57->56),Agent28(35->34)
 00:00:27 | WARNING! Aborting ECBS - could not obtain an initial solution for the following agents: Agent7(57->56)
 00:00:28 | WARNING! Aborting ECBS - could not obtain an initial solution for the following agents: Agent24(19->17)
 00:00:28 | WARNING! Aborting ECBS - could not obtain an initial solution for the following agents: Agent24(19->18)
 00:00:28 | WARNING! Aborting ECBS - could not obtain an initial solution for the following agents: Agent24(19->18)
 00:00:28 | WARNING! Aborting ECBS - could not obtain an initial solution for the following agents: Agent24(19->18)
 00:00:28 | WARNING! Aborting ECBS - could not obtain an initial solution for the following agents: Agent16(56->55)
 00:00:29 | WARNING! Aborting ECBS - could not obtain an initial solution for the following agents: Agent16(56->50)
 00:00:30 | 00:30:47 | 0.00:07:40 |  1.60%   |   162   |   151    | 60%  |   4210   |   0    | 184.55MB  
 00:00:30 | WARNING! Aborting ECBS - could not obtain an initial solution for the following agents: Agent30(41->39)
 00:00:30 | WARNING! Aborting ECBS - could not obtain an initial solution for the following agents: Agent30(41->39)
 00:00:30 | WARNING! Aborting ECBS - could not obtain an initial solution for the following agents: Agent30(41->40)
 00:00:30 | WARNING! Aborting ECBS - could not obtain an initial solution for the following agents: Agent30(41->40)
 00:00:33 | WARNING! Aborting ECBS - could not obtain an initial solution for the following agents: Agent16(56->55)
 00:00:34 | WARNING! Aborting ECBS - could not obtain an initial solution for the following agents: Agent1(3->0)
 00:00:34 | WARNING! Aborting ECBS - could not obtain an initial solution for the following agents: Agent1(3->0)
 00:00:34 | WARNING! Aborting ECBS - could not obtain an initial solution for the following agents: Agent1(3->0)
 00:00:34 | WARNING! Aborting ECBS - could not obtain an initial solution for the following agents: Agent1(3->1)
 00:00:34 | WARNING! Aborting ECBS - could not obtain an initial solution for the following agents: Agent1(3->2)
 00:00:34 | WARNING! Aborting ECBS - could not obtain an initial solution for the following agents: Agent14(3->2)
 00:00:34 | WARNING! Aborting ECBS - could not obtain an initial solution for the following agents: Agent14(3->2)
 00:00:35 | 00:18:00 | 0.00:15:04 |  3.14%   |   337   |   325    | 60%  |   7607   |   0    | 184.53MB  
 00:00:35 | WARNING! Aborting ECBS - could not obtain an initial solution for the following agents: Agent5(59->58)
 00:00:35 | WARNING! Aborting ECBS - could not obtain an initial solution for the following agents: Agent5(59->58)
 00:00:35 | WARNING! Aborting ECBS - could not obtain an initial solution for the following agents: Agent5(59->58)
 00:00:35 | WARNING! Aborting ECBS - could not obtain an initial solution for the following agents: Agent5(59->58)
 00:00:38 | WARNING! Aborting ECBS - could not obtain an initial solution for the following agents: Agent0(25->24)
 00:00:38 | WARNING! Aborting ECBS - could not obtain an initial solution for the following agents: Agent19(8->7)
 00:00:40 | 00:13:00 | 0.00:23:24 |  4.88%   |   530   |   520    | 60%  |  11578   |   0    | 184.49MB  
 00:00:41 | WARNING! Aborting ECBS - could not obtain an initial solution for the following agents: Agent4(3->1)
 00:00:41 | WARNING! Aborting ECBS - could not obtain an initial solution for the following agents: Agent4(3->1)
 00:00:41 | WARNING! Aborting ECBS - could not obtain an initial solution for the following agents: Agent4(3->2)
 00:00:41 | WARNING! Aborting ECBS - could not obtain an initial solution for the following agents: Agent4(3->2)
 00:00:41 | WARNING! Aborting ECBS - could not obtain an initial solution for the following agents: Agent9(51->49)
 00:00:43 | WARNING! Aborting ECBS - could not obtain an initial solution for the following agents: Agent27(9->8)
 00:00:44 | WARNING! Aborting ECBS - could not obtain an initial solution for the following agents: Agent4(8->7)
 00:00:44 | WARNING! Aborting ECBS - could not obtain an initial solution for the following agents: Agent4(8->7)
 00:00:45 | 00:11:03 | 0.00:30:29 |  6.35%   |   696   |   686    | 60%  |  15052   |   0    | 183.80MB  
 00:00:46 | WARNING! Aborting ECBS - could not obtain an initial solution for the following agents: Agent10(41->40)
 00:00:46 | WARNING! Aborting ECBS - could not obtain an initial solution for the following agents: Agent11(24->23)
 00:00:46 | WARNING! Aborting ECBS - could not obtain an initial solution for the following agents: Agent11(24->23)
 00:00:46 | WARNING! Aborting ECBS - could not obtain an initial solution for the following agents: Agent11(24->23)
 00:00:50 | 00:09:12 | 0.00:39:50 |  8.30%   |   916   |   905    | 60%  |  19820   |   0    | 185.24MB  
 00:00:51 | WARNING! Aborting ECBS - could not obtain an initial solution for the following agents: Agent5(57->56)
 00:00:51 | WARNING! Aborting ECBS - could not obtain an initial solution for the following agents: Agent5(57->56)
 00:00:51 | WARNING! Aborting ECBS - could not obtain an initial solution for the following agents: Agent5(57->56)
 00:00:52 | WARNING! Aborting ECBS - could not obtain an initial solution for the following agents: Agent19(9->8)
 00:00:54 | WARNING! Aborting ECBS - could not obtain an initial solution for the following agents: Agent24(24->23)
 00:00:54 | WARNING! Aborting ECBS - could not obtain an initial solution for the following agents: Agent24(24->23)
 00:00:55 | 00:08:10 | 0.00:48:23 |  10.08%  |  1115   |   1105   | 60%  |  24247   |   0    | 184.21MB  
 00:00:55 | WARNING! Aborting ECBS - could not obtain an initial solution for the following agents: Agent8(41->40)
 00:00:55 | WARNING! Aborting ECBS - could not obtain an initial solution for the following agents: Agent8(41->40)
 00:00:55 | WARNING! Aborting ECBS - could not obtain an initial solution for the following agents: Agent8(41->40)
 00:00:55 | WARNING! Aborting ECBS - could not obtain an initial solution for the following agents: Agent8(41->40)
 00:00:57 | WARNING! Aborting ECBS - could not obtain an initial solution for the following agents: Agent21(41->40)
 00:00:57 | WARNING! Aborting ECBS - could not obtain an initial solution for the following agents: Agent21(41->40)
 00:01:00 | 00:07:21 | 0.00:57:24 |  11.96%  |  1328   |   1316   | 60%  |  28966   |   0    | 184.36MB  
 00:01:05 | 00:07:08 | 0.01:03:10 |  13.16%  |  1464   |   1451   | 60%  |  32177   |   0    | 186.19MB  
 00:01:10 | 00:07:40 | 0.01:03:19 |  13.19%  |  1468   |   1455   | 60%  |  32274   |   0    | 187.58MB  
 00:01:10 | WARNING! Aborting ECBS - could not obtain an initial solution for the following agents: Agent2(25->24)
 00:01:10 | WARNING! Aborting ECBS - could not obtain an initial solution for the following agents: Agent2(25->24)
 00:01:12 | WARNING! Aborting ECBS - could not obtain an initial solution for the following agents: Agent8(41->40)
 00:01:12 | WARNING! Aborting ECBS - could not obtain an initial solution for the following agents: Agent8(41->40)
 00:01:12 | WARNING! Aborting ECBS - could not obtain an initial solution for the following agents: Agent9(56->50)
 00:01:12 | WARNING! Aborting ECBS - could not obtain an initial solution for the following agents: Agent9(56->50)
 00:01:12 | WARNING! Aborting ECBS - could not obtain an initial solution for the following agents: Agent9(56->50)
 00:01:12 | WARNING! Aborting ECBS - could not obtain an initial solution for the following agents: Agent9(56->50)
 00:01:15 | 00:07:25 | 0.01:09:07 |  14.40%  |  1598   |   1590   | 60%  |  35811   |   0    | 188.05MB  
 00:01:16 | WARNING! Aborting ECBS - could not obtain an initial solution for the following agents: Agent8(41->40)
 00:01:16 | WARNING! Aborting ECBS - could not obtain an initial solution for the following agents: Agent8(41->40)
 00:01:19 | WARNING! Aborting ECBS - could not obtain an initial solution for the following agents: Agent7(57->56)
 00:01:19 | WARNING! Aborting ECBS - could not obtain an initial solution for the following agents: Agent7(57->56)
 00:01:20 | 00:07:09 | 0.01:15:24 |  15.71%  |  1742   |   1737   | 60%  |  39300   |   0    | 187.39MB  
 00:01:23 | WARNING! Aborting ECBS - could not obtain an initial solution for the following agents: Agent11(25->24)
 00:01:25 | 00:06:39 | 0.01:24:10 |  17.54%  |  1946   |   1942   | 60%  |  43905   |   0    | 188.83MB  
 00:01:27 | WARNING! Aborting ECBS - could not obtain an initial solution for the following agents: Agent16(56->55)
 00:01:27 | WARNING! Aborting ECBS - could not obtain an initial solution for the following agents: Agent16(56->55)
 00:01:27 | WARNING! Aborting ECBS - could not obtain an initial solution for the following agents: Agent16(56->55)
 00:01:28 | WARNING! Aborting ECBS - could not obtain an initial solution for the following agents: Agent21(42->40)
 00:01:28 | WARNING! Aborting ECBS - could not obtain an initial solution for the following agents: Agent21(42->40)
 00:01:30 | 00:06:18 | 0.01:32:17 |  19.23%  |  2136   |   2133   | 60%  |  48220   |   0    | 188.80MB  
 00:01:34 | WARNING! Aborting ECBS - could not obtain an initial solution for the following agents: Agent28(40->39)
 00:01:34 | WARNING! Aborting ECBS - could not obtain an initial solution for the following agents: Agent1(9->8)
 00:01:34 | WARNING! Aborting ECBS - could not obtain an initial solution for the following agents: Agent1(9->8)
 00:01:34 | WARNING! Aborting ECBS - could not obtain an initial solution for the following agents: Agent7(57->56)
 00:01:34 | WARNING! Aborting ECBS - could not obtain an initial solution for the following agents: Agent7(57->56)
 00:01:34 | WARNING! Aborting ECBS - could not obtain an initial solution for the following agents: Agent16(56->55)
 00:01:34 | WARNING! Aborting ECBS - could not obtain an initial solution for the following agents: Agent16(56->55)
 00:01:34 | WARNING! Aborting ECBS - could not obtain an initial solution for the following agents: Agent16(56->55)
 00:01:35 | 00:05:56 | 0.01:41:02 |  21.05%  |  2340   |   2337   | 60%  |  53027   |   0    | 188.99MB  
 00:01:36 | WARNING! Aborting ECBS - could not obtain an initial solution for the following agents: Agent11(25->24)
 00:01:38 | WARNING! Aborting ECBS - could not obtain an initial solution for the following agents: Agent0(25->24)
 00:01:38 | WARNING! Aborting ECBS - could not obtain an initial solution for the following agents: Agent29(56->55)
 00:01:38 | WARNING! Aborting ECBS - could not obtain an initial solution for the following agents: Agent29(56->55)
 00:01:38 | WARNING! Aborting ECBS - could not obtain an initial solution for the following agents: Agent29(56->55)
 00:01:40 | 00:05:39 | 0.01:49:14 |  22.76%  |  2531   |   2530   | 60%  |  57264   |   0    | 195.61MB  
 00:01:41 | WARNING! Aborting ECBS - could not obtain an initial solution for the following agents: Agent11(25->24)
 00:01:41 | WARNING! Aborting ECBS - could not obtain an initial solution for the following agents: Agent11(25->24)
 00:01:41 | WARNING! Aborting ECBS - could not obtain an initial solution for the following agents: Agent11(25->18)
 00:01:41 | WARNING! Aborting ECBS - could not obtain an initial solution for the following agents: Agent30(41->40)
 00:01:41 | WARNING! Aborting ECBS - could not obtain an initial solution for the following agents: Agent30(41->40)
 00:01:41 | WARNING! Aborting ECBS - could not obtain an initial solution for the following agents: Agent5(57->56)
 00:01:45 | 00:05:25 | 0.01:57:12 |  24.42%  |  2717   |   2717   | 60%  |  61744   |   0    | 197.24MB  
 00:01:45 | WARNING! Aborting ECBS - could not obtain an initial solution for the following agents: Agent10(40->39)
 00:01:45 | WARNING! Aborting ECBS - could not obtain an initial solution for the following agents: Agent10(40->39)
 00:01:45 | WARNING! Aborting ECBS - could not obtain an initial solution for the following agents: Agent10(40->39)
 00:01:45 | WARNING! Aborting ECBS - could not obtain an initial solution for the following agents: Agent0(25->24)
 00:01:50 | 00:05:14 | 0.02:04:27 |  25.93%  |  2888   |   2886   | 60%  |  65661   |   0    | 200.50MB  
 00:01:50 | WARNING! Aborting ECBS - could not obtain an initial solution for the following agents: Agent25(9->8)
 00:01:50 | WARNING! Aborting ECBS - could not obtain an initial solution for the following agents: Agent25(9->8)
 00:01:52 | WARNING! Aborting ECBS - could not obtain an initial solution for the following agents: Agent29(57->56)
 00:01:52 | WARNING! Aborting ECBS - could not obtain an initial solution for the following agents: Agent29(57->55)
 00:01:52 | WARNING! Aborting ECBS - could not obtain an initial solution for the following agents: Agent29(57->56)
 00:01:52 | WARNING! Aborting ECBS - could not obtain an initial solution for the following agents: Agent29(57->50)
 00:01:53 | WARNING! Aborting ECBS - could not obtain an initial solution for the following agents: Agent8(40->39)
 00:01:54 | WARNING! Aborting ECBS - could not obtain an initial solution for the following agents: Agent25(9->8)
 00:01:54 | WARNING! Aborting ECBS - could not obtain an initial solution for the following agents: Agent25(9->8)
 00:01:54 | WARNING! Aborting ECBS - could not obtain an initial solution for the following agents: Agent25(9->8)
 00:01:54 | WARNING! Aborting ECBS - could not obtain an initial solution for the following agents: Agent25(9->8)
 00:01:55 | 00:05:04 | 0.02:11:32 |  27.41%  |  3053   |   3052   | 60%  |  69953   |   0    | 202.04MB  
 00:01:58 | WARNING! Aborting ECBS - could not obtain an initial solution for the following agents: Agent11(24->23)
 00:01:59 | WARNING! Aborting ECBS - could not obtain an initial solution for the following agents: Agent25(10->9)
 00:01:59 | WARNING! Aborting ECBS - could not obtain an initial solution for the following agents: Agent25(10->0)
 00:01:59 | WARNING! Aborting ECBS - could not obtain an initial solution for the following agents: Agent25(10->0)
 00:02:00 | 00:04:53 | 0.02:19:28 |  29.06%  |  3235   |   3237   | 60%  |  74527   |   0    | 206.93MB  
 00:02:02 | WARNING! Aborting ECBS - could not obtain an initial solution for the following agents: Agent29(57->56)
 00:02:02 | WARNING! Aborting ECBS - could not obtain an initial solution for the following agents: Agent29(57->56)
 00:02:04 | WARNING! Aborting ECBS - could not obtain an initial solution for the following agents: Agent19(9->8)
 00:02:05 | 00:04:36 | 0.02:29:25 |  31.13%  |  3471   |   3469   | 60%  |  79679   |   0    | 204.80MB  
 00:02:05 | WARNING! Aborting ECBS - could not obtain an initial solution for the following agents: Agent10(40->39)
 00:02:05 | WARNING! Aborting ECBS - could not obtain an initial solution for the following agents: Agent19(8->1)
 00:02:05 | WARNING! Aborting ECBS - could not obtain an initial solution for the following agents: Agent19(8->1)
 00:02:05 | WARNING! Aborting ECBS - could not obtain an initial solution for the following agents: Agent19(8->1)
 00:02:05 | WARNING! Aborting ECBS - could not obtain an initial solution for the following agents: Agent19(8->2)
 00:02:07 | WARNING! Aborting ECBS - could not obtain an initial solution for the following agents: Agent2(25->24)
 00:02:07 | WARNING! Aborting ECBS - could not obtain an initial solution for the following agents: Agent2(25->24)
 00:02:09 | WARNING! Aborting ECBS - could not obtain an initial solution for the following agents: Agent30(40->39)
 00:02:09 | WARNING! Aborting ECBS - could not obtain an initial solution for the following agents: Agent30(40->39)
 00:02:09 | WARNING! Aborting ECBS - could not obtain an initial solution for the following agents: Agent30(40->34)
 00:02:09 | WARNING! Aborting ECBS - could not obtain an initial solution for the following agents: Agent26(25->23)
 00:02:09 | WARNING! Aborting ECBS - could not obtain an initial solution for the following agents: Agent26(25->23)
 00:02:09 | WARNING! Aborting ECBS - could not obtain an initial solution for the following agents: Agent26(25->24)
 00:02:09 | WARNING! Aborting ECBS - could not obtain an initial solution for the following agents: Agent26(25->24)
 00:02:09 | WARNING! Aborting ECBS - could not obtain an initial solution for the following agents: Agent26(25->24)
 00:02:10 | WARNING! Aborting ECBS - could not obtain an initial solution for the following agents: Agent26(25->24)
 00:02:10 | 00:04:26 | 0.02:37:32 |  32.82%  |  3661   |   3660   | 60%  |  84461   |   0    | 206.32MB  
 00:02:11 | WARNING! Aborting ECBS - could not obtain an initial solution for the following agents: Agent24(25->24)
 00:02:13 | WARNING! Aborting ECBS - could not obtain an initial solution for the following agents: Agent21(40->39)
 00:02:13 | WARNING! Aborting ECBS - could not obtain an initial solution for the following agents: Agent9(57->56)
 00:02:13 | WARNING! Aborting ECBS - could not obtain an initial solution for the following agents: Agent9(57->56)
 00:02:13 | WARNING! Aborting ECBS - could not obtain an initial solution for the following agents: Agent9(57->56)
 00:02:14 | WARNING! Aborting ECBS - could not obtain an initial solution for the following agents: Agent29(59->58)
 00:02:14 | WARNING! Aborting ECBS - could not obtain an initial solution for the following agents: Agent29(59->58)
 00:02:14 | WARNING! Aborting ECBS - could not obtain an initial solution for the following agents: Agent29(59->58)
 00:02:14 | WARNING! Aborting ECBS - could not obtain an initial solution for the following agents: Agent29(59->58)
 00:02:14 | WARNING! Aborting ECBS - could not obtain an initial solution for the following agents: Agent29(59->58)
 00:02:15 | 00:04:08 | 0.02:48:45 |  35.16%  |  3922   |   3923   | 60%  |  89952   |   0    | 203.78MB  
 00:02:15 | WARNING! Aborting ECBS - could not obtain an initial solution for the following agents: Agent25(11->10)
 00:02:20 | 00:03:53 | 0.03:00:01 |  37.51%  |  4185   |   4188   | 60%  |  95943   |   0    | 204.34MB  
 00:02:20 | WARNING! Aborting ECBS - could not obtain an initial solution for the following agents: Agent9(57->56)
 00:02:22 | WARNING! Aborting ECBS - could not obtain an initial solution for the following agents: Agent10(41->40)
 00:02:22 | WARNING! Aborting ECBS - could not obtain an initial solution for the following agents: Agent10(41->40)
 00:02:23 | WARNING! Aborting ECBS - could not obtain an initial solution for the following agents: Agent7(57->49)
 00:02:23 | WARNING! Aborting ECBS - could not obtain an initial solution for the following agents: Agent7(57->49)
 00:02:23 | WARNING! Aborting ECBS - could not obtain an initial solution for the following agents: Agent7(57->50)
 00:02:23 | WARNING! Aborting ECBS - could not obtain an initial solution for the following agents: Agent7(57->50)
 00:02:25 | 00:03:46 | 0.03:07:31 |  39.07%  |  4357   |   4364   | 60%  |  99775   |   0    | 207.90MB  
 00:02:26 | WARNING! Aborting ECBS - could not obtain an initial solution for the following agents: Agent19(3->1)
 00:02:26 | WARNING! Aborting ECBS - could not obtain an initial solution for the following agents: Agent19(3->2)
 00:02:28 | WARNING! Aborting ECBS - could not obtain an initial solution for the following agents: Agent21(34->33)
 00:02:28 | WARNING! Aborting ECBS - could not obtain an initial solution for the following agents: Agent21(34->33)
 00:02:30 | 00:03:38 | 0.03:15:32 |  40.74%  |  4546   |   4551   | 60%  |  104069  |   0    | 205.37MB  
 00:02:30 | WARNING! Aborting ECBS - could not obtain an initial solution for the following agents: Agent19(2->1)
 00:02:30 | WARNING! Aborting ECBS - could not obtain an initial solution for the following agents: Agent5(57->56)
 00:02:30 | WARNING! Aborting ECBS - could not obtain an initial solution for the following agents: Agent5(57->56)
 00:02:30 | WARNING! Aborting ECBS - could not obtain an initial solution for the following agents: Agent5(57->56)
 00:02:31 | WARNING! Aborting ECBS - could not obtain an initial solution for the following agents: Agent30(41->40)
 00:02:31 | WARNING! Aborting ECBS - could not obtain an initial solution for the following agents: Agent30(41->40)
 00:02:31 | WARNING! Aborting ECBS - could not obtain an initial solution for the following agents: Agent2(25->18)
 00:02:31 | WARNING! Aborting ECBS - could not obtain an initial solution for the following agents: Agent2(25->18)
 00:02:33 | WARNING! Aborting ECBS - could not obtain an initial solution for the following agents: Agent8(42->41)
 00:02:33 | WARNING! Aborting ECBS - could not obtain an initial solution for the following agents: Agent8(42->41)
 00:02:33 | WARNING! Aborting ECBS - could not obtain an initial solution for the following agents: Agent28(41->40)
 00:02:34 | WARNING! Aborting ECBS - could not obtain an initial solution for the following agents: Agent29(57->56)
 00:02:34 | WARNING! Aborting ECBS - could not obtain an initial solution for the following agents: Agent29(57->56)
 00:02:35 | 00:03:30 | 0.03:23:20 |  42.36%  |  4728   |   4733   | 60%  |  108335  |   0    | 205.04MB  
 00:02:35 | WARNING! Aborting ECBS - could not obtain an initial solution for the following agents: Agent1(3->1)
 00:02:35 | WARNING! Aborting ECBS - could not obtain an initial solution for the following agents: Agent1(3->1)
 00:02:35 | WARNING! Aborting ECBS - could not obtain an initial solution for the following agents: Agent1(3->2)
 00:02:35 | WARNING! Aborting ECBS - could not obtain an initial solution for the following agents: Agent1(3->2)
 00:02:35 | WARNING! Aborting ECBS - could not obtain an initial solution for the following agents: Agent11(25->24)
 00:02:36 | WARNING! Aborting ECBS - could not obtain an initial solution for the following agents: Agent19(3->2)
 00:02:36 | WARNING! Aborting ECBS - could not obtain an initial solution for the following agents: Agent9(57->56)
 00:02:37 | WARNING! Aborting ECBS - could not obtain an initial solution for the following agents: Agent30(41->40)
 00:02:38 | WARNING! Aborting ECBS - could not obtain an initial solution for the following agents: Agent26(25->24)
 00:02:40 | 00:03:19 | 0.03:33:47 |  44.54%  |  4973   |   4980   | 60%  |  113792  |   0    | 204.98MB  
 00:02:43 | WARNING! Aborting ECBS - could not obtain an initial solution for the following agents: Agent1(9->2)
 00:02:43 | WARNING! Aborting ECBS - could not obtain an initial solution for the following agents: Agent19(9->8)
 00:02:43 | WARNING! Aborting ECBS - could not obtain an initial solution for the following agents: Agent19(9->8)
 00:02:45 | 00:03:11 | 0.03:42:18 |  46.31%  |  5167   |   5179   | 60%  |  118624  |   0    | 203.91MB  
 00:02:45 | WARNING! Aborting ECBS - could not obtain an initial solution for the following agents: Agent25(9->8)
 00:02:45 | WARNING! Aborting ECBS - could not obtain an initial solution for the following agents: Agent4(3->1)
 00:02:45 | WARNING! Aborting ECBS - could not obtain an initial solution for the following agents: Agent4(3->2)
 00:02:46 | WARNING! Aborting ECBS - could not obtain an initial solution for the following agents: Agent25(9->8)
 00:02:47 | WARNING! Aborting ECBS - could not obtain an initial solution for the following agents: Agent0(25->24)
 00:02:49 | WARNING! Aborting ECBS - could not obtain an initial solution for the following agents: Agent29(57->56)
 00:02:49 | WARNING! Aborting ECBS - could not obtain an initial solution for the following agents: Agent9(56->55)
 00:02:50 | 00:03:01 | 0.03:52:09 |  48.37%  |  5396   |   5409   | 60%  |  124227  |   0    | 203.85MB  
 00:02:50 | WARNING! Aborting ECBS - could not obtain an initial solution for the following agents: Agent8(41->40)
 00:02:53 | WARNING! Aborting ECBS - could not obtain an initial solution for the following agents: Agent4(9->8)
 00:02:53 | WARNING! Aborting ECBS - could not obtain an initial solution for the following agents: Agent4(9->8)
 00:02:55 | 00:02:52 | 0.04:01:32 |  50.32%  |  5611   |   5628   | 60%  |  129246  |   0    | 204.94MB  
 00:02:57 | WARNING! Aborting ECBS - could not obtain an initial solution for the following agents: Agent19(9->8)
 00:02:57 | WARNING! Aborting ECBS - could not obtain an initial solution for the following agents: Agent19(9->8)
 00:03:00 | 00:02:52 | 0.04:05:08 |  51.07%  |  5693   |   5714   | 60%  |  131304  |   0    | 204.19MB  
 00:03:03 | WARNING! Aborting ECBS - could not obtain an initial solution for the following agents: Agent26(27->26)
 00:03:03 | WARNING! Aborting ECBS - could not obtain an initial solution for the following agents: Agent26(27->26)
 00:03:03 | WARNING! Aborting ECBS - could not obtain an initial solution for the following agents: Agent26(27->26)
 00:03:03 | WARNING! Aborting ECBS - could not obtain an initial solution for the following agents: Agent26(27->26)
 00:03:04 | WARNING! Aborting ECBS - could not obtain an initial solution for the following agents: Agent24(24->17)
 00:03:05 | 00:02:49 | 0.04:10:23 |  52.16%  |  5814   |   5838   | 60%  |  134398  |   0    | 203.54MB  
 00:03:07 | WARNING! Aborting ECBS - could not obtain an initial solution for the following agents: Agent4(3->1)
 00:03:07 | WARNING! Aborting ECBS - could not obtain an initial solution for the following agents: Agent4(3->1)
 00:03:07 | WARNING! Aborting ECBS - could not obtain an initial solution for the following agents: Agent4(3->1)
 00:03:07 | WARNING! Aborting ECBS - could not obtain an initial solution for the following agents: Agent4(3->2)
 00:03:07 | WARNING! Aborting ECBS - could not obtain an initial solution for the following agents: Agent4(3->2)
 00:03:07 | WARNING! Aborting ECBS - could not obtain an initial solution for the following agents: Agent4(3->2)
 00:03:10 | 00:02:41 | 0.04:19:30 |  54.07%  |  6028   |   6050   | 60%  |  139251  |   0    | 204.12MB  
 00:03:10 | WARNING! Aborting ECBS - could not obtain an initial solution for the following agents: Agent28(40->39)
 00:03:10 | WARNING! Aborting ECBS - could not obtain an initial solution for the following agents: Agent16(51->50)
 00:03:15 | 00:02:42 | 0.04:22:10 |  54.62%  |  6090   |   6112   | 60%  |  140551  |   0    | 204.79MB  
 00:03:18 | WARNING! Aborting ECBS - could not obtain an initial solution for the following agents: Agent30(41->40)
 00:03:20 | 00:02:37 | 0.04:28:40 |  55.97%  |  6243   |   6267   | 60%  |  144321  |   0    | 204.77MB  
 00:03:24 | WARNING! Aborting ECBS - could not obtain an initial solution for the following agents: Agent10(41->33)
 00:03:24 | WARNING! Aborting ECBS - could not obtain an initial solution for the following agents: Agent10(41->33)
 00:03:24 | WARNING! Aborting ECBS - could not obtain an initial solution for the following agents: Agent10(41->34)
 00:03:25 | 00:02:30 | 0.04:36:55 |  57.69%  |  6435   |   6459   | 60%  |  148637  |   0    | 206.85MB  
 00:03:26 | WARNING! Aborting ECBS - could not obtain an initial solution for the following agents: Agent8(41->40)
 00:03:27 | WARNING! Aborting ECBS - could not obtain an initial solution for the following agents: Agent27(8->7)
 00:03:27 | WARNING! Aborting ECBS - could not obtain an initial solution for the following agents: Agent8(41->40)
 00:03:28 | WARNING! Aborting ECBS - could not obtain an initial solution for the following agents: Agent8(41->40)
 00:03:28 | WARNING! Aborting ECBS - could not obtain an initial solution for the following agents: Agent25(3->1)
 00:03:28 | WARNING! Aborting ECBS - could not obtain an initial solution for the following agents: Agent25(3->1)
 00:03:28 | WARNING! Aborting ECBS - could not obtain an initial solution for the following agents: Agent25(3->1)
 00:03:30 | 00:02:21 | 0.04:46:27 |  59.68%  |  6658   |   6683   | 60%  |  153584  |   0    | 209.68MB  
 00:03:30 | WARNING! Aborting ECBS - could not obtain an initial solution for the following agents: Agent7(57->56)
 00:03:30 | WARNING! Aborting ECBS - could not obtain an initial solution for the following agents: Agent7(57->56)
 00:03:33 | WARNING! Aborting ECBS - could not obtain an initial solution for the following agents: Agent11(25->24)
 00:03:33 | WARNING! Aborting ECBS - could not obtain an initial solution for the following agents: Agent11(25->24)
 00:03:35 | 00:02:15 | 0.04:54:06 |  61.27%  |  6838   |   6863   | 60%  |  157889  |   0    | 211.75MB  
 00:03:36 | WARNING! Aborting ECBS - could not obtain an initial solution for the following agents: Agent25(9->8)
 00:03:36 | WARNING! Aborting ECBS - could not obtain an initial solution for the following agents: Agent25(9->8)
 00:03:37 | WARNING! Aborting ECBS - could not obtain an initial solution for the following agents: Agent11(25->24)
 00:03:39 | WARNING! Aborting ECBS - could not obtain an initial solution for the following agents: Agent5(56->55)
 00:03:40 | 00:02:07 | 0.05:03:59 |  63.33%  |  7066   |   7095   | 60%  |  163174  |   0    | 215.25MB  
 00:03:42 | WARNING! Aborting ECBS - could not obtain an initial solution for the following agents: Agent7(57->56)
 00:03:42 | WARNING! Aborting ECBS - could not obtain an initial solution for the following agents: Agent30(41->40)
 00:03:42 | WARNING! Aborting ECBS - could not obtain an initial solution for the following agents: Agent30(41->40)
 00:03:42 | WARNING! Aborting ECBS - could not obtain an initial solution for the following agents: Agent30(41->40)
 00:03:43 | WARNING! Aborting ECBS - could not obtain an initial solution for the following agents: Agent11(24->23)
 00:03:45 | 00:02:02 | 0.05:11:08 |  64.82%  |  7233   |   7262   | 60%  |  167160  |   0    | 214.50MB  
 00:03:45 | WARNING! Aborting ECBS - could not obtain an initial solution for the following agents: Agent5(59->58)
 00:03:45 | WARNING! Aborting ECBS - could not obtain an initial solution for the following agents: Agent5(59->58)
 00:03:45 | WARNING! Aborting ECBS - could not obtain an initial solution for the following agents: Agent5(59->58)
 00:03:46 | WARNING! Aborting ECBS - could not obtain an initial solution for the following agents: Agent14(9->8)
 00:03:48 | WARNING! Aborting ECBS - could not obtain an initial solution for the following agents: Agent24(25->24)
 00:03:48 | WARNING! Aborting ECBS - could not obtain an initial solution for the following agents: Agent24(25->24)
 00:03:49 | WARNING! Aborting ECBS - could not obtain an initial solution for the following agents: Agent25(3->1)
 00:03:49 | WARNING! Aborting ECBS - could not obtain an initial solution for the following agents: Agent25(3->1)
 00:03:49 | WARNING! Aborting ECBS - could not obtain an initial solution for the following agents: Agent25(3->1)
 00:03:49 | WARNING! Aborting ECBS - could not obtain an initial solution for the following agents: Agent25(3->2)
 00:03:49 | WARNING! Aborting ECBS - could not obtain an initial solution for the following agents: Agent25(3->2)
 00:03:50 | 00:01:56 | 0.05:18:56 |  66.45%  |  7415   |   7445   | 60%  |  171326  |   0    | 214.26MB  
 00:03:54 | WARNING! Aborting ECBS - could not obtain an initial solution for the following agents: Agent4(9->8)
 00:03:55 | 00:01:49 | 0.05:27:06 |  68.15%  |  7606   |   7636   | 60%  |  175635  |   0    | 213.85MB  
 00:03:58 | WARNING! Aborting ECBS - could not obtain an initial solution for the following agents: Agent2(25->24)
 00:04:00 | 00:01:43 | 0.05:35:35 |  69.91%  |  7805   |   7835   | 60%  |  180509  |   0    | 215.29MB  
 00:04:04 | WARNING! Aborting ECBS - could not obtain an initial solution for the following agents: Agent9(57->56)
 00:04:04 | WARNING! Aborting ECBS - could not obtain an initial solution for the following agents: Agent28(41->40)
 00:04:04 | WARNING! Aborting ECBS - could not obtain an initial solution for the following agents: Agent11(26->25)
 00:04:04 | WARNING! Aborting ECBS - could not obtain an initial solution for the following agents: Agent11(26->25)
 00:04:04 | WARNING! Aborting ECBS - could not obtain an initial solution for the following agents: Agent2(25->24)
 00:04:05 | 00:01:37 | 0.05:43:41 |  71.60%  |  7992   |   8024   | 60%  |  184969  |   0    | 214.45MB  
 00:04:08 | WARNING! Aborting ECBS - could not obtain an initial solution for the following agents: Agent9(57->56)
 00:04:08 | WARNING! Aborting ECBS - could not obtain an initial solution for the following agents: Agent9(57->56)
 00:04:08 | WARNING! Aborting ECBS - could not obtain an initial solution for the following agents: Agent9(57->56)
 00:04:10 | 00:01:28 | 0.05:54:15 |  73.80%  |  8236   |   8272   | 60%  |  190432  |   0    | 214.17MB  
 00:04:10 | WARNING! Aborting ECBS - could not obtain an initial solution for the following agents: Agent24(25->24)
 00:04:10 | WARNING! Aborting ECBS - could not obtain an initial solution for the following agents: Agent24(25->24)
 00:04:12 | WARNING! Aborting ECBS - could not obtain an initial solution for the following agents: Agent10(41->40)
 00:04:15 | 00:01:19 | 0.06:05:38 |  76.18%  |  8503   |   8540   | 60%  |  196161  |   0    | 214.01MB  
 00:04:18 | WARNING! Aborting ECBS - could not obtain an initial solution for the following agents: Agent25(8->7)
 00:04:18 | WARNING! Aborting ECBS - could not obtain an initial solution for the following agents: Agent25(8->7)
 00:04:18 | WARNING! Aborting ECBS - could not obtain an initial solution for the following agents: Agent21(41->40)
 00:04:20 | 00:01:14 | 0.06:13:06 |  77.73%  |  8676   |   8715   | 60%  |  200818  |   0    | 213.80MB  
 00:04:21 | WARNING! Aborting ECBS - could not obtain an initial solution for the following agents: Agent8(41->40)
 00:04:24 | WARNING! Aborting ECBS - could not obtain an initial solution for the following agents: Agent21(41->40)
 00:04:24 | WARNING! Aborting ECBS - could not obtain an initial solution for the following agents: Agent8(41->40)
 00:04:25 | 00:01:08 | 0.06:21:04 |  79.39%  |  8859   |   8901   | 60%  |  205448  |   0    | 214.02MB  
 00:04:27 | WARNING! Aborting ECBS - could not obtain an initial solution for the following agents: Agent11(26->25)
 00:04:27 | WARNING! Aborting ECBS - could not obtain an initial solution for the following agents: Agent21(41->40)
 00:04:28 | WARNING! Aborting ECBS - could not obtain an initial solution for the following agents: Agent0(25->24)
 00:04:28 | WARNING! Aborting ECBS - could not obtain an initial solution for the following agents: Agent0(25->23)
 00:04:28 | WARNING! Aborting ECBS - could not obtain an initial solution for the following agents: Agent0(25->24)
 00:04:28 | WARNING! Aborting ECBS - could not obtain an initial solution for the following agents: Agent0(25->24)
 00:04:28 | WARNING! Aborting ECBS - could not obtain an initial solution for the following agents: Agent0(25->24)
 00:04:29 | WARNING! Aborting ECBS - could not obtain an initial solution for the following agents: Agent14(3->1)
 00:04:29 | WARNING! Aborting ECBS - could not obtain an initial solution for the following agents: Agent14(3->1)
 00:04:29 | WARNING! Aborting ECBS - could not obtain an initial solution for the following agents: Agent14(3->2)
 00:04:30 | 00:01:00 | 0.06:31:58 |  81.66%  |  9113   |   9156   | 60%  |  210739  |   0    | 213.86MB  
 00:04:34 | WARNING! Aborting ECBS - could not obtain an initial solution for the following agents: Agent14(2->0)
 00:04:34 | WARNING! Aborting ECBS - could not obtain an initial solution for the following agents: Agent14(2->0)
 00:04:35 | 00:00:55 | 0.06:39:45 |  83.28%  |  9291   |   9339   | 60%  |  215171  |   0    | 214.89MB  
 00:04:36 | WARNING! Aborting ECBS - could not obtain an initial solution for the following agents: Agent30(41->40)
 00:04:36 | WARNING! Aborting ECBS - could not obtain an initial solution for the following agents: Agent30(41->40)
 00:04:37 | WARNING! Aborting ECBS - could not obtain an initial solution for the following agents: Agent6(1115->1131)
 00:04:39 | WARNING! Aborting ECBS - could not obtain an initial solution for the following agents: Agent5(57->56)
 00:04:39 | WARNING! Aborting ECBS - could not obtain an initial solution for the following agents: Agent7(56->55)
 00:04:39 | WARNING! Aborting ECBS - could not obtain an initial solution for the following agents: Agent1(8->1)
 00:04:39 | WARNING! Aborting ECBS - could not obtain an initial solution for the following agents: Agent1(8->1)
 00:04:39 | WARNING! Aborting ECBS - could not obtain an initial solution for the following agents: Agent1(8->2)
 00:04:40 | 00:00:47 | 0.06:50:27 |  85.51%  |  9541   |   9591   | 60%  |  221180  |   0    | 214.43MB  
 00:04:40 | WARNING! Aborting ECBS - could not obtain an initial solution for the following agents: Agent28(41->40)
 00:04:45 | 00:00:40 | 0.06:59:42 |  87.44%  |  9752   |   9807   | 60%  |  226300  |   0    | 215.13MB  
 00:04:47 | WARNING! Aborting ECBS - could not obtain an initial solution for the following agents: Agent21(40->39)
 00:04:50 | 00:00:36 | 0.07:06:20 |  88.82%  |  9909   |   9963   | 60%  |  230110  |   0    | 218.59MB  
 00:04:52 | WARNING! Aborting ECBS - could not obtain an initial solution for the following agents: Agent27(3->2)
 00:04:55 | 00:00:30 | 0.07:14:50 |  90.59%  |  10106  |  10162   | 60%  |  234676  |   0    | 217.89MB  
 00:04:56 | WARNING! Aborting ECBS - could not obtain an initial solution for the following agents: Agent1(3->1)
 00:04:56 | WARNING! Aborting ECBS - could not obtain an initial solution for the following agents: Agent1(3->1)
 00:04:56 | WARNING! Aborting ECBS - could not obtain an initial solution for the following agents: Agent1(3->1)
 00:04:56 | WARNING! Aborting ECBS - could not obtain an initial solution for the following agents: Agent1(3->2)
 00:04:58 | WARNING! Aborting ECBS - could not obtain an initial solution for the following agents: Agent7(57->56)
 00:04:58 | WARNING! Aborting ECBS - could not obtain an initial solution for the following agents: Agent9(57->56)
 00:04:58 | WARNING! Aborting ECBS - could not obtain an initial solution for the following agents: Agent9(57->56)
 00:05:00 | 00:00:24 | 0.07:24:18 |  92.57%  |  10328  |  10384   | 60%  |  239622  |   0    | 218.89MB  
 00:05:01 | WARNING! Aborting ECBS - could not obtain an initial solution for the following agents: Agent21(33->32)
 00:05:01 | WARNING! Aborting ECBS - could not obtain an initial solution for the following agents: Agent21(33->32)
 00:05:05 | 00:00:19 | 0.07:31:36 |  94.09%  |  10494  |  10555   | 60%  |  243728  |   0    | 226.05MB  
 00:05:10 | 00:00:13 | 0.07:40:01 |  95.84%  |  10689  |  10752   | 60%  |  248332  |   0    | 222.24MB  
 00:05:13 | WARNING! Aborting ECBS - could not obtain an initial solution for the following agents: Agent7(57->56)
 00:05:13 | WARNING! Aborting ECBS - could not obtain an initial solution for the following agents: Agent7(57->56)
 00:05:14 | WARNING! Aborting ECBS - could not obtain an initial solution for the following agents: Agent26(25->24)
 00:05:14 | WARNING! Aborting ECBS - could not obtain an initial solution for the following agents: Agent29(57->56)
 00:05:14 | WARNING! Aborting ECBS - could not obtain an initial solution for the following agents: Agent29(57->56)
 00:05:14 | WARNING! Aborting ECBS - could not obtain an initial solution for the following agents: Agent29(57->56)
 00:05:14 | WARNING! Aborting ECBS - could not obtain an initial solution for the following agents: Agent16(57->56)
 00:05:15 | 00:00:07 | 0.07:49:29 |  97.81%  |  10907  |  10974   | 60%  |  253571  |   0    | 221.14MB  
 00:05:18 | WARNING! Aborting ECBS - could not obtain an initial solution for the following agents: Agent14(9->7)
 00:05:18 | WARNING! Aborting ECBS - could not obtain an initial solution for the following agents: Agent14(9->8)
 00:05:18 | WARNING! Aborting ECBS - could not obtain an initial solution for the following agents: Agent14(9->8)
 00:05:18 | WARNING! Aborting ECBS - could not obtain an initial solution for the following agents: Agent14(9->8)
 00:05:18 | WARNING! Aborting ECBS - could not obtain an initial solution for the following agents: Agent9(57->56)
 00:05:19 | WARNING! Aborting ECBS - could not obtain an initial solution for the following agents: Agent27(9->8)
 00:05:20 | 00:00:01 | 0.07:58:22 |  99.66%  |  11112  |  11182   | 60%  |  258362  |   0    | 222.23MB  
 00:05:20 | WARNING! Aborting ECBS - could not obtain an initial solution for the following agents: Agent29(57->56)
 00:05:21 | 00:00:00 | 0.08:00:00 | 100.00%  |  11150  |  11220   | 60%  |  259137  |   0    | 221.05MB  
 00:05:21 | >>> Simulation finished - writing results ...
 00:05:22 | >>> Results written
Simulation finished.
>>> Timings
StatTimingPathPlanningAverage: 0.016568405040091595
StatTimingPathPlanningOverall: 260.3559167999993
StatTimingPathPlanningCount: 15714
StatTimingTaskAllocationAverage: 0.0015156843729085805
StatTimingTaskAllocationOverall: 22.64735590000001
StatTimingTaskAllocationCount: 14942
StatTimingItemStorageAverage: 3.4738247863249485E-06
StatTimingItemStorageOverall: 0.03901800000000182
StatTimingItemStorageCount: 11232
StatTimingPodStorageAverage: 0.0019145729545454633
StatTimingPodStorageOverall: 5.896884700000027
StatTimingPodStorageCount: 3080
StatTimingReplenishmentBatchingAverage: 7.968410786974163E-06
StatTimingReplenishmentBatchingOverall: 0.09396349999999933
StatTimingReplenishmentBatchingCount: 11792
StatTimingOrderBatchingAverage: 0.00010996652287581637
StatTimingOrderBatchingOverall: 3.364975599999981
StatTimingOrderBatchingCount: 30600
>>> Overall
StatOverallBundlesPlaced: 15188
StatOverallItemsOrdered: 11195
StatOverallOrdersPlaced: 11195
StatOverallBundlesRejected: 0
StatOverallOrdersRejected: 0
StatOverallBundlesHandled: 11220
StatOverallItemsHandled: 11154
StatOverallLinesHandled: 11154
StatOverallOrdersHandled: 11150
StatOverallCollisions: 0
StatOverallDistanceTraveled: 259136.57023428875
StatOverallDistanceEstimated: 238983
StatOverallAssignedTasks: 14942
StatMaxMemoryUsed: 227.8828125
StatRealTimeUsed: 321.6059381
StatAverageTurnoverTime: 366.9655855338145
StatMedianTurnoverTime: 212.60000399817363
StatLowerQuartileTurnoverTime: 121.0363050834103
StatUpperQuartileTurnoverTime: 497.3582547311689
StatAverageThroughputTime: 114.06982009409037
StatMedianThroughputTime: 120.7913860958688
StatLowerQuartileThroughputTime: 80.95823634720728
StatUpperQuartileThroughputTime: 141.8945534251452
>>> Energy (Rizqi model)
StatEnergyTotalKJ: 19264.390339101665
StatEnergyE1AccelKJ: 5585.123755249972
StatEnergyE2DecelKJ: 0
StatEnergyE3CruiseKJ: 9537.376758000002
StatEnergyE4RotationKJ: 3310.293732518249
StatEnergyE5LiftLowerKJ: 831.5960933333332
StatEnergyPerOrderKJ: 1.7277480124754856
StatEnergyPerMeterJoule: 74.31131249195401
StatDistanceTraveledRizqiM: 259239
>>> Motion Behavior
StatTurningCount: 32719
StatStopAndGoCount: 44796
StatLoadedDistanceM: 176005
StatLoadedTurningCount: 24188
StatWaitTimeSec: 378039.0546183145

Marked tag finished after 1 tries!
.Fin. - SUCCESS
