<<< Welcome to the RAWSimO CLI >>>
The time is: 04/14/2026 00:32:24
Starting RAWSimO wrapper with the following arguments:
Instance: Material/Instances/PP/1-4-4-32-550.xinst
Setting: Material/Instances/PP/PPMinimal.xsett
ControlConfig: Material/Instances/PP/aesop-ecbs.xconf
StatisticsDir: C:\Users\Aesop\Desktop\rawsim-o-rmfs-world-models\output_exp\ecbs\seed_5
Seed: 5
Adding handler for unhandled exceptions ...
Initializing ... 
Instance recognized!
Parsing setting config ...
Parsing control config ...
Parsing instance ...
StatisticsFolder: 1-4-4-32-550-PPMinimal-aesop-ecbs-5
Done!
Executing ... 
 00:32:26 | >>> Warming up ...
 00:00:00 | >>> Warmup finished - starting simulation ...
 Realtime |   ETA    |  Sim.Time  | Progress | #Orders | #Bundles | Inv. | Distance | #Coll. |   Memory    
 00:00:00 |   n/a    | 0.00:00:00 |  0.00%   |    0    |    0     | 60%  |    0     |   0    | 123.30MB  
 00:00:05 | 01:30:08 | 0.00:00:26 |  0.09%   |    0    |    0     | 60%  |   627    |   0    | 143.33MB  
 00:00:07 | WARNING! Aborting ECBS - could not obtain an initial solution for the following agents: Agent2(19->18)
 00:00:07 | WARNING! Aborting ECBS - could not obtain an initial solution for the following agents: Agent2(19->18)
 00:00:10 | 02:18:02 | 0.00:00:34 |  0.12%   |    0    |    0     | 60%  |   813    |   0    | 153.11MB  
 00:00:15 | 02:45:27 | 0.00:00:43 |  0.15%   |    0    |    0     | 60%  |   987    |   0    | 158.52MB  
 00:00:20 | 03:10:55 | 0.00:00:50 |  0.17%   |    2    |    0     | 60%  |   1126   |   0    | 161.71MB  
 00:00:25 | 03:09:37 | 0.00:01:03 |  0.22%   |    5    |    0     | 60%  |   1392   |   0    | 167.67MB  
 00:00:25 | WARNING! Aborting ECBS - could not obtain an initial solution for the following agents: Agent8(41->40)
 00:00:25 | WARNING! Aborting ECBS - could not obtain an initial solution for the following agents: Agent8(41->40)
 00:00:25 | WARNING! Aborting ECBS - could not obtain an initial solution for the following agents: Agent8(41->40)
 00:00:26 | WARNING! Aborting ECBS - could not obtain an initial solution for the following agents: Agent14(2->1)
 00:00:26 | WARNING! Aborting ECBS - could not obtain an initial solution for the following agents: Agent14(2->1)
 00:00:26 | WARNING! Aborting ECBS - could not obtain an initial solution for the following agents: Agent14(2->1)
 00:00:28 | WARNING! Aborting ECBS - could not obtain an initial solution for the following agents: Agent25(9->2)
 00:00:30 | 00:34:13 | 0.00:06:54 |  1.44%   |   144   |   134    | 60%  |   3713   |   0    | 169.70MB  
 00:00:31 | WARNING! Aborting ECBS - could not obtain an initial solution for the following agents: Agent2(25->24)
 00:00:31 | WARNING! Aborting ECBS - could not obtain an initial solution for the following agents: Agent2(25->24)
 00:00:31 | WARNING! Aborting ECBS - could not obtain an initial solution for the following agents: Agent2(25->24)
 00:00:33 | WARNING! Aborting ECBS - could not obtain an initial solution for the following agents: Agent26(25->24)
 00:00:35 | 00:18:42 | 0.00:14:30 |  3.02%   |   320   |   311    | 60%  |   7197   |   0    | 171.70MB  
 00:00:36 | WARNING! Aborting ECBS - could not obtain an initial solution for the following agents: Agent28(41->40)
 00:00:39 | WARNING! Aborting ECBS - could not obtain an initial solution for the following agents: Agent0(25->24)
 00:00:40 | 00:13:42 | 0.00:22:15 |  4.64%   |   503   |   493    | 60%  |  10630   |   0    | 173.99MB  
 00:00:40 | WARNING! Aborting ECBS - could not obtain an initial solution for the following agents: Agent28(41->40)
 00:00:40 | WARNING! Aborting ECBS - could not obtain an initial solution for the following agents: Agent27(9->8)
 00:00:44 | WARNING! Aborting ECBS - could not obtain an initial solution for the following agents: Agent0(25->24)
 00:00:44 | WARNING! Aborting ECBS - could not obtain an initial solution for the following agents: Agent0(25->24)
 00:00:45 | 00:10:31 | 0.00:31:55 |  6.65%   |   731   |   720    | 60%  |  15106   |   0    | 175.14MB  
 00:00:47 | WARNING! Aborting ECBS - could not obtain an initial solution for the following agents: Agent24(25->24)
 00:00:47 | WARNING! Aborting ECBS - could not obtain an initial solution for the following agents: Agent24(25->24)
 00:00:50 | 00:09:16 | 0.00:39:34 |  8.24%   |   907   |   899    | 60%  |  19366   |   0    | 180.60MB  
 00:00:50 | WARNING! Aborting ECBS - could not obtain an initial solution for the following agents: Agent1(9->8)
 00:00:51 | WARNING! Aborting ECBS - could not obtain an initial solution for the following agents: Agent16(56->55)
 00:00:51 | WARNING! Aborting ECBS - could not obtain an initial solution for the following agents: Agent16(56->55)
 00:00:51 | WARNING! Aborting ECBS - could not obtain an initial solution for the following agents: Agent16(56->55)
 00:00:51 | WARNING! Aborting ECBS - could not obtain an initial solution for the following agents: Agent14(9->8)
 00:00:52 | WARNING! Aborting ECBS - could not obtain an initial solution for the following agents: Agent1(8->1)
 00:00:52 | WARNING! Aborting ECBS - could not obtain an initial solution for the following agents: Agent1(8->1)
 00:00:52 | WARNING! Aborting ECBS - could not obtain an initial solution for the following agents: Agent1(8->1)
 00:00:52 | WARNING! Aborting ECBS - could not obtain an initial solution for the following agents: Agent1(8->2)
 00:00:53 | WARNING! Aborting ECBS - could not obtain an initial solution for the following agents: Agent29(57->56)
 00:00:53 | WARNING! Aborting ECBS - could not obtain an initial solution for the following agents: Agent29(57->56)
 00:00:53 | WARNING! Aborting ECBS - could not obtain an initial solution for the following agents: Agent26(25->24)
 00:00:54 | WARNING! Aborting ECBS - could not obtain an initial solution for the following agents: Agent26(25->24)
 00:00:55 | 00:07:49 | 0.00:50:20 |  10.49%  |  1161   |   1151   | 60%  |  24617   |   0    | 179.46MB  
 00:00:55 | WARNING! Aborting ECBS - could not obtain an initial solution for the following agents: Agent2(25->24)
 00:00:55 | WARNING! Aborting ECBS - could not obtain an initial solution for the following agents: Agent2(25->24)
 00:00:57 | WARNING! Aborting ECBS - could not obtain an initial solution for the following agents: Agent26(24->23)
 00:00:57 | WARNING! Aborting ECBS - could not obtain an initial solution for the following agents: Agent26(24->23)
 00:01:00 | 00:07:13 | 0.00:58:19 |  12.15%  |  1346   |   1337   | 60%  |  29140   |   0    | 180.54MB  
 00:01:01 | WARNING! Aborting ECBS - could not obtain an initial solution for the following agents: Agent25(9->8)
 00:01:02 | WARNING! Aborting ECBS - could not obtain an initial solution for the following agents: Agent11(25->24)
 00:01:05 | 00:06:57 | 0.01:04:42 |  13.48%  |  1495   |   1487   | 60%  |  32381   |   0    | 183.00MB  
 00:01:06 | WARNING! Aborting ECBS - could not obtain an initial solution for the following agents: Agent27(9->8)
 00:01:06 | WARNING! Aborting ECBS - could not obtain an initial solution for the following agents: Agent27(9->8)
 00:01:07 | WARNING! Aborting ECBS - could not obtain an initial solution for the following agents: Agent24(25->24)
 00:01:07 | WARNING! Aborting ECBS - could not obtain an initial solution for the following agents: Agent5(56->50)
 00:01:10 | 00:06:38 | 0.01:11:47 |  14.96%  |  1663   |   1652   | 60%  |  36025   |   0    | 185.02MB  
 00:01:10 | WARNING! Aborting ECBS - could not obtain an initial solution for the following agents: Agent5(56->55)
 00:01:10 | WARNING! Aborting ECBS - could not obtain an initial solution for the following agents: Agent5(56->55)
 00:01:15 | 00:06:18 | 0.01:19:23 |  16.54%  |  1840   |   1830   | 60%  |  39899   |   0    | 186.51MB  
 00:01:15 | WARNING! Aborting ECBS - could not obtain an initial solution for the following agents: Agent14(9->8)
 00:01:18 | WARNING! Aborting ECBS - could not obtain an initial solution for the following agents: Agent10(41->40)
 00:01:18 | WARNING! Aborting ECBS - could not obtain an initial solution for the following agents: Agent10(41->40)
 00:01:20 | 00:05:47 | 0.01:29:56 |  18.74%  |  2086   |   2077   | 60%  |  45330   |   0    | 187.64MB  
 00:01:20 | WARNING! Aborting ECBS - could not obtain an initial solution for the following agents: Agent1(9->8)
 00:01:20 | WARNING! Aborting ECBS - could not obtain an initial solution for the following agents: Agent1(9->8)
 00:01:20 | WARNING! Aborting ECBS - could not obtain an initial solution for the following agents: Agent14(9->8)
 00:01:23 | WARNING! Aborting ECBS - could not obtain an initial solution for the following agents: Agent9(57->55)
 00:01:25 | 00:05:32 | 0.01:37:41 |  20.35%  |  2268   |   2258   | 60%  |  49641   |   0    | 188.90MB  
 00:01:25 | WARNING! Aborting ECBS - could not obtain an initial solution for the following agents: Agent16(59->58)
 00:01:25 | WARNING! Aborting ECBS - could not obtain an initial solution for the following agents: Agent16(59->58)
 00:01:25 | WARNING! Aborting ECBS - could not obtain an initial solution for the following agents: Agent16(59->58)
 00:01:25 | WARNING! Aborting ECBS - could not obtain an initial solution for the following agents: Agent16(59->58)
 00:01:25 | WARNING! Aborting ECBS - could not obtain an initial solution for the following agents: Agent16(59->58)
 00:01:26 | WARNING! Aborting ECBS - could not obtain an initial solution for the following agents: Agent19(10->9)
 00:01:26 | WARNING! Aborting ECBS - could not obtain an initial solution for the following agents: Agent19(10->9)
 00:01:27 | WARNING! Aborting ECBS - could not obtain an initial solution for the following agents: Agent26(25->24)
 00:01:27 | WARNING! Aborting ECBS - could not obtain an initial solution for the following agents: Agent26(25->24)
 00:01:27 | WARNING! Aborting ECBS - could not obtain an initial solution for the following agents: Agent26(25->24)
 00:01:30 | 00:05:23 | 0.01:44:28 |  21.77%  |  2424   |   2417   | 60%  |  53665   |   0    | 189.85MB  
 00:01:31 | WARNING! Aborting ECBS - could not obtain an initial solution for the following agents: Agent0(25->24)
 00:01:35 | 00:05:17 | 0.01:50:32 |  23.03%  |  2566   |   2559   | 60%  |  57229   |   0    | 193.90MB  
 00:01:36 | WARNING! Aborting ECBS - could not obtain an initial solution for the following agents: Agent8(41->40)
 00:01:39 | WARNING! Aborting ECBS - could not obtain an initial solution for the following agents: Agent25(9->8)
 00:01:40 | 00:05:06 | 0.01:57:59 |  24.58%  |  2740   |   2733   | 60%  |  61196   |   0    | 199.77MB  
 00:01:40 | WARNING! Aborting ECBS - could not obtain an initial solution for the following agents: Agent21(41->40)
 00:01:40 | WARNING! Aborting ECBS - could not obtain an initial solution for the following agents: Agent21(41->40)
 00:01:41 | WARNING! Aborting ECBS - could not obtain an initial solution for the following agents: Agent27(9->8)
 00:01:41 | WARNING! Aborting ECBS - could not obtain an initial solution for the following agents: Agent29(57->56)
 00:01:41 | WARNING! Aborting ECBS - could not obtain an initial solution for the following agents: Agent29(57->56)
 00:01:44 | WARNING! Aborting ECBS - could not obtain an initial solution for the following agents: Agent10(41->40)
 00:01:44 | WARNING! Aborting ECBS - could not obtain an initial solution for the following agents: Agent10(41->40)
 00:01:44 | WARNING! Aborting ECBS - could not obtain an initial solution for the following agents: Agent10(41->40)
 00:01:44 | WARNING! Aborting ECBS - could not obtain an initial solution for the following agents: Agent10(41->40)
 00:01:45 | 00:04:52 | 0.02:06:56 |  26.45%  |  2950   |   2941   | 60%  |  66158   |   0    | 199.75MB  
 00:01:45 | WARNING! Aborting ECBS - could not obtain an initial solution for the following agents: Agent16(57->55)
 00:01:45 | WARNING! Aborting ECBS - could not obtain an initial solution for the following agents: Agent16(57->55)
 00:01:45 | WARNING! Aborting ECBS - could not obtain an initial solution for the following agents: Agent16(57->56)
 00:01:45 | WARNING! Aborting ECBS - could not obtain an initial solution for the following agents: Agent25(8->7)
 00:01:45 | WARNING! Aborting ECBS - could not obtain an initial solution for the following agents: Agent9(57->56)
 00:01:45 | WARNING! Aborting ECBS - could not obtain an initial solution for the following agents: Agent9(57->56)
 00:01:48 | WARNING! Aborting ECBS - could not obtain an initial solution for the following agents: Agent16(57->56)
 00:01:48 | WARNING! Aborting ECBS - could not obtain an initial solution for the following agents: Agent16(57->56)
 00:01:49 | WARNING! Aborting ECBS - could not obtain an initial solution for the following agents: Agent26(27->26)
 00:01:49 | WARNING! Aborting ECBS - could not obtain an initial solution for the following agents: Agent26(27->26)
 00:01:49 | WARNING! Aborting ECBS - could not obtain an initial solution for the following agents: Agent26(27->26)
 00:01:49 | WARNING! Aborting ECBS - could not obtain an initial solution for the following agents: Agent26(27->26)
 00:01:49 | WARNING! Aborting ECBS - could not obtain an initial solution for the following agents: Agent26(27->26)
 00:01:50 | 00:04:35 | 0.02:17:02 |  28.55%  |  3184   |   3178   | 60%  |  71786   |   0    | 199.28MB  
 00:01:52 | WARNING! Aborting ECBS - could not obtain an initial solution for the following agents: Agent16(57->56)
 00:01:52 | WARNING! Aborting ECBS - could not obtain an initial solution for the following agents: Agent19(3->1)
 00:01:52 | WARNING! Aborting ECBS - could not obtain an initial solution for the following agents: Agent19(3->2)
 00:01:52 | WARNING! Aborting ECBS - could not obtain an initial solution for the following agents: Agent19(3->2)
 00:01:52 | WARNING! Aborting ECBS - could not obtain an initial solution for the following agents: Agent19(3->2)
 00:01:55 | 00:04:20 | 0.02:26:51 |  30.59%  |  3414   |   3407   | 60%  |  77028   |   0    | 198.92MB  
 00:01:55 | WARNING! Aborting ECBS - could not obtain an initial solution for the following agents: Agent29(57->56)
 00:01:55 | WARNING! Aborting ECBS - could not obtain an initial solution for the following agents: Agent29(57->56)
 00:01:56 | WARNING! Aborting ECBS - could not obtain an initial solution for the following agents: Agent11(25->24)
 00:01:56 | WARNING! Aborting ECBS - could not obtain an initial solution for the following agents: Agent11(25->24)
 00:02:00 | 00:04:07 | 0.02:36:47 |  32.67%  |  3646   |   3639   | 60%  |  82383   |   0    | 201.24MB  
 00:02:00 | WARNING! Aborting ECBS - could not obtain an initial solution for the following agents: Agent10(41->40)
 00:02:00 | WARNING! Aborting ECBS - could not obtain an initial solution for the following agents: Agent10(41->40)
 00:02:00 | WARNING! Aborting ECBS - could not obtain an initial solution for the following agents: Agent10(41->40)
 00:02:05 | 00:04:03 | 0.02:42:48 |  33.92%  |  3787   |   3781   | 60%  |  85778   |   0    | 199.12MB  
 00:02:06 | WARNING! Aborting ECBS - could not obtain an initial solution for the following agents: Agent28(40->39)
 00:02:06 | WARNING! Aborting ECBS - could not obtain an initial solution for the following agents: Agent28(40->39)
 00:02:06 | WARNING! Aborting ECBS - could not obtain an initial solution for the following agents: Agent0(27->18)
 00:02:06 | WARNING! Aborting ECBS - could not obtain an initial solution for the following agents: Agent0(27->18)
 00:02:07 | WARNING! Aborting ECBS - could not obtain an initial solution for the following agents: Agent0(27->26)
 00:02:10 | 00:03:54 | 0.02:51:06 |  35.65%  |  3980   |   3976   | 60%  |  90560   |   0    | 202.91MB  
 00:02:15 | 00:03:47 | 0.02:58:58 |  37.29%  |  4164   |   4160   | 60%  |  95053   |   0    | 201.23MB  
 00:02:16 | WARNING! Aborting ECBS - could not obtain an initial solution for the following agents: Agent2(25->24)
 00:02:18 | WARNING! Aborting ECBS - could not obtain an initial solution for the following agents: Agent19(9->8)
 00:02:18 | WARNING! Aborting ECBS - could not obtain an initial solution for the following agents: Agent19(9->8)
 00:02:19 | WARNING! Aborting ECBS - could not obtain an initial solution for the following agents: Agent29(57->56)
 00:02:20 | 00:03:39 | 0.03:06:40 |  38.89%  |  4344   |   4342   | 60%  |  99138   |   0    | 200.48MB  
 00:02:25 | 00:03:33 | 0.03:14:15 |  40.47%  |  4520   |   4518   | 60%  |  103259  |   0    | 203.41MB  
 00:02:27 | WARNING! Aborting ECBS - could not obtain an initial solution for the following agents: Agent29(58->50)
 00:02:27 | WARNING! Aborting ECBS - could not obtain an initial solution for the following agents: Agent29(58->50)
 00:02:27 | WARNING! Aborting ECBS - could not obtain an initial solution for the following agents: Agent29(58->50)
 00:02:27 | WARNING! Aborting ECBS - could not obtain an initial solution for the following agents: Agent29(58->50)
 00:02:27 | WARNING! Aborting ECBS - could not obtain an initial solution for the following agents: Agent29(58->51)
 00:02:28 | WARNING! Aborting ECBS - could not obtain an initial solution for the following agents: Agent29(58->51)
 00:02:30 | 00:03:31 | 0.03:19:17 |  41.52%  |  4635   |   4637   | 60%  |  105950  |   0    | 203.11MB  
 00:02:32 | WARNING! Aborting ECBS - could not obtain an initial solution for the following agents: Agent9(57->56)
 00:02:35 | 00:03:19 | 0.03:30:05 |  43.77%  |  4887   |   4889   | 60%  |  111555  |   0    | 202.80MB  
 00:02:36 | WARNING! Aborting ECBS - could not obtain an initial solution for the following agents: Agent19(9->8)
 00:02:38 | WARNING! Aborting ECBS - could not obtain an initial solution for the following agents: Agent5(56->55)
 00:02:40 | 00:03:11 | 0.03:38:35 |  45.54%  |  5084   |   5090   | 60%  |  116125  |   0    | 202.53MB  
 00:02:43 | WARNING! Aborting ECBS - could not obtain an initial solution for the following agents: Agent25(9->8)
 00:02:43 | WARNING! Aborting ECBS - could not obtain an initial solution for the following agents: Agent25(9->8)
 00:02:43 | WARNING! Aborting ECBS - could not obtain an initial solution for the following agents: Agent25(9->8)
 00:02:44 | WARNING! Aborting ECBS - could not obtain an initial solution for the following agents: Agent27(9->8)
 00:02:45 | 00:03:02 | 0.03:47:56 |  47.49%  |  5304   |   5308   | 60%  |  121173  |   0    | 203.68MB  
 00:02:50 | 00:02:56 | 0.03:55:49 |  49.13%  |  5486   |   5494   | 60%  |  125135  |   0    | 207.27MB  
 00:02:50 | WARNING! Aborting ECBS - could not obtain an initial solution for the following agents: Agent5(56->55)
 00:02:52 | WARNING! Aborting ECBS - could not obtain an initial solution for the following agents: Agent24(25->24)
 00:02:52 | WARNING! Aborting ECBS - could not obtain an initial solution for the following agents: Agent24(25->24)
 00:02:52 | WARNING! Aborting ECBS - could not obtain an initial solution for the following agents: Agent24(25->24)
 00:02:55 | 00:02:50 | 0.04:02:51 |  50.59%  |  5646   |   5657   | 60%  |  129094  |   0    | 210.78MB  
 00:02:55 | WARNING! Aborting ECBS - could not obtain an initial solution for the following agents: Agent10(40->39)
 00:02:55 | WARNING! Aborting ECBS - could not obtain an initial solution for the following agents: Agent10(40->39)
 00:02:55 | WARNING! Aborting ECBS - could not obtain an initial solution for the following agents: Agent10(40->39)
 00:03:00 | 00:02:42 | 0.04:12:09 |  52.53%  |  5864   |   5876   | 60%  |  133861  |   0    | 211.81MB  
 00:03:04 | WARNING! Aborting ECBS - could not obtain an initial solution for the following agents: Agent2(25->24)
 00:03:04 | WARNING! Aborting ECBS - could not obtain an initial solution for the following agents: Agent2(25->24)
 00:03:05 | 00:02:37 | 0.04:19:19 |  54.03%  |  6029   |   6042   | 60%  |  137947  |   0    | 213.29MB  
 00:03:05 | WARNING! Aborting ECBS - could not obtain an initial solution for the following agents: Agent10(35->33)
 00:03:05 | WARNING! Aborting ECBS - could not obtain an initial solution for the following agents: Agent10(35->34)
 00:03:07 | WARNING! Aborting ECBS - could not obtain an initial solution for the following agents: Agent27(9->8)
 00:03:09 | WARNING! Aborting ECBS - could not obtain an initial solution for the following agents: Agent2(24->23)
 00:03:10 | 00:02:30 | 0.04:27:31 |  55.74%  |  6222   |   6236   | 60%  |  142676  |   0    | 214.39MB  
 00:03:12 | WARNING! Aborting ECBS - could not obtain an initial solution for the following agents: Agent0(25->24)
 00:03:12 | WARNING! Aborting ECBS - could not obtain an initial solution for the following agents: Agent29(57->56)
 00:03:12 | WARNING! Aborting ECBS - could not obtain an initial solution for the following agents: Agent29(57->56)
 00:03:12 | WARNING! Aborting ECBS - could not obtain an initial solution for the following agents: Agent29(57->56)
 00:03:15 | 00:02:24 | 0.04:35:23 |  57.37%  |  6405   |   6419   | 60%  |  147096  |   0    | 214.65MB  
 00:03:18 | WARNING! Aborting ECBS - could not obtain an initial solution for the following agents: Agent8(43->34)
 00:03:18 | WARNING! Aborting ECBS - could not obtain an initial solution for the following agents: Agent8(43->42)
 00:03:18 | WARNING! Aborting ECBS - could not obtain an initial solution for the following agents: Agent8(43->42)
 00:03:18 | WARNING! Aborting ECBS - could not obtain an initial solution for the following agents: Agent8(43->42)
 00:03:18 | WARNING! Aborting ECBS - could not obtain an initial solution for the following agents: Agent29(51->49)
 00:03:18 | WARNING! Aborting ECBS - could not obtain an initial solution for the following agents: Agent29(51->50)
 00:03:18 | WARNING! Aborting ECBS - could not obtain an initial solution for the following agents: Agent29(51->50)
 00:03:18 | WARNING! Aborting ECBS - could not obtain an initial solution for the following agents: Agent29(51->50)
 00:03:20 | 00:02:18 | 0.04:43:35 |  59.08%  |  6595   |   6612   | 60%  |  151260  |   0    | 216.18MB  
 00:03:20 | WARNING! Aborting ECBS - could not obtain an initial solution for the following agents: Agent30(41->40)
 00:03:20 | WARNING! Aborting ECBS - could not obtain an initial solution for the following agents: Agent30(41->40)
 00:03:20 | WARNING! Aborting ECBS - could not obtain an initial solution for the following agents: Agent26(25->24)
 00:03:20 | WARNING! Aborting ECBS - could not obtain an initial solution for the following agents: Agent26(25->24)
 00:03:21 | WARNING! Aborting ECBS - could not obtain an initial solution for the following agents: Agent29(57->56)
 00:03:25 | 00:02:13 | 0.04:50:22 |  60.49%  |  6750   |   6771   | 60%  |  155466  |   0    | 214.73MB  
 00:03:30 | 00:02:08 | 0.04:57:32 |  61.99%  |  6914   |   6939   | 60%  |  159154  |   0    | 219.00MB  
 00:03:32 | WARNING! Aborting ECBS - could not obtain an initial solution for the following agents: Agent16(56->55)
 00:03:32 | WARNING! Aborting ECBS - could not obtain an initial solution for the following agents: Agent16(56->55)
 00:03:35 | 00:02:01 | 0.05:06:29 |  63.85%  |  7121   |   7148   | 60%  |  163954  |   0    | 214.51MB  
 00:03:35 | WARNING! Aborting ECBS - could not obtain an initial solution for the following agents: Agent8(41->40)
 00:03:35 | WARNING! Aborting ECBS - could not obtain an initial solution for the following agents: Agent8(41->40)
 00:03:36 | WARNING! Aborting ECBS - could not obtain an initial solution for the following agents: Agent8(41->40)
 00:03:36 | WARNING! Aborting ECBS - could not obtain an initial solution for the following agents: Agent4(2->1)
 00:03:36 | WARNING! Aborting ECBS - could not obtain an initial solution for the following agents: Agent4(2->1)
 00:03:36 | WARNING! Aborting ECBS - could not obtain an initial solution for the following agents: Agent4(2->1)
 00:03:39 | WARNING! Aborting ECBS - could not obtain an initial solution for the following agents: Agent9(57->56)
 00:03:39 | WARNING! Aborting ECBS - could not obtain an initial solution for the following agents: Agent9(57->55)
 00:03:39 | WARNING! Aborting ECBS - could not obtain an initial solution for the following agents: Agent9(57->55)
 00:03:39 | WARNING! Aborting ECBS - could not obtain an initial solution for the following agents: Agent9(57->55)
 00:03:40 | 00:01:53 | 0.05:16:31 |  65.94%  |  7354   |   7383   | 60%  |  169011  |   0    | 214.82MB  
 00:03:44 | WARNING! Aborting ECBS - could not obtain an initial solution for the following agents: Agent1(9->8)
 00:03:44 | WARNING! Aborting ECBS - could not obtain an initial solution for the following agents: Agent1(9->8)
 00:03:45 | 00:01:48 | 0.05:24:19 |  67.57%  |  7539   |   7567   | 60%  |  173777  |   0    | 214.04MB  
 00:03:45 | WARNING! Aborting ECBS - could not obtain an initial solution for the following agents: Agent16(51->49)
 00:03:45 | WARNING! Aborting ECBS - could not obtain an initial solution for the following agents: Agent16(51->49)
 00:03:45 | WARNING! Aborting ECBS - could not obtain an initial solution for the following agents: Agent16(51->49)
 00:03:45 | WARNING! Aborting ECBS - could not obtain an initial solution for the following agents: Agent16(51->50)
 00:03:45 | WARNING! Aborting ECBS - could not obtain an initial solution for the following agents: Agent16(51->50)
 00:03:45 | WARNING! Aborting ECBS - could not obtain an initial solution for the following agents: Agent16(51->50)
 00:03:50 | 00:01:41 | 0.05:33:22 |  69.45%  |  7750   |   7777   | 60%  |  178635  |   0    | 213.98MB  
 00:03:52 | WARNING! Aborting ECBS - could not obtain an initial solution for the following agents: Agent26(25->24)
 00:03:55 | 00:01:34 | 0.05:42:38 |  71.39%  |  7965   |   7996   | 60%  |  183338  |   0    | 215.16MB  
 00:03:57 | WARNING! Aborting ECBS - could not obtain an initial solution for the following agents: Agent21(41->40)
 00:03:57 | WARNING! Aborting ECBS - could not obtain an initial solution for the following agents: Agent21(41->40)
 00:03:57 | WARNING! Aborting ECBS - could not obtain an initial solution for the following agents: Agent21(41->40)
 00:04:00 | 00:01:28 | 0.05:50:55 |  73.11%  |  8159   |   8191   | 60%  |  187949  |   0    | 214.61MB  
 00:04:00 | WARNING! Aborting ECBS - could not obtain an initial solution for the following agents: Agent11(19->18)
 00:04:00 | WARNING! Aborting ECBS - could not obtain an initial solution for the following agents: Agent10(35->34)
 00:04:00 | WARNING! Aborting ECBS - could not obtain an initial solution for the following agents: Agent10(35->34)
 00:04:00 | WARNING! Aborting ECBS - could not obtain an initial solution for the following agents: Agent10(35->34)
 00:04:00 | WARNING! Aborting ECBS - could not obtain an initial solution for the following agents: Agent29(56->55)
 00:04:01 | WARNING! Aborting ECBS - could not obtain an initial solution for the following agents: Agent5(56->55)
 00:04:01 | WARNING! Aborting ECBS - could not obtain an initial solution for the following agents: Agent5(56->55)
 00:04:01 | WARNING! Aborting ECBS - could not obtain an initial solution for the following agents: Agent5(56->55)
 00:04:03 | WARNING! Aborting ECBS - could not obtain an initial solution for the following agents: Agent25(9->8)
 00:04:05 | 00:01:20 | 0.06:01:46 |  75.37%  |  8413   |   8445   | 60%  |  193549  |   0    | 215.12MB  
 00:04:06 | WARNING! Aborting ECBS - could not obtain an initial solution for the following agents: Agent11(25->24)
 00:04:06 | WARNING! Aborting ECBS - could not obtain an initial solution for the following agents: Agent11(25->24)
 00:04:10 | 00:01:14 | 0.06:09:16 |  76.93%  |  8586   |   8620   | 60%  |  197691  |   0    | 214.68MB  
 00:04:12 | WARNING! Aborting ECBS - could not obtain an initial solution for the following agents: Agent30(43->42)
 00:04:12 | WARNING! Aborting ECBS - could not obtain an initial solution for the following agents: Agent30(43->42)
 00:04:12 | WARNING! Aborting ECBS - could not obtain an initial solution for the following agents: Agent30(43->42)
 00:04:13 | WARNING! Aborting ECBS - could not obtain an initial solution for the following agents: Agent11(25->24)
 00:04:15 | 00:01:10 | 0.06:15:31 |  78.23%  |  8732   |   8767   | 60%  |  200965  |   0    | 218.21MB  
 00:04:17 | WARNING! Aborting ECBS - could not obtain an initial solution for the following agents: Agent10(41->40)
 00:04:19 | WARNING! Aborting ECBS - could not obtain an initial solution for the following agents: Agent2(25->24)
 00:04:20 | 00:01:04 | 0.06:25:07 |  80.23%  |  8955   |   8992   | 60%  |  205960  |   0    | 220.43MB  
 00:04:21 | WARNING! Aborting ECBS - could not obtain an initial solution for the following agents: Agent16(56->55)
 00:04:21 | WARNING! Aborting ECBS - could not obtain an initial solution for the following agents: Agent16(56->55)
 00:04:23 | WARNING! Aborting ECBS - could not obtain an initial solution for the following agents: Agent10(41->40)
 00:04:25 | 00:00:58 | 0.06:32:57 |  81.87%  |  9136   |   9176   | 60%  |  210486  |   0    | 229.53MB  
 00:04:25 | WARNING! Aborting ECBS - could not obtain an initial solution for the following agents: Agent26(19->18)
 00:04:28 | WARNING! Aborting ECBS - could not obtain an initial solution for the following agents: Agent28(40->39)
 00:04:29 | WARNING! Aborting ECBS - could not obtain an initial solution for the following agents: Agent9(57->56)
 00:04:29 | WARNING! Aborting ECBS - could not obtain an initial solution for the following agents: Agent7(57->56)
 00:04:29 | WARNING! Aborting ECBS - could not obtain an initial solution for the following agents: Agent7(57->56)
 00:04:30 | 00:00:53 | 0.06:40:48 |  83.50%  |  9321   |   9359   | 60%  |  214661  |   0    | 230.02MB  
 00:04:30 | WARNING! Aborting ECBS - could not obtain an initial solution for the following agents: Agent27(9->8)
 00:04:30 | WARNING! Aborting ECBS - could not obtain an initial solution for the following agents: Agent27(9->8)
 00:04:30 | WARNING! Aborting ECBS - could not obtain an initial solution for the following agents: Agent27(9->8)
 00:04:35 | 00:00:47 | 0.06:49:36 |  85.33%  |  9527   |   9565   | 60%  |  219422  |   0    | 228.86MB  
 00:04:36 | WARNING! Aborting ECBS - could not obtain an initial solution for the following agents: Agent26(25->24)
 00:04:36 | WARNING! Aborting ECBS - could not obtain an initial solution for the following agents: Agent26(25->24)
 00:04:36 | WARNING! Aborting ECBS - could not obtain an initial solution for the following agents: Agent26(25->24)
 00:04:40 | 00:00:42 | 0.06:57:20 |  86.94%  |  9705   |   9747   | 60%  |  223619  |   0    | 228.53MB  
 00:04:45 | 00:00:36 | 0.07:04:56 |  88.53%  |  9880   |   9925   | 60%  |  227664  |   0    | 230.76MB  
 00:04:45 | WARNING! Aborting ECBS - could not obtain an initial solution for the following agents: Agent11(26->25)
 00:04:50 | 00:00:35 | 0.07:07:56 |  89.16%  |  9950   |   9996   | 60%  |  229084  |   0    | 229.36MB  
 00:04:54 | WARNING! Aborting ECBS - could not obtain an initial solution for the following agents: Agent11(27->26)
 00:04:54 | WARNING! Aborting ECBS - could not obtain an initial solution for the following agents: Agent11(27->26)
 00:04:54 | WARNING! Aborting ECBS - could not obtain an initial solution for the following agents: Agent11(27->26)
 00:04:54 | WARNING! Aborting ECBS - could not obtain an initial solution for the following agents: Agent11(27->26)
 00:04:55 | 00:00:34 | 0.07:10:15 |  89.64%  |  10001  |  10049   | 60%  |  230495  |   0    | 229.57MB  
 00:04:55 | WARNING! Aborting ECBS - could not obtain an initial solution for the following agents: Agent19(9->8)
 00:04:55 | WARNING! Aborting ECBS - could not obtain an initial solution for the following agents: Agent19(9->8)
 00:04:55 | WARNING! Aborting ECBS - could not obtain an initial solution for the following agents: Agent19(9->8)
 00:05:00 | 00:00:28 | 0.07:18:59 |  91.46%  |  10203  |  10254   | 60%  |  235300  |   0    | 228.27MB  
 00:05:00 | WARNING! Aborting ECBS - could not obtain an initial solution for the following agents: Agent2(26->24)
 00:05:00 | WARNING! Aborting ECBS - could not obtain an initial solution for the following agents: Agent2(26->24)
 00:05:02 | WARNING! Aborting ECBS - could not obtain an initial solution for the following agents: Agent9(57->56)
 00:05:04 | WARNING! Aborting ECBS - could not obtain an initial solution for the following agents: Agent10(40->39)
 00:05:04 | WARNING! Aborting ECBS - could not obtain an initial solution for the following agents: Agent10(40->38)
 00:05:04 | WARNING! Aborting ECBS - could not obtain an initial solution for the following agents: Agent10(40->39)
 00:05:05 | 00:00:21 | 0.07:28:09 |  93.36%  |  10415  |  10469   | 60%  |  240122  |   0    | 230.43MB  
 00:05:10 | 00:00:16 | 0.07:36:24 |  95.08%  |  10603  |  10661   | 60%  |  244591  |   0    | 229.32MB  
 00:05:11 | WARNING! Aborting ECBS - could not obtain an initial solution for the following agents: Agent7(58->57)
 00:05:11 | WARNING! Aborting ECBS - could not obtain an initial solution for the following agents: Agent7(58->57)
 00:05:14 | WARNING! Aborting ECBS - could not obtain an initial solution for the following agents: Agent24(25->24)
 00:05:15 | 00:00:09 | 0.07:45:50 |  97.05%  |  10825  |  10883   | 60%  |  249597  |   0    | 228.29MB  
 00:05:15 | WARNING! Aborting ECBS - could not obtain an initial solution for the following agents: Agent14(3->1)
 00:05:15 | WARNING! Aborting ECBS - could not obtain an initial solution for the following agents: Agent14(3->1)
 00:05:16 | WARNING! Aborting ECBS - could not obtain an initial solution for the following agents: Agent29(57->56)
 00:05:16 | WARNING! Aborting ECBS - could not obtain an initial solution for the following agents: Agent10(40->39)
 00:05:16 | WARNING! Aborting ECBS - could not obtain an initial solution for the following agents: Agent4(9->8)
 00:05:16 | WARNING! Aborting ECBS - could not obtain an initial solution for the following agents: Agent4(9->8)
 00:05:20 | 00:00:05 | 0.07:52:01 |  98.34%  |  10966  |  11027   | 60%  |  253252  |   0    | 228.80MB  
 00:05:21 | WARNING! Aborting ECBS - could not obtain an initial solution for the following agents: Agent5(57->56)
 00:05:21 | WARNING! Aborting ECBS - could not obtain an initial solution for the following agents: Agent11(25->24)
 00:05:21 | WARNING! Aborting ECBS - could not obtain an initial solution for the following agents: Agent25(9->8)
 00:05:24 | 00:00:00 | 0.08:00:00 | 100.00%  |  11145  |  11214   | 60%  |  257458  |   0    | 229.93MB  
 00:05:24 | >>> Simulation finished - writing results ...
 00:05:25 | >>> Results written
Simulation finished.
>>> Timings
StatTimingPathPlanningAverage: 0.016850924910623098
StatTimingPathPlanningOverall: 263.9528878000002
StatTimingPathPlanningCount: 15664
StatTimingTaskAllocationAverage: 0.0014391194693643822
StatTimingTaskAllocationOverall: 22.618640699999997
StatTimingTaskAllocationCount: 15717
StatTimingItemStorageAverage: 3.735794945330839E-06
StatTimingItemStorageOverall: 0.0416840000000015
StatTimingItemStorageCount: 11158
StatTimingPodStorageAverage: 0.0019331809849967338
StatTimingPodStorageOverall: 5.927132899999986
StatTimingPodStorageCount: 3066
StatTimingReplenishmentBatchingAverage: 7.936144270122773E-06
StatTimingReplenishmentBatchingOverall: 0.09307509999999988
StatTimingReplenishmentBatchingCount: 11728
StatTimingOrderBatchingAverage: 0.00011093738541121077
StatTimingOrderBatchingOverall: 3.388471500000022
StatTimingOrderBatchingCount: 30544
>>> Overall
StatOverallBundlesPlaced: 15163
StatOverallItemsOrdered: 11189
StatOverallOrdersPlaced: 11189
StatOverallBundlesRejected: 0
StatOverallOrdersRejected: 0
StatOverallBundlesHandled: 11214
StatOverallItemsHandled: 11149
StatOverallLinesHandled: 11149
StatOverallOrdersHandled: 11145
StatOverallCollisions: 0
StatOverallDistanceTraveled: 257458.12104824948
StatOverallDistanceEstimated: 237908
StatOverallAssignedTasks: 15717
StatMaxMemoryUsed: 230.875
StatRealTimeUsed: 324.8748982
StatAverageTurnoverTime: 368.02528735617625
StatMedianTurnoverTime: 215.86704183227266
StatLowerQuartileTurnoverTime: 123.4386051233646
StatUpperQuartileTurnoverTime: 489.80571331793135
StatAverageThroughputTime: 114.17362178100691
StatMedianThroughputTime: 120.91000799635367
StatLowerQuartileThroughputTime: 81.3981377541304
StatUpperQuartileThroughputTime: 141.81870849897314
>>> Energy (Rizqi model)
StatEnergyTotalKJ: 19117.553478632057
StatEnergyE1AccelKJ: 5558.614738499978
StatEnergyE2DecelKJ: 0
StatEnergyE3CruiseKJ: 9441.723760000004
StatEnergyE4RotationKJ: 3292.4107267986433
StatEnergyE5LiftLowerKJ: 824.8042533333338
StatEnergyPerOrderKJ: 1.7153480016717861
StatEnergyPerMeterJoule: 74.24725121320486
StatDistanceTraveledRizqiM: 257485
>>> Motion Behavior
StatTurningCount: 32533
StatStopAndGoCount: 44747
StatLoadedDistanceM: 174206
StatLoadedTurningCount: 23922
StatWaitTimeSec: 375356.39602873346

Marked tag finished after 1 tries!
.Fin. - SUCCESS
