<<< Welcome to the RAWSimO CLI >>>
The time is: 04/14/2026 14:25:41
Starting RAWSimO wrapper with the following arguments:
Instance: Material/Instances/PP/1-4-4-32-550.xinst
Setting: Material/Instances/PP/PPMinimal.xsett
ControlConfig: Material/Instances/PP/aesop-cbs.xconf
StatisticsDir: C:\Users\Aesop\Desktop\rawsim-o-rmfs-world-models\output_pref\seed_18
Seed: 18
Adding handler for unhandled exceptions ...
Initializing ... 
Instance recognized!
Parsing setting config ...
Parsing control config ...
Parsing instance ...
StatisticsFolder: 1-4-4-32-550-PPMinimal-aesop-cbs-18
Done!
Executing ... 
 14:25:43 | >>> Warming up ...
 00:00:00 | >>> Warmup finished - starting simulation ...
 Realtime |   ETA    |  Sim.Time  | Progress | #Orders | #Bundles | Inv. | Distance | #Coll. |   Memory    
 00:00:00 |   n/a    | 0.00:00:00 |  0.00%   |    0    |    0     | 60%  |    0     |   0    | 123.25MB  
 00:00:05 | 07:12:57 | 0.00:00:05 |  0.02%   |    0    |    0     | 60%  |    91    |   0    | 132.46MB  
 00:00:10 | 02:15:21 | 0.00:00:35 |  0.12%   |    0    |    0     | 60%  |   821    |   0    | 142.90MB  
 00:00:15 | 02:56:36 | 0.00:00:40 |  0.14%   |    0    |    0     | 60%  |   924    |   0    | 150.57MB  
 00:00:20 | 03:13:04 | 0.00:00:49 |  0.17%   |    2    |    0     | 60%  |   1123   |   0    | 156.14MB  
 00:00:25 | 03:38:30 | 0.00:00:54 |  0.19%   |    2    |    0     | 60%  |   1223   |   0    | 160.74MB  
 00:00:30 | 03:59:46 | 0.00:00:59 |  0.21%   |    4    |    0     | 60%  |   1325   |   0    | 166.04MB  
 00:00:32 | WARNING! Aborting CBS - could not obtain an initial solution for the following agents: Agent8(41->32)
 00:00:32 | WARNING! Aborting CBS - could not obtain an initial solution for the following agents: Agent8(41->32)
 00:00:32 | WARNING! Aborting CBS - could not obtain an initial solution for the following agents: Agent8(41->34)
 00:00:34 | WARNING! Aborting CBS - could not obtain an initial solution for the following agents: Agent17(73->72)
 00:00:35 | 01:05:51 | 0.00:04:12 |  0.88%   |   78    |    69    | 60%  |   2650   |   0    | 170.66MB  
 00:00:40 | 00:25:55 | 0.00:12:02 |  2.51%   |   262   |   253    | 60%  |   6021   |   0    | 168.65MB  
 00:00:45 | 00:17:20 | 0.00:19:54 |  4.15%   |   447   |   437    | 60%  |   9908   |   0    | 169.32MB  
 00:00:50 | 00:13:42 | 0.00:27:30 |  5.73%   |   625   |   615    | 60%  |  13288   |   0    | 170.82MB  
 00:00:50 | WARNING! Aborting CBS - could not obtain an initial solution for the following agents: Agent9(57->56)
 00:00:50 | WARNING! Aborting CBS - could not obtain an initial solution for the following agents: Agent9(57->56)
 00:00:50 | WARNING! Aborting CBS - could not obtain an initial solution for the following agents: Agent9(57->56)
 00:00:55 | 00:11:17 | 0.00:36:01 |  7.51%   |   824   |   816    | 60%  |  17509   |   0    | 168.73MB  
 00:00:55 | WARNING! Aborting CBS - could not obtain an initial solution for the following agents: Agent1(8->1)
 00:00:55 | WARNING! Aborting CBS - could not obtain an initial solution for the following agents: Agent1(8->1)
 00:00:55 | WARNING! Aborting CBS - could not obtain an initial solution for the following agents: Agent1(8->1)
 00:00:57 | WARNING! Aborting CBS - could not obtain an initial solution for the following agents: Agent28(40->39)
 00:01:00 | 00:09:45 | 0.00:44:36 |  9.29%   |  1025   |   1016   | 60%  |  21975   |   0    | 167.48MB  
 00:01:05 | 00:08:28 | 0.00:54:26 |  11.34%  |  1256   |   1246   | 60%  |  27273   |   0    | 167.82MB  
 00:01:06 | WARNING! Aborting CBS - could not obtain an initial solution for the following agents: Agent9(57->56)
 00:01:06 | WARNING! Aborting CBS - could not obtain an initial solution for the following agents: Agent10(40->39)
 00:01:10 | 00:07:40 | 0.01:03:17 |  13.19%  |  1460   |   1452   | 60%  |  31990   |   0    | 169.79MB  
 00:01:10 | WARNING! Aborting CBS - could not obtain an initial solution for the following agents: Agent24(26->25)
 00:01:10 | WARNING! Aborting CBS - could not obtain an initial solution for the following agents: Agent24(26->25)
 00:01:10 | WARNING! Aborting CBS - could not obtain an initial solution for the following agents: Agent24(26->25)
 00:01:10 | WARNING! Aborting CBS - could not obtain an initial solution for the following agents: Agent24(26->25)
 00:01:10 | WARNING! Aborting CBS - could not obtain an initial solution for the following agents: Agent0(25->24)
 00:01:15 | 00:07:07 | 0.01:11:41 |  14.94%  |  1658   |   1650   | 60%  |  36495   |   0    | 168.81MB  
 00:01:15 | WARNING! Aborting CBS - could not obtain an initial solution for the following agents: Agent27(9->8)
 00:01:15 | WARNING! Aborting CBS - could not obtain an initial solution for the following agents: Agent27(9->8)
 00:01:15 | WARNING! Aborting CBS - could not obtain an initial solution for the following agents: Agent30(41->40)
 00:01:17 | WARNING! Aborting CBS - could not obtain an initial solution for the following agents: Agent5(57->56)
 00:01:18 | WARNING! Aborting CBS - could not obtain an initial solution for the following agents: Agent0(25->24)
 00:01:18 | WARNING! Aborting CBS - could not obtain an initial solution for the following agents: Agent0(25->24)
 00:01:20 | 00:06:23 | 0.01:22:47 |  17.25%  |  1917   |   1909   | 60%  |  42461   |   0    | 168.59MB  
 00:01:21 | WARNING! Aborting CBS - could not obtain an initial solution for the following agents: Agent10(40->39)
 00:01:21 | WARNING! Aborting CBS - could not obtain an initial solution for the following agents: Agent10(40->39)
 00:01:25 | 00:05:49 | 0.01:33:54 |  19.56%  |  2176   |   2169   | 60%  |  48119   |   0    | 167.84MB  
 00:01:25 | WARNING! Aborting CBS - could not obtain an initial solution for the following agents: Agent9(56->55)
 00:01:25 | WARNING! Aborting CBS - could not obtain an initial solution for the following agents: Agent4(9->8)
 00:01:25 | WARNING! Aborting CBS - could not obtain an initial solution for the following agents: Agent4(9->8)
 00:01:25 | WARNING! Aborting CBS - could not obtain an initial solution for the following agents: Agent27(8->1)
 00:01:26 | WARNING! Aborting CBS - could not obtain an initial solution for the following agents: Agent16(57->56)
 00:01:27 | WARNING! Aborting CBS - could not obtain an initial solution for the following agents: Agent9(57->56)
 00:01:29 | WARNING! Aborting CBS - could not obtain an initial solution for the following agents: Agent25(9->8),Agent28(41->40)
 00:01:29 | WARNING! Aborting CBS - could not obtain an initial solution for the following agents: Agent25(9->8)
 00:01:29 | WARNING! Aborting CBS - could not obtain an initial solution for the following agents: Agent9(57->56)
 00:01:30 | 00:05:25 | 0.01:43:59 |  21.67%  |  2409   |   2405   | 60%  |  53770   |   0    | 170.32MB  
 00:01:30 | WARNING! Aborting CBS - could not obtain an initial solution for the following agents: Agent1(3->2)
 00:01:33 | WARNING! Aborting CBS - could not obtain an initial solution for the following agents: Agent14(9->1)
 00:01:33 | WARNING! Aborting CBS - could not obtain an initial solution for the following agents: Agent14(9->2)
 00:01:33 | WARNING! Aborting CBS - could not obtain an initial solution for the following agents: Agent14(9->2)
 00:01:33 | WARNING! Aborting CBS - could not obtain an initial solution for the following agents: Agent14(9->3)
 00:01:35 | 00:05:01 | 0.01:54:52 |  23.93%  |  2666   |   2661   | 60%  |  59591   |   0    | 169.21MB  
 00:01:38 | WARNING! Aborting CBS - could not obtain an initial solution for the following agents: Agent28(41->40)
 00:01:38 | WARNING! Aborting CBS - could not obtain an initial solution for the following agents: Agent28(41->40)
 00:01:38 | WARNING! Aborting CBS - could not obtain an initial solution for the following agents: Agent28(41->40)
 00:01:38 | WARNING! Aborting CBS - could not obtain an initial solution for the following agents: Agent21(41->40)
 00:01:38 | WARNING! Aborting CBS - could not obtain an initial solution for the following agents: Agent21(41->40)
 00:01:38 | WARNING! Aborting CBS - could not obtain an initial solution for the following agents: Agent21(41->40)
 00:01:40 | 00:04:37 | 0.02:07:12 |  26.50%  |  2953   |   2950   | 60%  |  65731   |   0    | 169.21MB  
 00:01:40 | WARNING! Aborting CBS - could not obtain an initial solution for the following agents: Agent10(41->40)
 00:01:40 | WARNING! Aborting CBS - could not obtain an initial solution for the following agents: Agent10(41->40)
 00:01:41 | WARNING! Aborting CBS - could not obtain an initial solution for the following agents: Agent25(8->2)
 00:01:42 | WARNING! Aborting CBS - could not obtain an initial solution for the following agents: Agent24(26->25)
 00:01:42 | WARNING! Aborting CBS - could not obtain an initial solution for the following agents: Agent24(26->25)
 00:01:43 | WARNING! Aborting CBS - could not obtain an initial solution for the following agents: Agent25(9->8)
 00:01:44 | WARNING! Aborting CBS - could not obtain an initial solution for the following agents: Agent30(41->40)
 00:01:45 | 00:04:24 | 0.02:16:23 |  28.41%  |  3167   |   3165   | 60%  |  70941   |   0    | 169.09MB  
 00:01:50 | 00:04:07 | 0.02:27:38 |  30.76%  |  3430   |   3429   | 60%  |  76914   |   0    | 169.01MB  
 00:01:51 | WARNING! Aborting CBS - could not obtain an initial solution for the following agents: Agent29(57->56)
 00:01:52 | WARNING! Aborting CBS - could not obtain an initial solution for the following agents: Agent19(9->8)
 00:01:52 | WARNING! Aborting CBS - could not obtain an initial solution for the following agents: Agent19(9->8)
 00:01:53 | WARNING! Aborting CBS - could not obtain an initial solution for the following agents: Agent29(57->56)
 00:01:53 | WARNING! Aborting CBS - could not obtain an initial solution for the following agents: Agent29(57->56)
 00:01:53 | WARNING! Aborting CBS - could not obtain an initial solution for the following agents: Agent29(57->56)
 00:01:55 | 00:03:54 | 0.02:37:59 |  32.92%  |  3672   |   3671   | 60%  |  82680   |   0    | 171.93MB  
 00:01:56 | WARNING! Aborting CBS - could not obtain an initial solution for the following agents: Agent11(25->24)
 00:01:57 | WARNING! Aborting CBS - could not obtain an initial solution for the following agents: Agent2(25->24)
 00:01:58 | WARNING! Aborting CBS - could not obtain an initial solution for the following agents: Agent28(41->40)
 00:01:58 | WARNING! Aborting CBS - could not obtain an initial solution for the following agents: Agent28(41->40)
 00:01:58 | WARNING! Aborting CBS - could not obtain an initial solution for the following agents: Agent28(41->40)
 00:02:00 | 00:03:40 | 0.02:49:05 |  35.23%  |  3934   |   3932   | 60%  |  88700   |   0    | 170.20MB  
 00:02:02 | WARNING! Aborting CBS - could not obtain an initial solution for the following agents: Agent21(41->40)
 00:02:05 | 00:03:29 | 0.02:59:29 |  37.39%  |  4175   |   4175   | 60%  |  94186   |   0    | 171.72MB  
 00:02:07 | WARNING! Aborting CBS - could not obtain an initial solution for the following agents: Agent8(41->40)
 00:02:10 | 00:03:17 | 0.03:10:23 |  39.67%  |  4433   |   4431   | 60%  |  99898   |   0    | 170.66MB  
 00:02:10 | WARNING! Aborting CBS - could not obtain an initial solution for the following agents: Agent30(40->39)
 00:02:15 | 00:03:09 | 0.03:19:54 |  41.65%  |  4652   |   4655   | 60%  |  105374  |   0    | 170.91MB  
 00:02:16 | WARNING! Aborting CBS - could not obtain an initial solution for the following agents: Agent25(9->8)
 00:02:16 | WARNING! Aborting CBS - could not obtain an initial solution for the following agents: Agent25(9->8)
 00:02:20 | 00:02:58 | 0.03:31:17 |  44.02%  |  4916   |   4922   | 60%  |  111766  |   0    | 171.50MB  
 00:02:21 | WARNING! Aborting CBS - could not obtain an initial solution for the following agents: Agent4(9->8)
 00:02:21 | WARNING! Aborting CBS - could not obtain an initial solution for the following agents: Agent4(9->8)
 00:02:21 | WARNING! Aborting CBS - could not obtain an initial solution for the following agents: Agent30(42->41)
 00:02:22 | WARNING! Aborting CBS - could not obtain an initial solution for the following agents: Agent10(41->40)
 00:02:23 | WARNING! Aborting CBS - could not obtain an initial solution for the following agents: Agent26(26->25)
 00:02:23 | WARNING! Aborting CBS - could not obtain an initial solution for the following agents: Agent26(26->25)
 00:02:24 | WARNING! Aborting CBS - could not obtain an initial solution for the following agents: Agent26(26->25)
 00:02:25 | 00:02:49 | 0.03:41:11 |  46.08%  |  5142   |   5154   | 60%  |  117424  |   0    | 170.98MB  
 00:02:27 | WARNING! Aborting CBS - could not obtain an initial solution for the following agents: Agent4(10->9)
 00:02:27 | WARNING! Aborting CBS - could not obtain an initial solution for the following agents: Agent4(10->9)
 00:02:28 | WARNING! Aborting CBS - could not obtain an initial solution for the following agents: Agent27(3->1)
 00:02:28 | WARNING! Aborting CBS - could not obtain an initial solution for the following agents: Agent27(3->2)
 00:02:30 | 00:02:38 | 0.03:53:03 |  48.55%  |  5420   |   5432   | 60%  |  123660  |   0    | 171.34MB  
 00:02:32 | WARNING! Aborting CBS - could not obtain an initial solution for the following agents: Agent25(9->8)
 00:02:34 | WARNING! Aborting CBS - could not obtain an initial solution for the following agents: Agent0(25->17)
 00:02:34 | WARNING! Aborting CBS - could not obtain an initial solution for the following agents: Agent0(25->18)
 00:02:35 | 00:02:30 | 0.04:03:31 |  50.74%  |  5664   |   5678   | 60%  |  129307  |   0    | 172.35MB  
 00:02:35 | WARNING! Aborting CBS - could not obtain an initial solution for the following agents: Agent5(57->56)
 00:02:35 | WARNING! Aborting CBS - could not obtain an initial solution for the following agents: Agent24(25->24)
 00:02:35 | WARNING! Aborting CBS - could not obtain an initial solution for the following agents: Agent24(25->24)
 00:02:37 | WARNING! Aborting CBS - could not obtain an initial solution for the following agents: Agent10(40->39)
 00:02:40 | 00:02:23 | 0.04:13:12 |  52.75%  |  5889   |   5905   | 60%  |  134794  |   0    | 170.86MB  
 00:02:42 | WARNING! Aborting CBS - could not obtain an initial solution for the following agents: Agent2(27->26)
 00:02:42 | WARNING! Aborting CBS - could not obtain an initial solution for the following agents: Agent2(27->26)
 00:02:42 | WARNING! Aborting CBS - could not obtain an initial solution for the following agents: Agent2(27->26)
 00:02:42 | WARNING! Aborting CBS - could not obtain an initial solution for the following agents: Agent2(27->26)
 00:02:44 | WARNING! Aborting CBS - could not obtain an initial solution for the following agents: Agent10(41->40)
 00:02:45 | 00:02:18 | 0.04:21:14 |  54.43%  |  6076   |   6094   | 60%  |  139176  |   0    | 170.93MB  
 00:02:48 | WARNING! Aborting CBS - could not obtain an initial solution for the following agents: Agent8(41->40)
 00:02:48 | WARNING! Aborting CBS - could not obtain an initial solution for the following agents: Agent8(41->40)
 00:02:50 | 00:02:12 | 0.04:29:38 |  56.17%  |  6268   |   6290   | 60%  |  143637  |   0    | 170.89MB  
 00:02:55 | 00:02:05 | 0.04:39:16 |  58.18%  |  6495   |   6517   | 60%  |  148776  |   0    | 171.38MB  
 00:02:56 | WARNING! Aborting CBS - could not obtain an initial solution for the following agents: Agent16(57->56)
 00:02:56 | WARNING! Aborting CBS - could not obtain an initial solution for the following agents: Agent16(57->56)
 00:02:56 | WARNING! Aborting CBS - could not obtain an initial solution for the following agents: Agent16(57->56)
 00:03:00 | 00:01:57 | 0.04:49:59 |  60.42%  |  6745   |   6769   | 60%  |  154793  |   0    | 171.40MB  
 00:03:01 | WARNING! Aborting CBS - could not obtain an initial solution for the following agents: Agent5(56->55)
 00:03:01 | WARNING! Aborting CBS - could not obtain an initial solution for the following agents: Agent5(56->55)
 00:03:03 | WARNING! Aborting CBS - could not obtain an initial solution for the following agents: Agent1(8->1),Agent27(3->0)
 00:03:03 | WARNING! Aborting CBS - could not obtain an initial solution for the following agents: Agent1(8->1),Agent27(3->0)
 00:03:03 | WARNING! Aborting CBS - could not obtain an initial solution for the following agents: Agent1(8->2),Agent27(3->1)
 00:03:03 | WARNING! Aborting CBS - could not obtain an initial solution for the following agents: Agent1(8->3),Agent27(3->2)
 00:03:05 | 00:01:51 | 0.04:59:03 |  62.30%  |  6954   |   6980   | 60%  |  159820  |   0    | 171.05MB  
 00:03:08 | WARNING! Aborting CBS - could not obtain an initial solution for the following agents: Agent11(25->24)
 00:03:08 | WARNING! Aborting CBS - could not obtain an initial solution for the following agents: Agent11(25->24)
 00:03:10 | 00:01:48 | 0.05:05:32 |  63.65%  |  7106   |   7133   | 60%  |  163331  |   0    | 171.24MB  
 00:03:10 | WARNING! Aborting CBS - could not obtain an initial solution for the following agents: Agent10(41->40)
 00:03:12 | WARNING! Aborting CBS - could not obtain an initial solution for the following agents: Agent26(25->24)
 00:03:14 | WARNING! Aborting CBS - could not obtain an initial solution for the following agents: Agent29(57->56)
 00:03:14 | WARNING! Aborting CBS - could not obtain an initial solution for the following agents: Agent29(57->56)
 00:03:15 | 00:01:40 | 0.05:16:31 |  65.94%  |  7362   |   7389   | 60%  |  169321  |   0    | 171.30MB  
 00:03:18 | WARNING! Aborting CBS - could not obtain an initial solution for the following agents: Agent2(25->24)
 00:03:18 | WARNING! Aborting CBS - could not obtain an initial solution for the following agents: Agent2(25->24)
 00:03:19 | WARNING! Aborting CBS - could not obtain an initial solution for the following agents: Agent24(27->26)
 00:03:19 | WARNING! Aborting CBS - could not obtain an initial solution for the following agents: Agent24(27->26)
 00:03:19 | WARNING! Aborting CBS - could not obtain an initial solution for the following agents: Agent24(27->26)
 00:03:20 | 00:01:34 | 0.05:26:17 |  67.98%  |  7588   |   7617   | 60%  |  174783  |   0    | 170.82MB  
 00:03:22 | WARNING! Aborting CBS - could not obtain an initial solution for the following agents: Agent10(41->40)
 00:03:25 | 00:01:33 | 0.05:30:03 |  68.76%  |  7675   |   7707   | 60%  |  176700  |   0    | 173.55MB  
 00:03:30 | 00:01:29 | 0.05:37:00 |  70.21%  |  7838   |   7870   | 60%  |  180361  |   0    | 171.77MB  
 00:03:30 | WARNING! Aborting CBS - could not obtain an initial solution for the following agents: Agent25(3->2)
 00:03:31 | WARNING! Aborting CBS - could not obtain an initial solution for the following agents: Agent4(9->8)
 00:03:32 | WARNING! Aborting CBS - could not obtain an initial solution for the following agents: Agent25(8->7)
 00:03:32 | WARNING! Aborting CBS - could not obtain an initial solution for the following agents: Agent21(41->40)
 00:03:34 | WARNING! Aborting CBS - could not obtain an initial solution for the following agents: Agent2(25->24)
 00:03:35 | 00:01:20 | 0.05:48:49 |  72.67%  |  8110   |   8148   | 60%  |  186754  |   0    | 170.87MB  
 00:03:35 | WARNING! Aborting CBS - could not obtain an initial solution for the following agents: Agent29(58->50)
 00:03:40 | 00:01:15 | 0.05:57:30 |  74.48%  |  8304   |   8350   | 60%  |  191719  |   0    | 171.96MB  
 00:03:45 | 00:01:16 | 0.05:58:00 |  74.59%  |  8316   |   8362   | 60%  |  192105  |   0    | 174.72MB  
 00:03:46 | WARNING! Aborting CBS - could not obtain an initial solution for the following agents: Agent26(19->17)
 00:03:46 | WARNING! Aborting CBS - could not obtain an initial solution for the following agents: Agent26(19->18)
 00:03:46 | WARNING! Aborting CBS - could not obtain an initial solution for the following agents: Agent26(19->18)
 00:03:46 | WARNING! Aborting CBS - could not obtain an initial solution for the following agents: Agent26(19->18)
 00:03:48 | WARNING! Aborting CBS - could not obtain an initial solution for the following agents: Agent10(42->41)
 00:03:49 | WARNING! Aborting CBS - could not obtain an initial solution for the following agents: Agent10(42->41)
 00:03:49 | WARNING! Aborting CBS - could not obtain an initial solution for the following agents: Agent19(11->10)
 00:03:49 | WARNING! Aborting CBS - could not obtain an initial solution for the following agents: Agent19(11->10)
 00:03:49 | WARNING! Aborting CBS - could not obtain an initial solution for the following agents: Agent19(11->10)
 00:03:49 | WARNING! Aborting CBS - could not obtain an initial solution for the following agents: Agent19(11->10)
 00:03:49 | WARNING! Aborting CBS - could not obtain an initial solution for the following agents: Agent19(11->10)
 00:03:50 | 00:01:13 | 0.06:04:07 |  75.86%  |  8455   |   8505   | 60%  |  195753  |   0    | 171.75MB  
 00:03:50 | WARNING! Aborting CBS - could not obtain an initial solution for the following agents: Agent8(35->34)
 00:03:50 | WARNING! Aborting CBS - could not obtain an initial solution for the following agents: Agent8(35->34)
 00:03:51 | WARNING! Aborting CBS - could not obtain an initial solution for the following agents: Agent24(24->18)
 00:03:51 | WARNING! Aborting CBS - could not obtain an initial solution for the following agents: Agent24(24->18)
 00:03:53 | WARNING! Aborting CBS - could not obtain an initial solution for the following agents: Agent7(57->56)
 00:03:54 | WARNING! Aborting CBS - could not obtain an initial solution for the following agents: Agent27(8->2)
 00:03:55 | 00:01:05 | 0.06:15:38 |  78.26%  |  8720   |   8777   | 60%  |  202170  |   0    | 172.19MB  
 00:03:56 | WARNING! Aborting CBS - could not obtain an initial solution for the following agents: Agent29(57->56)
 00:04:00 | 00:01:01 | 0.06:21:46 |  79.54%  |  8862   |   8921   | 60%  |  205716  |   0    | 173.79MB  
 00:04:00 | WARNING! Aborting CBS - could not obtain an initial solution for the following agents: Agent29(57->56)
 00:04:05 | 00:00:54 | 0.06:32:04 |  81.68%  |  9104   |   9161   | 60%  |  210951  |   0    | 172.80MB  
 00:04:05 | WARNING! Aborting CBS - could not obtain an initial solution for the following agents: Agent4(9->8)
 00:04:05 | WARNING! Aborting CBS - could not obtain an initial solution for the following agents: Agent4(9->8)
 00:04:05 | WARNING! Aborting CBS - could not obtain an initial solution for the following agents: Agent4(9->8)
 00:04:05 | WARNING! Aborting CBS - could not obtain an initial solution for the following agents: Agent4(9->8)
 00:04:05 | WARNING! Aborting CBS - could not obtain an initial solution for the following agents: Agent26(25->24)
 00:04:06 | WARNING! Aborting CBS - could not obtain an initial solution for the following agents: Agent27(9->8)
 00:04:06 | WARNING! Aborting CBS - could not obtain an initial solution for the following agents: Agent27(9->8)
 00:04:06 | WARNING! Aborting CBS - could not obtain an initial solution for the following agents: Agent2(24->17)
 00:04:06 | WARNING! Aborting CBS - could not obtain an initial solution for the following agents: Agent2(24->17)
 00:04:06 | WARNING! Aborting CBS - could not obtain an initial solution for the following agents: Agent2(24->18)
 00:04:10 | 00:00:47 | 0.06:43:49 |  84.13%  |  9381   |   9436   | 60%  |  216944  |   0    | 173.07MB  
 00:04:11 | WARNING! Aborting CBS - could not obtain an initial solution for the following agents: Agent11(26->18)
 00:04:12 | WARNING! Aborting CBS - could not obtain an initial solution for the following agents: Agent16(57->56)
 00:04:15 | 00:00:40 | 0.06:53:50 |  86.22%  |  9611   |   9672   | 60%  |  222679  |   0    | 172.10MB  
 00:04:18 | WARNING! Aborting CBS - could not obtain an initial solution for the following agents: Agent1(2->0)
 00:04:18 | WARNING! Aborting CBS - could not obtain an initial solution for the following agents: Agent1(2->1)
 00:04:18 | WARNING! Aborting CBS - could not obtain an initial solution for the following agents: Agent1(2->1)
 00:04:18 | WARNING! Aborting CBS - could not obtain an initial solution for the following agents: Agent10(40->39)
 00:04:20 | 00:00:35 | 0.07:02:43 |  88.07%  |  9816   |   9879   | 60%  |  228005  |   0    | 172.14MB  
 00:04:22 | WARNING! Aborting CBS - could not obtain an initial solution for the following agents: Agent4(9->8)
 00:04:22 | WARNING! Aborting CBS - could not obtain an initial solution for the following agents: Agent4(9->2),Agent14(2->0)
 00:04:23 | WARNING! Aborting CBS - could not obtain an initial solution for the following agents: Agent26(25->24)
 00:04:25 | 00:00:29 | 0.07:12:14 |  90.05%  |  10038  |  10103   | 60%  |  232842  |   0    | 172.73MB  
 00:04:26 | WARNING! Aborting CBS - could not obtain an initial solution for the following agents: Agent5(51->49)
 00:04:26 | WARNING! Aborting CBS - could not obtain an initial solution for the following agents: Agent5(51->50)
 00:04:26 | WARNING! Aborting CBS - could not obtain an initial solution for the following agents: Agent5(51->50)
 00:04:26 | WARNING! Aborting CBS - could not obtain an initial solution for the following agents: Agent0(24->17)
 00:04:26 | WARNING! Aborting CBS - could not obtain an initial solution for the following agents: Agent0(24->18)
 00:04:28 | WARNING! Aborting CBS - could not obtain an initial solution for the following agents: Agent21(43->42)
 00:04:28 | WARNING! Aborting CBS - could not obtain an initial solution for the following agents: Agent21(43->42)
 00:04:28 | WARNING! Aborting CBS - could not obtain an initial solution for the following agents: Agent21(43->42)
 00:04:28 | WARNING! Aborting CBS - could not obtain an initial solution for the following agents: Agent21(43->42)
 00:04:28 | WARNING! Aborting CBS - could not obtain an initial solution for the following agents: Agent21(43->42)
 00:04:30 | 00:00:23 | 0.07:21:03 |  91.89%  |  10236  |  10308   | 60%  |  237891  |   0    | 172.49MB  
 00:04:31 | WARNING! Aborting CBS - could not obtain an initial solution for the following agents: Agent8(41->34)
 00:04:32 | WARNING! Aborting CBS - could not obtain an initial solution for the following agents: Agent8(40->34)
 00:04:32 | WARNING! Aborting CBS - could not obtain an initial solution for the following agents: Agent8(40->34)
 00:04:32 | WARNING! Aborting CBS - could not obtain an initial solution for the following agents: Agent8(40->34)
 00:04:32 | WARNING! Aborting CBS - could not obtain an initial solution for the following agents: Agent8(40->38)
 00:04:35 | 00:00:17 | 0.07:31:23 |  94.04%  |  10475  |  10552   | 60%  |  243418  |   0    | 172.74MB  
 00:04:40 | 00:00:13 | 0.07:37:57 |  95.41%  |  10625  |  10707   | 60%  |  246613  |   0    | 172.46MB  
 00:04:40 | WARNING! Aborting CBS - could not obtain an initial solution for the following agents: Agent25(3->1)
 00:04:40 | WARNING! Aborting CBS - could not obtain an initial solution for the following agents: Agent25(3->2)
 00:04:40 | WARNING! Aborting CBS - could not obtain an initial solution for the following agents: Agent25(3->2)
 00:04:40 | WARNING! Aborting CBS - could not obtain an initial solution for the following agents: Agent25(3->2)
 00:04:42 | WARNING! Aborting CBS - could not obtain an initial solution for the following agents: Agent8(40->35),Agent30(35->34)
 00:04:44 | WARNING! Aborting CBS - could not obtain an initial solution for the following agents: Agent7(57->56)
 00:04:45 | 00:00:07 | 0.07:48:10 |  97.54%  |  10865  |  10945   | 60%  |  252008  |   0    | 172.61MB  
 00:04:49 | WARNING! Aborting CBS - could not obtain an initial solution for the following agents: Agent8(41->40)
 00:04:50 | 00:00:01 | 0.07:58:06 |  99.61%  |  11095  |  11179   | 60%  |  257480  |   0    | 173.14MB  
 00:04:50 | 00:00:00 | 0.08:00:00 | 100.00%  |  11136  |  11223   | 60%  |  258629  |   0    | 173.02MB  
 00:04:50 | >>> Simulation finished - writing results ...
 00:04:51 | >>> Results written
Simulation finished.
>>> Timings
StatTimingPathPlanningAverage: 0.014688046575960914
StatTimingPathPlanningOverall: 227.78222630000187
StatTimingPathPlanningCount: 15508
StatTimingTaskAllocationAverage: 0.00152080191560791
StatTimingTaskAllocationOverall: 23.102501899999762
StatTimingTaskAllocationCount: 15191
StatTimingItemStorageAverage: 3.5895659875998017E-06
StatTimingItemStorageOverall: 0.04052620000000176
StatTimingItemStorageCount: 11290
StatTimingPodStorageAverage: 0.0019796062439024387
StatTimingPodStorageOverall: 6.087289199999999
StatTimingPodStorageCount: 3075
StatTimingReplenishmentBatchingAverage: 7.99024514377809E-06
StatTimingReplenishmentBatchingOverall: 0.0941969999999999
StatTimingReplenishmentBatchingCount: 11789
StatTimingOrderBatchingAverage: 0.00010964772374044814
StatTimingOrderBatchingOverall: 3.3863603
StatTimingOrderBatchingCount: 30884
>>> Overall
StatOverallBundlesPlaced: 15182
StatOverallItemsOrdered: 11180
StatOverallOrdersPlaced: 11180
StatOverallBundlesRejected: 0
StatOverallOrdersRejected: 0
StatOverallBundlesHandled: 11223
StatOverallItemsHandled: 11140
StatOverallLinesHandled: 11140
StatOverallOrdersHandled: 11136
StatOverallCollisions: 0
StatOverallDistanceTraveled: 258629.2481203426
StatOverallDistanceEstimated: 238253
StatOverallAssignedTasks: 15191
StatMaxMemoryUsed: 176.5390625
StatRealTimeUsed: 290.7658292
StatAverageTurnoverTime: 368.20276985582495
StatMedianTurnoverTime: 220.38461421075772
StatLowerQuartileTurnoverTime: 123.29352091615965
StatUpperQuartileTurnoverTime: 502.5011374914084
StatAverageThroughputTime: 114.28690042146232
StatMedianThroughputTime: 120.82102131785359
StatLowerQuartileThroughputTime: 81.1583333333383
StatUpperQuartileThroughputTime: 141.99105940917798
>>> Energy (Rizqi model)
StatEnergyTotalKJ: 19810.930854933766
StatEnergyE1AccelKJ: 5432.114512999981
StatEnergyE2DecelKJ: 0
StatEnergyE3CruiseKJ: 9698.205636000006
StatEnergyE4RotationKJ: 3853.519705933747
StatEnergyE5LiftLowerKJ: 827.0910000000002
StatEnergyPerOrderKJ: 1.7789988195881614
StatEnergyPerMeterJoule: 76.56664716814794
StatDistanceTraveledRizqiM: 258741
>>> Motion Behavior
StatTurningCount: 32606
StatStopAndGoCount: 44341
StatLoadedDistanceM: 174516
StatLoadedTurningCount: 23917
StatWaitTimeSec: 605145.4326358512
StatMoveEnergyEmptyKJ: 4320.519599999997
StatMoveTimeEmptySec: 83625.0374416388
StatTurnEnergyEmptyKJ: 892.4275313952414
StatTurnTimeEmptySec: 5854.19802444245
StatMoveEnergyLoadedKJ: 10809.800548999989
StatMoveTimeLoadedSec: 204331.5289586003
StatTurnEnergyLoadedKJ: 2961.092174538529
StatTurnTimeLoadedSec: 15120.762042313867
StatPrefEmptyW: 58.258735719431826
StatPrefLoadedW: 62.75119143541387

Marked tag finished after 1 tries!
.Fin. - SUCCESS
