<<< Welcome to the RAWSimO CLI >>>
The time is: 04/17/2026 03:46:06
Starting RAWSimO wrapper with the following arguments:
Instance: Material/Instances/CoreBenchmark/aesop.xlayo
Setting: Material/Instances/CoreBenchmark/test-short.xsett
ControlConfig: Material/Instances/CoreBenchmark/aesop-ecbs.xconf
StatisticsDir: output_compare/stat10/
Seed: 2
Adding handler for unhandled exceptions ...
Initializing ... 
LayoutConfiguration recognized!
Parsing setting config ...
Parsing control config ...
Parsing layout config ...
Generating instance...
Info about all directions within the generated instance:
# # # # # e p e p p p p p p p p p p p p p p p p p e p p p p p p p p p p p p p p p p p e p p p p p p p p p e s # # # # # 
# # # # # n q ^ + + + + + + + + v + + + + + + + + ^ + + + + + + + + v + + + + + + + + ^ + + + + + + + + q d q # # # # # 
# # # # # b p b + + + + + + + + v + + + + + + + + ^ + + + + + + + + v + + + + + + + + ^ + + + + + + + + v b s # # # # # 
s w w w w d q d < < < < < < < < q < < < < < < < < d < < < < < < < < q < < < < < < < < d < < < < < < < < q d q w w w w w 
p e e e s b p b + + + + + + + + v + + + + + + + + ^ + + + + + + + + v + + + + + + + + ^ + + + + + + + + v b p e e e e n 
s w w w w d q ^ + + + + + + + + v + + + + + + + + ^ + + + + + + + + v + + + + + + + + ^ + + + + + + + + q d q n w w w d 
e e e e e b p b > > > > > > > > p > > > > > > > > b > > > > > > > > p > > > > > > > > b > > > > > > > > p b p e e e e n 
# # # # # n q ^ + + + + + + + + v + + + + + + + + ^ + + + + + + + + v + + + + + + + + ^ + + + + + + + + q d q # # # # # 
# # # # # b p b + + + + + + + + v + + + + + + + + ^ + + + + + + + + v + + + + + + + + ^ + + + + + + + + v b s # # # # # 
s w w w w d q d < < < < < < < < q < < < < < < < < d < < < < < < < < q < < < < < < < < d < < < < < < < < q d q w w w w w 
p e e e s b p b + + + + + + + + v + + + + + + + + ^ + + + + + + + + v + + + + + + + + ^ + + + + + + + + v b p e e e e n 
s w w w w d q ^ + + + + + + + + v + + + + + + + + ^ + + + + + + + + v + + + + + + + + ^ + + + + + + + + q d q n w w w d 
e e e e e b p b > > > > > > > > p > > > > > > > > b > > > > > > > > p > > > > > > > > b > > > > > > > > p b p e e e e n 
# # # # # n q ^ + + + + + + + + v + + + + + + + + ^ + + + + + + + + v + + + + + + + + ^ + + + + + + + + q d q # # # # # 
# # # # # b p b + + + + + + + + v + + + + + + + + ^ + + + + + + + + v + + + + + + + + ^ + + + + + + + + v b s # # # # # 
s w w w w d q d < < < < < < < < q < < < < < < < < d < < < < < < < < q < < < < < < < < d < < < < < < < < q d q w w w w w 
p e e e s b p b + + + + + + + + v + + + + + + + + ^ + + + + + + + + v + + + + + + + + ^ + + + + + + + + v b p e e e e n 
s w w w w d q ^ + + + + + + + + v + + + + + + + + ^ + + + + + + + + v + + + + + + + + ^ + + + + + + + + q d q n w w w d 
e e e e e b p b > > > > > > > > p > > > > > > > > b > > > > > > > > p > > > > > > > > b > > > > > > > > p b p e e e e n 
# # # # # n q ^ + + + + + + + + v + + + + + + + + ^ + + + + + + + + v + + + + + + + + ^ + + + + + + + + q d q # # # # # 
# # # # # b p b + + + + + + + + v + + + + + + + + ^ + + + + + + + + v + + + + + + + + ^ + + + + + + + + v b s # # # # # 
s w w w w d q d < < < < < < < < q < < < < < < < < d < < < < < < < < q < < < < < < < < d < < < < < < < < q d q w w w w w 
p e e e s b p b + + + + + + + + v + + + + + + + + ^ + + + + + + + + v + + + + + + + + ^ + + + + + + + + v b p e e e e n 
s w w w w d q ^ + + + + + + + + v + + + + + + + + ^ + + + + + + + + v + + + + + + + + ^ + + + + + + + + q d q n w w w d 
e e e e e b p b > > > > > > > > p > > > > > > > > b > > > > > > > > p > > > > > > > > b > > > > > > > > p b p e e e e n 
# # # # # n q ^ + + + + + + + + v + + + + + + + + ^ + + + + + + + + v + + + + + + + + ^ + + + + + + + + q d q # # # # # 
# # # # # b p b + + + + + + + + v + + + + + + + + ^ + + + + + + + + v + + + + + + + + ^ + + + + + + + + v b s # # # # # 
# # # # # n q d < < < < < < < < q < < < < < < < < d < < < < < < < < q < < < < < < < < d < < < < < < < < q d q # # # # # 
# # # # # b p b + + + + + + + + v + + + + + + + + ^ + + + + + + + + v + + + + + + + + ^ + + + + + + + + v b s # # # # # 
# # # # # n q ^ + + + + + + + + v + + + + + + + + ^ + + + + + + + + v + + + + + + + + ^ + + + + + + + + q d q # # # # # 
# # # # # b p b > > > > > > > > p > > > > > > > > b > > > > > > > > p > > > > > > > > b > > > > > > > > p b s # # # # # 
# # # # # n q ^ + + + + + + + + v + + + + + + + + ^ + + + + + + + + v + + + + + + + + ^ + + + + + + + + q d q # # # # # 
# # # # # b p b + + + + + + + + v + + + + + + + + ^ + + + + + + + + v + + + + + + + + ^ + + + + + + + + v b s # # # # # 
# # # # # n w d d d d d d d d d w d d d d d d d d d d d d d d d d d w d d d d d d d d d d d d d d d d d w d w # # # # # 


Info about all types within the generated instance:
# # # # # r r r r r r r r r r r r r r r r r r r r r r r r r r r r r r r r r r r r r r r r r r r r r r r r r r # # # # # 
# # # # # r r r s s s s s s s s r s s s s s s s s r s s s s s s s s r s s s s s s s s r s s s s s s s s r r r # # # # # 
# # # # # r r r s s s s s s s s r s s s s s s s s r s s s s s s s s r s s s s s s s s r s s s s s s s s r r r # # # # # 
b b b b b r r r r r r r r r r r r r r r r r r r r r r r r r r r r r r r r r r r r r r r r r r r r r r r r r r b b b b o 
b b b b b r r r s s s s s s s s r s s s s s s s s r s s s s s s s s r s s s s s s s s r s s s s s s s s r r r b b b b b 
b b b b b r r r s s s s s s s s r s s s s s s s s r s s s s s s s s r s s s s s s s s r s s s s s s s s r r r b b b b b 
i b b b b r r r r r r r r r r r r r r r r r r r r r r r r r r r r r r r r r r r r r r r r r r r r r r r r r r b b b b b 
# # # # # r r r s s s s s s s s r s s s s s s s s r s s s s s s s s r s s s s s s s s r s s s s s s s s r r r # # # # # 
# # # # # r r r s s s s s s s s r s s s s s s s s r s s s s s s s s r s s s s s s s s r s s s s s s s s r r r # # # # # 
b b b b b r r r r r r r r r r r r r r r r r r r r r r r r r r r r r r r r r r r r r r r r r r r r r r r r r r b b b b o 
b b b b b r r r s s s s s s s s r s s s s s s s s r s s s s s s s s r s s s s s s s s r s s s s s s s s r r r b b b b b 
b b b b b r r r s s s s s s s s r s s s s s s s s r s s s s s s s s r s s s s s s s s r s s s s s s s s r r r b b b b b 
i b b b b r r r r r r r r r r r r r r r r r r r r r r r r r r r r r r r r r r r r r r r r r r r r r r r r r r b b b b b 
# # # # # r r r s s s s s s s s r s s s s s s s s r s s s s s s s s r s s s s s s s s r s s s s s s s s r r r # # # # # 
# # # # # r r r s s s s s s s s r s s s s s s s s r s s s s s s s s r s s s s s s s s r s s s s s s s s r r r # # # # # 
b b b b b r r r r r r r r r r r r r r r r r r r r r r r r r r r r r r r r r r r r r r r r r r r r r r r r r r b b b b o 
b b b b b r r r s s s s s s s s r s s s s s s s s r s s s s s s s s r s s s s s s s s r s s s s s s s s r r r b b b b b 
b b b b b r r r s s s s s s s s r s s s s s s s s r s s s s s s s s r s s s s s s s s r s s s s s s s s r r r b b b b b 
i b b b b r r r r r r r r r r r r r r r r r r r r r r r r r r r r r r r r r r r r r r r r r r r r r r r r r r b b b b b 
# # # # # r r r s s s s s s s s r s s s s s s s s r s s s s s s s s r s s s s s s s s r s s s s s s s s r r r # # # # # 
# # # # # r r r s s s s s s s s r s s s s s s s s r s s s s s s s s r s s s s s s s s r s s s s s s s s r r r # # # # # 
b b b b b r r r r r r r r r r r r r r r r r r r r r r r r r r r r r r r r r r r r r r r r r r r r r r r r r r b b b b o 
b b b b b r r r s s s s s s s s r s s s s s s s s r s s s s s s s s r s s s s s s s s r s s s s s s s s r r r b b b b b 
b b b b b r r r s s s s s s s s r s s s s s s s s r s s s s s s s s r s s s s s s s s r s s s s s s s s r r r b b b b b 
i b b b b r r r r r r r r r r r r r r r r r r r r r r r r r r r r r r r r r r r r r r r r r r r r r r r r r r b b b b b 
# # # # # r r r s s s s s s s s r s s s s s s s s r s s s s s s s s r s s s s s s s s r s s s s s s s s r r r # # # # # 
# # # # # r r r s s s s s s s s r s s s s s s s s r s s s s s s s s r s s s s s s s s r s s s s s s s s r r r # # # # # 
# # # # # r r r r r r r r r r r r r r r r r r r r r r r r r r r r r r r r r r r r r r r r r r r r r r r r r r # # # # # 
# # # # # r r r s s s s s s s s r s s s s s s s s r s s s s s s s s r s s s s s s s s r s s s s s s s s r r r # # # # # 
# # # # # r r r s s s s s s s s r s s s s s s s s r s s s s s s s s r s s s s s s s s r s s s s s s s s r r r # # # # # 
# # # # # r r r r r r r r r r r r r r r r r r r r r r r r r r r r r r r r r r r r r r r r r r r r r r r r r r # # # # # 
# # # # # r r r s s s s s s s s r s s s s s s s s r s s s s s s s s r s s s s s s s s r s s s s s s s s r r r # # # # # 
# # # # # r r r s s s s s s s s r s s s s s s s s r s s s s s s s s r s s s s s s s s r s s s s s s s s r r r # # # # # 
# # # # # r r r r r r r r r r r r r r r r r r r r r r r r r r r r r r r r r r r r r r r r r r r r r r r r r r # # # # # 


[EnergyConsumption] Configured from LayoutConfiguration: RobotMass=100 kg, PodFrameMass=300 kg
StatisticsFolder: aesop-aesop-aesop-ecbs-2
Done!
Executing ... 
 03:46:08 | >>> Warming up ...
 00:00:00 | >>> Warmup finished - starting simulation ...
 Realtime |   ETA    |  Sim.Time  | Progress | #Orders | #Bundles | Inv. | Distance | #Coll. |   Memory    
 00:00:00 |   n/a    | 0.00:00:00 |  0.00%   |    0    |    0     | 70%  |    0     |   0    | 152.08MB  
 00:00:04 | WARNING! Aborting ECBS - could not obtain an initial solution for the following agents: Agent10(13->2)
 00:00:04 | WARNING! Aborting ECBS - could not obtain an initial solution for the following agents: Agent10(13->2)
 00:00:04 | WARNING! Aborting ECBS - could not obtain an initial solution for the following agents: Agent10(13->2)
 00:00:05 | 00:01:14 | 0.00:01:52 |  6.26%   |   11    |    12    | 70%  |   1342   |   0    | 160.38MB  
 00:00:07 | ECBS RandomHop mutated 1/10 agent paths (cumulative=1)
 00:00:07 | ECBS RandomHop mutated 1/11 agent paths (cumulative=2)
 00:00:07 | ECBS RandomHop mutated 1/10 agent paths (cumulative=3)
 00:00:07 | ECBS RandomHop mutated 1/10 agent paths (cumulative=4)
 00:00:07 | ECBS RandomHop mutated 1/10 agent paths (cumulative=5)
 00:00:07 | ECBS RandomHop mutated 1/10 agent paths (cumulative=6)
 00:00:07 | ECBS RandomHop mutated 1/8 agent paths (cumulative=7)
 00:00:07 | ECBS RandomHop mutated 1/8 agent paths (cumulative=8)
 00:00:07 | ECBS RandomHop mutated 1/8 agent paths (cumulative=9)
 00:00:07 | ECBS RandomHop mutated 1/9 agent paths (cumulative=10)
 00:00:07 | ECBS RandomHop mutated 1/7 agent paths (cumulative=11)
 00:00:07 | ECBS RandomHop mutated 2/7 agent paths (cumulative=13)
 00:00:07 | ECBS RandomHop mutated 2/7 agent paths (cumulative=15)
 00:00:07 | ECBS RandomHop mutated 1/7 agent paths (cumulative=16)
 00:00:07 | ECBS RandomHop mutated 1/7 agent paths (cumulative=17)
 00:00:07 | ECBS RandomHop mutated 1/7 agent paths (cumulative=18)
 00:00:10 | 00:00:23 | 0.00:08:58 |  29.91%  |   115   |   155    | 71%  |   4967   |   0    | 163.43MB  
 00:00:11 | WARNING! Aborting ECBS - could not obtain an initial solution for the following agents: Agent11(43->42)
 00:00:11 | WARNING! Aborting ECBS - could not obtain an initial solution for the following agents: Agent11(43->42)
 00:00:11 | WARNING! Aborting ECBS - could not obtain an initial solution for the following agents: Agent6(72->71)
 00:00:15 | 00:00:14 | 0.00:15:18 |  51.03%  |   191   |   265    | 72%  |   8899   |   0    | 168.32MB  
 00:00:17 | ECBS RandomHop mutated 1/10 agent paths (cumulative=19)
 00:00:17 | ECBS RandomHop mutated 1/10 agent paths (cumulative=20)
 00:00:17 | ECBS RandomHop mutated 1/11 agent paths (cumulative=21)
 00:00:17 | ECBS RandomHop mutated 1/13 agent paths (cumulative=22)
 00:00:17 | ECBS RandomHop mutated 1/13 agent paths (cumulative=23)
 00:00:17 | ECBS RandomHop mutated 1/14 agent paths (cumulative=24)
 00:00:17 | ECBS RandomHop mutated 1/16 agent paths (cumulative=25)
 00:00:17 | ECBS RandomHop mutated 1/16 agent paths (cumulative=26)
 00:00:17 | ECBS RandomHop mutated 1/16 agent paths (cumulative=27)
 00:00:17 | ECBS RandomHop mutated 1/16 agent paths (cumulative=28)
 00:00:17 | ECBS RandomHop mutated 1/16 agent paths (cumulative=29)
 00:00:17 | ECBS RandomHop mutated 1/14 agent paths (cumulative=30)
 00:00:17 | ECBS RandomHop mutated 2/14 agent paths (cumulative=32)
 00:00:17 | ECBS RandomHop mutated 2/14 agent paths (cumulative=34)
 00:00:17 | ECBS RandomHop mutated 1/14 agent paths (cumulative=35)
 00:00:17 | ECBS RandomHop mutated 1/14 agent paths (cumulative=36)
 00:00:17 | ECBS RandomHop mutated 1/13 agent paths (cumulative=37)
 00:00:19 | WARNING! Aborting ECBS - could not obtain an initial solution for the following agents: Agent23(14->13)
 00:00:19 | WARNING! Aborting ECBS - could not obtain an initial solution for the following agents: Agent23(14->13)
 00:00:19 | WARNING! Aborting ECBS - could not obtain an initial solution for the following agents: Agent23(14->13)
 00:00:19 | WARNING! Aborting ECBS - could not obtain an initial solution for the following agents: Agent23(14->13)
 00:00:19 | WARNING! Aborting ECBS - could not obtain an initial solution for the following agents: Agent23(14->13)
 00:00:19 | WARNING! Aborting ECBS - could not obtain an initial solution for the following agents: Agent23(14->13)
 00:00:20 | 00:00:06 | 0.00:22:40 |  75.56%  |   272   |   406    | 73%  |  13193   |   0    | 170.28MB  
 00:00:23 | WARNING! Aborting ECBS - could not obtain an initial solution for the following agents: Agent14(54->53)
 00:00:23 | WARNING! Aborting ECBS - could not obtain an initial solution for the following agents: Agent14(54->53)
 00:00:23 | WARNING! Aborting ECBS - could not obtain an initial solution for the following agents: Agent14(54->53)
 00:00:23 | WARNING! Aborting ECBS - could not obtain an initial solution for the following agents: Agent14(54->53)
 00:00:23 | WARNING! Aborting ECBS - could not obtain an initial solution for the following agents: Agent14(54->53)
 00:00:24 | 00:00:00 | 0.00:30:00 | 100.00%  |   355   |   531    | 75%  |  18085   |   0    | 172.43MB  
 00:00:24 | >>> Simulation finished - writing results ...
 00:00:25 | >>> Results written
Simulation finished.
>>> Timings
StatTimingPathPlanningAverage: 0.013457770154686076
StatTimingPathPlanningOverall: 14.790089399999998
StatTimingPathPlanningCount: 1099
StatTimingTaskAllocationAverage: 0.012351942347696866
StatTimingTaskAllocationOverall: 8.312857199999991
StatTimingTaskAllocationCount: 673
StatTimingItemStorageAverage: 9.00066334991706E-06
StatTimingItemStorageOverall: 0.005427399999999987
StatTimingItemStorageCount: 603
StatTimingPodStorageAverage: 0.00973050462962963
StatTimingPodStorageOverall: 2.101789
StatTimingPodStorageCount: 216
StatTimingReplenishmentBatchingAverage: 1.968569230769228E-05
StatTimingReplenishmentBatchingOverall: 0.012795699999999981
StatTimingReplenishmentBatchingCount: 650
StatTimingOrderBatchingAverage: 0.0001127932659932661
StatTimingOrderBatchingOverall: 0.13399840000000013
StatTimingOrderBatchingCount: 1188
>>> Overall
StatOverallBundlesPlaced: 614
StatOverallItemsOrdered: 599
StatOverallOrdersPlaced: 372
StatOverallBundlesRejected: 0
StatOverallOrdersRejected: 0
StatOverallBundlesHandled: 531
StatOverallItemsHandled: 556
StatOverallLinesHandled: 533
StatOverallOrdersHandled: 355
StatOverallCollisions: 0
StatOverallDistanceTraveled: 18085.348207659386
StatOverallDistanceEstimated: 16329
StatOverallAssignedTasks: 673
StatMaxMemoryUsed: 172.43359375
StatRealTimeUsed: 24.7783945
StatAverageTurnoverTime: 527.4174444030803
StatMedianTurnoverTime: 392.0838289956383
StatLowerQuartileTurnoverTime: 200.08169534368017
StatUpperQuartileTurnoverTime: 750.5351667697796
StatAverageThroughputTime: 84.78772524816505
StatMedianThroughputTime: 53.86982362381707
StatLowerQuartileThroughputTime: 30.412391310342457
StatUpperQuartileThroughputTime: 130.60027855677822
>>> Energy (Rizqi model)
StatEnergyTotalKJ: 2262.236362869876
StatEnergyE1AccelKJ: 801.620945120902
StatEnergyE2DecelKJ: 0
StatEnergyE3CruiseKJ: 626.8199032595148
StatEnergyE4RotationKJ: 271.8509872046562
StatEnergyE5LiftLowerKJ: 561.9445272848031
StatEnergyPerOrderKJ: 6.372496796816551
StatEnergyPerMeterJoule: 124.64798957903334
StatDistanceTraveledRizqiM: 18149
>>> Motion Behavior
StatTurningCount: 2419
StatStopAndGoCount: 2930
StatLoadedDistanceM: 13092
StatLoadedTurningCount: 1863
StatWaitTimeSec: 17765.323930767674
StatMoveEnergyEmptyKJ: 72.31485
StatMoveTimeEmptySec: 6565.651351732396
StatTurnEnergyEmptyKJ: 10.85700936812832
StatTurnTimeEmptySec: 604.5576075899673
StatMoveEnergyLoadedKJ: 1356.1259983804166
StatMoveTimeLoadedSec: 19365.870148265545
StatTurnEnergyLoadedKJ: 260.9939778365278
StatTurnTimeLoadedSec: 1911.7968560292304
StatPrefEmptyW: 11.599642331203228
StatPrefLoadedW: 76.00081230195669

Marked tag finished after 1 tries!
.Fin. - SUCCESS
