<<< Welcome to the RAWSimO CLI >>>
The time is: 04/14/2026 14:15:45
Starting RAWSimO wrapper with the following arguments:
Instance: Material/Instances/PP/1-4-4-32-550.xinst
Setting: Material/Instances/PP/PPMinimal.xsett
ControlConfig: Material/Instances/PP/aesop-cbs.xconf
StatisticsDir: C:\Users\Aesop\Desktop\rawsim-o-rmfs-world-models\output_pref\seed_11
Seed: 11
Adding handler for unhandled exceptions ...
Initializing ... 
Instance recognized!
Parsing setting config ...
Parsing control config ...
Parsing instance ...
StatisticsFolder: 1-4-4-32-550-PPMinimal-aesop-cbs-11
Done!
Executing ... 
 14:15:47 | >>> Warming up ...
 00:00:00 | >>> Warmup finished - starting simulation ...
 Realtime |   ETA    |  Sim.Time  | Progress | #Orders | #Bundles | Inv. | Distance | #Coll. |   Memory    
 00:00:00 |   n/a    | 0.00:00:00 |  0.00%   |    0    |    0     | 60%  |    0     |   0    | 123.25MB  
 00:00:05 | 08:08:09 | 0.00:00:04 |  0.02%   |    0    |    0     | 60%  |    72    |   0    | 131.82MB  
 00:00:10 | 02:15:22 | 0.00:00:35 |  0.12%   |    0    |    0     | 60%  |   821    |   0    | 141.34MB  
 00:00:15 | 02:56:40 | 0.00:00:40 |  0.14%   |    0    |    0     | 60%  |   924    |   0    | 149.64MB  
 00:00:20 | 03:13:04 | 0.00:00:49 |  0.17%   |    2    |    0     | 60%  |   1123   |   0    | 154.20MB  
 00:00:25 | 03:38:34 | 0.00:00:54 |  0.19%   |    2    |    0     | 60%  |   1223   |   0    | 161.12MB  
 00:00:30 | 03:59:44 | 0.00:00:59 |  0.21%   |    4    |    0     | 60%  |   1325   |   0    | 164.22MB  
 00:00:32 | WARNING! Aborting CBS - could not obtain an initial solution for the following agents: Agent8(41->32)
 00:00:32 | WARNING! Aborting CBS - could not obtain an initial solution for the following agents: Agent8(41->32)
 00:00:32 | WARNING! Aborting CBS - could not obtain an initial solution for the following agents: Agent8(41->34)
 00:00:34 | WARNING! Aborting CBS - could not obtain an initial solution for the following agents: Agent27(1->0)
 00:00:34 | WARNING! Aborting CBS - could not obtain an initial solution for the following agents: Agent27(1->0)
 00:00:35 | 03:05:25 | 0.00:01:30 |  0.31%   |   15    |    6     | 60%  |   1822   |   0    | 168.31MB  
 00:00:36 | WARNING! Aborting CBS - could not obtain an initial solution for the following agents: Agent5(58->57)
 00:00:40 | 00:33:57 | 0.00:09:14 |  1.93%   |   197   |   188    | 60%  |   4753   |   0    | 168.40MB  
 00:00:40 | WARNING! Aborting CBS - could not obtain an initial solution for the following agents: Agent28(41->35)
 00:00:40 | WARNING! Aborting CBS - could not obtain an initial solution for the following agents: Agent4(9->8)
 00:00:41 | WARNING! Aborting CBS - could not obtain an initial solution for the following agents: Agent24(19->17)
 00:00:41 | WARNING! Aborting CBS - could not obtain an initial solution for the following agents: Agent24(19->17)
 00:00:41 | WARNING! Aborting CBS - could not obtain an initial solution for the following agents: Agent24(19->17)
 00:00:41 | WARNING! Aborting CBS - could not obtain an initial solution for the following agents: Agent24(19->18)
 00:00:41 | WARNING! Aborting CBS - could not obtain an initial solution for the following agents: Agent24(19->18)
 00:00:43 | WARNING! Aborting CBS - could not obtain an initial solution for the following agents: Agent25(3->2)
 00:00:43 | WARNING! Aborting CBS - could not obtain an initial solution for the following agents: Agent14(3->2)
 00:00:45 | 00:20:03 | 0.00:17:18 |  3.60%   |   385   |   375    | 60%  |   8323   |   0    | 169.31MB  
 00:00:50 | 00:14:28 | 0.00:26:07 |  5.44%   |   594   |   584    | 60%  |  12510   |   0    | 168.61MB  
 00:00:55 | 00:12:05 | 0.00:33:50 |  7.05%   |   771   |   764    | 60%  |  16673   |   0    | 168.84MB  
 00:00:56 | WARNING! Aborting CBS - could not obtain an initial solution for the following agents: Agent4(8->2)
 00:00:56 | WARNING! Aborting CBS - could not obtain an initial solution for the following agents: Agent4(8->2)
 00:00:56 | WARNING! Aborting CBS - could not obtain an initial solution for the following agents: Agent4(8->2)
 00:00:56 | WARNING! Aborting CBS - could not obtain an initial solution for the following agents: Agent29(57->56)
 00:00:58 | WARNING! Aborting CBS - could not obtain an initial solution for the following agents: Agent21(41->40)
 00:00:58 | WARNING! Aborting CBS - could not obtain an initial solution for the following agents: Agent21(41->40)
 00:00:58 | WARNING! Aborting CBS - could not obtain an initial solution for the following agents: Agent30(41->40)
 00:00:58 | WARNING! Aborting CBS - could not obtain an initial solution for the following agents: Agent30(41->40)
 00:00:59 | WARNING! Aborting CBS - could not obtain an initial solution for the following agents: Agent25(9->8)
 00:00:59 | WARNING! Aborting CBS - could not obtain an initial solution for the following agents: Agent25(9->8)
 00:00:59 | WARNING! Aborting CBS - could not obtain an initial solution for the following agents: Agent5(57->56)
 00:00:59 | WARNING! Aborting CBS - could not obtain an initial solution for the following agents: Agent10(40->39),Agent21(41->40)
 00:01:00 | 00:10:10 | 0.00:42:55 |  8.94%   |   987   |   976    | 60%  |  21267   |   0    | 168.54MB  
 00:01:04 | WARNING! Aborting CBS - could not obtain an initial solution for the following agents: Agent5(57->56)
 00:01:05 | 00:08:41 | 0.00:53:14 |  11.09%  |  1229   |   1217   | 60%  |  26813   |   0    | 168.06MB  
 00:01:06 | WARNING! Aborting CBS - could not obtain an initial solution for the following agents: Agent11(25->24)
 00:01:07 | WARNING! Aborting CBS - could not obtain an initial solution for the following agents: Agent14(2->1)
 00:01:10 | 00:07:36 | 0.01:03:52 |  13.31%  |  1479   |   1466   | 60%  |  32742   |   0    | 169.13MB  
 00:01:15 | 00:06:56 | 0.01:13:15 |  15.26%  |  1699   |   1686   | 60%  |  37650   |   0    | 169.06MB  
 00:01:15 | WARNING! Aborting CBS - could not obtain an initial solution for the following agents: Agent16(56->50)
 00:01:16 | WARNING! Aborting CBS - could not obtain an initial solution for the following agents: Agent9(58->57)
 00:01:16 | WARNING! Aborting CBS - could not obtain an initial solution for the following agents: Agent9(58->57)
 00:01:16 | WARNING! Aborting CBS - could not obtain an initial solution for the following agents: Agent9(58->50)
 00:01:16 | WARNING! Aborting CBS - could not obtain an initial solution for the following agents: Agent9(58->50)
 00:01:18 | WARNING! Aborting CBS - could not obtain an initial solution for the following agents: Agent14(8->7)
 00:01:20 | 00:06:22 | 0.01:22:59 |  17.29%  |  1923   |   1913   | 60%  |  42669   |   0    | 168.18MB  
 00:01:22 | WARNING! Aborting CBS - could not obtain an initial solution for the following agents: Agent10(33->32)
 00:01:23 | WARNING! Aborting CBS - could not obtain an initial solution for the following agents: Agent14(9->8)
 00:01:24 | WARNING! Aborting CBS - could not obtain an initial solution for the following agents: Agent5(57->56)
 00:01:24 | WARNING! Aborting CBS - could not obtain an initial solution for the following agents: Agent5(57->56)
 00:01:25 | 00:05:48 | 0.01:34:13 |  19.63%  |  2188   |   2177   | 60%  |  48556   |   0    | 168.38MB  
 00:01:29 | WARNING! Aborting CBS - could not obtain an initial solution for the following agents: Agent19(8->1)
 00:01:29 | WARNING! Aborting CBS - could not obtain an initial solution for the following agents: Agent19(8->1)
 00:01:29 | WARNING! Aborting CBS - could not obtain an initial solution for the following agents: Agent19(8->1)
 00:01:29 | WARNING! Aborting CBS - could not obtain an initial solution for the following agents: Agent19(8->2)
 00:01:29 | WARNING! Aborting CBS - could not obtain an initial solution for the following agents: Agent19(8->2)
 00:01:29 | WARNING! Aborting CBS - could not obtain an initial solution for the following agents: Agent11(19->17)
 00:01:29 | WARNING! Aborting CBS - could not obtain an initial solution for the following agents: Agent11(19->18)
 00:01:29 | WARNING! Aborting CBS - could not obtain an initial solution for the following agents: Agent11(19->18)
 00:01:30 | 00:05:28 | 0.01:43:12 |  21.50%  |  2391   |   2387   | 60%  |  53666   |   0    | 168.37MB  
 00:01:31 | WARNING! Aborting CBS - could not obtain an initial solution for the following agents: Agent8(41->40)
 00:01:33 | WARNING! Aborting CBS - could not obtain an initial solution for the following agents: Agent9(57->56)
 00:01:34 | WARNING! Aborting CBS - could not obtain an initial solution for the following agents: Agent29(59->58)
 00:01:34 | WARNING! Aborting CBS - could not obtain an initial solution for the following agents: Agent29(59->58)
 00:01:34 | WARNING! Aborting CBS - could not obtain an initial solution for the following agents: Agent29(59->58)
 00:01:34 | WARNING! Aborting CBS - could not obtain an initial solution for the following agents: Agent29(59->58)
 00:01:35 | 00:05:11 | 0.01:52:15 |  23.39%  |  2601   |   2600   | 60%  |  58098   |   0    | 168.89MB  
 00:01:36 | WARNING! Aborting CBS - could not obtain an initial solution for the following agents: Agent30(42->34)
 00:01:36 | WARNING! Aborting CBS - could not obtain an initial solution for the following agents: Agent30(42->34)
 00:01:36 | WARNING! Aborting CBS - could not obtain an initial solution for the following agents: Agent30(42->34)
 00:01:38 | WARNING! Aborting CBS - could not obtain an initial solution for the following agents: Agent29(58->57)
 00:01:40 | 00:05:01 | 0.01:59:41 |  24.94%  |  2773   |   2773   | 60%  |  62576   |   0    | 169.59MB  
 00:01:41 | WARNING! Aborting CBS - could not obtain an initial solution for the following agents: Agent0(25->24)
 00:01:41 | WARNING! Aborting CBS - could not obtain an initial solution for the following agents: Agent0(25->24)
 00:01:44 | WARNING! Aborting CBS - could not obtain an initial solution for the following agents: Agent24(25->24)
 00:01:44 | WARNING! Aborting CBS - could not obtain an initial solution for the following agents: Agent24(25->24)
 00:01:44 | WARNING! Aborting CBS - could not obtain an initial solution for the following agents: Agent1(9->8)
 00:01:45 | 00:04:37 | 0.02:11:46 |  27.45%  |  3057   |   3056   | 60%  |  69226   |   0    | 169.12MB  
 00:01:46 | WARNING! Aborting CBS - could not obtain an initial solution for the following agents: Agent11(25->24)
 00:01:46 | WARNING! Aborting CBS - could not obtain an initial solution for the following agents: Agent11(25->24)
 00:01:46 | WARNING! Aborting CBS - could not obtain an initial solution for the following agents: Agent11(25->24)
 00:01:49 | WARNING! Aborting CBS - could not obtain an initial solution for the following agents: Agent11(25->24)
 00:01:50 | 00:04:24 | 0.02:21:01 |  29.38%  |  3273   |   3273   | 60%  |  74108   |   0    | 169.65MB  
 00:01:50 | WARNING! Aborting CBS - could not obtain an initial solution for the following agents: Agent4(8->6)
 00:01:52 | WARNING! Aborting CBS - could not obtain an initial solution for the following agents: Agent27(9->8)
 00:01:53 | WARNING! Aborting CBS - could not obtain an initial solution for the following agents: Agent27(9->8)
 00:01:53 | WARNING! Aborting CBS - could not obtain an initial solution for the following agents: Agent27(9->8)
 00:01:54 | WARNING! Aborting CBS - could not obtain an initial solution for the following agents: Agent4(3->1)
 00:01:55 | 00:04:13 | 0.02:29:43 |  31.19%  |  3478   |   3478   | 60%  |  79176   |   0    | 168.74MB  
 00:01:59 | WARNING! Aborting CBS - could not obtain an initial solution for the following agents: Agent30(35->33)
 00:01:59 | WARNING! Aborting CBS - could not obtain an initial solution for the following agents: Agent30(35->33)
 00:01:59 | WARNING! Aborting CBS - could not obtain an initial solution for the following agents: Agent30(35->33)
 00:01:59 | WARNING! Aborting CBS - could not obtain an initial solution for the following agents: Agent30(35->34)
 00:01:59 | WARNING! Aborting CBS - could not obtain an initial solution for the following agents: Agent30(35->34)
 00:02:00 | WARNING! Aborting CBS - could not obtain an initial solution for the following agents: Agent30(35->34)
 00:02:00 | 00:04:08 | 0.02:36:21 |  32.58%  |  3630   |   3633   | 60%  |  82998   |   0    | 171.45MB  
 00:02:00 | WARNING! Aborting CBS - could not obtain an initial solution for the following agents: Agent16(57->56)
 00:02:02 | WARNING! Aborting CBS - could not obtain an initial solution for the following agents: Agent26(25->24)
 00:02:02 | WARNING! Aborting CBS - could not obtain an initial solution for the following agents: Agent26(25->24)
 00:02:05 | 00:04:00 | 0.02:44:23 |  34.25%  |  3810   |   3821   | 60%  |  87333   |   0    | 170.34MB  
 00:02:10 | 00:03:48 | 0.02:53:51 |  36.22%  |  4028   |   4043   | 60%  |  92383   |   0    | 168.61MB  
 00:02:11 | WARNING! Aborting CBS - could not obtain an initial solution for the following agents: Agent16(56->55)
 00:02:11 | WARNING! Aborting CBS - could not obtain an initial solution for the following agents: Agent16(56->55)
 00:02:11 | WARNING! Aborting CBS - could not obtain an initial solution for the following agents: Agent16(56->55)
 00:02:12 | WARNING! Aborting CBS - could not obtain an initial solution for the following agents: Agent10(41->40)
 00:02:14 | WARNING! Aborting CBS - could not obtain an initial solution for the following agents: Agent19(3->1)
 00:02:14 | WARNING! Aborting CBS - could not obtain an initial solution for the following agents: Agent19(3->1)
 00:02:14 | WARNING! Aborting CBS - could not obtain an initial solution for the following agents: Agent19(3->2)
 00:02:14 | WARNING! Aborting CBS - could not obtain an initial solution for the following agents: Agent19(3->2)
 00:02:14 | WARNING! Aborting CBS - could not obtain an initial solution for the following agents: Agent19(3->2)
 00:02:15 | 00:03:41 | 0.03:01:40 |  37.85%  |  4211   |   4227   | 60%  |  96478   |   0    | 169.85MB  
 00:02:16 | WARNING! Aborting CBS - could not obtain an initial solution for the following agents: Agent25(3->1)
 00:02:16 | WARNING! Aborting CBS - could not obtain an initial solution for the following agents: Agent25(3->1)
 00:02:16 | WARNING! Aborting CBS - could not obtain an initial solution for the following agents: Agent25(3->1)
 00:02:19 | WARNING! Aborting CBS - could not obtain an initial solution for the following agents: Agent5(57->56)
 00:02:20 | 00:03:28 | 0.03:12:36 |  40.13%  |  4466   |   4482   | 60%  |  102540  |   0    | 169.93MB  
 00:02:21 | WARNING! Aborting CBS - could not obtain an initial solution for the following agents: Agent7(57->56)
 00:02:21 | WARNING! Aborting CBS - could not obtain an initial solution for the following agents: Agent28(41->40)
 00:02:21 | WARNING! Aborting CBS - could not obtain an initial solution for the following agents: Agent28(41->40)
 00:02:22 | WARNING! Aborting CBS - could not obtain an initial solution for the following agents: Agent11(25->24)
 00:02:22 | WARNING! Aborting CBS - could not obtain an initial solution for the following agents: Agent11(25->24)
 00:02:25 | 00:03:14 | 0.03:24:53 |  42.69%  |  4753   |   4770   | 60%  |  108929  |   0    | 170.01MB  
 00:02:25 | WARNING! Aborting CBS - could not obtain an initial solution for the following agents: Agent4(8->7)
 00:02:25 | WARNING! Aborting CBS - could not obtain an initial solution for the following agents: Agent4(8->7)
 00:02:25 | WARNING! Aborting CBS - could not obtain an initial solution for the following agents: Agent4(8->7)
 00:02:30 | 00:03:04 | 0.03:35:01 |  44.80%  |  4989   |   5006   | 60%  |  114621  |   0    | 170.16MB  
 00:02:30 | WARNING! Aborting CBS - could not obtain an initial solution for the following agents: Agent19(9->8)
 00:02:30 | WARNING! Aborting CBS - could not obtain an initial solution for the following agents: Agent10(40->39)
 00:02:31 | WARNING! Aborting CBS - could not obtain an initial solution for the following agents: Agent29(57->56)
 00:02:32 | WARNING! Aborting CBS - could not obtain an initial solution for the following agents: Agent27(9->8)
 00:02:32 | WARNING! Aborting CBS - could not obtain an initial solution for the following agents: Agent11(25->24)
 00:02:32 | WARNING! Aborting CBS - could not obtain an initial solution for the following agents: Agent11(25->24)
 00:02:32 | WARNING! Aborting CBS - could not obtain an initial solution for the following agents: Agent11(25->24)
 00:02:34 | WARNING! Aborting CBS - could not obtain an initial solution for the following agents: Agent2(25->24)
 00:02:35 | 00:02:53 | 0.03:46:24 |  47.17%  |  5255   |   5274   | 60%  |  120639  |   0    | 171.17MB  
 00:02:37 | WARNING! Aborting CBS - could not obtain an initial solution for the following agents: Agent26(25->24)
 00:02:37 | WARNING! Aborting CBS - could not obtain an initial solution for the following agents: Agent19(9->8)
 00:02:37 | WARNING! Aborting CBS - could not obtain an initial solution for the following agents: Agent8(41->40)
 00:02:40 | 00:02:44 | 0.03:56:33 |  49.28%  |  5493   |   5511   | 60%  |  125772  |   0    | 170.28MB  
 00:02:40 | WARNING! Aborting CBS - could not obtain an initial solution for the following agents: Agent0(25->24)
 00:02:40 | WARNING! Aborting CBS - could not obtain an initial solution for the following agents: Agent0(25->24)
 00:02:40 | WARNING! Aborting CBS - could not obtain an initial solution for the following agents: Agent26(25->24)
 00:02:42 | WARNING! Aborting CBS - could not obtain an initial solution for the following agents: Agent14(3->2)
 00:02:42 | WARNING! Aborting CBS - could not obtain an initial solution for the following agents: Agent14(3->2)
 00:02:42 | WARNING! Aborting CBS - could not obtain an initial solution for the following agents: Agent14(3->2)
 00:02:45 | 00:02:38 | 0.04:04:36 |  50.96%  |  5680   |   5701   | 60%  |  130683  |   0    | 169.88MB  
 00:02:50 | 00:02:30 | 0.04:14:57 |  53.12%  |  5921   |   5943   | 60%  |  136444  |   0    | 170.06MB  
 00:02:52 | WARNING! Aborting CBS - could not obtain an initial solution for the following agents: Agent9(57->49)
 00:02:52 | WARNING! Aborting CBS - could not obtain an initial solution for the following agents: Agent9(57->50)
 00:02:52 | WARNING! Aborting CBS - could not obtain an initial solution for the following agents: Agent9(57->50)
 00:02:52 | WARNING! Aborting CBS - could not obtain an initial solution for the following agents: Agent9(57->51)
 00:02:52 | WARNING! Aborting CBS - could not obtain an initial solution for the following agents: Agent8(41->40)
 00:02:54 | WARNING! Aborting CBS - could not obtain an initial solution for the following agents: Agent25(3->1)
 00:02:54 | WARNING! Aborting CBS - could not obtain an initial solution for the following agents: Agent25(3->2)
 00:02:54 | WARNING! Aborting CBS - could not obtain an initial solution for the following agents: Agent25(3->2)
 00:02:55 | 00:02:23 | 0.04:23:58 |  55.00%  |  6131   |   6154   | 60%  |  141550  |   0    | 170.41MB  
 00:02:55 | WARNING! Aborting CBS - could not obtain an initial solution for the following agents: Agent8(41->40)
 00:02:55 | WARNING! Aborting CBS - could not obtain an initial solution for the following agents: Agent8(41->40)
 00:02:55 | WARNING! Aborting CBS - could not obtain an initial solution for the following agents: Agent9(57->56)
 00:02:57 | WARNING! Aborting CBS - could not obtain an initial solution for the following agents: Agent0(25->24)
 00:02:57 | WARNING! Aborting CBS - could not obtain an initial solution for the following agents: Agent4(9->8)
 00:02:59 | WARNING! Aborting CBS - could not obtain an initial solution for the following agents: Agent5(57->56)
 00:02:59 | WARNING! Aborting CBS - could not obtain an initial solution for the following agents: Agent30(41->40)
 00:02:59 | WARNING! Aborting CBS - could not obtain an initial solution for the following agents: Agent19(8->2)
 00:03:00 | 00:02:15 | 0.04:33:51 |  57.05%  |  6366   |   6387   | 60%  |  146831  |   0    | 171.14MB  
 00:03:03 | WARNING! Aborting CBS - could not obtain an initial solution for the following agents: Agent30(41->34)
 00:03:04 | WARNING! Aborting CBS - could not obtain an initial solution for the following agents: Agent26(25->24)
 00:03:05 | 00:02:04 | 0.04:46:46 |  59.74%  |  6670   |   6690   | 60%  |  153323  |   0    | 171.24MB  
 00:03:10 | 00:02:00 | 0.04:53:36 |  61.17%  |  6830   |   6850   | 60%  |  157161  |   0    | 172.05MB  
 00:03:10 | WARNING! Aborting CBS - could not obtain an initial solution for the following agents: Agent24(25->24)
 00:03:10 | WARNING! Aborting CBS - could not obtain an initial solution for the following agents: Agent24(25->24)
 00:03:10 | WARNING! Aborting CBS - could not obtain an initial solution for the following agents: Agent24(25->24)
 00:03:12 | WARNING! Aborting CBS - could not obtain an initial solution for the following agents: Agent1(9->2)
 00:03:12 | WARNING! Aborting CBS - could not obtain an initial solution for the following agents: Agent1(9->2)
 00:03:15 | 00:01:53 | 0.05:03:34 |  63.24%  |  7060   |   7082   | 60%  |  162513  |   0    | 171.61MB  
 00:03:16 | WARNING! Aborting CBS - could not obtain an initial solution for the following agents: Agent0(25->24)
 00:03:16 | WARNING! Aborting CBS - could not obtain an initial solution for the following agents: Agent0(25->24)
 00:03:20 | 00:01:46 | 0.05:13:26 |  65.30%  |  7291   |   7315   | 60%  |  167551  |   0    | 172.11MB  
 00:03:24 | WARNING! Aborting CBS - could not obtain an initial solution for the following agents: Agent4(8->2),Agent19(3->1)
 00:03:24 | WARNING! Aborting CBS - could not obtain an initial solution for the following agents: Agent19(3->2)
 00:03:25 | 00:01:41 | 0.05:20:39 |  66.80%  |  7460   |   7484   | 60%  |  171528  |   0    | 171.27MB  
 00:03:29 | WARNING! Aborting CBS - could not obtain an initial solution for the following agents: Agent1(9->8)
 00:03:30 | 00:01:32 | 0.05:33:13 |  69.42%  |  7754   |   7778   | 60%  |  177694  |   0    | 171.02MB  
 00:03:34 | WARNING! Aborting CBS - could not obtain an initial solution for the following agents: Agent8(41->40)
 00:03:35 | 00:01:24 | 0.05:44:26 |  71.76%  |  8017   |   8042   | 60%  |  183857  |   0    | 171.30MB  
 00:03:35 | WARNING! Aborting CBS - could not obtain an initial solution for the following agents: Agent2(26->25)
 00:03:35 | WARNING! Aborting CBS - could not obtain an initial solution for the following agents: Agent0(25->24)
 00:03:35 | WARNING! Aborting CBS - could not obtain an initial solution for the following agents: Agent0(25->24)
 00:03:35 | WARNING! Aborting CBS - could not obtain an initial solution for the following agents: Agent30(41->40)
 00:03:36 | WARNING! Aborting CBS - could not obtain an initial solution for the following agents: Agent16(59->50)
 00:03:36 | WARNING! Aborting CBS - could not obtain an initial solution for the following agents: Agent25(9->8)
 00:03:36 | WARNING! Aborting CBS - could not obtain an initial solution for the following agents: Agent25(9->8)
 00:03:36 | WARNING! Aborting CBS - could not obtain an initial solution for the following agents: Agent25(9->8)
 00:03:36 | WARNING! Aborting CBS - could not obtain an initial solution for the following agents: Agent19(3->1)
 00:03:38 | WARNING! Aborting CBS - could not obtain an initial solution for the following agents: Agent10(41->40)
 00:03:39 | WARNING! Aborting CBS - could not obtain an initial solution for the following agents: Agent25(9->8)
 00:03:40 | 00:01:17 | 0.05:55:14 |  74.01%  |  8268   |   8295   | 60%  |  189398  |   0    | 173.01MB  
 00:03:45 | 00:01:11 | 0.06:04:14 |  75.88%  |  8472   |   8506   | 60%  |  194351  |   0    | 172.29MB  
 00:03:46 | WARNING! Aborting CBS - could not obtain an initial solution for the following agents: Agent0(25->24)
 00:03:49 | WARNING! Aborting CBS - could not obtain an initial solution for the following agents: Agent1(9->8)
 00:03:50 | 00:01:05 | 0.06:13:58 |  77.91%  |  8697   |   8734   | 60%  |  199345  |   0    | 172.23MB  
 00:03:50 | WARNING! Aborting CBS - could not obtain an initial solution for the following agents: Agent19(9->8)
 00:03:50 | WARNING! Aborting CBS - could not obtain an initial solution for the following agents: Agent10(43->42)
 00:03:52 | WARNING! Aborting CBS - could not obtain an initial solution for the following agents: Agent11(25->24)
 00:03:52 | WARNING! Aborting CBS - could not obtain an initial solution for the following agents: Agent11(25->24)
 00:03:55 | 00:00:58 | 0.06:24:42 |  80.15%  |  8945   |   8986   | 60%  |  205080  |   0    | 172.89MB  
 00:03:58 | WARNING! Aborting CBS - could not obtain an initial solution for the following agents: Agent2(25->24)
 00:03:59 | WARNING! Aborting CBS - could not obtain an initial solution for the following agents: Agent25(9->8)
 00:03:59 | WARNING! Aborting CBS - could not obtain an initial solution for the following agents: Agent25(9->8)
 00:04:00 | 00:00:51 | 0.06:35:47 |  82.46%  |  9204   |   9246   | 60%  |  211052  |   0    | 172.84MB  
 00:04:01 | WARNING! Aborting CBS - could not obtain an initial solution for the following agents: Agent14(9->8)
 00:04:02 | WARNING! Aborting CBS - could not obtain an initial solution for the following agents: Agent7(57->56)
 00:04:02 | WARNING! Aborting CBS - could not obtain an initial solution for the following agents: Agent7(57->56)
 00:04:03 | WARNING! Aborting CBS - could not obtain an initial solution for the following agents: Agent19(8->1),Agent25(3->0)
 00:04:03 | WARNING! Aborting CBS - could not obtain an initial solution for the following agents: Agent19(8->1),Agent25(3->0)
 00:04:03 | WARNING! Aborting CBS - could not obtain an initial solution for the following agents: Agent19(8->1),Agent25(3->0)
 00:04:03 | WARNING! Aborting CBS - could not obtain an initial solution for the following agents: Agent19(8->3),Agent25(3->2)
 00:04:03 | WARNING! Aborting CBS - could not obtain an initial solution for the following agents: Agent19(8->3),Agent25(3->2)
 00:04:04 | WARNING! Aborting CBS - could not obtain an initial solution for the following agents: Agent0(27->26)
 00:04:04 | WARNING! Aborting CBS - could not obtain an initial solution for the following agents: Agent0(27->26)
 00:04:05 | 00:00:42 | 0.06:48:24 |  85.08%  |  9499   |   9539   | 60%  |  217557  |   0    | 172.41MB  
 00:04:10 | 00:00:36 | 0.06:58:50 |  87.26%  |  9739   |   9786   | 60%  |  223144  |   0    | 173.12MB  
 00:04:15 | 00:00:30 | 0.07:08:32 |  89.28%  |  9965   |  10014   | 60%  |  228008  |   0    | 173.01MB  
 00:04:15 | WARNING! Aborting CBS - could not obtain an initial solution for the following agents: Agent9(57->49)
 00:04:15 | WARNING! Aborting CBS - could not obtain an initial solution for the following agents: Agent9(57->49)
 00:04:15 | WARNING! Aborting CBS - could not obtain an initial solution for the following agents: Agent9(57->50)
 00:04:15 | WARNING! Aborting CBS - could not obtain an initial solution for the following agents: Agent9(57->50)
 00:04:15 | WARNING! Aborting CBS - could not obtain an initial solution for the following agents: Agent9(57->51)
 00:04:19 | WARNING! Aborting CBS - could not obtain an initial solution for the following agents: Agent16(57->56)
 00:04:20 | WARNING! Aborting CBS - could not obtain an initial solution for the following agents: Agent25(2->1)
 00:04:20 | 00:00:25 | 0.07:16:33 |  90.95%  |  10145  |  10201   | 60%  |  232469  |   0    | 172.54MB  
 00:04:20 | WARNING! Aborting CBS - could not obtain an initial solution for the following agents: Agent19(9->8)
 00:04:22 | WARNING! Aborting CBS - could not obtain an initial solution for the following agents: Agent29(57->56)
 00:04:25 | 00:00:18 | 0.07:28:48 |  93.50%  |  10431  |  10487   | 60%  |  238735  |   0    | 172.95MB  
 00:04:25 | WARNING! Aborting CBS - could not obtain an initial solution for the following agents: Agent7(58->57)
 00:04:26 | WARNING! Aborting CBS - could not obtain an initial solution for the following agents: Agent7(58->57)
 00:04:26 | WARNING! Aborting CBS - could not obtain an initial solution for the following agents: Agent7(58->57)
 00:04:26 | WARNING! Aborting CBS - could not obtain an initial solution for the following agents: Agent29(57->56)
 00:04:30 | 00:00:12 | 0.07:38:42 |  95.57%  |  10663  |  10720   | 60%  |  244196  |   0    | 173.12MB  
 00:04:30 | WARNING! Aborting CBS - could not obtain an initial solution for the following agents: Agent21(35->34)
 00:04:34 | WARNING! Aborting CBS - could not obtain an initial solution for the following agents: Agent11(25->24)
 00:04:35 | 00:00:06 | 0.07:48:44 |  97.66%  |  10894  |  10954   | 60%  |  249560  |   0    | 173.18MB  
 00:04:40 | 00:00:05 | 0.07:50:00 |  97.92%  |  10925  |  10984   | 60%  |  250403  |   0    | 178.40MB  
 00:04:45 | 00:00:05 | 0.07:50:15 |  97.97%  |  10928  |  10990   | 60%  |  250589  |   0    | 177.40MB  
 00:04:46 | WARNING! Aborting CBS - could not obtain an initial solution for the following agents: Agent24(25->24)
 00:04:50 | 00:00:02 | 0.07:55:50 |  99.13%  |  11057  |  11119   | 60%  |  253854  |   0    | 177.57MB  
 00:04:52 | WARNING! Aborting CBS - could not obtain an initial solution for the following agents: Agent5(56->55)
 00:04:52 | WARNING! Aborting CBS - could not obtain an initial solution for the following agents: Agent5(56->55)
 00:04:52 | 00:00:00 | 0.08:00:00 | 100.00%  |  11154  |  11218   | 60%  |  256173  |   0    | 177.96MB  
 00:04:52 | >>> Simulation finished - writing results ...
 00:04:53 | >>> Results written
Simulation finished.
>>> Timings
StatTimingPathPlanningAverage: 0.014496561092736244
StatTimingPathPlanningOverall: 227.91493349999922
StatTimingPathPlanningCount: 15722
StatTimingTaskAllocationAverage: 0.0015651990211556536
StatTimingTaskAllocationOverall: 24.784926499999774
StatTimingTaskAllocationCount: 15835
StatTimingItemStorageAverage: 3.985116153430689E-06
StatTimingItemStorageOverall: 0.04425870000000123
StatTimingItemStorageCount: 11106
StatTimingPodStorageAverage: 0.0019315806176084108
StatTimingPodStorageOverall: 5.8797314000000025
StatTimingPodStorageCount: 3044
StatTimingReplenishmentBatchingAverage: 8.457549085985104E-06
StatTimingReplenishmentBatchingOverall: 0.09993439999999999
StatTimingReplenishmentBatchingCount: 11816
StatTimingOrderBatchingAverage: 0.00011086949113515967
StatTimingOrderBatchingOverall: 3.370543399999989
StatTimingOrderBatchingCount: 30401
>>> Overall
StatOverallBundlesPlaced: 15213
StatOverallItemsOrdered: 11198
StatOverallOrdersPlaced: 11198
StatOverallBundlesRejected: 0
StatOverallOrdersRejected: 0
StatOverallBundlesHandled: 11218
StatOverallItemsHandled: 11158
StatOverallLinesHandled: 11158
StatOverallOrdersHandled: 11154
StatOverallCollisions: 0
StatOverallDistanceTraveled: 256173.13799837066
StatOverallDistanceEstimated: 236069
StatOverallAssignedTasks: 15835
StatMaxMemoryUsed: 178.484375
StatRealTimeUsed: 292.5131786
StatAverageTurnoverTime: 367.8275232026375
StatMedianTurnoverTime: 213.4514132797558
StatLowerQuartileTurnoverTime: 122.82305595726939
StatUpperQuartileTurnoverTime: 488.2280815342383
StatAverageThroughputTime: 114.16576075702817
StatMedianThroughputTime: 120.92111510929408
StatLowerQuartileThroughputTime: 80.8219480409025
StatUpperQuartileThroughputTime: 141.97417426130596
>>> Energy (Rizqi model)
StatEnergyTotalKJ: 19647.245094789345
StatEnergyE1AccelKJ: 5361.344827749978
StatEnergyE2DecelKJ: 0
StatEnergyE3CruiseKJ: 9642.907666000005
StatEnergyE4RotationKJ: 3819.8723832615406
StatEnergyE5LiftLowerKJ: 823.1202177777781
StatEnergyPerOrderKJ: 1.761452850528003
StatEnergyPerMeterJoule: 76.67456972233023
StatDistanceTraveledRizqiM: 256242
>>> Motion Behavior
StatTurningCount: 32294
StatStopAndGoCount: 43862
StatLoadedDistanceM: 172748
StatLoadedTurningCount: 23596
StatWaitTimeSec: 608058.2024685636
StatMoveEnergyEmptyKJ: 4278.780074999999
StatMoveTimeEmptySec: 83042.63703569671
StatTurnEnergyEmptyKJ: 893.5728815917093
StatTurnTimeEmptySec: 5865.246189594582
StatMoveEnergyLoadedKJ: 10725.472418749983
StatMoveTimeLoadedSec: 201901.23485786477
StatTurnEnergyLoadedKJ: 2926.2995016698537
StatTurnTimeLoadedSec: 14963.037233816201
StatPrefEmptyW: 58.176539233141334
StatPrefLoadedW: 62.950765419987896

Marked tag finished after 1 tries!
.Fin. - SUCCESS
