<<< Welcome to the RAWSimO CLI >>>
The time is: 04/14/2026 14:06:07
Starting RAWSimO wrapper with the following arguments:
Instance: Material/Instances/PP/1-4-4-32-550.xinst
Setting: Material/Instances/PP/PPMinimal.xsett
ControlConfig: Material/Instances/PP/aesop-cbs.xconf
StatisticsDir: C:\Users\Aesop\Desktop\rawsim-o-rmfs-world-models\output_pref\seed_5
Seed: 5
Adding handler for unhandled exceptions ...
Initializing ... 
Instance recognized!
Parsing setting config ...
Parsing control config ...
Parsing instance ...
StatisticsFolder: 1-4-4-32-550-PPMinimal-aesop-cbs-5
Done!
Executing ... 
 14:06:09 | >>> Warming up ...
 00:00:00 | >>> Warmup finished - starting simulation ...
 Realtime |   ETA    |  Sim.Time  | Progress | #Orders | #Bundles | Inv. | Distance | #Coll. |   Memory    
 00:00:00 |   n/a    | 0.00:00:00 |  0.00%   |    0    |    0     | 60%  |    0     |   0    | 125.06MB  
 00:00:05 | 04:58:52 | 0.00:00:08 |  0.03%   |    0    |    0     | 60%  |   153    |   0    | 133.16MB  
 00:00:10 | 02:11:37 | 0.00:00:36 |  0.13%   |    0    |    0     | 60%  |   839    |   0    | 144.94MB  
 00:00:15 | 02:51:39 | 0.00:00:41 |  0.15%   |    0    |    0     | 60%  |   949    |   0    | 149.73MB  
 00:00:20 | 03:09:07 | 0.00:00:50 |  0.18%   |    2    |    0     | 60%  |   1142   |   0    | 156.22MB  
 00:00:25 | 03:34:32 | 0.00:00:55 |  0.19%   |    3    |    0     | 60%  |   1240   |   0    | 163.36MB  
 00:00:30 | 03:57:02 | 0.00:01:00 |  0.21%   |    4    |    0     | 60%  |   1340   |   0    | 168.46MB  
 00:00:31 | WARNING! Aborting CBS - could not obtain an initial solution for the following agents: Agent8(41->32)
 00:00:31 | WARNING! Aborting CBS - could not obtain an initial solution for the following agents: Agent8(41->32)
 00:00:31 | WARNING! Aborting CBS - could not obtain an initial solution for the following agents: Agent8(41->34)
 00:00:33 | WARNING! Aborting CBS - could not obtain an initial solution for the following agents: Agent27(1->0)
 00:00:33 | WARNING! Aborting CBS - could not obtain an initial solution for the following agents: Agent27(1->0)
 00:00:35 | 01:09:39 | 0.00:03:59 |  0.83%   |   74    |    65    | 60%  |   2645   |   0    | 171.68MB  
 00:00:35 | WARNING! Aborting CBS - could not obtain an initial solution for the following agents: Agent9(58->57)
 00:00:35 | WARNING! Aborting CBS - could not obtain an initial solution for the following agents: Agent9(58->57)
 00:00:35 | WARNING! Aborting CBS - could not obtain an initial solution for the following agents: Agent9(58->57)
 00:00:35 | WARNING! Aborting CBS - could not obtain an initial solution for the following agents: Agent5(57->56)
 00:00:35 | WARNING! Aborting CBS - could not obtain an initial solution for the following agents: Agent1(3->2)
 00:00:39 | WARNING! Aborting CBS - could not obtain an initial solution for the following agents: Agent10(40->39)
 00:00:39 | WARNING! Aborting CBS - could not obtain an initial solution for the following agents: Agent10(40->39)
 00:00:40 | 00:31:05 | 0.00:10:04 |  2.10%   |   216   |   208    | 60%  |   5127   |   0    | 171.59MB  
 00:00:41 | WARNING! Aborting CBS - could not obtain an initial solution for the following agents: Agent30(42->41)
 00:00:41 | WARNING! Aborting CBS - could not obtain an initial solution for the following agents: Agent30(42->41)
 00:00:43 | WARNING! Aborting CBS - could not obtain an initial solution for the following agents: Agent2(25->24)
 00:00:44 | WARNING! Aborting CBS - could not obtain an initial solution for the following agents: Agent9(57->56)
 00:00:44 | WARNING! Aborting CBS - could not obtain an initial solution for the following agents: Agent9(57->56)
 00:00:45 | 00:18:36 | 0.00:18:36 |  3.88%   |   416   |   406    | 60%  |   9216   |   0    | 170.10MB  
 00:00:50 | 00:13:29 | 0.00:27:54 |  5.82%   |   633   |   624    | 60%  |  13714   |   0    | 170.50MB  
 00:00:52 | WARNING! Aborting CBS - could not obtain an initial solution for the following agents: Agent7(57->56)
 00:00:54 | WARNING! Aborting CBS - could not obtain an initial solution for the following agents: Agent8(41->40)
 00:00:54 | WARNING! Aborting CBS - could not obtain an initial solution for the following agents: Agent1(9->8)
 00:00:54 | WARNING! Aborting CBS - could not obtain an initial solution for the following agents: Agent1(9->8)
 00:00:55 | 00:11:23 | 0.00:35:44 |  7.45%   |   817   |   809    | 60%  |  17786   |   0    | 170.17MB  
 00:00:57 | WARNING! Aborting CBS - could not obtain an initial solution for the following agents: Agent26(25->24)
 00:01:00 | 00:09:44 | 0.00:44:40 |  9.31%   |  1028   |   1017   | 60%  |  22140   |   0    | 169.21MB  
 00:01:03 | WARNING! Aborting CBS - could not obtain an initial solution for the following agents: Agent30(41->40)
 00:01:03 | WARNING! Aborting CBS - could not obtain an initial solution for the following agents: Agent30(41->40)
 00:01:03 | WARNING! Aborting CBS - could not obtain an initial solution for the following agents: Agent30(41->40)
 00:01:04 | WARNING! Aborting CBS - could not obtain an initial solution for the following agents: Agent27(8->7)
 00:01:05 | 00:08:35 | 0.00:53:46 |  11.20%  |  1236   |   1230   | 60%  |  27167   |   0    | 169.25MB  
 00:01:06 | WARNING! Aborting CBS - could not obtain an initial solution for the following agents: Agent30(41->40)
 00:01:08 | WARNING! Aborting CBS - could not obtain an initial solution for the following agents: Agent10(41->40)
 00:01:10 | 00:07:40 | 0.01:03:21 |  13.20%  |  1460   |   1454   | 60%  |  32617   |   0    | 169.93MB  
 00:01:12 | WARNING! Aborting CBS - could not obtain an initial solution for the following agents: Agent29(57->56)
 00:01:12 | WARNING! Aborting CBS - could not obtain an initial solution for the following agents: Agent29(57->56)
 00:01:13 | WARNING! Aborting CBS - could not obtain an initial solution for the following agents: Agent9(56->55)
 00:01:13 | WARNING! Aborting CBS - could not obtain an initial solution for the following agents: Agent9(56->55)
 00:01:13 | WARNING! Aborting CBS - could not obtain an initial solution for the following agents: Agent9(56->55)
 00:01:15 | 00:06:52 | 0.01:13:47 |  15.37%  |  1706   |   1698   | 60%  |  38130   |   0    | 170.20MB  
 00:01:16 | WARNING! Aborting CBS - could not obtain an initial solution for the following agents: Agent10(41->40)
 00:01:20 | 00:06:13 | 0.01:24:41 |  17.64%  |  1962   |   1953   | 60%  |  43911   |   0    | 170.21MB  
 00:01:22 | WARNING! Aborting CBS - could not obtain an initial solution for the following agents: Agent4(9->8)
 00:01:24 | WARNING! Aborting CBS - could not obtain an initial solution for the following agents: Agent28(41->40)
 00:01:24 | WARNING! Aborting CBS - could not obtain an initial solution for the following agents: Agent28(41->40)
 00:01:25 | 00:05:42 | 0.01:35:21 |  19.87%  |  2212   |   2203   | 60%  |  49682   |   0    | 169.52MB  
 00:01:27 | WARNING! Aborting CBS - could not obtain an initial solution for the following agents: Agent5(57->56)
 00:01:30 | 00:05:22 | 0.01:44:48 |  21.83%  |  2433   |   2424   | 60%  |  54763   |   0    | 169.75MB  
 00:01:30 | WARNING! Aborting CBS - could not obtain an initial solution for the following agents: Agent7(56->55)
 00:01:30 | WARNING! Aborting CBS - could not obtain an initial solution for the following agents: Agent7(56->55)
 00:01:30 | WARNING! Aborting CBS - could not obtain an initial solution for the following agents: Agent7(56->55)
 00:01:35 | 00:05:02 | 0.01:54:41 |  23.89%  |  2662   |   2655   | 60%  |  60509   |   0    | 170.27MB  
 00:01:36 | WARNING! Aborting CBS - could not obtain an initial solution for the following agents: Agent8(41->40)
 00:01:36 | WARNING! Aborting CBS - could not obtain an initial solution for the following agents: Agent8(41->40)
 00:01:37 | WARNING! Aborting CBS - could not obtain an initial solution for the following agents: Agent5(56->49)
 00:01:38 | WARNING! Aborting CBS - could not obtain an initial solution for the following agents: Agent5(57->56)
 00:01:38 | WARNING! Aborting CBS - could not obtain an initial solution for the following agents: Agent5(57->56)
 00:01:40 | 00:04:38 | 0.02:06:55 |  26.44%  |  2951   |   2941   | 60%  |  66655   |   0    | 169.84MB  
 00:01:40 | WARNING! Aborting CBS - could not obtain an initial solution for the following agents: Agent1(9->8)
 00:01:42 | WARNING! Aborting CBS - could not obtain an initial solution for the following agents: Agent5(57->56)
 00:01:43 | WARNING! Aborting CBS - could not obtain an initial solution for the following agents: Agent9(57->56)
 00:01:45 | 00:04:21 | 0.02:17:33 |  28.66%  |  3195   |   3190   | 60%  |  72325   |   0    | 170.20MB  
 00:01:45 | WARNING! Aborting CBS - could not obtain an initial solution for the following agents: Agent11(27->18)
 00:01:46 | WARNING! Aborting CBS - could not obtain an initial solution for the following agents: Agent14(8->1)
 00:01:46 | WARNING! Aborting CBS - could not obtain an initial solution for the following agents: Agent14(8->6)
 00:01:47 | WARNING! Aborting CBS - could not obtain an initial solution for the following agents: Agent25(9->8)
 00:01:47 | WARNING! Aborting CBS - could not obtain an initial solution for the following agents: Agent25(9->8)
 00:01:50 | 00:04:08 | 0.02:27:05 |  30.64%  |  3416   |   3413   | 60%  |  77352   |   0    | 171.16MB  
 00:01:51 | WARNING! Aborting CBS - could not obtain an initial solution for the following agents: Agent14(8->1)
 00:01:51 | WARNING! Aborting CBS - could not obtain an initial solution for the following agents: Agent14(8->2)
 00:01:51 | WARNING! Aborting CBS - could not obtain an initial solution for the following agents: Agent27(9->8)
 00:01:51 | WARNING! Aborting CBS - could not obtain an initial solution for the following agents: Agent27(9->8)
 00:01:54 | WARNING! Aborting CBS - could not obtain an initial solution for the following agents: Agent10(41->40)
 00:01:54 | WARNING! Aborting CBS - could not obtain an initial solution for the following agents: Agent10(41->40)
 00:01:55 | 00:03:56 | 0.02:37:05 |  32.73%  |  3650   |   3648   | 60%  |  82639   |   0    | 172.26MB  
 00:02:00 | 00:03:43 | 0.02:47:37 |  34.92%  |  3893   |   3895   | 60%  |  88278   |   0    | 170.53MB  
 00:02:02 | WARNING! Aborting CBS - could not obtain an initial solution for the following agents: Agent24(25->24)
 00:02:02 | WARNING! Aborting CBS - could not obtain an initial solution for the following agents: Agent4(9->8)
 00:02:02 | WARNING! Aborting CBS - could not obtain an initial solution for the following agents: Agent4(9->8)
 00:02:05 | 00:03:31 | 0.02:58:05 |  37.10%  |  4136   |   4140   | 60%  |  94253   |   0    | 170.98MB  
 00:02:09 | WARNING! Aborting CBS - could not obtain an initial solution for the following agents: Agent14(8->6)
 00:02:10 | 00:03:21 | 0.03:08:03 |  39.18%  |  4366   |   4373   | 60%  |  99422   |   0    | 170.73MB  
 00:02:15 | 00:03:18 | 0.03:14:32 |  40.53%  |  4517   |   4526   | 60%  |  103025  |   0    | 172.20MB  
 00:02:19 | WARNING! Aborting CBS - could not obtain an initial solution for the following agents: Agent21(41->40)
 00:02:19 | WARNING! Aborting CBS - could not obtain an initial solution for the following agents: Agent27(8->7)
 00:02:19 | WARNING! Aborting CBS - could not obtain an initial solution for the following agents: Agent27(8->7)
 00:02:20 | 00:03:08 | 0.03:24:33 |  42.62%  |  4751   |   4761   | 60%  |  108547  |   0    | 171.99MB  
 00:02:21 | WARNING! Aborting CBS - could not obtain an initial solution for the following agents: Agent14(2->1)
 00:02:23 | WARNING! Aborting CBS - could not obtain an initial solution for the following agents: Agent16(57->50)
 00:02:23 | WARNING! Aborting CBS - could not obtain an initial solution for the following agents: Agent16(57->50)
 00:02:25 | 00:03:02 | 0.03:32:18 |  44.23%  |  4927   |   4942   | 60%  |  113163  |   0    | 171.89MB  
 00:02:27 | WARNING! Aborting CBS - could not obtain an initial solution for the following agents: Agent14(9->8)
 00:02:27 | WARNING! Aborting CBS - could not obtain an initial solution for the following agents: Agent14(9->8)
 00:02:28 | WARNING! Aborting CBS - could not obtain an initial solution for the following agents: Agent11(27->26)
 00:02:28 | WARNING! Aborting CBS - could not obtain an initial solution for the following agents: Agent11(27->25)
 00:02:28 | WARNING! Aborting CBS - could not obtain an initial solution for the following agents: Agent11(27->25)
 00:02:28 | WARNING! Aborting CBS - could not obtain an initial solution for the following agents: Agent11(27->26)
 00:02:28 | WARNING! Aborting CBS - could not obtain an initial solution for the following agents: Agent11(27->26)
 00:02:30 | 00:02:53 | 0.03:42:38 |  46.38%  |  5167   |   5184   | 60%  |  118796  |   0    | 172.89MB  
 00:02:30 | WARNING! Aborting CBS - could not obtain an initial solution for the following agents: Agent26(24->23)
 00:02:30 | WARNING! Aborting CBS - could not obtain an initial solution for the following agents: Agent26(24->23)
 00:02:30 | WARNING! Aborting CBS - could not obtain an initial solution for the following agents: Agent10(41->40)
 00:02:30 | WARNING! Aborting CBS - could not obtain an initial solution for the following agents: Agent10(41->40)
 00:02:31 | WARNING! Aborting CBS - could not obtain an initial solution for the following agents: Agent29(56->55)
 00:02:31 | WARNING! Aborting CBS - could not obtain an initial solution for the following agents: Agent29(56->55)
 00:02:33 | WARNING! Aborting CBS - could not obtain an initial solution for the following agents: Agent16(57->54)
 00:02:35 | 00:02:44 | 0.03:52:56 |  48.53%  |  5399   |   5425   | 60%  |  124663  |   0    | 172.62MB  
 00:02:37 | WARNING! Aborting CBS - could not obtain an initial solution for the following agents: Agent26(25->24)
 00:02:37 | WARNING! Aborting CBS - could not obtain an initial solution for the following agents: Agent26(25->24)
 00:02:37 | WARNING! Aborting CBS - could not obtain an initial solution for the following agents: Agent26(25->24)
 00:02:37 | WARNING! Aborting CBS - could not obtain an initial solution for the following agents: Agent26(25->24)
 00:02:39 | WARNING! Aborting CBS - could not obtain an initial solution for the following agents: Agent9(58->57)
 00:02:39 | WARNING! Aborting CBS - could not obtain an initial solution for the following agents: Agent9(58->57)
 00:02:39 | WARNING! Aborting CBS - could not obtain an initial solution for the following agents: Agent9(58->57)
 00:02:40 | 00:02:35 | 0.04:03:19 |  50.69%  |  5643   |   5669   | 60%  |  130291  |   0    | 171.39MB  
 00:02:40 | WARNING! Aborting CBS - could not obtain an initial solution for the following agents: Agent24(25->24)
 00:02:40 | WARNING! Aborting CBS - could not obtain an initial solution for the following agents: Agent24(25->24)
 00:02:40 | WARNING! Aborting CBS - could not obtain an initial solution for the following agents: Agent24(25->24)
 00:02:45 | 00:02:25 | 0.04:14:58 |  53.12%  |  5915   |   5942   | 60%  |  137061  |   0    | 171.66MB  
 00:02:46 | WARNING! Aborting CBS - could not obtain an initial solution for the following agents: Agent26(25->24)
 00:02:46 | WARNING! Aborting CBS - could not obtain an initial solution for the following agents: Agent26(25->24)
 00:02:46 | WARNING! Aborting CBS - could not obtain an initial solution for the following agents: Agent26(25->24)
 00:02:50 | 00:02:16 | 0.04:26:27 |  55.51%  |  6183   |   6211   | 60%  |  142990  |   0    | 173.38MB  
 00:02:51 | WARNING! Aborting CBS - could not obtain an initial solution for the following agents: Agent29(57->50)
 00:02:52 | WARNING! Aborting CBS - could not obtain an initial solution for the following agents: Agent14(9->8)
 00:02:52 | WARNING! Aborting CBS - could not obtain an initial solution for the following agents: Agent14(9->8)
 00:02:52 | WARNING! Aborting CBS - could not obtain an initial solution for the following agents: Agent5(57->56)
 00:02:52 | WARNING! Aborting CBS - could not obtain an initial solution for the following agents: Agent5(57->56)
 00:02:52 | WARNING! Aborting CBS - could not obtain an initial solution for the following agents: Agent5(57->56)
 00:02:52 | WARNING! Aborting CBS - could not obtain an initial solution for the following agents: Agent29(57->56)
 00:02:55 | 00:02:08 | 0.04:36:32 |  57.61%  |  6415   |   6447   | 60%  |  148325  |   0    | 171.69MB  
 00:03:00 | 00:02:02 | 0.04:45:53 |  59.56%  |  6632   |   6667   | 60%  |  153447  |   0    | 171.84MB  
 00:03:05 | 00:01:55 | 0.04:55:56 |  61.65%  |  6862   |   6901   | 60%  |  159022  |   0    | 171.51MB  
 00:03:10 | 00:01:49 | 0.05:04:05 |  63.35%  |  7053   |   7094   | 60%  |  163353  |   0    | 171.53MB  
 00:03:10 | WARNING! Aborting CBS - could not obtain an initial solution for the following agents: Agent10(41->40)
 00:03:10 | WARNING! Aborting CBS - could not obtain an initial solution for the following agents: Agent2(25->24)
 00:03:11 | WARNING! Aborting CBS - could not obtain an initial solution for the following agents: Agent2(25->24)
 00:03:13 | WARNING! Aborting CBS - could not obtain an initial solution for the following agents: Agent9(59->58)
 00:03:14 | WARNING! Aborting CBS - could not obtain an initial solution for the following agents: Agent27(3->2)
 00:03:15 | 00:01:40 | 0.05:16:38 |  65.97%  |  7344   |   7387   | 60%  |  169971  |   0    | 172.06MB  
 00:03:15 | WARNING! Aborting CBS - could not obtain an initial solution for the following agents: Agent25(9->8)
 00:03:17 | WARNING! Aborting CBS - could not obtain an initial solution for the following agents: Agent5(57->56)
 00:03:20 | 00:01:34 | 0.05:26:20 |  67.99%  |  7572   |   7615   | 60%  |  174903  |   0    | 172.86MB  
 00:03:21 | WARNING! Aborting CBS - could not obtain an initial solution for the following agents: Agent2(24->23)
 00:03:21 | WARNING! Aborting CBS - could not obtain an initial solution for the following agents: Agent2(24->23)
 00:03:22 | WARNING! Aborting CBS - could not obtain an initial solution for the following agents: Agent29(56->55)
 00:03:24 | WARNING! Aborting CBS - could not obtain an initial solution for the following agents: Agent1(9->8)
 00:03:25 | 00:01:29 | 0.05:34:25 |  69.67%  |  7759   |   7804   | 60%  |  179763  |   0    | 171.40MB  
 00:03:26 | WARNING! Aborting CBS - could not obtain an initial solution for the following agents: Agent27(9->8)
 00:03:30 | 00:01:23 | 0.05:43:30 |  71.57%  |  7972   |   8016   | 60%  |  185009  |   0    | 171.39MB  
 00:03:32 | WARNING! Aborting CBS - could not obtain an initial solution for the following agents: Agent26(25->24)
 00:03:32 | WARNING! Aborting CBS - could not obtain an initial solution for the following agents: Agent26(25->24)
 00:03:32 | WARNING! Aborting CBS - could not obtain an initial solution for the following agents: Agent26(25->24)
 00:03:32 | WARNING! Aborting CBS - could not obtain an initial solution for the following agents: Agent28(41->40)
 00:03:32 | WARNING! Aborting CBS - could not obtain an initial solution for the following agents: Agent28(41->40)
 00:03:34 | WARNING! Aborting CBS - could not obtain an initial solution for the following agents: Agent27(8->1)
 00:03:34 | WARNING! Aborting CBS - could not obtain an initial solution for the following agents: Agent27(8->2)
 00:03:34 | WARNING! Aborting CBS - could not obtain an initial solution for the following agents: Agent27(8->2)
 00:03:35 | 00:01:14 | 0.05:56:43 |  74.32%  |  8280   |   8326   | 60%  |  191993  |   0    | 172.50MB  
 00:03:37 | WARNING! Aborting CBS - could not obtain an initial solution for the following agents: Agent5(58->50)
 00:03:38 | WARNING! Aborting CBS - could not obtain an initial solution for the following agents: Agent14(9->8)
 00:03:38 | WARNING! Aborting CBS - could not obtain an initial solution for the following agents: Agent21(42->41)
 00:03:40 | 00:01:07 | 0.06:06:59 |  76.46%  |  8518   |   8567   | 60%  |  197822  |   0    | 174.87MB  
 00:03:41 | WARNING! Aborting CBS - could not obtain an initial solution for the following agents: Agent11(25->24)
 00:03:41 | WARNING! Aborting CBS - could not obtain an initial solution for the following agents: Agent11(25->24)
 00:03:45 | 00:01:00 | 0.06:17:40 |  78.68%  |  8767   |   8818   | 60%  |  203685  |   0    | 173.67MB  
 00:03:46 | WARNING! Aborting CBS - could not obtain an initial solution for the following agents: Agent5(57->56)
 00:03:48 | WARNING! Aborting CBS - could not obtain an initial solution for the following agents: Agent16(58->57)
 00:03:49 | WARNING! Aborting CBS - could not obtain an initial solution for the following agents: Agent28(41->40)
 00:03:50 | 00:00:54 | 0.06:27:52 |  80.81%  |  9006   |   9057   | 60%  |  209276  |   0    | 174.55MB  
 00:03:55 | 00:00:51 | 0.06:34:20 |  82.16%  |  9155   |   9209   | 60%  |  213037  |   0    | 174.07MB  
 00:03:56 | WARNING! Aborting CBS - could not obtain an initial solution for the following agents: Agent26(25->24)
 00:03:56 | WARNING! Aborting CBS - could not obtain an initial solution for the following agents: Agent26(25->24)
 00:03:56 | WARNING! Aborting CBS - could not obtain an initial solution for the following agents: Agent5(58->57)
 00:03:57 | WARNING! Aborting CBS - could not obtain an initial solution for the following agents: Agent19(3->2)
 00:03:57 | WARNING! Aborting CBS - could not obtain an initial solution for the following agents: Agent19(3->2)
 00:04:00 | 00:00:45 | 0.06:43:26 |  84.05%  |  9365   |   9421   | 60%  |  218426  |   0    | 174.56MB  
 00:04:00 | WARNING! Aborting CBS - could not obtain an initial solution for the following agents: Agent4(9->8)
 00:04:01 | WARNING! Aborting CBS - could not obtain an initial solution for the following agents: Agent8(41->40)
 00:04:02 | WARNING! Aborting CBS - could not obtain an initial solution for the following agents: Agent28(41->40)
 00:04:03 | WARNING! Aborting CBS - could not obtain an initial solution for the following agents: Agent21(40->34)
 00:04:04 | WARNING! Aborting CBS - could not obtain an initial solution for the following agents: Agent21(40->34)
 00:04:05 | 00:00:40 | 0.06:51:39 |  85.76%  |  9551   |   9611   | 60%  |  223209  |   0    | 174.30MB  
 00:04:05 | WARNING! Aborting CBS - could not obtain an initial solution for the following agents: Agent0(25->24)
 00:04:05 | WARNING! Aborting CBS - could not obtain an initial solution for the following agents: Agent0(25->24)
 00:04:10 | 00:00:35 | 0.07:00:48 |  87.67%  |  9763   |   9826   | 60%  |  228406  |   0    | 174.58MB  
 00:04:10 | WARNING! Aborting CBS - could not obtain an initial solution for the following agents: Agent21(41->40)
 00:04:10 | WARNING! Aborting CBS - could not obtain an initial solution for the following agents: Agent21(41->40)
 00:04:13 | WARNING! Aborting CBS - could not obtain an initial solution for the following agents: Agent11(25->24)
 00:04:13 | WARNING! Aborting CBS - could not obtain an initial solution for the following agents: Agent11(25->24)
 00:04:14 | WARNING! Aborting CBS - could not obtain an initial solution for the following agents: Agent19(9->8)
 00:04:15 | 00:00:30 | 0.07:09:01 |  89.38%  |  9951   |  10019   | 60%  |  232923  |   0    | 174.39MB  
 00:04:20 | 00:00:27 | 0.07:14:25 |  90.51%  |  10070  |  10144   | 60%  |  236105  |   0    | 175.18MB  
 00:04:21 | WARNING! Aborting CBS - could not obtain an initial solution for the following agents: Agent8(41->40)
 00:04:21 | WARNING! Aborting CBS - could not obtain an initial solution for the following agents: Agent8(41->40)
 00:04:25 | 00:00:24 | 0.07:19:10 |  91.49%  |  10180  |  10256   | 60%  |  238581  |   0    | 176.50MB  
 00:04:27 | WARNING! Aborting CBS - could not obtain an initial solution for the following agents: Agent5(56->55)
 00:04:27 | WARNING! Aborting CBS - could not obtain an initial solution for the following agents: Agent5(56->55)
 00:04:30 | 00:00:21 | 0.07:24:50 |  92.67%  |  10314  |  10388   | 60%  |  241499  |   0    | 175.00MB  
 00:04:32 | WARNING! Aborting CBS - could not obtain an initial solution for the following agents: Agent9(56->49)
 00:04:33 | WARNING! Aborting CBS - could not obtain an initial solution for the following agents: Agent7(57->54)
 00:04:33 | WARNING! Aborting CBS - could not obtain an initial solution for the following agents: Agent7(57->54)
 00:04:33 | WARNING! Aborting CBS - could not obtain an initial solution for the following agents: Agent7(57->55)
 00:04:33 | WARNING! Aborting CBS - could not obtain an initial solution for the following agents: Agent7(57->56)
 00:04:35 | 00:00:15 | 0.07:34:53 |  94.77%  |  10546  |  10624   | 60%  |  246731  |   0    | 174.19MB  
 00:04:36 | WARNING! Aborting CBS - could not obtain an initial solution for the following agents: Agent28(43->42)
 00:04:37 | WARNING! Aborting CBS - could not obtain an initial solution for the following agents: Agent1(8->7)
 00:04:38 | WARNING! Aborting CBS - could not obtain an initial solution for the following agents: Agent5(57->56)
 00:04:40 | 00:00:09 | 0.07:44:56 |  96.86%  |  10778  |  10860   | 60%  |  252152  |   0    | 174.32MB  
 00:04:45 | 00:00:03 | 0.07:53:30 |  98.65%  |  10973  |  11061   | 60%  |  256699  |   0    | 174.19MB  
 00:04:45 | WARNING! Aborting CBS - could not obtain an initial solution for the following agents: Agent5(57->50)
 00:04:45 | WARNING! Aborting CBS - could not obtain an initial solution for the following agents: Agent5(57->50)
 00:04:47 | WARNING! Aborting CBS - could not obtain an initial solution for the following agents: Agent1(8->7)
 00:04:48 | 00:00:00 | 0.08:00:00 | 100.00%  |  11125  |  11212   | 60%  |  260253  |   0    | 174.59MB  
 00:04:48 | >>> Simulation finished - writing results ...
 00:04:48 | >>> Results written
Simulation finished.
>>> Timings
StatTimingPathPlanningAverage: 0.014104382848564509
StatTimingPathPlanningOverall: 225.4867686000008
StatTimingPathPlanningCount: 15987
StatTimingTaskAllocationAverage: 0.0014105737822080128
StatTimingTaskAllocationOverall: 22.50006240000001
StatTimingTaskAllocationCount: 15951
StatTimingItemStorageAverage: 3.7543606733526033E-06
StatTimingItemStorageOverall: 0.04192870000000187
StatTimingItemStorageCount: 11168
StatTimingPodStorageAverage: 0.001884117777777777
StatTimingPodStorageOverall: 5.765400399999997
StatTimingPodStorageCount: 3060
StatTimingReplenishmentBatchingAverage: 8.39890184152727E-06
StatTimingReplenishmentBatchingOverall: 0.09942619999999981
StatTimingReplenishmentBatchingCount: 11838
StatTimingOrderBatchingAverage: 0.00010925884688586977
StatTimingOrderBatchingOverall: 3.3295540999999953
StatTimingOrderBatchingCount: 30474
>>> Overall
StatOverallBundlesPlaced: 15151
StatOverallItemsOrdered: 11170
StatOverallOrdersPlaced: 11170
StatOverallBundlesRejected: 0
StatOverallOrdersRejected: 0
StatOverallBundlesHandled: 11212
StatOverallItemsHandled: 11129
StatOverallLinesHandled: 11129
StatOverallOrdersHandled: 11125
StatOverallCollisions: 0
StatOverallDistanceTraveled: 260253.0522823762
StatOverallDistanceEstimated: 239805
StatOverallAssignedTasks: 15951
StatMaxMemoryUsed: 179.01171875
StatRealTimeUsed: 288.1905576
StatAverageTurnoverTime: 367.6843145562669
StatMedianTurnoverTime: 214.04816013631716
StatLowerQuartileTurnoverTime: 122.80353690889751
StatUpperQuartileTurnoverTime: 486.97085636273187
StatAverageThroughputTime: 114.44951545828388
StatMedianThroughputTime: 120.96288276029009
StatLowerQuartileThroughputTime: 81.07407647170112
StatUpperQuartileThroughputTime: 141.932229415145
>>> Energy (Rizqi model)
StatEnergyTotalKJ: 19915.658008063998
StatEnergyE1AccelKJ: 5418.534160999975
StatEnergyE2DecelKJ: 0
StatEnergyE3CruiseKJ: 9828.050148000008
StatEnergyE4RotationKJ: 3839.4436768417545
StatEnergyE5LiftLowerKJ: 829.6300222222226
StatEnergyPerOrderKJ: 1.7901715063428312
StatEnergyPerMeterJoule: 76.51510660687556
StatDistanceTraveledRizqiM: 260284
>>> Motion Behavior
StatTurningCount: 32466
StatStopAndGoCount: 44075
StatLoadedDistanceM: 174449
StatLoadedTurningCount: 23763
StatWaitTimeSec: 604487.3903934167
StatMoveEnergyEmptyKJ: 4411.167374999999
StatMoveTimeEmptySec: 84936.30758049713
StatTurnEnergyEmptyKJ: 891.7353574750663
StatTurnTimeEmptySec: 5815.584422208951
StatMoveEnergyLoadedKJ: 10835.41693399998
StatMoveTimeLoadedSec: 203456.67857661025
StatTurnEnergyLoadedKJ: 2947.7083193667104
StatTurnTimeLoadedSec: 15057.592864171074
StatPrefEmptyW: 58.432971648865916
StatPrefLoadedW: 63.07654489790155

Marked tag finished after 1 tries!
.Fin. - SUCCESS
